N.B. Configuration file /root/.GSASII/config.ini does not exist
======================================================================
Module pyspg in '/opt/g2/GSAS-II/GSASII-bin/linux_64_p3.13_n2.2' could not be loaded
error msg: /lib/x86_64-linux-gnu/libm.so.6: version `GLIBC_2.38' not found (required by /opt/g2/GSAS-II/GSASII-bin/linux_64_p3.13_n2.2/pyspg.cpython-313-x86_64-linux-gnu.so)
======================================================================
*** ERROR: Unable to find GSAS-II binaries. Much of GSAS-II cannot function
binary load error: pyspg not found
pypowder is not available - profile calcs. not allowed
pydiffax is not available for this platform
pypowder is not available - profile calcs. not allowed
lattice parameter range =     2.500  106.837
Zero = 0.0000 Nc/No max = 4  Max Nc = 80
cell search for  Orthorhombic-F
      M20  X20  Nc       a          b          c        alpha       beta      gamma     volume      V-test
     3.098  14   8   10.14615   11.26649   21.58722     90.000     90.000     90.000    2467.67    2667.97 Orthorhombic-F
     2.953   0  43    4.97837   42.63106   58.76240     90.000     90.000     90.000   12471.33    9210.57 Orthorhombic-F
     5.600   0  54    1.80459   35.73875   56.98586     90.000     90.000     90.000    3675.24   10131.63 Orthorhombic-F
     4.075   0  50   17.95945   23.85778   43.08525     90.000     90.000     90.000   18460.85   11144.79 Orthorhombic-F
     5.600   0  54    2.64735   35.73875   56.98586     90.000     90.000     90.000    5391.61   12259.27 Orthorhombic-F
     9.093   0  60    4.41679   50.64388   80.58011     90.000     90.000     90.000   18024.44   13485.19 Orthorhombic-F
     6.830   0  65    4.71120   50.62576   80.58533     90.000     90.000     90.000   19220.25   14833.71 Orthorhombic-F
     8.255   0  62    4.55378   50.61460   80.58644     90.000     90.000     90.000   18574.19   16317.09 Orthorhombic-F
     4.095   0  50    8.55013   43.05518   48.29393     90.000     90.000     90.000   17778.31   17948.79 Orthorhombic-F
     5.739   0  52   16.52810   28.96982   42.71423     90.000     90.000     90.000   20452.26   19743.67 Orthorhombic-F
Restart search, new Max Nc = 100
     2.858  14   8   11.28391   11.80823   21.58958     90.000     90.000     90.000    2876.66    2985.88 Orthorhombic-F
     5.600   0  54    1.90622   35.73875   56.98586     90.000     90.000     90.000    3882.21    7744.60 Orthorhombic-F
     3.016   0  50    6.00328   58.83960   42.64459     90.000     90.000     90.000   15063.38    9370.97 Orthorhombic-F
     5.600   0  54    1.97996   35.73875   56.98586     90.000     90.000     90.000    4032.40   10308.06 Orthorhombic-F
     3.322   0  53    7.09175   58.76841   42.58568     90.000     90.000     90.000   17748.47   11338.87 Orthorhombic-F
     4.427   0  46    5.23053   28.93571   85.62915     90.000     90.000     90.000   12959.89   12472.76 Orthorhombic-F
     4.095   0  50    8.55013   48.29393   43.05518     90.000     90.000     90.000   17778.31   13720.03 Orthorhombic-F
     4.095   0  50    8.55013   43.05518   48.29393     90.000     90.000     90.000   17778.31   15092.04 Orthorhombic-F
     8.636   0  74    5.54369   50.45542   80.58559     90.000     90.000     90.000   22540.53   16601.24 Orthorhombic-F
     4.418   0  76    5.55644   49.26712   86.87763     90.000     90.000     90.000   23782.73   18261.37 Orthorhombic-F
     4.183   0  76    5.55724   49.29724   86.70328     90.000     90.000     90.000   23752.94   18261.37 Orthorhombic-F
     9.475   0  77    5.77595   50.55935   80.60701     90.000     90.000     90.000   23539.51   20087.50 Orthorhombic-F
     7.570   0  81    6.37732   50.55565   80.60922     90.000     90.000     90.000   25989.20   22096.25 Orthorhombic-F
     6.601   0  98    2.14394   60.61214   64.01698     90.000     90.000     90.000    8318.94   24305.88 Orthorhombic-F
Restart search, new Max Nc = 120
     2.858  14   8   11.28391   11.80823   21.58958     90.000     90.000     90.000    2876.66    2714.44 Orthorhombic-F
     2.953   0  43    4.97837   58.76240   42.63106     90.000     90.000     90.000   12471.33    7744.60 Orthorhombic-F
     5.600   0  54    2.45263   35.73875   56.98586     90.000     90.000     90.000    4995.03   10308.06 Orthorhombic-F
     4.075   0  50   17.95945   23.85778   43.08525     90.000     90.000     90.000   18460.85   11338.87 Orthorhombic-F
     4.095   0  50    8.55013   48.29393   43.05518     90.000     90.000     90.000   17778.31   12472.76 Orthorhombic-F
     3.604   0  56    9.25988   23.78404   85.41197     90.000     90.000     90.000   18810.90   13720.03 Orthorhombic-F
     4.095   0  50    8.55013   43.05518   48.29393     90.000     90.000     90.000   17778.31   15092.04 Orthorhombic-F
     8.636   0  74    5.54369   50.45542   80.58559     90.000     90.000     90.000   22540.53   16601.24 Orthorhombic-F
     4.095   0  50    8.55013   43.05518   48.29393     90.000     90.000     90.000   17778.31   18261.37 Orthorhombic-F
     8.274   0  73   10.31312   42.77895   57.95485     90.000     90.000     90.000   25568.79   20087.50 Orthorhombic-F
     8.836   0  77    5.79999   50.56929   80.62092     90.000     90.000     90.000   23646.23   22096.25 Orthorhombic-F
    10.321   0  95    8.45175   50.45684   80.65952     90.000     90.000     90.000   34397.16   24305.88 Orthorhombic-F
     8.274   0  73   10.31312   42.77895   57.95485     90.000     90.000     90.000   25568.79   26736.47 Orthorhombic-F
Restart search, new Max Nc = 140
     2.016   1  40    6.64036   20.67340   85.89537     90.000     90.000     90.000   11791.61    8519.06 Orthorhombic-F
     3.215   0  53    6.96738   58.92812   42.56909     90.000     90.000     90.000   17477.78    9370.97 Orthorhombic-F
     5.600   0  54    1.85031   35.73875   56.98586     90.000     90.000     90.000    3768.34   10308.06 Orthorhombic-F
     4.427   0  46    5.23053   28.93571   85.62915     90.000     90.000     90.000   12959.89   11338.87 Orthorhombic-F
     2.863   0  41    6.00209   48.49707   43.04006     90.000     90.000     90.000   12528.27   12472.76 Orthorhombic-F
     3.078   0  42    6.47509   43.09478   48.54123     90.000     90.000     90.000   13545.07   13720.03 Orthorhombic-F
     2.521   0  41    6.16826   42.98002   48.57622     90.000     90.000     90.000   12878.13   13720.03 Orthorhombic-F
     4.075   0  50   17.95945   23.85778   43.08525     90.000     90.000     90.000   18460.85   15092.04 Orthorhombic-F
     4.095   0  50    8.55013   48.29393   43.05518     90.000     90.000     90.000   17778.31   16601.24 Orthorhombic-F
     4.095   0  50    8.55013   43.05518   48.29393     90.000     90.000     90.000   17778.31   18261.37 Orthorhombic-F
     7.862   0  74    5.35080   50.62912   80.60722     90.000     90.000     90.000   21837.01   20087.50 Orthorhombic-F
    11.052   0  82    6.55405   50.60780   80.51436     90.000     90.000     90.000   26705.49   22096.25 Orthorhombic-F
     7.874   0 109   17.21064   58.41477   42.71201     90.000     90.000     90.000   42940.74   24305.88 Orthorhombic-F
     6.788   0  77   12.74687   16.77576  127.05768     90.000     90.000     90.000   27169.82   26736.47 Orthorhombic-F
    14.756   0 138   43.20888   46.02868   28.99892     90.000     90.000     90.000   57674.45   29410.11 Orthorhombic-F
    15.866   0 122   11.16495   80.52539   50.49562     90.000     90.000     90.000   45398.70   32351.12 Orthorhombic-F
    15.866   0 122   11.16495   50.49562   80.52539     90.000     90.000     90.000   45398.70   35586.24 Orthorhombic-F
    13.763   0 107   14.55468   21.59703  128.23794     90.000     90.000     90.000   40310.03   39144.86 Orthorhombic-F
    18.856   0 129   35.29554   32.37076   48.04948     90.000     90.000     90.000   54898.62   43059.34 Orthorhombic-F
    11.999   0 122   20.21153   42.76830   58.09181     90.000     90.000     90.000   50215.30   47365.28 Orthorhombic-F
    18.856   0 129   35.29554   32.37076   48.04948     90.000     90.000     90.000   54898.62   52101.81 Orthorhombic-F
     9.871   0 135   17.69094   42.74695   72.00325     90.000     90.000     90.000   54451.28   57311.99 Orthorhombic-F
     9.667   0 138   28.79008   40.73825   50.80013     90.000     90.000     90.000   59581.31   63043.19 Orthorhombic-F
Restart search, new Max Nc = 160
     2.858  14   8   11.80823   11.28391   21.58958     90.000     90.000     90.000    2876.66    2714.44 Orthorhombic-F
     3.098  14   8   10.14615   11.26649   21.58722     90.000     90.000     90.000    2467.67    3612.91 Orthorhombic-F
     2.746   0  39    2.85480   14.12980   90.04931     90.000     90.000     90.000    3632.38    8519.06 Orthorhombic-F
     2.978   0  40    5.67710   48.47495   43.04710     90.000     90.000     90.000   11846.44    9370.97 Orthorhombic-F
     3.078   0  42    6.47509   48.54123   43.09478     90.000     90.000     90.000   13545.07   10308.06 Orthorhombic-F
     2.863   0  41    6.00209   48.49707   43.04006     90.000     90.000     90.000   12528.27   10308.06 Orthorhombic-F
     5.600   0  54    2.74752   35.73875   56.98586     90.000     90.000     90.000    5595.60   11338.87 Orthorhombic-F
     5.600   0  54    2.56933   35.73875   56.98586     90.000     90.000     90.000    5232.71   12472.76 Orthorhombic-F
     4.095   0  50    8.55013   48.29393   43.05518     90.000     90.000     90.000   17778.31   13720.03 Orthorhombic-F
     6.468   0  67    9.32244   58.60500   42.87689     90.000     90.000     90.000   23425.43   15092.04 Orthorhombic-F
     7.782   0  70    5.08419   50.60477   80.55882     90.000     90.000     90.000   20726.53   16601.24 Orthorhombic-F
     9.525   0  70    5.07077   50.61125   80.53525     90.000     90.000     90.000   20668.39   16601.24 Orthorhombic-F
     9.385   0  77    5.80959   50.57813   80.57352     90.000     90.000     90.000   23675.58   18261.37 Orthorhombic-F
     6.468   0  67    9.32244   42.87689   58.60500     90.000     90.000     90.000   23425.43   20087.50 Orthorhombic-F
     7.211   0  84    6.83021   50.41602   80.63284     90.000     90.000     90.000   27766.10   22096.25 Orthorhombic-F
     6.954   0  84    6.95185   50.44805   80.67099     90.000     90.000     90.000   28291.91   24305.88 Orthorhombic-F
    11.011   0  98   17.42352   16.66705  127.98914     90.000     90.000     90.000   37167.90   26736.47 Orthorhombic-F
    15.866   0 122   11.16495   80.52539   50.49562     90.000     90.000     90.000   45398.70   29410.11 Orthorhombic-F
    11.596   0 126   11.80959   80.70375   50.51381     90.000     90.000     90.000   48143.60   32351.12 Orthorhombic-F
    15.420   0 128   46.72410   32.56601   35.45939     90.000     90.000     90.000   53955.64   35586.24 Orthorhombic-F
    12.917   0 121   12.51026   53.67406   70.41491     90.000     90.000     90.000   47281.94   39144.86 Orthorhombic-F
finished cell search for Orthorhombic-F, elapsed time = 0: 0:25.94
cell search for  Orthorhombic-I
      M20  X20  Nc       a          b          c        alpha       beta      gamma     volume      V-test
     3.256   1  33    4.62563   40.52153   25.29144     90.000     90.000     90.000    4740.57    2425.43 Orthorhombic-I
     2.768   1  36    4.96807   40.55359   25.24905     90.000     90.000     90.000    5087.01    2667.97 Orthorhombic-I
     3.331   0  36    5.03686   40.74293   25.20342     90.000     90.000     90.000    5172.15    2934.77 Orthorhombic-I
     4.077   0  42    6.37042   40.66377   25.14267     90.000     90.000     90.000    6513.09    3228.25 Orthorhombic-I
     3.918   0  44    7.12419   40.70648   25.13354     90.000     90.000     90.000    7288.75    3906.18 Orthorhombic-I
     3.858   1  49    5.50289   13.17116   84.99593     90.000     90.000     90.000    6160.46    4726.48 Orthorhombic-I
     4.524   0  50   12.58318   16.75357   42.54326     90.000     90.000     90.000    8968.68    5199.13 Orthorhombic-I
     6.188   0  58    9.79102   40.75921   25.20392     90.000     90.000     90.000   10058.23    5719.04 Orthorhombic-I
     4.877   0  63   11.05944   40.95309   25.15985     90.000     90.000     90.000   11395.35    6290.94 Orthorhombic-I
     7.622   0  71   11.10846   23.99323   46.79462     90.000     90.000     90.000   12472.07    6920.04 Orthorhombic-I
    14.799   0  92    2.72799   51.13070   70.37982     90.000     90.000     90.000    9816.87    7612.04 Orthorhombic-I
    14.799   0  92    1.92898   51.13070   70.37982     90.000     90.000     90.000    6941.57    7612.04 Orthorhombic-I
     7.622   0  71   11.10846   23.99323   46.79462     90.000     90.000     90.000   12472.07    8373.25 Orthorhombic-I
    11.932   0  98   18.68022   39.78009   25.30314     90.000     90.000     90.000   18802.79    9210.57 Orthorhombic-I
     8.100   0  99   14.07833   23.25143   56.17290     90.000     90.000     90.000   18387.71   11144.79 Orthorhombic-I
    11.366   0 101   12.19832   22.46982   69.14270     90.000     90.000     90.000   18951.60   12259.27 Orthorhombic-I
    14.348   0  90   12.23776   22.79857   61.22827     90.000     90.000     90.000   17082.90   13485.19 Orthorhombic-I
    14.551   0 139    1.95977   66.23844   85.12986     90.000     90.000     90.000   11050.90   14833.71 Orthorhombic-I
    14.551   0 139    1.38577   66.23844   85.12986     90.000     90.000     90.000    7814.16   14833.71 Orthorhombic-I
    10.513   0 124   21.57748   24.01282   46.75307     90.000     90.000     90.000   24224.45   16317.09 Orthorhombic-I
    18.173   0 120    4.86942   51.12587   70.36117     90.000     90.000     90.000   17516.63   17948.79 Orthorhombic-I
    14.212   0 107   15.66992   23.12940   56.17958     90.000     90.000     90.000   20361.50   19743.67 Orthorhombic-I
    13.909   0 103   21.56436   27.20462   34.33189     90.000     90.000     90.000   20140.81   21718.04 Orthorhombic-I
    21.327   0 154    7.21965   51.14208   70.34484     90.000     90.000     90.000   25973.29   23889.85 Orthorhombic-I
Restart search, new Max Nc = 180
     3.331   0  36    5.03686   40.74293   25.20342     90.000     90.000     90.000    5172.15    2714.44 Orthorhombic-I
     4.077   0  42    6.37042   40.66377   25.14267     90.000     90.000     90.000    6513.09    3284.47 Orthorhombic-I
     4.653   0  42    2.01816   12.02045  127.97209     90.000     90.000     90.000    3104.49    3974.21 Orthorhombic-I
     4.653   0  42    1.42705   12.02045  127.97209     90.000     90.000     90.000    2195.21    3974.21 Orthorhombic-I
     3.574   0  51    8.49778   40.80844   25.06880     90.000     90.000     90.000    8693.39    4371.63 Orthorhombic-I
     3.918   0  44    7.12419   40.70648   25.13354     90.000     90.000     90.000    7288.75    4371.63 Orthorhombic-I
     4.524   0  50   12.58318   16.75357   42.54326     90.000     90.000     90.000    8968.68    4808.79 Orthorhombic-I
     6.188   0  58    9.79102   40.75921   25.20392     90.000     90.000     90.000   10058.23    5289.67 Orthorhombic-I
     4.877   0  63   11.05944   40.95309   25.15985     90.000     90.000     90.000   11395.35    5818.63 Orthorhombic-I
     6.188   0  58    9.79102   40.75921   25.20392     90.000     90.000     90.000   10058.23    5818.63 Orthorhombic-I
     7.622   0  71   11.10846   46.79462   23.99323     90.000     90.000     90.000   12472.07    6400.50 Orthorhombic-I
     7.622   0  71   11.10846   23.99323   46.79462     90.000     90.000     90.000   12472.07    7040.55 Orthorhombic-I
     8.646   0  89   12.25124   22.91629   59.04759     90.000     90.000     90.000   16577.79    8519.06 Orthorhombic-I
    10.737   0  75    4.91881   12.03115  170.82429     90.000     90.000     90.000   10109.21    9370.97 Orthorhombic-I
    11.932   0  98   18.68022   39.78009   25.30314     90.000     90.000     90.000   18802.79   10308.06 Orthorhombic-I
    10.854   0 138    4.99543   60.94459   68.43997     90.000     90.000     90.000   20836.15   11338.87 Orthorhombic-I
    14.348   0  90   12.23776   22.79857   61.22827     90.000     90.000     90.000   17082.90   12472.76 Orthorhombic-I
    12.988   0 117   13.24678   18.04091   85.53589     90.000     90.000     90.000   20441.70   13720.03 Orthorhombic-I
    13.909   0 103   21.56436   27.20462   34.33189     90.000     90.000     90.000   20140.81   16601.24 Orthorhombic-I
    14.212   0 107   15.66992   23.12940   56.17958     90.000     90.000     90.000   20361.50   20087.50 Orthorhombic-I
finished cell search for Orthorhombic-I, elapsed time = 0: 0:10.81
cell search for  Orthorhombic-A
      M20  X20  Nc       a          b          c        alpha       beta      gamma     volume      V-test
     3.057  13   8    7.10334    9.84961   15.32457     90.000     90.000     90.000    1072.19    1131.48 Orthorhombic-A
     2.959   1  33    4.51998   40.50935   25.27872     90.000     90.000     90.000    4628.57    2425.43 Orthorhombic-A
     3.951   0  37    5.08894   25.26626   40.53044     90.000     90.000     90.000    5211.34    2667.97 Orthorhombic-A
     5.654   0  37    5.08830   25.35837   40.47297     90.000     90.000     90.000    5222.27    2667.97 Orthorhombic-A
     2.311   1  43    6.18469   25.19560   40.54199     90.000     90.000     90.000    6317.53    3228.25 Orthorhombic-A
     2.774   0  38   42.51072    5.16283   23.88731     90.000     90.000     90.000    5242.68    3906.18 Orthorhombic-A
     3.225   0  42   21.51583    5.93166   48.40625     90.000     90.000     90.000    6177.82    4726.48 Orthorhombic-A
     4.916   0  62    2.07484   42.75159   58.22214     90.000     90.000     90.000    5164.46    5199.13 Orthorhombic-A
     4.916   0  62    1.46713   42.75159   58.22214     90.000     90.000     90.000    3651.82    5199.13 Orthorhombic-A
     7.943   0  61   21.37602    8.34986   58.35576     90.000     90.000     90.000   10415.74    5719.04 Orthorhombic-A
     5.340   0  70    1.63728   96.62820   28.52645     90.000     90.000     90.000    4513.11    6920.04 Orthorhombic-A
     5.340   0  70    1.15773   96.62820   28.52645     90.000     90.000     90.000    3191.25    6920.04 Orthorhombic-A
     4.834   0  55    9.02620   25.21014   40.60267     90.000     90.000     90.000    9239.21    7612.04 Orthorhombic-A
     6.446   0  56    9.08250   40.58567   25.23455     90.000     90.000     90.000    9301.95    8373.25 Orthorhombic-A
     8.255   0  66   40.29322   50.61460    4.66692     90.000     90.000     90.000    9517.83    9210.57 Orthorhombic-A
     9.636   0  62   42.80568   28.98795    8.61329     90.000     90.000     90.000   10687.80   10131.63 Orthorhombic-A
    12.048   0  78   14.54648   25.25077   40.32258     90.000     90.000     90.000   14810.88   11144.79 Orthorhombic-A
     7.646   0  73   10.08831   28.98765   42.79493     90.000     90.000     90.000   12514.79   12259.27 Orthorhombic-A
    18.052   0 149    6.54461   70.43439   51.12926     90.000     90.000     90.000   23568.84   13485.19 Orthorhombic-A
    13.027   0 106   40.27960    9.23611   50.46160     90.000     90.000     90.000   18773.07   14833.71 Orthorhombic-A
    12.108   0 170    6.93330   60.96955   68.60699     90.000     90.000     90.000   29001.54   16317.09 Orthorhombic-A
    13.637   0 132   29.05748   28.36105   32.40017     90.000     90.000     90.000   26700.99   17948.79 Orthorhombic-A
    23.530   0 168   30.33545   46.21672   24.06249     90.000     90.000     90.000   33735.72   19743.67 Orthorhombic-A
    17.700   0 154   64.09593   65.99217    5.59906     90.000     90.000     90.000   23683.08   21718.04 Orthorhombic-A
    22.650   0 173   32.36805   24.13142   45.95892     90.000     90.000     90.000   35897.90   23889.85 Orthorhombic-A
    10.396   0 169   14.56076   16.77196  128.38174     90.000     90.000     90.000   31352.43   26278.83 Orthorhombic-A
Restart search, new Max Nc = 200
     4.067   0  38    5.40462   40.52487   25.19354     90.000     90.000     90.000    5517.93    2985.88 Orthorhombic-A
     2.959   1  33    4.51998   40.50935   25.27872     90.000     90.000     90.000    4628.57    3284.47 Orthorhombic-A
     5.600   0  54   40.29509   35.73875    1.81313     90.000     90.000     90.000    2611.09    3612.91 Orthorhombic-A
     2.803   0  41   42.65524   23.78865    5.77346     90.000     90.000     90.000    5858.39    3974.21 Orthorhombic-A
     3.975   0  39    5.62127   25.19184   40.61248     90.000     90.000     90.000    5751.14    4371.63 Orthorhombic-A
     2.587   1  44    6.61614   40.50832   25.24819     90.000     90.000     90.000    6766.73    4808.79 Orthorhombic-A
     3.702   0  60   10.09491   25.10601   41.17967     90.000     90.000     90.000   10436.70    5289.67 Orthorhombic-A
     6.446   0  56    9.08250   25.23455   40.58567     90.000     90.000     90.000    9301.95    5289.67 Orthorhombic-A
     3.790   0  52   85.49305    2.25197   14.39603     90.000     90.000     90.000    2771.64    5818.63 Orthorhombic-A
     7.943   0  61   21.37602   58.35576    8.34986     90.000     90.000     90.000   10415.74    6400.50 Orthorhombic-A
     9.479   0  64   40.29300   50.62020    4.55155     90.000     90.000     90.000    9283.52    7040.55 Orthorhombic-A
     7.943   0  61   21.37602   58.35576    8.34986     90.000     90.000     90.000   10415.74    7744.60 Orthorhombic-A
     4.165   0  57   24.01444   43.03390    9.06018     90.000     90.000     90.000    9363.11    8519.06 Orthorhombic-A
     9.636   0  62   42.80568    8.61329   28.98795     90.000     90.000     90.000   10687.80    9370.97 Orthorhombic-A
     9.636   0  62   42.80568   28.98795    8.61329     90.000     90.000     90.000   10687.80   10308.06 Orthorhombic-A
    12.048   0  78   14.54648   25.25077   40.32258     90.000     90.000     90.000   14810.88   11338.87 Orthorhombic-A
     8.922   0 112   26.56438   10.20394   72.09536     90.000     90.000     90.000   19542.26   12472.76 Orthorhombic-A
    10.477   0 111   25.26608    9.29264   80.67741     90.000     90.000     90.000   18942.14   12472.76 Orthorhombic-A
     7.473   0  97  106.96644   26.99048    4.67165     90.000     90.000     90.000   13487.41   13720.03 Orthorhombic-A
    12.303   0 140   64.13258    1.89495   61.17920     90.000     90.000     90.000    7434.98   15092.04 Orthorhombic-A
     6.613   0  96   60.20191    1.20995   42.99941     90.000     90.000     90.000    3132.13   15092.04 Orthorhombic-A
    11.769   0 143   29.06146   25.47979   39.18383     90.000     90.000     90.000   29014.84   16601.24 Orthorhombic-A
    16.225   0 136    5.62982   70.40343   51.09470     90.000     90.000     90.000   20251.81   18261.37 Orthorhombic-A
    17.336   0 115   14.56513  128.20590   10.13821     90.000     90.000     90.000   18931.44   20087.50 Orthorhombic-A
    17.238   0 157   32.35725   25.88974   37.85734     90.000     90.000     90.000   31713.88   22096.25 Orthorhombic-A
finished cell search for Orthorhombic-A, elapsed time = 0: 0:11.29
cell search for  Orthorhombic-B
      M20  X20  Nc       a          b          c        alpha       beta      gamma     volume      V-test
     2.552  13   9    9.07005    6.31715   20.18911     90.000     90.000     90.000    1156.77    1131.48 Orthorhombic-B
     5.654   0  37   40.47297    5.08830   25.35837     90.000     90.000     90.000    5222.27    2667.97 Orthorhombic-B
     3.975   0  39   25.19184    5.62127   40.61248     90.000     90.000     90.000    5751.14    2934.77 Orthorhombic-B
     3.084   1  42   25.31674    5.87190   40.45904     90.000     90.000     90.000    6014.54    3228.25 Orthorhombic-B
     3.644   0  43   25.08481    6.34271   40.88378     90.000     90.000     90.000    6504.84    3551.07 Orthorhombic-B
     4.067   0  38   40.52487    5.40462   25.19354     90.000     90.000     90.000    5517.93    3906.18 Orthorhombic-B
     2.921   0  38   14.33382   21.49511   21.62537     90.000     90.000     90.000    6662.93    4296.80 Orthorhombic-B
     3.975   0  39   25.19184    5.62127   40.61248     90.000     90.000     90.000    5751.14    4726.48 Orthorhombic-B
     5.600   0  54    2.25252   25.27112   56.98586     90.000     90.000     90.000    3243.84    5199.13 Orthorhombic-B
     5.883   0  63   40.68220   10.82138   25.20014     90.000     90.000     90.000   11094.05    5719.04 Orthorhombic-B
     7.943   0  61   58.35576   21.37602    8.34986     90.000     90.000     90.000   10415.74    6290.94 Orthorhombic-B
     4.624   0  68   49.31166   43.33864    4.65902     90.000     90.000     90.000    9956.80    7612.04 Orthorhombic-B
     4.973   0  59   40.88109    9.70209   25.21566     90.000     90.000     90.000   10001.33    8373.25 Orthorhombic-B
     5.740   0  76   22.52329   42.50063   14.22805     90.000     90.000     90.000   13619.86    9210.57 Orthorhombic-B
    12.048   0  78   25.25077   14.54648   40.32258     90.000     90.000     90.000   14810.88   10131.63 Orthorhombic-B
    11.278   0  98   36.27946   21.33814   24.12933     90.000     90.000     90.000   18679.39   11144.79 Orthorhombic-B
     5.555   0  91    7.23094   43.20934   49.41854     90.000     90.000     90.000   15440.53   12259.27 Orthorhombic-B
    11.900   0 153    1.93450   75.64861   56.95243     90.000     90.000     90.000    8334.54   13485.19 Orthorhombic-B
     6.120   0 106    1.36790   78.71326   35.96016     90.000     90.000     90.000    3871.89   13485.19 Orthorhombic-B
     9.206   0 104   64.78569   12.94049   22.66613     90.000     90.000     90.000   19002.35   14833.71 Orthorhombic-B
     9.178   0 134   26.78663   27.44535   35.47457     90.000     90.000     90.000   26079.78   16317.09 Orthorhombic-B
    13.637   0 132   28.36105   29.05748   32.40017     90.000     90.000     90.000   26700.99   17948.79 Orthorhombic-B
    15.731   0 125   22.10627   25.81059   42.79292     90.000     90.000     90.000   24416.61   19743.67 Orthorhombic-B
    11.466   0 146    5.97128   42.60422   86.86427     90.000     90.000     90.000   22098.44   21718.04 Orthorhombic-B
    24.590   0 175   45.83673   32.60509   24.12388     90.000     90.000     90.000   36053.39   23889.85 Orthorhombic-B
    17.238   0 157   37.85734   32.35725   25.88974     90.000     90.000     90.000   31713.88   26278.83 Orthorhombic-B
    23.020   0 168   24.07657   30.10249   46.31438     90.000     90.000     90.000   33567.02   28906.71 Orthorhombic-B
Restart search, new Max Nc = 220
     2.449   1  33   40.54092    4.66597   25.24515     90.000     90.000     90.000    4775.44    2467.67 Orthorhombic-B
     3.975   0  39   25.19184    5.62127   40.61248     90.000     90.000     90.000    5751.14    2714.44 Orthorhombic-B
     3.683   0  43   40.89651    6.32777   25.08110     90.000     90.000     90.000    6490.58    3284.47 Orthorhombic-B
     4.067   0  38   25.19354    5.40462   40.52487     90.000     90.000     90.000    5517.93    3612.91 Orthorhombic-B
     4.125   0  45   40.54949    7.08654   25.28130     90.000     90.000     90.000    7264.72    3974.21 Orthorhombic-B
     3.225   0  42    5.93166   21.51583   48.40625     90.000     90.000     90.000    6177.82    4371.63 Orthorhombic-B
     4.834   0  55   25.21014    9.02620   40.60267     90.000     90.000     90.000    9239.21    4808.79 Orthorhombic-B
     5.883   0  63   25.20014   10.82138   40.68220     90.000     90.000     90.000   11094.05    5818.63 Orthorhombic-B
     5.734   0  52   85.86109    8.25224   12.23043     90.000     90.000     90.000    8665.83    6400.50 Orthorhombic-B
     4.711   0  58   42.89127   11.92404   20.20587     90.000     90.000     90.000   10334.03    7040.55 Orthorhombic-B
     4.941   0  66   42.82984   29.03616    8.88972     90.000     90.000     90.000   11055.38    7744.60 Orthorhombic-B
     5.883   0  63   40.68220   10.82138   25.20014     90.000     90.000     90.000   11094.05    8519.06 Orthorhombic-B
    12.048   0  78   25.25077   14.54648   40.32258     90.000     90.000     90.000   14810.88    9370.97 Orthorhombic-B
     9.636   0  62    8.61329   42.80568   28.98795     90.000     90.000     90.000   10687.80   10308.06 Orthorhombic-B
     9.028   0  91   61.08246   11.99261   22.80567     90.000     90.000     90.000   16706.03   11338.87 Orthorhombic-B
     9.084   0 114  132.88319    5.02899   24.41861     90.000     90.000     90.000   16318.18   12472.76 Orthorhombic-B
    11.907   0 132   44.72565   24.02100   24.37805     90.000     90.000     90.000   26190.68   13720.03 Orthorhombic-B
     9.405   0 147   51.42802   79.43248    1.98427     90.000     90.000     90.000    8105.84   15092.04 Orthorhombic-B
    12.926   0 107   35.60873   80.79149    1.40309     90.000     90.000     90.000    4036.52   15092.04 Orthorhombic-B
     8.373   0  97   16.52434   64.18600   17.33762     90.000     90.000     90.000   18388.82   16601.24 Orthorhombic-B
    23.020   0 168   24.07657   30.10249   46.31438     90.000     90.000     90.000   33567.02   18261.37 Orthorhombic-B
    13.637   0 132   28.36105   29.05748   32.40017     90.000     90.000     90.000   26700.99   20087.50 Orthorhombic-B
    17.238   0 157   37.85734   32.35725   25.88974     90.000     90.000     90.000   31713.88   22096.25 Orthorhombic-B
    24.590   0 175   45.83673   32.60509   24.12388     90.000     90.000     90.000   36053.39   26736.47 Orthorhombic-B
finished cell search for Orthorhombic-B, elapsed time = 0: 0:12.00
cell search for  Orthorhombic-C
      M20  X20  Nc       a          b          c        alpha       beta      gamma     volume      V-test
     3.057  13   8    9.84961   15.32457    7.10334     90.000     90.000     90.000    1072.19    1244.63 Orthorhombic-C
     5.654   0  37   25.35837   40.47297    5.08830     90.000     90.000     90.000    5222.27    2667.97 Orthorhombic-C
     4.067   0  38   40.52487   25.19354    5.40462     90.000     90.000     90.000    5517.93    3228.25 Orthorhombic-C
     3.683   0  43   25.08110   40.89651    6.32777     90.000     90.000     90.000    6490.58    3551.07 Orthorhombic-C
     2.921   0  38   21.62537   14.33382   21.49511     90.000     90.000     90.000    6662.93    3906.18 Orthorhombic-C
     3.455   0  44   42.62809    4.94682   29.44912     90.000     90.000     90.000    6210.04    4726.48 Orthorhombic-C
     5.600   0  54   35.73875    2.18739   40.29509     90.000     90.000     90.000    3150.06    5199.13 Orthorhombic-C
     5.883   0  63   25.20014   40.68220   10.82138     90.000     90.000     90.000   11094.05    5719.04 Orthorhombic-C
     7.943   0  61    8.34986   58.35576   21.37602     90.000     90.000     90.000   10415.74    6290.94 Orthorhombic-C
     5.889   0  84   56.28706   23.14004   12.04042     90.000     90.000     90.000   15682.46    7612.04 Orthorhombic-C
     6.804   0  61   42.75946   22.21755   11.45754     90.000     90.000     90.000   10884.78    8373.25 Orthorhombic-C
    15.610   0 122   84.46897   22.11108   12.51596     90.000     90.000     90.000   23376.07    9210.57 Orthorhombic-C
     6.870   0  80   11.76544   57.96649   21.36919     90.000     90.000     90.000   14573.82   10131.63 Orthorhombic-C
    12.048   0  78   25.25077   40.32258   14.54648     90.000     90.000     90.000   14810.88   11144.79 Orthorhombic-C
     8.900   0 101   42.72975   66.69229    5.15645     90.000     90.000     90.000   14694.56   13485.19 Orthorhombic-C
     8.534   0 103   45.85666    5.42264   60.34128     90.000     90.000     90.000   15004.72   14833.71 Orthorhombic-C
    11.769   0 143   25.47979   39.18383   29.06146     90.000     90.000     90.000   29014.84   16317.09 Orthorhombic-C
    10.740   0 118   26.96628    6.40260  106.97477     90.000     90.000     90.000   18469.67   17948.79 Orthorhombic-C
    20.582   0 183   51.07954   70.47652    9.06266     90.000     90.000     90.000   32624.73   19743.67 Orthorhombic-C
    20.144   0 150   14.09687   50.45974   40.31646     90.000     90.000     90.000   28678.07   21718.04 Orthorhombic-C
    24.590   0 175   45.83673   24.12388   32.60509     90.000     90.000     90.000   36053.39   23889.85 Orthorhombic-C
    13.407   0 187   50.42558   80.82647    8.45249     90.000     90.000     90.000   34449.99   26278.83 Orthorhombic-C
    20.189   0 191   85.51847    4.97457   66.99095     90.000     90.000     90.000   28499.14   28906.71 Orthorhombic-C
    24.680   0 202    5.86269   24.74288  213.53453     90.000     90.000     90.000   30975.28   31797.38 Orthorhombic-C
    12.325   0 179   29.92521   30.59409   40.38549     90.000     90.000     90.000   36974.31   34977.12 Orthorhombic-C
    31.518   0 192   29.05342   42.69582   32.26958     90.000     90.000     90.000   40029.11   38474.83 Orthorhombic-C
    21.568   0 213   14.43397   85.47923   33.48159     90.000     90.000     90.000   41309.74   42322.32 Orthorhombic-C
Restart search, new Max Nc = 240
     5.582   0  36   25.28221   40.47998    4.91017     90.000     90.000     90.000    5025.18    2467.67 Orthorhombic-C
     3.975   0  39   25.19184   40.61248    5.62127     90.000     90.000     90.000    5751.14    2985.88 Orthorhombic-C
     3.803   0  40    2.29992    7.03977  107.65500     90.000     90.000     90.000    1743.03    3284.47 Orthorhombic-C
     2.921   0  38   21.62537   14.33382   21.49511     90.000     90.000     90.000    6662.93    3974.21 Orthorhombic-C
     3.167   0  52    6.38485   58.85004   21.31778     90.000     90.000     90.000    8010.13    4371.63 Orthorhombic-C
     2.686   1  42   15.39696   42.85608   10.10852     90.000     90.000     90.000    6670.14    4808.79 Orthorhombic-C
     4.338   0  54    2.19615   15.39882   85.24207     90.000     90.000     90.000    2882.73    5289.67 Orthorhombic-C
     5.883   0  63   25.20014   40.68220   10.82138     90.000     90.000     90.000   11094.05    5818.63 Orthorhombic-C
     4.862   0  66   25.05977   41.00818   11.52002     90.000     90.000     90.000   11838.61    6400.50 Orthorhombic-C
     6.328   0  70   24.03437   47.07664   10.86815     90.000     90.000     90.000   12296.85    6400.50 Orthorhombic-C
    14.799   0  92   51.13070   70.37982    2.38108     90.000     90.000     90.000    8568.50    7040.55 Orthorhombic-C
    14.799   0  92   51.13070   70.37982    1.68368     90.000     90.000     90.000    6058.84    7040.55 Orthorhombic-C
     5.321   0  57   42.71251    8.11069   28.92504     90.000     90.000     90.000   10020.44    7744.60 Orthorhombic-C
     6.008   0  72   42.77136   10.01106   29.02425     90.000     90.000     90.000   12427.80    8519.06 Orthorhombic-C
     9.850   0  77    5.48651   80.62719   25.28488     90.000     90.000     90.000   11185.07    9370.97 Orthorhombic-C
     7.134   0  72    9.56637   42.70612   28.99771     90.000     90.000     90.000   11846.80   10308.06 Orthorhombic-C
     9.636   0  62   28.98795    8.61329   42.80568     90.000     90.000     90.000   10687.80   11338.87 Orthorhombic-C
    11.323   0  97    8.32825   80.76348   25.23293     90.000     90.000     90.000   16972.13   12472.76 Orthorhombic-C
    12.178   0 122   83.26555   22.05864   12.53721     90.000     90.000     90.000   23027.40   13720.03 Orthorhombic-C
     7.262   0  93   23.87745   10.55515   64.10081     90.000     90.000     90.000   16155.33   15092.04 Orthorhombic-C
    13.637   0 132   32.40017   28.36105   29.05748     90.000     90.000     90.000   26700.99   16601.24 Orthorhombic-C
    11.769   0 143   39.18383   25.47979   29.06146     90.000     90.000     90.000   29014.84   18261.37 Orthorhombic-C
    17.238   0 157   37.85734   25.88974   32.35725     90.000     90.000     90.000   31713.88   20087.50 Orthorhombic-C
    14.698   0 155   42.70666   11.37200   58.12781     90.000     90.000     90.000   28230.36   22096.25 Orthorhombic-C
    13.254   0 131   42.77655   21.74079   27.52431     90.000     90.000     90.000   25597.49   24305.88 Orthorhombic-C
    27.201   0 232   70.03138   53.06796   12.54298     90.000     90.000     90.000   46615.00   26736.47 Orthorhombic-C
    20.499   0 153   38.78081   25.57313   30.64315     90.000     90.000     90.000   30390.25   29410.11 Orthorhombic-C
    13.221   0 185   60.80771    9.09811   60.15905     90.000     90.000     90.000   33282.09   32351.12 Orthorhombic-C
finished cell search for Orthorhombic-C, elapsed time = 0: 0:12.75
cell search for  Orthorhombic-P
      M20  X20  Nc       a          b          c        alpha       beta      gamma     volume      V-test
     2.098   1  34   10.11955   11.96746   21.59483     90.000     90.000     90.000    2615.25    1369.09 Orthorhombic-P
     5.600   0  54    1.83070   25.27112   40.29509     90.000     90.000     90.000    1864.21    2204.94 Orthorhombic-P
     5.600   0  54    1.29450   25.27112   40.29509     90.000     90.000     90.000    1318.19    2204.94 Orthorhombic-P
     3.607   0  43    5.61017   24.00985   21.33630     90.000     90.000     90.000    2873.99    2425.43 Orthorhombic-P
     6.146   0  41   10.12304   14.42569   21.33476     90.000     90.000     90.000    3115.55    2667.97 Orthorhombic-P
     8.400   0  60    4.34004   25.32521   40.27190     90.000     90.000     90.000    4426.38    3228.25 Orthorhombic-P
     8.478   0  60    4.28099   25.32578   40.26693     90.000     90.000     90.000    4365.71    3551.07 Orthorhombic-P
     8.235   0  70    8.97794   29.35076   21.41464     90.000     90.000     90.000    5642.96    3906.18 Orthorhombic-P
     9.892   0  79    5.39418   25.29156   40.26583     90.000     90.000     90.000    5493.35    4296.80 Orthorhombic-P
     9.161   0  86    6.06320   25.28349   40.31585     90.000     90.000     90.000    6180.37    4726.48 Orthorhombic-P
     8.912   0 106   14.53281   30.32806   21.38169     90.000     90.000     90.000    9424.02    5199.13 Orthorhombic-P
    10.589   0  76   10.11493   21.36288   29.00807     90.000     90.000     90.000    6268.18    5719.04 Orthorhombic-P
    10.015   0  80   10.10464   14.50955   42.72061     90.000     90.000     90.000    6263.43    6290.94 Orthorhombic-P
    10.604   0  96   13.06978   21.42216   30.76244     90.000     90.000     90.000    8612.96    6920.04 Orthorhombic-P
    20.298   0 112   14.54228   21.34369   32.24205     90.000     90.000     90.000   10007.47    7612.04 Orthorhombic-P
    11.222   0 108    9.09604   22.51399   42.71640     90.000     90.000     90.000    8747.82    8373.25 Orthorhombic-P
    20.298   0 112   14.54228   21.34369   32.24205     90.000     90.000     90.000   10007.47    9210.57 Orthorhombic-P
    15.113   0 147   12.98035   15.74097   64.24319     90.000     90.000     90.000   13126.39   11144.79 Orthorhombic-P
    12.298   0 146   10.08763   29.05000   42.76437     90.000     90.000     90.000   12531.91   12259.27 Orthorhombic-P
    23.122   0 172   14.54906   16.41050   64.12404     90.000     90.000     90.000   15310.09   13485.19 Orthorhombic-P
    19.942   0 164   14.28835   24.42379   44.42946     90.000     90.000     90.000   15504.80   14833.71 Orthorhombic-P
    32.767   0 228    5.06812   24.43506  132.70161     90.000     90.000     90.000   16433.74   16317.09 Orthorhombic-P
    24.215   0 206   12.01268   21.38801   74.31791     90.000     90.000     90.000   19094.30   17948.79 Orthorhombic-P
    20.063   0 204   21.03539   27.07851   34.66523     90.000     90.000     90.000   19745.56   19743.67 Orthorhombic-P
    21.478   0 214   21.85406   26.52806   36.03674     90.000     90.000     90.000   20892.15   21718.04 Orthorhombic-P
Restart search, new Max Nc = 260
     6.146   0  41   10.12304   14.42569   21.33476     90.000     90.000     90.000    3115.55    2467.67 Orthorhombic-P
     5.884   0  61    7.92108   21.33898   29.08491     90.000     90.000     90.000    4916.16    3612.91 Orthorhombic-P
     9.109   0  75    5.08912   25.30808   40.26805     90.000     90.000     90.000    5186.36    3974.21 Orthorhombic-P
     9.841   0  74    4.91882   25.31037   40.24317     90.000     90.000     90.000    5010.16    4371.63 Orthorhombic-P
    10.015   0  80   10.10464   14.50955   42.72061     90.000     90.000     90.000    6263.43    4808.79 Orthorhombic-P
    10.589   0  76   10.11493   21.36288   29.00807     90.000     90.000     90.000    6268.18    5818.63 Orthorhombic-P
     9.952   0 117    4.36036   40.25355   50.51674     90.000     90.000     90.000    8866.69    6400.50 Orthorhombic-P
    12.994   0 145   10.11849   21.36042   58.12237     90.000     90.000     90.000   12562.30    7040.55 Orthorhombic-P
    12.061   0 116   14.51843   16.55958   42.67076     90.000     90.000     90.000   10258.87    7744.60 Orthorhombic-P
    20.298   0 112   14.54228   21.34369   32.24205     90.000     90.000     90.000   10007.47    8519.06 Orthorhombic-P
    15.807   0 129   12.94251   28.41160   32.38391     90.000     90.000     90.000   11908.13    9370.97 Orthorhombic-P
    21.693   0 159    5.25915   12.02307  170.73376     90.000     90.000     90.000   10795.70   10308.06 Orthorhombic-P
    14.463   0 146   14.54281   28.44985   32.26059     90.000     90.000     90.000   13347.52   11338.87 Orthorhombic-P
    24.261   0 203   19.28072   40.39928   25.19967     90.000     90.000     90.000   19628.70   12472.76 Orthorhombic-P
    17.166   0 184    8.51059   36.08921   53.02790     90.000     90.000     90.000   16287.01   13720.03 Orthorhombic-P
    30.415   0 215   14.54473   21.35945   64.49177     90.000     90.000     90.000   20035.49   15092.04 Orthorhombic-P
    15.515   0 158    5.71505   41.24283   49.93470     90.000     90.000     90.000   11769.85   16601.24 Orthorhombic-P
finished cell search for Orthorhombic-P, elapsed time = 0: 0:12.26
elapsed 85.06641936302185 ncells 324
M20=   32.8 X20= 0 Nc=228 Orthorhombic-P   a=  5.0681 b= 24.4351 c=132.7016 al= 90.000 be= 90.000 ga= 90.000 V= 16433.7 Z~24.68
M20=   31.5 X20= 0 Nc=192 Orthorhombic-C   a= 29.0534 b= 42.6958 c= 32.2696 al= 90.000 be= 90.000 ga= 90.000 V= 40029.1 Z~60.10
M20=   30.4 X20= 0 Nc=215 Orthorhombic-P   a= 14.5447 b= 21.3595 c= 64.4918 al= 90.000 be= 90.000 ga= 90.000 V= 20035.5 Z~30.08
M20=   27.2 X20= 0 Nc=232 Orthorhombic-C   a= 70.0314 b= 53.0680 c= 12.5430 al= 90.000 be= 90.000 ga= 90.000 V= 46615.0 Z~69.99
M20=   24.7 X20= 0 Nc=202 Orthorhombic-C   a=  5.8627 b= 24.7429 c=213.5345 al= 90.000 be= 90.000 ga= 90.000 V= 30975.3 Z~46.51
M20=   24.6 X20= 0 Nc=175 Orthorhombic-B   a= 45.8367 b= 32.6051 c= 24.1239 al= 90.000 be= 90.000 ga= 90.000 V= 36053.4 Z~54.13
M20=   24.6 X20= 0 Nc=175 Orthorhombic-B   a= 45.8367 b= 32.6051 c= 24.1239 al= 90.000 be= 90.000 ga= 90.000 V= 36053.4 Z~54.13
M20=   24.6 X20= 0 Nc=175 Orthorhombic-C   a= 45.8367 b= 24.1239 c= 32.6051 al= 90.000 be= 90.000 ga= 90.000 V= 36053.4 Z~54.13
M20=   24.3 X20= 0 Nc=203 Orthorhombic-P   a= 19.2807 b= 40.3993 c= 25.1997 al= 90.000 be= 90.000 ga= 90.000 V= 19628.7 Z~29.47
M20=   24.2 X20= 0 Nc=206 Orthorhombic-P   a= 12.0127 b= 21.3880 c= 74.3179 al= 90.000 be= 90.000 ga= 90.000 V= 19094.3 Z~28.67
M20=   23.5 X20= 0 Nc=168 Orthorhombic-A   a= 30.3354 b= 46.2167 c= 24.0625 al= 90.000 be= 90.000 ga= 90.000 V= 33735.7 Z~50.65
M20=   23.1 X20= 0 Nc=172 Orthorhombic-P   a= 14.5491 b= 16.4105 c= 64.1240 al= 90.000 be= 90.000 ga= 90.000 V= 15310.1 Z~22.99
M20=   23.0 X20= 0 Nc=168 Orthorhombic-B   a= 24.0766 b= 30.1025 c= 46.3144 al= 90.000 be= 90.000 ga= 90.000 V= 33567.0 Z~50.40
M20=   23.0 X20= 0 Nc=168 Orthorhombic-B   a= 24.0766 b= 30.1025 c= 46.3144 al= 90.000 be= 90.000 ga= 90.000 V= 33567.0 Z~50.40
M20=   22.7 X20= 0 Nc=173 Orthorhombic-A   a= 32.3680 b= 24.1314 c= 45.9589 al= 90.000 be= 90.000 ga= 90.000 V= 35897.9 Z~53.90
M20=   21.7 X20= 0 Nc=159 Orthorhombic-P   a=  5.2592 b= 12.0231 c=170.7338 al= 90.000 be= 90.000 ga= 90.000 V= 10795.7 Z~16.21
M20=   21.6 X20= 0 Nc=213 Orthorhombic-C   a= 14.4340 b= 85.4792 c= 33.4816 al= 90.000 be= 90.000 ga= 90.000 V= 41309.7 Z~62.03
M20=   21.5 X20= 0 Nc=214 Orthorhombic-P   a= 21.8541 b= 26.5281 c= 36.0367 al= 90.000 be= 90.000 ga= 90.000 V= 20892.2 Z~31.37
M20=   21.3 X20= 0 Nc=154 Orthorhombic-I   a=  7.2197 b= 51.1421 c= 70.3448 al= 90.000 be= 90.000 ga= 90.000 V= 25973.3 Z~39.00
M20=   20.6 X20= 0 Nc=183 Orthorhombic-C   a= 51.0795 b= 70.4765 c=  9.0627 al= 90.000 be= 90.000 ga= 90.000 V= 32624.7 Z~48.99
M20=   20.5 X20= 0 Nc=153 Orthorhombic-C   a= 38.7808 b= 25.5731 c= 30.6432 al= 90.000 be= 90.000 ga= 90.000 V= 30390.2 Z~45.63
M20=   20.3 X20= 0 Nc=112 Orthorhombic-P   a= 14.5423 b= 21.3437 c= 32.2420 al= 90.000 be= 90.000 ga= 90.000 V= 10007.5 Z~15.03
M20=   20.3 X20= 0 Nc=112 Orthorhombic-P   a= 14.5423 b= 21.3437 c= 32.2420 al= 90.000 be= 90.000 ga= 90.000 V= 10007.5 Z~15.03
M20=   20.3 X20= 0 Nc=112 Orthorhombic-P   a= 14.5423 b= 21.3437 c= 32.2420 al= 90.000 be= 90.000 ga= 90.000 V= 10007.5 Z~15.03
M20=   20.2 X20= 0 Nc=191 Orthorhombic-C   a= 85.5185 b=  4.9746 c= 66.9909 al= 90.000 be= 90.000 ga= 90.000 V= 28499.1 Z~42.79
M20=   20.1 X20= 0 Nc=150 Orthorhombic-C   a= 14.0969 b= 50.4597 c= 40.3165 al= 90.000 be= 90.000 ga= 90.000 V= 28678.1 Z~43.06
M20=   20.1 X20= 0 Nc=204 Orthorhombic-P   a= 21.0354 b= 27.0785 c= 34.6652 al= 90.000 be= 90.000 ga= 90.000 V= 19745.6 Z~29.65
M20=   19.9 X20= 0 Nc=164 Orthorhombic-P   a= 14.2884 b= 24.4238 c= 44.4295 al= 90.000 be= 90.000 ga= 90.000 V= 15504.8 Z~23.28
M20=   18.9 X20= 0 Nc=129 Orthorhombic-F   a= 35.2955 b= 32.3708 c= 48.0495 al= 90.000 be= 90.000 ga= 90.000 V= 54898.6 Z~82.43
M20=   18.9 X20= 0 Nc=129 Orthorhombic-F   a= 35.2955 b= 32.3708 c= 48.0495 al= 90.000 be= 90.000 ga= 90.000 V= 54898.6 Z~82.43
