X07806d9 ORTHOROMBIC P 0 peaks [5.56009, 7.60533, 7.97572, 8.36026, 8.81135, 10.04789, 10.50796, 10.95057, 11.13402, 11.43845, 11.56545, 11.82718, 12.18478, 12.51127, 12.73496, 13.14536, 13.22185, 13.9544, 14.09161, 14.19565, 14.4701, 14.80278] V 517.0103149414062 1800 Lmax 34.06033117521103
3->34.0603,1.24242,24.9999
1.5708->2.44346,0.0766052,0.766044,11.3917
517.01->1800,427.677,2.9999
Starting: V=517.01->944.688
Finished: V=517.01->944.688 A^3, 840 unit cells tested, 339668 tests/s,   Elapsed time=0.002479s
Starting: V=944.688->1372.37
Finished: V=944.688->1372.37 A^3, 2666 unit cells tested, 407770 tests/s,   Elapsed time=0.006545s
Starting: V=1372.37->1800
     a= 8.22- 8.24 b=11.21-11.23 c=16.90-16.91 alpha= 90.00- 90.00 beta= 90.00- 90.00 gamma= 90.00- 90.00 V=1556.85-1564.74level=5, indexed=1(0 sol.)
     a=0.12164-0.12137 b=0.08922-0.08906 c=0.05919-0.05912 alpha=0.00000-0.00000 beta=0.00000-0.00000 gamma=0.00000-0.00000level=5, indexed=1(0 sol.)
 Solution ? a=  8.207 b= 11.224 c= 16.858 alpha= 90.000 beta= 90.000 gamma= 90.000 V= 1552.96 score= 27.31 #   0
      a= 8.21- 8.23 b=11.24-11.26 c=16.87-16.89 alpha= 90.00- 90.00 beta= 90.00- 90.00 gamma= 90.00- 90.00 V=1556.75-1564.65level=6, indexed=1(1 sol.)
      a=0.12177-0.12151 b=0.08898-0.08882 c=0.05928-0.05922 alpha=0.00000-0.00000 beta=0.00000-0.00000 gamma=0.00000-0.00000level=6, indexed=1(1 sol.)
 Solution ? a=  8.207 b= 11.224 c= 16.858 alpha= 90.000 beta= 90.000 gamma= 90.000 V= 1552.96 score= 27.31 #   1
      a= 8.21- 8.23 b=11.22-11.24 c=16.87-16.89 alpha= 90.00- 90.00 beta= 90.00- 90.00 gamma= 90.00- 90.00 V=1553.98-1561.85level=6, indexed=1(2 sol.)
      a=0.12177-0.12151 b=0.08914-0.08898 c=0.05928-0.05922 alpha=0.00000-0.00000 beta=0.00000-0.00000 gamma=0.00000-0.00000level=6, indexed=1(2 sol.)
 Solution ? a=  8.207 b= 11.224 c= 16.858 alpha= 90.000 beta= 90.000 gamma= 90.000 V= 1552.96 score= 27.31 #   2
Finished: V=1372.37->1800 A^3, 5714 unit cells tested, 438123 tests/s,   Elapsed time=0.013049s
build/fast-x86_64/objcryst/ObjCryst/ObjCryst/Indexing.cpp:2602 Solution ? a=8.20747, b=11.2238, c=16.8582, alpha=90, beta=90, gamma=90, V=1552.96, score=27.3141
build/fast-x86_64/objcryst/ObjCryst/ObjCryst/Indexing.cpp:2609 BEST ? a=8.20747, b=11.2238, c=16.8582, alpha=90, beta=90, gamma=90, V=1552.96, score=27.3141
5714unit cells tested, 433601 tests/s,   Elapsed time=0.013184s
DONE X07806d9 ORTHOROMBIC P 1 0.013388395309448242 [{'cell': [8.207473754882812, 11.223794937133789, 16.858238220214844, 90.00000250447816, 90.00000250447816, 90.00000250447816], 'volume': 1552.964111328125, 'score': 27.31411361694336, 'system': 'ORTHOROMBIC', 'centering': 'P', 'mode': 0}]
