START 0.14611062203001987 3409704.2047312814
ObjRegistry<T>::Find(H): Not found !!
List of Crystal ScatteringPowers :4 object registered:
#  0:ScatteringPowerAtom(N)
#  1:ScatteringPowerAtom(C)
#  2:ScatteringPowerAtom(O)
#  3:ScatteringPowerAtom(Cl)
WITH_H 0.3620109369254888 21488515.605173033
CYCLE 0 0 Rw 0.17580341674236702 chi2 5067778.863834415
CYCLE 0 1 Rw 0.14864471913486 chi2 3622947.1824762314
CYCLE 0 2 Rw 0.1482334289477053 chi2 3602926.0050949976
CYCLE 1 0 Rw 0.13566601949320117 chi2 3017902.457763653
CYCLE 1 1 Rw 0.1334955193121215 chi2 2922108.9972949144
CYCLE 1 2 Rw 0.12943387471381393 chi2 2747001.7613315857
CYCLE 2 0 Rw 0.12798830917486 chi2 2685985.331882504
CYCLE 2 1 Rw 0.12755826937535028 chi2 2667965.8726085587
CYCLE 2 2 Rw 0.12631802777075796 chi2 2616337.137569472
CYCLE 3 0 Rw 0.12607858950113787 chi2 2606427.9025572087
CYCLE 3 1 Rw 0.12541702299650775 chi2 2579146.4836204983
CYCLE 3 2 Rw 0.1252922322666386 chi2 2574016.5029962235
FINISHED X07806d9 0.1252922322666386
