N.B. Configuration file /root/.GSASII/config.ini does not exist
======================================================================
Module pyspg in '/opt/g2/GSAS-II/GSASII-bin/linux_64_p3.13_n2.2' could not be loaded
error msg: /lib/x86_64-linux-gnu/libm.so.6: version `GLIBC_2.38' not found (required by /opt/g2/GSAS-II/GSASII-bin/linux_64_p3.13_n2.2/pyspg.cpython-313-x86_64-linux-gnu.so)
======================================================================
*** ERROR: Unable to find GSAS-II binaries. Much of GSAS-II cannot function
binary load error: pyspg not found
pypowder is not available - profile calcs. not allowed
pydiffax is not available for this platform
pypowder is not available - profile calcs. not allowed
peaks used: [np.float64(5.339), np.float64(5.825), np.float64(6.052), np.float64(7.718), np.float64(9.757), np.float64(12.062), np.float64(13.454), np.float64(13.815), np.float64(14.324), np.float64(15.402), np.float64(16.566), np.float64(17.082), np.float64(17.356), np.float64(17.881), np.float64(19.754), np.float64(20.783), np.float64(21.849), np.float64(23.319), np.float64(23.924), np.float64(24.203)]
lattice parameter range =     2.500   82.698
Zero = 0.0000 Nc/No max = 4  Max Nc = 80
cell search for  Monoclinic-C
      M20  X20  Nc       a          b          c        alpha       beta      gamma     volume      V-test
     3.814  12  13   12.34858    6.66917   11.46329     90.000     92.040     90.000     943.46     942.65 Monoclinic-C
     2.665  10  11    5.83481   14.64771   11.63206     90.000    100.161     90.000     978.56    1015.13 Monoclinic-C
     2.346  10  14    7.16782   14.64551   11.53182     90.000     96.766     90.000    1202.14    1066.52 Monoclinic-C
     3.122  11  10    5.66509   14.65192   11.69596     90.000    101.776     90.000     950.38    1093.18 Monoclinic-C
     5.122  11  15   12.75441   14.64965    7.45838     90.000    115.495     90.000    1257.88    1148.52 Monoclinic-C
     3.406  11  13    6.77114   12.34208   14.83604     90.000     99.876     90.000    1221.48    1206.67 Monoclinic-C
     2.346  10  14    7.16782   14.64551   12.84067     90.000    116.898     90.000    1202.14    1236.83 Monoclinic-C
     2.346  10  14    7.16782   14.64551   11.53182     90.000     96.766     90.000    1202.14    1236.83 Monoclinic-C
     3.928   7  16    7.63654   14.64700   11.90418     90.000    105.710     90.000    1281.77    1267.75 Monoclinic-C
     2.104   9  19   18.96042    8.15872   10.26159     90.000    118.406     90.000    1396.28    1365.23 Monoclinic-C
     3.928   7  16    7.63654   14.64700   11.90418     90.000    105.710     90.000    1281.77    1399.36 Monoclinic-C
     3.295   8  21   17.87558   18.13549    6.26505     90.000    124.687     90.000    1670.06    1470.20 Monoclinic-C
     3.295   8  21   14.88648   18.13549    6.26505     90.000     99.111     90.000    1670.06    1506.96 Monoclinic-C
     2.938  11  18   14.71331   11.51340    8.06838     90.000     94.923     90.000    1361.74    1544.63 Monoclinic-C
     2.091   3  49   21.36100    2.13696   28.12576     90.000    103.892     90.000    1246.32    1583.25 Monoclinic-C
     2.932   6  22    5.04031   29.25617   12.19526     90.000    109.809     90.000    1691.91    1622.83 Monoclinic-C
     2.932   6  22    5.04031   29.25617   11.50950     90.000     94.523     90.000    1691.91    1622.83 Monoclinic-C
     2.790   2  58   22.06880   13.34293   26.16605     90.000    146.023     90.000    4305.96    1663.40 Monoclinic-C
     2.790   2  58   22.06880   13.34293   14.62782     90.000     91.450     90.000    4305.96    1663.40 Monoclinic-C
     2.296   1  60   21.87968    2.48218   32.31046     90.000    108.697     90.000    1662.15    1747.61 Monoclinic-C
     2.253   4  23    5.37131   29.39994   13.75886     90.000    123.727     90.000    1807.05    1791.30 Monoclinic-C
     2.253   4  23    5.37131   29.39994   11.66572     90.000    101.211     90.000    1807.05    1791.30 Monoclinic-C
     2.790   2  58   22.06880   13.34293   26.16605     90.000    146.023     90.000    4305.96    1836.08 Monoclinic-C
     2.790   2  58   22.06880   13.34293   14.62782     90.000     91.450     90.000    4305.96    1836.08 Monoclinic-C
     2.786   4  50   18.18619   14.68055   14.68659     90.000     90.900     90.000    3920.59    1881.99 Monoclinic-C
     3.081   5  24    6.14205   22.88358   15.13734     90.000    104.672     90.000    2058.21    1929.04 Monoclinic-C
     3.081   5  24    6.14205   22.88358   14.82454     90.000     98.957     90.000    2058.21    1929.04 Monoclinic-C
     2.126   2  30    7.59920   22.90706   14.60556     90.000     91.925     90.000    2541.03    2026.69 Monoclinic-C
     2.196   5  43   15.19201   29.24216    9.51868     90.000    125.069     90.000    3460.97    2129.29 Monoclinic-C
     2.126   2  30    7.59920   22.90706   14.60556     90.000     91.925     90.000    2541.03    2182.53 Monoclinic-C
     4.832   0  64   18.93386    1.85781   33.10267     90.000     91.624     90.000    1163.94    2350.34 Monoclinic-C
     6.433   0  66   21.85219    1.85062   35.20359     90.000    106.271     90.000    1366.62    2469.33 Monoclinic-C
     2.826   3  54   13.30318   22.20566   14.61810     90.000     90.795     90.000    4317.86    2531.06 Monoclinic-C
     4.545   5  52   22.90059    4.35716   31.19651     90.000    110.836     90.000    2909.26    2594.34 Monoclinic-C
     3.754   5  50   25.64608    9.76631   15.60910     90.000    110.653     90.000    3658.33    2659.20 Monoclinic-C
     2.790   2  58   22.06880   13.34293   14.62782     90.000     91.450     90.000    4305.96    2725.68 Monoclinic-C
     3.793   0  61   21.49894    2.37005   33.29708     90.000     95.421     90.000    1689.02    2793.82 Monoclinic-C
     3.793   0  61   21.49894    1.87768   33.29708     90.000     95.421     90.000    1338.13    2863.66 Monoclinic-C
     2.826   3  54   13.30318   22.20566   14.61810     90.000     90.795     90.000    4317.86    2935.26 Monoclinic-C
     3.633   5  58   22.89486    5.08552   31.28008     90.000    110.941     90.000    3401.45    3008.64 Monoclinic-C
     4.832   0  64   48.94840    1.87577   15.93648     90.000    107.057     90.000    1398.86    3083.85 Monoclinic-C
     6.433   0  66   23.35929    2.13487   33.81277     90.000     91.926     90.000    1685.26    3160.95 Monoclinic-C
     4.347   4  62   22.89487    5.86520   31.27999     90.000    110.941     90.000    3922.93    3239.97 Monoclinic-C
     3.793   0  70   18.87368    2.81632   33.26298     90.000     94.763     90.000    1761.96    3320.97 Monoclinic-C
     4.156   2  63   26.53429   12.68794   14.59538     90.000     91.378     90.000    4912.34    3404.00 Monoclinic-C
     5.410   3  67   74.55150    6.44850   11.44669     90.000    128.547     90.000    4303.86    3489.10 Monoclinic-C
Restart search, new Max Nc = 100
     2.495  12  11    7.32876   11.47492   11.45147     90.000     92.462     90.000     962.14     943.46 Monoclinic-C
     2.547  11  12   11.81583   14.64788    5.09191     90.000    102.962     90.000     858.84     967.04 Monoclinic-C
     3.270  12  13    7.91709   10.99633   11.54287     90.000     97.136     90.000     997.12     991.22 Monoclinic-C
     2.616  11  12    7.43108   11.44572   11.57833     90.000     98.456     90.000     974.08    1016.00 Monoclinic-C
     2.108  11  12    6.25414   14.66106   11.42428     90.000     90.846     90.000    1047.40    1041.40 Monoclinic-C
     2.346  10  14    7.16782   14.64551   11.53182     90.000     96.766     90.000    1202.14    1178.25 Monoclinic-C
     3.928   7  16    7.63654   14.64700   11.90418     90.000    105.710     90.000    1281.77    1207.71 Monoclinic-C
     5.472  11  16   14.93685   14.64524    7.46133     90.000    129.530     90.000    1258.89    1237.90 Monoclinic-C
     2.346  10  14    7.16782   14.64551   11.53182     90.000     96.766     90.000    1202.14    1300.57 Monoclinic-C
     2.739   8  21   17.82127   18.12615    6.26463     90.000    124.455     90.000    1668.66    1366.41 Monoclinic-C
     3.295   8  21   17.87558   18.13549    6.26505     90.000    124.687     90.000    1670.06    1400.57 Monoclinic-C
     4.267  12  11   14.54076   14.65263    5.13735     90.000    127.667     90.000     866.43    1400.57 Monoclinic-C
     3.928   7  16    7.63654   14.64700   11.90418     90.000    105.710     90.000    1281.77    1435.58 Monoclinic-C
     2.932   6  22    5.04031   29.25617   12.92372     90.000    117.402     90.000    1691.91    1508.26 Monoclinic-C
     2.932   6  22    5.04031   29.25617   11.50950     90.000     94.523     90.000    1691.91    1508.26 Monoclinic-C
     2.296   1  60   21.87968    1.85463   32.31046     90.000    108.697     90.000    1241.92    1584.62 Monoclinic-C
     2.739   8  21   17.82127   18.12615    6.26463     90.000    124.455     90.000    1668.66    1624.23 Monoclinic-C
     2.326   6  42   29.31652   12.43316    9.11331     90.000     96.767     90.000    3298.63    1706.46 Monoclinic-C
     4.579   2  67   28.46241   12.50226   14.59152     90.000     91.465     90.000    5190.62    1749.12 Monoclinic-C
     2.084   3  56   20.77384   13.78234   15.05857     90.000     91.879     90.000    4309.13    1883.61 Monoclinic-C
     2.296   1  60   21.87968    1.85971   32.31046     90.000    108.697     90.000    1245.33    1978.97 Monoclinic-C
     2.786   4  50   18.18619   14.68055   14.68659     90.000     90.900     90.000    3920.59    2028.44 Monoclinic-C
     4.156   2  63   26.53429   12.68794   14.59538     90.000     91.378     90.000    4912.34    2079.15 Monoclinic-C
     2.126   2  30    7.59920   22.90706   14.60556     90.000     91.925     90.000    2541.03    2184.41 Monoclinic-C
     2.196   5  43   15.19201   29.24216    9.51868     90.000    125.069     90.000    3460.97    2239.02 Monoclinic-C
     2.508   5  37    4.34368   22.93943   34.42254     90.000    121.845     90.000    2913.64    2295.00 Monoclinic-C
     2.508   5  37    4.34368   22.93943   32.34187     90.000    115.294     90.000    2913.64    2295.00 Monoclinic-C
     2.296   1  60   43.29128    1.86614   16.43808     90.000     91.158     90.000    1327.72    2352.37 Monoclinic-C
     2.196   5  43   16.15150   29.24216    9.51868     90.000    129.661     90.000    3460.97    2411.18 Monoclinic-C
     3.793   0  61   21.49894    1.78551   33.29708     90.000     95.421     90.000    1272.45    2471.46 Monoclinic-C
     3.793   0  61   21.49894    2.14376   33.29708     90.000     95.421     90.000    1527.75    2533.25 Monoclinic-C
     2.885   1  89   32.80604    5.16058   30.63124     90.000     91.887     90.000    5183.01    2596.58 Monoclinic-C
     3.754   5  50   32.67319    9.76631   15.60910     90.000    132.736     90.000    3658.33    2661.49 Monoclinic-C
     4.832   0  64   23.66477    2.11739   33.11015     90.000     92.029     90.000    1658.03    2728.03 Monoclinic-C
     4.309   5  54   22.90274    4.39603   29.21853     90.000     90.563     90.000    2941.61    2796.23 Monoclinic-C
     3.793   0  61   21.49894    2.43415   33.29708     90.000     95.421     90.000    1734.70    2866.14 Monoclinic-C
     4.275   0  64   20.32168    1.96111   29.34442     90.000     92.813     90.000    1168.06    2937.79 Monoclinic-C
     4.832   0  64   23.66477    2.01987   33.11015     90.000     92.029     90.000    1581.66    3011.23 Monoclinic-C
     4.275   0  64   24.76218    1.96211   31.17601     90.000    109.929     90.000    1424.01    3086.51 Monoclinic-C
     3.812   5  58   22.89941    4.86261   29.22230     90.000     90.479     90.000    3253.82    3163.68 Monoclinic-C
     6.433   0  66   23.35929    1.91628   33.81277     90.000     91.926     90.000    1512.70    3242.77 Monoclinic-C
     3.793   0  61   21.04496    2.30905   33.97348     90.000    102.655     90.000    1610.79    3323.84 Monoclinic-C
finished cell search for Monoclinic-C, elapsed time = 0: 1:22.07
elapsed 82.07344198226929 ncells 88
M20=    6.4 X20= 0 Nc= 66 Monoclinic-C     a= 21.8522 b=  1.8506 c= 35.2036 al= 90.000 be=106.271 ga= 90.000 V=  1366.6 Z~4.22
M20=    6.4 X20= 0 Nc= 66 Monoclinic-C     a= 23.3593 b=  2.1349 c= 33.8128 al= 90.000 be= 91.926 ga= 90.000 V=  1685.3 Z~5.20
M20=    6.4 X20= 0 Nc= 66 Monoclinic-C     a= 23.3593 b=  1.9163 c= 33.8128 al= 90.000 be= 91.926 ga= 90.000 V=  1512.7 Z~4.67
M20=    5.5 X20=11 Nc= 16 Monoclinic-C     a= 14.9369 b= 14.6452 c=  7.4613 al= 90.000 be=129.530 ga= 90.000 V=  1258.9 Z~3.89
M20=    5.4 X20= 3 Nc= 67 Monoclinic-C     a= 74.5515 b=  6.4485 c= 11.4467 al= 90.000 be=128.547 ga= 90.000 V=  4303.9 Z~13.28
M20=    5.1 X20=11 Nc= 15 Monoclinic-C     a= 12.7544 b= 14.6497 c=  7.4584 al= 90.000 be=115.495 ga= 90.000 V=  1257.9 Z~3.88
M20=    4.8 X20= 0 Nc= 64 Monoclinic-C     a= 48.9484 b=  1.8758 c= 15.9365 al= 90.000 be=107.057 ga= 90.000 V=  1398.9 Z~4.32
M20=    4.8 X20= 0 Nc= 64 Monoclinic-C     a= 18.9339 b=  1.8578 c= 33.1027 al= 90.000 be= 91.624 ga= 90.000 V=  1163.9 Z~3.59
M20=    4.8 X20= 0 Nc= 64 Monoclinic-C     a= 23.6648 b=  2.0199 c= 33.1101 al= 90.000 be= 92.029 ga= 90.000 V=  1581.7 Z~4.88
M20=    4.8 X20= 0 Nc= 64 Monoclinic-C     a= 23.6648 b=  2.1174 c= 33.1101 al= 90.000 be= 92.029 ga= 90.000 V=  1658.0 Z~5.12
M20=    4.6 X20= 2 Nc= 67 Monoclinic-C     a= 28.4624 b= 12.5023 c= 14.5915 al= 90.000 be= 91.465 ga= 90.000 V=  5190.6 Z~16.02
M20=    4.5 X20= 5 Nc= 52 Monoclinic-C     a= 22.9006 b=  4.3572 c= 31.1965 al= 90.000 be=110.836 ga= 90.000 V=  2909.3 Z~8.98
M20=    4.3 X20= 4 Nc= 62 Monoclinic-C     a= 22.8949 b=  5.8652 c= 31.2800 al= 90.000 be=110.941 ga= 90.000 V=  3922.9 Z~12.11
M20=    4.3 X20= 5 Nc= 54 Monoclinic-C     a= 22.9027 b=  4.3960 c= 29.2185 al= 90.000 be= 90.563 ga= 90.000 V=  2941.6 Z~9.08
M20=    4.3 X20= 0 Nc= 64 Monoclinic-C     a= 24.7622 b=  1.9621 c= 31.1760 al= 90.000 be=109.929 ga= 90.000 V=  1424.0 Z~4.40
M20=    4.3 X20= 0 Nc= 64 Monoclinic-C     a= 20.3217 b=  1.9611 c= 29.3444 al= 90.000 be= 92.813 ga= 90.000 V=  1168.1 Z~3.61
M20=    4.3 X20=12 Nc= 11 Monoclinic-C     a= 14.5408 b= 14.6526 c=  5.1373 al= 90.000 be=127.667 ga= 90.000 V=   866.4 Z~2.67
M20=    4.2 X20= 2 Nc= 63 Monoclinic-C     a= 26.5343 b= 12.6879 c= 14.5954 al= 90.000 be= 91.378 ga= 90.000 V=  4912.3 Z~15.16
M20=    4.2 X20= 2 Nc= 63 Monoclinic-C     a= 26.5343 b= 12.6879 c= 14.5954 al= 90.000 be= 91.378 ga= 90.000 V=  4912.3 Z~15.16
M20=    3.9 X20= 7 Nc= 16 Monoclinic-C     a=  7.6365 b= 14.6470 c= 11.9042 al= 90.000 be=105.710 ga= 90.000 V=  1281.8 Z~3.96
M20=    3.9 X20= 7 Nc= 16 Monoclinic-C     a=  7.6365 b= 14.6470 c= 11.9042 al= 90.000 be=105.710 ga= 90.000 V=  1281.8 Z~3.96
M20=    3.9 X20= 7 Nc= 16 Monoclinic-C     a=  7.6365 b= 14.6470 c= 11.9042 al= 90.000 be=105.710 ga= 90.000 V=  1281.8 Z~3.96
M20=    3.9 X20= 7 Nc= 16 Monoclinic-C     a=  7.6365 b= 14.6470 c= 11.9042 al= 90.000 be=105.710 ga= 90.000 V=  1281.8 Z~3.96
M20=    3.8 X20=12 Nc= 13 Monoclinic-C     a= 12.3486 b=  6.6692 c= 11.4633 al= 90.000 be= 92.040 ga= 90.000 V=   943.5 Z~2.91
M20=    3.8 X20= 5 Nc= 58 Monoclinic-C     a= 22.8994 b=  4.8626 c= 29.2223 al= 90.000 be= 90.479 ga= 90.000 V=  3253.8 Z~10.04
M20=    3.8 X20= 0 Nc= 70 Monoclinic-C     a= 18.8737 b=  2.8163 c= 33.2630 al= 90.000 be= 94.763 ga= 90.000 V=  1762.0 Z~5.44
M20=    3.8 X20= 0 Nc= 61 Monoclinic-C     a= 21.4989 b=  2.3701 c= 33.2971 al= 90.000 be= 95.421 ga= 90.000 V=  1689.0 Z~5.21
M20=    3.8 X20= 0 Nc= 61 Monoclinic-C     a= 21.0450 b=  2.3090 c= 33.9735 al= 90.000 be=102.655 ga= 90.000 V=  1610.8 Z~4.97
M20=    3.8 X20= 0 Nc= 61 Monoclinic-C     a= 21.4989 b=  1.8777 c= 33.2971 al= 90.000 be= 95.421 ga= 90.000 V=  1338.1 Z~4.13
M20=    3.8 X20= 0 Nc= 61 Monoclinic-C     a= 21.4989 b=  1.7855 c= 33.2971 al= 90.000 be= 95.421 ga= 90.000 V=  1272.4 Z~3.93
