N.B. Configuration file /root/.GSASII/config.ini does not exist
======================================================================
Module pyspg in '/opt/g2/GSAS-II/GSASII-bin/linux_64_p3.13_n2.2' could not be loaded
error msg: /lib/x86_64-linux-gnu/libm.so.6: version `GLIBC_2.38' not found (required by /opt/g2/GSAS-II/GSASII-bin/linux_64_p3.13_n2.2/pyspg.cpython-313-x86_64-linux-gnu.so)
======================================================================
*** ERROR: Unable to find GSAS-II binaries. Much of GSAS-II cannot function
binary load error: pyspg not found
pypowder is not available - profile calcs. not allowed
pydiffax is not available for this platform
pypowder is not available - profile calcs. not allowed
peaks used: [np.float64(5.7), np.float64(7.35), np.float64(8.55), np.float64(9.485), np.float64(10.064), np.float64(10.876), np.float64(11.487), np.float64(11.886), np.float64(12.393), np.float64(13.206), np.float64(13.778), np.float64(14.115), np.float64(15.19), np.float64(15.516), np.float64(16.532), np.float64(16.945), np.float64(17.322), np.float64(17.564), np.float64(18.139), np.float64(18.376)]
lattice parameter range =     2.500   77.462
Zero = 0.0000 Nc/No max = 4  Max Nc = 80
cell search for  Monoclinic-C
      M20  X20  Nc       a          b          c        alpha       beta      gamma     volume      V-test
     3.888  13  11   24.82509    8.12488    9.08526     90.000    104.148     90.000    1776.92    1836.08 Monoclinic-C
     3.888  13  11   34.16083    8.12488    9.08526     90.000    135.197     90.000    1776.92    1881.99 Monoclinic-C
     2.186  12  11   12.34776   13.40682   12.78482     90.000    109.212     90.000    1998.58    1929.04 Monoclinic-C
     2.027  13  11   13.04293   12.56376   12.90298     90.000    111.052     90.000    1973.26    2026.69 Monoclinic-C
     2.706  11  17    6.10351   12.56155   31.78220     90.000    103.270     90.000    2371.66    2129.29 Monoclinic-C
     2.706  11  17    6.10351   12.56155   30.95649     90.000     92.207     90.000    2371.66    2129.29 Monoclinic-C
     4.268  12  11   14.29777   24.01342    9.46268     90.000    135.058     90.000    2294.99    2237.09 Monoclinic-C
     2.486  10  12   11.80281   23.99053    8.96666     90.000    121.189     90.000    2171.98    2350.34 Monoclinic-C
     2.342  10  14   17.67986   16.34782    8.49957     90.000     95.543     90.000    2445.12    2793.82 Monoclinic-C
     3.515   0  37   24.76990    1.82558   30.90797     90.000     93.144     90.000    1395.54    2863.66 Monoclinic-C
     3.515   0  37   43.71047    2.05923   17.51496     90.000     93.144     90.000    1574.15    2935.26 Monoclinic-C
     2.001   9  16    8.37253   16.23411   25.69254     90.000    110.818     90.000    3264.15    3083.85 Monoclinic-C
     2.001   9  16    8.37253   16.23411   24.02708     90.000     91.810     90.000    3264.15    3083.85 Monoclinic-C
     3.515   0  37   24.76990    2.26712   30.90797     90.000     93.144     90.000    1733.07    3320.97 Monoclinic-C
     3.332   0  39   39.34853    5.41259   23.96694     90.000     92.306     90.000    5100.28    3576.32 Monoclinic-C
     3.515   0  37   24.76990    2.50586   30.90797     90.000     93.144     90.000    1915.57    3757.38 Monoclinic-C
     3.356   0  43   14.39815    2.61143   61.90665     90.000     94.868     90.000    2319.28    3947.59 Monoclinic-C
     2.212   1  32   23.47375   20.59843   12.09534     90.000     94.307     90.000    5831.85    4046.28 Monoclinic-C
     3.583   0  55   27.81061    1.80052   37.41165     90.000    105.104     90.000    1808.62    4147.44 Monoclinic-C
     3.752   0  43   23.25681    2.61194   37.92215     90.000     93.057     90.000    2300.32    4251.13 Monoclinic-C
     3.489   0  33   31.32299   14.73074   12.13250     90.000     99.990     90.000    5513.19    4357.40 Monoclinic-C
     2.204   0  31   14.85167   30.94411   12.39725     90.000     93.705     90.000    5685.52    4466.34 Monoclinic-C
     3.752   0  43   23.25681    2.88408   37.92215     90.000     93.057     90.000    2539.98    4578.00 Monoclinic-C
     2.204   0  31   14.85167   30.94411   12.39725     90.000     93.705     90.000    5685.52    4692.45 Monoclinic-C
     4.012   0  65   16.98070    1.99127   78.00307     90.000     95.077     90.000    2627.18    4809.76 Monoclinic-C
     3.471   1  60   29.06132    2.11088   43.11613     90.000    106.743     90.000    2532.82    4930.00 Monoclinic-C
     3.133   0  54   27.25161    1.34166   41.38303     90.000    102.101     90.000    1479.45    4930.00 Monoclinic-C
     4.781   0  55   21.50221    2.48250   50.44861     90.000     98.634     90.000    2662.39    5053.25 Monoclinic-C
     2.134   1  60   28.19617   18.52234   20.80941     90.000     96.277     90.000   10802.75    5179.58 Monoclinic-C
     4.307   0  48   40.47539   20.64121   17.82593     90.000    144.982     90.000    8546.05    5309.07 Monoclinic-C
     3.842   0  55   14.52798    2.65055   76.32841     90.000     91.365     90.000    2938.36    5441.80 Monoclinic-C
     3.912   0  46   69.63349    9.47900   12.03771     90.000    117.400     90.000    7054.21    5577.85 Monoclinic-C
     5.898   0  75   52.60472    1.90308   29.39090     90.000    108.416     90.000    2791.66    5717.29 Monoclinic-C
     2.207   1  50   35.55337    1.34568   28.86233     90.000    105.934     90.000    1327.82    5717.29 Monoclinic-C
     5.427   0  59   21.88227    2.45558   55.86673     90.000     91.080     90.000    3001.39    5860.22 Monoclinic-C
     2.038   2  45   14.95179    1.73636   61.42388     90.000     91.003     90.000    1594.42    5860.22 Monoclinic-C
     2.311   1  77   26.52035    2.32458   44.71558     90.000     95.486     90.000    2744.03    6006.73 Monoclinic-C
     6.238   0  53   17.82476   37.31834   15.65719     90.000     99.513     90.000   10271.80    6156.90 Monoclinic-C
     5.850   0  58   31.63728   11.44317   27.01029     90.000    112.123     90.000    9058.61    6310.82 Monoclinic-C
     5.103   0  50   41.30124   12.60320   15.56430     90.000     93.116     90.000    8089.68    6468.59 Monoclinic-C
     4.844   0  57   23.95499   20.50263   20.74731     90.000     94.429     90.000   10159.40    6630.31 Monoclinic-C
     5.153   0  77   32.39675    2.07947   50.82880     90.000     97.330     90.000    3396.26    6796.06 Monoclinic-C
     4.781   0  55   22.34401    1.47041   49.98610     90.000     93.788     90.000    1638.70    6796.06 Monoclinic-C
     9.146   0  54   16.54249   17.52158   31.09540     90.000     93.235     90.000    8998.66    6965.97 Monoclinic-C
     7.121   0  54   14.54655   21.32062   31.13586     90.000     93.218     90.000    9641.30    7501.58 Monoclinic-C
     9.146   0  54   16.54249   17.52158   31.09540     90.000     93.235     90.000    8998.66    7689.12 Monoclinic-C
    10.408   0  48   13.47185   61.94609   11.72960     90.000    114.704     90.000    8892.84    7881.35 Monoclinic-C
     9.146   0  54   16.54249   17.52158   31.09540     90.000     93.235     90.000    8998.66    8078.38 Monoclinic-C
     9.890   0  78   34.83357    2.58083   46.45264     90.000     91.656     90.000    4174.33    8280.34 Monoclinic-C
     7.121   0  54   14.54655   21.32062   31.13586     90.000     93.218     90.000    9641.30    8487.35 Monoclinic-C
     9.146   0  54   16.54249   17.52158   34.38780     90.000    115.469     90.000    8998.66    8699.54 Monoclinic-C
     9.146   0  54   16.54249   17.52158   31.09540     90.000     93.235     90.000    8998.66    8699.54 Monoclinic-C
     7.897   0  65   12.61873   40.34717   24.12332     90.000     95.377     90.000   12227.88    8917.02 Monoclinic-C
     5.511   0  56   18.69679   16.60816   31.77638     90.000    102.542     90.000    9631.72    9139.95 Monoclinic-C
Restart search, new Max Nc = 100
     2.482  13  11   12.72655   12.89700   12.80068     90.000    109.959     90.000    1974.83    1961.39 Monoclinic-C
     2.846  11  11    9.74191   30.86626    7.55972     90.000    109.933     90.000    2136.99    2112.20 Monoclinic-C
     2.087  10  13   17.14709   10.71099   13.42738     90.000    115.994     90.000    2216.64    2165.01 Monoclinic-C
     4.268  12  11   14.29777   24.01342    9.46268     90.000    135.058     90.000    2294.99    2331.48 Monoclinic-C
     3.203   9  14   10.29632   30.92332    7.82085     90.000    108.127     90.000    2366.54    2573.51 Monoclinic-C
     2.342  10  14   23.31290   16.34782    8.49957     90.000    130.990     90.000    2445.12    2637.85 Monoclinic-C
     2.342  10  14   17.67986   16.34782    8.49957     90.000     95.543     90.000    2445.12    2703.80 Monoclinic-C
     2.108  10  17   12.62728    8.71734   29.27654     90.000    124.207     90.000    2665.18    2771.39 Monoclinic-C
     2.108  10  17   12.62728    8.71734   24.51343     90.000     98.992     90.000    2665.18    2771.39 Monoclinic-C
     2.001   9  16    8.37253   16.23411   24.02708     90.000     91.810     90.000    3264.15    3059.10 Monoclinic-C
     2.071   1  43   28.75677    2.05769   30.86261     90.000     92.114     90.000    1824.97    3376.67 Monoclinic-C
     3.515   0  37   19.85709    2.20588   30.89135     90.000     92.521     90.000    1351.81    3461.09 Monoclinic-C
     2.793   0  45   38.02277    1.78717   24.19039     90.000    116.654     90.000    1469.12    3547.62 Monoclinic-C
     3.752   0  43   23.25681    2.35408   37.92215     90.000     93.057     90.000    2073.22    3727.22 Monoclinic-C
     3.515   0  37   43.71047    2.40298   17.51496     90.000     93.144     90.000    1836.93    3820.40 Monoclinic-C
     2.212   1  32   23.47375   20.59843   12.09534     90.000     94.307     90.000    5831.85    3915.91 Monoclinic-C
     2.041   1  57   32.48289    1.84246   36.42838     90.000     97.117     90.000    2163.38    4013.80 Monoclinic-C
     2.277   1  40   23.09157    1.30282   35.86673     90.000     94.667     90.000    1075.44    4013.80 Monoclinic-C
     4.781   0  55   22.11830    1.91972   50.48164     90.000     98.877     90.000    2117.82    4217.00 Monoclinic-C
     2.212   1  32   23.47375   20.59843   12.09534     90.000     94.307     90.000    5831.85    4322.43 Monoclinic-C
     3.980   0  38   36.85942    6.78217   21.34135     90.000    105.065     90.000    5151.69    4430.49 Monoclinic-C
     5.427   0  59   20.50628    2.03522   55.86552     90.000     91.012     90.000    2331.17    4541.25 Monoclinic-C
     2.322   1  44   14.57648    1.43912   61.95152     90.000     95.571     90.000    1293.44    4541.25 Monoclinic-C
     3.214   0  41    2.07468   35.50245   39.72950     90.000     97.501     90.000    2901.29    4654.78 Monoclinic-C
     8.107   0  56   23.48380   20.75714   32.73977     90.000    141.139     90.000   10013.41    4771.15 Monoclinic-C
     8.107   0  56   23.48380   20.75714   20.64022     90.000     95.587     90.000   10013.41    4771.15 Monoclinic-C
     3.515   0  37   19.85709    2.97801   30.89135     90.000     92.521     90.000    1824.98    4890.43 Monoclinic-C
     4.307   0  48   23.36076   20.64121   17.82593     90.000     96.152     90.000    8546.05    5012.69 Monoclinic-C
     5.179   0  53   17.68437   16.29738   31.22514     90.000     94.058     90.000    8976.80    5138.01 Monoclinic-C
     6.242   0  55   23.26648   20.90593   20.70683     90.000     95.820     90.000   10020.05    5266.46 Monoclinic-C
     4.781   0  55   20.91451    2.42599   49.97259     90.000     93.546     90.000    2530.67    5398.12 Monoclinic-C
     5.503   0  47   21.49737   41.93966   12.60076     90.000    129.586     90.000    8755.37    5533.07 Monoclinic-C
     4.285   0  62   24.37070    2.31555   47.29581     90.000     91.585     90.000    2667.96    5671.40 Monoclinic-C
     3.397   0  59   40.27927    9.54981   24.13053     90.000     90.866     90.000    9280.97    5813.19 Monoclinic-C
     4.507   0  47   31.36534    9.73557   24.43262     90.000     99.056     90.000    7367.73    5958.52 Monoclinic-C
     5.601   0  80   36.25733    1.98243   45.74016     90.000    105.974     90.000    3160.74    6107.48 Monoclinic-C
     5.153   0  77   32.06846    1.81035   51.32219     90.000    100.798     90.000    2926.75    6260.16 Monoclinic-C
     4.781   0  55   22.11830    1.28011   50.48164     90.000     98.877     90.000    1412.21    6260.16 Monoclinic-C
     8.317   0  90   18.69870   39.28538   25.11216     90.000    106.684     90.000   17670.41    6416.67 Monoclinic-C
     5.336   0  50   39.12423    7.68247   24.10902     90.000     92.286     90.000    7240.70    6577.09 Monoclinic-C
     6.781   0  68   21.86020   22.78627   25.14379     90.000    106.130     90.000   12031.40    6741.51 Monoclinic-C
     8.220   0  78   37.81246   17.04770   20.80186     90.000     98.986     90.000   13244.61    6910.05 Monoclinic-C
     9.146   0  54   16.54249   17.52158   31.09540     90.000     93.235     90.000    8998.66    7082.80 Monoclinic-C
     7.021   0  69   21.86534   22.75967   25.27539     90.000    105.782     90.000   12104.10    7627.40 Monoclinic-C
     8.107   0  56   23.48380   20.75714   20.64022     90.000     95.587     90.000   10013.41    7818.09 Monoclinic-C
     6.128   0  61   48.31454    4.96681   36.74851     90.000     97.681     90.000    8739.37    8013.54 Monoclinic-C
     7.890   0  69   28.99998   23.94882   21.22039     90.000    118.236     90.000   12984.14    8213.88 Monoclinic-C
     9.146   0  54   16.54249   17.52158   31.09540     90.000     93.235     90.000    8998.66    8419.23 Monoclinic-C
     7.121   0  54   14.54655   21.32062   35.09824     90.000    117.661     90.000    9641.30    8629.71 Monoclinic-C
     7.121   0  54   14.54655   21.32062   31.13586     90.000     93.218     90.000    9641.30    8629.71 Monoclinic-C
     8.053   0  57   28.51311   20.23727   21.34007     90.000    122.707     90.000   10361.36    8845.45 Monoclinic-C
    10.409   0  61   28.99370   10.82190   31.60906     90.000    101.861     90.000    9706.11    9066.59 Monoclinic-C
    11.043   0  82   49.25491    4.91387   51.69810     90.000    116.062     90.000   11240.35    9293.25 Monoclinic-C
Restart search, new Max Nc = 120
     2.083  11  10    9.19833   11.41908   15.50399     90.000     96.099     90.000    1619.27    1866.88 Monoclinic-C
     2.186  12  11   12.34776   13.40682   12.78482     90.000    109.212     90.000    1998.58    1961.39 Monoclinic-C
     5.992  13  10   19.32855   11.39707   10.45205     90.000    122.836     90.000    1934.59    2010.43 Monoclinic-C
     2.186  12  11   12.34776   13.40682   12.78482     90.000    109.212     90.000    1998.58    2165.01 Monoclinic-C
     2.087  10  13   17.14709   10.71099   13.42738     90.000    115.994     90.000    2216.64    2389.76 Monoclinic-C
     3.515   0  37   24.76990    2.13602   30.90797     90.000     93.144     90.000    1632.85    2984.49 Monoclinic-C
     2.001   9  16    8.37253   16.23411   24.02708     90.000     91.810     90.000    3264.15    3135.58 Monoclinic-C
     3.775   9  21   12.73356   10.70511   24.41013     90.000    100.054     90.000    3276.34    3294.32 Monoclinic-C
     2.218   1  32   49.53841    6.34103   15.58612     90.000    124.701     90.000    4025.13    3376.67 Monoclinic-C
     2.500   2  37    7.30185   40.15929   45.65764     90.000    148.145     90.000    7066.03    3547.62 Monoclinic-C
     2.500   2  37    7.30185   40.15929   39.64328     90.000    142.567     90.000    7066.03    3547.62 Monoclinic-C
     3.515   0  37   18.81939    2.35417   30.88831     90.000     92.390     90.000    1367.28    3636.31 Monoclinic-C
     2.159   2  28   24.58187   20.19770   10.64795     90.000    102.525     90.000    5160.85    3727.22 Monoclinic-C
finished cell search for Monoclinic-C, elapsed time = 0: 1:30.22
elapsed 90.22142601013184 ncells 120
M20=   11.0 X20= 0 Nc= 82 Monoclinic-C     a= 49.2549 b=  4.9139 c= 51.6981 al= 90.000 be=116.062 ga= 90.000 V= 11240.3 Z~12.01
M20=   10.4 X20= 0 Nc= 61 Monoclinic-C     a= 28.9937 b= 10.8219 c= 31.6091 al= 90.000 be=101.861 ga= 90.000 V=  9706.1 Z~10.37
M20=   10.4 X20= 0 Nc= 48 Monoclinic-C     a= 13.4718 b= 61.9461 c= 11.7296 al= 90.000 be=114.704 ga= 90.000 V=  8892.8 Z~9.50
M20=    9.9 X20= 0 Nc= 78 Monoclinic-C     a= 34.8336 b=  2.5808 c= 46.4526 al= 90.000 be= 91.656 ga= 90.000 V=  4174.3 Z~4.46
M20=    9.1 X20= 0 Nc= 54 Monoclinic-C     a= 16.5425 b= 17.5216 c= 31.0954 al= 90.000 be= 93.235 ga= 90.000 V=  8998.7 Z~9.61
M20=    9.1 X20= 0 Nc= 54 Monoclinic-C     a= 16.5425 b= 17.5216 c= 31.0954 al= 90.000 be= 93.235 ga= 90.000 V=  8998.7 Z~9.61
M20=    9.1 X20= 0 Nc= 54 Monoclinic-C     a= 16.5425 b= 17.5216 c= 31.0954 al= 90.000 be= 93.235 ga= 90.000 V=  8998.7 Z~9.61
M20=    9.1 X20= 0 Nc= 54 Monoclinic-C     a= 16.5425 b= 17.5216 c= 31.0954 al= 90.000 be= 93.235 ga= 90.000 V=  8998.7 Z~9.61
M20=    9.1 X20= 0 Nc= 54 Monoclinic-C     a= 16.5425 b= 17.5216 c= 31.0954 al= 90.000 be= 93.235 ga= 90.000 V=  8998.7 Z~9.61
M20=    9.1 X20= 0 Nc= 54 Monoclinic-C     a= 16.5425 b= 17.5216 c= 31.0954 al= 90.000 be= 93.235 ga= 90.000 V=  8998.7 Z~9.61
M20=    9.1 X20= 0 Nc= 54 Monoclinic-C     a= 16.5425 b= 17.5216 c= 34.3878 al= 90.000 be=115.469 ga= 90.000 V=  8998.7 Z~9.61
M20=    8.3 X20= 0 Nc= 90 Monoclinic-C     a= 18.6987 b= 39.2854 c= 25.1122 al= 90.000 be=106.684 ga= 90.000 V= 17670.4 Z~18.88
M20=    8.2 X20= 0 Nc= 78 Monoclinic-C     a= 37.8125 b= 17.0477 c= 20.8019 al= 90.000 be= 98.986 ga= 90.000 V= 13244.6 Z~14.15
M20=    8.1 X20= 0 Nc= 56 Monoclinic-C     a= 23.4838 b= 20.7571 c= 32.7398 al= 90.000 be=141.139 ga= 90.000 V= 10013.4 Z~10.70
M20=    8.1 X20= 0 Nc= 56 Monoclinic-C     a= 23.4838 b= 20.7571 c= 20.6402 al= 90.000 be= 95.587 ga= 90.000 V= 10013.4 Z~10.70
M20=    8.1 X20= 0 Nc= 56 Monoclinic-C     a= 23.4838 b= 20.7571 c= 20.6402 al= 90.000 be= 95.587 ga= 90.000 V= 10013.4 Z~10.70
M20=    8.1 X20= 0 Nc= 57 Monoclinic-C     a= 28.5131 b= 20.2373 c= 21.3401 al= 90.000 be=122.707 ga= 90.000 V= 10361.4 Z~11.07
M20=    7.9 X20= 0 Nc= 65 Monoclinic-C     a= 12.6187 b= 40.3472 c= 24.1233 al= 90.000 be= 95.377 ga= 90.000 V= 12227.9 Z~13.06
M20=    7.9 X20= 0 Nc= 69 Monoclinic-C     a= 29.0000 b= 23.9488 c= 21.2204 al= 90.000 be=118.236 ga= 90.000 V= 12984.1 Z~13.87
M20=    7.1 X20= 0 Nc= 54 Monoclinic-C     a= 14.5466 b= 21.3206 c= 31.1359 al= 90.000 be= 93.218 ga= 90.000 V=  9641.3 Z~10.30
M20=    7.1 X20= 0 Nc= 54 Monoclinic-C     a= 14.5466 b= 21.3206 c= 31.1359 al= 90.000 be= 93.218 ga= 90.000 V=  9641.3 Z~10.30
M20=    7.1 X20= 0 Nc= 54 Monoclinic-C     a= 14.5466 b= 21.3206 c= 31.1359 al= 90.000 be= 93.218 ga= 90.000 V=  9641.3 Z~10.30
M20=    7.1 X20= 0 Nc= 54 Monoclinic-C     a= 14.5466 b= 21.3206 c= 35.0982 al= 90.000 be=117.661 ga= 90.000 V=  9641.3 Z~10.30
M20=    7.0 X20= 0 Nc= 69 Monoclinic-C     a= 21.8653 b= 22.7597 c= 25.2754 al= 90.000 be=105.782 ga= 90.000 V= 12104.1 Z~12.93
M20=    6.8 X20= 0 Nc= 68 Monoclinic-C     a= 21.8602 b= 22.7863 c= 25.1438 al= 90.000 be=106.130 ga= 90.000 V= 12031.4 Z~12.85
M20=    6.2 X20= 0 Nc= 55 Monoclinic-C     a= 23.2665 b= 20.9059 c= 20.7068 al= 90.000 be= 95.820 ga= 90.000 V= 10020.0 Z~10.71
M20=    6.2 X20= 0 Nc= 53 Monoclinic-C     a= 17.8248 b= 37.3183 c= 15.6572 al= 90.000 be= 99.513 ga= 90.000 V= 10271.8 Z~10.97
M20=    6.1 X20= 0 Nc= 61 Monoclinic-C     a= 48.3145 b=  4.9668 c= 36.7485 al= 90.000 be= 97.681 ga= 90.000 V=  8739.4 Z~9.34
M20=    6.0 X20=13 Nc= 10 Monoclinic-C     a= 19.3286 b= 11.3971 c= 10.4520 al= 90.000 be=122.836 ga= 90.000 V=  1934.6 Z~2.07
M20=    5.9 X20= 0 Nc= 75 Monoclinic-C     a= 52.6047 b=  1.9031 c= 29.3909 al= 90.000 be=108.416 ga= 90.000 V=  2791.7 Z~2.98
