N.B. Configuration file /root/.GSASII/config.ini does not exist
======================================================================
Module pyspg in '/opt/g2/GSAS-II/GSASII-bin/linux_64_p3.13_n2.2' could not be loaded
error msg: /lib/x86_64-linux-gnu/libm.so.6: version `GLIBC_2.38' not found (required by /opt/g2/GSAS-II/GSASII-bin/linux_64_p3.13_n2.2/pyspg.cpython-313-x86_64-linux-gnu.so)
======================================================================
*** ERROR: Unable to find GSAS-II binaries. Much of GSAS-II cannot function
binary load error: pyspg not found
pypowder is not available - profile calcs. not allowed
pydiffax is not available for this platform
pypowder is not available - profile calcs. not allowed
lattice parameter range =     2.500   92.220
Zero = 0.0000 Nc/No max = 4  Max Nc = 80
cell search for  Orthorhombic-F
      M20  X20  Nc       a          b          c        alpha       beta      gamma     volume      V-test
     2.304  12  12    4.54952   21.24923   36.93345     90.000     90.000     90.000    3570.50    2934.77 Orthorhombic-F
     2.387   1  30    7.68460   17.88817   74.20285     90.000     90.000     90.000   10200.18    6920.04 Orthorhombic-F
     3.798   0  36   13.47379   13.98827   74.33304     90.000     90.000     90.000   14009.92   10131.63 Orthorhombic-F
     3.564   0  39    4.70114   48.44046   57.42027     90.000     90.000     90.000   13076.04   11144.79 Orthorhombic-F
     5.328   0  72    5.59008   39.26895  106.80456     90.000     90.000     90.000   23445.38   12259.27 Orthorhombic-F
     6.797   0  63    6.07105   40.82531   88.14341     90.000     90.000     90.000   21846.55   13485.19 Orthorhombic-F
     6.335   0  35    8.40081   36.82109   45.53618     90.000     90.000     90.000   14085.56   14833.71 Orthorhombic-F
     6.354   0  41   14.39722   30.42576   36.88288     90.000     90.000     90.000   16156.40   16317.09 Orthorhombic-F
     7.496   0  74   30.00248   38.97506   29.06961     90.000     90.000     90.000   33992.51   17948.79 Orthorhombic-F
Restart search, new Max Nc = 100
     2.387   1  30    7.68460   17.88817   74.20285     90.000     90.000     90.000   10200.18    7653.68 Orthorhombic-F
     2.259   1  45    2.87649   28.79397   62.27689     90.000     90.000     90.000    5158.12    8419.05 Orthorhombic-F
     2.811   0  33    7.08110   36.69570   45.12573     90.000     90.000     90.000   11725.73    9260.95 Orthorhombic-F
     3.666   0  49    7.80180   68.16991   36.79132     90.000     90.000     90.000   19567.38   10187.05 Orthorhombic-F
     3.798   0  36   13.47379   13.98827   74.33304     90.000     90.000     90.000   14009.92   11205.75 Orthorhombic-F
     5.993   0  62    5.73800   40.79391   88.21038     90.000     90.000     90.000   20647.89   12326.33 Orthorhombic-F
     5.065   0  41   15.27853   29.26770   36.94628     90.000     90.000     90.000   16521.18   13558.96 Orthorhombic-F
     9.363   0  61    7.18952   42.13509   76.07353     90.000     90.000     90.000   23045.02   14914.86 Orthorhombic-F
     4.654   0  51    6.42456   48.26858   57.35002     90.000     90.000     90.000   17784.48   16406.34 Orthorhombic-F
     7.496   0  74   30.00248   38.97506   29.06961     90.000     90.000     90.000   33992.51   18046.98 Orthorhombic-F
     5.504   0  52    8.35608   16.64192  147.39515     90.000     90.000     90.000   20496.96   19851.68 Orthorhombic-F
     7.235   0  80   29.07166   28.35324   44.11038     90.000     90.000     90.000   36359.11   21836.84 Orthorhombic-F
    11.983   0  88   23.83817   48.57764   36.22160     90.000     90.000     90.000   41944.68   24020.53 Orthorhombic-F
Restart search, new Max Nc = 120
     2.259   1  45    2.57061   28.79397   62.27689     90.000     90.000     90.000    4609.61    7653.68 Orthorhombic-F
     2.387   1  30    7.68460   17.88817   74.20285     90.000     90.000     90.000   10200.18    8419.05 Orthorhombic-F
     3.146   0  38   11.38286   15.86668   74.52161     90.000     90.000     90.000   13459.22   11205.75 Orthorhombic-F
     4.659   0  53    2.11371   27.80796   75.53359     90.000     90.000     90.000    4439.72   12326.33 Orthorhombic-F
     6.615   0  59    6.57222   41.95093   76.44212     90.000     90.000     90.000   21075.92   13558.96 Orthorhombic-F
     6.431   0  45    8.41358   17.95752  110.51575     90.000     90.000     90.000   16697.50   14914.86 Orthorhombic-F
     6.169   0  45    9.38074   16.29866  110.66482     90.000     90.000     90.000   16919.93   16406.34 Orthorhombic-F
     7.496   0  74   30.00248   38.97506   29.06961     90.000     90.000     90.000   33992.51   18046.98 Orthorhombic-F
     7.302   0  77   27.64508   40.24101   31.34572     90.000     90.000     90.000   34871.04   19851.68 Orthorhombic-F
     6.458   0  55   23.88666   27.19184   36.81202     90.000     90.000     90.000   23910.23   21836.84 Orthorhombic-F
     7.074   0  77   11.38304   58.95629   47.35940     90.000     90.000     90.000   31782.99   24020.53 Orthorhombic-F
     9.984   0  98   23.31251   35.96275   54.25889     90.000     90.000     90.000   45489.68   26422.58 Orthorhombic-F
    10.510   0  86   27.30111   29.08241   48.56435     90.000     90.000     90.000   38559.23   29064.84 Orthorhombic-F
    11.176   0  89   24.27108   34.14863   50.79047     90.000     90.000     90.000   42096.37   31971.32 Orthorhombic-F
    12.063   0  83   13.11252   48.45077   56.80480     90.000     90.000     90.000   36088.74   35168.46 Orthorhombic-F
    10.306   0 106   16.21186   25.92110  110.87518     90.000     90.000     90.000   46592.98   38685.30 Orthorhombic-F
    12.847   0 108    9.80469   60.79633   73.74697     90.000     90.000     90.000   43959.77   42553.83 Orthorhombic-F
    14.898   0 103   29.80861   36.86059   43.17362     90.000     90.000     90.000   47437.58   46809.21 Orthorhombic-F
Restart search, new Max Nc = 140
     2.304  12  12    4.64253   21.24923   36.93345     90.000     90.000     90.000    3643.49    6957.89 Orthorhombic-F
     2.629   0  39    2.88501   29.72826   53.93010     90.000     90.000     90.000    4625.38    8419.05 Orthorhombic-F
     3.070   0  39   12.10154   15.75443   73.95084     90.000     90.000     90.000   14098.94    9260.95 Orthorhombic-F
     3.577   0  36    4.44357   57.52414   48.41700     90.000     90.000     90.000   12376.00   10187.05 Orthorhombic-F
     3.146   0  38   11.38286   15.86668   74.52161     90.000     90.000     90.000   13459.22   11205.75 Orthorhombic-F
     3.481   0  38    4.61986   48.43074   57.43161     90.000     90.000     90.000   12849.93   12326.33 Orthorhombic-F
     4.779   0  66   10.47105   67.26099   36.97990     90.000     90.000     90.000   26044.70   13558.96 Orthorhombic-F
     6.354   0  41   14.39722   30.42576   36.88288     90.000     90.000     90.000   16156.40   14914.86 Orthorhombic-F
     6.431   0  45    8.41358   17.95752  110.51575     90.000     90.000     90.000   16697.50   16406.34 Orthorhombic-F
     8.186   0  68   12.61611   60.79025   36.84510     90.000     90.000     90.000   28257.85   18046.98 Orthorhombic-F
     6.813   0  63    7.51743   19.43548  147.54818     90.000     90.000     90.000   21557.50   19851.68 Orthorhombic-F
     9.945   0  94   26.70512   28.64714   55.65630     90.000     90.000     90.000   42578.47   21836.84 Orthorhombic-F
     6.495   0  89   12.60923   36.86169   81.03661     90.000     90.000     90.000   37665.62   24020.53 Orthorhombic-F
    10.068   0  71   13.90173   29.41154   73.66333     90.000     90.000     90.000   30118.82   26422.58 Orthorhombic-F
    10.866   0 100   23.68613   34.81462   54.78190     90.000     90.000     90.000   45174.45   29064.84 Orthorhombic-F
    20.261   0 131   21.09559   57.77321   50.52582     90.000     90.000     90.000   61578.83   31971.32 Orthorhombic-F
     9.022   0 104    5.60912   56.52715  111.08365     90.000     90.000     90.000   35221.02   35168.46 Orthorhombic-F
    13.496   0 127   17.97816   36.88637   86.27259     90.000     90.000     90.000   57211.59   38685.30 Orthorhombic-F
Restart search, new Max Nc = 160
     2.629   0  39    2.04918   29.72826   53.93010     90.000     90.000     90.000    3285.34    5750.32 Orthorhombic-F
     2.387   1  30    7.68460   17.88817   74.20285     90.000     90.000     90.000   10200.18    8419.05 Orthorhombic-F
     2.065   2  36    5.57326   18.04745  110.45314     90.000     90.000     90.000   11109.73   10187.05 Orthorhombic-F
     4.367   0  53    8.71962   66.69636   36.78319     90.000     90.000     90.000   21391.89   11205.75 Orthorhombic-F
     5.734   0  61   15.25338   44.44463   36.76705     90.000     90.000     90.000   24925.51   12326.33 Orthorhombic-F
     4.849   0  42   10.05535   36.88368   43.04978     90.000     90.000     90.000   15966.23   13558.96 Orthorhombic-F
     4.533   0  51    4.67695   40.70845   88.04698     90.000     90.000     90.000   16763.38   14914.86 Orthorhombic-F
     6.354   0  41   14.39722   30.42576   36.88288     90.000     90.000     90.000   16156.40   16406.34 Orthorhombic-F
     6.961   0  60    4.89886   54.03690   73.34851     90.000     90.000     90.000   19416.74   18046.98 Orthorhombic-F
     7.882   0  86   32.13716   25.43813   48.64527     90.000     90.000     90.000   39767.97   19851.68 Orthorhombic-F
     6.458   0  55   23.88666   27.19184   36.81202     90.000     90.000     90.000   23910.23   21836.84 Orthorhombic-F
     9.553   0  87   29.21714   26.85759   50.99041     90.000     90.000     90.000   40012.27   24020.53 Orthorhombic-F
     9.669   0  71   17.86908   36.94315   48.57684     90.000     90.000     90.000   32067.52   26422.58 Orthorhombic-F
     9.296   0  81   16.16239   36.87202   60.66516     90.000     90.000     90.000   36152.79   29064.84 Orthorhombic-F
    10.510   0  86   27.30111   29.08241   48.56435     90.000     90.000     90.000   38559.23   31971.32 Orthorhombic-F
    10.969   0  81   12.59845   48.29361   56.98956     90.000     90.000     90.000   34673.84   35168.46 Orthorhombic-F
    14.008   0 104   21.48308   29.34860   73.70088     90.000     90.000     90.000   46468.28   38685.30 Orthorhombic-F
finished cell search for Orthorhombic-F, elapsed time = 0: 0:23.43
cell search for  Orthorhombic-I
      M20  X20  Nc       a          b          c        alpha       beta      gamma     volume      V-test
     2.113   1  31    8.44414   23.83680   29.04586     90.000     90.000     90.000    5846.39    2934.77 Orthorhombic-I
     4.126   0  47    7.01136   19.46469   57.83421     90.000     90.000     90.000    7892.87    3906.18 Orthorhombic-I
     4.543   0  41    9.95294   21.53190   35.41091     90.000     90.000     90.000    7588.76    4296.80 Orthorhombic-I
     4.903   0  48    2.07765   29.42546   70.94598     90.000     90.000     90.000    4337.35    4726.48 Orthorhombic-I
     4.903   0  48    1.46912   29.42546   70.94598     90.000     90.000     90.000    3066.97    4726.48 Orthorhombic-I
     5.439   0  50   14.08717   23.69594   29.26700     90.000     90.000     90.000    9769.58    5199.13 Orthorhombic-I
     5.451   0  50    7.65651   19.50799   57.49393     90.000     90.000     90.000    8587.47    5719.04 Orthorhombic-I
     6.499   0  63    9.23195   19.09562   67.76564     90.000     90.000     90.000   11946.39    6290.94 Orthorhombic-I
     6.079   0  52   15.15927   27.12461   25.12851     90.000     90.000     90.000   10332.57    6920.04 Orthorhombic-I
     6.468   0  74    5.53355   22.88785   92.50015     90.000     90.000     90.000   11715.23    7612.04 Orthorhombic-I
     5.738   0  80    6.14202   22.95665   92.28833     90.000     90.000     90.000   13012.68    8373.25 Orthorhombic-I
     8.421   0  50    7.77428   32.17525   36.83913     90.000     90.000     90.000    9214.92    9210.57 Orthorhombic-I
     6.660   0  88    1.88776   57.51325   66.11165     90.000     90.000     90.000    7177.84   10131.63 Orthorhombic-I
     6.660   0  88    1.33485   57.51325   66.11165     90.000     90.000     90.000    5075.50   10131.63 Orthorhombic-I
     8.466   0  73    7.50104   36.80497   48.59644     90.000     90.000     90.000   13416.29   11144.79 Orthorhombic-I
     8.970   0  80    4.89736   47.87147   57.69642     90.000     90.000     90.000   13526.56   12259.27 Orthorhombic-I
    11.145   0  73    7.68845   36.86208   48.53701     90.000     90.000     90.000   13755.99   13485.19 Orthorhombic-I
    18.102   0  95    9.08748   29.47757   70.91264     90.000     90.000     90.000   18995.85   14833.71 Orthorhombic-I
     9.891   0 103    9.59946   23.36474   89.96387     90.000     90.000     90.000   20177.90   16317.09 Orthorhombic-I
     9.904   0 117    5.99925   57.36051   58.39587     90.000     90.000     90.000   20095.19   17948.79 Orthorhombic-I
    19.471   0 142    2.18207   70.70309   88.66966     90.000     90.000     90.000   13679.85   19743.67 Orthorhombic-I
    19.471   0 142    1.54295   70.70309   88.66966     90.000     90.000     90.000    9673.12   19743.67 Orthorhombic-I
    11.631   0 100   23.82733   28.99378   31.88275     90.000     90.000     90.000   22026.02   21718.04 Orthorhombic-I
     9.630   0 113   11.09639   29.56455   70.66946     90.000     90.000     90.000   23183.81   23889.85 Orthorhombic-I
    13.809   0 122   25.41067   26.79185   39.97793     90.000     90.000     90.000   27216.93   26278.83 Orthorhombic-I
Restart search, new Max Nc = 180
     4.157   0  43    9.75444   21.11348   37.95459     90.000     90.000     90.000    7816.75    3927.55 Orthorhombic-I
     3.508   1  35    5.31733    8.13055  110.92921     90.000     90.000     90.000    4795.78    4320.30 Orthorhombic-I
     5.250   0  49    9.78456   20.38746   43.98928     90.000     90.000     90.000    8775.08    4752.33 Orthorhombic-I
     4.903   0  48    2.03318   29.42546   70.94598     90.000     90.000     90.000    4244.50    5227.57 Orthorhombic-I
     4.903   0  48    1.43767   29.42546   70.94598     90.000     90.000     90.000    3001.31    5227.57 Orthorhombic-I
     5.547   0  60   10.27703   19.55926   55.58913     90.000     90.000     90.000   11174.03    5750.32 Orthorhombic-I
     6.110   0  64    2.07530   56.94673   48.56406     90.000     90.000     90.000    5739.38    6325.36 Orthorhombic-I
     6.110   0  64    1.46746   56.94673   48.56406     90.000     90.000     90.000    4058.35    6325.36 Orthorhombic-I
    10.841   0  69   11.94867   19.49669   57.70704     90.000     90.000     90.000   13443.40    6957.89 Orthorhombic-I
     8.421   0  50    7.77428   32.17525   36.83913     90.000     90.000     90.000    9214.92    7653.68 Orthorhombic-I
     6.034   0  81    6.14267   22.74845   95.13929     90.000     90.000     90.000   13294.40    8419.05 Orthorhombic-I
     9.399   0  70   11.02057   19.33910   60.96777     90.000     90.000     90.000   12993.93    9260.95 Orthorhombic-I
     6.085   0  64    5.11278   29.45246   70.90381     90.000     90.000     90.000   10676.97   10187.05 Orthorhombic-I
    11.118   0  70    8.10639   14.14858  110.64266     90.000     90.000     90.000   12690.03   11205.75 Orthorhombic-I
    11.145   0  73    7.68845   36.86208   48.53701     90.000     90.000     90.000   13755.99   12326.33 Orthorhombic-I
    11.888   0  94    5.70469   47.89454   57.59310     90.000     90.000     90.000   15735.78   13558.96 Orthorhombic-I
    11.837   0  76    9.75673   36.85220   41.37304     90.000     90.000     90.000   14875.96   14914.86 Orthorhombic-I
    13.612   0  90   20.98865   24.15577   38.60028     90.000     90.000     90.000   19570.22   16406.34 Orthorhombic-I
    10.803   0  98    7.03846   40.78001   62.04800     90.000     90.000     90.000   17809.54   18046.98 Orthorhombic-I
    13.866   0  99   22.73118   30.43807   31.49130     90.000     90.000     90.000   21788.62   19851.68 Orthorhombic-I
    12.466   0 100   13.64707   21.44913   73.68937     90.000     90.000     90.000   21570.18   21836.84 Orthorhombic-I
    17.689   0 154    5.53407   56.78214   84.42290     90.000     90.000     90.000   26528.74   24020.53 Orthorhombic-I
    19.182   0 133   13.98324   29.50277   70.95252     90.000     90.000     90.000   29271.06   26422.58 Orthorhombic-I
    17.158   0 137   26.80105   25.41931   45.54579     90.000     90.000     90.000   31028.72   29064.84 Orthorhombic-I
    13.082   0 143   20.29089   35.98445   44.36916     90.000     90.000     90.000   32396.43   31971.32 Orthorhombic-I
    13.955   0 173    7.82670   56.97266   77.82525     90.000     90.000     90.000   34702.90   35168.46 Orthorhombic-I
finished cell search for Orthorhombic-I, elapsed time = 0: 0:9.92
cell search for  Orthorhombic-A
      M20  X20  Nc       a          b          c        alpha       beta      gamma     volume      V-test
     2.374  12  13   18.44639    4.75022   21.25903     90.000     90.000     90.000    1862.81    2204.94 Orthorhombic-A
     2.259   1  45   44.03641   28.79397    2.56481     90.000     90.000     90.000    3252.14    3906.18 Orthorhombic-A
     5.420   0  40   10.88475   28.99749   23.83828     90.000     90.000     90.000    7524.09    4296.80 Orthorhombic-A
     3.114   0  41   36.91810    2.58575   31.43756     90.000     90.000     90.000    3001.05    4726.48 Orthorhombic-A
     5.420   0  40   10.88475   28.99749   23.83828     90.000     90.000     90.000    7524.09    5199.13 Orthorhombic-A
     6.181   0  66   47.74764    1.79629   41.28486     90.000     90.000     90.000    3540.95    5719.04 Orthorhombic-A
     3.684   0  48   47.91125    1.18998   28.30295     90.000     90.000     90.000    1613.64    5719.04 Orthorhombic-A
     4.203   1  58   57.62835   27.57312    1.87774     90.000     90.000     90.000    2983.71    6290.94 Orthorhombic-A
     3.391   0  44   55.22655   22.30594    1.32776     90.000     90.000     90.000    1635.64    6290.94 Orthorhombic-A
     4.776   0  46   36.67079   16.56937   14.46707     90.000     90.000     90.000    8790.37    6920.04 Orthorhombic-A
     5.469   0  58   32.38926   44.85606    7.10784     90.000     90.000     90.000   10326.66    7612.04 Orthorhombic-A
     6.454   0  82   18.44306   63.85659   13.85311     90.000     90.000     90.000   16314.96    8373.25 Orthorhombic-A
     7.643   0  66   18.41812   14.33363   48.95819     90.000     90.000     90.000   12924.89    9210.57 Orthorhombic-A
     8.331   0  72   22.14252   23.70099   29.33622     90.000     90.000     90.000   15395.64   10131.63 Orthorhombic-A
    10.198   0  63   30.37750   36.82999   10.70990     90.000     90.000     90.000   11982.27   11144.79 Orthorhombic-A
    12.375   0 104   26.92176   39.96226   20.79993     90.000     90.000     90.000   22377.69   12259.27 Orthorhombic-A
     9.438   0  82   36.86941   15.81854   29.34892     90.000     90.000     90.000   17116.89   13485.19 Orthorhombic-A
     8.331   0  72   22.14252   23.70099   29.33622     90.000     90.000     90.000   15395.64   14833.71 Orthorhombic-A
    13.823   0  83   15.67432   36.83526   29.34769     90.000     90.000     90.000   16944.41   16317.09 Orthorhombic-A
    15.747   0 155   29.70529   60.36182   19.37790     90.000     90.000     90.000   34745.84   17948.79 Orthorhombic-A
    12.471   0 106    3.07369   56.87080   78.87225     90.000     90.000     90.000   13787.14   19743.67 Orthorhombic-A
    12.471   0 103    2.17343   56.87080   78.87225     90.000     90.000     90.000    9748.98   19743.67 Orthorhombic-A
Restart search, new Max Nc = 200
     3.063   1  30    7.60283   25.27997   27.11991     90.000     90.000     90.000    5212.43    3927.55 Orthorhombic-A
     5.420   0  40   10.88475   23.83828   28.99749     90.000     90.000     90.000    7524.09    4320.30 Orthorhombic-A
     5.420   0  40   10.88475   28.99749   23.83828     90.000     90.000     90.000    7524.09    4752.33 Orthorhombic-A
     2.410   1  46    7.03880   55.42875   19.54381     90.000     90.000     90.000    7625.06    5227.57 Orthorhombic-A
     5.420   0  40   10.88475   23.83828   28.99749     90.000     90.000     90.000    7524.09    5750.32 Orthorhombic-A
     3.496   0  39   28.71029    4.56941   48.43975     90.000     90.000     90.000    6354.77    6325.36 Orthorhombic-A
     6.130   0  47   27.28094   36.85874    8.68588     90.000     90.000     90.000    8734.01    6957.89 Orthorhombic-A
     4.961   0  42   18.47061   25.28952   17.89086     90.000     90.000     90.000    8357.05    8419.05 Orthorhombic-A
     5.693   0  60    6.33147   73.76553   21.45366     90.000     90.000     90.000   10019.81    9260.95 Orthorhombic-A
     7.842   0  74   21.48118   22.34270   32.41392     90.000     90.000     90.000   15556.98   10187.05 Orthorhombic-A
     8.556   0  55   16.69935   27.28467   25.05691     90.000     90.000     90.000   11416.84   11205.75 Orthorhombic-A
    10.909   0 107   24.47830   47.26440   19.99150     90.000     90.000     90.000   23129.21   12326.33 Orthorhombic-A
     7.264   0  92   47.71858    5.70133   58.35006     90.000     90.000     90.000   15874.67   13558.96 Orthorhombic-A
    10.533   0  79   36.92229   25.20379   18.01570     90.000     90.000     90.000   16765.08   14914.86 Orthorhombic-A
    12.312   0  97   36.84376    7.64756   66.45159     90.000     90.000     90.000   18723.73   16406.34 Orthorhombic-A
    15.415   0 125   37.77346   31.54371   22.70820     90.000     90.000     90.000   27057.16   18046.98 Orthorhombic-A
    12.293   0  92   29.38853   28.80895   23.94462     90.000     90.000     90.000   20272.77   19851.68 Orthorhombic-A
    11.940   0 113   24.29353   27.67732   36.85225     90.000     90.000     90.000   24778.71   21836.84 Orthorhombic-A
    15.889   0 143   13.49719   36.86401   60.72636     90.000     90.000     90.000   30215.05   24020.53 Orthorhombic-A
    14.602   0 128   24.23159   56.78931   20.78346     90.000     90.000     90.000   28600.02   26422.58 Orthorhombic-A
    17.649   0 128   26.97893   28.23347   36.84663     90.000     90.000     90.000   28066.41   29064.84 Orthorhombic-A
    18.279   0 182   53.87550  110.50800    5.26071     90.000     90.000     90.000   31320.54   31971.32 Orthorhombic-A
    17.198   0 163   26.71685   30.18407   47.61155     90.000     90.000     90.000   38395.07   35168.46 Orthorhombic-A
    17.991   0 174   50.53674   26.90209   29.26240     90.000     90.000     90.000   39783.51   38685.30 Orthorhombic-A
Restart search, new Max Nc = 220
     2.482   1  33    8.62918   22.40132   32.50976     90.000     90.000     90.000    6284.30    3570.50 Orthorhombic-A
     4.404   0  52    2.01649   22.91863   92.41209     90.000     90.000     90.000    4270.83    3927.55 Orthorhombic-A
     4.404   0  52    1.42587   22.91863   92.41209     90.000     90.000     90.000    3019.94    3927.55 Orthorhombic-A
     5.420   0  40   10.88475   23.83828   28.99749     90.000     90.000     90.000    7524.09    4320.30 Orthorhombic-A
     5.420   0  40   10.88475   28.99749   23.83828     90.000     90.000     90.000    7524.09    4752.33 Orthorhombic-A
     5.420   0  40   10.88475   23.83828   28.99749     90.000     90.000     90.000    7524.09    5227.57 Orthorhombic-A
     5.420   0  40   10.88475   28.99749   23.83828     90.000     90.000     90.000    7524.09    5750.32 Orthorhombic-A
     5.474   0  86    1.85249   40.28403   91.91009     90.000     90.000     90.000    6858.85    6325.36 Orthorhombic-A
     5.474   0  86    1.30991   40.28403   91.91009     90.000     90.000     90.000    4849.94    6325.36 Orthorhombic-A
     5.266   0  67    4.82255   22.50089   96.96180     90.000     90.000     90.000   10521.48    6957.89 Orthorhombic-A
     4.625   0  47    7.36735   36.95564   30.54916     90.000     90.000     90.000    8317.48    7653.68 Orthorhombic-A
     5.851   0  66   47.63847   41.39480    1.96890     90.000     90.000     90.000    3882.63    8419.05 Orthorhombic-A
     2.028   1  49   48.36689   28.28393    1.39222     90.000     90.000     90.000    1904.56    8419.05 Orthorhombic-A
     8.331   0  72   22.14252   29.33622   23.70099     90.000     90.000     90.000   15395.64    9260.95 Orthorhombic-A
     7.064   0  51   12.62680   21.01132   38.28960     90.000     90.000     90.000   10158.46   10187.05 Orthorhombic-A
     9.128   0  72    7.53257   48.58002   36.80529     90.000     90.000     90.000   13468.24   11205.75 Orthorhombic-A
     7.724   0  97   23.47339   20.41237   43.96762     90.000     90.000     90.000   21066.97   12326.33 Orthorhombic-A
    11.645   0  75   24.25458   56.76983   10.20972     90.000     90.000     90.000   14058.05   13558.96 Orthorhombic-A
    15.074   0 107   26.20781   43.27844   20.36203     90.000     90.000     90.000   23095.29   14914.86 Orthorhombic-A
     9.919   0  97   10.95671   73.79581   23.92238     90.000     90.000     90.000   19342.66   16406.34 Orthorhombic-A
    12.308   0  92   55.34888   21.28568   16.89753     90.000     90.000     90.000   19907.63   18046.98 Orthorhombic-A
    12.118   0 124   48.54959    5.83258   73.55868     90.000     90.000     90.000   20829.57   19851.68 Orthorhombic-A
    18.043   0 116   60.79504   36.87825    9.89923     90.000     90.000     90.000   22194.23   21836.84 Orthorhombic-A
    11.088   0 136   30.44404   92.50742    9.58700     90.000     90.000     90.000   26999.85   24020.53 Orthorhombic-A
    15.300   0 128   29.12526   95.40166    9.34500     90.000     90.000     90.000   25966.01   24020.53 Orthorhombic-A
    13.570   0 117   36.87849   33.59707   20.91524     90.000     90.000     90.000   25914.17   26422.58 Orthorhombic-A
    17.711   0 148   39.06636   30.40464   28.85199     90.000     90.000     90.000   34270.36   29064.84 Orthorhombic-A
    23.044   0 188   72.09947   15.25859   38.11188     90.000     90.000     90.000   41928.25   31971.32 Orthorhombic-A
    18.951   0 213   63.78819   74.21839    9.24595     90.000     90.000     90.000   43772.68   35168.46 Orthorhombic-A
    17.191   0 217   92.28599    6.17160   68.30149     90.000     90.000     90.000   38901.26   38685.30 Orthorhombic-A
    22.269   0 190   16.83592   70.64385   36.87613     90.000     90.000     90.000   43858.77   42553.83 Orthorhombic-A
Restart search, new Max Nc = 240
     5.420   0  40   10.88475   28.99749   23.83828     90.000     90.000     90.000    7524.09    3927.55 Orthorhombic-A
     2.163   1  27   18.42404   15.22141   18.05141     90.000     90.000     90.000    5062.33    4320.30 Orthorhombic-A
     5.420   0  40   10.88475   28.99749   23.83828     90.000     90.000     90.000    7524.09    4752.33 Orthorhombic-A
     2.713   1  42   18.41656   49.74613    8.12313     90.000     90.000     90.000    7442.03    5227.57 Orthorhombic-A
     5.481   0  51   10.58442   20.45287   43.70153     90.000     90.000     90.000    9460.59    5750.32 Orthorhombic-A
     3.627   0  46   36.97209   15.61736   14.65918     90.000     90.000     90.000    8464.30    6325.36 Orthorhombic-A
     5.420   0  40   10.88475   28.99749   23.83828     90.000     90.000     90.000    7524.09    6957.89 Orthorhombic-A
     5.875   0  41   10.22849   32.26182   22.49487     90.000     90.000     90.000    7423.08    7653.68 Orthorhombic-A
     5.587   0  72   18.45406   11.94435   66.65314     90.000     90.000     90.000   14691.80    8419.05 Orthorhombic-A
     5.851   0  66   47.63847    2.70826   41.39480     90.000     90.000     90.000    5340.64    9260.95 Orthorhombic-A
     2.028   1  49   48.36689    1.91503   28.28393     90.000     90.000     90.000    2619.77    9260.95 Orthorhombic-A
    11.645   0  75   24.25458   10.20972   56.76983     90.000     90.000     90.000   14058.05   10187.05 Orthorhombic-A
     8.556   0  55   16.69935   25.05691   27.28467     90.000     90.000     90.000   11416.84   11205.75 Orthorhombic-A
    10.909   0 107   24.47830   47.26440   19.99150     90.000     90.000     90.000   23129.21   12326.33 Orthorhombic-A
     9.438   0  82   36.86941   15.81854   29.34892     90.000     90.000     90.000   17116.89   13558.96 Orthorhombic-A
    11.403   0  96   79.84574   36.14060    2.74125     90.000     90.000     90.000    7910.34   14914.86 Orthorhombic-A
     2.523   1  75   80.70288   26.03051    1.93835     90.000     90.000     90.000    4071.97   14914.86 Orthorhombic-A
    15.681   0  80   25.35005   24.98028   27.26192     90.000     90.000     90.000   17263.64   16406.34 Orthorhombic-A
    15.237   0 175    7.71518   56.90141   78.40827     90.000     90.000     90.000   34421.59   18046.98 Orthorhombic-A
    11.679   0 112   49.02754    8.30697   55.86051     90.000     90.000     90.000   22750.32   19851.68 Orthorhombic-A
    13.372   0 118   79.84176    4.93426   51.09360     90.000     90.000     90.000   20128.85   21836.84 Orthorhombic-A
    15.901   0 147   70.47071   43.25137    9.75188     90.000     90.000     90.000   29723.28   24020.53 Orthorhombic-A
    19.010   0 143   40.28343    7.12310   92.17176     90.000     90.000     90.000   26448.05   26422.58 Orthorhombic-A
    23.161   0 158    6.18528   56.89567   78.90143     90.000     90.000     90.000   27766.64   29064.84 Orthorhombic-A
    14.848   0 140   36.84178   21.47525   40.57353     90.000     90.000     90.000   32101.23   31971.32 Orthorhombic-A
    22.482   0 154   18.47968   40.20592   46.14022     90.000     90.000     90.000   34281.83   35168.46 Orthorhombic-A
    24.440   0 206   72.80380   10.10820   56.76860     90.000     90.000     90.000   41776.89   38685.30 Orthorhombic-A
    34.172   0 217  108.12420    9.73216   42.85155     90.000     90.000     90.000   45091.91   38685.30 Orthorhombic-A
    21.018   0 191   13.99658   59.43835   50.87312     90.000     90.000     90.000   42323.05   42553.83 Orthorhombic-A
    28.990   0 193   29.07326   59.51801   26.03406     90.000     90.000     90.000   45048.88   46809.21 Orthorhombic-A
    23.675   0 239   23.85125   21.85739  103.20083     90.000     90.000     90.000   53801.30   51490.14 Orthorhombic-A
    14.807   0 237   39.58252   41.79368   34.46413     90.000     90.000     90.000   57013.99   56639.15 Orthorhombic-A
Restart search, new Max Nc = 260
     3.285   0  32    7.58386   32.44615   22.42540     90.000     90.000     90.000    5518.15    3927.55 Orthorhombic-A
     2.278   0  30   36.99721    7.49751   17.88592     90.000     90.000     90.000    4961.32    4320.30 Orthorhombic-A
     2.781   0  34   22.52605   36.68110    7.36265     90.000     90.000     90.000    6083.61    4752.33 Orthorhombic-A
     5.420   0  40   10.88475   28.99749   23.83828     90.000     90.000     90.000    7524.09    5227.57 Orthorhombic-A
     5.420   0  40   10.88475   23.83828   28.99749     90.000     90.000     90.000    7524.09    5750.32 Orthorhombic-A
     6.110   0  64    1.81893   56.94673   48.56406     90.000     90.000     90.000    5030.36    6325.36 Orthorhombic-A
     6.110   0  64    1.28617   56.94673   48.56406     90.000     90.000     90.000    3557.00    6325.36 Orthorhombic-A
     5.851   0  66   47.63847    1.99333   41.39480     90.000     90.000     90.000    3930.81    6957.89 Orthorhombic-A
     2.028   1  49   48.36689    1.40949   28.28393     90.000     90.000     90.000    1928.20    6957.89 Orthorhombic-A
     8.806   0  68   18.45594   48.58845   15.20836     90.000     90.000     90.000   13638.03    7653.68 Orthorhombic-A
     7.802   0  79   12.61309   64.72384   19.20020     90.000     90.000     90.000   15674.42    8419.05 Orthorhombic-A
     7.816   0  65   10.62945   57.67206   19.47921     90.000     90.000     90.000   11941.19    9260.95 Orthorhombic-A
    10.575   0  74   21.53776   34.78893   21.70017     90.000     90.000     90.000   16259.41   10187.05 Orthorhombic-A
     7.816   0  65   10.62945   57.67206   19.47921     90.000     90.000     90.000   11941.19   11205.75 Orthorhombic-A
     9.429   0  73   77.14560   26.84636    2.94547     90.000     90.000     90.000    6100.30   12326.33 Orthorhombic-A
     4.315   0  55   73.45241   19.95181    2.08276     90.000     90.000     90.000    3052.31   12326.33 Orthorhombic-A
    10.673   0  95   22.04520   19.99527   47.33393     90.000     90.000     90.000   20864.78   13558.96 Orthorhombic-A
    10.533   0  79   36.92229   25.20379   18.01570     90.000     90.000     90.000   16765.08   14914.86 Orthorhombic-A
    15.681   0  80   25.35005   27.26192   24.98028     90.000     90.000     90.000   17263.64   16406.34 Orthorhombic-A
    15.681   0  80   25.35005   24.98028   27.26192     90.000     90.000     90.000   17263.64   18046.98 Orthorhombic-A
    16.176   0 100   36.93638   10.87278   49.83138     90.000     90.000     90.000   20012.33   19851.68 Orthorhombic-A
    19.214   0 115   26.77474  101.87384    8.16676     90.000     90.000     90.000   22276.02   21836.84 Orthorhombic-A
    18.680   0 152   28.44430   40.03654   30.38896     90.000     90.000     90.000   34607.29   24020.53 Orthorhombic-A
    17.873   0 135   55.24780   33.71827   15.54969     90.000     90.000     90.000   28966.90   26422.58 Orthorhombic-A
    23.522   0 155   14.02688  147.58331   14.70679     90.000     90.000     90.000   30445.02   29064.84 Orthorhombic-A
    19.524   0 154   70.94013    6.93975   58.90870     90.000     90.000     90.000   29001.16   31971.32 Orthorhombic-A
    33.798   0 184   14.11074   24.31557  110.60310     90.000     90.000     90.000   37949.11   35168.46 Orthorhombic-A
    24.287   0 200   51.89538   52.40304   16.14917     90.000     90.000     90.000   43917.27   38685.30 Orthorhombic-A
    23.191   0 239    5.34758   70.33212  110.66763     90.000     90.000     90.000   41622.81   42553.83 Orthorhombic-A
    20.325   0 205   41.74339   15.02518   73.82894     90.000     90.000     90.000   46305.65   46809.21 Orthorhombic-A
finished cell search for Orthorhombic-A, elapsed time = 0: 0:26.75
cell search for  Orthorhombic-B
      M20  X20  Nc       a          b          c        alpha       beta      gamma     volume      V-test
     2.759  13   9    6.48428   18.41790    9.27222     90.000     90.000     90.000    1107.35    1656.60 Orthorhombic-B
     2.482   1  33   32.50976    8.62918   22.40132     90.000     90.000     90.000    6284.30    3551.07 Orthorhombic-B
     5.875   0  41   32.26182   10.22849   22.49487     90.000     90.000     90.000    7423.08    3906.18 Orthorhombic-B
     5.420   0  40   23.83828   10.88475   28.99749     90.000     90.000     90.000    7524.09    4296.80 Orthorhombic-B
     5.112   0  46    4.65776   38.06898   42.15079     90.000     90.000     90.000    7474.02    4726.48 Orthorhombic-B
     4.659   0  53   27.80796   53.41031    1.83979     90.000     90.000     90.000    2732.51    5199.13 Orthorhombic-B
     6.727   0  54   50.22039   18.45187   10.66329     90.000     90.000     90.000    9881.24    5719.04 Orthorhombic-B
     4.903   0  48   29.42546    2.53473   70.94598     90.000     90.000     90.000    5291.54    6290.94 Orthorhombic-B
     4.903   0  48   29.42546    1.79232   70.94598     90.000     90.000     90.000    3741.68    6290.94 Orthorhombic-B
     5.420   0  40   23.83828   10.88475   28.99749     90.000     90.000     90.000    7524.09    6920.04 Orthorhombic-B
     5.445   0  73   89.59237   18.48253    8.33135     90.000     90.000     90.000   13795.82    7612.04 Orthorhombic-B
     6.271   0  74   88.02146    5.68770   23.79796     90.000     90.000     90.000   11914.19    8373.25 Orthorhombic-B
     6.392   0  69   25.49108   21.77022   26.72725     90.000     90.000     90.000   14832.19    9210.57 Orthorhombic-B
     6.468   0  57   56.94992   24.23427    7.30745     90.000     90.000     90.000   10085.30   10131.63 Orthorhombic-B
    11.753   0  97   62.01802    7.19201   40.81265     90.000     90.000     90.000   18203.83   11144.79 Orthorhombic-B
     9.429   0  73    2.86818   77.14560   26.84636     90.000     90.000     90.000    5940.23   12259.27 Orthorhombic-B
     4.315   0  55    2.02811   73.45241   19.95181     90.000     90.000     90.000    2972.21   12259.27 Orthorhombic-B
     7.575   0 114  152.02943    6.31943   19.75275     90.000     90.000     90.000   18977.23   13485.19 Orthorhombic-B
     8.625   0  80   36.82681   30.45856   14.39584     90.000     90.000     90.000   16147.69   14833.71 Orthorhombic-B
    13.994   0  80   30.35222   14.41520   36.90434     90.000     90.000     90.000   16146.88   16317.09 Orthorhombic-B
    15.681   0  80   27.26192   25.35005   24.98028     90.000     90.000     90.000   17263.64   17948.79 Orthorhombic-B
    20.868   0 198  242.38512   19.34995    8.10634     90.000     90.000     90.000   38019.88   19743.67 Orthorhombic-B
    13.069   0 116   18.50217   25.50873   53.41524     90.000     90.000     90.000   25210.23   21718.04 Orthorhombic-B
    18.680   0 152   30.38896   28.44430   40.03654     90.000     90.000     90.000   34607.29   23889.85 Orthorhombic-B
    15.283   0 140   22.21651   42.96004   32.95099     90.000     90.000     90.000   31449.15   26278.83 Orthorhombic-B
    21.427   0 167   40.98596   18.43387   49.04470     90.000     90.000     90.000   37054.74   28906.71 Orthorhombic-B
    17.544   0 152  147.37416   16.58486   13.03336     90.000     90.000     90.000   31855.88   31797.38 Orthorhombic-B
    20.441   0 159   39.10705   18.43842   48.54646     90.000     90.000     90.000   35005.49   34977.12 Orthorhombic-B
    19.418   0 207  221.31868   22.06948    8.37762     90.000     90.000     90.000   40919.57   38474.83 Orthorhombic-B
    34.622   0 232   32.11560    7.35052  184.39179     90.000     90.000     90.000   43528.69   42322.32 Orthorhombic-B
Restart search, new Max Nc = 280
     5.420   0  40   28.99749   10.88475   23.83828     90.000     90.000     90.000    7524.09    3927.55 Orthorhombic-B
     5.420   0  40   23.83828   10.88475   28.99749     90.000     90.000     90.000    7524.09    4320.30 Orthorhombic-B
     5.420   0  40   28.99749   10.88475   23.83828     90.000     90.000     90.000    7524.09    4752.33 Orthorhombic-B
     5.166   0  52   68.20579   18.41195    7.62492     90.000     90.000     90.000    9575.38    5227.57 Orthorhombic-B
     4.659   0  53   27.80796   53.41031    1.91024     90.000     90.000     90.000    2837.15    5750.32 Orthorhombic-B
     4.659   0  53   27.80796   53.41031    2.02325     90.000     90.000     90.000    3005.00    6325.36 Orthorhombic-B
     5.875   0  41   32.26182   10.22849   22.49487     90.000     90.000     90.000    7423.08    6957.89 Orthorhombic-B
     7.982   0  71   69.78179    1.81246   43.28079     90.000     90.000     90.000    5474.02    7653.68 Orthorhombic-B
     7.982   0  71   69.78179    1.28161   43.28079     90.000     90.000     90.000    3870.72    7653.68 Orthorhombic-B
     5.502   0  52    6.54409   28.57508   48.40581     90.000     90.000     90.000    9051.79    8419.05 Orthorhombic-B
     5.320   0  63   43.00437   37.01753    7.02755     90.000     90.000     90.000   11187.27    9260.95 Orthorhombic-B
     7.530   0  62   11.67087   36.78797   27.21647     90.000     90.000     90.000   11685.33   10187.05 Orthorhombic-B
     7.792   0  73   48.59240    7.89832   36.87853     90.000     90.000     90.000   14153.92   11205.75 Orthorhombic-B
    12.778   0  99   38.46961   26.96557   20.98367     90.000     90.000     90.000   21767.51   12326.33 Orthorhombic-B
    15.074   0 107   43.27844   26.20781   20.36203     90.000     90.000     90.000   23095.29   13558.96 Orthorhombic-B
    10.770   0 129   19.78601   28.90191   50.49868     90.000     90.000     90.000   28877.84   14914.86 Orthorhombic-B
    14.902   0 114   18.25726   29.65916   47.07306     90.000     90.000     90.000   25489.83   14914.86 Orthorhombic-B
    15.681   0  80   24.98028   25.35005   27.26192     90.000     90.000     90.000   17263.64   16406.34 Orthorhombic-B
    14.009   0 109   36.89181    4.88065  100.98847     90.000     90.000     90.000   18183.59   18046.98 Orthorhombic-B
    11.904   0  99   15.19141   25.44205   53.56315     90.000     90.000     90.000   20702.20   19851.68 Orthorhombic-B
    14.520   0 123   44.09415   30.41445   20.30650     90.000     90.000     90.000   27233.04   21836.84 Orthorhombic-B
    23.523   0 130    9.76768   53.27835   51.08938     90.000     90.000     90.000   26587.22   24020.53 Orthorhombic-B
    15.227   0 150    6.89231  129.22662   29.58850     90.000     90.000     90.000   26353.59   26422.58 Orthorhombic-B
    19.077   0 138   23.62782   44.15660   29.51248     90.000     90.000     90.000   30791.09   29064.84 Orthorhombic-B
    25.946   0 225   72.13573   25.17334   29.22628     90.000     90.000     90.000   53071.92   31971.32 Orthorhombic-B
    24.964   0 165   20.54457   43.90514   41.67439     90.000     90.000     90.000   37590.81   35168.46 Orthorhombic-B
    23.790   0 203  101.87060   53.36693    6.99926     90.000     90.000     90.000   38051.61   38685.30 Orthorhombic-B
    17.881   0 190   48.47615   28.43906   32.07725     90.000     90.000     90.000   44222.21   42553.83 Orthorhombic-B
    25.324   0 212   34.24213   92.15488   14.63838     90.000     90.000     90.000   46192.55   46809.21 Orthorhombic-B
    30.009   0 239   16.16978   45.38879   73.75391     90.000     90.000     90.000   54129.96   51490.14 Orthorhombic-B
finished cell search for Orthorhombic-B, elapsed time = 0: 0:13.12
cell search for  Orthorhombic-C
      M20  X20  Nc       a          b          c        alpha       beta      gamma     volume      V-test
     3.063   1  30   25.27997   27.11991    7.60283     90.000     90.000     90.000    5212.43    3551.07 Orthorhombic-C
     4.404   0  52   22.91863   92.41209    1.99704     90.000     90.000     90.000    4229.65    3906.18 Orthorhombic-C
     4.404   0  52   22.91863   92.41209    1.41212     90.000     90.000     90.000    2990.82    3906.18 Orthorhombic-C
     5.420   0  40   28.99749   23.83828   10.88475     90.000     90.000     90.000    7524.09    4296.80 Orthorhombic-C
     2.607   0  42   40.83292   20.67270    8.96226     90.000     90.000     90.000    7565.28    5199.13 Orthorhombic-C
     3.926   0  67    1.80242   39.85693   48.99903     90.000     90.000     90.000    3520.04    5719.04 Orthorhombic-C
     3.684   0  48    1.25513   28.30295   47.91125     90.000     90.000     90.000    1701.99    5719.04 Orthorhombic-C
     6.727   0  54   10.66329   50.22039   18.45187     90.000     90.000     90.000    9881.24    6290.94 Orthorhombic-C
     6.064   0  70   23.81788   87.99390    5.31456     90.000     90.000     90.000   11138.40    6920.04 Orthorhombic-C
     5.875   0  41   32.26182   22.49487   10.22849     90.000     90.000     90.000    7423.08    7612.04 Orthorhombic-C
     7.133   0  61   23.14390   30.38398   18.01527     90.000     90.000     90.000   12668.40    8373.25 Orthorhombic-C
     6.853   0  58   48.61082    7.98895   28.32086     90.000     90.000     90.000   10998.39    9210.57 Orthorhombic-C
     8.592   0  92   45.94704   20.12023   21.54333     90.000     90.000     90.000   19916.06   10131.63 Orthorhombic-C
    10.198   0  63   36.82999   10.70990   30.37750     90.000     90.000     90.000   11982.27   11144.79 Orthorhombic-C
     7.396   0  62   36.84554   23.16983   14.41647     90.000     90.000     90.000   12307.41   12259.27 Orthorhombic-C
    13.391   0  97   40.85394   20.66331   24.18094     90.000     90.000     90.000   20413.01   13485.19 Orthorhombic-C
    12.480   0 117   42.78859    6.84072   72.70132     90.000     90.000     90.000   21280.01   14833.71 Orthorhombic-C
    15.681   0  80   24.98028   27.26192   25.35005     90.000     90.000     90.000   17263.64   16317.09 Orthorhombic-C
    10.734   0  90   35.35523   14.03909   36.93417     90.000     90.000     90.000   18332.47   17948.79 Orthorhombic-C
    12.786   0 131    4.82648   84.62610   55.29832     90.000     90.000     90.000   22586.39   19743.67 Orthorhombic-C
    14.612   0 125    5.27262   51.09187   79.84675     90.000     90.000     90.000   21509.75   21718.04 Orthorhombic-C
    16.663   0 139   50.80394   53.73169   10.61925     90.000     90.000     90.000   28988.24   23889.85 Orthorhombic-C
    22.198   0 128   62.15655   40.30978   10.27802     90.000     90.000     90.000   25751.76   26278.83 Orthorhombic-C
    15.780   0 147   57.86897   36.86519   15.18907     90.000     90.000     90.000   32403.61   28906.71 Orthorhombic-C
    22.302   0 268   30.13450   86.72034   24.19221     90.000     90.000     90.000   63220.89   31797.38 Orthorhombic-C
    20.221   0 151   18.11450   50.10196   36.84621     90.000     90.000     90.000   33440.59   34977.12 Orthorhombic-C
    17.093   0 218   73.26041   84.42180    6.60712     90.000     90.000     90.000   40863.56   38474.83 Orthorhombic-C
    21.930   0 202   43.19422   10.51010   92.17912     90.000     90.000     90.000   41847.09   42322.32 Orthorhombic-C
    37.032   0 189   35.60126   33.42895   36.88239     90.000     90.000     90.000   43894.20   46554.55 Orthorhombic-C
    23.577   0 242  114.91676   38.88598   11.58020     90.000     90.000     90.000   51747.88   51210.01 Orthorhombic-C
    25.617   0 192   39.11778    8.90513  110.60290     90.000     90.000     90.000   38528.39   56331.01 Orthorhombic-C
    21.648   0 278  110.47387   12.13131   46.07336     90.000     90.000     90.000   61747.20   61964.11 Orthorhombic-C
Restart search, new Max Nc = 300
     3.325   0  39   10.23211    2.61425   91.89754     90.000     90.000     90.000    2458.19    4320.30 Orthorhombic-C
     5.464   0  57    4.52016   39.25385   53.40625     90.000     90.000     90.000    9476.08    4752.33 Orthorhombic-C
     5.420   0  40   23.83828   28.99749   10.88475     90.000     90.000     90.000    7524.09    5227.57 Orthorhombic-C
     5.193   0  54    5.62588   42.07417   37.94104     90.000     90.000     90.000    8980.80    5750.32 Orthorhombic-C
     3.926   0  67    1.81220   39.85693   48.99903     90.000     90.000     90.000    3539.14    6325.36 Orthorhombic-C
     6.130   0  47    8.68588   36.85874   27.28094     90.000     90.000     90.000    8734.01    6957.89 Orthorhombic-C
     8.755   0  71   19.52679   57.95633   12.60273     90.000     90.000     90.000   14262.52    7653.68 Orthorhombic-C
     4.961   0  42   17.89086   25.28952   18.47061     90.000     90.000     90.000    8357.05    8419.05 Orthorhombic-C
     7.643   0  66   14.33363   48.95819   18.41812     90.000     90.000     90.000   12924.89    9260.95 Orthorhombic-C
     8.331   0  72   23.70099   29.33622   22.14252     90.000     90.000     90.000   15395.64   10187.05 Orthorhombic-C
    10.575   0  74   34.78893   21.70017   21.53776     90.000     90.000     90.000   16259.41   11205.75 Orthorhombic-C
    11.645   0  75   10.20972   56.76983   24.25458     90.000     90.000     90.000   14058.05   12326.33 Orthorhombic-C
     8.413   0  75   54.24591   19.58910   14.09731     90.000     90.000     90.000   14980.21   13558.96 Orthorhombic-C
    13.823   0  83   36.83526   29.34769   15.67432     90.000     90.000     90.000   16944.41   14914.86 Orthorhombic-C
    13.994   0  80   36.90434   30.35222   14.41520     90.000     90.000     90.000   16146.88   16406.34 Orthorhombic-C
    12.437   0 124   13.65874    6.02238  221.36501     90.000     90.000     90.000   18209.08   18046.98 Orthorhombic-C
     9.384   0  79   30.30434   36.94238   14.58055     90.000     90.000     90.000   16323.14   19851.68 Orthorhombic-C
    16.663   0 139   53.73169   50.80394   10.61925     90.000     90.000     90.000   28988.24   21836.84 Orthorhombic-C
    17.649   0 128   28.23347   36.84663   26.97893     90.000     90.000     90.000   28066.41   24020.53 Orthorhombic-C
    19.785   0 142   10.23244   56.80226   48.50683     90.000     90.000     90.000   28193.41   26422.58 Orthorhombic-C
    16.486   0 145   19.42717   36.93121   45.77307     90.000     90.000     90.000   32840.75   29064.84 Orthorhombic-C
    22.062   0 193   21.52440    6.66983  221.15468     90.000     90.000     90.000   31749.87   31971.32 Orthorhombic-C
    18.253   0 151   34.12813   21.95679   46.04445     90.000     90.000     90.000   34503.14   35168.46 Orthorhombic-C
    28.294   0 172   80.83671   36.87798   12.74321     90.000     90.000     90.000   37988.71   38685.30 Orthorhombic-C
    27.558   0 204   49.26438   73.72961   12.14084     90.000     90.000     90.000   44098.50   42553.83 Orthorhombic-C
    27.066   0 203   36.88014   29.80356   43.19250     90.000     90.000     90.000   47475.44   46809.21 Orthorhombic-C
finished cell search for Orthorhombic-C, elapsed time = 0: 0:13.48
cell search for  Orthorhombic-P
      M20  X20  Nc       a          b          c        alpha       beta      gamma     volume      V-test
     2.278  13   7    3.01681    4.87452   18.44367     90.000     90.000     90.000     271.22     479.86 Orthorhombic-P
     2.304  12  12    4.41678   10.62462   18.46672     90.000     90.000     90.000     866.58     702.56 Orthorhombic-P
     2.374  12  13    4.63590   10.62952   18.44639     90.000     90.000     90.000     908.99     850.10 Orthorhombic-P
     2.657   0  30    7.63260    8.33073   36.71623     90.000     90.000     90.000    2334.61    1822.26 Orthorhombic-P
     3.098   0  28    8.91283   14.51317   18.48351     90.000     90.000     90.000    2390.91    2004.49 Orthorhombic-P
     2.729   0  39    7.18210   18.37207   22.59387     90.000     90.000     90.000    2981.26    2204.94 Orthorhombic-P
     4.628   0  53    4.63442   20.35459   44.02256     90.000     90.000     90.000    4152.73    2425.43 Orthorhombic-P
     3.927   0  37    8.35900   10.13282   36.83251     90.000     90.000     90.000    3119.72    2667.97 Orthorhombic-P
     7.047   0  67    5.71075   20.40942   44.05750     90.000     90.000     90.000    5135.04    2934.77 Orthorhombic-P
     5.084   0  46    7.54612   18.40535   26.96545     90.000     90.000     90.000    3745.20    3228.25 Orthorhombic-P
     5.214   0  47   14.66638   15.46903   18.51587     90.000     90.000     90.000    4200.78    3551.07 Orthorhombic-P
     4.262   0  58    7.56394   18.45784   35.87240     90.000     90.000     90.000    5008.29    3906.18 Orthorhombic-P
     6.477   0  68    2.17846   24.28889   56.80812     90.000     90.000     90.000    3005.85    4296.80 Orthorhombic-P
     6.477   0  68    1.54040   24.28889   56.80812     90.000     90.000     90.000    2125.46    4296.80 Orthorhombic-P
    10.041   0  66    8.99333   28.39723   24.29484     90.000     90.000     90.000    6204.55    4726.48 Orthorhombic-P
     7.151   0  67    7.33418    9.70044   73.62033     90.000     90.000     90.000    5237.70    5199.13 Orthorhombic-P
     7.064   0  86    2.21609   36.74496   48.58101     90.000     90.000     90.000    3955.95    5719.04 Orthorhombic-P
     7.064   0  86    1.56701   36.74496   48.58101     90.000     90.000     90.000    2797.28    5719.04 Orthorhombic-P
    12.156   0 102   12.59351   21.04833   38.28621     90.000     90.000     90.000   10148.62    6290.94 Orthorhombic-P
    14.098   0  90   12.61513   24.18772   28.43837     90.000     90.000     90.000    8677.43    6920.04 Orthorhombic-P
    19.095   0 110   15.20103   31.56116   22.71878     90.000     90.000     90.000   10899.61    7612.04 Orthorhombic-P
    19.095   0 110   15.20103   22.71878   31.56116     90.000     90.000     90.000   10899.61    8373.25 Orthorhombic-P
    11.413   0  98   18.42391   21.19370   25.11888     90.000     90.000     90.000    9808.19    9210.57 Orthorhombic-P
    14.588   0 118    8.58297   27.57831   49.61932     90.000     90.000     90.000   11745.08   10131.63 Orthorhombic-P
    17.311   0 113   16.69865   24.26646   28.40782     90.000     90.000     90.000   11511.34   11144.79 Orthorhombic-P
    14.038   0 154    5.48044   42.27259   55.31918     90.000     90.000     90.000   12815.92   12259.27 Orthorhombic-P
    23.036   0 145    7.55033   36.85284   48.44100     90.000     90.000     90.000   13478.76   13485.19 Orthorhombic-P
    28.802   0 156   14.39924   30.39162   36.89654     90.000     90.000     90.000   16146.53   14833.71 Orthorhombic-P
    31.732   0 161   11.16003   36.88035   39.03066     90.000     90.000     90.000   16064.46   16317.09 Orthorhombic-P
    23.536   0 237    2.49741   61.63697   83.81942     90.000     90.000     90.000   12902.54   17948.79 Orthorhombic-P
    23.536   0 237    1.76593   61.63697   83.81942     90.000     90.000     90.000    9123.47   17948.79 Orthorhombic-P
    23.629   0 236    6.60188   37.22032   85.11678     90.000     90.000     90.000   20915.25   19743.67 Orthorhombic-P
    27.457   0 201   15.34046   24.15131   57.02791     90.000     90.000     90.000   21128.39   21718.04 Orthorhombic-P
    40.946   0 226   17.90104   26.71495   50.90523     90.000     90.000     90.000   24344.17   23889.85 Orthorhombic-P
    38.514   0 237   20.08594   27.83607   46.57905     90.000     90.000     90.000   26042.98   26278.83 Orthorhombic-P
    31.485   0 278   10.62843   44.08775   60.93283     90.000     90.000     90.000   28552.12   28906.71 Orthorhombic-P
Restart search, new Max Nc = 320
     6.962   0  70    6.98897   20.71394   40.54225     90.000     90.000     90.000    5869.27    3570.50 Orthorhombic-P
     5.837   0  47   14.78582   15.46638   18.49780     90.000     90.000     90.000    4230.13    3927.55 Orthorhombic-P
     8.542   0  60    7.58922   24.30963   28.35461     90.000     90.000     90.000    5231.17    4320.30 Orthorhombic-P
     6.641   0  56    7.58368   18.40963   34.09544     90.000     90.000     90.000    4760.16    4752.33 Orthorhombic-P
     6.527   0  69   14.21337   18.42531   24.24026     90.000     90.000     90.000    6348.18    5227.57 Orthorhombic-P
     8.344   0  69   15.19838   18.44499   22.55096     90.000     90.000     90.000    6321.80    5750.32 Orthorhombic-P
    10.041   0  66    8.99333   24.29484   28.39723     90.000     90.000     90.000    6204.55    6325.36 Orthorhombic-P
     8.344   0  69   15.19838   18.44499   22.55096     90.000     90.000     90.000    6321.80    6957.89 Orthorhombic-P
    10.041   0  66    8.99333   24.29484   28.39723     90.000     90.000     90.000    6204.55    7653.68 Orthorhombic-P
     8.037   0  86   16.91458   18.44568   27.24405     90.000     90.000     90.000    8500.17    8419.05 Orthorhombic-P
     7.987   0  86   16.91303   18.44079   27.24253     90.000     90.000     90.000    8496.66    8419.05 Orthorhombic-P
    10.888   0 101   11.82371   14.13823   55.31881     90.000     90.000     90.000    9247.44    9260.95 Orthorhombic-P
    17.311   0 113   16.69865   28.40782   24.26646     90.000     90.000     90.000   11511.34   10187.05 Orthorhombic-P
    18.249   0 136   19.70925   22.42817   32.33991     90.000     90.000     90.000   14295.61   11205.75 Orthorhombic-P
    15.834   0 138   21.60994   28.25349   24.35007     90.000     90.000     90.000   14867.09   12326.33 Orthorhombic-P
    19.737   0 220    1.97024   56.70676   84.39993     90.000     90.000     90.000    9429.68   13558.96 Orthorhombic-P
    19.737   0 220    1.39317   56.70676   84.39993     90.000     90.000     90.000    6667.79   13558.96 Orthorhombic-P
    15.049   0 186    6.32269   16.17050  147.48817     90.000     90.000     90.000   15079.35   14914.86 Orthorhombic-P
    17.284   0 194    7.60307   36.85344   66.27334     90.000     90.000     90.000   18569.73   16406.34 Orthorhombic-P
    18.555   0 167   17.51168   27.31780   36.86254     90.000     90.000     90.000   17634.32   18046.98 Orthorhombic-P
    20.888   0 181   21.63934   24.41201   36.87095     90.000     90.000     90.000   19477.44   19851.68 Orthorhombic-P
    21.375   0 269    8.35200   39.76914   83.15586     90.000     90.000     90.000   27620.39   21836.84 Orthorhombic-P
    27.348   0 200   24.00486   28.80516   32.06853     90.000     90.000     90.000   22174.23   24020.53 Orthorhombic-P
    17.471   0 318    2.55051   81.38374   87.03299     90.000     90.000     90.000   18065.44   26422.58 Orthorhombic-P
    17.471   0 318    1.80348   81.38374   87.03299     90.000     90.000     90.000   12774.19   26422.58 Orthorhombic-P
    40.411   0 259   22.25996   36.01045   36.88147     90.000     90.000     90.000   29563.85   29064.84 Orthorhombic-P
    23.084   0 299   11.02388   46.10999   61.56307     90.000     90.000     90.000   31293.17   31971.32 Orthorhombic-P
    36.266   0 265    9.91222   48.66270   55.29063     90.000     90.000     90.000   26669.72   31971.32 Orthorhombic-P
finished cell search for Orthorhombic-P, elapsed time = 0: 0:12.78
elapsed 99.46822834014893 ncells 447
M20=   40.9 X20= 0 Nc=226 Orthorhombic-P   a= 17.9010 b= 26.7149 c= 50.9052 al= 90.000 be= 90.000 ga= 90.000 V= 24344.2 Z~28.18
M20=   40.4 X20= 0 Nc=259 Orthorhombic-P   a= 22.2600 b= 36.0105 c= 36.8815 al= 90.000 be= 90.000 ga= 90.000 V= 29563.9 Z~34.22
M20=   38.5 X20= 0 Nc=237 Orthorhombic-P   a= 20.0859 b= 27.8361 c= 46.5791 al= 90.000 be= 90.000 ga= 90.000 V= 26043.0 Z~30.14
M20=   37.0 X20= 0 Nc=189 Orthorhombic-C   a= 35.6013 b= 33.4289 c= 36.8824 al= 90.000 be= 90.000 ga= 90.000 V= 43894.2 Z~50.80
M20=   36.3 X20= 0 Nc=265 Orthorhombic-P   a=  9.9122 b= 48.6627 c= 55.2906 al= 90.000 be= 90.000 ga= 90.000 V= 26669.7 Z~30.87
M20=   34.6 X20= 0 Nc=232 Orthorhombic-B   a= 32.1156 b=  7.3505 c=184.3918 al= 90.000 be= 90.000 ga= 90.000 V= 43528.7 Z~50.38
M20=   34.2 X20= 0 Nc=217 Orthorhombic-A   a=108.1242 b=  9.7322 c= 42.8515 al= 90.000 be= 90.000 ga= 90.000 V= 45091.9 Z~52.19
M20=   33.8 X20= 0 Nc=184 Orthorhombic-A   a= 14.1107 b= 24.3156 c=110.6031 al= 90.000 be= 90.000 ga= 90.000 V= 37949.1 Z~43.92
M20=   31.7 X20= 0 Nc=161 Orthorhombic-P   a= 11.1600 b= 36.8804 c= 39.0307 al= 90.000 be= 90.000 ga= 90.000 V= 16064.5 Z~18.59
M20=   31.5 X20= 0 Nc=278 Orthorhombic-P   a= 10.6284 b= 44.0877 c= 60.9328 al= 90.000 be= 90.000 ga= 90.000 V= 28552.1 Z~33.05
M20=   30.0 X20= 0 Nc=239 Orthorhombic-B   a= 16.1698 b= 45.3888 c= 73.7539 al= 90.000 be= 90.000 ga= 90.000 V= 54130.0 Z~62.65
M20=   29.0 X20= 0 Nc=193 Orthorhombic-A   a= 29.0733 b= 59.5180 c= 26.0341 al= 90.000 be= 90.000 ga= 90.000 V= 45048.9 Z~52.14
M20=   28.8 X20= 0 Nc=156 Orthorhombic-P   a= 14.3992 b= 30.3916 c= 36.8965 al= 90.000 be= 90.000 ga= 90.000 V= 16146.5 Z~18.69
M20=   28.3 X20= 0 Nc=172 Orthorhombic-C   a= 80.8367 b= 36.8780 c= 12.7432 al= 90.000 be= 90.000 ga= 90.000 V= 37988.7 Z~43.97
M20=   27.6 X20= 0 Nc=204 Orthorhombic-C   a= 49.2644 b= 73.7296 c= 12.1408 al= 90.000 be= 90.000 ga= 90.000 V= 44098.5 Z~51.04
M20=   27.5 X20= 0 Nc=201 Orthorhombic-P   a= 15.3405 b= 24.1513 c= 57.0279 al= 90.000 be= 90.000 ga= 90.000 V= 21128.4 Z~24.45
M20=   27.3 X20= 0 Nc=200 Orthorhombic-P   a= 24.0049 b= 28.8052 c= 32.0685 al= 90.000 be= 90.000 ga= 90.000 V= 22174.2 Z~25.66
M20=   27.1 X20= 0 Nc=203 Orthorhombic-C   a= 36.8801 b= 29.8036 c= 43.1925 al= 90.000 be= 90.000 ga= 90.000 V= 47475.4 Z~54.95
M20=   25.9 X20= 0 Nc=225 Orthorhombic-B   a= 72.1357 b= 25.1733 c= 29.2263 al= 90.000 be= 90.000 ga= 90.000 V= 53071.9 Z~61.43
M20=   25.6 X20= 0 Nc=192 Orthorhombic-C   a= 39.1178 b=  8.9051 c=110.6029 al= 90.000 be= 90.000 ga= 90.000 V= 38528.4 Z~44.59
M20=   25.3 X20= 0 Nc=212 Orthorhombic-B   a= 34.2421 b= 92.1549 c= 14.6384 al= 90.000 be= 90.000 ga= 90.000 V= 46192.6 Z~53.46
M20=   25.0 X20= 0 Nc=165 Orthorhombic-B   a= 20.5446 b= 43.9051 c= 41.6744 al= 90.000 be= 90.000 ga= 90.000 V= 37590.8 Z~43.51
M20=   24.4 X20= 0 Nc=206 Orthorhombic-A   a= 72.8038 b= 10.1082 c= 56.7686 al= 90.000 be= 90.000 ga= 90.000 V= 41776.9 Z~48.35
M20=   24.3 X20= 0 Nc=200 Orthorhombic-A   a= 51.8954 b= 52.4030 c= 16.1492 al= 90.000 be= 90.000 ga= 90.000 V= 43917.3 Z~50.83
M20=   23.8 X20= 0 Nc=203 Orthorhombic-B   a=101.8706 b= 53.3669 c=  6.9993 al= 90.000 be= 90.000 ga= 90.000 V= 38051.6 Z~44.04
M20=   23.7 X20= 0 Nc=239 Orthorhombic-A   a= 23.8513 b= 21.8574 c=103.2008 al= 90.000 be= 90.000 ga= 90.000 V= 53801.3 Z~62.27
M20=   23.6 X20= 0 Nc=236 Orthorhombic-P   a=  6.6019 b= 37.2203 c= 85.1168 al= 90.000 be= 90.000 ga= 90.000 V= 20915.2 Z~24.21
M20=   23.6 X20= 0 Nc=242 Orthorhombic-C   a=114.9168 b= 38.8860 c= 11.5802 al= 90.000 be= 90.000 ga= 90.000 V= 51747.9 Z~59.89
M20=   23.5 X20= 0 Nc=237 Orthorhombic-P   a=  2.4974 b= 61.6370 c= 83.8194 al= 90.000 be= 90.000 ga= 90.000 V= 12902.5 Z~14.93
M20=   23.5 X20= 0 Nc=237 Orthorhombic-P   a=  1.7659 b= 61.6370 c= 83.8194 al= 90.000 be= 90.000 ga= 90.000 V=  9123.5 Z~10.56
