X9af54a2 P 1 2/m 1 Rwp=0.0911 nrefl=160
--- absences : 21 reflections used (stol<=0.111)
class                     nAbs   <I>abs nPres  <I>pres   ratio
00l: l odd (2_1 c)           4    0.103     3    1.272   0.081 (weak)
0kl: k odd (b_a)             7    2.047     7    0.604   3.390
0kl: l odd (c_a)             7    0.720     7    1.930   0.373
0kl: k+l odd (n_a)           8    1.263     6    1.408   0.897
h0l: h odd (a_b)             7    0.350     7    0.604   0.579
h0l: l odd (c_b)             8    0.070     6    1.019   0.069 <== ABSENT?
h0l: h+l odd (n_b)           7    0.387     7    0.566   0.684
hkl: h+k odd (C)            14    1.198     7    0.604   1.985
hkl: h+l odd (B)            10    0.734    11    1.242   0.591
hkl: k+l odd (A)            12    0.854     9    1.194   0.715
hkl: h+k+l odd (I)          11    1.128    10    0.860   1.312
--- absences : 160 reflections used (stol<=0.221)
class                     nAbs   <I>abs nPres  <I>pres   ratio
0k0: k odd (2_1 b)           2    0.000     1    0.085   0.004 <== ABSENT?
00l: l odd (2_1 c)           7    0.037     7    1.819   0.020 <== ABSENT?
0kl: k odd (b_a)            24    0.868    27    0.925   0.939
0kl: l odd (c_a)            24    0.349    27    1.387   0.252
0kl: k+l odd (n_a)          26    0.797    25    1.004   0.793
h0l: h odd (a_b)            26    0.837    28    0.578   1.447
h0l: l odd (c_b)            27    0.066    27    1.339   0.049 <== ABSENT?
h0l: h+l odd (n_b)          27    0.842    27    0.564   1.493
hk0: h odd (a_c)             4    0.982     5    0.055  17.964
hk0: k odd (b_c)             5    0.553     4    0.359   1.539
hk0: h+k odd (n_c)           5    0.308     4    0.665   0.463
hkl: h+k odd (C)            83    0.981    77    1.021   0.960
hkl: h+l odd (B)            79    0.874    81    1.123   0.778
hkl: k+l odd (A)            80    0.782    80    1.218   0.642
hkl: h+k+l odd (I)          81    1.127    79    0.869   1.297
lowest-angle reflections (h k l  2theta  I):
    0   0   1    0.816         0.0
    0   0   2    1.632         9.4
    0   0   3    2.449         0.9
    0   1   0    3.255         0.0
    0   0   4    3.265         1.0
    0   1   1    3.356         1.0
    0   1   2    3.642        25.0
    0   1   3    4.074         8.4
    0   0   5    4.082         1.3
    0   1   4    4.611        30.3
    0   0   6    4.898        12.5
    1   0   0    5.195         4.0
   -1   0   1    5.220         0.7
    0   1   5    5.221        18.5
    1   0   1    5.297         0.0
   -1   0   2    5.370         9.6
    1   0   2    5.520         0.2
   -1   0   3    5.636         0.2
    0   0   7    5.715         0.3
    1   0   3    5.849         0.0
    0   1   6    5.882         3.0
   -1   0   4    6.002        39.5
    1   1   0    6.131        33.0
   -1   1   1    6.153         1.7
    1   1   1    6.218         0.5
    1   0   4    6.268        55.5
   -1   1   2    6.281        84.0
    1   1   2    6.409        24.2
   -1   0   5    6.452         0.0
   -1   1   3    6.510        32.9
    0   2   0    6.513         1.3
    0   0   8    6.533       151.6
    0   2   1    6.564        10.6
    0   1   7    6.579         0.8
    1   1   3    6.695        67.8
    0   2   2    6.714         7.2
    1   0   5    6.761         0.0
   -1   1   4    6.830        21.9
    0   2   3    6.959         1.7
   -1   0   6    6.969        22.1
