ObjRegistry<T>::Find(C): Not found !!
List of Crystal ScatteringPowers :0 object registered:
ObjRegistry<T>::Find(N): Not found !!
List of Crystal ScatteringPowers :1 object registered:
#  0:ScatteringPowerAtom(C)
ObjRegistry<T>::Find(S): Not found !!
List of Crystal ScatteringPowers :2 object registered:
#  0:ScatteringPowerAtom(C)
#  1:ScatteringPowerAtom(N)
ObjRegistry<T>::Find(O): Not found !!
List of Crystal ScatteringPowers :3 object registered:
#  0:ScatteringPowerAtom(C)
#  1:ScatteringPowerAtom(N)
#  2:ScatteringPowerAtom(S)
ObjRegistry<T>::Find(F): Not found !!
List of Crystal ScatteringPowers :4 object registered:
#  0:ScatteringPowerAtom(C)
#  1:ScatteringPowerAtom(N)
#  2:ScatteringPowerAtom(S)
#  3:ScatteringPowerAtom(O)
IMPORTED Xd8634a2 11 Rw 0.2864176275499891 Chi2 131308.95586286613
