Xd8634a2 TRICLINIC P 3 peaks [3.08993, 3.30288, 3.54384, 3.61752, 3.81974, 4.07805, 4.35359, 4.97449, 5.00496, 5.63492, 5.77355, 5.81196, 5.88929, 6.11713, 6.1588, 6.18269, 6.35627, 6.41053] V 452.7463684082031 1810.9854736328125 Lmax 34.1294812217224
3->34.1295,1.24518,24.9999
1.5708->2.35619,0.0785683,0.707107,9.99638
452.746->1810.99,452.761,2.9999
Starting: V=452.746->905.508
    a= 9.40- 9.50 b= 9.37- 9.49 c= 7.55- 7.62 alpha=111.52-112.04 beta= 84.19- 84.09 gamma=112.08-112.76 V=573.00-586.68level=4, indexed=1(0 sol.)
    a=0.01319-0.01307 b=0.01521-0.01507 c=0.02029-0.02007 alpha=0.01037-0.01060 beta=0.01253-0.01272 gamma=0.00139-0.00160level=4, indexed=1(0 sol.)
 Solution ? a=  9.483 b=  9.386 c=  7.642 alpha=111.810 beta= 84.410 gamma=112.362 V=  583.29 score=  4.74 #   0
Finished: V=452.746->905.508 A^3, 1864347 unit cells tested, 2.13443e+06 tests/s,   Elapsed time=0.873474s
Starting: V=905.508->1358.27
    a=12.95-13.02 b= 9.27- 9.34 c= 9.31- 9.38 alpha=108.55-109.09 beta= 69.76- 69.71 gamma=104.19-104.67 V=982.84-998.11level=4, indexed=1(1 sol.)
    a=0.00694-0.00688 b=0.01324-0.01315 c=0.01403-0.01389 alpha=0.00291-0.00300 beta=0.00699-0.00713 gamma=-0.00575--0.00564level=4, indexed=1(1 sol.)
 Solution ? a= 13.025 b=  9.304 c=  9.322 alpha=109.007 beta= 70.048 gamma=104.415 V=  991.78 score=  5.89 #   1
    a=12.28-12.34 b= 9.85- 9.94 c= 9.39- 9.47 alpha=116.78-117.34 beta= 81.72- 81.74 gamma=101.48-101.81 V=990.88-1008.57level=4, indexed=1(2 sol.)
    a=0.00694-0.00688 b=0.01324-0.01315 c=0.01430-0.01416 alpha=0.00291-0.00300 beta=0.01197-0.01211 gamma=-0.00124--0.00113level=4, indexed=1(2 sol.)
 Solution ? a= 12.339 b=  9.892 c=  9.420 alpha=116.933 beta= 81.472 gamma=102.047 V= 1000.58 score=  5.05 #   2
    a=12.28-12.34 b= 9.88- 9.97 c= 9.33- 9.42 alpha=117.16-117.72 beta= 81.67- 81.68 gamma=101.53-101.86 V=984.98-1002.55level=4, indexed=1(3 sol.)
    a=0.00694-0.00688 b=0.01324-0.01315 c=0.01457-0.01443 alpha=0.00291-0.00300 beta=0.01225-0.01239 gamma=-0.00124--0.00113level=4, indexed=1(3 sol.)
 Solution ? a= 12.311 b=  9.909 c=  9.391 alpha=117.169 beta= 81.673 gamma=101.968 V=  995.34 score=  4.53 #   3
    a=12.08-12.15 b=10.29-10.33 c= 8.82- 8.86 alpha= 94.96- 95.20 beta= 98.04- 98.38 gamma= 94.39- 94.67 V=1077.06-1090.76level=4, indexed=1(4 sol.)
    a=0.00704-0.00699 b=0.00959-0.00953 c=0.01324-0.01315 alpha=0.00148-0.00157 beta=0.00222-0.00233 gamma=0.00285-0.00296level=4, indexed=1(4 sol.)
 Solution ? a= 12.046 b= 10.312 c=  8.827 alpha= 94.983 beta= 98.395 gamma= 94.676 V= 1075.69 score=  4.45 #   4
    a=14.15-14.24 b= 9.73- 9.85 c= 8.41- 8.51 alpha=113.49-114.21 beta= 71.99- 71.72 gamma=108.48-109.04 V=985.00-1006.01level=4, indexed=1(5 sol.)
    a=0.00581-0.00577 b=0.01322-0.01308 c=0.01757-0.01736 alpha=0.00389-0.00396 beta=0.01016-0.01034 gamma=-0.00425--0.00418level=4, indexed=1(5 sol.)
 Solution ? a= 14.194 b=  9.748 c=  8.444 alpha=113.708 beta= 71.794 gamma=108.843 V=  989.61 score=  4.21 #   5
    a=14.20-14.29 b= 9.76- 9.88 c= 8.42- 8.52 alpha=113.65-114.38 beta= 71.77- 71.49 gamma=109.01-109.58 V=988.13-1009.36level=4, indexed=1(6 sol.)
    a=0.00581-0.00577 b=0.01322-0.01308 c=0.01757-0.01736 alpha=0.00403-0.00410 beta=0.01016-0.01034 gamma=-0.00425--0.00418level=4, indexed=1(6 sol.)
 Solution ? a= 14.246 b=  9.805 c=  8.451 alpha=113.909 beta= 71.602 gamma=109.184 V=  996.13 score=  4.90 #   6
    a=14.26-14.36 b= 9.87- 9.99 c= 8.42- 8.52 alpha=115.03-115.78 beta= 71.03- 70.73 gamma=109.56-110.14 V=988.22-1009.86level=4, indexed=1(7 sol.)
    a=0.00581-0.00577 b=0.01322-0.01308 c=0.01799-0.01778 alpha=0.00403-0.00410 beta=0.01088-0.01106 gamma=-0.00439--0.00432level=4, indexed=1(7 sol.)
 Solution ? a= 14.365 b=  9.984 c=  8.475 alpha=115.548 beta= 70.796 gamma=109.950 V= 1006.92 score=  6.36 #   7
    a=13.84-13.92 b= 9.71- 9.82 c= 8.34- 8.43 alpha=113.69-114.39 beta= 75.61- 75.40 gamma=106.40-106.90 V=972.48-992.96level=4, indexed=1(8 sol.)
    a=0.00581-0.00577 b=0.01322-0.01308 c=0.01757-0.01736 alpha=0.00361-0.00368 beta=0.01088-0.01106 gamma=-0.00311--0.00303level=4, indexed=1(8 sol.)
 Solution ? a= 13.843 b=  9.750 c=  8.385 alpha=114.247 beta= 75.789 gamma=106.789 V=  977.41 score=  5.70 #   8
    a=13.82-13.89 b= 9.70- 9.81 c= 8.32- 8.41 alpha=113.57-114.26 beta= 76.07- 75.86 gamma=106.22-106.71 V=970.52-990.90level=4, indexed=1(9 sol.)
    a=0.00581-0.00577 b=0.01322-0.01308 c=0.01757-0.01736 alpha=0.00361-0.00368 beta=0.01088-0.01106 gamma=-0.00296--0.00289level=4, indexed=1(9 sol.)
 Solution ? a= 13.941 b=  9.758 c=  8.408 alpha=113.946 beta= 75.750 gamma=106.571 V=  990.75 score=  4.96 #   9
    a=13.95-14.04 b= 9.77- 9.89 c= 8.37- 8.47 alpha=114.07-114.78 beta= 74.72- 74.48 gamma=107.64-108.16 V=980.07-1001.05level=4, indexed=1(10 sol.)
    a=0.00581-0.00577 b=0.01322-0.01308 c=0.01757-0.01736 alpha=0.00389-0.00396 beta=0.01088-0.01106 gamma=-0.00325--0.00318level=4, indexed=1(10 sol.)
 Solution ? a= 14.050 b=  9.862 c=  8.472 alpha=114.517 beta= 74.742 gamma=108.124 V= 1002.67 score=  6.57 #  10
    a=13.88-13.96 b= 9.73- 9.85 c= 8.34- 8.44 alpha=113.81-114.52 beta= 75.40- 75.17 gamma=106.93-107.43 V=975.16-995.83level=4, indexed=1(11 sol.)
    a=0.00581-0.00577 b=0.01322-0.01308 c=0.01757-0.01736 alpha=0.00375-0.00382 beta=0.01088-0.01106 gamma=-0.00311--0.00303level=4, indexed=1(11 sol.)
 Solution ? a= 13.928 b=  9.777 c=  8.396 alpha=114.276 beta= 75.579 gamma=107.050 V=  985.55 score=  6.29 #  11
    a=13.85-13.93 b= 9.72- 9.84 c= 8.33- 8.42 alpha=113.69-114.39 beta= 75.86- 75.64 gamma=106.75-107.24 V=973.17-993.72level=4, indexed=1(12 sol.)
    a=0.00581-0.00577 b=0.01322-0.01308 c=0.01757-0.01736 alpha=0.00375-0.00382 beta=0.01088-0.01106 gamma=-0.00296--0.00289level=4, indexed=1(12 sol.)
 Solution ? a= 13.843 b=  9.750 c=  8.385 alpha=114.247 beta= 75.789 gamma=106.789 V=  977.41 score=  5.70 #  12
    a=13.87-13.95 b= 9.78- 9.90 c= 8.38- 8.47 alpha=114.46-115.17 beta= 75.62- 75.39 gamma=106.94-107.45 V=979.00-999.99level=4, indexed=1(13 sol.)
    a=0.00581-0.00577 b=0.01322-0.01308 c=0.01757-0.01736 alpha=0.00375-0.00382 beta=0.01124-0.01142 gamma=-0.00296--0.00289level=4, indexed=1(13 sol.)
 Solution ? a= 13.947 b=  9.792 c=  8.391 alpha=114.460 beta= 75.527 gamma=107.287 V=  985.36 score=  6.50 #  13
    a=13.92-14.01 b= 9.76- 9.88 c= 8.35- 8.45 alpha=113.94-114.65 beta= 75.18- 74.95 gamma=107.46-107.97 V=977.96-998.81level=4, indexed=1(14 sol.)
    a=0.00581-0.00577 b=0.01322-0.01308 c=0.01757-0.01736 alpha=0.00389-0.00396 beta=0.01088-0.01106 gamma=-0.00311--0.00303level=4, indexed=1(14 sol.)
 Solution ? a= 13.947 b=  9.792 c=  8.391 alpha=114.460 beta= 75.527 gamma=107.287 V=  985.36 score=  6.50 #  14
    a=13.89-13.98 b= 9.75- 9.87 c= 8.34- 8.43 alpha=113.81-114.51 beta= 75.64- 75.41 gamma=107.28-107.78 V=975.92-996.66level=4, indexed=1(15 sol.)
    a=0.00581-0.00577 b=0.01322-0.01308 c=0.01757-0.01736 alpha=0.00389-0.00396 beta=0.01088-0.01106 gamma=-0.00296--0.00289level=4, indexed=1(15 sol.)
 Solution ? a= 13.947 b=  9.792 c=  8.391 alpha=114.460 beta= 75.527 gamma=107.287 V=  985.36 score=  6.50 #  15
    a=13.94-14.02 b= 9.82- 9.94 c= 8.40- 8.50 alpha=114.71-115.43 beta= 74.93- 74.69 gamma=107.67-108.18 V=983.91-1005.22level=4, indexed=1(16 sol.)
    a=0.00581-0.00577 b=0.01322-0.01308 c=0.01757-0.01736 alpha=0.00389-0.00396 beta=0.01124-0.01142 gamma=-0.00311--0.00303level=4, indexed=1(16 sol.)
 Solution ? a= 14.067 b=  9.892 c=  8.476 alpha=114.525 beta= 74.683 gamma=108.207 V= 1006.91 score=  7.44 #  16
    a=13.91-13.99 b= 9.81- 9.93 c= 8.39- 8.48 alpha=114.58-115.30 beta= 75.40- 75.16 gamma=107.48-107.99 V=981.82-1003.00level=4, indexed=1(17 sol.)
    a=0.00581-0.00577 b=0.01322-0.01308 c=0.01757-0.01736 alpha=0.00389-0.00396 beta=0.01124-0.01142 gamma=-0.00296--0.00289level=4, indexed=1(17 sol.)
 Solution ? a= 13.947 b=  9.792 c=  8.391 alpha=114.460 beta= 75.527 gamma=107.287 V=  985.36 score=  6.50 #  17
    a=13.96-14.05 b= 9.79- 9.91 c= 8.36- 8.46 alpha=114.07-114.78 beta= 74.96- 74.72 gamma=107.99-108.51 V=980.86-1001.92level=4, indexed=1(18 sol.)
    a=0.00581-0.00577 b=0.01322-0.01308 c=0.01757-0.01736 alpha=0.00403-0.00410 beta=0.01088-0.01106 gamma=-0.00311--0.00303level=4, indexed=1(18 sol.)
 Solution ? a= 14.067 b=  9.892 c=  8.476 alpha=114.525 beta= 74.683 gamma=108.207 V= 1006.91 score=  7.44 #  18
    a=13.98-14.07 b= 9.85- 9.97 c= 8.41- 8.51 alpha=114.85-115.57 beta= 74.71- 74.45 gamma=108.20-108.73 V=986.89-1008.40level=4, indexed=1(20 sol.)
    a=0.00581-0.00577 b=0.01322-0.01308 c=0.01757-0.01736 alpha=0.00403-0.00410 beta=0.01124-0.01142 gamma=-0.00311--0.00303level=4, indexed=1(20 sol.)
 Solution ? a= 14.075 b=  9.926 c=  8.475 alpha=114.835 beta= 74.550 gamma=108.454 V= 1006.92 score=  6.53 #  20
     a=13.37-13.39 b= 9.42- 9.47 c= 8.90- 8.94 alpha=112.80-113.13 beta= 79.89- 79.89 gamma= 94.38- 94.54 V=1017.47-1026.30level=5, indexed=1(30 sol.)
     a=0.00578-0.00576 b=0.01325-0.01318 c=0.01524-0.01517 alpha=0.00016-0.00020 beta=0.01083-0.01092 gamma=-0.00298--0.00294level=5, indexed=1(30 sol.)
 Solution ? a= 13.354 b=  9.411 c=  8.879 alpha=112.876 beta= 80.051 gamma= 94.405 V= 1012.57 score=  5.84 #  30
     a=13.36-13.38 b= 9.42- 9.47 c= 8.89- 8.93 alpha=112.79-113.11 beta= 80.13- 80.13 gamma= 94.29- 94.44 V=1016.72-1025.54level=5, indexed=1(31 sol.)
     a=0.00578-0.00576 b=0.01325-0.01318 c=0.01524-0.01517 alpha=0.00016-0.00020 beta=0.01083-0.01092 gamma=-0.00291--0.00287level=5, indexed=1(31 sol.)
 Solution ? a= 13.354 b=  9.411 c=  8.879 alpha=112.876 beta= 80.051 gamma= 94.405 V= 1012.57 score=  5.84 #  31
     a=13.36-13.38 b= 9.43- 9.47 c= 8.90- 8.94 alpha=112.83-113.16 beta= 80.03- 80.03 gamma= 94.54- 94.70 V=1017.07-1025.91level=5, indexed=1(32 sol.)
     a=0.00578-0.00576 b=0.01325-0.01318 c=0.01524-0.01517 alpha=0.00023-0.00027 beta=0.01083-0.01092 gamma=-0.00291--0.00287level=5, indexed=1(32 sol.)
 Solution ? a= 13.354 b=  9.411 c=  8.879 alpha=112.876 beta= 80.051 gamma= 94.405 V= 1012.57 score=  5.84 #  32
     a=13.36-13.38 b= 9.43- 9.48 c= 8.89- 8.93 alpha=112.85-113.18 beta= 80.17- 80.17 gamma= 94.71- 94.87 V=1016.70-1025.54level=5, indexed=1(33 sol.)
     a=0.00578-0.00576 b=0.01325-0.01318 c=0.01524-0.01517 alpha=0.00030-0.00034 beta=0.01083-0.01092 gamma=-0.00284--0.00280level=5, indexed=1(33 sol.)
 Solution ? a= 13.354 b=  9.411 c=  8.879 alpha=112.876 beta= 80.051 gamma= 94.405 V= 1012.57 score=  5.84 #  33
    a=13.30-13.35 b= 9.45- 9.55 c= 8.85- 8.93 alpha=112.98-113.63 beta= 80.81- 80.81 gamma= 95.38- 95.70 V=1011.00-1028.84level=4, indexed=1(34 sol.)
    a=0.00581-0.00577 b=0.01322-0.01308 c=0.01534-0.01520 alpha=0.00061-0.00068 beta=0.01088-0.01106 gamma=-0.00253--0.00246level=4, indexed=1(34 sol.)
 Solution ? a= 13.325 b=  9.475 c=  8.835 alpha=113.274 beta= 81.340 gamma= 95.899 V= 1011.89 score= 10.25 #  34
    a=13.28-13.33 b= 9.45- 9.55 c= 8.84- 8.92 alpha=112.94-113.59 beta= 81.28- 81.29 gamma= 95.20- 95.51 V=1009.68-1027.48level=4, indexed=1(35 sol.)
    a=0.00581-0.00577 b=0.01322-0.01308 c=0.01534-0.01520 alpha=0.00061-0.00068 beta=0.01088-0.01106 gamma=-0.00239--0.00232level=4, indexed=1(35 sol.)
 Solution ? a= 13.330 b=  9.473 c=  8.851 alpha=113.338 beta= 81.353 gamma= 95.960 V= 1013.35 score= 14.64 #  35
    a=13.31-13.36 b= 9.46- 9.56 c= 8.86- 8.94 alpha=113.06-113.71 beta= 80.61- 80.60 gamma= 95.90- 96.22 V=1011.89-1029.82level=4, indexed=1(36 sol.)
    a=0.00581-0.00577 b=0.01322-0.01308 c=0.01534-0.01520 alpha=0.00075-0.00082 beta=0.01088-0.01106 gamma=-0.00253--0.00246level=4, indexed=1(36 sol.)
 Solution ? a= 13.331 b=  9.473 c=  8.851 alpha=113.356 beta= 81.333 gamma= 95.961 V= 1013.32 score= 14.71 #  36
     a=13.33-13.35 b= 9.47- 9.52 c= 8.89- 8.93 alpha=113.34-113.66 beta= 81.21- 81.21 gamma= 95.65- 95.81 V=1017.31-1026.30level=5, indexed=1(37 sol.)
     a=0.00578-0.00576 b=0.01325-0.01318 c=0.01524-0.01517 alpha=0.00073-0.00077 beta=0.01101-0.01110 gamma=-0.00234--0.00230level=5, indexed=1(37 sol.)
 Solution ? a= 13.341 b=  9.480 c=  8.895 alpha=113.377 beta= 81.368 gamma= 96.048 V= 1019.60 score= 14.90 #  37
     a=13.34-13.36 b= 9.48- 9.52 c= 8.90- 8.94 alpha=113.40-113.72 beta= 80.87- 80.86 gamma= 96.01- 96.17 V=1018.45-1027.47level=5, indexed=1(38 sol.)
     a=0.00578-0.00576 b=0.01325-0.01318 c=0.01524-0.01517 alpha=0.00080-0.00084 beta=0.01101-0.01110 gamma=-0.00241--0.00237level=5, indexed=1(38 sol.)
 Solution ? a= 13.331 b=  9.473 c=  8.851 alpha=113.356 beta= 81.333 gamma= 95.961 V= 1013.32 score= 14.71 #  38
     a=13.33-13.36 b= 9.47- 9.52 c= 8.89- 8.93 alpha=113.37-113.70 beta= 81.11- 81.10 gamma= 95.91- 96.07 V=1017.77-1026.78level=5, indexed=1(39 sol.)
     a=0.00578-0.00576 b=0.01325-0.01318 c=0.01524-0.01517 alpha=0.00080-0.00084 beta=0.01101-0.01110 gamma=-0.00234--0.00230level=5, indexed=1(39 sol.)
 Solution ? a= 13.341 b=  9.480 c=  8.895 alpha=113.377 beta= 81.368 gamma= 96.048 V= 1019.60 score= 14.90 #  39
     a=13.34-13.36 b= 9.45- 9.50 c= 8.87- 8.91 alpha=113.01-113.34 beta= 81.05- 81.05 gamma= 96.10- 96.26 V=1015.23-1024.16level=5, indexed=1(40 sol.)
     a=0.00578-0.00576 b=0.01325-0.01318 c=0.01524-0.01517 alpha=0.00087-0.00091 beta=0.01083-0.01092 gamma=-0.00234--0.00230level=5, indexed=1(40 sol.)
 Solution ? a= 13.341 b=  9.480 c=  8.895 alpha=113.377 beta= 81.368 gamma= 96.048 V= 1019.60 score= 14.90 #  40
     a=13.34-13.36 b= 9.48- 9.53 c= 8.90- 8.94 alpha=113.41-113.74 beta= 81.00- 81.00 gamma= 96.17- 96.33 V=1018.26-1027.28level=5, indexed=1(41 sol.)
     a=0.00578-0.00576 b=0.01325-0.01318 c=0.01524-0.01517 alpha=0.00087-0.00091 beta=0.01101-0.01110 gamma=-0.00234--0.00230level=5, indexed=1(41 sol.)
 Solution ? a= 13.330 b=  9.473 c=  8.852 alpha=113.345 beta= 81.349 gamma= 95.965 V= 1013.36 score= 14.59 #  41
     a=13.36-13.38 b= 9.45- 9.50 c= 8.90- 8.94 alpha=113.05-113.38 beta= 81.69- 81.70 gamma= 95.87- 96.02 V=1022.21-1031.25level=5, indexed=1(43 sol.)
     a=0.00574-0.00572 b=0.01325-0.01318 c=0.01511-0.01504 alpha=0.00087-0.00091 beta=0.01083-0.01092 gamma=-0.00212--0.00209level=5, indexed=1(43 sol.)
 Solution ? a= 13.289 b=  9.478 c=  8.908 alpha=113.372 beta= 81.565 gamma= 96.078 V= 1017.28 score= 18.80 #  43
    a=13.17-13.22 b= 9.41- 9.51 c= 8.86- 8.94 alpha=112.34-112.98 beta= 82.09- 82.10 gamma= 95.24- 95.53 V=1005.73-1023.36level=4, indexed=1(44 sol.)
    a=0.00589-0.00585 b=0.01322-0.01308 c=0.01507-0.01494 alpha=0.00075-0.00082 beta=0.01052-0.01070 gamma=-0.00211--0.00203level=4, indexed=1(44 sol.)
 Solution ? a= 13.229 b=  9.471 c=  8.890 alpha=113.223 beta= 81.944 gamma= 95.942 V= 1012.11 score= 19.07 #  44
     a=13.26-13.29 b= 9.47- 9.52 c= 8.93- 8.97 alpha=113.40-113.73 beta= 81.67- 81.67 gamma= 95.47- 95.63 V=1017.83-1026.85level=5, indexed=1(48 sol.)
     a=0.00582-0.00580 b=0.01325-0.01318 c=0.01511-0.01504 alpha=0.00073-0.00077 beta=0.01101-0.01110 gamma=-0.00220--0.00216level=5, indexed=1(48 sol.)
 Solution ? a= 13.269 b=  9.497 c=  8.989 alpha=113.408 beta= 81.741 gamma= 96.183 V= 1027.08 score= 15.63 #  48
     a=13.28-13.30 b= 9.48- 9.53 c= 8.94- 8.98 alpha=113.46-113.79 beta= 81.33- 81.33 gamma= 95.83- 95.98 V=1018.92-1027.97level=5, indexed=1(49 sol.)
     a=0.00582-0.00580 b=0.01325-0.01318 c=0.01511-0.01504 alpha=0.00080-0.00084 beta=0.01101-0.01110 gamma=-0.00227--0.00223level=5, indexed=1(49 sol.)
 Solution ? a= 13.268 b=  9.498 c=  8.985 alpha=113.446 beta= 81.693 gamma= 96.184 V= 1026.25 score= 16.53 #  49
      a=13.28-13.31 b= 9.46- 9.51 c= 8.91- 8.95 alpha=113.29-113.62 beta= 81.50- 81.50 gamma= 95.79- 95.94 V=1015.82-1024.80level=6, indexed=1(50 sol.)
      a=0.00581-0.00579 b=0.01328-0.01322 c=0.01514-0.01507 alpha=0.00082-0.00086 beta=0.01097-0.01106 gamma=-0.00221--0.00218level=6, indexed=1(50 sol.)
 Solution ? a= 13.289 b=  9.478 c=  8.908 alpha=113.372 beta= 81.565 gamma= 96.078 V= 1017.28 score= 18.80 #  50
      a=13.28-13.30 b= 9.46- 9.50 c= 8.91- 8.95 alpha=113.28-113.61 beta= 81.62- 81.62 gamma= 95.74- 95.90 V=1015.50-1024.48level=6, indexed=1(51 sol.)
      a=0.00581-0.00579 b=0.01328-0.01322 c=0.01514-0.01507 alpha=0.00082-0.00086 beta=0.01097-0.01106 gamma=-0.00218--0.00214level=6, indexed=1(51 sol.)
 Solution ? a= 13.289 b=  9.478 c=  8.908 alpha=113.372 beta= 81.565 gamma= 96.078 V= 1017.28 score= 18.80 #  51
      a=13.26-13.28 b= 9.46- 9.50 c= 8.91- 8.95 alpha=113.29-113.62 beta= 81.52- 81.52 gamma= 95.78- 95.93 V=1014.05-1023.01level=6, indexed=1(52 sol.)
      a=0.00583-0.00581 b=0.01328-0.01322 c=0.01514-0.01507 alpha=0.00082-0.00086 beta=0.01097-0.01106 gamma=-0.00221--0.00218level=6, indexed=1(52 sol.)
 Solution ? a= 13.243 b=  9.478 c=  8.910 alpha=113.320 beta= 81.778 gamma= 96.019 V= 1014.95 score=263.92 #  52
      a=13.25-13.27 b= 9.44- 9.49 c= 8.89- 8.93 alpha=113.06-113.38 beta= 81.90- 81.90 gamma= 95.61- 95.76 V=1011.62-1020.52level=6, indexed=1(53 sol.)
      a=0.00583-0.00581 b=0.01328-0.01322 c=0.01514-0.01507 alpha=0.00082-0.00086 beta=0.01088-0.01097 gamma=-0.00211--0.00207level=6, indexed=1(53 sol.)
 Solution ? a= 13.247 b=  9.479 c=  8.911 alpha=113.323 beta= 81.770 gamma= 96.024 V= 1015.41 score=316.55 #  53
     a=13.25-13.28 b= 9.45- 9.49 c= 8.89- 8.93 alpha=112.99-113.32 beta= 82.09- 82.10 gamma= 95.48- 95.63 V=1014.02-1022.95level=5, indexed=1(54 sol.)
     a=0.00582-0.00580 b=0.01325-0.01318 c=0.01511-0.01504 alpha=0.00080-0.00084 beta=0.01083-0.01092 gamma=-0.00205--0.00202level=5, indexed=1(54 sol.)
 Solution ? a= 13.247 b=  9.479 c=  8.911 alpha=113.323 beta= 81.770 gamma= 96.024 V= 1015.41 score=316.56 #  54
      a=13.28-13.31 b= 9.45- 9.49 c= 8.89- 8.93 alpha=113.10-113.43 beta= 81.66- 81.67 gamma= 95.92- 96.07 V=1014.14-1023.08level=6, indexed=1(73 sol.)
      a=0.00581-0.00579 b=0.01328-0.01322 c=0.01514-0.01507 alpha=0.00089-0.00093 beta=0.01088-0.01097 gamma=-0.00214--0.00211level=6, indexed=1(73 sol.)
 Solution ? a= 13.247 b=  9.479 c=  8.911 alpha=113.323 beta= 81.770 gamma= 96.024 V= 1015.41 score=316.57 #  73
      a=13.22-13.25 b= 9.46- 9.51 c= 8.90- 8.94 alpha=113.27-113.59 beta= 82.03- 82.03 gamma= 95.79- 95.94 V=1011.23-1020.16level=6, indexed=1(167 sol.)
      a=0.00585-0.00583 b=0.01328-0.01322 c=0.01514-0.01507 alpha=0.00089-0.00093 beta=0.01097-0.01106 gamma=-0.00203--0.00200level=6, indexed=1(167 sol.)
 Solution ? a= 13.247 b=  9.479 c=  8.911 alpha=113.323 beta= 81.770 gamma= 96.024 V= 1015.41 score=316.59 # 167
Finished: V=905.508->1358.27 A^3, 35472446 unit cells tested, 2.75778e+06 tests/s,   Elapsed time=12.8627s
Starting: V=1358.27->1810.99
Finished: V=1358.27->1810.99 A^3, 199167560 unit cells tested, 2.49823e+06 tests/s,   Elapsed time=79.7234s
CellExplorer::ReduceSolutions(): update threshold for report from 8 to 63.319
build/fast-x86_64/objcryst/ObjCryst/ObjCryst/Indexing.cpp:2602 Solution ? a=13.2468, b=9.47853, c=8.91089, alpha=113.323, beta=81.7696, gamma=96.0238, V=1015.41, score=316.595
build/fast-x86_64/objcryst/ObjCryst/ObjCryst/Indexing.cpp:2609 BEST ? a=13.2468, b=9.47853, c=8.91089, alpha=113.323, beta=81.7696, gamma=96.0238, V=1015.41, score=316.595
199167560unit cells tested, 2.49822e+06 tests/s,   Elapsed time=79.7237s
DONE Xd8634a2 TRICLINIC P 1 79.72407126426697 [{'cell': [13.246757507324219, 9.47852897644043, 8.910886764526367, 113.32311093502324, 81.76957674328861, 96.02381271089004], 'volume': 1015.4071655273438, 'score': 316.59490966796875, 'system': 'TRICLINIC', 'centering': 'P', 'mode': 3}]
