START 0.4467190455750668 317231.23118321213
ObjRegistry<T>::Find(H): Not found !!
List of Crystal ScatteringPowers :5 object registered:
#  0:ScatteringPowerAtom(C)
#  1:ScatteringPowerAtom(N)
#  2:ScatteringPowerAtom(S)
#  3:ScatteringPowerAtom(O)
#  4:ScatteringPowerAtom(F)
WITH_H 0.4501244410683195 324309.7847699596
Imported powder pattern: 10459 points, 2theta=  3.000 ->  13.458, step= 0.001
SCALED_SIGMA 5.568457950617234 10458.999999999945
CYCLE 0 0 Rw 0.4464498827435932 chi2 10288.93442363558
CYCLE 0 1 Rw 0.4463777332744533 chi2 10285.609162720177
CYCLE 0 2 Rw 0.4463706001024699 chi2 10285.28043470614
CYCLE 1 0 Rw 0.3774089280538239 chi2 7352.741744105477
CYCLE 1 1 Rw 0.3425011836691446 chi2 6055.487699092687
CYCLE 1 2 Rw 0.3294231615304513 chi2 5601.872688109239
CYCLE 2 0 Rw 0.32197806286031494 chi2 5351.524760192707
CYCLE 2 1 Rw 0.3225285362005061 chi2 5369.838988837182
CYCLE 2 2 Rw 0.3236450043914106 chi2 5407.079917098039
CYCLE 3 0 Rw 0.3132916394822404 chi2 5066.6695882184395
CYCLE 3 1 Rw 0.31713223344509234 chi2 5191.654048278057
CYCLE 3 2 Rw 0.32145776910164464 chi2 5334.243363820197
FINISHED Xd8634a2 0.32145776910164464
