START 0.33920976934909164 184175.37591143275
ObjRegistry<T>::Find(H): Not found !!
List of Crystal ScatteringPowers :5 object registered:
#  0:ScatteringPowerAtom(C)
#  1:ScatteringPowerAtom(N)
#  2:ScatteringPowerAtom(S)
#  3:ScatteringPowerAtom(O)
#  4:ScatteringPowerAtom(F)
WITH_H 0.3547739796713244 201464.43081592105
Imported powder pattern: 10459 points, 2theta=  3.000 ->  13.458, step= 0.001
SCALED_SIGMA 4.3888840674462575 10459.000000000064
TIGHT_RESTRAINTS
FLEXIBLE_RINGS
AROMATIC_PLANARITY 0
LSQ_PACKING 33 atoms 1474 terms sigma 0.01 cost 1733.4156586785598
CYCLE 0 0 Rw 0.3598124063279684 chi2 10758.182593479265 geom 66.77476463590686 LSQ 12032.649253808951
CYCLE 0 1 Rw 0.3612465961487175 chi2 10844.116406541425 geom 66.77476463590686 LSQ 12010.043988419788
CYCLE 0 2 Rw 0.3614692908118847 chi2 10857.490490787979 geom 66.77476463590686 LSQ 12009.45193709866
PACKING_STAGE 0 986.4404679519837
CYCLE 1 0 Rw 0.30227600057699966 chi2 7592.660452453657 geom 1461.9938798350147 LSQ 9956.25215379976
CYCLE 1 1 Rw 0.24788103410598245 chi2 5105.911019882249 geom 2054.1774334487154 LSQ 8170.517739893192
CYCLE 1 2 Rw 0.24185144853985807 chi2 4860.534492015153 geom 870.0945580786796 LSQ 6474.450212003375
PACKING_STAGE 1 195.40581053865967
CYCLE 2 0 Rw 0.23499298201995591 chi2 4588.771458849498 geom 1132.6830100086788 LSQ 6468.719618555719
CYCLE 2 1 Rw 0.23231987365865084 chi2 4484.968212351522 geom 1144.817452937063 LSQ 6356.49301233368
CYCLE 2 2 Rw 0.2315377873000681 chi2 4454.822462702912 geom 918.3593236348822 LSQ 6075.665548531559
PACKING_STAGE 2 210.44450013956555
CYCLE 3 0 Rw 0.22956663385719014 chi2 4379.294744744703 geom 926.4165658786011 LSQ 6009.297286495606
CYCLE 3 1 Rw 0.22942981117702493 chi2 4374.076144156261 geom 885.8279988405897 LSQ 5945.319439874009
CYCLE 3 2 Rw 0.22872158403452036 chi2 4347.113143395696 geom 876.1818055852484 LSQ 5909.174499044456
PACKING_STAGE 3 210.08321523619028
FINISHED Xd8634a2 0.22872158403452036
