X019b9a4 TRICLINIC P 3 peaks [4.7913, 9.59062, 10.93485, 11.61909, 12.27359, 12.64027, 12.96123, 14.02935, 14.44028, 14.85077, 15.60404, 16.02828, 16.62692, 17.3981, 18.16104, 18.81222, 19.15107, 19.70688] V 561.6 2239.224853515625 Lmax 36.63171626064388
3->36.6317,1.34527,24.9999
1.5708->2.35619,0.0785683,0.707107,9.99638
561.6->2239.22,419.417,3.9999
Starting: V=561.6->981.017
Finished: V=561.6->981.017 A^3, 194739 unit cells tested, 1.18569e+06 tests/s,   Elapsed time=0.164248s
Starting: V=981.017->1400.43
    a=18.41-18.46 b= 8.08- 8.14 c= 7.44- 7.48 alpha= 90.09- 90.65 beta= 92.70- 92.80 gamma= 94.17- 94.29 V=1103.19-1119.58level=4, indexed=1(0 sol.)
    a=0.00297-0.00296 b=0.01539-0.01520 c=0.01810-0.01790 alpha=0.00099-0.00101 beta=0.00017-0.00050 gamma=0.00069-0.00072level=4, indexed=1(0 sol.)
 Solution ? a= 18.506 b=  8.098 c=  7.485 alpha= 90.801 beta= 92.839 gamma= 94.495 V= 1116.75 score=  8.25 #   0
    a=18.42-18.47 b= 8.08- 8.14 c= 7.44- 7.48 alpha= 90.08- 90.64 beta= 92.70- 92.80 gamma= 94.40- 94.52 V=1103.52-1119.93level=4, indexed=1(1 sol.)
    a=0.00297-0.00296 b=0.01539-0.01520 c=0.01810-0.01790 alpha=0.00104-0.00107 beta=0.00017-0.00050 gamma=0.00069-0.00072level=4, indexed=1(1 sol.)
 Solution ? a= 18.506 b=  8.098 c=  7.485 alpha= 90.801 beta= 92.839 gamma= 94.495 V= 1116.75 score=  8.25 #   1
    a=18.41-18.47 b= 8.08- 8.14 c= 7.44- 7.48 alpha= 90.07- 90.64 beta= 92.94- 93.04 gamma= 94.17- 94.29 V=1103.42-1119.83level=4, indexed=1(2 sol.)
    a=0.00297-0.00296 b=0.01539-0.01520 c=0.01810-0.01790 alpha=0.00099-0.00101 beta=0.00017-0.00050 gamma=0.00076-0.00079level=4, indexed=1(2 sol.)
 Solution ? a= 18.506 b=  8.098 c=  7.485 alpha= 90.801 beta= 92.839 gamma= 94.495 V= 1116.75 score=  8.25 #   2
    a=18.42-18.47 b= 8.08- 8.14 c= 7.44- 7.48 alpha= 90.06- 90.62 beta= 92.94- 93.04 gamma= 94.40- 94.52 V=1103.75-1120.17level=4, indexed=1(3 sol.)
    a=0.00297-0.00296 b=0.01539-0.01520 c=0.01810-0.01790 alpha=0.00104-0.00107 beta=0.00017-0.00050 gamma=0.00076-0.00079level=4, indexed=1(3 sol.)
 Solution ? a= 18.506 b=  8.098 c=  7.485 alpha= 90.801 beta= 92.839 gamma= 94.495 V= 1116.75 score=  8.25 #   3
    a=18.42-18.48 b= 8.09- 8.14 c= 7.44- 7.48 alpha= 90.07- 90.63 beta= 92.70- 92.79 gamma= 94.63- 94.76 V=1103.87-1120.30level=4, indexed=1(4 sol.)
    a=0.00297-0.00296 b=0.01539-0.01520 c=0.01810-0.01790 alpha=0.00109-0.00112 beta=0.00017-0.00050 gamma=0.00069-0.00072level=4, indexed=1(4 sol.)
 Solution ? a= 18.528 b=  8.102 c=  7.483 alpha= 90.831 beta= 92.841 gamma= 94.555 V= 1118.20 score=  7.83 #   4
Finished: V=981.017->1400.43 A^3, 3290942 unit cells tested, 2.06677e+06 tests/s,   Elapsed time=1.59232s
Starting: V=1400.43->1819.85
     a=18.97-19.01 b=10.26-10.32 c=10.20-10.27 alpha=114.10-114.57 beta= 76.28- 76.19 gamma= 99.51- 99.70 V=1755.93-1773.86level=5, indexed=1(27 sol.)
     a=0.00296-0.00295 b=0.01147-0.01141 c=0.01195-0.01189 alpha=0.00090-0.00091 beta=0.00902-0.00914 gamma=-0.00224--0.00223level=5, indexed=1(27 sol.)
 Solution ? a= 19.096 b= 10.289 c= 10.238 alpha=114.611 beta= 76.125 gamma= 99.809 V= 1769.80 score=  7.99 #  27
     a=18.98-19.02 b=10.26-10.33 c=10.21-10.27 alpha=114.13-114.60 beta= 76.22- 76.13 gamma= 99.65- 99.85 V=1756.70-1774.66level=5, indexed=1(28 sol.)
     a=0.00296-0.00295 b=0.01147-0.01141 c=0.01195-0.01189 alpha=0.00092-0.00094 beta=0.00902-0.00914 gamma=-0.00224--0.00223level=5, indexed=1(28 sol.)
 Solution ? a= 19.096 b= 10.289 c= 10.238 alpha=114.611 beta= 76.125 gamma= 99.809 V= 1769.80 score=  7.99 #  28
    a=18.37-18.43 b=10.95-11.03 c= 8.39- 8.47 alpha=105.75-106.22 beta= 93.41- 93.54 gamma= 89.72- 89.81 V=1622.30-1648.42level=4, indexed=1(50 sol.)
    a=0.00297-0.00296 b=0.00900-0.00892 c=0.01539-0.01520 alpha=0.00012-0.00015 beta=0.00639-0.00651 gamma=0.00082-0.00085level=4, indexed=1(50 sol.)
 Solution ? a= 18.410 b= 10.908 c=  8.446 alpha=106.143 beta= 93.811 gamma= 90.012 V= 1625.29 score= 12.41 #  50
      a=18.38-18.41 b=10.94-10.97 c= 8.43- 8.46 alpha=105.90-106.13 beta= 93.75- 93.81 gamma= 89.90- 89.95 V=1625.88-1638.93level=6, indexed=1(54 sol.)
      a=0.00297-0.00296 b=0.00904-0.00900 c=0.01529-0.01520 alpha=0.00018-0.00019 beta=0.00645-0.00651 gamma=0.00091-0.00093level=6, indexed=1(54 sol.)
 Solution ? a= 18.410 b= 10.908 c=  8.446 alpha=106.143 beta= 93.811 gamma= 90.012 V= 1625.29 score= 12.41 #  54
      a=18.38-18.41 b=10.95-10.98 c= 8.43- 8.47 alpha=106.05-106.28 beta= 93.75- 93.81 gamma= 89.89- 89.94 V=1627.09-1640.18level=6, indexed=1(55 sol.)
      a=0.00297-0.00296 b=0.00904-0.00900 c=0.01529-0.01520 alpha=0.00018-0.00019 beta=0.00651-0.00657 gamma=0.00091-0.00093level=6, indexed=1(55 sol.)
 Solution ? a= 18.410 b= 10.908 c=  8.446 alpha=106.143 beta= 93.811 gamma= 90.012 V= 1625.29 score= 12.41 #  55
      a=18.41-18.44 b=10.94-10.97 c= 8.43- 8.47 alpha=105.90-106.13 beta= 93.96- 94.02 gamma= 89.85- 89.89 V=1628.45-1641.54level=6, indexed=1(67 sol.)
      a=0.00296-0.00296 b=0.00904-0.00900 c=0.01529-0.01520 alpha=0.00018-0.00019 beta=0.00645-0.00651 gamma=0.00096-0.00097level=6, indexed=1(67 sol.)
 Solution ? a= 18.410 b= 10.908 c=  8.446 alpha=106.143 beta= 93.811 gamma= 90.012 V= 1625.29 score= 12.41 #  67
      a=18.41-18.44 b=10.94-10.97 c= 8.43- 8.47 alpha=105.89-106.13 beta= 93.80- 93.86 gamma= 89.96- 90.00 V=1628.18-1641.27level=6, indexed=1(68 sol.)
      a=0.00296-0.00296 b=0.00904-0.00900 c=0.01529-0.01520 alpha=0.00019-0.00020 beta=0.00645-0.00651 gamma=0.00093-0.00094level=6, indexed=1(68 sol.)
 Solution ? a= 18.410 b= 10.908 c=  8.446 alpha=106.143 beta= 93.811 gamma= 90.012 V= 1625.29 score= 12.41 #  68
     a=18.42-18.45 b=10.93-10.97 c= 8.38- 8.42 alpha=105.62-105.85 beta= 93.98- 94.05 gamma= 89.83- 89.87 V=1621.43-1634.36level=5, indexed=1(74 sol.)
     a=0.00296-0.00295 b=0.00902-0.00898 c=0.01544-0.01534 alpha=0.00017-0.00018 beta=0.00636-0.00642 gamma=0.00096-0.00098level=5, indexed=1(74 sol.)
 Solution ? a= 18.437 b= 10.913 c=  8.437 alpha=106.213 beta= 94.057 gamma= 90.240 V= 1625.44 score= 28.89 #  74
      a=18.41-18.44 b=10.92-10.95 c= 8.41- 8.44 alpha=105.96-106.19 beta= 94.01- 94.08 gamma= 89.83- 89.87 V=1620.37-1633.35level=6, indexed=1(190 sol.)
      a=0.00296-0.00296 b=0.00908-0.00904 c=0.01539-0.01529 alpha=0.00018-0.00019 beta=0.00651-0.00657 gamma=0.00097-0.00099level=6, indexed=1(190 sol.)
 Solution ? a= 18.437 b= 10.913 c=  8.437 alpha=106.213 beta= 94.057 gamma= 90.240 V= 1625.44 score= 28.89 # 190
      a=18.41-18.44 b=10.92-10.95 c= 8.41- 8.44 alpha=105.95-106.18 beta= 93.97- 94.04 gamma= 89.98- 90.02 V=1620.37-1633.35level=6, indexed=1(220 sol.)
      a=0.00296-0.00296 b=0.00908-0.00904 c=0.01539-0.01529 alpha=0.00020-0.00022 beta=0.00651-0.00657 gamma=0.00097-0.00099level=6, indexed=1(220 sol.)
 Solution ? a= 18.437 b= 10.913 c=  8.437 alpha=106.213 beta= 94.057 gamma= 90.240 V= 1625.44 score= 28.89 # 220
      a=18.44-18.46 b=10.87-10.90 c= 8.40- 8.44 alpha=105.88-106.11 beta= 93.98- 94.04 gamma= 89.98- 90.02 V=1614.92-1627.81level=6, indexed=1(227 sol.)
      a=0.00296-0.00295 b=0.00916-0.00912 c=0.01539-0.01529 alpha=0.00020-0.00022 beta=0.00651-0.00657 gamma=0.00097-0.00099level=6, indexed=1(227 sol.)
 Solution ? a= 18.425 b= 10.907 c=  8.432 alpha=106.203 beta= 94.025 gamma= 90.277 V= 1622.67 score= 34.88 # 227
     a=18.43-18.45 b=10.93-10.97 c= 8.38- 8.41 alpha=105.57-105.80 beta= 93.77- 93.84 gamma= 90.61- 90.65 V=1621.51-1634.46level=5, indexed=1(433 sol.)
     a=0.00296-0.00295 b=0.00902-0.00898 c=0.01544-0.01534 alpha=0.00030-0.00032 beta=0.00636-0.00642 gamma=0.00096-0.00098level=5, indexed=1(433 sol.)
 Solution ? a= 18.427 b= 10.908 c=  8.434 alpha=106.203 beta= 94.028 gamma= 90.277 V= 1623.20 score= 35.12 # 433
      a=18.44-18.46 b=10.92-10.95 c= 8.40- 8.44 alpha=105.93-106.16 beta= 93.89- 93.95 gamma= 90.29- 90.34 V=1622.56-1635.57level=6, indexed=1(551 sol.)
      a=0.00296-0.00295 b=0.00908-0.00904 c=0.01539-0.01529 alpha=0.00026-0.00027 beta=0.00651-0.00657 gamma=0.00097-0.00099level=6, indexed=1(551 sol.)
 Solution ? a= 18.427 b= 10.908 c=  8.434 alpha=106.203 beta= 94.028 gamma= 90.277 V= 1623.20 score= 35.12 # 551
      a=18.44-18.46 b=10.89-10.93 c= 8.40- 8.44 alpha=105.89-106.12 beta= 93.82- 93.89 gamma= 90.31- 90.35 V=1618.61-1631.56level=6, indexed=1(557 sol.)
      a=0.00296-0.00295 b=0.00912-0.00908 c=0.01539-0.01529 alpha=0.00026-0.00027 beta=0.00651-0.00657 gamma=0.00096-0.00097level=6, indexed=1(557 sol.)
 Solution ? a= 18.427 b= 10.908 c=  8.434 alpha=106.203 beta= 94.028 gamma= 90.277 V= 1623.20 score= 35.12 # 557
      a=18.41-18.44 b=10.91-10.95 c= 8.40- 8.44 alpha=105.79-106.02 beta= 93.84- 93.90 gamma= 90.24- 90.29 V=1619.06-1632.00level=6, indexed=1(559 sol.)
      a=0.00296-0.00296 b=0.00908-0.00904 c=0.01539-0.01529 alpha=0.00024-0.00026 beta=0.00645-0.00651 gamma=0.00096-0.00097level=6, indexed=1(559 sol.)
 Solution ? a= 18.427 b= 10.908 c=  8.434 alpha=106.203 beta= 94.028 gamma= 90.277 V= 1623.20 score= 35.12 # 559
      a=18.39-18.42 b=10.89-10.93 c= 8.43- 8.47 alpha=105.93-106.16 beta= 93.83- 93.89 gamma= 90.52- 90.56 V=1619.99-1633.00level=6, indexed=1(788 sol.)
      a=0.00297-0.00296 b=0.00912-0.00908 c=0.01529-0.01520 alpha=0.00030-0.00031 beta=0.00651-0.00657 gamma=0.00097-0.00099level=6, indexed=1(788 sol.)
 Solution ? a= 18.427 b= 10.908 c=  8.434 alpha=106.203 beta= 94.028 gamma= 90.277 V= 1623.20 score= 35.12 # 788
      a=18.44-18.47 b=10.90-10.94 c= 8.44- 8.48 alpha=106.11-106.35 beta= 94.20- 94.26 gamma= 89.91- 89.95 V=1625.90-1638.99level=6, indexed=1(1649 sol.)
      a=0.00296-0.00295 b=0.00912-0.00908 c=0.01529-0.01520 alpha=0.00020-0.00022 beta=0.00657-0.00663 gamma=0.00102-0.00103level=6, indexed=1(1649 sol.)
 Solution ? a= 18.427 b= 10.908 c=  8.434 alpha=106.203 beta= 94.028 gamma= 90.277 V= 1623.20 score= 35.12 #1649
      a=18.40-18.42 b=10.89-10.93 c= 8.41- 8.44 alpha=105.88-106.11 beta= 94.09- 94.15 gamma= 90.45- 90.49 V=1614.98-1627.91level=6, indexed=1(2198 sol.)
      a=0.00297-0.00296 b=0.00912-0.00908 c=0.01539-0.01529 alpha=0.00030-0.00031 beta=0.00651-0.00657 gamma=0.00103-0.00105level=6, indexed=1(2198 sol.)
 Solution ? a= 18.427 b= 10.908 c=  8.434 alpha=106.203 beta= 94.028 gamma= 90.277 V= 1623.20 score= 35.12 #2198
2464 solutions ! Redparing...
-> 7 remaining
      a=18.44-18.47 b=10.86-10.90 c= 8.44- 8.48 alpha=106.18-106.42 beta= 94.04- 94.10 gamma= 90.01- 90.05 V=1619.21-1632.22level=6, indexed=1(7 sol.)
      a=0.00296-0.00295 b=0.00920-0.00916 c=0.01529-0.01520 alpha=0.00022-0.00023 beta=0.00663-0.00669 gamma=0.00099-0.00100level=6, indexed=1(7 sol.)
 Solution ? a= 18.425 b= 10.907 c=  8.432 alpha=106.203 beta= 94.025 gamma= 90.277 V= 1622.67 score= 34.88 #   7
      a=18.44-18.47 b=10.86-10.90 c= 8.44- 8.48 alpha=106.18-106.42 beta= 94.11- 94.17 gamma= 89.99- 90.03 V=1619.35-1632.36level=6, indexed=1(8 sol.)
      a=0.00296-0.00295 b=0.00920-0.00916 c=0.01529-0.01520 alpha=0.00022-0.00023 beta=0.00663-0.00669 gamma=0.00100-0.00102level=6, indexed=1(8 sol.)
 Solution ? a= 18.425 b= 10.907 c=  8.432 alpha=106.203 beta= 94.025 gamma= 90.277 V= 1622.67 score= 34.88 #   8
      a=18.44-18.47 b=10.85-10.89 c= 8.44- 8.47 alpha=106.03-106.26 beta= 94.02- 94.08 gamma= 90.10- 90.14 V=1618.01-1630.98level=6, indexed=1(9 sol.)
      a=0.00296-0.00295 b=0.00920-0.00916 c=0.01529-0.01520 alpha=0.00023-0.00024 beta=0.00657-0.00663 gamma=0.00099-0.00100level=6, indexed=1(9 sol.)
 Solution ? a= 18.425 b= 10.907 c=  8.432 alpha=106.203 beta= 94.025 gamma= 90.277 V= 1622.67 score= 34.88 #   9
      a=18.44-18.47 b=10.85-10.89 c= 8.44- 8.47 alpha=106.03-106.26 beta= 94.09- 94.15 gamma= 90.08- 90.12 V=1618.15-1631.12level=6, indexed=1(10 sol.)
      a=0.00296-0.00295 b=0.00920-0.00916 c=0.01529-0.01520 alpha=0.00023-0.00024 beta=0.00657-0.00663 gamma=0.00100-0.00102level=6, indexed=1(10 sol.)
 Solution ? a= 18.425 b= 10.907 c=  8.432 alpha=106.203 beta= 94.025 gamma= 90.277 V= 1622.67 score= 34.88 #  10
      a=18.44-18.47 b=10.86-10.90 c= 8.44- 8.48 alpha=106.18-106.41 beta= 94.02- 94.08 gamma= 90.09- 90.13 V=1619.22-1632.22level=6, indexed=1(11 sol.)
      a=0.00296-0.00295 b=0.00920-0.00916 c=0.01529-0.01520 alpha=0.00023-0.00024 beta=0.00663-0.00669 gamma=0.00099-0.00100level=6, indexed=1(11 sol.)
 Solution ? a= 18.425 b= 10.907 c=  8.432 alpha=106.203 beta= 94.025 gamma= 90.277 V= 1622.67 score= 34.88 #  11
      a=18.44-18.47 b=10.86-10.90 c= 8.44- 8.48 alpha=106.18-106.41 beta= 94.09- 94.15 gamma= 90.07- 90.11 V=1619.35-1632.37level=6, indexed=1(12 sol.)
      a=0.00296-0.00295 b=0.00920-0.00916 c=0.01529-0.01520 alpha=0.00023-0.00024 beta=0.00663-0.00669 gamma=0.00100-0.00102level=6, indexed=1(12 sol.)
 Solution ? a= 18.425 b= 10.907 c=  8.432 alpha=106.203 beta= 94.025 gamma= 90.277 V= 1622.67 score= 34.88 #  12
      a=18.41-18.44 b=10.88-10.91 c= 8.44- 8.48 alpha=106.07-106.30 beta= 94.03- 94.10 gamma= 90.02- 90.06 V=1619.63-1632.63level=6, indexed=1(13 sol.)
      a=0.00296-0.00296 b=0.00916-0.00912 c=0.01529-0.01520 alpha=0.00022-0.00023 beta=0.00657-0.00663 gamma=0.00099-0.00100level=6, indexed=1(13 sol.)
 Solution ? a= 18.437 b= 10.913 c=  8.437 alpha=106.213 beta= 94.057 gamma= 90.240 V= 1625.44 score= 28.89 #  13
      a=18.42-18.44 b=10.88-10.91 c= 8.44- 8.48 alpha=106.07-106.30 beta= 94.10- 94.17 gamma= 90.00- 90.04 V=1619.76-1632.77level=6, indexed=1(14 sol.)
      a=0.00296-0.00296 b=0.00916-0.00912 c=0.01529-0.01520 alpha=0.00022-0.00023 beta=0.00657-0.00663 gamma=0.00100-0.00102level=6, indexed=1(14 sol.)
 Solution ? a= 18.425 b= 10.907 c=  8.432 alpha=106.203 beta= 94.025 gamma= 90.277 V= 1622.67 score= 34.88 #  14
      a=18.41-18.44 b=10.88-10.92 c= 8.44- 8.48 alpha=106.22-106.45 beta= 94.03- 94.10 gamma= 90.01- 90.05 V=1620.84-1633.88level=6, indexed=1(15 sol.)
      a=0.00296-0.00296 b=0.00916-0.00912 c=0.01529-0.01520 alpha=0.00022-0.00023 beta=0.00663-0.00669 gamma=0.00099-0.00100level=6, indexed=1(15 sol.)
 Solution ? a= 18.427 b= 10.908 c=  8.434 alpha=106.203 beta= 94.028 gamma= 90.277 V= 1623.20 score= 35.12 #  15
      a=18.42-18.44 b=10.88-10.92 c= 8.45- 8.48 alpha=106.22-106.45 beta= 94.10- 94.17 gamma= 89.99- 90.03 V=1620.98-1634.02level=6, indexed=1(16 sol.)
      a=0.00296-0.00296 b=0.00916-0.00912 c=0.01529-0.01520 alpha=0.00022-0.00023 beta=0.00663-0.00669 gamma=0.00100-0.00102level=6, indexed=1(16 sol.)
 Solution ? a= 18.425 b= 10.907 c=  8.432 alpha=106.203 beta= 94.025 gamma= 90.277 V= 1622.67 score= 34.88 #  16
      a=18.41-18.44 b=10.88-10.91 c= 8.44- 8.48 alpha=106.07-106.30 beta= 94.01- 94.08 gamma= 90.10- 90.14 V=1619.63-1632.63level=6, indexed=1(17 sol.)
      a=0.00296-0.00296 b=0.00916-0.00912 c=0.01529-0.01520 alpha=0.00023-0.00024 beta=0.00657-0.00663 gamma=0.00099-0.00100level=6, indexed=1(17 sol.)
 Solution ? a= 18.427 b= 10.908 c=  8.434 alpha=106.203 beta= 94.028 gamma= 90.277 V= 1623.20 score= 35.12 #  17
      a=18.42-18.44 b=10.88-10.91 c= 8.44- 8.48 alpha=106.07-106.30 beta= 94.08- 94.15 gamma= 90.08- 90.12 V=1619.77-1632.77level=6, indexed=1(18 sol.)
      a=0.00296-0.00296 b=0.00916-0.00912 c=0.01529-0.01520 alpha=0.00023-0.00024 beta=0.00657-0.00663 gamma=0.00100-0.00102level=6, indexed=1(18 sol.)
 Solution ? a= 18.427 b= 10.908 c=  8.434 alpha=106.203 beta= 94.028 gamma= 90.277 V= 1623.20 score= 35.12 #  18
      a=18.41-18.44 b=10.88-10.92 c= 8.44- 8.48 alpha=106.22-106.45 beta= 94.01- 94.08 gamma= 90.09- 90.13 V=1620.84-1633.88level=6, indexed=1(19 sol.)
      a=0.00296-0.00296 b=0.00916-0.00912 c=0.01529-0.01520 alpha=0.00023-0.00024 beta=0.00663-0.00669 gamma=0.00099-0.00100level=6, indexed=1(19 sol.)
 Solution ? a= 18.427 b= 10.908 c=  8.434 alpha=106.203 beta= 94.028 gamma= 90.277 V= 1623.20 score= 35.12 #  19
      a=18.42-18.44 b=10.88-10.92 c= 8.44- 8.48 alpha=106.22-106.45 beta= 94.08- 94.15 gamma= 90.07- 90.11 V=1620.98-1634.02level=6, indexed=1(20 sol.)
      a=0.00296-0.00296 b=0.00916-0.00912 c=0.01529-0.01520 alpha=0.00023-0.00024 beta=0.00663-0.00669 gamma=0.00100-0.00102level=6, indexed=1(20 sol.)
 Solution ? a= 18.427 b= 10.908 c=  8.434 alpha=106.203 beta= 94.028 gamma= 90.277 V= 1623.20 score= 35.12 #  20
      a=18.41-18.44 b=10.85-10.89 c= 8.44- 8.47 alpha=106.03-106.26 beta= 94.01- 94.08 gamma= 90.10- 90.14 V=1615.84-1628.79level=6, indexed=1(21 sol.)
      a=0.00296-0.00296 b=0.00920-0.00916 c=0.01529-0.01520 alpha=0.00023-0.00024 beta=0.00657-0.00663 gamma=0.00099-0.00100level=6, indexed=1(21 sol.)
 Solution ? a= 18.425 b= 10.907 c=  8.432 alpha=106.203 beta= 94.025 gamma= 90.277 V= 1622.67 score= 34.88 #  21
      a=18.42-18.44 b=10.85-10.89 c= 8.44- 8.47 alpha=106.03-106.26 beta= 94.08- 94.15 gamma= 90.08- 90.12 V=1615.98-1628.93level=6, indexed=1(22 sol.)
      a=0.00296-0.00296 b=0.00920-0.00916 c=0.01529-0.01520 alpha=0.00023-0.00024 beta=0.00657-0.00663 gamma=0.00100-0.00102level=6, indexed=1(22 sol.)
 Solution ? a= 18.425 b= 10.907 c=  8.432 alpha=106.203 beta= 94.025 gamma= 90.277 V= 1622.67 score= 34.88 #  22
      a=18.41-18.44 b=10.86-10.90 c= 8.44- 8.48 alpha=106.18-106.41 beta= 94.01- 94.08 gamma= 90.09- 90.13 V=1617.04-1630.03level=6, indexed=1(23 sol.)
      a=0.00296-0.00296 b=0.00920-0.00916 c=0.01529-0.01520 alpha=0.00023-0.00024 beta=0.00663-0.00669 gamma=0.00099-0.00100level=6, indexed=1(23 sol.)
 Solution ? a= 18.437 b= 10.913 c=  8.437 alpha=106.213 beta= 94.057 gamma= 90.240 V= 1625.44 score= 28.89 #  23
      a=18.42-18.44 b=10.86-10.90 c= 8.44- 8.48 alpha=106.18-106.41 beta= 94.08- 94.15 gamma= 90.07- 90.11 V=1617.18-1630.17level=6, indexed=1(24 sol.)
      a=0.00296-0.00296 b=0.00920-0.00916 c=0.01529-0.01520 alpha=0.00023-0.00024 beta=0.00663-0.00669 gamma=0.00100-0.00102level=6, indexed=1(24 sol.)
 Solution ? a= 18.425 b= 10.907 c=  8.432 alpha=106.203 beta= 94.025 gamma= 90.277 V= 1622.67 score= 34.88 #  24
      a=18.44-18.47 b=10.88-10.91 c= 8.44- 8.48 alpha=106.07-106.30 beta= 94.18- 94.24 gamma= 89.98- 90.02 V=1622.08-1635.11level=6, indexed=1(25 sol.)
      a=0.00296-0.00295 b=0.00916-0.00912 c=0.01529-0.01520 alpha=0.00022-0.00023 beta=0.00657-0.00663 gamma=0.00102-0.00103level=6, indexed=1(25 sol.)
 Solution ? a= 18.425 b= 10.907 c=  8.432 alpha=106.203 beta= 94.025 gamma= 90.277 V= 1622.67 score= 34.88 #  25
      a=18.44-18.47 b=10.88-10.91 c= 8.44- 8.48 alpha=106.07-106.30 beta= 94.24- 94.31 gamma= 89.97- 90.00 V=1622.22-1635.26level=6, indexed=1(26 sol.)
      a=0.00296-0.00295 b=0.00916-0.00912 c=0.01529-0.01520 alpha=0.00022-0.00023 beta=0.00657-0.00663 gamma=0.00103-0.00105level=6, indexed=1(26 sol.)
 Solution ? a= 18.425 b= 10.907 c=  8.432 alpha=106.203 beta= 94.025 gamma= 90.277 V= 1622.67 score= 34.88 #  26
      a=18.44-18.47 b=10.88-10.92 c= 8.45- 8.48 alpha=106.22-106.45 beta= 94.18- 94.24 gamma= 89.97- 90.01 V=1623.30-1636.37level=6, indexed=1(27 sol.)
      a=0.00296-0.00295 b=0.00916-0.00912 c=0.01529-0.01520 alpha=0.00022-0.00023 beta=0.00663-0.00669 gamma=0.00102-0.00103level=6, indexed=1(27 sol.)
 Solution ? a= 18.427 b= 10.908 c=  8.434 alpha=106.203 beta= 94.028 gamma= 90.277 V= 1623.20 score= 35.12 #  27
      a=18.44-18.47 b=10.88-10.91 c= 8.44- 8.48 alpha=106.07-106.30 beta= 94.15- 94.22 gamma= 90.06- 90.10 V=1622.08-1635.12level=6, indexed=1(28 sol.)
      a=0.00296-0.00295 b=0.00916-0.00912 c=0.01529-0.01520 alpha=0.00023-0.00024 beta=0.00657-0.00663 gamma=0.00102-0.00103level=6, indexed=1(28 sol.)
 Solution ? a= 18.425 b= 10.907 c=  8.432 alpha=106.203 beta= 94.025 gamma= 90.277 V= 1622.67 score= 34.88 #  28
      a=18.44-18.47 b=10.88-10.91 c= 8.44- 8.48 alpha=106.07-106.30 beta= 94.22- 94.29 gamma= 90.04- 90.08 V=1622.22-1635.26level=6, indexed=1(29 sol.)
      a=0.00296-0.00295 b=0.00916-0.00912 c=0.01529-0.01520 alpha=0.00023-0.00024 beta=0.00657-0.00663 gamma=0.00103-0.00105level=6, indexed=1(29 sol.)
 Solution ? a= 18.425 b= 10.907 c=  8.432 alpha=106.203 beta= 94.025 gamma= 90.277 V= 1622.67 score= 34.88 #  29
      a=18.44-18.47 b=10.88-10.92 c= 8.45- 8.48 alpha=106.22-106.45 beta= 94.15- 94.22 gamma= 90.05- 90.09 V=1623.30-1636.37level=6, indexed=1(30 sol.)
      a=0.00296-0.00295 b=0.00916-0.00912 c=0.01529-0.01520 alpha=0.00023-0.00024 beta=0.00663-0.00669 gamma=0.00102-0.00103level=6, indexed=1(30 sol.)
 Solution ? a= 18.427 b= 10.908 c=  8.434 alpha=106.203 beta= 94.028 gamma= 90.277 V= 1623.20 score= 35.12 #  30
      a=18.44-18.47 b=10.88-10.92 c= 8.45- 8.48 alpha=106.22-106.45 beta= 94.22- 94.29 gamma= 90.03- 90.07 V=1623.44-1636.52level=6, indexed=1(31 sol.)
      a=0.00296-0.00295 b=0.00916-0.00912 c=0.01529-0.01520 alpha=0.00023-0.00024 beta=0.00663-0.00669 gamma=0.00103-0.00105level=6, indexed=1(31 sol.)
 Solution ? a= 18.427 b= 10.908 c=  8.434 alpha=106.203 beta= 94.028 gamma= 90.277 V= 1623.20 score= 35.12 #  31
      a=18.44-18.47 b=10.86-10.90 c= 8.44- 8.48 alpha=106.18-106.42 beta= 94.18- 94.24 gamma= 89.97- 90.01 V=1619.49-1632.51level=6, indexed=1(34 sol.)
      a=0.00296-0.00295 b=0.00920-0.00916 c=0.01529-0.01520 alpha=0.00022-0.00023 beta=0.00663-0.00669 gamma=0.00102-0.00103level=6, indexed=1(34 sol.)
 Solution ? a= 18.425 b= 10.907 c=  8.432 alpha=106.203 beta= 94.025 gamma= 90.277 V= 1622.67 score= 34.88 #  34
      a=18.44-18.47 b=10.86-10.90 c= 8.45- 8.48 alpha=106.18-106.42 beta= 94.24- 94.31 gamma= 89.95- 89.99 V=1619.64-1632.65level=6, indexed=1(35 sol.)
      a=0.00296-0.00295 b=0.00920-0.00916 c=0.01529-0.01520 alpha=0.00022-0.00023 beta=0.00663-0.00669 gamma=0.00103-0.00105level=6, indexed=1(35 sol.)
 Solution ? a= 18.425 b= 10.907 c=  8.432 alpha=106.203 beta= 94.025 gamma= 90.277 V= 1622.67 score= 34.88 #  35
      a=18.44-18.47 b=10.86-10.90 c= 8.44- 8.48 alpha=106.18-106.41 beta= 94.15- 94.22 gamma= 90.05- 90.09 V=1619.49-1632.51level=6, indexed=1(38 sol.)
      a=0.00296-0.00295 b=0.00920-0.00916 c=0.01529-0.01520 alpha=0.00023-0.00024 beta=0.00663-0.00669 gamma=0.00102-0.00103level=6, indexed=1(38 sol.)
 Solution ? a= 18.425 b= 10.907 c=  8.432 alpha=106.203 beta= 94.025 gamma= 90.277 V= 1622.67 score= 34.88 #  38
      a=18.44-18.47 b=10.86-10.90 c= 8.44- 8.48 alpha=106.18-106.41 beta= 94.22- 94.29 gamma= 90.03- 90.07 V=1619.64-1632.66level=6, indexed=1(39 sol.)
      a=0.00296-0.00295 b=0.00920-0.00916 c=0.01529-0.01520 alpha=0.00023-0.00024 beta=0.00663-0.00669 gamma=0.00103-0.00105level=6, indexed=1(39 sol.)
 Solution ? a= 18.425 b= 10.907 c=  8.432 alpha=106.203 beta= 94.025 gamma= 90.277 V= 1622.67 score= 34.88 #  39
      a=18.42-18.44 b=10.88-10.91 c= 8.44- 8.48 alpha=106.07-106.30 beta= 94.17- 94.24 gamma= 89.98- 90.02 V=1619.90-1632.92level=6, indexed=1(40 sol.)
      a=0.00296-0.00296 b=0.00916-0.00912 c=0.01529-0.01520 alpha=0.00022-0.00023 beta=0.00657-0.00663 gamma=0.00102-0.00103level=6, indexed=1(40 sol.)
 Solution ? a= 18.425 b= 10.907 c=  8.432 alpha=106.203 beta= 94.025 gamma= 90.277 V= 1622.67 score= 34.88 #  40
      a=18.42-18.45 b=10.88-10.91 c= 8.44- 8.48 alpha=106.07-106.30 beta= 94.24- 94.30 gamma= 89.97- 90.00 V=1620.05-1633.06level=6, indexed=1(41 sol.)
      a=0.00296-0.00296 b=0.00916-0.00912 c=0.01529-0.01520 alpha=0.00022-0.00023 beta=0.00657-0.00663 gamma=0.00103-0.00105level=6, indexed=1(41 sol.)
 Solution ? a= 18.425 b= 10.907 c=  8.432 alpha=106.203 beta= 94.025 gamma= 90.277 V= 1622.67 score= 34.88 #  41
      a=18.42-18.44 b=10.88-10.92 c= 8.45- 8.48 alpha=106.22-106.45 beta= 94.17- 94.24 gamma= 89.97- 90.01 V=1621.12-1634.17level=6, indexed=1(42 sol.)
      a=0.00296-0.00296 b=0.00916-0.00912 c=0.01529-0.01520 alpha=0.00022-0.00023 beta=0.00663-0.00669 gamma=0.00102-0.00103level=6, indexed=1(42 sol.)
 Solution ? a= 18.425 b= 10.907 c=  8.432 alpha=106.203 beta= 94.025 gamma= 90.277 V= 1622.67 score= 34.88 #  42
      a=18.42-18.45 b=10.88-10.92 c= 8.45- 8.48 alpha=106.22-106.45 beta= 94.24- 94.31 gamma= 89.95- 89.99 V=1621.26-1634.31level=6, indexed=1(43 sol.)
      a=0.00296-0.00296 b=0.00916-0.00912 c=0.01529-0.01520 alpha=0.00022-0.00023 beta=0.00663-0.00669 gamma=0.00103-0.00105level=6, indexed=1(43 sol.)
 Solution ? a= 18.425 b= 10.907 c=  8.432 alpha=106.203 beta= 94.025 gamma= 90.277 V= 1622.67 score= 34.88 #  43
      a=18.42-18.44 b=10.88-10.91 c= 8.44- 8.48 alpha=106.07-106.30 beta= 94.15- 94.21 gamma= 90.06- 90.10 V=1619.91-1632.92level=6, indexed=1(44 sol.)
      a=0.00296-0.00296 b=0.00916-0.00912 c=0.01529-0.01520 alpha=0.00023-0.00024 beta=0.00657-0.00663 gamma=0.00102-0.00103level=6, indexed=1(44 sol.)
 Solution ? a= 18.425 b= 10.907 c=  8.432 alpha=106.203 beta= 94.025 gamma= 90.277 V= 1622.67 score= 34.88 #  44
      a=18.42-18.45 b=10.88-10.91 c= 8.44- 8.48 alpha=106.07-106.30 beta= 94.22- 94.28 gamma= 90.04- 90.08 V=1620.05-1633.06level=6, indexed=1(45 sol.)
      a=0.00296-0.00296 b=0.00916-0.00912 c=0.01529-0.01520 alpha=0.00023-0.00024 beta=0.00657-0.00663 gamma=0.00103-0.00105level=6, indexed=1(45 sol.)
 Solution ? a= 18.425 b= 10.907 c=  8.432 alpha=106.203 beta= 94.025 gamma= 90.277 V= 1622.67 score= 34.88 #  45
      a=18.42-18.44 b=10.88-10.92 c= 8.45- 8.48 alpha=106.22-106.45 beta= 94.15- 94.21 gamma= 90.05- 90.09 V=1621.12-1634.17level=6, indexed=1(46 sol.)
      a=0.00296-0.00296 b=0.00916-0.00912 c=0.01529-0.01520 alpha=0.00023-0.00024 beta=0.00663-0.00669 gamma=0.00102-0.00103level=6, indexed=1(46 sol.)
 Solution ? a= 18.427 b= 10.908 c=  8.434 alpha=106.203 beta= 94.028 gamma= 90.277 V= 1623.20 score= 35.12 #  46
      a=18.42-18.45 b=10.88-10.92 c= 8.45- 8.48 alpha=106.22-106.45 beta= 94.22- 94.28 gamma= 90.03- 90.07 V=1621.26-1634.31level=6, indexed=1(47 sol.)
      a=0.00296-0.00296 b=0.00916-0.00912 c=0.01529-0.01520 alpha=0.00023-0.00024 beta=0.00663-0.00669 gamma=0.00103-0.00105level=6, indexed=1(47 sol.)
 Solution ? a= 18.425 b= 10.907 c=  8.432 alpha=106.203 beta= 94.025 gamma= 90.277 V= 1622.67 score= 34.88 #  47
      a=18.42-18.44 b=10.85-10.89 c= 8.44- 8.48 alpha=106.03-106.26 beta= 94.15- 94.22 gamma= 90.06- 90.10 V=1616.12-1629.07level=6, indexed=1(48 sol.)
      a=0.00296-0.00296 b=0.00920-0.00916 c=0.01529-0.01520 alpha=0.00023-0.00024 beta=0.00657-0.00663 gamma=0.00102-0.00103level=6, indexed=1(48 sol.)
 Solution ? a= 18.425 b= 10.907 c=  8.432 alpha=106.203 beta= 94.025 gamma= 90.277 V= 1622.67 score= 34.88 #  48
      a=18.42-18.45 b=10.85-10.89 c= 8.44- 8.48 alpha=106.03-106.26 beta= 94.22- 94.28 gamma= 90.04- 90.08 V=1616.26-1629.22level=6, indexed=1(49 sol.)
      a=0.00296-0.00296 b=0.00920-0.00916 c=0.01529-0.01520 alpha=0.00023-0.00024 beta=0.00657-0.00663 gamma=0.00103-0.00105level=6, indexed=1(49 sol.)
 Solution ? a= 18.425 b= 10.907 c=  8.432 alpha=106.203 beta= 94.025 gamma= 90.277 V= 1622.67 score= 34.88 #  49
      a=18.44-18.47 b=10.87-10.90 c= 8.45- 8.49 alpha=106.33-106.56 beta= 94.02- 94.08 gamma= 90.08- 90.12 V=1620.44-1633.48level=6, indexed=1(57 sol.)
      a=0.00296-0.00295 b=0.00920-0.00916 c=0.01529-0.01520 alpha=0.00023-0.00024 beta=0.00669-0.00675 gamma=0.00099-0.00100level=6, indexed=1(57 sol.)
 Solution ? a= 18.427 b= 10.908 c=  8.434 alpha=106.203 beta= 94.028 gamma= 90.277 V= 1623.20 score= 35.12 #  57
      a=18.41-18.44 b=10.87-10.90 c= 8.45- 8.49 alpha=106.33-106.56 beta= 94.01- 94.08 gamma= 90.08- 90.12 V=1618.26-1631.28level=6, indexed=1(64 sol.)
      a=0.00296-0.00296 b=0.00920-0.00916 c=0.01529-0.01520 alpha=0.00023-0.00024 beta=0.00669-0.00675 gamma=0.00099-0.00100level=6, indexed=1(64 sol.)
 Solution ? a= 18.427 b= 10.908 c=  8.434 alpha=106.203 beta= 94.028 gamma= 90.277 V= 1623.20 score= 35.12 #  64
      a=18.42-18.44 b=10.87-10.90 c= 8.45- 8.49 alpha=106.33-106.56 beta= 94.08- 94.15 gamma= 90.06- 90.10 V=1618.40-1631.43level=6, indexed=1(65 sol.)
      a=0.00296-0.00296 b=0.00920-0.00916 c=0.01529-0.01520 alpha=0.00023-0.00024 beta=0.00669-0.00675 gamma=0.00100-0.00102level=6, indexed=1(65 sol.)
 Solution ? a= 18.427 b= 10.908 c=  8.434 alpha=106.203 beta= 94.028 gamma= 90.277 V= 1623.20 score= 35.12 #  65
      a=18.41-18.44 b=10.88-10.92 c= 8.44- 8.48 alpha=106.21-106.44 beta= 93.99- 94.05 gamma= 90.17- 90.21 V=1620.85-1633.89level=6, indexed=1(90 sol.)
      a=0.00296-0.00296 b=0.00916-0.00912 c=0.01529-0.01520 alpha=0.00024-0.00026 beta=0.00663-0.00669 gamma=0.00099-0.00100level=6, indexed=1(90 sol.)
 Solution ? a= 18.427 b= 10.908 c=  8.434 alpha=106.203 beta= 94.028 gamma= 90.277 V= 1623.20 score= 35.12 #  90
      a=18.42-18.44 b=10.85-10.89 c= 8.44- 8.47 alpha=106.02-106.25 beta= 93.97- 94.03 gamma= 90.25- 90.29 V=1615.85-1628.80level=6, indexed=1(100 sol.)
      a=0.00296-0.00296 b=0.00920-0.00916 c=0.01529-0.01520 alpha=0.00026-0.00027 beta=0.00657-0.00663 gamma=0.00099-0.00100level=6, indexed=1(100 sol.)
 Solution ? a= 18.427 b= 10.908 c=  8.434 alpha=106.203 beta= 94.028 gamma= 90.277 V= 1623.20 score= 35.12 # 100
      a=18.44-18.47 b=10.87-10.90 c= 8.45- 8.49 alpha=106.32-106.55 beta= 94.04- 94.11 gamma= 90.21- 90.25 V=1620.58-1633.64level=6, indexed=1(145 sol.)
      a=0.00296-0.00295 b=0.00920-0.00916 c=0.01529-0.01520 alpha=0.00026-0.00027 beta=0.00669-0.00675 gamma=0.00100-0.00102level=6, indexed=1(145 sol.)
 Solution ? a= 18.427 b= 10.908 c=  8.434 alpha=106.203 beta= 94.028 gamma= 90.277 V= 1623.20 score= 35.12 # 145
      a=18.44-18.47 b=10.87-10.91 c= 8.41- 8.45 alpha=106.01-106.25 beta= 94.00- 94.07 gamma= 90.11- 90.15 V=1616.25-1629.18level=6, indexed=1(182 sol.)
      a=0.00296-0.00295 b=0.00916-0.00912 c=0.01539-0.01529 alpha=0.00023-0.00024 beta=0.00657-0.00663 gamma=0.00099-0.00100level=6, indexed=1(182 sol.)
 Solution ? a= 18.427 b= 10.908 c=  8.434 alpha=106.203 beta= 94.028 gamma= 90.277 V= 1623.20 score= 35.12 # 182
      a=18.44-18.47 b=10.86-10.90 c= 8.42- 8.46 alpha=106.27-106.50 beta= 93.98- 94.05 gamma= 90.16- 90.20 V=1614.88-1627.83level=6, indexed=1(302 sol.)
      a=0.00296-0.00295 b=0.00920-0.00916 c=0.01539-0.01529 alpha=0.00024-0.00026 beta=0.00669-0.00675 gamma=0.00099-0.00100level=6, indexed=1(302 sol.)
 Solution ? a= 18.427 b= 10.908 c=  8.434 alpha=106.203 beta= 94.028 gamma= 90.277 V= 1623.20 score= 35.12 # 302
      a=18.40-18.42 b=10.90-10.94 c= 8.44- 8.48 alpha=106.10-106.34 beta= 94.21- 94.28 gamma= 90.04- 90.08 V=1621.69-1634.74level=6, indexed=1(333 sol.)
      a=0.00297-0.00296 b=0.00912-0.00908 c=0.01529-0.01520 alpha=0.00023-0.00024 beta=0.00657-0.00663 gamma=0.00103-0.00105level=6, indexed=1(333 sol.)
 Solution ? a= 18.427 b= 10.908 c=  8.434 alpha=106.203 beta= 94.028 gamma= 90.277 V= 1623.20 score= 35.12 # 333
      a=18.40-18.42 b=10.91-10.94 c= 8.42- 8.46 alpha=106.18-106.41 beta= 94.20- 94.26 gamma= 90.25- 90.29 V=1617.50-1630.50level=6, indexed=1(1263 sol.)
      a=0.00297-0.00296 b=0.00912-0.00908 c=0.01539-0.01529 alpha=0.00027-0.00028 beta=0.00663-0.00669 gamma=0.00105-0.00106level=6, indexed=1(1263 sol.)
 Solution ? a= 18.427 b= 10.908 c=  8.434 alpha=106.203 beta= 94.028 gamma= 90.277 V= 1623.20 score= 35.12 #1263
1865 solutions ! Redparing...
-> 8 remaining
1250 solutions ! Redparing...
-> 8 remaining
      a=18.46-18.48 b=10.89-10.92 c= 8.40- 8.43 alpha=106.13-106.36 beta= 93.89- 93.94 gamma= 90.20- 90.23 V=1617.16-1629.55level=6, indexed=1(349 sol.)
      a=0.00295-0.00294 b=0.00915-0.00911 c=0.01545-0.01535 alpha=0.00024-0.00025 beta=0.00662-0.00668 gamma=0.00097-0.00098level=6, indexed=1(349 sol.)
 Solution ? a= 18.427 b= 10.908 c=  8.434 alpha=106.203 beta= 94.028 gamma= 90.277 V= 1623.20 score= 35.12 # 349
Finished: V=1400.43->1819.85 A^3, 19849577 unit cells tested, 1.79414e+06 tests/s,   Elapsed time=11.0635s
Starting: V=1819.85->2239.22
5158 solutions ! Redparing...
-> 13 remaining
2011 solutions ! Redparing...
-> 18 remaining
1430 solutions ! Redparing...
-> 19 remaining
1645 solutions ! Redparing...
-> 20 remaining
Finished: V=1819.85->2239.22 A^3, 82977241 unit cells tested, 1.77047e+06 tests/s,   Elapsed time=46.8674s
build/fast-x86_64/objcryst/ObjCryst/ObjCryst/Indexing.cpp:2602 Solution ? a=18.4267, b=10.9076, c=8.43363, alpha=106.203, beta=94.0276, gamma=90.2768, V=1623.2, score=35.1236
build/fast-x86_64/objcryst/ObjCryst/ObjCryst/Indexing.cpp:2602 Solution ? a=19.5449, b=16.3659, c=7.53603, alpha=99.0912, beta=88.8207, gamma=110.042, V=2234.66, score=25.6728
build/fast-x86_64/objcryst/ObjCryst/ObjCryst/Indexing.cpp:2602 Solution ? a=18.8769, b=14.754, c=8.39961, alpha=105.512, beta=82.628, gamma=101.998, V=2198.35, score=17.9168
build/fast-x86_64/objcryst/ObjCryst/ObjCryst/Indexing.cpp:2602 Solution ? a=18.8549, b=14.7476, c=8.40856, alpha=105.496, beta=82.6376, gamma=102.099, V=2196.61, score=17.7359
build/fast-x86_64/objcryst/ObjCryst/ObjCryst/Indexing.cpp:2602 Solution ? a=18.4575, b=10.9072, c=8.45065, alpha=106.263, beta=94.1351, gamma=90.2249, V=1628.44, score=16.4997
build/fast-x86_64/objcryst/ObjCryst/ObjCryst/Indexing.cpp:2602 Solution ? a=18.4487, b=11.436, c=8.37867, alpha=104.884, beta=94.1066, gamma=90.376, V=1703.46, score=15.8814
build/fast-x86_64/objcryst/ObjCryst/ObjCryst/Indexing.cpp:2602 Solution ? a=19.6076, b=16.509, c=7.12543, alpha=101.039, beta=85.6126, gamma=110.571, V=2119.39, score=14.065
build/fast-x86_64/objcryst/ObjCryst/ObjCryst/Indexing.cpp:2602 Solution ? a=19.5274, b=16.3749, c=7.52983, alpha=99.104, beta=88.9128, gamma=110.082, V=2231.23, score=13.8526
build/fast-x86_64/objcryst/ObjCryst/ObjCryst/Indexing.cpp:2602 Solution ? a=19.5514, b=16.3975, c=7.53325, alpha=99.0683, beta=88.8579, gamma=109.965, V=2240.1, score=13.3766
build/fast-x86_64/objcryst/ObjCryst/ObjCryst/Indexing.cpp:2602 Solution ? a=18.4188, b=10.9184, c=8.41412, alpha=106.103, beta=93.9936, gamma=90.4335, V=1621.14, score=13.2698
build/fast-x86_64/objcryst/ObjCryst/ObjCryst/Indexing.cpp:2602 Solution ? a=18.4541, b=11.4262, c=8.36194, alpha=104.878, beta=94.1207, gamma=90.4483, V=1699.05, score=13.1329
build/fast-x86_64/objcryst/ObjCryst/ObjCryst/Indexing.cpp:2602 Solution ? a=18.4439, b=10.913, c=8.4378, alpha=106.141, beta=93.8739, gamma=90.0833, V=1627.31, score=12.7985
build/fast-x86_64/objcryst/ObjCryst/ObjCryst/Indexing.cpp:2602 Solution ? a=18.4104, b=10.9081, c=8.44566, alpha=106.143, beta=93.8114, gamma=90.0121, V=1625.29, score=12.4081
build/fast-x86_64/objcryst/ObjCryst/ObjCryst/Indexing.cpp:2602 Solution ? a=18.9046, b=14.7843, c=8.40779, alpha=105.501, beta=82.5664, gamma=101.854, V=2209.21, score=12.2366
build/fast-x86_64/objcryst/ObjCryst/ObjCryst/Indexing.cpp:2602 Solution ? a=18.8804, b=14.7164, c=8.41053, alpha=105.46, beta=82.6363, gamma=102.058, V=2196.1, score=12.1269
build/fast-x86_64/objcryst/ObjCryst/ObjCryst/Indexing.cpp:2602 Solution ? a=19.5828, b=16.4958, c=7.11593, alpha=101.06, beta=85.7473, gamma=110.661, V=2110.86, score=11.9005
build/fast-x86_64/objcryst/ObjCryst/ObjCryst/Indexing.cpp:2602 Solution ? a=19.5999, b=16.4833, c=7.12298, alpha=101.059, beta=85.6038, gamma=110.596, V=2114.03, score=11.8009
build/fast-x86_64/objcryst/ObjCryst/ObjCryst/Indexing.cpp:2602 Solution ? a=18.4781, b=10.9051, c=8.45296, alpha=106.161, beta=93.9644, gamma=90.0217, V=1631.75, score=9.66066
build/fast-x86_64/objcryst/ObjCryst/ObjCryst/Indexing.cpp:2602 Solution ? a=18.5062, b=8.09802, c=7.48514, alpha=90.8013, beta=92.8393, gamma=94.4948, V=1116.75, score=8.24642
build/fast-x86_64/objcryst/ObjCryst/ObjCryst/Indexing.cpp:2602 Solution ? a=19.096, b=10.2889, c=10.2382, alpha=114.611, beta=76.1245, gamma=99.8088, V=1769.8, score=7.99276
build/fast-x86_64/objcryst/ObjCryst/ObjCryst/Indexing.cpp:2609 BEST ? a=18.4267, b=10.9076, c=8.43363, alpha=106.203, beta=94.0276, gamma=90.2768, V=1623.2, score=35.1236
82977241unit cells tested, 1.7703e+06 tests/s,   Elapsed time=46.8719s
DONE X019b9a4 TRICLINIC P 20 46.87262964248657 [{'cell': [18.426729202270508, 10.907550811767578, 8.433625221252441, 106.20276849887918, 94.02762162406212, 90.27680958097127], 'volume': 1623.2020263671875, 'score': 35.12360763549805, 'system': 'TRICLINIC', 'centering': 'P', 'mode': 3}, {'cell': [19.544864654541016, 16.365934371948242, 7.536028861999512, 99.09123700676443, 88.82074985370795, 110.04221590682927], 'volume': 2234.655029296875, 'score': 25.672801971435547, 'system': 'TRICLINIC', 'centering': 'P', 'mode': 3}, {'cell': [18.87689208984375, 14.754036903381348, 8.399605751037598, 105.51187437376487, 82.62802223893249, 101.9977010646583], 'volume': 2198.353515625, 'score': 17.916820526123047, 'system': 'TRICLINIC', 'centering': 'P', 'mode': 3}, {'cell': [18.8548526763916, 14.747618675231934, 8.408564567565918, 105.49598052356626, 82.63762548490553, 102.09884250588784], 'volume': 2196.61279296875, 'score': 17.735870361328125, 'system': 'TRICLINIC', 'centering': 'P', 'mode': 3}, {'cell': [18.45754051208496, 10.907219886779785, 8.450648307800293, 106.26317469189877, 94.1351083110306, 90.22487965271166], 'volume': 1628.443603515625, 'score': 16.499656677246094, 'system': 'TRICLINIC', 'centering': 'P', 'mode': 3}]
