X019b9a4 ORTHOROMBIC P 0 peaks [4.7913, 9.59062, 10.93485, 11.61909, 12.27359, 12.64027, 12.96123, 14.02935, 14.44028, 14.85077, 15.60404, 16.02828, 16.62692, 17.3981, 18.16104, 18.81222, 19.15107, 19.70688, 20.09016, 20.60405, 21.21333, 21.99659] V 1054.1693115234375 8640 Lmax 57.455191808337005
3->57.4552,2.17822,24.9999
1.5708->2.44346,0.0766052,0.766044,11.3917
1054.17->8640,758.659,9.999
Starting: V=1054.17->1812.83
Finished: V=1054.17->1812.83 A^3, 421 unit cells tested, 198398 tests/s,   Elapsed time=0.002139s
Starting: V=1812.83->2571.49
Finished: V=1812.83->2571.49 A^3, 1231 unit cells tested, 219861 tests/s,   Elapsed time=0.005605s
Starting: V=2571.49->3330.15
Finished: V=2571.49->3330.15 A^3, 2501 unit cells tested, 256198 tests/s,   Elapsed time=0.009769s
Starting: V=3330.15->4088.81
Finished: V=3330.15->4088.81 A^3, 4404 unit cells tested, 295352 tests/s,   Elapsed time=0.014917s
Starting: V=4088.81->4847.46
Finished: V=4088.81->4847.46 A^3, 6875 unit cells tested, 322467 tests/s,   Elapsed time=0.021326s
Starting: V=4847.46->5606.12
Finished: V=4847.46->5606.12 A^3, 10284 unit cells tested, 356897 tests/s,   Elapsed time=0.028822s
Starting: V=5606.12->6364.78
Finished: V=5606.12->6364.78 A^3, 15025 unit cells tested, 398340 tests/s,   Elapsed time=0.037725s
Starting: V=6364.78->7123.44
Finished: V=6364.78->7123.44 A^3, 20891 unit cells tested, 432320 tests/s,   Elapsed time=0.04833s
Starting: V=7123.44->7882.1
Finished: V=7123.44->7882.1 A^3, 27314 unit cells tested, 456542 tests/s,   Elapsed time=0.059835s
Starting: V=7882.1->8640
Finished: V=7882.1->8640 A^3, 34643 unit cells tested, 478144 tests/s,   Elapsed time=0.072459s
DONE X019b9a4 ORTHOROMBIC P 0 0.07259917259216309 []
