X019b9a4 ORTHOROMBIC P 2 peaks [4.7913, 9.59062, 10.93485, 11.61909, 12.27359, 12.64027, 12.96123, 14.02935, 14.44028, 14.85077, 15.60404, 16.02828, 16.62692, 17.3981, 18.16104, 18.81222, 19.15107, 19.70688, 20.09016, 20.60405, 21.21333, 21.99659] V 1054.1693115234375 8640 Lmax 57.455191808337005
3->57.4552,2.17822,24.9999
1.5708->2.44346,0.0766052,0.766044,11.3917
1054.17->8640,758.659,9.999
Starting: V=1054.17->1812.83
Finished: V=1054.17->1812.83 A^3, 421 unit cells tested, 235854 tests/s,   Elapsed time=0.001791s
Starting: V=1812.83->2571.49
Finished: V=1812.83->2571.49 A^3, 1255 unit cells tested, 258656 tests/s,   Elapsed time=0.004859s
Starting: V=2571.49->3330.15
Finished: V=2571.49->3330.15 A^3, 2573 unit cells tested, 290767 tests/s,   Elapsed time=0.008856s
Starting: V=3330.15->4088.81
Finished: V=3330.15->4088.81 A^3, 4556 unit cells tested, 321956 tests/s,   Elapsed time=0.014158s
Starting: V=4088.81->4847.46
Finished: V=4088.81->4847.46 A^3, 7127 unit cells tested, 345971 tests/s,   Elapsed time=0.020607s
Starting: V=4847.46->5606.12
Finished: V=4847.46->5606.12 A^3, 10680 unit cells tested, 379612 tests/s,   Elapsed time=0.028141s
Starting: V=5606.12->6364.78
Finished: V=5606.12->6364.78 A^3, 15733 unit cells tested, 418832 tests/s,   Elapsed time=0.037572s
Starting: V=6364.78->7123.44
Finished: V=6364.78->7123.44 A^3, 22136 unit cells tested, 456422 tests/s,   Elapsed time=0.048507s
Starting: V=7123.44->7882.1
Finished: V=7123.44->7882.1 A^3, 29176 unit cells tested, 483663 tests/s,   Elapsed time=0.06033s
Starting: V=7882.1->8640
Finished: V=7882.1->8640 A^3, 37343 unit cells tested, 509524 tests/s,   Elapsed time=0.073296s
DONE X019b9a4 ORTHOROMBIC P 0 0.07343745231628418 []
