X019b9a4 TETRAGONAL I 0 peaks [4.7913, 9.59062, 10.93485, 11.61909, 12.27359, 12.64027, 12.96123, 14.02935, 14.44028, 14.85077, 15.60404, 16.02828, 16.62692, 17.3981, 18.16104, 18.81222, 19.15107, 19.70688, 20.09016, 20.60405, 21.21333, 21.99659] V 4345.1396484375 8640 Lmax 57.455191808337005
3->57.4552,2.17822,24.9999
1.5708->2.44346,0.0766052,0.766044,11.3917
4345.14->8640,477.212,8.9999
Starting: V=4345.14->4822.35
Finished: V=4345.14->4822.35 A^3, 52 unit cells tested, 154762 tests/s,   Elapsed time=0.000341s
Starting: V=4822.35->5299.56
Finished: V=4822.35->5299.56 A^3, 106 unit cells tested, 149506 tests/s,   Elapsed time=0.000715s
Starting: V=5299.56->5776.78
Finished: V=5299.56->5776.78 A^3, 154 unit cells tested, 148505 tests/s,   Elapsed time=0.001042s
Starting: V=5776.78->6253.99
Finished: V=5776.78->6253.99 A^3, 208 unit cells tested, 146067 tests/s,   Elapsed time=0.001429s
Starting: V=6253.99->6731.2
Finished: V=6253.99->6731.2 A^3, 258 unit cells tested, 142306 tests/s,   Elapsed time=0.001819s
Starting: V=6731.2->7208.41
Finished: V=6731.2->7208.41 A^3, 309 unit cells tested, 138689 tests/s,   Elapsed time=0.002233s
Starting: V=7208.41->7685.62
Finished: V=7208.41->7685.62 A^3, 360 unit cells tested, 134983 tests/s,   Elapsed time=0.002672s
Starting: V=7685.62->8162.83
Finished: V=7685.62->8162.83 A^3, 408 unit cells tested, 131868 tests/s,   Elapsed time=0.003099s
Starting: V=8162.83->8640
Finished: V=8162.83->8640 A^3, 461 unit cells tested, 129823 tests/s,   Elapsed time=0.003566s
DONE X019b9a4 TETRAGONAL I 0 0.0036725997924804688 []
