START 0.2096813088843606 106160.5539386329
ObjRegistry<T>::Find(H): Not found !!
List of Crystal ScatteringPowers :4 object registered:
#  0:ScatteringPowerAtom(C)
#  1:ScatteringPowerAtom(O)
#  2:ScatteringPowerAtom(N)
#  3:ScatteringPowerAtom(S)
WITH_H 0.1854373108586113 83030.56238709476
Imported powder pattern: 1485 points, 2theta=  4.300 ->  33.980, step= 0.020
SCALED_SIGMA 7.477488657584593 1485.0000000000014
TIGHT_RESTRAINTS
FLEXIBLE_RINGS
AROMATIC_PLANARITY 0
LSQ_PACKING 48 atoms 3253 terms sigma 0.01 cost 1453.0554317312904
CYCLE 0 0 Rw 0.191093139991513 chi2 1576.9662752118033 geom 15.397038117204408 LSQ 2279.089085652675
CYCLE 0 1 Rw 0.19007928517161618 chi2 1560.277308141966 geom 15.397038117204408 LSQ 2227.735341020086
CYCLE 0 2 Rw 0.1913575951344113 chi2 1581.3340448950773 geom 15.397038117204408 LSQ 2137.218955519722
PACKING_STAGE 0 513.019985284272
CYCLE 1 0 Rw 0.17611785315763256 chi2 1339.488464826802 geom 167.1361146711061 LSQ 1830.5890596703712
CYCLE 1 1 Rw 0.17113588710197195 chi2 1264.7782631708874 geom 17.227480798094337 LSQ 1403.7323286681137
CYCLE 1 2 Rw 0.1671306977070062 chi2 1206.2703822839542 geom 19.574257532098265 LSQ 1358.581421930539
PACKING_STAGE 1 34.593268494226564
CYCLE 2 0 Rw 0.16533200242535442 chi2 1180.445833897869 geom 20.96155433112792 LSQ 1304.799530943827
CYCLE 2 1 Rw 0.1640538630257014 chi2 1162.2649332458177 geom 22.92504693111367 LSQ 1287.3652293140979
CYCLE 2 2 Rw 0.1632114678391188 chi2 1150.359420911594 geom 24.416205071751804 LSQ 1277.4053234884768
PACKING_STAGE 2 7.249017384247828
CYCLE 3 0 Rw 0.16158309193393008 chi2 1127.5194458095648 geom 25.132379130120974 LSQ 1259.6192673862638
CYCLE 3 1 Rw 0.16184382848833204 chi2 1131.161197243562 geom 25.353494458293795 LSQ 1258.4339593761874
CYCLE 3 2 Rw 0.1615604915277562 chi2 1127.2040586605103 geom 25.501691827524382 LSQ 1254.41301266132
PACKING_STAGE 3 7.192775482946632
FINISHED X019b9a4 0.1615604915277562
