START 0.0742081460608733 4372.1563978272525
WITH_H 0.07420814604375942 4372.1563978272525
Imported powder pattern: 8960 points, 2theta=  2.600 ->  20.518, step= 0.002
SCALED_SIGMA 1.0 4372.156397827251
TIGHT_RESTRAINTS
FLEXIBLE_RINGS
AROMATIC_PLANARITY 10
CYCLE 0 0 Rw 0.07420568919182051 chi2 4371.866899606903 geom 3143.017736680933 LSQ 7947.547999678777
CYCLE 0 1 Rw 0.07420568506175103 chi2 4371.866412956578 geom 3143.017736680933 LSQ 7947.546461522694
CYCLE 0 2 Rw 0.07420568503722944 chi2 4371.866410067142 geom 3143.017736680933 LSQ 7947.5464578020365
CYCLE 1 0 Rw 0.07529209117013069 chi2 4500.8158519140425 geom 166.03961463413006 LSQ 4890.197001826514
CYCLE 1 1 Rw 0.07542831796455082 chi2 4517.117335354515 geom 77.50486644206354 LSQ 4763.391998800252
CYCLE 1 2 Rw 0.07534024323543419 chi2 4506.57456778462 geom 78.02019930032333 LSQ 4751.198415367484
CYCLE 2 0 Rw 0.07537018986111485 chi2 4510.157872470939 geom 72.81496994625262 LSQ 4742.891328394415
CYCLE 2 1 Rw 0.0753469846944618 chi2 4507.381102134485 geom 71.00926779178948 LSQ 4736.507900086466
CYCLE 2 2 Rw 0.075333765594169 chi2 4505.79966403629 geom 70.87841652815845 LSQ 4733.518662584114
CYCLE 3 0 Rw 0.07524338291081671 chi2 4494.994364141251 geom 69.04252488913812 LSQ 4719.471119699946
CYCLE 3 1 Rw 0.0750752433586097 chi2 4474.927698693288 geom 68.1296581551019 LSQ 4696.5633965723355
CYCLE 3 2 Rw 0.07497878829271448 chi2 4463.436502591378 geom 67.5248752907143 LSQ 4683.157911001173
FINISHED Xe3a2935 0.07497878829271448
