START 0.16164182924974094 3868.4216873539362
WITH_H 0.15810630515993093 3701.0476407486526
Imported powder pattern: 5106 points, 2theta=  4.000 ->  55.050, step= 0.010
SCALED_SIGMA 1.0 3701.0476407486494
TIGHT_RESTRAINTS
FLEXIBLE_RINGS
AROMATIC_PLANARITY 0
LSQ_PACKING 52 atoms 3834 terms sigma 0.01 cost 247.74644084706324
CYCLE 0 0 Rw 0.15767744984728466 chi2 3680.997063727918 geom 22.206892408940064 LSQ 3819.9538049470984
CYCLE 0 1 Rw 0.157227954253631 chi2 3660.0399317372253 geom 22.206892408940064 LSQ 3804.9882387647044
CYCLE 0 2 Rw 0.15698421134259552 chi2 3648.7007612303473 geom 22.206892408940064 LSQ 3800.7542881348318
PACKING_STAGE 0 16.731919546885997
CYCLE 1 0 Rw 0.15542308169428537 chi2 3576.492575747613 geom 14.931276835485017 LSQ 3758.941061473267
CYCLE 1 1 Rw 0.15086021199885352 chi2 3369.579626246596 geom 188.66821397188298 LSQ 3750.667253771302
CYCLE 1 2 Rw 0.1500982522343914 chi2 3335.6276626032272 geom 14.95097646629158 LSQ 3486.0085651806075
PACKING_STAGE 1 1.3278510218861836
CYCLE 2 0 Rw 0.14784608243189432 chi2 3236.27887784315 geom 12.883902120387091 LSQ 3419.4941862480414
CYCLE 2 1 Rw 0.14648890816605245 chi2 3177.1358156842575 geom 15.908399825951529 LSQ 3328.5491186378913
CYCLE 2 2 Rw 0.14622527395796592 chi2 3165.7104049179798 geom 16.95846609920233 LSQ 3315.9010813513264
PACKING_STAGE 2 1.4979971882942689
CYCLE 3 0 Rw 0.14154354168647684 chi2 2966.240858440726 geom 17.94499590253012 LSQ 3115.3093939177606
CYCLE 3 1 Rw 0.13988684659725464 chi2 2897.210540920681 geom 19.063987900930115 LSQ 3058.3908226725607
CYCLE 3 2 Rw 0.13883133564151603 chi2 2853.653903715562 geom 20.455600448772415 LSQ 3024.178054103026
PACKING_STAGE 3 2.47079378969338
FINISHED X3f4781b 0.13883133564151603
