START 0.08360485060407785 6289.7179005619155
Imported powder pattern: 7209 points, 2theta=  4.000 ->  76.080, step= 0.010
EXTENDED 0.4 7209 Rw 0.08360485156545619
WITH_H 0.08360485156545605 25610342.20662132
Imported powder pattern: 7209 points, 2theta=  4.000 ->  76.080, step= 0.010
SCALED_SIGMA 59.60328249380905 7209.000000000032
TIGHT_RESTRAINTS
FLEXIBLE_RINGS
AROMATIC_PLANARITY 0
LSQ_PACKING 52 atoms 3834 terms sigma 0.01 cost 72.36209884597223
EXTENDED_BACKGROUND 0.08090668499176129
CYCLE 0 0 Rw 0.08005577715612276 chi2 6609.938533596282 geom 1426.3621115994488 LSQ 8897.744845879348
CYCLE 0 1 Rw 0.0799911828642562 chi2 6599.2761663689425 geom 1426.3621115994488 LSQ 8886.2525074732
CYCLE 0 2 Rw 0.08000045334850828 chi2 6600.805885737781 geom 1426.3621115994488 LSQ 8884.385056303669
PACKING_STAGE 0 69.47585205461412
CYCLE 1 0 Rw 0.07848437281549532 chi2 6352.994061718428 geom 769.5857477343594 LSQ 7914.612271259446
CYCLE 1 1 Rw 0.0783933075210245 chi2 6338.2598766490855 geom 676.7096557414002 LSQ 7775.298996352589
CYCLE 1 2 Rw 0.07835525488962124 chi2 6332.108103303825 geom 636.9578280027264 LSQ 7729.537265974253
PACKING_STAGE 1 89.28339076872878
CYCLE 2 0 Rw 0.07835425876014124 chi2 6331.947104288099 geom 633.366674148749 LSQ 7721.805346594032
CYCLE 2 1 Rw 0.07835298218820179 chi2 6331.740781867981 geom 630.9753622531123 LSQ 7716.640850498021
CYCLE 2 2 Rw 0.07834568116252016 chi2 6330.560838310823 geom 629.238257162078 LSQ 7712.267688129664
PACKING_STAGE 2 86.5742193539582
CYCLE 3 0 Rw 0.0784891887047664 chi2 6353.773739341437 geom 614.8885117707656 LSQ 7705.396681271808
CYCLE 3 1 Rw 0.0783486391700026 chi2 6331.038878696842 geom 615.4881023163467 LSQ 7686.682216776593
CYCLE 3 2 Rw 0.07820897995231389 chi2 6308.488394139734 geom 615.5933216480134 LSQ 7666.686658741062
PACKING_STAGE 3 84.4378624786324
FINISHED X3f4781b 0.07820897995231389
