START 0.09852113103972991 3990.4736461418192
Imported powder pattern: 7209 points, 2theta=  4.000 ->  76.080, step= 0.010
EXTENDED 0.4 7209 Rw 0.09852113011483761
WITH_H 0.09852113011483503 35564048.27197176
Imported powder pattern: 7209 points, 2theta=  4.000 ->  76.080, step= 0.010
SCALED_SIGMA 70.23734436327985 7209.000000000048
TIGHT_RESTRAINTS
FLEXIBLE_RINGS
AROMATIC_PLANARITY 0
LSQ_PACKING 52 atoms 3834 terms sigma 0.01 cost 3.645029795770582
EXTENDED_BACKGROUND 0.09521835963935331
CYCLE 0 0 Rw 0.09335645738023787 chi2 6472.990682572948 geom 3562.9993429827714 LSQ 10731.215100759331
CYCLE 0 1 Rw 0.09261608097457592 chi2 6370.727890806497 geom 3562.9993429827714 LSQ 10656.69960538841
CYCLE 0 2 Rw 0.09245331484856695 chi2 6348.355371584976 geom 3562.9993429827714 LSQ 10635.617437574496
PACKING_STAGE 0 48.4731029076802
CYCLE 1 0 Rw 0.08754896748105459 chi2 5692.700200932861 geom 1133.1280961721845 LSQ 7636.753981475016
CYCLE 1 1 Rw 0.08666190496826535 chi2 5577.925614164959 geom 847.7723470761292 LSQ 7123.786787178573
CYCLE 1 2 Rw 0.08580315640756592 chi2 5467.927964606309 geom 799.1736559840874 LSQ 7011.935881663407
PACKING_STAGE 1 50.69296183241722
CYCLE 2 0 Rw 0.08630233284875541 chi2 5531.734484541514 geom 731.7444015378443 LSQ 6928.6048785193
CYCLE 2 1 Rw 0.08589533695484988 chi2 5479.682948063014 geom 730.3413697877703 LSQ 6875.951876900108
CYCLE 2 2 Rw 0.08566387317642787 chi2 5450.190329630729 geom 730.9095489960084 LSQ 6849.0081155594435
PACKING_STAGE 2 33.32470715971038
CYCLE 3 0 Rw 0.08508131049657873 chi2 5376.313648424299 geom 730.0641005056362 LSQ 6780.836469238751
CYCLE 3 1 Rw 0.08482140835847081 chi2 5343.517228633517 geom 728.9278087021811 LSQ 6747.914522299936
CYCLE 3 2 Rw 0.08466095979570996 chi2 5323.320705532202 geom 728.3494681328394 LSQ 6728.717698667378
PACKING_STAGE 3 39.48042152716216
FINISHED X3f4781b 0.08466095979570996
