START 0.29307621757739416 219468232.18702042
ObjRegistry<T>::Find(H): Not found !!
List of Crystal ScatteringPowers :5 object registered:
#  0:ScatteringPowerAtom(C)
#  1:ScatteringPowerAtom(O)
#  2:ScatteringPowerAtom(Cl)
#  3:ScatteringPowerAtom(N)
#  4:ScatteringPowerAtom(S)
WITH_H 0.289741869790364 216894822.46247494
Imported powder pattern: 3656 points, 2theta=  8.750 ->  45.300, step= 0.010
SCALED_SIGMA 243.56871166826912 3656.000000000019
CYCLE 0 0 Rw 0.2880568232222195 chi2 3613.5993872392837
CYCLE 0 1 Rw 0.2875929585481525 chi2 3601.9706297315424
CYCLE 0 2 Rw 0.28751039189853894 chi2 3599.9027073670977
CYCLE 1 0 Rw 0.27460248562374806 chi2 3283.9202238105963
CYCLE 1 1 Rw 0.2725654892740879 chi2 3235.380802800617
CYCLE 1 2 Rw 0.2727252651476265 chi2 3239.175027134337
CYCLE 2 0 Rw 0.29329407971187416 chi2 3746.1939956719198
CYCLE 2 1 Rw 0.27471158962416614 chi2 3286.530251244439
CYCLE 2 2 Rw 0.2985136533882915 chi2 3880.7178611836835
CYCLE 3 0 Rw 0.28164915810111607 chi2 3454.622402430103
CYCLE 3 1 Rw 0.2964665725710511 chi2 3827.675702418854
CYCLE 3 2 Rw 0.29510859137125894 chi2 3792.6902607898387
FINISHED X3f4781b 0.29510859137125894
