START 0.0970927901844752 3875.606115072597
Imported powder pattern: 7209 points, 2theta=  4.000 ->  76.080, step= 0.010
EXTENDED 0.4 7209 Rw 0.09709279002064854
WITH_H 0.0970927900206472 34540322.103208676
Imported powder pattern: 7209 points, 2theta=  4.000 ->  76.080, step= 0.010
SCALED_SIGMA 69.21905706849934 7209.000000000023
TIGHT_RESTRAINTS
FLEXIBLE_RINGS
AROMATIC_PLANARITY 0
LSQ_PACKING 52 atoms 3834 terms sigma 0.01 cost 3.6473488014304722
EXTENDED_BACKGROUND 0.09480903134295005
CYCLE 0 0 Rw 0.0936817127382147 chi2 6711.362668190696 geom 1916.9187733753652 LSQ 9128.9327432487
CYCLE 0 1 Rw 0.09336106331404731 chi2 6665.49861130068 geom 1916.9187733753652 LSQ 9060.889500167521
CYCLE 0 2 Rw 0.09328436436186552 chi2 6654.551290375991 geom 1916.9187733753652 LSQ 9040.308421289676
PACKING_STAGE 0 26.922823560255555
CYCLE 1 0 Rw 0.08923249437138356 chi2 6089.016207921969 geom 710.7218867584505 LSQ 7418.3245372124875
CYCLE 1 1 Rw 0.08854545557629072 chi2 5995.6133384761715 geom 584.7693648996361 LSQ 7151.838154205547
CYCLE 1 2 Rw 0.08796260332912839 chi2 5916.940634388222 geom 580.5287590787663 LSQ 7052.485560104824
PACKING_STAGE 1 19.51781019463405
CYCLE 2 0 Rw 0.08795710346409596 chi2 5916.200743654978 geom 577.8120275091392 LSQ 7042.544803589652
CYCLE 2 1 Rw 0.0878551622061477 chi2 5902.495075174713 geom 578.0283367252378 LSQ 7028.648861731887
CYCLE 2 2 Rw 0.08777411750652178 chi2 5891.610221360599 geom 578.3770584899905 LSQ 7019.026862974513
PACKING_STAGE 2 20.68144894253977
CYCLE 3 0 Rw 0.08751426035412878 chi2 5856.777383312209 geom 577.0262602469165 LSQ 6983.917287246595
CYCLE 3 1 Rw 0.08748733154312417 chi2 5853.173586961984 geom 575.5486914897526 LSQ 6976.186623774758
CYCLE 3 2 Rw 0.08736722299775049 chi2 5837.113351066971 geom 575.5957931038316 LSQ 6960.829178311289
PACKING_STAGE 3 22.727991199508118
FINISHED X3f4781b 0.08736722299775049
