X238783d CUBIC P 0 peaks [5.70811, 7.34877, 8.54857, 9.48246, 10.87815, 11.49221, 11.89138, 12.39744, 13.20314, 13.78466, 14.12249, 15.19893, 15.54966, 16.53157, 16.94413, 17.32364, 17.58326, 18.12556, 18.3898, 19.07527, 19.90561, 20.50743] V 6353.4033203125 9360 Lmax 59.00878160965933
3->59.0088,2.24036,24.9999
1.5708->2.44346,0.0766052,0.766044,11.3917
6353.4->9360,429.52,6.9999
Starting: V=6353.4->6782.92
59.0088,3,2.24044
Finished: V=6353.4->6782.92 A^3, 2 unit cells tested, 21978 tests/s,   Elapsed time=9.7e-05s
Starting: V=6782.92->7212.44
59.0088,3,2.24044
Finished: V=6782.92->7212.44 A^3, 3 unit cells tested, 18404.9 tests/s,   Elapsed time=0.000168s
Starting: V=7212.44->7641.96
59.0088,3,2.24044
Finished: V=7212.44->7641.96 A^3, 4 unit cells tested, 17316 tests/s,   Elapsed time=0.000236s
Starting: V=7641.96->8071.48
59.0088,3,2.24044
Finished: V=7641.96->8071.48 A^3, 5 unit cells tested, 16778.5 tests/s,   Elapsed time=0.000304s
Starting: V=8071.48->8501
59.0088,3,2.24044
Finished: V=8071.48->8501 A^3, 6 unit cells tested, 16438.4 tests/s,   Elapsed time=0.000371s
Starting: V=8501->8930.52
59.0088,3,2.24044
Finished: V=8501->8930.52 A^3, 7 unit cells tested, 16203.7 tests/s,   Elapsed time=0.000437s
Starting: V=8930.52->9360
59.0088,3,2.24044
Finished: V=8930.52->9360 A^3, 9 unit cells tested, 17307.7 tests/s,   Elapsed time=0.000525s
DONE X238783d CUBIC P 0 0.0006313323974609375 []
