START 0.22640656045484317 778823.8170403903
ObjRegistry<T>::Find(H): Not found !!
List of Crystal ScatteringPowers :3 object registered:
#  0:ScatteringPowerAtom(C)
#  1:ScatteringPowerAtom(O)
#  2:ScatteringPowerAtom(N)
WITH_H 0.2299028683134765 803063.6888740952
Imported powder pattern: 3723 points, 2theta=  8.050 ->  45.270, step= 0.010
SCALED_SIGMA 14.686843819521641 3722.9999999999936
TIGHT_RESTRAINTS
FLEXIBLE_RINGS
AROMATIC_PLANARITY 0
LSQ_PACKING 52 atoms 9197 terms sigma 0.01 cost 1086.5852328758403
CYCLE 0 0 Rw 0.23087621333480432 chi2 3754.5910327365345 geom 0.0 LSQ 4711.78423987565
CYCLE 0 1 Rw 0.23128254533082931 chi2 3767.8184930300436 geom 0.0 LSQ 4690.260345485588
CYCLE 0 2 Rw 0.23126321776830466 chi2 3767.188789611511 geom 0.0 LSQ 4689.622636982821
PACKING_STAGE 0 922.4334304362194
CYCLE 1 0 Rw 0.22194364943411038 chi2 3469.6822367785653 geom 241.11009574190882 LSQ 3919.7563836481004
CYCLE 1 1 Rw 0.2101058853125396 chi2 3109.429340760075 geom 57.645828547182845 LSQ 3325.967160865871
CYCLE 1 2 Rw 0.20461493468715966 chi2 2949.0281329997097 geom 30.2126943997453 LSQ 3151.82731493981
PACKING_STAGE 1 9.79882500214488
CYCLE 2 0 Rw 0.20163850274480158 chi2 2863.856051251588 geom 28.49191630216684 LSQ 3059.293035857807
CYCLE 2 1 Rw 0.1982252520360098 chi2 2767.7203971044955 geom 63.38180182474912 LSQ 3035.6954613046496
CYCLE 2 2 Rw 0.19617243016621466 chi2 2710.6921691688763 geom 43.644154653115486 LSQ 2955.622479019214
PACKING_STAGE 2 8.082757910341915
CYCLE 3 0 Rw 0.1941864727593455 chi2 2656.086431849626 geom 45.43285236007168 LSQ 2907.496486793314
CYCLE 3 1 Rw 0.19382192732826853 chi2 2646.123273237751 geom 46.60705835206761 LSQ 2895.1153412700214
CYCLE 3 2 Rw 0.19305281955322562 chi2 2625.164693904293 geom 46.99987253244483 LSQ 2873.192251470302
PACKING_STAGE 3 5.206952932751076
FINISHED X238783d 0.19305281955322562
