START 0.2359589745780393 934433.4352200452
ObjRegistry<T>::Find(H): Not found !!
List of Crystal ScatteringPowers :4 object registered:
#  0:ScatteringPowerAtom(ion_C)
#  1:ScatteringPowerAtom(C)
#  2:ScatteringPowerAtom(O)
#  3:ScatteringPowerAtom(N)
WITH_H 0.22538991995135108 852598.0754138279
Imported powder pattern: 4328 points, 2theta=  2.000 ->  45.270, step= 0.010
SCALED_SIGMA 14.035521310580412 4327.999999999996
TIGHT_RESTRAINTS
FLEXIBLE_RINGS
AROMATIC_PLANARITY 0
LSQ_PACKING 52 atoms 9197 terms sigma 0.01 cost 769.7624316268134
CYCLE 0 0 Rw 0.22848455560104564 chi2 4447.664011548951 geom 0.0 LSQ 4774.703147925315
CYCLE 0 1 Rw 0.230060753902649 chi2 4509.239998857962 geom 0.0 LSQ 4729.993398734695
CYCLE 0 2 Rw 0.22999187928402232 chi2 4506.54048848034 geom 0.0 LSQ 4729.866610184065
PACKING_STAGE 0 223.32605057134668
CYCLE 1 0 Rw 0.2232246322839465 chi2 4245.2425247163455 geom 3.0095599043123262 LSQ 4438.280896246055
CYCLE 1 1 Rw 0.21783338969489116 chi2 4042.659583083159 geom 26.275860206288385 LSQ 4222.796024447639
CYCLE 1 2 Rw 0.21408984985075305 chi2 3904.904604004176 geom 11.691477106914594 LSQ 4078.3953716305496
PACKING_STAGE 1 30.426184178480497
CYCLE 2 0 Rw 0.21087156552067174 chi2 3788.3868287103696 geom 22.906235987667912 LSQ 3985.2015245950665
CYCLE 2 1 Rw 0.20748720393843526 chi2 3667.7600009627463 geom 38.14237888963029 LSQ 3890.380606695936
CYCLE 2 2 Rw 0.2064691098169759 chi2 3631.854522841792 geom 20.766055541526782 LSQ 3830.8506301063403
PACKING_STAGE 2 24.32735258737698
CYCLE 3 0 Rw 0.204130483955046 chi2 3550.0461910261492 geom 53.50874983767188 LSQ 3797.1446451155107
CYCLE 3 1 Rw 0.2031873819544468 chi2 3517.3188743167184 geom 24.046432710173995 LSQ 3730.636123094283
CYCLE 3 2 Rw 0.20151306339859826 chi2 3459.220620255341 geom 25.58496346221766 LSQ 3674.816518316792
PACKING_STAGE 3 19.28145548605803
FINISHED X238783d 0.20151306339859826
