Xeb393f9 ORTHOROMBIC P 0 peaks [4.94328, 5.27706, 6.68293, 6.7383, 6.82834, 6.92831, 7.0894, 7.71364, 9.40682, 9.71197, 9.93455, 10.2495, 10.35728, 10.49235, 10.59787, 11.04598, 11.58152, 11.72869, 11.85043, 12.27556, 12.57856, 12.8808] V 783.2887573242188 6660 Lmax 52.68044575287472
3->52.6804,1.98723,24.9999
1.5708->2.44346,0.0766052,0.766044,11.3917
783.289->6660,587.73,9.999
Starting: V=783.289->1371.02
Finished: V=783.289->1371.02 A^3, 547 unit cells tested, 286238 tests/s,   Elapsed time=0.001918s
Starting: V=1371.02->1958.75
Finished: V=1371.02->1958.75 A^3, 1793 unit cells tested, 367117 tests/s,   Elapsed time=0.004891s
Starting: V=1958.75->2546.48
Finished: V=1958.75->2546.48 A^3, 4096 unit cells tested, 414827 tests/s,   Elapsed time=0.009882s
Starting: V=2546.48->3134.21
Finished: V=2546.48->3134.21 A^3, 7661 unit cells tested, 473896 tests/s,   Elapsed time=0.016174s
Starting: V=3134.21->3721.94
Finished: V=3134.21->3721.94 A^3, 13107 unit cells tested, 536820 tests/s,   Elapsed time=0.024424s
Starting: V=3721.94->4309.67
Finished: V=3721.94->4309.67 A^3, 19918 unit cells tested, 573857 tests/s,   Elapsed time=0.034722s
Starting: V=4309.67->4897.4
Finished: V=4309.67->4897.4 A^3, 28856 unit cells tested, 629164 tests/s,   Elapsed time=0.045871s
Starting: V=4897.4->5485.13
Finished: V=4897.4->5485.13 A^3, 38822 unit cells tested, 668642 tests/s,   Elapsed time=0.058067s
Starting: V=5485.13->6072.86
Finished: V=5485.13->6072.86 A^3, 48417 unit cells tested, 683074 tests/s,   Elapsed time=0.070887s
Starting: V=6072.86->6660
Finished: V=6072.86->6660 A^3, 60105 unit cells tested, 706370 tests/s,   Elapsed time=0.085096s
DONE Xeb393f9 ORTHOROMBIC P 0 0.08524346351623535 []
