Xeb393f9 CUBIC P 0 peaks [4.94328, 5.27706, 6.68293, 6.7383, 6.82834, 6.92831, 7.0894, 7.71364, 9.40682, 9.71197, 9.93455, 10.2495, 10.35728, 10.49235, 10.59787, 11.04598, 11.58152, 11.72869, 11.85043, 12.27556, 12.57856, 12.8808] V 3844.9248046875 6660 Lmax 52.68044575287472
3->52.6804,1.98723,24.9999
1.5708->2.44346,0.0766052,0.766044,11.3917
3844.92->6660,469.187,5.9999
Starting: V=3844.92->4314.11
52.6804,3,1.9873
Finished: V=3844.92->4314.11 A^3, 1 unit cells tested, 14705.9 tests/s,   Elapsed time=7.3e-05s
Starting: V=4314.11->4783.3
52.6804,3,1.9873
Finished: V=4314.11->4783.3 A^3, 2 unit cells tested, 14598.5 tests/s,   Elapsed time=0.000151s
Starting: V=4783.3->5252.49
52.6804,3,1.9873
Finished: V=4783.3->5252.49 A^3, 4 unit cells tested, 17467.2 tests/s,   Elapsed time=0.000234s
Starting: V=5252.49->5721.67
52.6804,3,1.9873
Finished: V=5252.49->5721.67 A^3, 5 unit cells tested, 16835 tests/s,   Elapsed time=0.000302s
Starting: V=5721.67->6190.86
52.6804,3,1.9873
Finished: V=5721.67->6190.86 A^3, 6 unit cells tested, 16528.9 tests/s,   Elapsed time=0.000368s
Starting: V=6190.86->6660
52.6804,3,1.9873
Finished: V=6190.86->6660 A^3, 7 unit cells tested, 16355.1 tests/s,   Elapsed time=0.000433s
DONE Xeb393f9 CUBIC P 0 0.0005459785461425781 []
