START 0.06764006133088298 8476.819431933107
Imported powder pattern: 6716 points, 2theta=  4.685 ->  38.260, step= 0.005
EXTENDED 0.4 6716 Rw 0.06437003960640375
WITH_H 0.0642426039239516 634323.424003042
Imported powder pattern: 6712 points, 2theta=  4.685 ->  38.240, step= 0.005
SCALED_SIGMA 9.721413151366997 6711.850659731155
TIGHT_RESTRAINTS
FLEXIBLE_RINGS
AROMATIC_PLANARITY 0
LSQ_PACKING 37 atoms 527 terms sigma 0.01 cost 14.399705284657545
EXTENDED_BACKGROUND 0.06376611229295451
CYCLE 0 0 Rw 0.0630007845967561 chi2 6455.020004576889 geom 361.5266798238917 LSQ 7226.5848875967395
CYCLE 0 1 Rw 0.06294457757083571 chi2 6443.507270800407 geom 361.5266798238917 LSQ 7218.894065386852
CYCLE 0 2 Rw 0.06293791170954158 chi2 6442.14260197339 geom 361.5266798238917 LSQ 7218.15306377199
PACKING_STAGE 0 20.821445236641743
CYCLE 1 0 Rw 0.06123375562664492 chi2 6098.000697181746 geom 362.15963450627 LSQ 6918.573480464476
CYCLE 1 1 Rw 0.0604256969893386 chi2 5938.120597181143 geom 337.90591113731676 LSQ 6741.500567170852
CYCLE 1 2 Rw 0.059979456990204474 chi2 5850.739146623764 geom 348.15661164526176 LSQ 6684.79057532548
PACKING_STAGE 1 18.78554290230233
CYCLE 2 0 Rw 0.06003208659567586 chi2 5861.011236542553 geom 340.0845920051527 LSQ 6680.396060098711
CYCLE 2 1 Rw 0.06003342590396775 chi2 5861.272756304944 geom 337.8875613167912 LSQ 6676.270978781276
CYCLE 2 2 Rw 0.06002987949053332 chi2 5860.580279333552 geom 336.0083204632309 LSQ 6672.764682723715
PACKING_STAGE 2 19.71647438096315
CYCLE 3 0 Rw 0.06003073733393395 chi2 5860.747779121319 geom 332.34884895856123 LSQ 6670.559732767436
CYCLE 3 1 Rw 0.060042731535354214 chi2 5863.089979632754 geom 326.69851616635106 LSQ 6663.196973463408
CYCLE 3 2 Rw 0.06002206319774095 chi2 5859.054205000917 geom 323.6477721307426 LSQ 6655.1906231671155
PACKING_STAGE 3 21.529765408607265
FINISHED Xeb393f9 0.06002206319774095
