START 0.060947563915139016 5242.719043141706
Imported powder pattern: 6716 points, 2theta=  4.682 ->  38.257, step= 0.005
EXTENDED 0.4 6716 Rw 0.060432974519741486
WITH_H 0.06043284360333909 561395.0814418669
Imported powder pattern: 6713 points, 2theta=  4.682 ->  38.242, step= 0.005
SCALED_SIGMA 9.144837193063145 6712.50582624132
TIGHT_RESTRAINTS
FLEXIBLE_RINGS
AROMATIC_PLANARITY 0
LSQ_PACKING 37 atoms 527 terms sigma 0.01 cost 2084.8062571559562
EXTENDED_BACKGROUND 0.060126558545816264
CYCLE 0 0 Rw 0.06008493909274019 chi2 6635.930635215898 geom 263.25111233482403 LSQ 9382.727076136329
CYCLE 0 1 Rw 0.06008427051792964 chi2 6635.782957896029 geom 263.25111233482403 LSQ 9382.48580065303
CYCLE 0 2 Rw 0.06008420602473889 chi2 6635.768712484276 geom 263.25111233482403 LSQ 9382.455464412305
PACKING_STAGE 0 2084.806257155964
CYCLE 1 0 Rw 0.05959912681102315 chi2 6529.055811419368 geom 599.7674339574869 LSQ 7775.785071665069
CYCLE 1 1 Rw 0.05947349042271486 chi2 6501.558012618207 geom 524.72589346253 LSQ 7609.01163504179
CYCLE 1 2 Rw 0.05939865887863279 chi2 6485.207348056931 geom 501.0778990707212 LSQ 7553.713390323748
PACKING_STAGE 1 33.919568668377416
CYCLE 2 0 Rw 0.059444283822838395 chi2 6495.173932036124 geom 461.92602521388665 LSQ 7513.669751089786
CYCLE 2 1 Rw 0.05942918966160127 chi2 6491.875826678455 geom 454.00658091897907 LSQ 7497.6492373113515
CYCLE 2 2 Rw 0.05942421533323648 chi2 6490.789109165736 geom 453.21980731398116 LSQ 7494.279078639314
PACKING_STAGE 2 31.884192581548728
CYCLE 3 0 Rw 0.059405159105231246 chi2 6486.626828722225 geom 452.7770190998458 LSQ 7488.90212742824
CYCLE 3 1 Rw 0.05940032821681158 chi2 6485.571873335968 geom 451.91082779532525 LSQ 7485.965806256762
CYCLE 3 2 Rw 0.05939738864024412 chi2 6484.929979126202 geom 451.18698124860515 LSQ 7483.8609087684745
PACKING_STAGE 3 30.96038003927895
FINISHED Xeb393f9 0.05939738864024412
