START 0.06807788888944719 4666.285714638493
Imported powder pattern: 6320 points, 2theta=  4.680 ->  36.275, step= 0.005
EXTENDED 0.38 6320 Rw 0.06595885305477273
WITH_H 0.06590013601828286 651120.393627408
Imported powder pattern: 6317 points, 2theta=  4.680 ->  36.260, step= 0.005
SCALED_SIGMA 10.152551719425514 6316.965300301201
TIGHT_RESTRAINTS
FLEXIBLE_RINGS
AROMATIC_PLANARITY 0
EXTENDED_BACKGROUND 0.06267136451178469
CYCLE 0 0 Rw 0.06245171521650125 chi2 5673.185656503102 geom 228.9391189418282 LSQ 6282.809555778603
CYCLE 0 1 Rw 0.06244662579340591 chi2 5672.261036081981 geom 228.9391189418282 LSQ 6280.907600568668
CYCLE 0 2 Rw 0.06244605680398028 chi2 5672.157669669388 geom 228.9391189418282 LSQ 6280.660083291053
CYCLE 1 0 Rw 0.06137935575631223 chi2 5480.029626177079 geom 291.97771179367567 LSQ 6187.850029085803
CYCLE 1 1 Rw 0.06124743342307122 chi2 5456.4985420906205 geom 297.203137969437 LSQ 6168.304035595232
CYCLE 1 2 Rw 0.06106686437009174 chi2 5424.3723832993355 geom 312.12832658412816 LSQ 6167.551297754705
CYCLE 2 0 Rw 0.061048334014124746 chi2 5421.0808993893115 geom 304.2826867841979 LSQ 6150.960062821021
CYCLE 2 1 Rw 0.0610701795265629 chi2 5424.961348575635 geom 299.846542462358 LSQ 6147.715917209344
CYCLE 2 2 Rw 0.06107790940758186 chi2 5426.334750781838 geom 298.35001723687384 LSQ 6146.695700204925
CYCLE 3 0 Rw 0.06113677929891605 chi2 5436.800128196886 geom 286.5025033942708 LSQ 6141.164948317297
CYCLE 3 1 Rw 0.0611591885939679 chi2 5440.786507214594 geom 280.2240662199715 LSQ 6134.123450971207
CYCLE 3 2 Rw 0.06103012976356867 chi2 5417.84831318777 geom 282.8635040853543 LSQ 6115.008913011374
FINISHED Xeb393f9 0.06103012976356867
