ObjRegistry<T>::Find(O): Not found !!
List of Crystal ScatteringPowers :0 object registered:
ObjRegistry<T>::Find(C): Not found !!
List of Crystal ScatteringPowers :1 object registered:
#  0:ScatteringPowerAtom(O)
ObjRegistry<T>::Find(N): Not found !!
List of Crystal ScatteringPowers :2 object registered:
#  0:ScatteringPowerAtom(O)
#  1:ScatteringPowerAtom(C)
ObjRegistry<T>::Find(Cl): Not found !!
List of Crystal ScatteringPowers :3 object registered:
#  0:ScatteringPowerAtom(O)
#  1:ScatteringPowerAtom(C)
#  2:ScatteringPowerAtom(N)
ObjRegistry<T>::Find(S): Not found !!
List of Crystal ScatteringPowers :4 object registered:
#  0:ScatteringPowerAtom(O)
#  1:ScatteringPowerAtom(C)
#  2:ScatteringPowerAtom(N)
#  3:ScatteringPowerAtom(Cl)
Imported powder pattern: 7578 points, 2theta=  4.678 ->  23.621, step= 0.002
RESCALED_BASE 1.0004644785769743 0.046395222945572724 7577.999999999983
INITIAL Xeb393f9 1 Rw 0.2688026345500707 LLK 186500.52827408884 Integrated 185153.28212240367 DOF -1
RUN 0 steps 100000 time 29.4878511428833 total 29.487924814224243 LLK 37728.519233669984 Rw 0.1369213554625328 Integrated 36290.14913488902
RUN 1 steps 4000000 time 600.0131418704987 total 629.6252927780151 LLK 13985.610211307898 Rw 0.09508150311094965 Integrated 12509.513964364744
RUN 2 steps 4000000 time 600.08154129982 total 1229.980306148529 LLK 11818.541913903038 Rw 0.08936435543106927 Integrated 10377.17979645274
RUN 3 steps 4000000 time 600.0220737457275 total 1830.2132830619812 LLK 11737.82607791489 Rw 0.08125147783036163 Integrated 10198.306194797051
RUN 4 steps 4000000 time 579.4991238117218 total 2409.824725627899 LLK 10691.6867835035 Rw 0.07942466073351741 Integrated 9195.81485712304
RUN 5 steps 4000000 time 541.1374833583832 total 2951.1297183036804 LLK 10961.069902217272 Rw 0.07970061107143407 Integrated 9472.904350612185
FINISHED 10691.6867835035
