ObjRegistry<T>::Find(ion_C): Not found !!
List of Crystal ScatteringPowers :6 object registered:
#  0:ScatteringPowerAtom(O)
#  1:ScatteringPowerAtom(C)
#  2:ScatteringPowerAtom(N)
#  3:ScatteringPowerAtom(Cl)
#  4:ScatteringPowerAtom(S)
#  5:ScatteringPowerAtom(H)
EXACT_PAWLEY nref 300 rank 281 cond 807.8798294814742 chi2 2071.2155284885357 netRwp 0.15042299637042073
ZM O=C(O)CCC[NH+]1CCC(O[C@@H](c2ccc(Cl)cc2)c2ccccn2)CC1 n 27 torsions 8 max_distance_error 9.694212543820413e-09
ZM O=S(=O)([O-])c1ccccc1 n 10 torsions 1 max_distance_error 6.407284480758335e-09
Total degrees of freedom: 23
Total external degrees of freedom: 14 (pos: 6 rot: 8 )
Total internal degrees of freedom: 9
PREPARED Xeb393f9 Nref 300 PawleyRw 0.04307100959190001 SG P 1
/opt/conda/lib/python3.11/site-packages/gallop/zm_to_cart.py:210: UserWarning: Using torch.cross without specifying the dim arg is deprecated.
Please either pass the dim explicitly or simply use torch.linalg.cross.
The default value of dim will change to agree with that of linalg.cross in a future release. (Triggered internally at /home/conda/feedstock_root/build_artifacts/libtorch_1786372131199/work/aten/src/ATen/native/Cross.cpp:63.)
  cart_coords = zm_to_cart(internal[:,torsion[i]], initial_D2[i],
RESTART_ERROR max/rms 3.3317771425944624e-06 1.211503311830276e-06
WARM_READY /app/work/Xeb393f9/gallop_51
