03:26:54 Xbfc6d2c 03:26:5403:26:54CUBIC  P  bestX07806d9X3c176e2 0  CUBIC
 P CUBICbest P 0 best
 0
03:26:54 X07806d9 CUBIC I best 0
03:26:5403:26:54 X3c176e2  Xbfc6d2c CUBICCUBIC  II  bestbest  0
0
03:26:55 Xbfc6d2c CUBIC F best 0
03:26:55 X3c176e2 CUBIC F best 0
03:26:55 X07806d9 CUBIC F best 0
03:26:55 X3c176e2 TETRAGONAL P best 0
03:26:55 Xbfc6d2c TETRAGONAL P best 0
03:26:55 X07806d9 TETRAGONAL P best 0
03:26:55 X3c176e2 TETRAGONAL I best 0
03:26:55 Xbfc6d2c TETRAGONAL I best 0
03:26:55 X07806d9 TETRAGONAL I best 0
03:26:56 X3c176e2 HEXAGONAL P best 0
03:26:56 Xbfc6d2c HEXAGONAL P best 0
03:26:56 X07806d9 HEXAGONAL P best 0
03:26:56 X3c176e2 RHOMBOEDRAL P best 0
03:26:56 Xbfc6d2c RHOMBOEDRAL P best 0
03:26:56 X07806d9 RHOMBOEDRAL P best 0
03:26:56 X3c176e2 ORTHOROMBIC P best 38.57901382446289
03:26:57 X07806d9 ORTHOROMBIC P best 27.31411361694336
03:26:57 Xbfc6d2c ORTHOROMBIC P best 0
03:26:57 X3c176e2 ORTHOROMBIC C best 0
03:26:57 X07806d9 ORTHOROMBIC C best 0
03:26:57 Xbfc6d2c ORTHOROMBIC C best 0
03:26:57 X3c176e2 ORTHOROMBIC I best 0
03:26:57 X07806d9 ORTHOROMBIC I best 0
03:26:57 Xbfc6d2c ORTHOROMBIC I best 0
03:26:58 X07806d9 MONOCLINIC P best 0
03:26:58 X3c176e2 MONOCLINIC P best 37.87700653076172
03:26:59 X07806d9 MONOCLINIC C best 0
FINISHED SAMPLE ('X07806d9', 27.31411361694336)
03:26:59 X3c176e2 MONOCLINIC C best 0
FINISHED SAMPLE ('X3c176e2', 38.57901382446289)
03:26:59 Xd4c1a35 CUBIC P best 0
03:26:59 X4f6fe58 CUBIC P best 0
03:26:59 Xd4c1a35 CUBIC I best 0
03:27:00 X4f6fe58 CUBIC I best 0
03:27:00 Xbfc6d2c MONOCLINIC P best 21.74545669555664
03:27:00 Xd4c1a35 CUBIC F best 0
03:27:00 X4f6fe58 CUBIC F best 0
03:27:00 Xd4c1a35 TETRAGONAL P best 0
03:27:00 Xbfc6d2c MONOCLINIC C best 0
FINISHED SAMPLE ('Xbfc6d2c', 21.74545669555664)
03:27:00 X4f6fe58 TETRAGONAL P best 0
03:27:01 Xd4c1a35 TETRAGONAL I best 0
03:27:01 Xedd9c7b CUBIC P best 0
03:27:01 X4f6fe58 TETRAGONAL I best 0
03:27:01 Xd4c1a35 HEXAGONAL P best 0
03:27:01 Xedd9c7b CUBIC I best 0
03:27:01 X4f6fe58 HEXAGONAL P best 0
03:27:01 Xd4c1a35 RHOMBOEDRAL P best 0
03:27:01 Xedd9c7b CUBIC F best 0
03:27:01 X4f6fe58 RHOMBOEDRAL P best 0
03:27:02 Xd4c1a35 ORTHOROMBIC P best 72.69881439208984
03:27:02 Xedd9c7b TETRAGONAL P best 0
03:27:02 X4f6fe58 ORTHOROMBIC P best 0
03:27:02 Xd4c1a35 ORTHOROMBIC C best 0
03:27:02 Xedd9c7b TETRAGONAL I best 0
03:27:02 X4f6fe58 ORTHOROMBIC C best 0
03:27:02 Xd4c1a35 ORTHOROMBIC I best 0
03:27:03 Xedd9c7b HEXAGONAL P best 0
03:27:03 X4f6fe58 ORTHOROMBIC I best 0
03:27:03 Xedd9c7b RHOMBOEDRAL P best 0
03:27:03 Xd4c1a35 MONOCLINIC P best 57.87509536743164
03:27:03 Xedd9c7b ORTHOROMBIC P best 4.660500526428223
03:27:04 Xd4c1a35 MONOCLINIC C best 0
FINISHED SAMPLE ('Xd4c1a35', 72.69881439208984)
03:27:04 Xedd9c7b ORTHOROMBIC C best 0
03:27:04 X4f6fe58 MONOCLINIC P best 5.794144630432129
03:27:04 X7e382cb CUBIC P best 0
03:27:04 Xedd9c7b ORTHOROMBIC I best 0
03:27:04 X7e382cb CUBIC I best 0
03:27:04 X4f6fe58 MONOCLINIC C best 0
FINISHED SAMPLE ('X4f6fe58', 5.794144630432129)
03:27:05 X7e382cb CUBIC F best 0
03:27:05 Xf8ac963 CUBIC P best 0
03:27:05 X7e382cb TETRAGONAL P best 0
03:27:05 Xf8ac963 CUBIC I best 0
03:27:06 X7e382cb TETRAGONAL I best 0
03:27:06 Xf8ac963 CUBIC F best 0
03:27:06 X7e382cb HEXAGONAL P best 0
03:27:06 Xf8ac963 TETRAGONAL P best 0
03:27:06 Xedd9c7b MONOCLINIC P best 7.111807346343994
03:27:06 X7e382cb RHOMBOEDRAL P best 0
03:27:06 Xf8ac963 TETRAGONAL I best 0
03:27:07 X7e382cb ORTHOROMBIC P best 0
03:27:07 Xf8ac963 HEXAGONAL P best 0
03:27:07 Xedd9c7b MONOCLINIC C best 0
FINISHED SAMPLE ('Xedd9c7b', 7.111807346343994)
03:27:07 X7e382cb ORTHOROMBIC C best 0
03:27:07 Xf8ac963 RHOMBOEDRAL P best 0
03:27:07 Xe3a2935 CUBIC P best 0
03:27:07 X7e382cb ORTHOROMBIC I best 0
03:27:07 Xf8ac963 ORTHOROMBIC P best 416.0635986328125
03:27:08 Xe3a2935 CUBIC I best 0
03:27:08 X019b9a4 CUBIC P best 0
03:27:08 X7e382cb MONOCLINIC P best 0
03:27:08 Xe3a2935 CUBIC F best 0
03:27:08 X019b9a4 CUBIC I best 0
03:27:08 Xe3a2935 TETRAGONAL P best 0
03:27:08 X7e382cb MONOCLINIC C best 0
FINISHED SAMPLE ('X7e382cb', 0)
FINISHED SAMPLE ('Xf8ac963', 416.0635986328125)
03:27:08 X019b9a4 CUBIC F best 0
03:27:09 Xe3a2935 TETRAGONAL I best 0
03:27:09 X13023e3 CUBIC P best 0
03:27:09 X019b9a4 TETRAGONAL P best 0
03:27:09 Xe3a2935 HEXAGONAL P best 0
03:27:09 X13023e3 CUBIC I best 0
03:27:09 X019b9a4 TETRAGONAL I best 0
03:27:09 X13023e3 CUBIC F best 0
03:27:09 Xe3a2935 RHOMBOEDRAL P best 0
03:27:09 X019b9a4 HEXAGONAL P best 0
03:27:10 X13023e3 TETRAGONAL P best 0
03:27:10 Xe3a2935 ORTHOROMBIC P best 0
03:27:10 X019b9a4 RHOMBOEDRAL P best 0
03:27:10 X13023e3 TETRAGONAL I best 0
03:27:10 Xe3a2935 ORTHOROMBIC C best 0
03:27:10 X019b9a4 ORTHOROMBIC P best 0
03:27:10 X13023e3 HEXAGONAL P best 0
03:27:11 Xe3a2935 ORTHOROMBIC I best 0
03:27:11 X019b9a4 ORTHOROMBIC C best 0
03:27:11 X13023e3 RHOMBOEDRAL P best 0
03:27:11 X019b9a4 ORTHOROMBIC I best 0
03:27:11 Xe3a2935 MONOCLINIC P best 0
03:27:11 X13023e3 ORTHOROMBIC P best 0
03:27:12 X13023e3 ORTHOROMBIC C best 0
03:27:12 Xe3a2935 MONOCLINIC C best 0
FINISHED SAMPLE ('Xe3a2935', 0)
03:27:12 X13023e3 ORTHOROMBIC I best 0
03:27:12 X14a2b08 CUBIC P best 0
03:27:12 X14a2b08 CUBIC I best 0
03:27:13 X14a2b08 CUBIC F best 0
03:27:13 X14a2b08 TETRAGONAL P best 0
03:27:13 X14a2b08 TETRAGONAL I best 0
03:27:14 X14a2b08 HEXAGONAL P best 0
03:27:14 X13023e3 MONOCLINIC P best 11.58378791809082
03:27:14 X14a2b08 RHOMBOEDRAL P best 0
03:27:14 X13023e3 MONOCLINIC C best 0
03:27:14 X14a2b08 ORTHOROMBIC P best 0
03:27:15 X1a56c78 CUBIC P best 0
03:27:15 X14a2b08 ORTHOROMBIC C best 0
03:27:15 X1a56c78 CUBIC I best 0
03:27:15 X14a2b08 ORTHOROMBIC I best 0
03:27:15 X1a56c78 CUBIC F best 0
03:27:16 X1a56c78 TETRAGONAL P best 0
03:27:16 X1a56c78 TETRAGONAL I best 0
03:27:16 X1a56c78 HEXAGONAL P best 0
03:27:17 X1a56c78 RHOMBOEDRAL P best 0
03:27:17 X14a2b08 MONOCLINIC P best 5.356119632720947
03:27:17 X1a56c78 ORTHOROMBIC P best 17.06150245666504
03:27:17 X019b9a4 MONOCLINIC P best 8.935885429382324
03:27:17 X1a56c78 ORTHOROMBIC C best 0
03:27:17 X14a2b08 MONOCLINIC C best 0
03:27:18 X1a56c78 ORTHOROMBIC I best 0
03:27:18 X1db5091 CUBIC P best 0
03:27:18 X1db5091 CUBIC I best 0
03:27:18 X019b9a4 MONOCLINIC C best 0
FINISHED SAMPLE ('X019b9a4', 8.935885429382324)
FINISHED SAMPLE ('X13023e3', 11.58378791809082)
FINISHED SAMPLE ('X14a2b08', 5.356119632720947)
03:27:19 X1db5091 CUBIC F best 0
03:27:19 X2327841 CUBIC P best 0
03:27:19 X1db5091 TETRAGONAL P best 0
03:27:19 X2327841 CUBIC I best 0
03:27:19 X1db5091 TETRAGONAL I best 0
03:27:19 X2327841 CUBIC F best 0
03:27:20 X1db5091 HEXAGONAL P best 0
03:27:20 X2327841 TETRAGONAL P best 0
03:27:20 X1a56c78 MONOCLINIC P best 21.92359161376953
03:27:20 X1db5091 RHOMBOEDRAL P best 0
03:27:20 X2327841 TETRAGONAL I best 0
03:27:20 X1a56c78 MONOCLINIC C best 0
FINISHED SAMPLE ('X1a56c78', 21.92359161376953)
03:27:20 X2327841 HEXAGONAL P best 0
03:27:20 X1db5091 ORTHOROMBIC P best 0
03:27:21 X238783d CUBIC P best 0
03:27:21 X2327841 RHOMBOEDRAL P best 0
03:27:21 X1db5091 ORTHOROMBIC C best 0
03:27:21 X238783d CUBIC I best 0
03:27:21 X1db5091 ORTHOROMBIC I best 0
03:27:21 X2327841 ORTHOROMBIC P best 0
03:27:21 X238783d CUBIC F best 0
03:27:21 X2327841 ORTHOROMBIC C best 0
03:27:22 X238783d TETRAGONAL P best 0
03:27:22 X2327841 ORTHOROMBIC I best 0
03:27:22 X238783d TETRAGONAL I best 0
03:27:22 X238783d HEXAGONAL P best 0
03:27:23 X1db5091 MONOCLINIC P best 6.031196594238281
03:27:23 X238783d RHOMBOEDRAL P best 0
03:27:23 X2327841 MONOCLINIC P best 42.48623275756836
03:27:23 X238783d ORTHOROMBIC P best 21.485870361328125
03:27:24 X1db5091 MONOCLINIC C best 0
FINISHED SAMPLE ('X1db5091', 6.031196594238281)
03:27:24 X238783d ORTHOROMBIC C best 0
03:27:24 X263b09a CUBIC P best 0
03:27:24 X2327841 MONOCLINIC C best 0
FINISHED SAMPLE ('X2327841', 42.48623275756836)
03:27:24 X238783d ORTHOROMBIC I best 0
03:27:24 X263b09a CUBIC I best 0
03:27:24 X35b7fbc CUBIC P best 0
03:27:25 X263b09a CUBIC F best 0
03:27:25 X35b7fbc CUBIC I best 0
03:27:25 X263b09a TETRAGONAL P best 0
03:27:25 X35b7fbc CUBIC F best 0
03:27:25 X263b09a TETRAGONAL I best 0
03:27:25 X35b7fbc TETRAGONAL P best 0
03:27:26 X263b09a HEXAGONAL P best 0
03:27:26 X35b7fbc TETRAGONAL I best 0
03:27:26 X263b09a RHOMBOEDRAL P best 0
03:27:26 X35b7fbc HEXAGONAL P best 0
03:27:26 X263b09a ORTHOROMBIC P best 0
03:27:27 X35b7fbc RHOMBOEDRAL P best 0
03:27:27 X263b09a ORTHOROMBIC C best 0
03:27:27 X35b7fbc ORTHOROMBIC P best 0
03:27:27 X263b09a ORTHOROMBIC I best 0
03:27:27 X35b7fbc ORTHOROMBIC C best 0
03:27:28 X35b7fbc ORTHOROMBIC I best 0
03:27:28 X35b7fbc MONOCLINIC P best 0
03:27:28 X238783d MONOCLINIC P best 21.981035232543945
03:27:29 X35b7fbc MONOCLINIC C best 0
03:27:29 X3f4781b CUBIC P best 0
03:27:29 X238783d MONOCLINIC C best 0
FINISHED SAMPLE ('X238783d', 21.981035232543945)
03:27:30 X3f4781b CUBIC I best 0
03:27:30 X8a06d7a CUBIC P best 0
03:27:30 X3f4781b CUBIC F best 0
03:27:30 X263b09a MONOCLINIC P best 7.111400604248047
03:27:30 X8a06d7a CUBIC I best 0
03:27:30 X3f4781b TETRAGONAL P best 0
03:27:31 X8a06d7a CUBIC F best 0
03:27:31 X3f4781b TETRAGONAL I best 0
03:27:31 X263b09a MONOCLINIC C best 6.368984222412109
FINISHED SAMPLE ('X263b09a', 7.111400604248047)
FINISHED SAMPLE ('X35b7fbc', 0)
03:27:31 X8a06d7a TETRAGONAL P best 0
03:27:31 X3f4781b HEXAGONAL P best 0
03:27:31 X8a6f5a8 CUBIC P best 0
03:27:31 X8a06d7a TETRAGONAL I best 0
03:27:31 X3f4781b RHOMBOEDRAL P best 0
03:27:32 X8a6f5a8 CUBIC I best 0
03:27:32 X8a06d7a HEXAGONAL P best 0
03:27:32 X3f4781b ORTHOROMBIC P best 0
03:27:32 X8a06d7a RHOMBOEDRAL P best 0
03:27:32 X8a6f5a8 CUBIC F best 0
03:27:32 X3f4781b ORTHOROMBIC C best 0
03:27:32 X8a6f5a8 TETRAGONAL P best 0
03:27:32 X8a06d7a ORTHOROMBIC P best 0
03:27:32 X3f4781b ORTHOROMBIC I best 0
03:27:33 X8a6f5a8 TETRAGONAL I best 0
03:27:33 X8a06d7a ORTHOROMBIC C best 0
03:27:33 X8a6f5a8 HEXAGONAL P best 0
03:27:33 X8a06d7a ORTHOROMBIC I best 0
03:27:33 X8a6f5a8 RHOMBOEDRAL P best 0
03:27:34 X8a6f5a8 ORTHOROMBIC P best 0
03:27:34 X8a6f5a8 ORTHOROMBIC C best 0
03:27:34 X3f4781b MONOCLINIC P best 23.59385871887207
03:27:34 X8a6f5a8 ORTHOROMBIC I best 0
03:27:35 X3f4781b MONOCLINIC C best 0
FINISHED SAMPLE ('X3f4781b', 23.59385871887207)
03:27:35 X8a06d7a MONOCLINIC P best 15.222075462341309
03:27:35 X9af54a2 CUBIC P best 0
03:27:35 X9af54a2 CUBIC I best 0
03:27:36 X8a6f5a8 MONOCLINIC P best 0
03:27:36 X9af54a2 CUBIC F best 0
03:27:36 X8a06d7a MONOCLINIC C best 0
FINISHED SAMPLE ('X8a06d7a', 15.222075462341309)
03:27:36 X9af54a2 TETRAGONAL P best 0
03:27:36 X8a6f5a8 MONOCLINIC C best 0
FINISHED SAMPLE ('X8a6f5a8', 0)
03:27:36 Xb7088cf CUBIC P best 0
03:27:37 X9af54a2 TETRAGONAL I best 0
03:27:37 Xbfeeda9 CUBIC P best 0
03:27:37 Xb7088cf CUBIC I best 0
03:27:37 X9af54a2 HEXAGONAL P best 0
03:27:37 Xbfeeda9 CUBIC I best 0
03:27:37 Xb7088cf CUBIC F best 0
03:27:37 X9af54a2 RHOMBOEDRAL P best 0
03:27:37 Xbfeeda9 CUBIC F best 0
03:27:37 Xb7088cf TETRAGONAL P best 0
03:27:38 X9af54a2 ORTHOROMBIC P best 0
03:27:38 Xbfeeda9 TETRAGONAL P best 0
03:27:38 Xb7088cf TETRAGONAL I best 0
03:27:38 X9af54a2 ORTHOROMBIC C best 0
03:27:38 Xbfeeda9 TETRAGONAL I best 0
03:27:38 Xb7088cf HEXAGONAL P best 0
03:27:38 X9af54a2 ORTHOROMBIC I best 0
03:27:38 Xbfeeda9 HEXAGONAL P best 0
03:27:39 Xb7088cf RHOMBOEDRAL P best 0
03:27:39 Xbfeeda9 RHOMBOEDRAL P best 0
03:27:39 X9af54a2 MONOCLINIC P best 0
03:27:39 Xb7088cf ORTHOROMBIC P best 0
03:27:39 Xbfeeda9 ORTHOROMBIC P best 0
03:27:39 Xb7088cf ORTHOROMBIC C best 0
03:27:39 X9af54a2 MONOCLINIC C best 0
FINISHED SAMPLE ('X9af54a2', 0)
03:27:40 Xbfeeda9 ORTHOROMBIC C best 0
03:27:40 Xd8634a2 CUBIC P best 0
03:27:40 Xb7088cf ORTHOROMBIC I best 0
03:27:40 Xbfeeda9 ORTHOROMBIC I best 0
03:27:40 Xd8634a2 CUBIC I best 0
03:27:40 Xd8634a2 CUBIC F best 0
03:27:41 Xb7088cf MONOCLINIC P best 0
03:27:41 Xd8634a2 TETRAGONAL P best 0
03:27:41 Xd8634a2 TETRAGONAL I best 0
03:27:42 Xd8634a2 HEXAGONAL P best 0
03:27:42 Xd8634a2 RHOMBOEDRAL P best 0
03:27:42 Xb7088cf MONOCLINIC C best 0
FINISHED SAMPLE ('Xb7088cf', 0)
03:27:42 Xd8634a2 ORTHOROMBIC P best 0
03:27:42 Xdcc971e CUBIC P best 0
03:27:43 Xd8634a2 ORTHOROMBIC C best 0
03:27:43 Xdcc971e CUBIC I best 0
03:27:43 Xd8634a2 ORTHOROMBIC I best 0
03:27:43 Xdcc971e CUBIC F best 0
03:27:43 Xdcc971e TETRAGONAL P best 0
03:27:44 Xbfeeda9 MONOCLINIC P best 21.83531951904297
03:27:44 Xdcc971e TETRAGONAL I best 0
03:27:44 Xdcc971e HEXAGONAL P best 0
03:27:45 Xdcc971e RHOMBOEDRAL P best 0
03:27:45 Xbfeeda9 MONOCLINIC C best 0
FINISHED SAMPLE ('Xbfeeda9', 21.83531951904297)
03:27:45 Xe1fb77b CUBIC P best 0
03:27:45 Xdcc971e ORTHOROMBIC P best 0
03:27:45 Xe1fb77b CUBIC I best 0
03:27:45 Xdcc971e ORTHOROMBIC C best 0
03:27:45 Xd8634a2 MONOCLINIC P best 6.126250743865967
03:27:4603:27:46  Xe1fb77bXdcc971e  CUBICORTHOROMBIC  FI  bestbest  00

03:27:46 Xe1fb77b TETRAGONAL P best 0
03:27:46 Xd8634a2 MONOCLINIC C best 0
FINISHED SAMPLE ('Xd8634a2', 6.126250743865967)
03:27:46 Xe1fb77b TETRAGONAL I best 0
03:27:46 Xeb393f9 CUBIC P best 0
03:27:47 Xe1fb77b HEXAGONAL P best 0
03:27:47 Xdcc971e MONOCLINIC P best 23.858112335205078
03:27:47 Xeb393f9 CUBIC I best 0
03:27:47 Xe1fb77b RHOMBOEDRAL P best 0
03:27:47 Xeb393f9 CUBIC F best 0
03:27:48 Xe1fb77b ORTHOROMBIC P best 0
03:27:48 Xeb393f9 TETRAGONAL P best 0
03:27:48 Xdcc971e MONOCLINIC C best 0
FINISHED SAMPLE ('Xdcc971e', 23.858112335205078)
03:27:48 Xe1fb77b ORTHOROMBIC C best 0
03:27:48 Xebbd488 CUBIC P best 0
03:27:48 Xeb393f9 TETRAGONAL I best 0
03:27:48 Xe1fb77b ORTHOROMBIC I best 0
03:27:48 Xebbd488 CUBIC I best 0
03:27:48 Xeb393f9 HEXAGONAL P best 0
03:27:49 Xebbd488 CUBIC F best 0
03:27:49 Xeb393f9 RHOMBOEDRAL P best 0
03:27:49 Xebbd488 TETRAGONAL P best 0
03:27:49 Xeb393f9 ORTHOROMBIC P best 0
03:27:49 Xe1fb77b MONOCLINIC P best 0
03:27:49 Xebbd488 TETRAGONAL I best 0
03:27:49 Xeb393f9 ORTHOROMBIC C best 0
03:27:50 Xe1fb77b MONOCLINIC C best 0
FINISHED SAMPLE ('Xe1fb77b', 0)
03:27:50 Xebbd488 HEXAGONAL P best 0
03:27:50 Xeb393f9 ORTHOROMBIC I best 0
03:27:50 Xfca9f3c CUBIC P best 0
03:27:50 Xebbd488 RHOMBOEDRAL P best 0
03:27:50 Xfca9f3c CUBIC I best 0
03:27:51 Xebbd488 ORTHOROMBIC P best 0
03:27:51 Xfca9f3c CUBIC F best 0
03:27:51 Xebbd488 ORTHOROMBIC C best 0
03:27:51 Xfca9f3c TETRAGONAL P best 0
03:27:51 Xebbd488 ORTHOROMBIC I best 0
03:27:52 Xfca9f3c TETRAGONAL I best 0
03:27:52 Xfca9f3c HEXAGONAL P best 0
03:27:52 Xfca9f3c RHOMBOEDRAL P best 0
03:27:53 Xfca9f3c ORTHOROMBIC P best 0
03:27:53 Xebbd488 MONOCLINIC P best 3.0591952800750732
03:27:53 Xfca9f3c ORTHOROMBIC C best 0
03:27:53 Xfca9f3c ORTHOROMBIC I best 0
03:27:54 Xfca9f3c MONOCLINIC P best 0
03:27:54 Xebbd488 MONOCLINIC C best 0
03:27:55 Xfca9f3c MONOCLINIC C best 0
03:27:56 Xeb393f9 MONOCLINIC P best 5.937173366546631
03:27:57 Xeb393f9 MONOCLINIC C best 0
FINISHED SAMPLE ('Xeb393f9', 5.937173366546631)
FINISHED SAMPLE ('Xebbd488', 3.0591952800750732)
FINISHED SAMPLE ('Xfca9f3c', 0)
