ATTACHED_H_SCATTERING 20 heavy atoms 16 H atoms
/opt/conda/lib/python3.11/site-packages/gallop/zm_to_cart.py:210: UserWarning: Using torch.cross without specifying the dim arg is deprecated.
Please either pass the dim explicitly or simply use torch.linalg.cross.
The default value of dim will change to agree with that of linalg.cross in a future release. (Triggered internally at /home/conda/feedstock_root/build_artifacts/libtorch_1786372131199/work/aten/src/ATen/native/Cross.cpp:63.)
  cart_coords = zm_to_cart(internal[:,torsion[i]], initial_D2[i],
PO_SCAN X7e382cb 32 original 136.6937654896833 best [(np.float64(116.76232805031111), (-1, 0, -2), 0.8757982340777606), (np.float64(116.76232805031111), (1, 0, 2), 0.8757982340777606), (np.float64(118.85392412671183), (0, -1, -1), 1.2888969529585865), (np.float64(118.85392412671183), (0, 1, 1), 1.2888969529585865), (np.float64(119.24159285919768), (-1, 0, 2), 1.2375612487243122), (np.float64(119.24159285919768), (1, 0, -2), 1.2375612487243122), (np.float64(119.69058973324502), (-1, 0, -1), 0.859881203166687), (np.float64(119.69058973324502), (1, 0, 1), 0.859881203166687), (np.float64(123.0701286879846), (0, -1, -2), 1.2262442531138376), (np.float64(123.0701286879846), (0, 1, 2), 1.2262442531138376), (np.float64(123.7883591050603), (-1, -2, -1), 1.182143532798129), (np.float64(123.7883591050603), (1, 2, 1), 1.182143532798129)]
ATTACHED_H_SCATTERING 40 heavy atoms 20 H atoms
/opt/conda/lib/python3.11/site-packages/gallop/zm_to_cart.py:210: UserWarning: Using torch.cross without specifying the dim arg is deprecated.
Please either pass the dim explicitly or simply use torch.linalg.cross.
The default value of dim will change to agree with that of linalg.cross in a future release. (Triggered internally at /home/conda/feedstock_root/build_artifacts/libtorch_1786372131199/work/aten/src/ATen/native/Cross.cpp:63.)
  cart_coords = zm_to_cart(internal[:,torsion[i]], initial_D2[i],
PO_SCAN X4f6fe58 11 original 339.36054130648404 best [(np.float64(284.8287990645508), (-1, 0, -2), 1.4950905505917729), (np.float64(284.8287990645508), (1, 0, 2), 1.4950905505917729), (np.float64(306.52672585476023), (-1, 0, -1), 1.2984921191529002), (np.float64(306.52672585476023), (1, 0, 1), 1.2984921191529002), (np.float64(307.83249334898494), (-1, -1, -2), 1.280706951786674), (np.float64(307.83249334898494), (1, 1, 2), 1.280706951786674), (np.float64(309.3406165024089), (-2, -1, -2), 1.2778571029961934), (np.float64(309.3406165024089), (2, 1, 2), 1.2778571029961934), (np.float64(313.85670653867885), (0, -2, -1), 0.855723567435479), (np.float64(313.85670653867885), (0, 2, 1), 0.855723567435479), (np.float64(315.011801342073), (-1, 1, -2), 1.2423737886208748), (np.float64(315.011801342073), (1, -1, 2), 1.2423737886208748)]
ATTACHED_H_SCATTERING 33 heavy atoms 18 H atoms
/opt/conda/lib/python3.11/site-packages/gallop/zm_to_cart.py:210: UserWarning: Using torch.cross without specifying the dim arg is deprecated.
Please either pass the dim explicitly or simply use torch.linalg.cross.
The default value of dim will change to agree with that of linalg.cross in a future release. (Triggered internally at /home/conda/feedstock_root/build_artifacts/libtorch_1786372131199/work/aten/src/ATen/native/Cross.cpp:63.)
  cart_coords = zm_to_cart(internal[:,torsion[i]], initial_D2[i],
PO_SCAN Xd8634a2 11 original 162.34211209879015 best [(np.float64(151.67872599254463), (0, -1, -2), 1.083871684827479), (np.float64(151.67872599254463), (0, 1, 2), 1.083871684827479), (np.float64(151.95808923802292), (-1, 2, -2), 0.9094308538392362), (np.float64(151.95808923802292), (1, -2, 2), 0.9094308538392362), (np.float64(152.62441629133411), (-1, 1, -1), 0.8973256277581935), (np.float64(152.62441629133411), (1, -1, 1), 0.8973256277581935), (np.float64(153.54536445821714), (-1, 1, -2), 0.9181511261066576), (np.float64(153.54536445821714), (1, -1, 2), 0.9181511261066576), (np.float64(154.1942447767184), (-2, 1, -2), 0.9096779124668253), (np.float64(154.1942447767184), (2, -1, 2), 0.9096779124668253), (np.float64(154.281921921121), (-1, 0, 2), 1.1016013622638807), (np.float64(154.281921921121), (1, 0, -2), 1.1016013622638807)]
ATTACHED_H_SCATTERING 28 heavy atoms 20 H atoms
/opt/conda/lib/python3.11/site-packages/gallop/zm_to_cart.py:210: UserWarning: Using torch.cross without specifying the dim arg is deprecated.
Please either pass the dim explicitly or simply use torch.linalg.cross.
The default value of dim will change to agree with that of linalg.cross in a future release. (Triggered internally at /home/conda/feedstock_root/build_artifacts/libtorch_1786372131199/work/aten/src/ATen/native/Cross.cpp:63.)
  cart_coords = zm_to_cart(internal[:,torsion[i]], initial_D2[i],
PO_SCAN Xb7088cf 11 original 115.6384912427203 best [(np.float64(112.6483840465877), (-1, 2, 2), 1.1000497127431244), (np.float64(112.6483840465877), (1, -2, -2), 1.1000497127431244), (np.float64(113.59051316610191), (-1, -1, -2), 0.9611525220210064), (np.float64(113.59051316610191), (1, 1, 2), 0.9611525220210064), (np.float64(113.72479966333321), (-1, -1, -1), 0.9618324867141239), (np.float64(113.72479966333321), (1, 1, 1), 0.9618324867141239), (np.float64(113.7924776517757), (-2, -2, -1), 0.9615748615383716), (np.float64(113.7924776517757), (2, 2, 1), 0.9615748615383716), (np.float64(113.85778238390287), (-1, 0, -2), 0.9672451200489552), (np.float64(113.85778238390287), (1, 0, 2), 0.9672451200489552), (np.float64(113.86207263958227), (-1, -1, 0), 0.9608989600250046), (np.float64(113.86207263958227), (1, 1, 0), 0.9608989600250046)]
ATTACHED_H_SCATTERING 52 heavy atoms 36 H atoms
/opt/conda/lib/python3.11/site-packages/gallop/zm_to_cart.py:210: UserWarning: Using torch.cross without specifying the dim arg is deprecated.
Please either pass the dim explicitly or simply use torch.linalg.cross.
The default value of dim will change to agree with that of linalg.cross in a future release. (Triggered internally at /home/conda/feedstock_root/build_artifacts/libtorch_1786372131199/work/aten/src/ATen/native/Cross.cpp:63.)
  cart_coords = zm_to_cart(internal[:,torsion[i]], initial_D2[i],
PO_SCAN X3f4781b 11 original 142.2914425343032 best [(np.float64(137.13980135167196), (0, -1, 1), 0.8460317461094169), (np.float64(137.13980135167196), (0, 1, -1), 0.8460317461094169), (np.float64(137.72183829355242), (-1, -2, 2), 0.864197298260815), (np.float64(137.72183829355242), (1, 2, -2), 0.864197298260815), (np.float64(139.25527005743663), (0, -2, 1), 0.9180618673732643), (np.float64(139.25527005743663), (0, 2, -1), 0.9180618673732643), (np.float64(140.33284203130245), (-1, -1, 2), 0.9317160371911806), (np.float64(140.33284203130245), (1, 1, -2), 0.9317160371911806), (np.float64(140.75215751855512), (0, -1, 2), 0.9386892479615644), (np.float64(140.75215751855512), (0, 1, -2), 0.9386892479615644), (np.float64(141.07979587755915), (-1, 2, -2), 0.9246126137306062), (np.float64(141.07979587755915), (1, -2, 2), 0.9246126137306062)]
