/app/work/submit.py:5: UserWarning: Issues encountered while parsing CIF: Skipping relative stoichiometry check because CIF does not contain formula keys.
  s=CifParser(f).parse_structures(primitive=False)[0];s.remove_species(['H']);r=np.array([Chem.GetPeriodicTable().GetRcovalent(x.specie.symbol) for x in s]);D=s.distance_matrix;A=(D>.3)&(D<(r[:,None]+r[None,:])*1.2);g=nx.from_numpy_array(A);cs=list(nx.connected_components(g));print(sid,'Nat',len(s),'molecule sizes',[len(c) for c in cs])
X263b09a Nat 72 molecule sizes [29, 29, 7, 7]
  component COc1ccc2c(c1)c(CC(=O)OCC(=O)O)c(C)n2C(=O)c1ccc(Cl)cc1 matches 2
  component O=C1CCCCN1 matches 2
  bond range 1.2189376299376065 1.713114858187584
  min intermolecular distance 2.599898519136489
ObjRegistry<T>::Find(C): Not found !!
List of Crystal ScatteringPowers :1 object registered:
#  0:ScatteringPowerAtom(ion_C)
ObjRegistry<T>::Find(O): Not found !!
List of Crystal ScatteringPowers :2 object registered:
#  0:ScatteringPowerAtom(ion_C)
#  1:ScatteringPowerAtom(C)
ObjRegistry<T>::Find(N): Not found !!
List of Crystal ScatteringPowers :3 object registered:
#  0:ScatteringPowerAtom(ion_C)
#  1:ScatteringPowerAtom(C)
#  2:ScatteringPowerAtom(O)
ObjRegistry<T>::Find(Cl): Not found !!
List of Crystal ScatteringPowers :4 object registered:
#  0:ScatteringPowerAtom(ion_C)
#  1:ScatteringPowerAtom(C)
#  2:ScatteringPowerAtom(O)
#  3:ScatteringPowerAtom(N)
TRANSFER X263b09a X14a2b08 Rw 0.2628213178471614
/app/work/submit.py:5: UserWarning: Issues encountered while parsing CIF: Skipping relative stoichiometry check because CIF does not contain formula keys.
  s=CifParser(f).parse_structures(primitive=False)[0];s.remove_species(['H']);r=np.array([Chem.GetPeriodicTable().GetRcovalent(x.specie.symbol) for x in s]);D=s.distance_matrix;A=(D>.3)&(D<(r[:,None]+r[None,:])*1.2);g=nx.from_numpy_array(A);cs=list(nx.connected_components(g));print(sid,'Nat',len(s),'molecule sizes',[len(c) for c in cs])
X14a2b08 Nat 74 molecule sizes [29, 29, 8, 8]
  component COc1ccc2c(c1)c(CC(=O)OCC(=O)O)c(C)n2C(=O)c1ccc(Cl)cc1 matches 2
  component O=C1CCCCCN1 matches 2
  bond range 1.2189386866427732 1.7131193408257126
  min intermolecular distance 2.555616352545091
