INDEX_DE X1db5091 [4.279072683616889, 7.254743968012524, 8.143017317930369, 8.568279189206713, 9.471402091710166, 12.921347359968404, 13.903177183206715, 14.075129812772358, 14.561771135087692, 15.349745589053027, 16.38624992610683, 17.273445072004794, 17.626754157786365, 18.62156983392243, 19.05397410284524, 19.474581085489167, 20.98063870290937, 21.410517679144846, 21.952646185146563, 22.536986950702673, 23.888646236909892, 24.73591027040345, 25.34210988623535] bounds [(0.14285714285714285, 0.23255813953488372), (0.07142857142857142, 0.09523809523809523), (np.float64(0.04822387455803576), np.float64(0.04870853661389542)), (-0.3, 0.3), (-0.3, 0.3), (-0.3, 0.3), (-0.05, 0.05)]
TRIAL 0 elapsed 5.972261667251587 cost 0.22712882144390364 M 3.5617170062708015 cell [ 6.5149 13.8301 21.2141 82.6246 77.3171 88.6942] zero -0.0267615327422099 diff [-0.0053 -0.003   0.0168  0.0121  0.6021 -0.0223 -0.0079  0.0107 -0.0021
  0.0088  0.0021 -0.0371 -0.      0.0197 -0.0048 -0.0322  0.0276  0.011
 -0.0247 -0.0374 -0.0224  0.0051  0.022 ] bestcost 0.22712882144390364
TRIAL 1 elapsed 16.1632661819458 cost 0.29457931429565937 M 4.118648642919546 cell [  7.2897  12.2273  21.2077 102.7959  79.5185 108.5594] zero -0.015256738437573202 diff [ 0.0062  0.4872  0.0123  0.0236  0.0105 -0.0108 -0.0423 -0.0059 -0.006
 -0.0067 -0.0184 -0.0256  0.0035  0.0096  0.002  -0.1119  0.0207  0.0171
 -0.0229 -0.0232  0.0069  0.0155  0.0145] bestcost 0.22712882144390364
TRIAL 2 elapsed 26.562382698059082 cost 0.16871704995555464 M 4.069949668313886 cell [ 7.1384 14.0759 20.7759 83.6587 94.8392 79.4778] zero -0.02412254045486022 diff [-2.700e-03 -1.140e-02  2.250e-02  1.470e-02  5.907e-01 -5.000e-04
 -5.800e-03  1.310e-02 -2.160e-02 -7.200e-03  1.100e-02 -3.450e-02
 -1.110e-02 -7.400e-03  1.780e-02 -5.470e-02  5.100e-03 -9.400e-03
  6.700e-03 -3.200e-03  8.600e-03  1.300e-03  1.800e-03] bestcost 0.16871704995555464
TRIAL 3 elapsed 35.62526273727417 cost 0.18351793494446156 M 5.6921724149862785 cell [  6.7409  12.9296  21.5152 107.1289  86.592  100.0439] zero -0.025844486193413136 diff [-1.070e-02 -2.000e-03  4.381e-01  4.000e-04  1.240e-02 -4.020e-02
 -2.820e-02 -7.300e-03 -8.000e-04  1.000e-03  9.600e-03 -1.690e-02
  3.400e-03  2.790e-02  5.700e-03 -1.880e-02  5.300e-03 -8.800e-03
  1.670e-02  2.060e-02 -2.000e-04 -1.090e-02 -6.800e-03] bestcost 0.16871704995555464
TRIAL 4 elapsed 51.08567547798157 cost 0.17953276526356354 M 3.9817169231457146 cell [ 6.4254 13.8732 20.8568 83.3472 82.8319 93.8427] zero -0.020498452238451443 diff [ 1.000e-03  5.000e-04  1.270e-02  1.830e-02  6.097e-01 -1.600e-02
  3.900e-03 -2.500e-03 -1.200e-03  5.900e-03 -1.250e-02 -3.080e-02
  1.070e-02  1.810e-02 -4.470e-02  1.300e-03  5.000e-04 -1.770e-02
 -2.660e-02 -1.950e-02  1.700e-02  1.580e-02  2.600e-03] bestcost 0.16871704995555464
TRIAL 5 elapsed 69.69463896751404 cost 0.18351793539071615 M 5.69217241326649 cell [ 6.7409 12.9296 21.5152 72.8711 86.592  79.9561] zero -0.02584448661370059 diff [-1.070e-02 -2.000e-03  4.381e-01  4.000e-04  1.240e-02 -4.020e-02
 -2.820e-02 -7.300e-03 -8.000e-04  1.000e-03  9.600e-03 -1.690e-02
  3.400e-03  2.790e-02  5.700e-03 -1.880e-02  5.300e-03 -8.800e-03
  1.670e-02  2.060e-02 -2.000e-04 -1.090e-02 -6.800e-03] bestcost 0.16871704995555464
TRIAL 6 elapsed 76.89818096160889 cost 0.22132414042582652 M 5.062656872654007 cell [  6.7487  13.493   22.3118  68.9432 104.9739 109.443 ] zero -0.022274461310559025 diff [-7.400e-03  4.000e-04  4.411e-01  3.500e-03  6.700e-03 -3.750e-02
 -1.620e-02 -1.590e-02  2.000e-04 -4.700e-03  1.400e-03 -1.190e-02
  5.000e-04  1.290e-02 -9.400e-03  3.270e-02  2.720e-02 -1.710e-02
 -2.360e-02  3.950e-02 -1.180e-02  5.500e-03 -3.500e-03] bestcost 0.16871704995555464
TRIAL 7 elapsed 89.1995177268982 cost 0.24938719253220107 M 3.8181098435384078 cell [ 6.6692 13.8988 20.7467 83.2851 87.955  88.9009] zero -0.01775642227970671 diff [-9.400e-03  5.500e-03 -5.120e-02 -5.100e-03  6.258e-01 -5.260e-02
  6.890e-02  9.000e-04  5.900e-03 -8.000e-04 -1.210e-02  2.300e-02
  1.410e-02 -5.500e-03  3.000e-04  7.900e-03 -1.190e-02  6.600e-03
 -1.730e-02  1.100e-02  3.700e-03 -1.780e-02 -6.900e-03] bestcost 0.16871704995555464
