X1db5091 TRICLINIC P 3 peaks [7.25474, 8.14302, 8.56828, 9.4714, 12.92135, 13.90318, 14.07513, 14.56177, 15.34975, 16.38625, 17.27345, 17.62675, 18.62157, 19.05397, 19.47458, 20.98064, 21.41052, 21.95265, 22.53699, 23.88865] V 1000.0 1800.0 Lmax 34.0
3->34,1.24001,24.9999
1.5708->2.35619,0.0785683,0.707107,9.99638
1000->1800,400.02,1.9999
Starting: V=1000->1400.02
Finished: V=1000->1400.02 A^3, 221595 unit cells tested, 160062 tests/s,   Elapsed time=1.38444s
Starting: V=1400.02->1800
      a=13.74-13.79 b=12.50-12.57 c=10.10-10.14 alpha=110.65-110.93 beta= 73.11- 73.00 gamma=116.59-116.87 V=1433.13-1445.38level=6, indexed=1(0 sol.)
      a=0.00680-0.00678 b=0.00859-0.00856 c=0.01148-0.01143 alpha=0.00589-0.00593 beta=0.00517-0.00522 gamma=-0.00280--0.00277level=6, indexed=1(0 sol.)
 Solution ? a= 13.734 b= 12.558 c= 10.122 alpha=110.832 beta= 73.164 gamma=116.535 V= 1441.87 score=  5.68 #   0
      a=13.73-13.78 b=12.49-12.56 c=10.10-10.13 alpha=110.59-110.87 beta= 73.24- 73.14 gamma=116.55-116.83 V=1432.10-1444.32level=6, indexed=1(1 sol.)
      a=0.00680-0.00678 b=0.00859-0.00856 c=0.01148-0.01143 alpha=0.00589-0.00593 beta=0.00517-0.00522 gamma=-0.00277--0.00273level=6, indexed=1(1 sol.)
 Solution ? a= 13.734 b= 12.558 c= 10.122 alpha=110.832 beta= 73.164 gamma=116.535 V= 1441.87 score=  5.68 #   1
      a=13.71-13.76 b=12.49-12.56 c=10.10-10.14 alpha=110.63-110.91 beta= 73.14- 73.03 gamma=116.55-116.83 V=1430.45-1442.66level=6, indexed=1(2 sol.)
      a=0.00682-0.00680 b=0.00859-0.00856 c=0.01148-0.01143 alpha=0.00589-0.00593 beta=0.00517-0.00522 gamma=-0.00280--0.00277level=6, indexed=1(2 sol.)
 Solution ? a= 13.734 b= 12.558 c= 10.122 alpha=110.832 beta= 73.164 gamma=116.535 V= 1441.87 score=  5.68 #   2
      a=13.70-13.75 b=12.49-12.56 c=10.09-10.13 alpha=110.58-110.85 beta= 73.27- 73.17 gamma=116.51-116.79 V=1429.43-1441.61level=6, indexed=1(3 sol.)
      a=0.00682-0.00680 b=0.00859-0.00856 c=0.01148-0.01143 alpha=0.00589-0.00593 beta=0.00517-0.00522 gamma=-0.00277--0.00273level=6, indexed=1(3 sol.)
 Solution ? a= 13.734 b= 12.558 c= 10.122 alpha=110.832 beta= 73.164 gamma=116.535 V= 1441.87 score=  5.68 #   3
      a=13.72-13.77 b=12.49-12.56 c=10.09-10.12 alpha=110.53-110.81 beta= 73.38- 73.28 gamma=116.50-116.78 V=1431.08-1443.28level=6, indexed=1(4 sol.)
      a=0.00680-0.00678 b=0.00859-0.00856 c=0.01148-0.01143 alpha=0.00589-0.00593 beta=0.00517-0.00522 gamma=-0.00273--0.00269level=6, indexed=1(4 sol.)
 Solution ? a= 13.734 b= 12.558 c= 10.122 alpha=110.832 beta= 73.164 gamma=116.535 V= 1441.87 score=  5.68 #   4
      a=13.69-13.74 b=12.48-12.55 c=10.09-10.12 alpha=110.52-110.79 beta= 73.41- 73.30 gamma=116.46-116.74 V=1428.41-1440.57level=6, indexed=1(5 sol.)
      a=0.00682-0.00680 b=0.00859-0.00856 c=0.01148-0.01143 alpha=0.00589-0.00593 beta=0.00517-0.00522 gamma=-0.00273--0.00269level=6, indexed=1(5 sol.)
 Solution ? a= 13.734 b= 12.558 c= 10.122 alpha=110.832 beta= 73.164 gamma=116.535 V= 1441.87 score=  5.68 #   5
      a=13.68-13.73 b=12.48-12.55 c=10.08-10.12 alpha=110.46-110.73 beta= 73.54- 73.44 gamma=116.42-116.69 V=1427.40-1439.54level=6, indexed=1(6 sol.)
      a=0.00682-0.00680 b=0.00859-0.00856 c=0.01148-0.01143 alpha=0.00589-0.00593 beta=0.00517-0.00522 gamma=-0.00269--0.00266level=6, indexed=1(6 sol.)
 Solution ? a= 13.734 b= 12.558 c= 10.122 alpha=110.832 beta= 73.164 gamma=116.535 V= 1441.87 score=  5.68 #   6
      a=13.72-13.78 b=12.50-12.57 c=10.10-10.14 alpha=110.71-110.99 beta= 73.30- 73.19 gamma=116.55-116.83 V=1432.77-1445.03level=6, indexed=1(7 sol.)
      a=0.00680-0.00678 b=0.00859-0.00856 c=0.01148-0.01143 alpha=0.00589-0.00593 beta=0.00522-0.00527 gamma=-0.00273--0.00269level=6, indexed=1(7 sol.)
 Solution ? a= 13.734 b= 12.558 c= 10.122 alpha=110.832 beta= 73.164 gamma=116.535 V= 1441.87 score=  5.68 #   7
      a=13.70-13.75 b=12.50-12.57 c=10.10-10.13 alpha=110.70-110.97 beta= 73.33- 73.22 gamma=116.51-116.79 V=1430.10-1442.31level=6, indexed=1(8 sol.)
      a=0.00682-0.00680 b=0.00859-0.00856 c=0.01148-0.01143 alpha=0.00589-0.00593 beta=0.00522-0.00527 gamma=-0.00273--0.00269level=6, indexed=1(8 sol.)
 Solution ? a= 13.734 b= 12.558 c= 10.122 alpha=110.832 beta= 73.164 gamma=116.535 V= 1441.87 score=  5.68 #   8
      a=13.69-13.74 b=12.49-12.56 c=10.09-10.13 alpha=110.64-110.91 beta= 73.46- 73.36 gamma=116.47-116.74 V=1429.08-1441.27level=6, indexed=1(9 sol.)
      a=0.00682-0.00680 b=0.00859-0.00856 c=0.01148-0.01143 alpha=0.00589-0.00593 beta=0.00522-0.00527 gamma=-0.00269--0.00266level=6, indexed=1(9 sol.)
 Solution ? a= 13.734 b= 12.558 c= 10.122 alpha=110.832 beta= 73.164 gamma=116.535 V= 1441.87 score=  5.68 #   9
      a=13.68-13.73 b=12.49-12.55 c=10.05-10.09 alpha=110.71-110.98 beta= 73.04- 72.93 gamma=116.23-116.50 V=1422.14-1434.20level=6, indexed=1(10 sol.)
      a=0.00682-0.00680 b=0.00856-0.00852 c=0.01161-0.01157 alpha=0.00578-0.00582 beta=0.00522-0.00527 gamma=-0.00287--0.00284level=6, indexed=1(10 sol.)
 Solution ? a= 13.709 b= 12.565 c= 10.092 alpha=111.006 beta= 72.935 gamma=116.376 V= 1435.02 score=  5.48 #  10
     a=13.69-13.74 b=12.50-12.57 c=10.07-10.10 alpha=111.06-111.34 beta= 72.95- 72.84 gamma=116.23-116.51 V=1422.87-1434.98level=5, indexed=1(11 sol.)
     a=0.00681-0.00679 b=0.00857-0.00854 c=0.01164-0.01159 alpha=0.00577-0.00580 beta=0.00535-0.00541 gamma=-0.00286--0.00282level=5, indexed=1(11 sol.)
 Solution ? a= 13.697 b= 12.556 c= 10.096 alpha=111.033 beta= 72.977 gamma=116.251 V= 1434.64 score=  5.30 #  11
      a=13.73-13.78 b=12.49-12.56 c=10.07-10.11 alpha=110.55-110.83 beta= 73.28- 73.17 gamma=116.53-116.81 V=1428.85-1441.02level=6, indexed=1(12 sol.)
      a=0.00680-0.00678 b=0.00859-0.00856 c=0.01152-0.01148 alpha=0.00589-0.00593 beta=0.00517-0.00522 gamma=-0.00277--0.00273level=6, indexed=1(12 sol.)
 Solution ? a= 13.733 b= 12.557 c= 10.111 alpha=110.898 beta= 73.182 gamma=116.563 V= 1439.25 score=  6.30 #  12
      a=13.70-13.75 b=12.49-12.55 c=10.07-10.11 alpha=110.53-110.81 beta= 73.31- 73.20 gamma=116.49-116.77 V=1426.18-1438.31level=6, indexed=1(13 sol.)
      a=0.00682-0.00680 b=0.00859-0.00856 c=0.01152-0.01148 alpha=0.00589-0.00593 beta=0.00517-0.00522 gamma=-0.00277--0.00273level=6, indexed=1(13 sol.)
 Solution ? a= 13.734 b= 12.558 c= 10.122 alpha=110.832 beta= 73.164 gamma=116.535 V= 1441.87 score=  5.68 #  13
     a=13.74-13.79 b=12.53-12.60 c=10.08-10.12 alpha=110.87-111.15 beta= 73.07- 72.97 gamma=116.71-116.99 V=1431.70-1443.97level=5, indexed=1(14 sol.)
     a=0.00681-0.00679 b=0.00857-0.00854 c=0.01155-0.01150 alpha=0.00591-0.00594 beta=0.00525-0.00530 gamma=-0.00278--0.00275level=5, indexed=1(14 sol.)
 Solution ? a= 13.735 b= 12.575 c= 10.126 alpha=110.890 beta= 73.172 gamma=116.498 V= 1444.37 score=  5.24 #  14
      a=13.72-13.77 b=12.49-12.55 c=10.07-10.10 alpha=110.49-110.77 beta= 73.42- 73.31 gamma=116.49-116.77 V=1427.83-1439.98level=6, indexed=1(15 sol.)
      a=0.00680-0.00678 b=0.00859-0.00856 c=0.01152-0.01148 alpha=0.00589-0.00593 beta=0.00517-0.00522 gamma=-0.00273--0.00269level=6, indexed=1(15 sol.)
 Solution ? a= 13.733 b= 12.557 c= 10.111 alpha=110.898 beta= 73.182 gamma=116.563 V= 1439.25 score=  6.30 #  15
      a=13.69-13.74 b=12.48-12.55 c=10.06-10.10 alpha=110.47-110.75 beta= 73.44- 73.34 gamma=116.45-116.72 V=1425.17-1437.28level=6, indexed=1(16 sol.)
      a=0.00682-0.00680 b=0.00859-0.00856 c=0.01152-0.01148 alpha=0.00589-0.00593 beta=0.00517-0.00522 gamma=-0.00273--0.00269level=6, indexed=1(16 sol.)
 Solution ? a= 13.733 b= 12.557 c= 10.111 alpha=110.898 beta= 73.182 gamma=116.563 V= 1439.25 score=  6.30 #  16
     a=13.72-13.77 b=12.52-12.59 c=10.07-10.11 alpha=110.75-111.02 beta= 73.35- 73.24 gamma=116.62-116.90 V=1429.64-1441.88level=5, indexed=1(17 sol.)
     a=0.00681-0.00679 b=0.00857-0.00854 c=0.01155-0.01150 alpha=0.00591-0.00594 beta=0.00525-0.00530 gamma=-0.00271--0.00268level=5, indexed=1(17 sol.)
 Solution ? a= 13.734 b= 12.558 c= 10.122 alpha=110.832 beta= 73.164 gamma=116.535 V= 1441.87 score=  5.68 #  17
     a=13.75-13.80 b=12.57-12.63 c=10.11-10.15 alpha=111.23-111.51 beta= 72.91- 72.80 gamma=116.81-117.09 V=1435.17-1447.56level=5, indexed=1(18 sol.)
     a=0.00681-0.00679 b=0.00857-0.00854 c=0.01155-0.01150 alpha=0.00591-0.00594 beta=0.00535-0.00541 gamma=-0.00278--0.00275level=5, indexed=1(18 sol.)
 Solution ? a= 13.738 b= 12.582 c= 10.122 alpha=111.259 beta= 73.200 gamma=116.550 V= 1441.51 score=  5.08 #  18
      a=13.73-13.78 b=12.54-12.60 c=10.08-10.12 alpha=111.11-111.39 beta= 73.26- 73.15 gamma=116.62-116.90 V=1430.38-1442.67level=6, indexed=1(19 sol.)
      a=0.00680-0.00678 b=0.00859-0.00856 c=0.01157-0.01152 alpha=0.00589-0.00593 beta=0.00538-0.00543 gamma=-0.00269--0.00266level=6, indexed=1(19 sol.)
 Solution ? a= 13.757 b= 12.613 c= 10.130 alpha=111.244 beta= 73.158 gamma=116.624 V= 1447.25 score=  4.68 #  19
      a=13.70-13.75 b=12.53-12.60 c=10.08-10.12 alpha=111.09-111.37 beta= 73.29- 73.18 gamma=116.58-116.86 V=1427.71-1439.96level=6, indexed=1(20 sol.)
      a=0.00682-0.00680 b=0.00859-0.00856 c=0.01157-0.01152 alpha=0.00589-0.00593 beta=0.00538-0.00543 gamma=-0.00269--0.00266level=6, indexed=1(20 sol.)
 Solution ? a= 13.731 b= 12.569 c= 10.121 alpha=111.199 beta= 73.206 gamma=116.512 V= 1440.17 score=  5.32 #  20
      a=13.71-13.76 b=12.52-12.59 c=10.09-10.12 alpha=110.91-111.19 beta= 73.44- 73.33 gamma=116.55-116.82 V=1430.89-1443.15level=6, indexed=1(21 sol.)
      a=0.00680-0.00678 b=0.00859-0.00856 c=0.01152-0.01148 alpha=0.00589-0.00593 beta=0.00533-0.00538 gamma=-0.00266--0.00262level=6, indexed=1(21 sol.)
 Solution ? a= 13.731 b= 12.569 c= 10.121 alpha=111.199 beta= 73.206 gamma=116.512 V= 1440.17 score=  5.32 #  21
      a=13.72-13.77 b=12.54-12.60 c=10.10-10.14 alpha=111.09-111.37 beta= 73.36- 73.25 gamma=116.60-116.87 V=1432.62-1444.93level=6, indexed=1(22 sol.)
      a=0.00680-0.00678 b=0.00859-0.00856 c=0.01152-0.01148 alpha=0.00589-0.00593 beta=0.00538-0.00543 gamma=-0.00266--0.00262level=6, indexed=1(22 sol.)
 Solution ? a= 13.757 b= 12.613 c= 10.130 alpha=111.244 beta= 73.158 gamma=116.624 V= 1447.25 score=  4.68 #  22
      a=13.72-13.77 b=12.53-12.60 c=10.08-10.11 alpha=111.05-111.33 beta= 73.39- 73.29 gamma=116.58-116.86 V=1429.36-1441.63level=6, indexed=1(23 sol.)
      a=0.00680-0.00678 b=0.00859-0.00856 c=0.01157-0.01152 alpha=0.00589-0.00593 beta=0.00538-0.00543 gamma=-0.00266--0.00262level=6, indexed=1(23 sol.)
 Solution ? a= 13.757 b= 12.613 c= 10.127 alpha=111.298 beta= 73.133 gamma=116.623 V= 1446.34 score=  4.64 #  23
      a=13.71-13.76 b=12.53-12.59 c=10.07-10.11 alpha=110.99-111.27 beta= 73.53- 73.42 gamma=116.53-116.81 V=1428.35-1440.59level=6, indexed=1(24 sol.)
      a=0.00680-0.00678 b=0.00859-0.00856 c=0.01157-0.01152 alpha=0.00589-0.00593 beta=0.00538-0.00543 gamma=-0.00262--0.00259level=6, indexed=1(24 sol.)
 Solution ? a= 13.729 b= 12.565 c= 10.117 alpha=111.271 beta= 73.174 gamma=116.498 V= 1438.30 score=  5.42 #  24
      a=13.69-13.74 b=12.53-12.60 c=10.10-10.13 alpha=111.07-111.35 beta= 73.39- 73.28 gamma=116.55-116.83 V=1429.95-1442.22level=6, indexed=1(25 sol.)
      a=0.00682-0.00680 b=0.00859-0.00856 c=0.01152-0.01148 alpha=0.00589-0.00593 beta=0.00538-0.00543 gamma=-0.00266--0.00262level=6, indexed=1(25 sol.)
 Solution ? a= 13.731 b= 12.569 c= 10.121 alpha=111.199 beta= 73.206 gamma=116.512 V= 1440.17 score=  5.32 #  25
      a=13.69-13.74 b=12.53-12.59 c=10.07-10.11 alpha=111.03-111.31 beta= 73.42- 73.32 gamma=116.54-116.81 V=1426.70-1438.92level=6, indexed=1(26 sol.)
      a=0.00682-0.00680 b=0.00859-0.00856 c=0.01157-0.01152 alpha=0.00589-0.00593 beta=0.00538-0.00543 gamma=-0.00266--0.00262level=6, indexed=1(26 sol.)
 Solution ? a= 13.731 b= 12.569 c= 10.121 alpha=111.199 beta= 73.206 gamma=116.512 V= 1440.17 score=  5.32 #  26
      a=13.71-13.76 b=12.45-12.52 c=10.10-10.13 alpha=110.56-110.84 beta= 73.20- 73.09 gamma=116.38-116.66 V=1427.66-1439.79level=6, indexed=1(27 sol.)
      a=0.00680-0.00678 b=0.00862-0.00859 c=0.01148-0.01143 alpha=0.00585-0.00589 beta=0.00517-0.00522 gamma=-0.00280--0.00277level=6, indexed=1(27 sol.)
 Solution ? a= 13.733 b= 12.557 c= 10.111 alpha=110.898 beta= 73.182 gamma=116.563 V= 1439.25 score=  6.30 #  27
      a=13.70-13.75 b=12.45-12.51 c=10.09-10.12 alpha=110.50-110.78 beta= 73.33- 73.23 gamma=116.34-116.61 V=1426.64-1438.75level=6, indexed=1(28 sol.)
      a=0.00680-0.00678 b=0.00862-0.00859 c=0.01148-0.01143 alpha=0.00585-0.00589 beta=0.00517-0.00522 gamma=-0.00277--0.00273level=6, indexed=1(28 sol.)
 Solution ? a= 13.733 b= 12.557 c= 10.111 alpha=110.898 beta= 73.182 gamma=116.563 V= 1439.25 score=  6.30 #  28
      a=13.69-13.74 b=12.45-12.51 c=10.09-10.13 alpha=110.54-110.82 beta= 73.23- 73.12 gamma=116.34-116.62 V=1425.00-1437.09level=6, indexed=1(29 sol.)
      a=0.00682-0.00680 b=0.00862-0.00859 c=0.01148-0.01143 alpha=0.00585-0.00589 beta=0.00517-0.00522 gamma=-0.00280--0.00277level=6, indexed=1(29 sol.)
 Solution ? a= 13.733 b= 12.557 c= 10.111 alpha=110.898 beta= 73.182 gamma=116.563 V= 1439.25 score=  6.30 #  29
      a=13.68-13.73 b=12.44-12.51 c=10.09-10.12 alpha=110.48-110.76 beta= 73.36- 73.26 gamma=116.29-116.57 V=1423.99-1436.05level=6, indexed=1(30 sol.)
      a=0.00682-0.00680 b=0.00862-0.00859 c=0.01148-0.01143 alpha=0.00585-0.00589 beta=0.00517-0.00522 gamma=-0.00277--0.00273level=6, indexed=1(30 sol.)
 Solution ? a= 13.733 b= 12.557 c= 10.111 alpha=110.898 beta= 73.182 gamma=116.563 V= 1439.25 score=  6.30 #  30
      a=13.69-13.74 b=12.44-12.51 c=10.08-10.12 alpha=110.44-110.72 beta= 73.47- 73.37 gamma=116.29-116.57 V=1425.63-1437.71level=6, indexed=1(31 sol.)
      a=0.00680-0.00678 b=0.00862-0.00859 c=0.01148-0.01143 alpha=0.00585-0.00589 beta=0.00517-0.00522 gamma=-0.00273--0.00269level=6, indexed=1(31 sol.)
 Solution ? a= 13.725 b= 12.505 c= 10.101 alpha=110.748 beta= 73.188 gamma=116.629 V= 1431.47 score=  5.90 #  31
      a=13.67-13.72 b=12.44-12.50 c=10.08-10.12 alpha=110.42-110.70 beta= 73.50- 73.40 gamma=116.25-116.53 V=1422.98-1435.02level=6, indexed=1(32 sol.)
      a=0.00682-0.00680 b=0.00862-0.00859 c=0.01148-0.01143 alpha=0.00585-0.00589 beta=0.00517-0.00522 gamma=-0.00273--0.00269level=6, indexed=1(32 sol.)
 Solution ? a= 13.733 b= 12.557 c= 10.111 alpha=110.898 beta= 73.182 gamma=116.563 V= 1439.25 score=  6.30 #  32
      a=13.73-13.78 b=12.47-12.53 c=10.10-10.14 alpha=110.61-110.88 beta= 73.14- 73.03 gamma=116.54-116.82 V=1429.62-1441.80level=6, indexed=1(33 sol.)
      a=0.00680-0.00678 b=0.00862-0.00859 c=0.01148-0.01143 alpha=0.00589-0.00593 beta=0.00517-0.00522 gamma=-0.00280--0.00277level=6, indexed=1(33 sol.)
 Solution ? a= 13.733 b= 12.557 c= 10.111 alpha=110.898 beta= 73.182 gamma=116.563 V= 1439.25 score=  6.30 #  33
      a=13.72-13.77 b=12.46-12.53 c=10.09-10.13 alpha=110.55-110.82 beta= 73.28- 73.17 gamma=116.49-116.77 V=1428.59-1440.75level=6, indexed=1(34 sol.)
      a=0.00680-0.00678 b=0.00862-0.00859 c=0.01148-0.01143 alpha=0.00589-0.00593 beta=0.00517-0.00522 gamma=-0.00277--0.00273level=6, indexed=1(34 sol.)
 Solution ? a= 13.733 b= 12.557 c= 10.111 alpha=110.898 beta= 73.182 gamma=116.563 V= 1439.25 score=  6.30 #  34
      a=13.74-13.79 b=12.48-12.55 c=10.10-10.13 alpha=110.59-110.87 beta= 73.22- 73.11 gamma=116.65-116.93 V=1430.56-1442.77level=6, indexed=1(35 sol.)
      a=0.00680-0.00678 b=0.00862-0.00859 c=0.01148-0.01143 alpha=0.00593-0.00596 beta=0.00517-0.00522 gamma=-0.00277--0.00273level=6, indexed=1(35 sol.)
 Solution ? a= 13.733 b= 12.557 c= 10.111 alpha=110.898 beta= 73.182 gamma=116.563 V= 1439.25 score=  6.30 #  35
      a=13.70-13.75 b=12.46-12.52 c=10.09-10.13 alpha=110.53-110.80 beta= 73.30- 73.20 gamma=116.45-116.73 V=1425.93-1438.04level=6, indexed=1(36 sol.)
      a=0.00682-0.00680 b=0.00862-0.00859 c=0.01148-0.01143 alpha=0.00589-0.00593 beta=0.00517-0.00522 gamma=-0.00277--0.00273level=6, indexed=1(36 sol.)
 Solution ? a= 13.733 b= 12.557 c= 10.111 alpha=110.898 beta= 73.182 gamma=116.563 V= 1439.25 score=  6.30 #  36
      a=13.71-13.76 b=12.46-12.52 c=10.09-10.12 alpha=110.49-110.76 beta= 73.41- 73.31 gamma=116.45-116.73 V=1427.57-1439.71level=6, indexed=1(37 sol.)
      a=0.00680-0.00678 b=0.00862-0.00859 c=0.01148-0.01143 alpha=0.00589-0.00593 beta=0.00517-0.00522 gamma=-0.00273--0.00269level=6, indexed=1(37 sol.)
 Solution ? a= 13.725 b= 12.505 c= 10.101 alpha=110.748 beta= 73.188 gamma=116.629 V= 1431.47 score=  5.90 #  37
      a=13.69-13.74 b=12.45-12.52 c=10.08-10.12 alpha=110.47-110.74 beta= 73.44- 73.34 gamma=116.41-116.68 V=1424.91-1437.01level=6, indexed=1(38 sol.)
      a=0.00682-0.00680 b=0.00862-0.00859 c=0.01148-0.01143 alpha=0.00589-0.00593 beta=0.00517-0.00522 gamma=-0.00273--0.00269level=6, indexed=1(38 sol.)
 Solution ? a= 13.733 b= 12.557 c= 10.111 alpha=110.898 beta= 73.182 gamma=116.563 V= 1439.25 score=  6.30 #  38
      a=13.68-13.73 b=12.45-12.51 c=10.08-10.11 alpha=110.41-110.68 beta= 73.58- 73.47 gamma=116.36-116.64 V=1423.91-1435.98level=6, indexed=1(39 sol.)
      a=0.00682-0.00680 b=0.00862-0.00859 c=0.01148-0.01143 alpha=0.00589-0.00593 beta=0.00517-0.00522 gamma=-0.00269--0.00266level=6, indexed=1(39 sol.)
 Solution ? a= 13.725 b= 12.505 c= 10.101 alpha=110.748 beta= 73.188 gamma=116.629 V= 1431.47 score=  5.90 #  39
      a=13.71-13.76 b=12.47-12.54 c=10.09-10.12 alpha=110.52-110.79 beta= 73.38- 73.28 gamma=116.56-116.84 V=1426.86-1439.01level=6, indexed=1(40 sol.)
      a=0.00682-0.00680 b=0.00862-0.00859 c=0.01148-0.01143 alpha=0.00593-0.00596 beta=0.00517-0.00522 gamma=-0.00273--0.00269level=6, indexed=1(40 sol.)
 Solution ? a= 13.733 b= 12.557 c= 10.111 alpha=110.898 beta= 73.182 gamma=116.563 V= 1439.25 score=  6.30 #  40
     a=13.70-13.75 b=12.47-12.54 c=10.10-10.13 alpha=111.04-111.31 beta= 73.10- 72.99 gamma=116.38-116.66 V=1424.16-1436.30level=5, indexed=1(41 sol.)
     a=0.00681-0.00679 b=0.00863-0.00860 c=0.01155-0.01150 alpha=0.00584-0.00587 beta=0.00535-0.00541 gamma=-0.00278--0.00275level=5, indexed=1(41 sol.)
 Solution ? a= 13.732 b= 12.566 c= 10.121 alpha=111.245 beta= 73.124 gamma=116.498 V= 1439.33 score=  5.50 #  41
      a=13.70-13.75 b=12.49-12.56 c=10.10-10.14 alpha=111.06-111.33 beta= 73.32- 73.21 gamma=116.43-116.70 V=1428.14-1440.36level=6, indexed=1(42 sol.)
      a=0.00680-0.00678 b=0.00862-0.00859 c=0.01152-0.01148 alpha=0.00585-0.00589 beta=0.00538-0.00543 gamma=-0.00269--0.00266level=6, indexed=1(42 sol.)
 Solution ? a= 13.731 b= 12.569 c= 10.121 alpha=111.199 beta= 73.206 gamma=116.512 V= 1440.17 score=  5.32 #  42
      a=13.69-13.74 b=12.49-12.55 c=10.09-10.13 alpha=111.00-111.27 beta= 73.45- 73.35 gamma=116.38-116.66 V=1427.13-1439.32level=6, indexed=1(43 sol.)
      a=0.00680-0.00678 b=0.00862-0.00859 c=0.01152-0.01148 alpha=0.00585-0.00589 beta=0.00538-0.00543 gamma=-0.00266--0.00262level=6, indexed=1(43 sol.)
 Solution ? a= 13.731 b= 12.569 c= 10.121 alpha=111.199 beta= 73.206 gamma=116.512 V= 1440.17 score=  5.32 #  43
      a=13.67-13.72 b=12.48-12.55 c=10.09-10.13 alpha=110.98-111.26 beta= 73.48- 73.38 gamma=116.34-116.62 V=1424.48-1436.63level=6, indexed=1(44 sol.)
      a=0.00682-0.00680 b=0.00862-0.00859 c=0.01152-0.01148 alpha=0.00585-0.00589 beta=0.00538-0.00543 gamma=-0.00266--0.00262level=6, indexed=1(44 sol.)
 Solution ? a= 13.731 b= 12.569 c= 10.121 alpha=111.199 beta= 73.206 gamma=116.512 V= 1440.17 score=  5.32 #  44
     a=13.71-13.76 b=12.44-12.51 c=10.06-10.09 alpha=110.41-110.69 beta= 73.30- 73.20 gamma=116.50-116.77 V=1421.32-1433.36level=5, indexed=1(45 sol.)
     a=0.00681-0.00679 b=0.00863-0.00860 c=0.01155-0.01150 alpha=0.00591-0.00594 beta=0.00514-0.00519 gamma=-0.00278--0.00275level=5, indexed=1(45 sol.)
 Solution ? a= 13.734 b= 12.558 c= 10.122 alpha=110.832 beta= 73.164 gamma=116.535 V= 1441.87 score=  5.68 #  45
      a=13.02-13.06 b=13.60-13.66 c=11.75-11.80 alpha=113.37-113.63 beta= 78.87- 78.81 gamma=111.11-111.34 V=1779.31-1793.61level=6, indexed=1(50 sol.)
      a=0.00680-0.00678 b=0.00713-0.00710 c=0.00862-0.00859 alpha=0.00438-0.00442 beta=0.00560-0.00564 gamma=-0.00090--0.00086level=6, indexed=1(50 sol.)
 Solution ? a= 13.029 b= 13.633 c= 11.789 alpha=113.808 beta= 78.876 gamma=111.306 V= 1782.21 score=  8.60 #  50
      a=13.00-13.04 b=13.59-13.66 c=11.75-11.80 alpha=113.36-113.62 beta= 78.89- 78.83 gamma=111.08-111.31 V=1776.32-1790.58level=6, indexed=1(51 sol.)
      a=0.00682-0.00680 b=0.00713-0.00710 c=0.00862-0.00859 alpha=0.00438-0.00442 beta=0.00560-0.00564 gamma=-0.00090--0.00086level=6, indexed=1(51 sol.)
 Solution ? a= 13.029 b= 13.633 c= 11.789 alpha=113.808 beta= 78.876 gamma=111.306 V= 1782.21 score=  8.60 #  51
      a=13.02-13.06 b=13.62-13.68 c=11.78-11.83 alpha=113.71-113.97 beta= 78.70- 78.64 gamma=111.28-111.51 V=1779.43-1793.81level=6, indexed=1(65 sol.)
      a=0.00682-0.00680 b=0.00715-0.00713 c=0.00862-0.00859 alpha=0.00442-0.00445 beta=0.00569-0.00573 gamma=-0.00090--0.00086level=6, indexed=1(65 sol.)
 Solution ? a= 13.029 b= 13.633 c= 11.789 alpha=113.808 beta= 78.876 gamma=111.306 V= 1782.21 score=  8.60 #  65
      a=13.03-13.07 b=13.56-13.63 c=11.78-11.82 alpha=113.62-113.88 beta= 78.74- 78.69 gamma=111.23-111.46 V=1774.87-1789.15level=6, indexed=1(66 sol.)
      a=0.00680-0.00678 b=0.00720-0.00717 c=0.00862-0.00859 alpha=0.00442-0.00445 beta=0.00569-0.00573 gamma=-0.00090--0.00086level=6, indexed=1(66 sol.)
 Solution ? a= 13.029 b= 13.633 c= 11.789 alpha=113.808 beta= 78.876 gamma=111.306 V= 1782.21 score=  8.60 #  66
      a=13.02-13.06 b=13.59-13.66 c=11.75-11.79 alpha=113.31-113.57 beta= 79.02- 78.97 gamma=111.05-111.28 V=1778.37-1792.65level=6, indexed=1(93 sol.)
      a=0.00680-0.00678 b=0.00713-0.00710 c=0.00862-0.00859 alpha=0.00438-0.00442 beta=0.00560-0.00564 gamma=-0.00086--0.00083level=6, indexed=1(93 sol.)
 Solution ? a= 13.029 b= 13.633 c= 11.789 alpha=113.808 beta= 78.876 gamma=111.306 V= 1782.21 score=  8.60 #  93
Finished: V=1400.02->1800 A^3, 8403719 unit cells tested, 454656 tests/s,   Elapsed time=18.4837s
build/fast-x86_64/objcryst/ObjCryst/ObjCryst/Indexing.cpp:2602 Solution ? a=13.0291, b=13.6328, c=11.7888, alpha=113.808, beta=78.8764, gamma=111.306, V=1782.21, score=8.59714
build/fast-x86_64/objcryst/ObjCryst/ObjCryst/Indexing.cpp:2602 Solution ? a=13.7328, b=12.5569, c=10.1112, alpha=110.898, beta=73.1816, gamma=116.563, V=1439.25, score=6.29847
build/fast-x86_64/objcryst/ObjCryst/ObjCryst/Indexing.cpp:2602 Solution ? a=13.7254, b=12.5047, c=10.1007, alpha=110.748, beta=73.1884, gamma=116.629, V=1431.47, score=5.90401
build/fast-x86_64/objcryst/ObjCryst/ObjCryst/Indexing.cpp:2602 Solution ? a=13.7087, b=12.5654, c=10.0915, alpha=111.006, beta=72.9347, gamma=116.376, V=1435.02, score=5.48231
build/fast-x86_64/objcryst/ObjCryst/ObjCryst/Indexing.cpp:2602 Solution ? a=13.7345, b=12.5745, c=10.1263, alpha=110.89, beta=73.1721, gamma=116.498, V=1444.37, score=5.23967
build/fast-x86_64/objcryst/ObjCryst/ObjCryst/Indexing.cpp:2602 Solution ? a=13.7568, b=12.6128, c=10.1295, alpha=111.244, beta=73.1579, gamma=116.624, V=1447.25, score=4.68125
build/fast-x86_64/objcryst/ObjCryst/ObjCryst/Indexing.cpp:2602 Solution ? a=13.271, b=12.8679, c=10.2494, alpha=114.856, beta=80.9995, gamma=114.203, V=1448.29, score=3.62597
build/fast-x86_64/objcryst/ObjCryst/ObjCryst/Indexing.cpp:2609 BEST ? a=13.0291, b=13.6328, c=11.7888, alpha=113.808, beta=78.8764, gamma=111.306, V=1782.21, score=8.59714
8403719unit cells tested, 454631 tests/s,   Elapsed time=18.4847s
DONE X1db5091 TRICLINIC P 7 18.485140562057495 [{'cell': [13.029084205627441, 13.63280963897705, 11.788832664489746, 113.80780847928402, 78.87639057314125, 111.30625169576685], 'volume': 1782.211181640625, 'score': 8.597138404846191, 'system': 'TRICLINIC', 'centering': 'P', 'mode': 3}, {'cell': [13.732809066772461, 12.556855201721191, 10.111177444458008, 110.89798396831851, 73.18155642810304, 116.5632570546289], 'volume': 1439.247314453125, 'score': 6.298466682434082, 'system': 'TRICLINIC', 'centering': 'P', 'mode': 3}, {'cell': [13.725375175476074, 12.504732131958008, 10.100749015808105, 110.7483618443602, 73.18842759840807, 116.62894981406609], 'volume': 1431.466796875, 'score': 5.904012203216553, 'system': 'TRICLINIC', 'centering': 'P', 'mode': 3}, {'cell': [13.708693504333496, 12.565396308898926, 10.091538429260254, 111.00631759874408, 72.93474071225546, 116.37609621099222], 'volume': 1435.0155029296875, 'score': 5.482309341430664, 'system': 'TRICLINIC', 'centering': 'P', 'mode': 3}, {'cell': [13.734532356262207, 12.574541091918945, 10.12630844116211, 110.88997898661125, 73.17210344629174, 116.49846588016217], 'volume': 1444.36767578125, 'score': 5.2396745681762695, 'system': 'TRICLINIC', 'centering': 'P', 'mode': 3}]
