X1db5091 TRICLINIC P 4 peaks [4.21075, 7.21405, 8.12471, 8.56623, 9.43718, 12.88362, 13.9, 14.07521, 14.55706, 15.32607, 16.36086, 17.26318, 17.62729, 18.61135, 19.04102, 19.47008, 20.97467, 21.40196] V 1000.0 1900.0 Lmax 34.67974522964477
3->34.6797,1.26719,24.9999
1.5708->2.35619,0.0785683,0.707107,9.99638
1000->1900,450.022,1.9999
Starting: V=1000->1450.02
    a=13.62-13.72 b=11.79-11.89 c= 9.68- 9.72 alpha= 96.98- 97.39 beta= 74.26- 74.31 gamma=113.88-114.50 V=1367.48-1388.61level=4, indexed=1(0 sol.)
    a=0.00686-0.00681 b=0.00861-0.00855 c=0.01152-0.01143 alpha=0.00598-0.00607 beta=0.00026-0.00037 gamma=-0.00435--0.00425level=4, indexed=1(0 sol.)
 Solution ? a= 13.546 b= 11.782 c=  9.729 alpha= 97.148 beta= 74.443 gamma=114.083 V= 1365.40 score=  3.31 #   0
    a=13.33-13.45 b=11.65-11.74 c= 9.60- 9.66 alpha= 92.53- 92.63 beta=101.92-102.25 gamma=111.12-111.57 V=1349.70-1373.36level=4, indexed=1(1 sol.)
    a=0.00686-0.00681 b=0.00861-0.00855 c=0.01152-0.01143 alpha=0.00581-0.00590 beta=0.00259-0.00269 gamma=0.00425-0.00435level=4, indexed=1(1 sol.)
 Solution ? a= 13.310 b= 11.679 c=  9.608 alpha= 92.485 beta=102.213 gamma=111.443 V= 1346.66 score=  3.74 #   1
    a=13.31-13.43 b=11.66-11.75 c= 9.61- 9.67 alpha= 93.21- 93.31 beta=101.68-102.01 gamma=110.99-111.43 V=1350.50-1374.21level=4, indexed=1(2 sol.)
    a=0.00686-0.00681 b=0.00861-0.00855 c=0.01152-0.01143 alpha=0.00581-0.00590 beta=0.00280-0.00291 gamma=0.00425-0.00435level=4, indexed=1(2 sol.)
 Solution ? a= 13.363 b= 11.721 c=  9.631 alpha= 93.999 beta=101.829 gamma=111.037 V= 1361.08 score=  5.14 #   2
     a=13.36-13.42 b=11.71-11.75 c= 9.62- 9.65 alpha= 94.04- 94.09 beta=101.66-101.82 gamma=110.84-111.05 V=1360.24-1372.18level=5, indexed=1(3 sol.)
     a=0.00682-0.00680 b=0.00856-0.00853 c=0.01154-0.01150 alpha=0.00579-0.00583 beta=0.00309-0.00314 gamma=0.00432-0.00438level=5, indexed=1(3 sol.)
 Solution ? a= 13.360 b= 11.681 c=  9.605 alpha= 94.169 beta=101.792 gamma=111.087 V= 1351.36 score=  6.24 #   3
     a=13.41-13.47 b=11.67-11.71 c= 9.59- 9.62 alpha= 94.30- 94.35 beta=101.57-101.73 gamma=110.79-111.01 V=1355.96-1367.85level=5, indexed=1(4 sol.)
     a=0.00677-0.00674 b=0.00862-0.00859 c=0.01163-0.01159 alpha=0.00579-0.00583 beta=0.00320-0.00325 gamma=0.00432-0.00438level=5, indexed=1(4 sol.)
 Solution ? a= 13.360 b= 11.681 c=  9.605 alpha= 94.169 beta=101.792 gamma=111.087 V= 1351.36 score=  6.24 #   4
     a=13.35-13.41 b=11.71-11.76 c= 9.59- 9.61 alpha= 94.36- 94.42 beta=101.50-101.65 gamma=110.78-111.00 V=1355.27-1367.14level=5, indexed=1(5 sol.)
     a=0.00682-0.00680 b=0.00856-0.00853 c=0.01163-0.01159 alpha=0.00579-0.00583 beta=0.00320-0.00325 gamma=0.00432-0.00438level=5, indexed=1(5 sol.)
 Solution ? a= 13.360 b= 11.681 c=  9.605 alpha= 94.169 beta=101.792 gamma=111.087 V= 1351.36 score=  6.24 #   5
     a=13.37-13.43 b=11.69-11.74 c= 9.59- 9.62 alpha= 94.60- 94.66 beta=101.37-101.52 gamma=111.00-111.22 V=1353.39-1365.27level=5, indexed=1(6 sol.)
     a=0.00682-0.00680 b=0.00862-0.00859 c=0.01163-0.01159 alpha=0.00587-0.00592 beta=0.00330-0.00335 gamma=0.00432-0.00438level=5, indexed=1(6 sol.)
 Solution ? a= 13.360 b= 11.681 c=  9.605 alpha= 94.169 beta=101.792 gamma=111.087 V= 1351.36 score=  6.24 #   6
     a=13.37-13.43 b=11.71-11.75 c= 9.60- 9.63 alpha= 94.22- 94.28 beta=101.87-102.03 gamma=110.76-110.97 V=1357.11-1369.04level=5, indexed=1(7 sol.)
     a=0.00682-0.00680 b=0.00856-0.00853 c=0.01163-0.01159 alpha=0.00579-0.00583 beta=0.00320-0.00325 gamma=0.00443-0.00448level=5, indexed=1(7 sol.)
 Solution ? a= 13.360 b= 11.681 c=  9.605 alpha= 94.169 beta=101.792 gamma=111.087 V= 1351.36 score=  6.24 #   7
     a=13.40-13.46 b=11.74-11.78 c= 9.60- 9.63 alpha= 94.14- 94.20 beta=101.85-102.00 gamma=111.12-111.34 V=1360.44-1372.46level=5, indexed=1(8 sol.)
     a=0.00682-0.00680 b=0.00856-0.00853 c=0.01163-0.01159 alpha=0.00587-0.00592 beta=0.00320-0.00325 gamma=0.00443-0.00448level=5, indexed=1(8 sol.)
 Solution ? a= 13.360 b= 11.681 c=  9.605 alpha= 94.169 beta=101.792 gamma=111.087 V= 1351.36 score=  6.24 #   8
     a=13.36-13.42 b=11.66-11.70 c= 9.60- 9.63 alpha= 94.20- 94.26 beta=101.89-102.05 gamma=110.68-110.89 V=1351.33-1363.16level=5, indexed=1(9 sol.)
     a=0.00682-0.00680 b=0.00862-0.00859 c=0.01163-0.01159 alpha=0.00579-0.00583 beta=0.00320-0.00325 gamma=0.00443-0.00448level=5, indexed=1(9 sol.)
 Solution ? a= 13.360 b= 11.681 c=  9.605 alpha= 94.169 beta=101.792 gamma=111.087 V= 1351.36 score=  6.24 #   9
     a=13.39-13.45 b=11.69-11.73 c= 9.60- 9.63 alpha= 94.12- 94.18 beta=101.87-102.02 gamma=111.04-111.26 V=1354.61-1366.53level=5, indexed=1(10 sol.)
     a=0.00682-0.00680 b=0.00862-0.00859 c=0.01163-0.01159 alpha=0.00587-0.00592 beta=0.00320-0.00325 gamma=0.00443-0.00448level=5, indexed=1(10 sol.)
 Solution ? a= 13.360 b= 11.681 c=  9.605 alpha= 94.169 beta=101.792 gamma=111.087 V= 1351.36 score=  6.24 #  10
     a=13.39-13.45 b=11.69-11.74 c= 9.60- 9.63 alpha= 94.46- 94.52 beta=101.75-101.90 gamma=110.98-111.19 V=1355.21-1367.15level=5, indexed=1(11 sol.)
     a=0.00682-0.00680 b=0.00862-0.00859 c=0.01163-0.01159 alpha=0.00587-0.00592 beta=0.00330-0.00335 gamma=0.00443-0.00448level=5, indexed=1(11 sol.)
 Solution ? a= 13.360 b= 11.681 c=  9.605 alpha= 94.169 beta=101.792 gamma=111.087 V= 1351.36 score=  6.24 #  11
    a=13.69-13.84 b=11.60-11.69 c= 9.86- 9.92 alpha= 86.65- 86.62 beta=108.66-109.11 gamma=111.43-111.90 V=1378.28-1403.59level=4, indexed=1(12 sol.)
    a=0.00686-0.00681 b=0.00861-0.00855 c=0.01152-0.01143 alpha=0.00563-0.00572 beta=0.00132-0.00143 gamma=0.00571-0.00582level=4, indexed=1(12 sol.)
 Solution ? a= 13.753 b= 11.652 c=  9.990 alpha= 86.334 beta=109.212 gamma=111.965 V= 1398.78 score=  5.31 #  12
    a=13.99-14.15 b=11.62-11.71 c=10.23-10.31 alpha= 86.52- 86.47 beta=110.66-111.15 gamma=111.50-111.97 V=1443.43-1471.42level=4, indexed=1(13 sol.)
    a=0.00676-0.00670 b=0.00861-0.00855 c=0.01099-0.01090 alpha=0.00563-0.00572 beta=0.00153-0.00164 gamma=0.00613-0.00624level=4, indexed=1(13 sol.)
 Solution ? a= 14.125 b= 11.692 c= 10.294 alpha= 86.552 beta=110.838 gamma=111.856 V= 1469.49 score=  4.31 #  13
    a=13.97-14.12 b=11.61-11.70 c=10.22-10.30 alpha= 87.24- 87.20 beta=110.41-110.90 gamma=111.26-111.73 V=1442.44-1470.38level=4, indexed=1(14 sol.)
    a=0.00676-0.00670 b=0.00861-0.00855 c=0.01099-0.01090 alpha=0.00563-0.00572 beta=0.00174-0.00185 gamma=0.00613-0.00624level=4, indexed=1(14 sol.)
 Solution ? a= 14.035 b= 11.630 c= 10.301 alpha= 87.374 beta=110.810 gamma=111.316 V= 1457.57 score=  5.10 #  14
     a=13.64-13.70 b=12.42-12.49 c=10.07-10.10 alpha=109.97-110.23 beta= 73.52- 73.46 gamma=115.99-116.29 V=1423.62-1436.41level=5, indexed=1(15 sol.)
     a=0.00682-0.00680 b=0.00856-0.00853 c=0.01145-0.01141 alpha=0.00579-0.00583 beta=0.00499-0.00504 gamma=-0.00280--0.00275level=5, indexed=1(15 sol.)
 Solution ? a= 13.758 b= 12.521 c= 10.104 alpha=110.673 beta= 73.155 gamma=116.354 V= 1440.80 score=  6.62 #  15
     a=13.63-13.69 b=12.36-12.43 c=10.06-10.10 alpha=109.88-110.14 beta= 73.58- 73.53 gamma=115.88-116.18 V=1416.79-1429.44level=5, indexed=1(16 sol.)
     a=0.00682-0.00680 b=0.00862-0.00859 c=0.01145-0.01141 alpha=0.00579-0.00583 beta=0.00499-0.00504 gamma=-0.00280--0.00275level=5, indexed=1(16 sol.)
 Solution ? a= 13.758 b= 12.521 c= 10.104 alpha=110.673 beta= 73.155 gamma=116.354 V= 1440.80 score=  6.62 #  16
      a=13.73-13.79 b=12.50-12.56 c=10.08-10.11 alpha=110.89-111.16 beta= 72.63- 72.56 gamma=116.20-116.51 V=1428.63-1441.59level=6, indexed=1(17 sol.)
      a=0.00678-0.00676 b=0.00855-0.00851 c=0.01161-0.01156 alpha=0.00572-0.00577 beta=0.00523-0.00528 gamma=-0.00299--0.00294level=6, indexed=1(17 sol.)
 Solution ? a= 13.752 b= 12.547 c= 10.097 alpha=110.856 beta= 73.009 gamma=116.344 V= 1439.96 score=  6.48 #  17
      a=13.71-13.77 b=12.49-12.56 c=10.09-10.12 alpha=111.01-111.28 beta= 72.62- 72.55 gamma=116.06-116.37 V=1427.97-1440.92level=6, indexed=1(18 sol.)
      a=0.00678-0.00676 b=0.00855-0.00851 c=0.01161-0.01156 alpha=0.00568-0.00572 beta=0.00528-0.00533 gamma=-0.00299--0.00294level=6, indexed=1(18 sol.)
 Solution ? a= 13.767 b= 12.556 c= 10.100 alpha=111.046 beta= 73.011 gamma=116.304 V= 1442.15 score=  6.50 #  18
     a=13.67-13.72 b=12.46-12.52 c=10.06-10.09 alpha=110.74-111.00 beta= 72.70- 72.63 gamma=115.99-116.30 V=1418.69-1431.46level=5, indexed=1(19 sol.)
     a=0.00682-0.00680 b=0.00856-0.00853 c=0.01163-0.01159 alpha=0.00570-0.00574 beta=0.00520-0.00526 gamma=-0.00301--0.00296level=5, indexed=1(19 sol.)
 Solution ? a= 13.752 b= 12.547 c= 10.097 alpha=110.856 beta= 73.009 gamma=116.344 V= 1439.96 score=  6.48 #  19
      a=13.70-13.76 b=12.50-12.57 c=10.09-10.12 alpha=111.05-111.32 beta= 72.59- 72.52 gamma=116.20-116.51 V=1426.74-1439.69level=6, indexed=1(20 sol.)
      a=0.00681-0.00678 b=0.00855-0.00851 c=0.01161-0.01156 alpha=0.00572-0.00577 beta=0.00528-0.00533 gamma=-0.00299--0.00294level=6, indexed=1(20 sol.)
 Solution ? a= 13.767 b= 12.556 c= 10.100 alpha=111.046 beta= 73.011 gamma=116.304 V= 1442.15 score=  6.50 #  20
     a=13.72-13.78 b=12.53-12.60 c=10.09-10.13 alpha=111.21-111.48 beta= 72.39- 72.32 gamma=116.48-116.79 V=1426.77-1439.79level=5, indexed=1(21 sol.)
     a=0.00682-0.00680 b=0.00856-0.00853 c=0.01163-0.01159 alpha=0.00579-0.00583 beta=0.00531-0.00536 gamma=-0.00301--0.00296level=5, indexed=1(21 sol.)
 Solution ? a= 13.767 b= 12.556 c= 10.100 alpha=111.046 beta= 73.011 gamma=116.304 V= 1442.15 score=  6.50 #  21
     a=13.69-13.75 b=12.50-12.57 c=10.03-10.06 alpha=110.54-110.80 beta= 73.35- 73.28 gamma=115.96-116.26 V=1426.76-1439.67level=5, indexed=1(23 sol.)
     a=0.00677-0.00674 b=0.00850-0.00847 c=0.01163-0.01159 alpha=0.00570-0.00574 beta=0.00520-0.00526 gamma=-0.00280--0.00275level=5, indexed=1(23 sol.)
 Solution ? a= 13.765 b= 12.557 c= 10.102 alpha=111.054 beta= 73.012 gamma=116.303 V= 1442.23 score=  6.63 #  23
     a=13.69-13.74 b=12.50-12.57 c=10.06-10.10 alpha=110.95-111.21 beta= 72.94- 72.87 gamma=115.80-116.11 V=1428.44-1441.37level=5, indexed=1(24 sol.)
     a=0.00677-0.00674 b=0.00850-0.00847 c=0.01163-0.01159 alpha=0.00561-0.00566 beta=0.00531-0.00536 gamma=-0.00291--0.00286level=5, indexed=1(24 sol.)
 Solution ? a= 13.752 b= 12.547 c= 10.097 alpha=110.856 beta= 73.009 gamma=116.344 V= 1439.96 score=  6.48 #  24
     a=13.71-13.77 b=12.56-12.63 c=10.08-10.11 alpha=111.25-111.52 beta= 73.02- 72.96 gamma=116.15-116.46 V=1433.54-1446.66level=5, indexed=1(25 sol.)
     a=0.00677-0.00674 b=0.00850-0.00847 c=0.01163-0.01159 alpha=0.00570-0.00574 beta=0.00541-0.00547 gamma=-0.00280--0.00275level=5, indexed=1(25 sol.)
 Solution ? a= 13.762 b= 12.544 c= 10.096 alpha=110.825 beta= 73.046 gamma=116.347 V= 1440.97 score=  6.13 #  25
     a=13.78-13.83 b=12.47-12.53 c=10.05-10.08 alpha=110.67-110.93 beta= 72.93- 72.87 gamma=116.09-116.40 V=1429.99-1442.94level=5, indexed=1(26 sol.)
     a=0.00671-0.00669 b=0.00856-0.00853 c=0.01163-0.01159 alpha=0.00570-0.00574 beta=0.00520-0.00526 gamma=-0.00291--0.00286level=5, indexed=1(26 sol.)
 Solution ? a= 13.762 b= 12.544 c= 10.096 alpha=110.825 beta= 73.046 gamma=116.347 V= 1440.97 score=  6.13 #  26
      a=13.69-13.74 b=12.45-12.52 c=10.05-10.08 alpha=110.57-110.84 beta= 72.98- 72.91 gamma=115.90-116.20 V=1423.09-1435.90level=6, indexed=1(27 sol.)
      a=0.00678-0.00676 b=0.00855-0.00851 c=0.01161-0.01156 alpha=0.00568-0.00572 beta=0.00518-0.00523 gamma=-0.00294--0.00288level=6, indexed=1(27 sol.)
 Solution ? a= 13.752 b= 12.547 c= 10.097 alpha=110.856 beta= 73.009 gamma=116.344 V= 1439.96 score=  6.48 #  27
      a=13.67-13.73 b=12.45-12.51 c=10.04-10.07 alpha=110.49-110.75 beta= 73.17- 73.11 gamma=115.83-116.13 V=1421.60-1434.38level=6, indexed=1(28 sol.)
      a=0.00678-0.00676 b=0.00855-0.00851 c=0.01161-0.01156 alpha=0.00568-0.00572 beta=0.00518-0.00523 gamma=-0.00288--0.00283level=6, indexed=1(28 sol.)
 Solution ? a= 13.762 b= 12.544 c= 10.096 alpha=110.825 beta= 73.046 gamma=116.347 V= 1440.97 score=  6.13 #  28
      a=13.69-13.75 b=12.47-12.54 c=10.06-10.10 alpha=110.75-111.02 beta= 72.90- 72.83 gamma=115.95-116.25 V=1424.75-1437.62level=6, indexed=1(29 sol.)
      a=0.00678-0.00676 b=0.00855-0.00851 c=0.01161-0.01156 alpha=0.00568-0.00572 beta=0.00523-0.00528 gamma=-0.00294--0.00288level=6, indexed=1(29 sol.)
 Solution ? a= 13.752 b= 12.547 c= 10.097 alpha=110.856 beta= 73.009 gamma=116.344 V= 1439.96 score=  6.48 #  29
      a=13.68-13.74 b=12.46-12.53 c=10.05-10.09 alpha=110.67-110.93 beta= 73.09- 73.03 gamma=115.88-116.18 V=1423.25-1436.08level=6, indexed=1(30 sol.)
      a=0.00678-0.00676 b=0.00855-0.00851 c=0.01161-0.01156 alpha=0.00568-0.00572 beta=0.00523-0.00528 gamma=-0.00288--0.00283level=6, indexed=1(30 sol.)
 Solution ? a= 13.752 b= 12.547 c= 10.097 alpha=110.856 beta= 73.009 gamma=116.344 V= 1439.96 score=  6.48 #  30
      a=13.71-13.77 b=12.47-12.54 c=10.06-10.09 alpha=110.63-110.90 beta= 72.90- 72.84 gamma=116.09-116.39 V=1425.42-1438.30level=6, indexed=1(31 sol.)
      a=0.00678-0.00676 b=0.00855-0.00851 c=0.01161-0.01156 alpha=0.00572-0.00577 beta=0.00518-0.00523 gamma=-0.00294--0.00288level=6, indexed=1(31 sol.)
 Solution ? a= 13.752 b= 12.547 c= 10.097 alpha=110.856 beta= 73.009 gamma=116.344 V= 1439.96 score=  6.48 #  31
      a=13.69-13.75 b=12.47-12.53 c=10.05-10.08 alpha=110.55-110.81 beta= 73.10- 73.04 gamma=116.02-116.33 V=1423.91-1436.77level=6, indexed=1(32 sol.)
      a=0.00678-0.00676 b=0.00855-0.00851 c=0.01161-0.01156 alpha=0.00572-0.00577 beta=0.00518-0.00523 gamma=-0.00288--0.00283level=6, indexed=1(32 sol.)
 Solution ? a= 13.762 b= 12.544 c= 10.096 alpha=110.825 beta= 73.046 gamma=116.347 V= 1440.97 score=  6.13 #  32
      a=13.72-13.77 b=12.49-12.56 c=10.07-10.10 alpha=110.81-111.08 beta= 72.82- 72.76 gamma=116.14-116.44 V=1427.09-1440.02level=6, indexed=1(33 sol.)
      a=0.00678-0.00676 b=0.00855-0.00851 c=0.01161-0.01156 alpha=0.00572-0.00577 beta=0.00523-0.00528 gamma=-0.00294--0.00288level=6, indexed=1(33 sol.)
 Solution ? a= 13.752 b= 12.547 c= 10.097 alpha=110.856 beta= 73.009 gamma=116.344 V= 1439.96 score=  6.48 #  33
      a=13.70-13.76 b=12.48-12.55 c=10.06-10.09 alpha=110.72-110.99 beta= 73.02- 72.96 gamma=116.07-116.38 V=1425.58-1438.48level=6, indexed=1(34 sol.)
      a=0.00678-0.00676 b=0.00855-0.00851 c=0.01161-0.01156 alpha=0.00572-0.00577 beta=0.00523-0.00528 gamma=-0.00288--0.00283level=6, indexed=1(34 sol.)
 Solution ? a= 13.752 b= 12.547 c= 10.097 alpha=110.856 beta= 73.009 gamma=116.344 V= 1439.96 score=  6.48 #  34
      a=13.69-13.75 b=12.44-12.50 c=10.04-10.07 alpha=110.50-110.76 beta= 73.13- 73.07 gamma=115.97-116.27 V=1420.46-1433.25level=6, indexed=1(35 sol.)
      a=0.00678-0.00676 b=0.00858-0.00855 c=0.01161-0.01156 alpha=0.00572-0.00577 beta=0.00518-0.00523 gamma=-0.00288--0.00283level=6, indexed=1(35 sol.)
 Solution ? a= 13.762 b= 12.544 c= 10.096 alpha=110.825 beta= 73.046 gamma=116.347 V= 1440.97 score=  6.13 #  35
      a=13.71-13.77 b=12.46-12.53 c=10.06-10.10 alpha=110.76-111.03 beta= 72.86- 72.79 gamma=116.08-116.39 V=1423.62-1436.48level=6, indexed=1(36 sol.)
      a=0.00678-0.00676 b=0.00858-0.00855 c=0.01161-0.01156 alpha=0.00572-0.00577 beta=0.00523-0.00528 gamma=-0.00294--0.00288level=6, indexed=1(36 sol.)
 Solution ? a= 13.752 b= 12.547 c= 10.097 alpha=110.856 beta= 73.009 gamma=116.344 V= 1439.96 score=  6.48 #  36
      a=13.69-13.75 b=12.45-12.52 c=10.05-10.09 alpha=110.68-110.94 beta= 73.05- 72.99 gamma=116.02-116.32 V=1422.11-1434.95level=6, indexed=1(37 sol.)
      a=0.00678-0.00676 b=0.00858-0.00855 c=0.01161-0.01156 alpha=0.00572-0.00577 beta=0.00523-0.00528 gamma=-0.00288--0.00283level=6, indexed=1(37 sol.)
 Solution ? a= 13.762 b= 12.544 c= 10.096 alpha=110.825 beta= 73.046 gamma=116.347 V= 1440.97 score=  6.13 #  37
     a=13.74-13.80 b=12.45-12.52 c=10.06-10.10 alpha=110.90-111.17 beta= 72.92- 72.86 gamma=115.80-116.11 V=1428.66-1441.58level=5, indexed=1(38 sol.)
     a=0.00671-0.00669 b=0.00856-0.00853 c=0.01163-0.01159 alpha=0.00561-0.00566 beta=0.00531-0.00536 gamma=-0.00291--0.00286level=5, indexed=1(38 sol.)
 Solution ? a= 13.802 b= 12.548 c= 10.115 alpha=110.770 beta= 73.190 gamma=116.192 V= 1451.19 score=  5.60 #  38
     a=13.79-13.85 b=12.49-12.56 c=10.07-10.10 alpha=111.02-111.29 beta= 72.77- 72.71 gamma=116.19-116.50 V=1433.37-1446.43level=5, indexed=1(39 sol.)
     a=0.00671-0.00669 b=0.00856-0.00853 c=0.01163-0.01159 alpha=0.00570-0.00574 beta=0.00531-0.00536 gamma=-0.00291--0.00286level=5, indexed=1(39 sol.)
 Solution ? a= 13.767 b= 12.556 c= 10.100 alpha=111.046 beta= 73.011 gamma=116.304 V= 1442.15 score=  6.50 #  39
     a=13.80-13.86 b=12.52-12.60 c=10.10-10.13 alpha=111.38-111.65 beta= 72.61- 72.54 gamma=116.29-116.60 V=1436.82-1449.99level=5, indexed=1(40 sol.)
     a=0.00671-0.00669 b=0.00856-0.00853 c=0.01163-0.01159 alpha=0.00570-0.00574 beta=0.00541-0.00547 gamma=-0.00291--0.00286level=5, indexed=1(40 sol.)
 Solution ? a= 13.765 b= 12.557 c= 10.102 alpha=111.054 beta= 73.012 gamma=116.303 V= 1442.23 score=  6.63 #  40
      a=13.73-13.79 b=12.49-12.56 c=10.08-10.11 alpha=110.95-111.22 beta= 72.78- 72.71 gamma=116.05-116.36 V=1430.03-1443.01level=6, indexed=1(41 sol.)
      a=0.00676-0.00673 b=0.00855-0.00851 c=0.01161-0.01156 alpha=0.00568-0.00572 beta=0.00528-0.00533 gamma=-0.00294--0.00288level=6, indexed=1(41 sol.)
 Solution ? a= 13.765 b= 12.557 c= 10.102 alpha=111.054 beta= 73.012 gamma=116.303 V= 1442.23 score=  6.63 #  41
      a=13.74-13.80 b=12.50-12.57 c=10.09-10.12 alpha=111.13-111.40 beta= 72.70- 72.63 gamma=116.10-116.41 V=1431.74-1444.77level=6, indexed=1(42 sol.)
      a=0.00676-0.00673 b=0.00855-0.00851 c=0.01161-0.01156 alpha=0.00568-0.00572 beta=0.00533-0.00539 gamma=-0.00294--0.00288level=6, indexed=1(42 sol.)
 Solution ? a= 13.767 b= 12.556 c= 10.100 alpha=111.046 beta= 73.011 gamma=116.304 V= 1442.15 score=  6.50 #  42
      a=13.72-13.78 b=12.50-12.57 c=10.08-10.11 alpha=111.04-111.31 beta= 72.90- 72.83 gamma=116.04-116.34 V=1430.20-1443.20level=6, indexed=1(43 sol.)
      a=0.00676-0.00673 b=0.00855-0.00851 c=0.01161-0.01156 alpha=0.00568-0.00572 beta=0.00533-0.00539 gamma=-0.00288--0.00283level=6, indexed=1(43 sol.)
 Solution ? a= 13.765 b= 12.557 c= 10.102 alpha=111.054 beta= 73.012 gamma=116.303 V= 1442.23 score=  6.63 #  43
      a=13.76-13.81 b=12.51-12.58 c=10.08-10.12 alpha=111.01-111.28 beta= 72.70- 72.64 gamma=116.25-116.55 V=1432.39-1445.44level=6, indexed=1(44 sol.)
      a=0.00676-0.00673 b=0.00855-0.00851 c=0.01161-0.01156 alpha=0.00572-0.00577 beta=0.00528-0.00533 gamma=-0.00294--0.00288level=6, indexed=1(44 sol.)
 Solution ? a= 13.765 b= 12.557 c= 10.102 alpha=111.054 beta= 73.012 gamma=116.303 V= 1442.23 score=  6.63 #  44
      a=13.74-13.80 b=12.50-12.57 c=10.07-10.10 alpha=110.93-111.19 beta= 72.90- 72.84 gamma=116.18-116.49 V=1430.86-1443.88level=6, indexed=1(45 sol.)
      a=0.00676-0.00673 b=0.00855-0.00851 c=0.01161-0.01156 alpha=0.00572-0.00577 beta=0.00528-0.00533 gamma=-0.00288--0.00283level=6, indexed=1(45 sol.)
 Solution ? a= 13.765 b= 12.557 c= 10.102 alpha=111.054 beta= 73.012 gamma=116.303 V= 1442.23 score=  6.63 #  45
      a=13.75-13.81 b=12.52-12.59 c=10.08-10.12 alpha=111.10-111.37 beta= 72.82- 72.75 gamma=116.23-116.54 V=1432.57-1445.64level=6, indexed=1(46 sol.)
      a=0.00676-0.00673 b=0.00855-0.00851 c=0.01161-0.01156 alpha=0.00572-0.00577 beta=0.00533-0.00539 gamma=-0.00288--0.00283level=6, indexed=1(46 sol.)
 Solution ? a= 13.765 b= 12.557 c= 10.102 alpha=111.054 beta= 73.012 gamma=116.303 V= 1442.23 score=  6.63 #  46
      a=13.74-13.80 b=12.49-12.56 c=10.08-10.11 alpha=111.06-111.32 beta= 72.85- 72.79 gamma=116.17-116.48 V=1429.07-1442.07level=6, indexed=1(47 sol.)
      a=0.00676-0.00673 b=0.00858-0.00855 c=0.01161-0.01156 alpha=0.00572-0.00577 beta=0.00533-0.00539 gamma=-0.00288--0.00283level=6, indexed=1(47 sol.)
 Solution ? a= 13.765 b= 12.557 c= 10.102 alpha=111.054 beta= 73.012 gamma=116.303 V= 1442.23 score=  6.63 #  47
      a=13.70-13.76 b=12.48-12.55 c=10.08-10.11 alpha=110.93-111.19 beta= 72.82- 72.75 gamma=116.00-116.30 V=1426.44-1439.35level=6, indexed=1(48 sol.)
      a=0.00678-0.00676 b=0.00855-0.00851 c=0.01161-0.01156 alpha=0.00568-0.00572 beta=0.00528-0.00533 gamma=-0.00294--0.00288level=6, indexed=1(48 sol.)
 Solution ? a= 13.765 b= 12.557 c= 10.102 alpha=111.054 beta= 73.012 gamma=116.303 V= 1442.23 score=  6.63 #  48
      a=13.68-13.74 b=12.48-12.54 c=10.06-10.10 alpha=110.84-111.11 beta= 73.02- 72.95 gamma=115.93-116.23 V=1424.92-1437.81level=6, indexed=1(49 sol.)
      a=0.00678-0.00676 b=0.00855-0.00851 c=0.01161-0.01156 alpha=0.00568-0.00572 beta=0.00528-0.00533 gamma=-0.00288--0.00283level=6, indexed=1(49 sol.)
 Solution ? a= 13.765 b= 12.557 c= 10.102 alpha=111.054 beta= 73.012 gamma=116.303 V= 1442.23 score=  6.63 #  49
Finished: V=1000->1450.02 A^3, 2676361 unit cells tested, 1.467e+06 tests/s,   Elapsed time=1.82439s
Starting: V=1450.02->1900
      a=13.19-13.24 b=12.19-12.25 c=13.03-13.11 alpha=117.39-117.68 beta=112.62-112.90 gamma= 84.27- 84.19 V=1709.09-1727.46level=6, indexed=1(50 sol.)
      a=0.00681-0.00678 b=0.00861-0.00858 c=0.00876-0.00873 alpha=0.00144-0.00149 beta=0.00798-0.00803 gamma=0.00592-0.00598level=6, indexed=1(50 sol.)
 Solution ? a= 13.052 b= 12.282 c= 13.074 alpha=118.334 beta=112.447 gamma= 84.104 V= 1696.94 score=  8.44 #  50
      a=14.36-14.41 b=11.88-11.93 c=11.99-12.02 alpha=102.80-103.10 beta= 64.22- 64.21 gamma=113.44-113.79 V=1686.27-1699.16level=6, indexed=1(51 sol.)
      a=0.00678-0.00676 b=0.00845-0.00842 c=0.00861-0.00858 alpha=0.00520-0.00524 beta=0.00100-0.00106 gamma=-0.00592--0.00587level=6, indexed=1(51 sol.)
 Solution ? a= 14.348 b= 11.914 c= 11.992 alpha=103.043 beta= 64.451 gamma=113.878 V= 1687.94 score=  8.59 #  51
      a=14.35-14.41 b=11.85-11.91 c=11.99-12.01 alpha=102.78-103.08 beta= 64.23- 64.22 gamma=113.40-113.74 V=1682.56-1695.39level=6, indexed=1(52 sol.)
      a=0.00678-0.00676 b=0.00848-0.00845 c=0.00861-0.00858 alpha=0.00520-0.00524 beta=0.00100-0.00106 gamma=-0.00592--0.00587level=6, indexed=1(52 sol.)
 Solution ? a= 14.348 b= 11.914 c= 11.992 alpha=103.043 beta= 64.451 gamma=113.878 V= 1687.94 score=  8.59 #  52
      a=14.37-14.43 b=11.91-11.97 c=12.00-12.03 alpha=103.04-103.34 beta= 64.13- 64.11 gamma=113.57-113.92 V=1691.43-1704.44level=6, indexed=1(53 sol.)
      a=0.00678-0.00676 b=0.00842-0.00839 c=0.00861-0.00858 alpha=0.00520-0.00524 beta=0.00106-0.00111 gamma=-0.00592--0.00587level=6, indexed=1(53 sol.)
 Solution ? a= 14.357 b= 11.916 c= 11.982 alpha=103.177 beta= 64.246 gamma=113.965 V= 1683.78 score=  9.86 #  53
      a=14.37-14.42 b=11.89-11.94 c=12.00-12.03 alpha=103.01-103.32 beta= 64.14- 64.13 gamma=113.53-113.88 V=1687.69-1700.63level=6, indexed=1(54 sol.)
      a=0.00678-0.00676 b=0.00845-0.00842 c=0.00861-0.00858 alpha=0.00520-0.00524 beta=0.00106-0.00111 gamma=-0.00592--0.00587level=6, indexed=1(54 sol.)
 Solution ? a= 14.357 b= 11.916 c= 11.982 alpha=103.177 beta= 64.246 gamma=113.965 V= 1683.78 score=  9.86 #  54
      a=14.39-14.44 b=11.86-11.92 c=12.01-12.04 alpha=103.26-103.56 beta= 64.05- 64.03 gamma=113.72-114.06 V=1684.21-1697.16level=6, indexed=1(82 sol.)
      a=0.00678-0.00676 b=0.00851-0.00848 c=0.00861-0.00858 alpha=0.00524-0.00528 beta=0.00111-0.00116 gamma=-0.00592--0.00587level=6, indexed=1(82 sol.)
 Solution ? a= 14.357 b= 11.916 c= 11.982 alpha=103.177 beta= 64.246 gamma=113.965 V= 1683.78 score=  9.86 #  82
      a=14.40-14.45 b=11.84-11.90 c=11.99-12.02 alpha=102.78-103.08 beta= 64.21- 64.19 gamma=113.80-114.15 V=1681.29-1694.16level=6, indexed=1(94 sol.)
      a=0.00678-0.00676 b=0.00855-0.00851 c=0.00861-0.00858 alpha=0.00533-0.00537 beta=0.00095-0.00100 gamma=-0.00592--0.00587level=6, indexed=1(94 sol.)
 Solution ? a= 14.357 b= 11.916 c= 11.982 alpha=103.177 beta= 64.246 gamma=113.965 V= 1683.78 score=  9.86 #  94
      a=14.35-14.41 b=11.86-11.92 c=11.97-12.00 alpha=103.07-103.37 beta= 64.19- 64.18 gamma=113.75-114.10 V=1676.87-1689.72level=6, indexed=1(151 sol.)
      a=0.00681-0.00678 b=0.00851-0.00848 c=0.00864-0.00861 alpha=0.00528-0.00533 beta=0.00106-0.00111 gamma=-0.00592--0.00587level=6, indexed=1(151 sol.)
 Solution ? a= 14.357 b= 11.916 c= 11.982 alpha=103.177 beta= 64.246 gamma=113.965 V= 1683.78 score=  9.86 # 151
      a=14.35-14.41 b=11.90-11.95 c=12.02-12.04 alpha=103.26-103.56 beta= 64.23- 64.22 gamma=113.86-114.21 V=1686.30-1699.31level=6, indexed=1(257 sol.)
      a=0.00681-0.00678 b=0.00848-0.00845 c=0.00858-0.00855 alpha=0.00528-0.00533 beta=0.00111-0.00116 gamma=-0.00587--0.00582level=6, indexed=1(257 sol.)
 Solution ? a= 14.357 b= 11.916 c= 11.982 alpha=103.177 beta= 64.246 gamma=113.965 V= 1683.78 score=  9.86 # 257
      a=13.72-13.77 b=11.64-11.68 c=10.83-10.85 alpha= 97.09- 97.32 beta= 70.86- 70.90 gamma=111.63-111.94 V=1519.20-1529.76level=6, indexed=1(345 sol.)
      a=0.00678-0.00676 b=0.00855-0.00851 c=0.00955-0.00952 alpha=0.00533-0.00537 beta=0.00005-0.00011 gamma=-0.00493--0.00487level=6, indexed=1(345 sol.)
 Solution ? a= 13.723 b= 11.663 c= 10.838 alpha= 97.078 beta= 70.994 gamma=111.906 V= 1521.71 score= 12.23 # 345
      a=13.72-13.77 b=11.64-11.68 c=10.81-10.83 alpha= 97.08- 97.31 beta= 70.89- 70.93 gamma=111.62-111.94 V=1516.41-1526.95level=6, indexed=1(348 sol.)
      a=0.00678-0.00676 b=0.00855-0.00851 c=0.00958-0.00955 alpha=0.00533-0.00537 beta=0.00005-0.00011 gamma=-0.00493--0.00487level=6, indexed=1(348 sol.)
 Solution ? a= 13.723 b= 11.663 c= 10.838 alpha= 97.078 beta= 70.994 gamma=111.906 V= 1521.71 score= 12.23 # 348
      a=13.71-13.76 b=11.61-11.65 c=10.83-10.84 alpha= 96.89- 97.12 beta= 70.93- 70.97 gamma=111.53-111.84 V=1515.37-1525.87level=6, indexed=1(351 sol.)
      a=0.00678-0.00676 b=0.00858-0.00855 c=0.00955-0.00952 alpha=0.00533-0.00537 beta=0.00000-0.00005 gamma=-0.00493--0.00487level=6, indexed=1(351 sol.)
 Solution ? a= 13.724 b= 11.662 c= 10.839 alpha= 96.893 beta= 71.027 gamma=111.875 V= 1522.48 score= 12.30 # 351
      a=13.71-13.76 b=11.61-11.66 c=10.81-10.83 alpha= 97.06- 97.29 beta= 70.90- 70.93 gamma=111.58-111.90 V=1513.21-1523.70level=6, indexed=1(356 sol.)
      a=0.00678-0.00676 b=0.00858-0.00855 c=0.00958-0.00955 alpha=0.00533-0.00537 beta=0.00005-0.00011 gamma=-0.00493--0.00487level=6, indexed=1(356 sol.)
 Solution ? a= 13.719 b= 11.651 c= 10.831 alpha= 96.907 beta= 70.993 gamma=111.912 V= 1518.50 score= 13.87 # 356
      a=13.74-13.79 b=11.66-11.70 c=10.84-10.86 alpha= 97.34- 97.58 beta= 70.77- 70.80 gamma=111.87-112.19 V=1521.80-1532.45level=6, indexed=1(360 sol.)
      a=0.00678-0.00676 b=0.00855-0.00851 c=0.00955-0.00952 alpha=0.00537-0.00542 beta=0.00011-0.00016 gamma=-0.00493--0.00487level=6, indexed=1(360 sol.)
 Solution ? a= 13.719 b= 11.651 c= 10.831 alpha= 96.907 beta= 70.993 gamma=111.912 V= 1518.50 score= 13.87 # 360
      a=13.74-13.79 b=11.63-11.68 c=10.84-10.86 alpha= 97.33- 97.56 beta= 70.77- 70.81 gamma=111.83-112.15 V=1518.58-1529.18level=6, indexed=1(365 sol.)
      a=0.00678-0.00676 b=0.00858-0.00855 c=0.00955-0.00952 alpha=0.00537-0.00542 beta=0.00011-0.00016 gamma=-0.00493--0.00487level=6, indexed=1(365 sol.)
 Solution ? a= 13.719 b= 11.651 c= 10.831 alpha= 96.907 beta= 70.993 gamma=111.912 V= 1518.50 score= 13.87 # 365
      a=13.72-13.77 b=11.60-11.64 c=10.81-10.83 alpha= 96.92- 97.15 beta= 70.94- 70.98 gamma=111.67-111.98 V=1511.35-1521.82level=6, indexed=1(369 sol.)
      a=0.00678-0.00676 b=0.00861-0.00858 c=0.00958-0.00955 alpha=0.00537-0.00542 beta=0.00000-0.00005 gamma=-0.00493--0.00487level=6, indexed=1(369 sol.)
 Solution ? a= 13.719 b= 11.651 c= 10.831 alpha= 96.907 beta= 70.993 gamma=111.912 V= 1518.50 score= 13.87 # 369
      a=13.74-13.78 b=11.61-11.65 c=10.84-10.85 alpha= 97.31- 97.55 beta= 70.78- 70.81 gamma=111.79-112.10 V=1515.37-1525.92level=6, indexed=1(371 sol.)
      a=0.00678-0.00676 b=0.00861-0.00858 c=0.00955-0.00952 alpha=0.00537-0.00542 beta=0.00011-0.00016 gamma=-0.00493--0.00487level=6, indexed=1(371 sol.)
 Solution ? a= 13.719 b= 11.651 c= 10.831 alpha= 96.907 beta= 70.993 gamma=111.912 V= 1518.50 score= 13.87 # 371
      a=13.69-13.74 b=11.64-11.69 c=10.84-10.85 alpha= 97.25- 97.48 beta= 70.84- 70.87 gamma=111.64-111.95 V=1516.02-1526.56level=6, indexed=1(528 sol.)
      a=0.00681-0.00678 b=0.00855-0.00851 c=0.00955-0.00952 alpha=0.00533-0.00537 beta=0.00011-0.00016 gamma=-0.00493--0.00487level=6, indexed=1(528 sol.)
 Solution ? a= 13.719 b= 11.651 c= 10.831 alpha= 96.907 beta= 70.993 gamma=111.912 V= 1518.50 score= 13.87 # 528
      a=13.73-13.80 b=11.64-11.68 c=10.79-10.82 alpha= 83.58- 83.57 beta=108.69-108.94 gamma=111.89-112.13 V=1514.81-1528.02level=6, indexed=1(628 sol.)
      a=0.00678-0.00676 b=0.00858-0.00855 c=0.00958-0.00955 alpha=0.00546-0.00550 beta=0.00016-0.00021 gamma=0.00487-0.00493level=6, indexed=1(628 sol.)
 Solution ? a= 13.734 b= 11.655 c= 10.817 alpha= 83.737 beta=108.643 gamma=111.945 V= 1521.77 score= 14.59 # 628
      a=13.75-13.82 b=11.65-11.69 c=10.79-10.82 alpha= 83.52- 83.50 beta=108.72-108.96 gamma=112.07-112.32 V=1516.79-1530.06level=6, indexed=1(629 sol.)
      a=0.00678-0.00676 b=0.00858-0.00855 c=0.00958-0.00955 alpha=0.00550-0.00555 beta=0.00016-0.00021 gamma=0.00487-0.00493level=6, indexed=1(629 sol.)
 Solution ? a= 13.734 b= 11.655 c= 10.817 alpha= 83.737 beta=108.643 gamma=111.945 V= 1521.77 score= 14.59 # 629
1750 solutions ! Redparing...
-> 53 remaining
      a=14.07-14.11 b=12.53-12.59 c=12.62-12.66 alpha=112.13-112.44 beta= 62.06- 62.03 gamma=110.57-110.88 V=1779.62-1792.87level=6, indexed=1(411 sol.)
      a=0.00678-0.00676 b=0.00777-0.00775 c=0.00861-0.00858 alpha=0.00310-0.00314 beta=0.00420-0.00424 gamma=-0.00592--0.00587level=6, indexed=1(411 sol.)
 Solution ? a= 14.036 b= 12.534 c= 12.636 alpha=112.394 beta= 62.309 gamma=110.682 V= 1777.37 score= 15.80 # 411
      a=14.06-14.10 b=12.53-12.59 c=12.63-12.67 alpha=112.21-112.52 beta= 62.08- 62.04 gamma=110.44-110.76 V=1779.48-1792.72level=6, indexed=1(412 sol.)
      a=0.00678-0.00676 b=0.00777-0.00775 c=0.00861-0.00858 alpha=0.00306-0.00310 beta=0.00424-0.00428 gamma=-0.00592--0.00587level=6, indexed=1(412 sol.)
 Solution ? a= 14.036 b= 12.534 c= 12.636 alpha=112.394 beta= 62.309 gamma=110.682 V= 1777.37 score= 15.80 # 412
      a=14.04-14.09 b=12.56-12.61 c=12.65-12.69 alpha=112.19-112.49 beta= 62.05- 62.01 gamma=110.58-110.90 V=1782.58-1795.87level=6, indexed=1(417 sol.)
      a=0.00681-0.00678 b=0.00775-0.00773 c=0.00858-0.00855 alpha=0.00310-0.00314 beta=0.00420-0.00424 gamma=-0.00592--0.00587level=6, indexed=1(417 sol.)
 Solution ? a= 14.036 b= 12.534 c= 12.636 alpha=112.394 beta= 62.309 gamma=110.682 V= 1777.37 score= 15.80 # 417
      a=14.03-14.08 b=12.53-12.59 c=12.62-12.65 alpha=112.10-112.41 beta= 62.13- 62.09 gamma=110.52-110.83 V=1774.93-1788.12level=6, indexed=1(421 sol.)
      a=0.00681-0.00678 b=0.00777-0.00775 c=0.00861-0.00858 alpha=0.00310-0.00314 beta=0.00420-0.00424 gamma=-0.00592--0.00587level=6, indexed=1(421 sol.)
 Solution ? a= 14.036 b= 12.534 c= 12.636 alpha=112.394 beta= 62.309 gamma=110.682 V= 1777.37 score= 15.80 # 421
      a=14.05-14.10 b=12.54-12.59 c=12.66-12.70 alpha=112.15-112.45 beta= 62.18- 62.14 gamma=110.54-110.86 V=1784.66-1797.97level=6, indexed=1(674 sol.)
      a=0.00678-0.00676 b=0.00777-0.00775 c=0.00855-0.00851 alpha=0.00310-0.00314 beta=0.00420-0.00424 gamma=-0.00587--0.00582level=6, indexed=1(674 sol.)
 Solution ? a= 14.036 b= 12.534 c= 12.636 alpha=112.394 beta= 62.309 gamma=110.682 V= 1777.37 score= 15.80 # 674
      a=14.05-14.10 b=12.55-12.60 c=12.64-12.68 alpha=112.27-112.58 beta= 62.18- 62.14 gamma=110.59-110.91 V=1782.46-1795.77level=6, indexed=1(692 sol.)
      a=0.00678-0.00676 b=0.00777-0.00775 c=0.00858-0.00855 alpha=0.00310-0.00314 beta=0.00424-0.00428 gamma=-0.00587--0.00582level=6, indexed=1(692 sol.)
 Solution ? a= 14.036 b= 12.534 c= 12.636 alpha=112.394 beta= 62.309 gamma=110.682 V= 1777.37 score= 15.80 # 692
      a=14.02-14.06 b=12.57-12.62 c=12.64-12.68 alpha=112.28-112.58 beta= 62.23- 62.19 gamma=110.57-110.89 V=1780.97-1794.28level=6, indexed=1(747 sol.)
      a=0.00681-0.00678 b=0.00775-0.00773 c=0.00858-0.00855 alpha=0.00310-0.00314 beta=0.00424-0.00428 gamma=-0.00587--0.00582level=6, indexed=1(747 sol.)
 Solution ? a= 14.036 b= 12.534 c= 12.636 alpha=112.394 beta= 62.309 gamma=110.682 V= 1777.37 score= 15.80 # 747
      a=14.03-14.07 b=12.48-12.54 c=12.66-12.70 alpha=112.30-112.61 beta= 62.07- 62.03 gamma=110.41-110.73 V=1771.97-1785.11level=6, indexed=1(972 sol.)
      a=0.00681-0.00678 b=0.00784-0.00782 c=0.00858-0.00855 alpha=0.00306-0.00310 beta=0.00428-0.00432 gamma=-0.00592--0.00587level=6, indexed=1(972 sol.)
 Solution ? a= 14.036 b= 12.534 c= 12.636 alpha=112.394 beta= 62.309 gamma=110.682 V= 1777.37 score= 15.80 # 972
1181 solutions ! Redparing...
-> 63 remaining
      a=14.03-14.08 b=12.52-12.58 c=12.62-12.65 alpha=112.27-112.58 beta= 62.27- 62.23 gamma=110.40-110.71 V=1774.69-1787.88level=6, indexed=1(134 sol.)
      a=0.00678-0.00676 b=0.00780-0.00777 c=0.00861-0.00858 alpha=0.00306-0.00310 beta=0.00428-0.00432 gamma=-0.00587--0.00582level=6, indexed=1(134 sol.)
 Solution ? a= 14.036 b= 12.534 c= 12.636 alpha=112.394 beta= 62.309 gamma=110.682 V= 1777.37 score= 15.80 # 134
1597 solutions ! Redparing...
-> 78 remaining
4727 solutions ! Redparing...
CellExplorer::ReduceSolutions(): update threshold for report from 8 to 8.27077
-> 100 remaining
1511 solutions ! Redparing...
CellExplorer::ReduceSolutions(): update threshold for report from 8.27077 to 8.48581
-> 100 remaining
     a=20.91-20.94 b=11.70-11.73 c= 7.19- 7.21 alpha= 98.51- 98.65 beta= 92.59- 92.61 gamma= 99.09- 99.16 V=1714.90-1725.34level=5, indexed=1(2169 sol.)
     a=0.00236-0.00235 b=0.00768-0.00765 c=0.01986-0.01976 alpha=0.00142-0.00143 beta=0.00388-0.00393 gamma=0.00096-0.00097level=5, indexed=1(2169 sol.)
 Solution ? a= 20.844 b= 11.712 c=  7.204 alpha= 98.515 beta= 92.790 gamma= 99.373 V= 1711.36 score= 15.90 #2169
     a=20.92-20.95 b=11.71-11.74 c= 7.19- 7.22 alpha= 98.47- 98.61 beta= 92.80- 92.81 gamma= 99.17- 99.23 V=1715.72-1726.18level=5, indexed=1(2175 sol.)
     a=0.00236-0.00235 b=0.00768-0.00765 c=0.01986-0.01976 alpha=0.00143-0.00144 beta=0.00388-0.00393 gamma=0.00101-0.00102level=5, indexed=1(2175 sol.)
 Solution ? a= 20.844 b= 11.712 c=  7.204 alpha= 98.515 beta= 92.790 gamma= 99.373 V= 1711.36 score= 15.90 #2175
3106 solutions ! Redparing...
CellExplorer::ReduceSolutions(): update threshold for report from 8.48581 to 8.96001
-> 100 remaining
2791 solutions ! Redparing...
-> 100 remaining
1108 solutions ! Redparing...
-> 100 remaining
1194 solutions ! Redparing...
CellExplorer::ReduceSolutions(): update threshold for report from 8.96001 to 9.00339
-> 100 remaining
1354 solutions ! Redparing...
CellExplorer::ReduceSolutions(): update threshold for report from 9.00339 to 9.01016
-> 100 remaining
Finished: V=1450.02->1900 A^3, 65837185 unit cells tested, 876185 tests/s,   Elapsed time=75.1407s
CellExplorer::ReduceSolutions(): update threshold for report from 9.01016 to 9.12863
build/fast-x86_64/objcryst/ObjCryst/ObjCryst/Indexing.cpp:2602 Solution ? a=20.8444, b=11.7121, c=7.20412, alpha=98.5149, beta=92.7897, gamma=99.3733, V=1711.36, score=15.9023
build/fast-x86_64/objcryst/ObjCryst/ObjCryst/Indexing.cpp:2602 Solution ? a=14.0359, b=12.5342, c=12.6361, alpha=112.394, beta=62.3088, gamma=110.682, V=1777.37, score=15.7998
build/fast-x86_64/objcryst/ObjCryst/ObjCryst/Indexing.cpp:2602 Solution ? a=13.7344, b=11.6553, c=10.8173, alpha=83.7371, beta=108.643, gamma=111.945, V=1521.77, score=14.5943
build/fast-x86_64/objcryst/ObjCryst/ObjCryst/Indexing.cpp:2602 Solution ? a=13.7187, b=11.651, c=10.8306, alpha=96.9074, beta=70.9935, gamma=111.912, V=1518.5, score=13.8692
build/fast-x86_64/objcryst/ObjCryst/ObjCryst/Indexing.cpp:2602 Solution ? a=13.7187, b=11.651, c=10.8306, alpha=83.0926, beta=109.007, gamma=111.912, V=1518.5, score=13.8691
build/fast-x86_64/objcryst/ObjCryst/ObjCryst/Indexing.cpp:2602 Solution ? a=13.2405, b=12.883, c=11.6203, alpha=110.88, beta=78.0586, gamma=113.351, V=1695.32, score=13.3802
build/fast-x86_64/objcryst/ObjCryst/ObjCryst/Indexing.cpp:2602 Solution ? a=14.3777, b=12.2334, c=11.5405, alpha=96.0965, beta=69.9957, gamma=95.1339, V=1893.51, score=12.9707
build/fast-x86_64/objcryst/ObjCryst/ObjCryst/Indexing.cpp:2602 Solution ? a=13.2911, b=13.982, c=11.8248, alpha=115.97, beta=82.5297, gamma=114.401, V=1795.64, score=12.5237
build/fast-x86_64/objcryst/ObjCryst/ObjCryst/Indexing.cpp:2602 Solution ? a=14.3489, b=12.3241, c=11.5645, alpha=92.6441, beta=70.3862, gamma=94.146, V=1920.82, score=12.4359
build/fast-x86_64/objcryst/ObjCryst/ObjCryst/Indexing.cpp:2602 Solution ? a=20.7889, b=13.7757, c=6.3669, alpha=90.6553, beta=84.0402, gamma=97.1136, V=1799.54, score=12.2628
build/fast-x86_64/objcryst/ObjCryst/ObjCryst/Indexing.cpp:2602 Solution ? a=20.7889, b=13.7757, c=6.36689, alpha=89.3447, beta=95.9598, gamma=97.1136, V=1799.54, score=12.2628
build/fast-x86_64/objcryst/ObjCryst/ObjCryst/Indexing.cpp:2602 Solution ? a=14.3032, b=12.7851, c=10.6685, alpha=98.334, beta=100.302, gamma=105.278, V=1813.34, score=12.1604
build/fast-x86_64/objcryst/ObjCryst/ObjCryst/Indexing.cpp:2602 Solution ? a=13.7215, b=11.6596, c=10.8501, alpha=82.9615, beta=109.031, gamma=111.918, V=1522.39, score=11.9663
build/fast-x86_64/objcryst/ObjCryst/ObjCryst/Indexing.cpp:2602 Solution ? a=13.7215, b=11.6596, c=10.8501, alpha=97.0385, beta=70.9692, gamma=111.918, V=1522.39, score=11.9662
build/fast-x86_64/objcryst/ObjCryst/ObjCryst/Indexing.cpp:2602 Solution ? a=14.3727, b=12.2091, c=11.5306, alpha=95.9433, beta=70.0404, gamma=95.0836, V=1888.54, score=11.6734
build/fast-x86_64/objcryst/ObjCryst/ObjCryst/Indexing.cpp:2602 Solution ? a=20.9744, b=14.1341, c=6.60474, alpha=102.891, beta=84.0537, gamma=98.3652, V=1883.21, score=11.5255
build/fast-x86_64/objcryst/ObjCryst/ObjCryst/Indexing.cpp:2602 Solution ? a=14.3845, b=12.3382, c=11.5716, alpha=96.4054, beta=69.9652, gamma=95.3356, V=1914.1, score=11.3819
build/fast-x86_64/objcryst/ObjCryst/ObjCryst/Indexing.cpp:2602 Solution ? a=20.7599, b=10.8422, c=8.31609, alpha=92.8177, beta=97.1476, gamma=93.0225, V=1851.74, score=11.3181
build/fast-x86_64/objcryst/ObjCryst/ObjCryst/Indexing.cpp:2602 Solution ? a=13.2513, b=12.8985, c=11.6202, alpha=110.82, beta=78.0529, gamma=113.185, V=1701.31, score=11.3143
build/fast-x86_64/objcryst/ObjCryst/ObjCryst/Indexing.cpp:2602 Solution ? a=21.037, b=13.8102, c=6.40592, alpha=93.5603, beta=81.7321, gamma=97.5608, V=1823.95, score=11.2803
build/fast-x86_64/objcryst/ObjCryst/ObjCryst/Indexing.cpp:2602 Solution ? a=13.317, b=13.9834, c=11.8134, alpha=115.918, beta=82.5861, gamma=114.455, V=1797.45, score=11.2597
build/fast-x86_64/objcryst/ObjCryst/ObjCryst/Indexing.cpp:2602 Solution ? a=13.7791, b=13.3729, c=11.1087, alpha=112.973, beta=78.1244, gamma=118.383, V=1657.54, score=10.9776
build/fast-x86_64/objcryst/ObjCryst/ObjCryst/Indexing.cpp:2602 Solution ? a=14.3874, b=12.2788, c=11.5567, alpha=96.3051, beta=69.9726, gamma=95.2744, V=1903.33, score=10.8949
build/fast-x86_64/objcryst/ObjCryst/ObjCryst/Indexing.cpp:2602 Solution ? a=14.462, b=12.1554, c=11.4451, alpha=94.3588, beta=70.6833, gamma=94.2919, V=1890.55, score=10.8063
build/fast-x86_64/objcryst/ObjCryst/ObjCryst/Indexing.cpp:2602 Solution ? a=14.3805, b=12.3603, c=11.5268, alpha=96.0933, beta=70.1098, gamma=95.2152, V=1912.47, score=10.7866
build/fast-x86_64/objcryst/ObjCryst/ObjCryst/Indexing.cpp:2602 Solution ? a=14.3836, b=12.2627, c=11.5652, alpha=96.3091, beta=69.9473, gamma=95.1679, V=1901.63, score=10.7699
build/fast-x86_64/objcryst/ObjCryst/ObjCryst/Indexing.cpp:2602 Solution ? a=14.4877, b=12.1407, c=11.4389, alpha=94.3547, beta=70.8421, gamma=94.187, V=1892.6, score=10.7495
build/fast-x86_64/objcryst/ObjCryst/ObjCryst/Indexing.cpp:2602 Solution ? a=21.4638, b=13.3473, c=6.67665, alpha=104.502, beta=82.8096, gamma=107.391, V=1764.55, score=10.5676
build/fast-x86_64/objcryst/ObjCryst/ObjCryst/Indexing.cpp:2602 Solution ? a=14.2713, b=12.7253, c=12.4533, alpha=81.9417, beta=111.425, gamma=114.951, V=1908.58, score=10.5055
build/fast-x86_64/objcryst/ObjCryst/ObjCryst/Indexing.cpp:2602 Solution ? a=14.3422, b=12.8265, c=11.8954, alpha=102.749, beta=65.7651, gamma=108.022, V=1886.43, score=10.4933
build/fast-x86_64/objcryst/ObjCryst/ObjCryst/Indexing.cpp:2602 Solution ? a=14.4617, b=12.1411, c=11.4301, alpha=94.4064, beta=70.6684, gamma=94.2419, V=1885.66, score=10.4809
build/fast-x86_64/objcryst/ObjCryst/ObjCryst/Indexing.cpp:2602 Solution ? a=14.3533, b=12.3534, c=11.52, alpha=96.0513, beta=70.1444, gamma=95.1694, V=1907.26, score=10.4493
build/fast-x86_64/objcryst/ObjCryst/ObjCryst/Indexing.cpp:2602 Solution ? a=14.0214, b=12.5295, c=12.6102, alpha=112.398, beta=62.3725, gamma=110.676, V=1772.13, score=10.44
build/fast-x86_64/objcryst/ObjCryst/ObjCryst/Indexing.cpp:2602 Solution ? a=13.236, b=12.8725, c=11.5562, alpha=110.826, beta=77.1912, gamma=113.351, V=1682.08, score=10.3768
build/fast-x86_64/objcryst/ObjCryst/ObjCryst/Indexing.cpp:2602 Solution ? a=14.3119, b=12.8122, c=11.8869, alpha=103.159, beta=66.3203, gamma=107.478, V=1889.64, score=10.3535
build/fast-x86_64/objcryst/ObjCryst/ObjCryst/Indexing.cpp:2602 Solution ? a=14.3682, b=12.2683, c=11.5411, alpha=96.2663, beta=70.0157, gamma=95.085, V=1897.59, score=10.3433
build/fast-x86_64/objcryst/ObjCryst/ObjCryst/Indexing.cpp:2602 Solution ? a=14.3906, b=12.3953, c=11.5773, alpha=96.4466, beta=69.9614, gamma=95.4009, V=1924.39, score=10.3352
build/fast-x86_64/objcryst/ObjCryst/ObjCryst/Indexing.cpp:2602 Solution ? a=13.3075, b=12.8664, c=11.6069, alpha=110.887, beta=76.7167, gamma=113.473, V=1694.13, score=10.3199
build/fast-x86_64/objcryst/ObjCryst/ObjCryst/Indexing.cpp:2602 Solution ? a=14.2713, b=12.4533, c=12.7253, alpha=81.9417, beta=114.951, gamma=111.425, V=1908.58, score=10.2291
build/fast-x86_64/objcryst/ObjCryst/ObjCryst/Indexing.cpp:2602 Solution ? a=20.7868, b=10.8295, c=8.31468, alpha=92.9172, beta=97.2223, gamma=92.8634, V=1851.47, score=10.1918
build/fast-x86_64/objcryst/ObjCryst/ObjCryst/Indexing.cpp:2602 Solution ? a=20.8498, b=12.2542, c=7.53714, alpha=92.5276, beta=84.659, gamma=93.7065, V=1911.94, score=10.16
build/fast-x86_64/objcryst/ObjCryst/ObjCryst/Indexing.cpp:2602 Solution ? a=13.2454, b=12.7101, c=10.8513, alpha=112.259, beta=84.9447, gamma=113.452, V=1546.79, score=10.1477
build/fast-x86_64/objcryst/ObjCryst/ObjCryst/Indexing.cpp:2602 Solution ? a=13.9791, b=12.4908, c=12.6211, alpha=112.45, beta=62.264, gamma=110.519, V=1762.06, score=10.1411
build/fast-x86_64/objcryst/ObjCryst/ObjCryst/Indexing.cpp:2602 Solution ? a=20.7778, b=13.81, c=6.37694, alpha=89.4837, beta=95.8829, gamma=97.2919, V=1805.44, score=10.1387
build/fast-x86_64/objcryst/ObjCryst/ObjCryst/Indexing.cpp:2602 Solution ? a=14.3583, b=12.19, c=11.5511, alpha=96.0138, beta=70.0195, gamma=95.2002, V=1886.35, score=10.0884
build/fast-x86_64/objcryst/ObjCryst/ObjCryst/Indexing.cpp:2602 Solution ? a=14.337, b=12.8124, c=11.8876, alpha=102.623, beta=65.7036, gamma=108.016, V=1882.15, score=10.0417
build/fast-x86_64/objcryst/ObjCryst/ObjCryst/Indexing.cpp:2602 Solution ? a=14.3571, b=11.982, c=11.9159, alpha=103.177, beta=66.0353, gamma=115.754, V=1683.78, score=10.02
build/fast-x86_64/objcryst/ObjCryst/ObjCryst/Indexing.cpp:2602 Solution ? a=13.3431, b=12.0472, c=12.5001, alpha=110.969, beta=65.0565, gamma=101.125, V=1699.18, score=10.0041
build/fast-x86_64/objcryst/ObjCryst/ObjCryst/Indexing.cpp:2602 Solution ? a=13.2142, b=12.6997, c=10.8196, alpha=112.277, beta=85.199, gamma=113.413, V=1537.06, score=9.98611
build/fast-x86_64/objcryst/ObjCryst/ObjCryst/Indexing.cpp:2602 Solution ? a=14.0143, b=12.5102, c=12.6251, alpha=112.345, beta=62.3989, gamma=110.546, V=1772.51, score=9.90435
build/fast-x86_64/objcryst/ObjCryst/ObjCryst/Indexing.cpp:2602 Solution ? a=21.3649, b=12.3585, c=7.0189, alpha=99.6259, beta=97.5948, gamma=92.433, V=1807.18, score=9.89651
build/fast-x86_64/objcryst/ObjCryst/ObjCryst/Indexing.cpp:2602 Solution ? a=14.3571, b=11.9159, c=11.982, alpha=103.177, beta=64.2462, gamma=113.965, V=1683.78, score=9.85848
build/fast-x86_64/objcryst/ObjCryst/ObjCryst/Indexing.cpp:2602 Solution ? a=14.3781, b=12.2275, c=11.5201, alpha=95.9324, beta=70.0602, gamma=95.0909, V=1890.63, score=9.84904
build/fast-x86_64/objcryst/ObjCryst/ObjCryst/Indexing.cpp:2602 Solution ? a=20.9469, b=13.9943, c=6.58859, alpha=99.612, beta=94.893, gamma=96.215, V=1882.5, score=9.81367
build/fast-x86_64/objcryst/ObjCryst/ObjCryst/Indexing.cpp:2602 Solution ? a=14.3489, b=12.8374, c=11.9077, alpha=102.504, beta=65.6685, gamma=108.011, V=1890.59, score=9.79343
build/fast-x86_64/objcryst/ObjCryst/ObjCryst/Indexing.cpp:2602 Solution ? a=13.2692, b=12.8409, c=11.6021, alpha=111.139, beta=76.7082, gamma=113.615, V=1680.97, score=9.77096
build/fast-x86_64/objcryst/ObjCryst/ObjCryst/Indexing.cpp:2602 Solution ? a=13.3455, b=13.9848, c=11.8003, alpha=115.824, beta=82.5563, gamma=114.517, V=1800.15, score=9.75298
build/fast-x86_64/objcryst/ObjCryst/ObjCryst/Indexing.cpp:2602 Solution ? a=20.808, b=13.7825, c=6.38529, alpha=90.8519, beta=84.1711, gamma=97.0191, V=1808.08, score=9.74623
build/fast-x86_64/objcryst/ObjCryst/ObjCryst/Indexing.cpp:2602 Solution ? a=13.0064, b=13.6308, c=11.7798, alpha=113.891, beta=78.7838, gamma=111.319, V=1776.05, score=9.74596
build/fast-x86_64/objcryst/ObjCryst/ObjCryst/Indexing.cpp:2602 Solution ? a=20.9546, b=14.092, c=6.59741, alpha=102.783, beta=84.0989, gamma=98.2935, V=1874.93, score=9.74426
build/fast-x86_64/objcryst/ObjCryst/ObjCryst/Indexing.cpp:2602 Solution ? a=21.0037, b=12.4435, c=6.99064, alpha=99.7963, beta=96.7442, gamma=92.731, V=1783.69, score=9.73858
build/fast-x86_64/objcryst/ObjCryst/ObjCryst/Indexing.cpp:2602 Solution ? a=14.3418, b=11.9899, c=11.9127, alpha=103.042, beta=66.1109, gamma=115.577, V=1686.21, score=9.73449
build/fast-x86_64/objcryst/ObjCryst/ObjCryst/Indexing.cpp:2602 Solution ? a=14.3897, b=12.3356, c=11.5305, alpha=96.0219, beta=70.0509, gamma=95.2854, V=1909.82, score=9.70543
build/fast-x86_64/objcryst/ObjCryst/ObjCryst/Indexing.cpp:2602 Solution ? a=13.9733, b=12.5088, c=12.6279, alpha=112.404, beta=62.2216, gamma=110.532, V=1764.56, score=9.70476
build/fast-x86_64/objcryst/ObjCryst/ObjCryst/Indexing.cpp:2602 Solution ? a=20.8362, b=12.2267, c=7.50485, alpha=92.2906, beta=84.5857, gamma=93.7182, V=1898.28, score=9.65721
build/fast-x86_64/objcryst/ObjCryst/ObjCryst/Indexing.cpp:2602 Solution ? a=21.861, b=13.3047, c=6.55196, alpha=101.464, beta=79.5312, gamma=106.963, V=1770.77, score=9.65024
build/fast-x86_64/objcryst/ObjCryst/ObjCryst/Indexing.cpp:2602 Solution ? a=14.4111, b=13.4087, c=10.8033, alpha=108.721, beta=83.0598, gamma=108.367, V=1875.94, score=9.62806
build/fast-x86_64/objcryst/ObjCryst/ObjCryst/Indexing.cpp:2602 Solution ? a=14.4553, b=13.3559, c=10.7788, alpha=108.586, beta=83.0526, gamma=108.499, V=1870.1, score=9.61681
build/fast-x86_64/objcryst/ObjCryst/ObjCryst/Indexing.cpp:2602 Solution ? a=14.3418, b=11.9127, c=11.9899, alpha=103.042, beta=64.4225, gamma=113.889, V=1686.21, score=9.57752
build/fast-x86_64/objcryst/ObjCryst/ObjCryst/Indexing.cpp:2602 Solution ? a=14.334, b=12.8142, c=11.9104, alpha=102.339, beta=65.6969, gamma=107.863, V=1888.04, score=9.57398
build/fast-x86_64/objcryst/ObjCryst/ObjCryst/Indexing.cpp:2602 Solution ? a=14.3893, b=12.3056, c=11.562, alpha=96.4239, beta=69.9644, gamma=95.2991, V=1908.09, score=9.55785
build/fast-x86_64/objcryst/ObjCryst/ObjCryst/Indexing.cpp:2602 Solution ? a=14.3767, b=12.3287, c=11.5556, alpha=96.155, beta=70.0591, gamma=95.3112, V=1910.84, score=9.5267
build/fast-x86_64/objcryst/ObjCryst/ObjCryst/Indexing.cpp:2602 Solution ? a=13.3747, b=12.0506, c=12.5084, alpha=110.972, beta=65.0324, gamma=101.108, V=1704.5, score=9.5221
build/fast-x86_64/objcryst/ObjCryst/ObjCryst/Indexing.cpp:2602 Solution ? a=20.7385, b=14.0482, c=6.57598, alpha=99.8607, beta=95.3598, gamma=96.2494, V=1863.99, score=9.51378
build/fast-x86_64/objcryst/ObjCryst/ObjCryst/Indexing.cpp:2602 Solution ? a=14.5113, b=12.8282, c=10.7026, alpha=98.4429, beta=99.4784, gamma=105.377, V=1856.4, score=9.48324
build/fast-x86_64/objcryst/ObjCryst/ObjCryst/Indexing.cpp:2602 Solution ? a=20.8118, b=10.8505, c=8.32279, alpha=93.0495, beta=97.1951, gamma=92.8809, V=1858.93, score=9.4708
build/fast-x86_64/objcryst/ObjCryst/ObjCryst/Indexing.cpp:2602 Solution ? a=14.3586, b=12.2109, c=11.5789, alpha=92.4742, beta=70.589, gamma=94.1819, V=1909.27, score=9.46757
build/fast-x86_64/objcryst/ObjCryst/ObjCryst/Indexing.cpp:2602 Solution ? a=14.3376, b=12.3023, c=11.558, alpha=92.6266, beta=70.372, gamma=94.0549, V=1914.88, score=9.46644
build/fast-x86_64/objcryst/ObjCryst/ObjCryst/Indexing.cpp:2602 Solution ? a=14.5017, b=12.8079, c=10.6999, alpha=98.4459, beta=99.4884, gamma=105.33, V=1852.13, score=9.45799
build/fast-x86_64/objcryst/ObjCryst/ObjCryst/Indexing.cpp:2602 Solution ? a=12.9064, b=12.8429, c=12.1945, alpha=119.863, beta=75.9982, gamma=109.063, V=1648.99, score=9.39607
build/fast-x86_64/objcryst/ObjCryst/ObjCryst/Indexing.cpp:2602 Solution ? a=13.7272, b=11.6589, c=10.8793, alpha=83.3277, beta=108.873, gamma=111.92, V=1528.43, score=9.35622
build/fast-x86_64/objcryst/ObjCryst/ObjCryst/Indexing.cpp:2602 Solution ? a=14.4786, b=12.7299, c=11.7892, alpha=102.97, beta=66.9718, gamma=106.59, V=1900.77, score=9.34246
build/fast-x86_64/objcryst/ObjCryst/ObjCryst/Indexing.cpp:2602 Solution ? a=14.393, b=12.3728, c=11.5189, alpha=96.0853, beta=70.0946, gamma=95.188, V=1914.64, score=9.29646
build/fast-x86_64/objcryst/ObjCryst/ObjCryst/Indexing.cpp:2602 Solution ? a=14.1827, b=12.6959, c=12.4561, alpha=82.4561, beta=111.03, gamma=114.815, V=1899.69, score=9.27761
build/fast-x86_64/objcryst/ObjCryst/ObjCryst/Indexing.cpp:2602 Solution ? a=14.3795, b=12.2071, c=11.5508, alpha=96.0129, beta=70.0586, gamma=95.1939, V=1892.22, score=9.27022
build/fast-x86_64/objcryst/ObjCryst/ObjCryst/Indexing.cpp:2602 Solution ? a=14.3964, b=12.4116, c=11.5837, alpha=96.5452, beta=69.9091, gamma=95.4375, V=1927.76, score=9.25807
build/fast-x86_64/objcryst/ObjCryst/ObjCryst/Indexing.cpp:2602 Solution ? a=14.3152, b=12.7495, c=12.4083, alpha=82.0352, beta=111.168, gamma=115.101, V=1912.12, score=9.25371
build/fast-x86_64/objcryst/ObjCryst/ObjCryst/Indexing.cpp:2602 Solution ? a=14.4007, b=12.3517, c=11.5182, alpha=95.9884, beta=70.0611, gamma=95.184, V=1912.16, score=9.20966
build/fast-x86_64/objcryst/ObjCryst/ObjCryst/Indexing.cpp:2602 Solution ? a=13.0071, b=13.6353, c=11.8191, alpha=113.956, beta=78.9536, gamma=111.208, V=1783.42, score=9.20568
build/fast-x86_64/objcryst/ObjCryst/ObjCryst/Indexing.cpp:2602 Solution ? a=14.4117, b=12.3673, c=11.5114, alpha=96.016, beta=70.058, gamma=95.134, V=1914.89, score=9.20291
build/fast-x86_64/objcryst/ObjCryst/ObjCryst/Indexing.cpp:2602 Solution ? a=14.3223, b=12.8222, c=11.8981, alpha=103.062, beta=66.2701, gamma=107.46, V=1894.2, score=9.19662
build/fast-x86_64/objcryst/ObjCryst/ObjCryst/Indexing.cpp:2602 Solution ? a=14.3464, b=12.6776, c=11.7357, alpha=114.145, beta=64.0842, gamma=118.613, V=1630.55, score=9.19093
build/fast-x86_64/objcryst/ObjCryst/ObjCryst/Indexing.cpp:2602 Solution ? a=13.2606, b=13.7934, c=11.9763, alpha=114.969, beta=80.3572, gamma=106.852, V=1897.98, score=9.18697
build/fast-x86_64/objcryst/ObjCryst/ObjCryst/Indexing.cpp:2602 Solution ? a=14.2806, b=13.4635, c=11.1312, alpha=103.847, beta=66.8055, gamma=115.616, V=1767.69, score=9.17976
build/fast-x86_64/objcryst/ObjCryst/ObjCryst/Indexing.cpp:2602 Solution ? a=13.2526, b=12.8323, c=11.587, alpha=111.124, beta=76.7237, gamma=113.611, V=1675.81, score=9.16756
build/fast-x86_64/objcryst/ObjCryst/ObjCryst/Indexing.cpp:2602 Solution ? a=14.3852, b=11.9839, c=11.9318, alpha=103.224, beta=65.9516, gamma=115.807, V=1687.74, score=9.16543
build/fast-x86_64/objcryst/ObjCryst/ObjCryst/Indexing.cpp:2602 Solution ? a=14.3198, b=12.7481, c=11.9119, alpha=102.532, beta=65.6968, gamma=107.713, V=1877.29, score=9.16331
build/fast-x86_64/objcryst/ObjCryst/ObjCryst/Indexing.cpp:2602 Solution ? a=14.2944, b=12.7697, c=11.8292, alpha=102.574, beta=65.9709, gamma=107.516, V=1869.43, score=9.15577
build/fast-x86_64/objcryst/ObjCryst/ObjCryst/Indexing.cpp:2602 Solution ? a=13.232, b=12.8813, c=11.5481, alpha=110.696, beta=77.5278, gamma=113.281, V=1684.7, score=9.13277
build/fast-x86_64/objcryst/ObjCryst/ObjCryst/Indexing.cpp:2602 Solution ? a=14.2867, b=12.7277, c=11.8105, alpha=102.615, beta=65.9985, gamma=107.62, V=1858.61, score=9.12863
build/fast-x86_64/objcryst/ObjCryst/ObjCryst/Indexing.cpp:2609 BEST ? a=20.8444, b=11.7121, c=7.20412, alpha=98.5149, beta=92.7897, gamma=99.3733, V=1711.36, score=15.9023
65837185unit cells tested, 875744 tests/s,   Elapsed time=75.1785s
DONE X1db5091 TRICLINIC P 100 75.18149209022522 [{'cell': [20.844436645507812, 11.712082862854004, 7.204123497009277, 98.5149193049771, 92.78965666718648, 99.37331698929678], 'volume': 1711.364501953125, 'score': 15.902261734008789, 'system': 'TRICLINIC', 'centering': 'P', 'mode': 4}, {'cell': [14.03586196899414, 12.534178733825684, 12.636125564575195, 112.39361781163288, 62.30878319403484, 110.68193142449266], 'volume': 1777.3662109375, 'score': 15.799777030944824, 'system': 'TRICLINIC', 'centering': 'P', 'mode': 4}, {'cell': [13.734429359436035, 11.655328750610352, 10.81731128692627, 83.73714933749419, 108.64348878745903, 111.94476510013632], 'volume': 1521.77392578125, 'score': 14.594344139099121, 'system': 'TRICLINIC', 'centering': 'P', 'mode': 4}, {'cell': [13.71867561340332, 11.650962829589844, 10.830625534057617, 96.9073659819229, 70.99346434635443, 111.9121987581737], 'volume': 1518.498046875, 'score': 13.869153022766113, 'system': 'TRICLINIC', 'centering': 'P', 'mode': 4}, {'cell': [13.71867561340332, 11.650962829589844, 10.830625534057617, 83.09263902703344, 109.00654066260189, 111.9121987581737], 'volume': 1518.498046875, 'score': 13.86910629272461, 'system': 'TRICLINIC', 'centering': 'P', 'mode': 4}]
