X1db5091 TRICLINIC P 4 peaks [4.21075, 7.21405, 8.12471, 8.56623, 9.43718, 12.88362, 13.9, 14.07521, 14.55706, 15.32607, 16.36086, 17.26318, 17.62729, 18.61135, 19.04102, 19.47008, 20.97467, 21.40196] V 1000.0 1900.0 Lmax 34.67974522964477
3->34.6797,1.26719,24.9999
1.5708->2.35619,0.0785683,0.707107,9.99638
1000->1900,450.022,1.9999
Starting: V=1000->1450.02
     a=14.49-14.55 b=11.86-11.92 c=10.27-10.30 alpha=103.03-103.31 beta= 64.67- 64.63 gamma=115.07-115.42 V=1443.29-1454.95level=5, indexed=1(0 sol.)
     a=0.00677-0.00674 b=0.00869-0.00865 c=0.01163-0.01159 alpha=0.00570-0.00574 beta=0.00108-0.00114 gamma=-0.00668--0.00663level=5, indexed=1(0 sol.)
 Solution ? a= 14.508 b= 11.886 c= 10.315 alpha=103.088 beta= 64.680 gamma=115.137 V= 1453.44 score=  4.16 #   0
    a=14.54-14.66 b=11.87-11.99 c=10.24-10.29 alpha=103.23-103.80 beta= 64.69- 64.60 gamma=115.51-116.21 V=1440.60-1464.29level=4, indexed=1(1 sol.)
    a=0.00676-0.00670 b=0.00873-0.00867 c=0.01170-0.01161 alpha=0.00581-0.00590 beta=0.00111-0.00121 gamma=-0.00666--0.00655level=4, indexed=1(1 sol.)
 Solution ? a= 14.591 b= 11.933 c= 10.309 alpha=103.381 beta= 64.554 gamma=115.933 V= 1455.56 score=  5.48 #   1
     a=13.30-13.36 b=11.65-11.69 c= 9.59- 9.62 alpha= 93.91- 93.96 beta=101.95-102.11 gamma=110.65-110.87 V=1344.36-1356.06level=5, indexed=1(2 sol.)
     a=0.00688-0.00685 b=0.00862-0.00859 c=0.01163-0.01159 alpha=0.00579-0.00583 beta=0.00309-0.00314 gamma=0.00443-0.00448level=5, indexed=1(2 sol.)
 Solution ? a= 13.342 b= 11.665 c=  9.593 alpha= 94.173 beta=101.791 gamma=111.089 V= 1346.01 score=  6.45 #   2
     a=13.37-13.43 b=11.69-11.73 c= 9.58- 9.61 alpha= 94.26- 94.32 beta=101.49-101.64 gamma=111.07-111.29 V=1352.77-1364.63level=5, indexed=1(3 sol.)
     a=0.00682-0.00680 b=0.00862-0.00859 c=0.01163-0.01159 alpha=0.00587-0.00592 beta=0.00320-0.00325 gamma=0.00432-0.00438level=5, indexed=1(3 sol.)
 Solution ? a= 13.342 b= 11.665 c=  9.593 alpha= 94.173 beta=101.791 gamma=111.089 V= 1346.01 score=  6.45 #   3
     a=13.28-13.34 b=11.65-11.70 c= 9.58- 9.61 alpha= 94.38- 94.44 beta=101.46-101.62 gamma=110.61-110.83 V=1343.11-1354.77level=5, indexed=1(4 sol.)
     a=0.00688-0.00685 b=0.00862-0.00859 c=0.01163-0.01159 alpha=0.00579-0.00583 beta=0.00320-0.00325 gamma=0.00432-0.00438level=5, indexed=1(4 sol.)
 Solution ? a= 13.342 b= 11.665 c=  9.593 alpha= 94.173 beta=101.791 gamma=111.089 V= 1346.01 score=  6.45 #   4
     a=13.33-13.39 b=11.68-11.73 c= 9.60- 9.62 alpha= 94.17- 94.22 beta=101.81-101.97 gamma=110.95-111.17 V=1348.16-1359.97level=5, indexed=1(5 sol.)
     a=0.00688-0.00685 b=0.00862-0.00859 c=0.01163-0.01159 alpha=0.00587-0.00592 beta=0.00320-0.00325 gamma=0.00443-0.00448level=5, indexed=1(5 sol.)
 Solution ? a= 13.342 b= 11.665 c=  9.593 alpha= 94.173 beta=101.791 gamma=111.089 V= 1346.01 score=  6.45 #   5
     a=13.36-13.42 b=11.71-11.75 c= 9.59- 9.62 alpha= 94.09- 94.14 beta=101.78-101.94 gamma=111.31-111.53 V=1351.48-1363.37level=5, indexed=1(6 sol.)
     a=0.00688-0.00685 b=0.00862-0.00859 c=0.01163-0.01159 alpha=0.00596-0.00601 beta=0.00320-0.00325 gamma=0.00443-0.00448level=5, indexed=1(6 sol.)
 Solution ? a= 13.342 b= 11.665 c=  9.593 alpha= 94.173 beta=101.791 gamma=111.089 V= 1346.01 score=  6.45 #   6
     a=13.33-13.39 b=11.61-11.66 c= 9.59- 9.61 alpha= 94.32- 94.38 beta=101.54-101.69 gamma=110.62-110.84 V=1343.78-1355.46level=5, indexed=1(7 sol.)
     a=0.00682-0.00680 b=0.00869-0.00865 c=0.01163-0.01159 alpha=0.00579-0.00583 beta=0.00320-0.00325 gamma=0.00432-0.00438level=5, indexed=1(7 sol.)
 Solution ? a= 13.342 b= 11.665 c=  9.593 alpha= 94.173 beta=101.791 gamma=111.089 V= 1346.01 score=  6.45 #   7
     a=13.36-13.42 b=11.65-11.69 c= 9.59- 9.62 alpha= 94.58- 94.64 beta=101.39-101.54 gamma=110.92-111.14 V=1347.63-1359.42level=5, indexed=1(8 sol.)
     a=0.00682-0.00680 b=0.00869-0.00865 c=0.01163-0.01159 alpha=0.00587-0.00592 beta=0.00330-0.00335 gamma=0.00432-0.00438level=5, indexed=1(8 sol.)
 Solution ? a= 13.342 b= 11.665 c=  9.593 alpha= 94.173 beta=101.791 gamma=111.089 V= 1346.01 score=  6.45 #   8
     a=13.39-13.45 b=11.64-11.68 c= 9.60- 9.63 alpha= 94.11- 94.16 beta=101.88-102.04 gamma=110.96-111.18 V=1348.86-1360.68level=5, indexed=1(9 sol.)
     a=0.00682-0.00680 b=0.00869-0.00865 c=0.01163-0.01159 alpha=0.00587-0.00592 beta=0.00320-0.00325 gamma=0.00443-0.00448level=5, indexed=1(9 sol.)
 Solution ? a= 13.342 b= 11.665 c=  9.593 alpha= 94.173 beta=101.791 gamma=111.089 V= 1346.01 score=  6.45 #   9
     a=13.38-13.44 b=11.64-11.69 c= 9.56- 9.59 alpha= 94.43- 94.48 beta=101.72-101.88 gamma=110.91-111.12 V=1343.95-1355.71level=5, indexed=1(10 sol.)
     a=0.00682-0.00680 b=0.00869-0.00865 c=0.01172-0.01168 alpha=0.00587-0.00592 beta=0.00330-0.00335 gamma=0.00443-0.00448level=5, indexed=1(10 sol.)
 Solution ? a= 13.342 b= 11.665 c=  9.593 alpha= 94.173 beta=101.791 gamma=111.089 V= 1346.01 score=  6.45 #  10
     a=13.32-13.38 b=11.63-11.67 c= 9.60- 9.62 alpha= 94.15- 94.21 beta=101.83-101.99 gamma=110.87-111.08 V=1342.44-1354.15level=5, indexed=1(11 sol.)
     a=0.00688-0.00685 b=0.00869-0.00865 c=0.01163-0.01159 alpha=0.00587-0.00592 beta=0.00320-0.00325 gamma=0.00443-0.00448level=5, indexed=1(11 sol.)
 Solution ? a= 13.342 b= 11.665 c=  9.593 alpha= 94.173 beta=101.791 gamma=111.089 V= 1346.01 score=  6.45 #  11
     a=13.32-13.37 b=11.64-11.68 c= 9.60- 9.63 alpha= 94.49- 94.54 beta=101.71-101.87 gamma=110.80-111.02 V=1343.04-1354.77level=5, indexed=1(12 sol.)
     a=0.00688-0.00685 b=0.00869-0.00865 c=0.01163-0.01159 alpha=0.00587-0.00592 beta=0.00330-0.00335 gamma=0.00443-0.00448level=5, indexed=1(12 sol.)
 Solution ? a= 13.342 b= 11.665 c=  9.593 alpha= 94.173 beta=101.791 gamma=111.089 V= 1346.01 score=  6.45 #  12
     a=13.35-13.41 b=11.66-11.71 c= 9.60- 9.63 alpha= 94.41- 94.46 beta=101.68-101.84 gamma=111.17-111.38 V=1346.30-1358.12level=5, indexed=1(13 sol.)
     a=0.00688-0.00685 b=0.00869-0.00865 c=0.01163-0.01159 alpha=0.00596-0.00601 beta=0.00330-0.00335 gamma=0.00443-0.00448level=5, indexed=1(13 sol.)
 Solution ? a= 13.342 b= 11.665 c=  9.593 alpha= 94.173 beta=101.791 gamma=111.089 V= 1346.01 score=  6.45 #  13
     a=13.62-13.68 b=12.33-12.39 c=10.04-10.07 alpha=110.07-110.32 beta= 73.56- 73.50 gamma=115.83-116.13 V=1406.88-1419.39level=5, indexed=1(19 sol.)
     a=0.00682-0.00680 b=0.00869-0.00865 c=0.01154-0.01150 alpha=0.00579-0.00583 beta=0.00510-0.00515 gamma=-0.00280--0.00275level=5, indexed=1(19 sol.)
 Solution ? a= 13.745 b= 12.502 c= 10.091 alpha=110.657 beta= 73.176 gamma=116.341 V= 1435.66 score=  6.32 #  19
     a=13.68-13.74 b=12.40-12.46 c=10.07-10.10 alpha=110.53-110.79 beta= 73.26- 73.19 gamma=116.31-116.61 V=1414.66-1427.41level=5, indexed=1(20 sol.)
     a=0.00682-0.00680 b=0.00869-0.00865 c=0.01154-0.01150 alpha=0.00587-0.00592 beta=0.00520-0.00526 gamma=-0.00280--0.00275level=5, indexed=1(20 sol.)
 Solution ? a= 13.745 b= 12.502 c= 10.091 alpha=110.657 beta= 73.176 gamma=116.341 V= 1435.66 score=  6.32 #  20
     a=13.60-13.66 b=12.36-12.42 c=10.04-10.07 alpha=110.13-110.39 beta= 73.49- 73.44 gamma=116.10-116.40 V=1404.43-1416.96level=5, indexed=1(21 sol.)
     a=0.00688-0.00685 b=0.00869-0.00865 c=0.01154-0.01150 alpha=0.00587-0.00592 beta=0.00510-0.00515 gamma=-0.00280--0.00275level=5, indexed=1(21 sol.)
 Solution ? a= 13.753 b= 12.499 c= 10.094 alpha=110.629 beta= 73.196 gamma=116.290 V= 1437.53 score=  6.21 #  21
     a=13.61-13.67 b=12.38-12.45 c=10.06-10.09 alpha=110.48-110.74 beta= 73.34- 73.27 gamma=116.20-116.50 V=1407.64-1420.26level=5, indexed=1(22 sol.)
     a=0.00688-0.00685 b=0.00869-0.00865 c=0.01154-0.01150 alpha=0.00587-0.00592 beta=0.00520-0.00526 gamma=-0.00280--0.00275level=5, indexed=1(22 sol.)
 Solution ? a= 13.745 b= 12.502 c= 10.091 alpha=110.657 beta= 73.176 gamma=116.341 V= 1435.66 score=  6.32 #  22
      a=13.64-13.69 b=12.43-12.50 c=10.07-10.10 alpha=110.90-111.16 beta= 73.53- 73.46 gamma=116.21-116.51 V=1413.99-1426.78level=6, indexed=1(23 sol.)
      a=0.00684-0.00681 b=0.00867-0.00864 c=0.01156-0.01152 alpha=0.00585-0.00590 beta=0.00539-0.00544 gamma=-0.00267--0.00262level=6, indexed=1(23 sol.)
 Solution ? a= 13.661 b= 12.548 c= 10.080 alpha=111.293 beta= 73.364 gamma=116.516 V= 1424.45 score=  6.90 #  23
      a=13.62-13.67 b=12.43-12.50 c=10.08-10.11 alpha=110.96-111.22 beta= 73.37- 73.31 gamma=116.22-116.52 V=1411.93-1424.69level=6, indexed=1(24 sol.)
      a=0.00686-0.00684 b=0.00867-0.00864 c=0.01156-0.01152 alpha=0.00585-0.00590 beta=0.00539-0.00544 gamma=-0.00273--0.00267level=6, indexed=1(24 sol.)
 Solution ? a= 13.661 b= 12.548 c= 10.080 alpha=111.293 beta= 73.364 gamma=116.516 V= 1424.45 score=  6.90 #  24
      a=13.60-13.66 b=12.42-12.49 c=10.07-10.10 alpha=110.87-111.14 beta= 73.57- 73.50 gamma=116.16-116.46 V=1410.49-1423.21level=6, indexed=1(25 sol.)
      a=0.00686-0.00684 b=0.00867-0.00864 c=0.01156-0.01152 alpha=0.00585-0.00590 beta=0.00539-0.00544 gamma=-0.00267--0.00262level=6, indexed=1(25 sol.)
 Solution ? a= 13.661 b= 12.548 c= 10.080 alpha=111.293 beta= 73.364 gamma=116.516 V= 1424.45 score=  6.90 #  25
      a=13.61-13.67 b=12.44-12.51 c=10.08-10.11 alpha=111.05-111.31 beta= 73.49- 73.42 gamma=116.20-116.50 V=1412.16-1424.93level=6, indexed=1(26 sol.)
      a=0.00686-0.00684 b=0.00867-0.00864 c=0.01156-0.01152 alpha=0.00585-0.00590 beta=0.00544-0.00549 gamma=-0.00267--0.00262level=6, indexed=1(26 sol.)
 Solution ? a= 13.661 b= 12.548 c= 10.080 alpha=111.293 beta= 73.364 gamma=116.516 V= 1424.45 score=  6.90 #  26
      a=13.57-13.63 b=12.42-12.48 c=10.06-10.10 alpha=110.85-111.11 beta= 73.60- 73.54 gamma=116.10-116.40 V=1407.01-1419.68level=6, indexed=1(27 sol.)
      a=0.00689-0.00686 b=0.00867-0.00864 c=0.01156-0.01152 alpha=0.00585-0.00590 beta=0.00539-0.00544 gamma=-0.00267--0.00262level=6, indexed=1(27 sol.)
 Solution ? a= 13.661 b= 12.548 c= 10.080 alpha=111.293 beta= 73.364 gamma=116.516 V= 1424.45 score=  6.90 #  27
      a=13.58-13.63 b=12.43-12.50 c=10.08-10.11 alpha=111.03-111.29 beta= 73.52- 73.46 gamma=116.15-116.45 V=1408.67-1421.39level=6, indexed=1(28 sol.)
      a=0.00689-0.00686 b=0.00867-0.00864 c=0.01156-0.01152 alpha=0.00585-0.00590 beta=0.00544-0.00549 gamma=-0.00267--0.00262level=6, indexed=1(28 sol.)
 Solution ? a= 13.661 b= 12.548 c= 10.080 alpha=111.293 beta= 73.364 gamma=116.516 V= 1424.45 score=  6.90 #  28
      a=13.59-13.65 b=12.43-12.50 c=10.07-10.10 alpha=110.97-111.23 beta= 73.68- 73.62 gamma=116.14-116.44 V=1410.72-1423.47level=6, indexed=1(29 sol.)
      a=0.00686-0.00684 b=0.00867-0.00864 c=0.01156-0.01152 alpha=0.00585-0.00590 beta=0.00544-0.00549 gamma=-0.00262--0.00257level=6, indexed=1(29 sol.)
 Solution ? a= 13.661 b= 12.548 c= 10.080 alpha=111.293 beta= 73.364 gamma=116.516 V= 1424.45 score=  6.90 #  29
      a=13.62-13.67 b=12.45-12.52 c=10.07-10.11 alpha=111.02-111.28 beta= 73.61- 73.55 gamma=116.33-116.63 V=1413.03-1425.85level=6, indexed=1(30 sol.)
      a=0.00686-0.00684 b=0.00867-0.00864 c=0.01156-0.01152 alpha=0.00590-0.00594 beta=0.00544-0.00549 gamma=-0.00262--0.00257level=6, indexed=1(30 sol.)
 Solution ? a= 13.661 b= 12.548 c= 10.080 alpha=111.293 beta= 73.364 gamma=116.516 V= 1424.45 score=  6.90 #  30
      a=13.56-13.61 b=12.41-12.48 c=10.05-10.09 alpha=110.77-111.03 beta= 73.80- 73.74 gamma=116.03-116.33 V=1405.60-1418.24level=6, indexed=1(31 sol.)
      a=0.00689-0.00686 b=0.00867-0.00864 c=0.01156-0.01152 alpha=0.00585-0.00590 beta=0.00539-0.00544 gamma=-0.00262--0.00257level=6, indexed=1(31 sol.)
 Solution ? a= 13.661 b= 12.548 c= 10.080 alpha=111.293 beta= 73.364 gamma=116.516 V= 1424.45 score=  6.90 #  31
      a=13.56-13.62 b=12.42-12.49 c=10.07-10.10 alpha=110.94-111.20 beta= 73.72- 73.66 gamma=116.08-116.38 V=1407.25-1419.94level=6, indexed=1(32 sol.)
      a=0.00689-0.00686 b=0.00867-0.00864 c=0.01156-0.01152 alpha=0.00585-0.00590 beta=0.00544-0.00549 gamma=-0.00262--0.00257level=6, indexed=1(32 sol.)
 Solution ? a= 13.661 b= 12.548 c= 10.080 alpha=111.293 beta= 73.364 gamma=116.516 V= 1424.45 score=  6.90 #  32
      a=13.58-13.64 b=12.44-12.51 c=10.07-10.10 alpha=111.00-111.26 beta= 73.65- 73.59 gamma=116.27-116.57 V=1409.54-1422.30level=6, indexed=1(33 sol.)
      a=0.00689-0.00686 b=0.00867-0.00864 c=0.01156-0.01152 alpha=0.00590-0.00594 beta=0.00544-0.00549 gamma=-0.00262--0.00257level=6, indexed=1(33 sol.)
 Solution ? a= 13.661 b= 12.548 c= 10.080 alpha=111.293 beta= 73.364 gamma=116.516 V= 1424.45 score=  6.90 #  33
      a=13.57-13.63 b=12.44-12.51 c=10.06-10.09 alpha=110.91-111.17 beta= 73.85- 73.78 gamma=116.21-116.50 V=1408.13-1420.86level=6, indexed=1(34 sol.)
      a=0.00689-0.00686 b=0.00867-0.00864 c=0.01156-0.01152 alpha=0.00590-0.00594 beta=0.00544-0.00549 gamma=-0.00257--0.00252level=6, indexed=1(34 sol.)
 Solution ? a= 13.634 b= 12.553 c= 10.074 alpha=111.322 beta= 73.427 gamma=116.556 V= 1421.13 score=  7.70 #  34
     a=13.59-13.65 b=12.44-12.51 c=10.09-10.13 alpha=111.20-111.47 beta= 73.64- 73.58 gamma=116.22-116.52 V=1411.82-1424.63level=5, indexed=1(35 sol.)
     a=0.00688-0.00685 b=0.00869-0.00865 c=0.01154-0.01150 alpha=0.00587-0.00592 beta=0.00552-0.00557 gamma=-0.00259--0.00254level=5, indexed=1(35 sol.)
 Solution ? a= 13.634 b= 12.553 c= 10.074 alpha=111.322 beta= 73.427 gamma=116.556 V= 1421.13 score=  7.70 #  35
     a=13.66-13.71 b=12.42-12.49 c=10.07-10.10 alpha=110.60-110.86 beta= 73.19- 73.13 gamma=116.58-116.88 V=1412.26-1425.03level=5, indexed=1(36 sol.)
     a=0.00688-0.00685 b=0.00869-0.00865 c=0.01154-0.01150 alpha=0.00596-0.00601 beta=0.00520-0.00526 gamma=-0.00280--0.00275level=5, indexed=1(36 sol.)
 Solution ? a= 13.745 b= 12.502 c= 10.091 alpha=110.657 beta= 73.176 gamma=116.341 V= 1435.66 score=  6.32 #  36
     a=13.65-13.71 b=12.47-12.54 c=10.10-10.13 alpha=111.13-111.40 beta= 73.26- 73.20 gamma=116.64-116.94 V=1416.00-1428.90level=5, indexed=1(37 sol.)
     a=0.00688-0.00685 b=0.00869-0.00865 c=0.01154-0.01150 alpha=0.00596-0.00601 beta=0.00541-0.00547 gamma=-0.00270--0.00265level=5, indexed=1(37 sol.)
 Solution ? a= 13.661 b= 12.548 c= 10.080 alpha=111.293 beta= 73.364 gamma=116.516 V= 1424.45 score=  6.90 #  37
      a=13.64-13.70 b=12.47-12.54 c=10.08-10.11 alpha=111.08-111.34 beta= 73.54- 73.47 gamma=116.52-116.82 V=1415.36-1428.25level=6, indexed=1(38 sol.)
      a=0.00686-0.00684 b=0.00867-0.00864 c=0.01156-0.01152 alpha=0.00594-0.00598 beta=0.00544-0.00549 gamma=-0.00262--0.00257level=6, indexed=1(38 sol.)
 Solution ? a= 13.661 b= 12.548 c= 10.080 alpha=111.293 beta= 73.364 gamma=116.516 V= 1424.45 score=  6.90 #  38
      a=13.61-13.66 b=12.46-12.53 c=10.07-10.11 alpha=111.06-111.32 beta= 73.58- 73.51 gamma=116.46-116.76 V=1411.86-1424.68level=6, indexed=1(39 sol.)
      a=0.00689-0.00686 b=0.00867-0.00864 c=0.01156-0.01152 alpha=0.00594-0.00598 beta=0.00544-0.00549 gamma=-0.00262--0.00257level=6, indexed=1(39 sol.)
 Solution ? a= 13.661 b= 12.548 c= 10.080 alpha=111.293 beta= 73.364 gamma=116.516 V= 1424.45 score=  6.90 #  39
      a=13.59-13.65 b=12.46-12.53 c=10.06-10.10 alpha=110.97-111.23 beta= 73.77- 73.71 gamma=116.40-116.70 V=1410.43-1423.23level=6, indexed=1(40 sol.)
      a=0.00689-0.00686 b=0.00867-0.00864 c=0.01156-0.01152 alpha=0.00594-0.00598 beta=0.00544-0.00549 gamma=-0.00257--0.00252level=6, indexed=1(40 sol.)
 Solution ? a= 13.634 b= 12.553 c= 10.074 alpha=111.322 beta= 73.427 gamma=116.556 V= 1421.13 score=  7.70 #  40
      a=13.60-13.66 b=12.47-12.54 c=10.08-10.11 alpha=111.15-111.41 beta= 73.69- 73.63 gamma=116.44-116.74 V=1412.11-1424.96level=6, indexed=1(41 sol.)
      a=0.00689-0.00686 b=0.00867-0.00864 c=0.01156-0.01152 alpha=0.00594-0.00598 beta=0.00549-0.00555 gamma=-0.00257--0.00252level=6, indexed=1(41 sol.)
 Solution ? a= 13.634 b= 12.553 c= 10.074 alpha=111.322 beta= 73.427 gamma=116.556 V= 1421.13 score=  7.70 #  41
      a=13.62-13.68 b=12.49-12.56 c=10.08-10.11 alpha=111.20-111.47 beta= 73.62- 73.55 gamma=116.63-116.94 V=1414.46-1427.37level=6, indexed=1(42 sol.)
      a=0.00689-0.00686 b=0.00867-0.00864 c=0.01156-0.01152 alpha=0.00598-0.00603 beta=0.00549-0.00555 gamma=-0.00257--0.00252level=6, indexed=1(42 sol.)
 Solution ? a= 13.634 b= 12.553 c= 10.074 alpha=111.322 beta= 73.427 gamma=116.556 V= 1421.13 score=  7.70 #  42
      a=13.72-13.78 b=12.46-12.53 c=10.05-10.08 alpha=111.07-111.34 beta= 72.60- 72.54 gamma=116.16-116.47 V=1418.66-1431.49level=6, indexed=1(43 sol.)
      a=0.00678-0.00676 b=0.00861-0.00858 c=0.01170-0.01165 alpha=0.00572-0.00577 beta=0.00533-0.00539 gamma=-0.00299--0.00294level=6, indexed=1(43 sol.)
 Solution ? a= 13.747 b= 12.540 c= 10.089 alpha=111.053 beta= 73.010 gamma=116.297 V= 1436.67 score=  6.37 #  43
     a=13.60-13.66 b=12.44-12.51 c=10.06-10.09 alpha=110.69-110.95 beta= 72.78- 72.72 gamma=115.88-116.19 V=1411.66-1424.30level=5, indexed=1(44 sol.)
     a=0.00688-0.00685 b=0.00856-0.00853 c=0.01163-0.01159 alpha=0.00570-0.00574 beta=0.00520-0.00526 gamma=-0.00301--0.00296level=5, indexed=1(44 sol.)
 Solution ? a= 13.733 b= 12.529 c= 10.083 alpha=110.849 beta= 73.007 gamma=116.339 V= 1434.23 score=  6.21 #  44
      a=13.70-13.76 b=12.46-12.53 c=10.06-10.09 alpha=111.13-111.40 beta= 72.45- 72.38 gamma=116.17-116.48 V=1416.63-1429.43level=6, indexed=1(45 sol.)
      a=0.00681-0.00678 b=0.00861-0.00858 c=0.01170-0.01165 alpha=0.00572-0.00577 beta=0.00533-0.00539 gamma=-0.00304--0.00299level=6, indexed=1(45 sol.)
 Solution ? a= 13.749 b= 12.540 c= 10.087 alpha=111.046 beta= 73.009 gamma=116.298 V= 1436.57 score=  6.26 #  45
      a=13.69-13.75 b=12.45-12.52 c=10.05-10.08 alpha=111.04-111.31 beta= 72.65- 72.58 gamma=116.10-116.41 V=1415.10-1427.87level=6, indexed=1(46 sol.)
      a=0.00681-0.00678 b=0.00861-0.00858 c=0.01170-0.01165 alpha=0.00572-0.00577 beta=0.00533-0.00539 gamma=-0.00299--0.00294level=6, indexed=1(46 sol.)
 Solution ? a= 13.747 b= 12.540 c= 10.089 alpha=111.053 beta= 73.010 gamma=116.297 V= 1436.67 score=  6.37 #  46
      a=13.69-13.75 b=12.47-12.53 c=10.06-10.09 alpha=111.22-111.49 beta= 72.57- 72.50 gamma=116.16-116.46 V=1416.79-1429.61level=6, indexed=1(47 sol.)
      a=0.00681-0.00678 b=0.00861-0.00858 c=0.01170-0.01165 alpha=0.00572-0.00577 beta=0.00539-0.00544 gamma=-0.00299--0.00294level=6, indexed=1(47 sol.)
 Solution ? a= 13.749 b= 12.540 c= 10.087 alpha=111.046 beta= 73.009 gamma=116.298 V= 1436.57 score=  6.26 #  47
     a=13.61-13.67 b=12.47-12.54 c=10.08-10.11 alpha=111.04-111.31 beta= 72.62- 72.55 gamma=115.98-116.29 V=1414.99-1427.74level=5, indexed=1(48 sol.)
     a=0.00688-0.00685 b=0.00856-0.00853 c=0.01163-0.01159 alpha=0.00570-0.00574 beta=0.00531-0.00536 gamma=-0.00301--0.00296level=5, indexed=1(48 sol.)
 Solution ? a= 13.749 b= 12.540 c= 10.087 alpha=111.046 beta= 73.009 gamma=116.298 V= 1436.57 score=  6.26 #  48
     a=13.61-13.66 b=12.47-12.53 c=10.03-10.07 alpha=110.96-111.22 beta= 72.69- 72.63 gamma=115.95-116.25 V=1408.64-1421.29level=5, indexed=1(49 sol.)
     a=0.00688-0.00685 b=0.00856-0.00853 c=0.01172-0.01168 alpha=0.00570-0.00574 beta=0.00531-0.00536 gamma=-0.00301--0.00296level=5, indexed=1(49 sol.)
 Solution ? a= 13.747 b= 12.540 c= 10.089 alpha=111.053 beta= 73.010 gamma=116.297 V= 1436.67 score=  6.37 #  49
    a=20.55-20.59 b=10.86-10.91 c= 6.30- 6.35 alpha= 97.31- 97.58 beta= 87.43- 87.45 gamma= 93.84- 93.96 V=1390.89-1408.91level=4, indexed=1(50 sol.)
    a=0.00238-0.00237 b=0.00865-0.00859 c=0.02563-0.02528 alpha=0.00056-0.00058 beta=0.00371-0.00381 gamma=-0.00057--0.00056level=4, indexed=1(50 sol.)
 Solution ? a= 20.505 b= 10.891 c=  6.339 alpha= 97.458 beta= 87.937 gamma= 94.100 V= 1399.60 score=  9.47 #  50
    a=20.47-20.52 b=10.86-10.91 c= 6.30- 6.35 alpha= 97.33- 97.60 beta= 87.29- 87.30 gamma= 94.04- 94.16 V=1386.01-1403.96level=4, indexed=1(53 sol.)
    a=0.00240-0.00239 b=0.00865-0.00859 c=0.02563-0.02528 alpha=0.00059-0.00061 beta=0.00371-0.00381 gamma=-0.00061--0.00059level=4, indexed=1(53 sol.)
 Solution ? a= 20.505 b= 10.891 c=  6.339 alpha= 97.458 beta= 87.937 gamma= 94.100 V= 1399.60 score=  9.47 #  53
    a=20.47-20.51 b=10.86-10.91 c= 6.30- 6.35 alpha= 97.32- 97.59 beta= 87.42- 87.43 gamma= 94.02- 94.14 V=1385.87-1403.81level=4, indexed=1(54 sol.)
    a=0.00240-0.00239 b=0.00865-0.00859 c=0.02563-0.02528 alpha=0.00059-0.00061 beta=0.00371-0.00381 gamma=-0.00057--0.00056level=4, indexed=1(54 sol.)
 Solution ? a= 20.505 b= 10.891 c=  6.339 alpha= 97.458 beta= 87.937 gamma= 94.100 V= 1399.60 score=  9.47 #  54
    a=20.54-20.59 b=10.86-10.91 c= 6.30- 6.35 alpha= 97.31- 97.57 beta= 87.56- 87.57 gamma= 93.82- 93.95 V=1390.76-1408.78level=4, indexed=1(62 sol.)
    a=0.00238-0.00237 b=0.00865-0.00859 c=0.02563-0.02528 alpha=0.00056-0.00058 beta=0.00371-0.00381 gamma=-0.00054--0.00052level=4, indexed=1(62 sol.)
 Solution ? a= 20.505 b= 10.891 c=  6.339 alpha= 97.458 beta= 87.937 gamma= 94.100 V= 1399.60 score=  9.47 #  62
    a=20.54-20.58 b=10.86-10.91 c= 6.30- 6.35 alpha= 97.30- 97.56 beta= 87.69- 87.70 gamma= 93.81- 93.93 V=1390.63-1408.65level=4, indexed=1(63 sol.)
    a=0.00238-0.00237 b=0.00865-0.00859 c=0.02563-0.02528 alpha=0.00056-0.00058 beta=0.00371-0.00381 gamma=-0.00050--0.00049level=4, indexed=1(63 sol.)
 Solution ? a= 20.505 b= 10.891 c=  6.339 alpha= 97.458 beta= 87.937 gamma= 94.100 V= 1399.60 score=  9.47 #  63
    a=20.54-20.58 b=10.87-10.91 c= 6.30- 6.35 alpha= 97.65- 97.92 beta= 88.04- 88.06 gamma= 93.77- 93.89 V=1391.48-1409.56level=4, indexed=1(78 sol.)
    a=0.00238-0.00237 b=0.00865-0.00859 c=0.02563-0.02528 alpha=0.00056-0.00058 beta=0.00391-0.00400 gamma=-0.00040--0.00038level=4, indexed=1(78 sol.)
 Solution ? a= 20.505 b= 10.891 c=  6.339 alpha= 97.458 beta= 87.937 gamma= 94.100 V= 1399.60 score=  9.47 #  78
    a=20.47-20.52 b=10.87-10.91 c= 6.30- 6.35 alpha= 97.31- 97.58 beta= 87.65- 87.66 gamma= 94.18- 94.31 V=1385.94-1403.90level=4, indexed=1(128 sol.)
    a=0.00240-0.00239 b=0.00865-0.00859 c=0.02563-0.02528 alpha=0.00062-0.00064 beta=0.00371-0.00381 gamma=-0.00050--0.00049level=4, indexed=1(128 sol.)
 Solution ? a= 20.505 b= 10.891 c=  6.339 alpha= 97.458 beta= 87.937 gamma= 94.100 V= 1399.60 score=  9.47 # 128
     a=20.68-20.70 b=11.12-11.15 c= 6.53- 6.56 alpha=103.89-104.06 beta= 97.30- 97.35 gamma= 91.55- 91.57 V=1444.00-1454.22level=5, indexed=1(161 sol.)
     a=0.00238-0.00238 b=0.00861-0.00858 c=0.02536-0.02519 alpha=0.00054-0.00055 beta=0.00726-0.00731 gamma=0.00214-0.00215level=5, indexed=1(161 sol.)
 Solution ? a= 20.652 b= 11.116 c=  6.555 alpha=103.734 beta= 97.512 gamma= 92.021 V= 1445.86 score= 10.94 # 161
      a=20.68-20.70 b=11.11-11.14 c= 6.54- 6.57 alpha=103.75-103.92 beta= 97.42- 97.47 gamma= 91.56- 91.58 V=1444.18-1454.40level=6, indexed=1(168 sol.)
      a=0.00239-0.00238 b=0.00862-0.00859 c=0.02528-0.02510 alpha=0.00055-0.00055 beta=0.00719-0.00723 gamma=0.00217-0.00218level=6, indexed=1(168 sol.)
 Solution ? a= 20.652 b= 11.116 c=  6.555 alpha=103.734 beta= 97.512 gamma= 92.021 V= 1445.86 score= 10.94 # 168
      a=20.67-20.70 b=11.09-11.11 c= 6.54- 6.57 alpha=103.75-103.91 beta= 97.43- 97.48 gamma= 91.42- 91.43 V=1441.39-1451.58level=6, indexed=1(173 sol.)
      a=0.00239-0.00238 b=0.00865-0.00862 c=0.02528-0.02510 alpha=0.00052-0.00053 beta=0.00719-0.00723 gamma=0.00216-0.00217level=6, indexed=1(173 sol.)
 Solution ? a= 20.652 b= 11.116 c=  6.555 alpha=103.734 beta= 97.512 gamma= 92.021 V= 1445.86 score= 10.94 # 173
      a=20.68-20.70 b=11.09-11.12 c= 6.54- 6.57 alpha=103.79-103.95 beta= 97.35- 97.40 gamma= 91.85- 91.87 V=1442.42-1452.63level=6, indexed=1(423 sol.)
      a=0.00239-0.00238 b=0.00865-0.00862 c=0.02528-0.02510 alpha=0.00059-0.00060 beta=0.00723-0.00728 gamma=0.00217-0.00218level=6, indexed=1(423 sol.)
 Solution ? a= 20.652 b= 11.116 c=  6.555 alpha=103.734 beta= 97.512 gamma= 92.021 V= 1445.86 score= 10.94 # 423
      a=20.70-20.72 b=11.10-11.12 c= 6.54- 6.57 alpha=103.77-103.94 beta= 97.22- 97.27 gamma= 92.03- 92.05 V=1443.65-1453.87level=6, indexed=1(593 sol.)
      a=0.00238-0.00238 b=0.00865-0.00862 c=0.02528-0.02510 alpha=0.00062-0.00062 beta=0.00723-0.00728 gamma=0.00214-0.00215level=6, indexed=1(593 sol.)
 Solution ? a= 20.652 b= 11.116 c=  6.555 alpha=103.734 beta= 97.512 gamma= 92.021 V= 1445.86 score= 10.94 # 593
     a=20.70-20.72 b=11.08-11.10 c= 6.53- 6.56 alpha=103.63-103.79 beta= 97.61- 97.66 gamma= 91.60- 91.62 V=1438.79-1448.94level=5, indexed=1(1102 sol.)
     a=0.00238-0.00238 b=0.00866-0.00864 c=0.02536-0.02519 alpha=0.00056-0.00057 beta=0.00716-0.00721 gamma=0.00223-0.00223level=5, indexed=1(1102 sol.)
 Solution ? a= 20.652 b= 11.116 c=  6.555 alpha=103.734 beta= 97.512 gamma= 92.021 V= 1445.86 score= 10.94 #1102
1398 solutions ! Redparing...
-> 14 remaining
     a=20.66-20.68 b=11.07-11.09 c= 6.52- 6.55 alpha=103.42-103.59 beta= 97.58- 97.63 gamma= 91.72- 91.74 V=1434.88-1444.97level=5, indexed=1(14 sol.)
     a=0.00239-0.00239 b=0.00866-0.00864 c=0.02536-0.02519 alpha=0.00057-0.00058 beta=0.00707-0.00711 gamma=0.00223-0.00223level=5, indexed=1(14 sol.)
 Solution ? a= 20.652 b= 11.116 c=  6.555 alpha=103.734 beta= 97.512 gamma= 92.021 V= 1445.86 score= 10.94 #  14
      a=20.64-20.66 b=11.12-11.15 c= 6.54- 6.57 alpha=103.67-103.84 beta= 97.46- 97.51 gamma= 91.61- 91.63 V=1443.60-1453.81level=6, indexed=1(15 sol.)
      a=0.00240-0.00239 b=0.00859-0.00856 c=0.02528-0.02510 alpha=0.00055-0.00056 beta=0.00714-0.00719 gamma=0.00219-0.00220level=6, indexed=1(15 sol.)
 Solution ? a= 20.652 b= 11.116 c=  6.555 alpha=103.734 beta= 97.512 gamma= 92.021 V= 1445.86 score= 10.94 #  15
      a=20.64-20.66 b=11.13-11.16 c= 6.54- 6.57 alpha=103.77-103.94 beta= 97.46- 97.51 gamma= 91.60- 91.62 V=1444.20-1454.43level=6, indexed=1(16 sol.)
      a=0.00240-0.00239 b=0.00859-0.00856 c=0.02528-0.02510 alpha=0.00055-0.00056 beta=0.00719-0.00723 gamma=0.00219-0.00220level=6, indexed=1(16 sol.)
 Solution ? a= 20.652 b= 11.116 c=  6.555 alpha=103.734 beta= 97.512 gamma= 92.021 V= 1445.86 score= 10.94 #  16
      a=20.64-20.66 b=11.12-11.15 c= 6.54- 6.57 alpha=103.67-103.83 beta= 97.45- 97.50 gamma= 91.66- 91.68 V=1443.64-1453.85level=6, indexed=1(17 sol.)
      a=0.00240-0.00239 b=0.00859-0.00856 c=0.02528-0.02510 alpha=0.00056-0.00057 beta=0.00714-0.00719 gamma=0.00219-0.00220level=6, indexed=1(17 sol.)
 Solution ? a= 20.652 b= 11.116 c=  6.555 alpha=103.734 beta= 97.512 gamma= 92.021 V= 1445.86 score= 10.94 #  17
      a=20.64-20.66 b=11.13-11.16 c= 6.54- 6.57 alpha=103.76-103.93 beta= 97.45- 97.50 gamma= 91.65- 91.67 V=1444.24-1454.47level=6, indexed=1(18 sol.)
      a=0.00240-0.00239 b=0.00859-0.00856 c=0.02528-0.02510 alpha=0.00056-0.00057 beta=0.00719-0.00723 gamma=0.00219-0.00220level=6, indexed=1(18 sol.)
 Solution ? a= 20.652 b= 11.116 c=  6.555 alpha=103.734 beta= 97.512 gamma= 92.021 V= 1445.86 score= 10.94 #  18
      a=20.64-20.66 b=11.10-11.13 c= 6.54- 6.57 alpha=103.65-103.81 beta= 97.46- 97.51 gamma= 91.61- 91.63 V=1441.01-1451.20level=6, indexed=1(19 sol.)
      a=0.00240-0.00239 b=0.00862-0.00859 c=0.02528-0.02510 alpha=0.00055-0.00056 beta=0.00714-0.00719 gamma=0.00219-0.00220level=6, indexed=1(19 sol.)
 Solution ? a= 20.652 b= 11.116 c=  6.555 alpha=103.734 beta= 97.512 gamma= 92.021 V= 1445.86 score= 10.94 #  19
      a=20.64-20.66 b=11.11-11.14 c= 6.54- 6.57 alpha=103.75-103.91 beta= 97.46- 97.51 gamma= 91.59- 91.61 V=1441.61-1451.81level=6, indexed=1(20 sol.)
      a=0.00240-0.00239 b=0.00862-0.00859 c=0.02528-0.02510 alpha=0.00055-0.00056 beta=0.00719-0.00723 gamma=0.00219-0.00220level=6, indexed=1(20 sol.)
 Solution ? a= 20.652 b= 11.116 c=  6.555 alpha=103.734 beta= 97.512 gamma= 92.021 V= 1445.86 score= 10.94 #  20
      a=20.64-20.66 b=11.10-11.13 c= 6.54- 6.57 alpha=103.64-103.81 beta= 97.45- 97.50 gamma= 91.66- 91.68 V=1441.05-1451.23level=6, indexed=1(21 sol.)
      a=0.00240-0.00239 b=0.00862-0.00859 c=0.02528-0.02510 alpha=0.00056-0.00057 beta=0.00714-0.00719 gamma=0.00219-0.00220level=6, indexed=1(21 sol.)
 Solution ? a= 20.652 b= 11.116 c=  6.555 alpha=103.734 beta= 97.512 gamma= 92.021 V= 1445.86 score= 10.94 #  21
      a=20.64-20.66 b=11.11-11.14 c= 6.54- 6.57 alpha=103.74-103.90 beta= 97.45- 97.50 gamma= 91.64- 91.66 V=1441.65-1451.85level=6, indexed=1(22 sol.)
      a=0.00240-0.00239 b=0.00862-0.00859 c=0.02528-0.02510 alpha=0.00056-0.00057 beta=0.00719-0.00723 gamma=0.00219-0.00220level=6, indexed=1(22 sol.)
 Solution ? a= 20.652 b= 11.116 c=  6.555 alpha=103.734 beta= 97.512 gamma= 92.021 V= 1445.86 score= 10.94 #  22
     a=20.65-20.68 b=11.11-11.14 c= 6.53- 6.56 alpha=103.68-103.84 beta= 97.53- 97.58 gamma= 91.61- 91.63 V=1440.90-1451.08level=5, indexed=1(23 sol.)
     a=0.00239-0.00239 b=0.00861-0.00858 c=0.02536-0.02519 alpha=0.00056-0.00057 beta=0.00716-0.00721 gamma=0.00221-0.00222level=5, indexed=1(23 sol.)
 Solution ? a= 20.652 b= 11.116 c=  6.555 alpha=103.734 beta= 97.512 gamma= 92.021 V= 1445.86 score= 10.94 #  23
      a=20.64-20.66 b=11.13-11.16 c= 6.54- 6.57 alpha=103.87-104.03 beta= 97.45- 97.51 gamma= 91.58- 91.60 V=1444.81-1455.05level=6, indexed=1(24 sol.)
      a=0.00240-0.00239 b=0.00859-0.00856 c=0.02528-0.02510 alpha=0.00055-0.00056 beta=0.00723-0.00728 gamma=0.00219-0.00220level=6, indexed=1(24 sol.)
 Solution ? a= 20.652 b= 11.116 c=  6.555 alpha=103.734 beta= 97.512 gamma= 92.021 V= 1445.86 score= 10.94 #  24
      a=20.64-20.66 b=11.14-11.17 c= 6.55- 6.58 alpha=103.97-104.13 beta= 97.45- 97.50 gamma= 91.57- 91.59 V=1445.42-1455.68level=6, indexed=1(25 sol.)
      a=0.00240-0.00239 b=0.00859-0.00856 c=0.02528-0.02510 alpha=0.00055-0.00056 beta=0.00728-0.00733 gamma=0.00219-0.00220level=6, indexed=1(25 sol.)
 Solution ? a= 20.652 b= 11.116 c=  6.555 alpha=103.734 beta= 97.512 gamma= 92.021 V= 1445.86 score= 10.94 #  25
      a=20.64-20.66 b=11.13-11.16 c= 6.54- 6.57 alpha=103.86-104.03 beta= 97.44- 97.49 gamma= 91.63- 91.65 V=1444.84-1455.09level=6, indexed=1(26 sol.)
      a=0.00240-0.00239 b=0.00859-0.00856 c=0.02528-0.02510 alpha=0.00056-0.00057 beta=0.00723-0.00728 gamma=0.00219-0.00220level=6, indexed=1(26 sol.)
 Solution ? a= 20.652 b= 11.116 c=  6.555 alpha=103.734 beta= 97.512 gamma= 92.021 V= 1445.86 score= 10.94 #  26
      a=20.64-20.66 b=11.14-11.17 c= 6.55- 6.57 alpha=103.96-104.13 beta= 97.44- 97.49 gamma= 91.62- 91.64 V=1445.45-1455.71level=6, indexed=1(27 sol.)
      a=0.00240-0.00239 b=0.00859-0.00856 c=0.02528-0.02510 alpha=0.00056-0.00057 beta=0.00728-0.00733 gamma=0.00219-0.00220level=6, indexed=1(27 sol.)
 Solution ? a= 20.652 b= 11.116 c=  6.555 alpha=103.734 beta= 97.512 gamma= 92.021 V= 1445.86 score= 10.94 #  27
      a=20.64-20.66 b=11.11-11.14 c= 6.54- 6.57 alpha=103.84-104.01 beta= 97.46- 97.51 gamma= 91.58- 91.60 V=1442.21-1452.43level=6, indexed=1(28 sol.)
      a=0.00240-0.00239 b=0.00862-0.00859 c=0.02528-0.02510 alpha=0.00055-0.00056 beta=0.00723-0.00728 gamma=0.00219-0.00220level=6, indexed=1(28 sol.)
 Solution ? a= 20.652 b= 11.116 c=  6.555 alpha=103.734 beta= 97.512 gamma= 92.021 V= 1445.86 score= 10.94 #  28
      a=20.64-20.66 b=11.12-11.15 c= 6.55- 6.57 alpha=103.94-104.11 beta= 97.45- 97.50 gamma= 91.57- 91.59 V=1442.82-1453.05level=6, indexed=1(29 sol.)
      a=0.00240-0.00239 b=0.00862-0.00859 c=0.02528-0.02510 alpha=0.00055-0.00056 beta=0.00728-0.00733 gamma=0.00219-0.00220level=6, indexed=1(29 sol.)
 Solution ? a= 20.652 b= 11.116 c=  6.555 alpha=103.734 beta= 97.512 gamma= 92.021 V= 1445.86 score= 10.94 #  29
      a=20.64-20.66 b=11.11-11.14 c= 6.54- 6.57 alpha=103.84-104.00 beta= 97.44- 97.50 gamma= 91.63- 91.65 V=1442.25-1452.46level=6, indexed=1(30 sol.)
      a=0.00240-0.00239 b=0.00862-0.00859 c=0.02528-0.02510 alpha=0.00056-0.00057 beta=0.00723-0.00728 gamma=0.00219-0.00220level=6, indexed=1(30 sol.)
 Solution ? a= 20.652 b= 11.116 c=  6.555 alpha=103.734 beta= 97.512 gamma= 92.021 V= 1445.86 score= 10.94 #  30
      a=20.64-20.66 b=11.12-11.15 c= 6.55- 6.57 alpha=103.94-104.10 beta= 97.44- 97.49 gamma= 91.62- 91.64 V=1442.85-1453.09level=6, indexed=1(31 sol.)
      a=0.00240-0.00239 b=0.00862-0.00859 c=0.02528-0.02510 alpha=0.00056-0.00057 beta=0.00728-0.00733 gamma=0.00219-0.00220level=6, indexed=1(31 sol.)
 Solution ? a= 20.652 b= 11.116 c=  6.555 alpha=103.734 beta= 97.512 gamma= 92.021 V= 1445.86 score= 10.94 #  31
     a=20.65-20.68 b=11.12-11.15 c= 6.53- 6.56 alpha=103.87-104.04 beta= 97.52- 97.57 gamma= 91.59- 91.61 V=1442.11-1452.31level=5, indexed=1(32 sol.)
     a=0.00239-0.00239 b=0.00861-0.00858 c=0.02536-0.02519 alpha=0.00056-0.00057 beta=0.00726-0.00731 gamma=0.00221-0.00222level=5, indexed=1(32 sol.)
 Solution ? a= 20.652 b= 11.116 c=  6.555 alpha=103.734 beta= 97.512 gamma= 92.021 V= 1445.86 score= 10.94 #  32
      a=20.64-20.67 b=11.12-11.15 c= 6.54- 6.57 alpha=103.66-103.82 beta= 97.44- 97.49 gamma= 91.71- 91.73 V=1443.67-1453.89level=6, indexed=1(33 sol.)
      a=0.00240-0.00239 b=0.00859-0.00856 c=0.02528-0.02510 alpha=0.00057-0.00058 beta=0.00714-0.00719 gamma=0.00219-0.00220level=6, indexed=1(33 sol.)
 Solution ? a= 20.652 b= 11.116 c=  6.555 alpha=103.734 beta= 97.512 gamma= 92.021 V= 1445.86 score= 10.94 #  33
      a=20.64-20.67 b=11.13-11.16 c= 6.54- 6.57 alpha=103.76-103.92 beta= 97.43- 97.48 gamma= 91.70- 91.72 V=1444.27-1454.50level=6, indexed=1(34 sol.)
      a=0.00240-0.00239 b=0.00859-0.00856 c=0.02528-0.02510 alpha=0.00057-0.00058 beta=0.00719-0.00723 gamma=0.00219-0.00220level=6, indexed=1(34 sol.)
 Solution ? a= 20.652 b= 11.116 c=  6.555 alpha=103.734 beta= 97.512 gamma= 92.021 V= 1445.86 score= 10.94 #  34
      a=20.64-20.67 b=11.12-11.15 c= 6.54- 6.57 alpha=103.65-103.82 beta= 97.42- 97.47 gamma= 91.76- 91.78 V=1443.71-1453.93level=6, indexed=1(35 sol.)
      a=0.00240-0.00239 b=0.00859-0.00856 c=0.02528-0.02510 alpha=0.00058-0.00058 beta=0.00714-0.00719 gamma=0.00219-0.00220level=6, indexed=1(35 sol.)
 Solution ? a= 20.652 b= 11.116 c=  6.555 alpha=103.734 beta= 97.512 gamma= 92.021 V= 1445.86 score= 10.94 #  35
      a=20.64-20.67 b=11.13-11.16 c= 6.54- 6.57 alpha=103.75-103.92 beta= 97.42- 97.47 gamma= 91.75- 91.77 V=1444.31-1454.54level=6, indexed=1(36 sol.)
      a=0.00240-0.00239 b=0.00859-0.00856 c=0.02528-0.02510 alpha=0.00058-0.00058 beta=0.00719-0.00723 gamma=0.00219-0.00220level=6, indexed=1(36 sol.)
 Solution ? a= 20.652 b= 11.116 c=  6.555 alpha=103.734 beta= 97.512 gamma= 92.021 V= 1445.86 score= 10.94 #  36
      a=20.64-20.67 b=11.10-11.13 c= 6.54- 6.57 alpha=103.64-103.80 beta= 97.44- 97.49 gamma= 91.71- 91.73 V=1441.09-1451.27level=6, indexed=1(37 sol.)
      a=0.00240-0.00239 b=0.00862-0.00859 c=0.02528-0.02510 alpha=0.00057-0.00058 beta=0.00714-0.00719 gamma=0.00219-0.00220level=6, indexed=1(37 sol.)
 Solution ? a= 20.652 b= 11.116 c=  6.555 alpha=103.734 beta= 97.512 gamma= 92.021 V= 1445.86 score= 10.94 #  37
      a=20.64-20.66 b=11.11-11.14 c= 6.54- 6.57 alpha=103.73-103.90 beta= 97.44- 97.49 gamma= 91.69- 91.71 V=1441.68-1451.88level=6, indexed=1(38 sol.)
      a=0.00240-0.00239 b=0.00862-0.00859 c=0.02528-0.02510 alpha=0.00057-0.00058 beta=0.00719-0.00723 gamma=0.00219-0.00220level=6, indexed=1(38 sol.)
 Solution ? a= 20.652 b= 11.116 c=  6.555 alpha=103.734 beta= 97.512 gamma= 92.021 V= 1445.86 score= 10.94 #  38
      a=20.64-20.67 b=11.10-11.13 c= 6.54- 6.57 alpha=103.63-103.79 beta= 97.43- 97.48 gamma= 91.76- 91.78 V=1441.12-1451.31level=6, indexed=1(39 sol.)
      a=0.00240-0.00239 b=0.00862-0.00859 c=0.02528-0.02510 alpha=0.00058-0.00058 beta=0.00714-0.00719 gamma=0.00219-0.00220level=6, indexed=1(39 sol.)
 Solution ? a= 20.652 b= 11.116 c=  6.555 alpha=103.734 beta= 97.512 gamma= 92.021 V= 1445.86 score= 10.94 #  39
      a=20.64-20.67 b=11.11-11.14 c= 6.54- 6.57 alpha=103.73-103.89 beta= 97.42- 97.47 gamma= 91.74- 91.77 V=1441.72-1451.92level=6, indexed=1(40 sol.)
      a=0.00240-0.00239 b=0.00862-0.00859 c=0.02528-0.02510 alpha=0.00058-0.00058 beta=0.00719-0.00723 gamma=0.00219-0.00220level=6, indexed=1(40 sol.)
 Solution ? a= 20.652 b= 11.116 c=  6.555 alpha=103.734 beta= 97.512 gamma= 92.021 V= 1445.86 score= 10.94 #  40
     a=20.66-20.68 b=11.12-11.14 c= 6.53- 6.56 alpha=103.67-103.83 beta= 97.50- 97.55 gamma= 91.72- 91.74 V=1440.98-1451.16level=5, indexed=1(41 sol.)
     a=0.00239-0.00239 b=0.00861-0.00858 c=0.02536-0.02519 alpha=0.00057-0.00058 beta=0.00716-0.00721 gamma=0.00221-0.00222level=5, indexed=1(41 sol.)
 Solution ? a= 20.652 b= 11.116 c=  6.555 alpha=103.734 beta= 97.512 gamma= 92.021 V= 1445.86 score= 10.94 #  41
      a=20.64-20.66 b=11.13-11.16 c= 6.54- 6.57 alpha=103.86-104.02 beta= 97.43- 97.48 gamma= 91.68- 91.70 V=1444.88-1455.13level=6, indexed=1(42 sol.)
      a=0.00240-0.00239 b=0.00859-0.00856 c=0.02528-0.02510 alpha=0.00057-0.00058 beta=0.00723-0.00728 gamma=0.00219-0.00220level=6, indexed=1(42 sol.)
 Solution ? a= 20.652 b= 11.116 c=  6.555 alpha=103.734 beta= 97.512 gamma= 92.021 V= 1445.86 score= 10.94 #  42
      a=20.64-20.66 b=11.14-11.17 c= 6.55- 6.57 alpha=103.95-104.12 beta= 97.43- 97.48 gamma= 91.67- 91.69 V=1445.49-1455.75level=6, indexed=1(43 sol.)
      a=0.00240-0.00239 b=0.00859-0.00856 c=0.02528-0.02510 alpha=0.00057-0.00058 beta=0.00728-0.00733 gamma=0.00219-0.00220level=6, indexed=1(43 sol.)
 Solution ? a= 20.652 b= 11.116 c=  6.555 alpha=103.734 beta= 97.512 gamma= 92.021 V= 1445.86 score= 10.94 #  43
      a=20.64-20.67 b=11.13-11.16 c= 6.54- 6.57 alpha=103.85-104.01 beta= 97.42- 97.47 gamma= 91.73- 91.76 V=1444.92-1455.16level=6, indexed=1(44 sol.)
      a=0.00240-0.00239 b=0.00859-0.00856 c=0.02528-0.02510 alpha=0.00058-0.00058 beta=0.00723-0.00728 gamma=0.00219-0.00220level=6, indexed=1(44 sol.)
 Solution ? a= 20.652 b= 11.116 c=  6.555 alpha=103.734 beta= 97.512 gamma= 92.021 V= 1445.86 score= 10.94 #  44
      a=20.64-20.67 b=11.14-11.17 c= 6.55- 6.57 alpha=103.95-104.11 beta= 97.42- 97.47 gamma= 91.72- 91.74 V=1445.53-1455.79level=6, indexed=1(45 sol.)
      a=0.00240-0.00239 b=0.00859-0.00856 c=0.02528-0.02510 alpha=0.00058-0.00058 beta=0.00728-0.00733 gamma=0.00219-0.00220level=6, indexed=1(45 sol.)
 Solution ? a= 20.652 b= 11.116 c=  6.555 alpha=103.734 beta= 97.512 gamma= 92.021 V= 1445.86 score= 10.94 #  45
      a=20.64-20.66 b=11.11-11.14 c= 6.54- 6.57 alpha=103.83-104.00 beta= 97.43- 97.48 gamma= 91.68- 91.70 V=1442.28-1452.50level=6, indexed=1(46 sol.)
      a=0.00240-0.00239 b=0.00862-0.00859 c=0.02528-0.02510 alpha=0.00057-0.00058 beta=0.00723-0.00728 gamma=0.00219-0.00220level=6, indexed=1(46 sol.)
 Solution ? a= 20.652 b= 11.116 c=  6.555 alpha=103.734 beta= 97.512 gamma= 92.021 V= 1445.86 score= 10.94 #  46
      a=20.64-20.66 b=11.12-11.15 c= 6.55- 6.57 alpha=103.93-104.09 beta= 97.43- 97.48 gamma= 91.67- 91.69 V=1442.89-1453.12level=6, indexed=1(47 sol.)
      a=0.00240-0.00239 b=0.00862-0.00859 c=0.02528-0.02510 alpha=0.00057-0.00058 beta=0.00728-0.00733 gamma=0.00219-0.00220level=6, indexed=1(47 sol.)
 Solution ? a= 20.652 b= 11.116 c=  6.555 alpha=103.734 beta= 97.512 gamma= 92.021 V= 1445.86 score= 10.94 #  47
      a=20.64-20.67 b=11.11-11.14 c= 6.54- 6.57 alpha=103.83-103.99 beta= 97.42- 97.47 gamma= 91.73- 91.75 V=1442.32-1452.54level=6, indexed=1(48 sol.)
      a=0.00240-0.00239 b=0.00862-0.00859 c=0.02528-0.02510 alpha=0.00058-0.00058 beta=0.00723-0.00728 gamma=0.00219-0.00220level=6, indexed=1(48 sol.)
 Solution ? a= 20.652 b= 11.116 c=  6.555 alpha=103.734 beta= 97.512 gamma= 92.021 V= 1445.86 score= 10.94 #  48
      a=20.64-20.67 b=11.12-11.15 c= 6.55- 6.57 alpha=103.92-104.09 beta= 97.42- 97.47 gamma= 91.72- 91.74 V=1442.93-1453.16level=6, indexed=1(49 sol.)
      a=0.00240-0.00239 b=0.00862-0.00859 c=0.02528-0.02510 alpha=0.00058-0.00058 beta=0.00728-0.00733 gamma=0.00219-0.00220level=6, indexed=1(49 sol.)
 Solution ? a= 20.652 b= 11.116 c=  6.555 alpha=103.734 beta= 97.512 gamma= 92.021 V= 1445.86 score= 10.94 #  49
     a=20.65-20.68 b=11.12-11.15 c= 6.53- 6.56 alpha=103.86-104.03 beta= 97.50- 97.55 gamma= 91.69- 91.71 V=1442.18-1452.39level=5, indexed=1(50 sol.)
     a=0.00239-0.00239 b=0.00861-0.00858 c=0.02536-0.02519 alpha=0.00057-0.00058 beta=0.00726-0.00731 gamma=0.00221-0.00222level=5, indexed=1(50 sol.)
 Solution ? a= 20.652 b= 11.116 c=  6.555 alpha=103.734 beta= 97.512 gamma= 92.021 V= 1445.86 score= 10.94 #  50
      a=20.64-20.66 b=11.09-11.12 c= 6.54- 6.57 alpha=103.72-103.89 beta= 97.46- 97.51 gamma= 91.59- 91.61 V=1439.03-1449.20level=6, indexed=1(52 sol.)
      a=0.00240-0.00239 b=0.00865-0.00862 c=0.02528-0.02510 alpha=0.00055-0.00056 beta=0.00719-0.00723 gamma=0.00219-0.00220level=6, indexed=1(52 sol.)
 Solution ? a= 20.652 b= 11.116 c=  6.555 alpha=103.734 beta= 97.512 gamma= 92.021 V= 1445.86 score= 10.94 #  52
      a=20.64-20.66 b=11.09-11.12 c= 6.54- 6.57 alpha=103.71-103.87 beta= 97.44- 97.49 gamma= 91.69- 91.71 V=1439.11-1449.28level=6, indexed=1(62 sol.)
      a=0.00240-0.00239 b=0.00865-0.00862 c=0.02528-0.02510 alpha=0.00057-0.00058 beta=0.00719-0.00723 gamma=0.00219-0.00220level=6, indexed=1(62 sol.)
 Solution ? a= 20.652 b= 11.116 c=  6.555 alpha=103.734 beta= 97.512 gamma= 92.021 V= 1445.86 score= 10.94 #  62
     a=20.66-20.68 b=11.07-11.09 c= 6.52- 6.55 alpha=103.40-103.56 beta= 97.47- 97.52 gamma= 91.94- 91.96 V=1434.83-1444.92level=5, indexed=1(131 sol.)
     a=0.00239-0.00239 b=0.00866-0.00864 c=0.02536-0.02519 alpha=0.00060-0.00061 beta=0.00707-0.00711 gamma=0.00221-0.00222level=5, indexed=1(131 sol.)
 Solution ? a= 20.652 b= 11.116 c=  6.555 alpha=103.734 beta= 97.512 gamma= 92.021 V= 1445.86 score= 10.94 # 131
     a=20.66-20.69 b=11.10-11.12 c= 6.52- 6.55 alpha=103.26-103.42 beta= 97.62- 97.67 gamma= 91.84- 91.86 V=1439.15-1449.28level=5, indexed=1(132 sol.)
     a=0.00239-0.00239 b=0.00861-0.00858 c=0.02536-0.02519 alpha=0.00059-0.00060 beta=0.00697-0.00702 gamma=0.00224-0.00225level=5, indexed=1(132 sol.)
 Solution ? a= 20.652 b= 11.116 c=  6.555 alpha=103.734 beta= 97.512 gamma= 92.021 V= 1445.86 score= 10.94 # 132
      a=20.64-20.67 b=11.12-11.15 c= 6.54- 6.57 alpha=103.65-103.81 beta= 97.41- 97.46 gamma= 91.81- 91.83 V=1443.75-1453.97level=6, indexed=1(146 sol.)
      a=0.00240-0.00239 b=0.00859-0.00856 c=0.02528-0.02510 alpha=0.00058-0.00059 beta=0.00714-0.00719 gamma=0.00219-0.00220level=6, indexed=1(146 sol.)
 Solution ? a= 20.652 b= 11.116 c=  6.555 alpha=103.734 beta= 97.512 gamma= 92.021 V= 1445.86 score= 10.94 # 146
     a=20.62-20.64 b=11.12-11.14 c= 6.53- 6.56 alpha=103.66-103.82 beta= 97.46- 97.51 gamma= 91.81- 91.83 V=1438.25-1448.40level=5, indexed=1(202 sol.)
     a=0.00240-0.00240 b=0.00861-0.00858 c=0.02536-0.02519 alpha=0.00059-0.00060 beta=0.00716-0.00721 gamma=0.00221-0.00222level=5, indexed=1(202 sol.)
 Solution ? a= 20.652 b= 11.116 c=  6.555 alpha=103.734 beta= 97.512 gamma= 92.021 V= 1445.86 score= 10.94 # 202
      a=20.65-20.67 b=11.12-11.15 c= 6.54- 6.57 alpha=103.88-104.04 beta= 97.33- 97.38 gamma= 92.07- 92.09 V=1443.22-1453.46level=6, indexed=1(528 sol.)
      a=0.00240-0.00239 b=0.00862-0.00859 c=0.02528-0.02510 alpha=0.00063-0.00064 beta=0.00728-0.00733 gamma=0.00219-0.00220level=6, indexed=1(528 sol.)
 Solution ? a= 20.652 b= 11.116 c=  6.555 alpha=103.734 beta= 97.512 gamma= 92.021 V= 1445.86 score= 10.94 # 528
     a=20.68-20.70 b=11.13-11.15 c= 6.54- 6.57 alpha=103.78-103.95 beta= 97.77- 97.82 gamma= 92.10- 92.12 V=1443.93-1454.17level=5, indexed=1(794 sol.)
     a=0.00239-0.00239 b=0.00861-0.00858 c=0.02536-0.02519 alpha=0.00065-0.00066 beta=0.00726-0.00731 gamma=0.00231-0.00232level=5, indexed=1(794 sol.)
 Solution ? a= 20.652 b= 11.116 c=  6.555 alpha=103.734 beta= 97.512 gamma= 92.021 V= 1445.86 score= 10.94 # 794
      a=20.64-20.67 b=11.12-11.15 c= 6.55- 6.58 alpha=103.99-104.15 beta= 97.35- 97.40 gamma= 91.96- 91.98 V=1443.74-1454.00level=6, indexed=1(808 sol.)
      a=0.00240-0.00239 b=0.00862-0.00859 c=0.02528-0.02510 alpha=0.00062-0.00062 beta=0.00733-0.00738 gamma=0.00219-0.00220level=6, indexed=1(808 sol.)
 Solution ? a= 20.652 b= 11.116 c=  6.555 alpha=103.734 beta= 97.512 gamma= 92.021 V= 1445.86 score= 10.94 # 808
Finished: V=1000->1450.02 A^3, 6001916 unit cells tested, 1.21504e+06 tests/s,   Elapsed time=4.9397s
Starting: V=1450.02->1900
      a=13.68-13.72 b=11.62-11.67 c=10.78-10.80 alpha= 97.12- 97.35 beta= 70.82- 70.85 gamma=111.69-112.00 V=1503.99-1514.39level=6, indexed=1(1408 sol.)
      a=0.00684-0.00681 b=0.00858-0.00855 c=0.00964-0.00961 alpha=0.00537-0.00542 beta=0.00005-0.00011 gamma=-0.00498--0.00493level=6, indexed=1(1408 sol.)
 Solution ? a= 13.704 b= 11.644 c= 10.836 alpha= 97.048 beta= 70.967 gamma=111.916 V= 1516.50 score= 11.54 #1408
     a=13.66-13.71 b=11.62-11.67 c=10.77-10.79 alpha= 96.90- 97.13 beta= 71.13- 71.17 gamma=111.58-111.89 V=1504.72-1515.12level=5, indexed=1(1409 sol.)
     a=0.00682-0.00680 b=0.00856-0.00853 c=0.00963-0.00959 alpha=0.00535-0.00539 beta=0.00003-0.00008 gamma=-0.00490--0.00485level=5, indexed=1(1409 sol.)
 Solution ? a= 13.701 b= 11.635 c= 10.817 alpha= 96.916 beta= 70.987 gamma=111.913 V= 1512.55 score= 13.31 #1409
      a=13.69-13.74 b=11.64-11.69 c=10.80-10.82 alpha= 97.28- 97.51 beta= 70.76- 70.80 gamma=112.15-112.47 V=1505.64-1516.13level=6, indexed=1(1585 sol.)
      a=0.00686-0.00684 b=0.00861-0.00858 c=0.00961-0.00958 alpha=0.00550-0.00555 beta=0.00005-0.00011 gamma=-0.00498--0.00493level=6, indexed=1(1585 sol.)
 Solution ? a= 13.701 b= 11.635 c= 10.817 alpha= 96.916 beta= 70.987 gamma=111.913 V= 1512.55 score= 13.31 #1585
      a=13.66-13.71 b=11.57-11.62 c=10.80-10.81 alpha= 97.00- 97.23 beta= 70.86- 70.90 gamma=111.83-112.14 V=1496.74-1507.06level=6, indexed=1(1618 sol.)
      a=0.00686-0.00684 b=0.00867-0.00864 c=0.00961-0.00958 alpha=0.00546-0.00550 beta=0.00000-0.00005 gamma=-0.00498--0.00493level=6, indexed=1(1618 sol.)
 Solution ? a= 13.701 b= 11.635 c= 10.817 alpha= 96.916 beta= 70.987 gamma=111.913 V= 1512.55 score= 13.31 #1618
1666 solutions ! Redparing...
-> 38 remaining
      a=13.64-13.71 b=11.63-11.67 c=10.79-10.83 alpha= 83.51- 83.49 beta=108.77-109.01 gamma=112.04-112.28 V=1502.30-1515.34level=6, indexed=1(42 sol.)
      a=0.00689-0.00686 b=0.00861-0.00858 c=0.00958-0.00955 alpha=0.00555-0.00559 beta=0.00016-0.00021 gamma=0.00493-0.00498level=6, indexed=1(42 sol.)
 Solution ? a= 13.718 b= 11.640 c= 10.802 alpha= 83.731 beta=108.631 gamma=111.954 V= 1515.72 score= 13.41 #  42
      a=13.62-13.69 b=11.59-11.63 c=10.79-10.83 alpha= 83.40- 83.38 beta=108.81-109.05 gamma=111.87-112.11 V=1497.76-1510.71level=6, indexed=1(43 sol.)
      a=0.00689-0.00686 b=0.00864-0.00861 c=0.00958-0.00955 alpha=0.00550-0.00555 beta=0.00011-0.00016 gamma=0.00493-0.00498level=6, indexed=1(43 sol.)
 Solution ? a= 13.707 b= 11.647 c= 10.825 alpha= 83.098 beta=108.977 gamma=111.875 V= 1516.60 score= 11.66 #  43
      a=13.64-13.71 b=11.60-11.65 c=10.79-10.83 alpha= 83.52- 83.51 beta=108.76-109.01 gamma=112.00-112.24 V=1499.13-1512.12level=6, indexed=1(46 sol.)
      a=0.00689-0.00686 b=0.00864-0.00861 c=0.00958-0.00955 alpha=0.00555-0.00559 beta=0.00016-0.00021 gamma=0.00493-0.00498level=6, indexed=1(46 sol.)
 Solution ? a= 13.718 b= 11.640 c= 10.802 alpha= 83.731 beta=108.631 gamma=111.954 V= 1515.72 score= 13.41 #  46
      a=13.64-13.71 b=11.61-11.66 c=10.77-10.80 alpha= 83.13- 83.12 beta=108.73-108.97 gamma=111.86-112.11 V=1499.29-1512.23level=6, indexed=1(49 sol.)
      a=0.00686-0.00684 b=0.00861-0.00858 c=0.00961-0.00958 alpha=0.00546-0.00550 beta=0.00000-0.00005 gamma=0.00487-0.00493level=6, indexed=1(49 sol.)
 Solution ? a= 13.701 b= 11.635 c= 10.817 alpha= 83.084 beta=109.013 gamma=111.913 V= 1512.55 score= 13.31 #  49
      a=13.65-13.72 b=11.62-11.66 c=10.77-10.80 alpha= 83.06- 83.05 beta=108.90-109.15 gamma=111.88-112.13 V=1498.44-1511.39level=6, indexed=1(59 sol.)
      a=0.00686-0.00684 b=0.00861-0.00858 c=0.00964-0.00961 alpha=0.00546-0.00550 beta=0.00000-0.00005 gamma=0.00493-0.00498level=6, indexed=1(59 sol.)
 Solution ? a= 13.701 b= 11.635 c= 10.817 alpha= 83.084 beta=109.013 gamma=111.913 V= 1512.55 score= 13.31 #  59
      a=13.67-13.74 b=11.61-11.65 c=10.79-10.82 alpha= 83.00- 82.98 beta=108.95-109.20 gamma=112.03-112.28 V=1499.94-1512.93level=6, indexed=1(91 sol.)
      a=0.00686-0.00684 b=0.00864-0.00861 c=0.00961-0.00958 alpha=0.00550-0.00555 beta=0.00000-0.00005 gamma=0.00493-0.00498level=6, indexed=1(91 sol.)
 Solution ? a= 13.701 b= 11.635 c= 10.817 alpha= 83.084 beta=109.013 gamma=111.913 V= 1512.55 score= 13.31 #  91
      a=13.65-13.72 b=11.62-11.67 c=10.77-10.81 alpha= 83.14- 83.12 beta=109.03-109.27 gamma=111.98-112.23 V=1497.92-1510.90level=6, indexed=1(99 sol.)
      a=0.00689-0.00686 b=0.00861-0.00858 c=0.00964-0.00961 alpha=0.00550-0.00555 beta=0.00005-0.00011 gamma=0.00498-0.00503level=6, indexed=1(99 sol.)
 Solution ? a= 13.701 b= 11.635 c= 10.817 alpha= 83.084 beta=109.013 gamma=111.913 V= 1512.55 score= 13.31 #  99
      a=13.64-13.71 b=11.62-11.66 c=10.76-10.80 alpha= 83.45- 83.43 beta=108.62-108.86 gamma=111.93-112.18 V=1500.07-1513.04level=6, indexed=1(106 sol.)
      a=0.00686-0.00684 b=0.00861-0.00858 c=0.00961-0.00958 alpha=0.00550-0.00555 beta=0.00011-0.00016 gamma=0.00487-0.00493level=6, indexed=1(106 sol.)
 Solution ? a= 13.718 b= 11.640 c= 10.803 alpha= 83.741 beta=108.638 gamma=111.945 V= 1515.97 score= 13.49 # 106
      a=13.65-13.72 b=11.62-11.66 c=10.77-10.81 alpha= 83.55- 83.54 beta=108.76-109.00 gamma=111.90-112.15 V=1501.36-1514.38level=6, indexed=1(116 sol.)
      a=0.00686-0.00684 b=0.00861-0.00858 c=0.00961-0.00958 alpha=0.00550-0.00555 beta=0.00016-0.00021 gamma=0.00493-0.00498level=6, indexed=1(116 sol.)
 Solution ? a= 13.718 b= 11.640 c= 10.803 alpha= 83.741 beta=108.638 gamma=111.945 V= 1515.97 score= 13.49 # 116
      a=13.63-13.70 b=11.61-11.65 c=10.75-10.79 alpha= 84.01- 84.00 beta=108.42-108.66 gamma=111.77-112.01 V=1498.45-1511.39level=6, indexed=1(149 sol.)
      a=0.00686-0.00684 b=0.00861-0.00858 c=0.00961-0.00958 alpha=0.00550-0.00555 beta=0.00026-0.00032 gamma=0.00487-0.00493level=6, indexed=1(149 sol.)
 Solution ? a= 13.718 b= 11.640 c= 10.803 alpha= 83.741 beta=108.638 gamma=111.945 V= 1515.97 score= 13.49 # 149
1260 solutions ! Redparing...
-> 62 remaining
1292 solutions ! Redparing...
-> 73 remaining
      a=13.97-14.01 b=12.54-12.59 c=12.62-12.66 alpha=112.21-112.52 beta= 62.19- 62.15 gamma=110.50-110.82 V=1767.89-1781.01level=6, indexed=1(281 sol.)
      a=0.00686-0.00684 b=0.00777-0.00775 c=0.00861-0.00858 alpha=0.00310-0.00314 beta=0.00424-0.00428 gamma=-0.00592--0.00587level=6, indexed=1(281 sol.)
 Solution ? a= 14.018 b= 12.519 c= 12.621 alpha=112.396 beta= 62.309 gamma=110.685 V= 1770.74 score= 14.75 # 281
      a=13.99-14.03 b=12.54-12.60 c=12.61-12.65 alpha=112.25-112.56 beta= 62.02- 61.98 gamma=110.56-110.88 V=1767.31-1780.43level=6, indexed=1(282 sol.)
      a=0.00686-0.00684 b=0.00777-0.00775 c=0.00864-0.00861 alpha=0.00310-0.00314 beta=0.00424-0.00428 gamma=-0.00598--0.00592level=6, indexed=1(282 sol.)
 Solution ? a= 14.018 b= 12.519 c= 12.621 alpha=112.396 beta= 62.309 gamma=110.685 V= 1770.74 score= 14.75 # 282
      a=13.96-14.00 b=12.53-12.59 c=12.59-12.62 alpha=112.16-112.47 beta= 62.25- 62.21 gamma=110.47-110.78 V=1763.50-1776.56level=6, indexed=1(283 sol.)
      a=0.00686-0.00684 b=0.00777-0.00775 c=0.00864-0.00861 alpha=0.00310-0.00314 beta=0.00424-0.00428 gamma=-0.00592--0.00587level=6, indexed=1(283 sol.)
 Solution ? a= 14.018 b= 12.519 c= 12.621 alpha=112.396 beta= 62.309 gamma=110.685 V= 1770.74 score= 14.75 # 283
      a=14.00-14.04 b=12.56-12.61 c=12.63-12.67 alpha=112.43-112.73 beta= 61.96- 61.92 gamma=110.65-110.96 V=1769.57-1782.75level=6, indexed=1(284 sol.)
      a=0.00686-0.00684 b=0.00777-0.00775 c=0.00864-0.00861 alpha=0.00310-0.00314 beta=0.00428-0.00432 gamma=-0.00598--0.00592level=6, indexed=1(284 sol.)
 Solution ? a= 14.018 b= 12.519 c= 12.621 alpha=112.396 beta= 62.309 gamma=110.685 V= 1770.74 score= 14.75 # 284
      a=13.96-14.00 b=12.55-12.61 c=12.62-12.66 alpha=112.40-112.70 beta= 62.02- 61.98 gamma=110.60-110.91 V=1764.95-1778.07level=6, indexed=1(289 sol.)
      a=0.00689-0.00686 b=0.00777-0.00775 c=0.00864-0.00861 alpha=0.00310-0.00314 beta=0.00428-0.00432 gamma=-0.00598--0.00592level=6, indexed=1(289 sol.)
 Solution ? a= 14.018 b= 12.519 c= 12.621 alpha=112.396 beta= 62.309 gamma=110.685 V= 1770.74 score= 14.75 # 289
      a=14.01-14.05 b=12.50-12.56 c=12.62-12.66 alpha=112.29-112.60 beta= 62.00- 61.96 gamma=110.42-110.74 V=1765.48-1778.55level=6, indexed=1(1297 sol.)
      a=0.00684-0.00681 b=0.00782-0.00780 c=0.00864-0.00861 alpha=0.00306-0.00310 beta=0.00428-0.00432 gamma=-0.00598--0.00592level=6, indexed=1(1297 sol.)
 Solution ? a= 14.018 b= 12.519 c= 12.621 alpha=112.396 beta= 62.309 gamma=110.685 V= 1770.74 score= 14.75 #1297
      a=14.03-14.07 b=12.49-12.54 c=12.64-12.68 alpha=112.49-112.80 beta= 61.90- 61.86 gamma=110.64-110.96 V=1763.80-1776.89level=6, indexed=1(1354 sol.)
      a=0.00684-0.00681 b=0.00786-0.00784 c=0.00864-0.00861 alpha=0.00310-0.00314 beta=0.00432-0.00437 gamma=-0.00598--0.00592level=6, indexed=1(1354 sol.)
 Solution ? a= 14.018 b= 12.519 c= 12.621 alpha=112.396 beta= 62.309 gamma=110.685 V= 1770.74 score= 14.75 #1354
      a=13.99-14.03 b=12.56-12.61 c=12.61-12.65 alpha=112.61-112.91 beta= 62.26- 62.22 gamma=110.64-110.95 V=1767.90-1781.10level=6, indexed=1(2082 sol.)
      a=0.00684-0.00681 b=0.00780-0.00777 c=0.00864-0.00861 alpha=0.00310-0.00314 beta=0.00437-0.00441 gamma=-0.00587--0.00582level=6, indexed=1(2082 sol.)
 Solution ? a= 14.018 b= 12.519 c= 12.621 alpha=112.396 beta= 62.309 gamma=110.685 V= 1770.74 score= 14.75 #2082
2313 solutions ! Redparing...
-> 85 remaining
      a=13.98-14.03 b=12.47-12.53 c=12.61-12.65 alpha=112.02-112.32 beta= 62.34- 62.30 gamma=110.51-110.82 V=1763.77-1776.81level=6, indexed=1(291 sol.)
      a=0.00684-0.00681 b=0.00784-0.00782 c=0.00858-0.00855 alpha=0.00314-0.00319 beta=0.00420-0.00424 gamma=-0.00587--0.00582level=6, indexed=1(291 sol.)
 Solution ? a= 14.018 b= 12.519 c= 12.621 alpha=112.396 beta= 62.309 gamma=110.685 V= 1770.74 score= 14.75 # 291
1729 solutions ! Redparing...
-> 98 remaining
1818 solutions ! Redparing...
-> 100 remaining
1642 solutions ! Redparing...
CellExplorer::ReduceSolutions(): update threshold for report from 8 to 8.01706
-> 100 remaining
1191 solutions ! Redparing...
CellExplorer::ReduceSolutions(): update threshold for report from 8.01706 to 8.29973
-> 100 remaining
2768 solutions ! Redparing...
CellExplorer::ReduceSolutions(): update threshold for report from 8.29973 to 8.55167
-> 100 remaining
1116 solutions ! Redparing...
CellExplorer::ReduceSolutions(): update threshold for report from 8.55167 to 8.73631
-> 100 remaining
1660 solutions ! Redparing...
CellExplorer::ReduceSolutions(): update threshold for report from 8.73631 to 8.85131
-> 100 remaining
1656 solutions ! Redparing...
CellExplorer::ReduceSolutions(): update threshold for report from 8.85131 to 9.04971
-> 100 remaining
1198 solutions ! Redparing...
CellExplorer::ReduceSolutions(): update threshold for report from 9.04971 to 9.05893
-> 100 remaining
1870 solutions ! Redparing...
CellExplorer::ReduceSolutions(): update threshold for report from 9.05893 to 9.23156
-> 100 remaining
2667 solutions ! Redparing...
CellExplorer::ReduceSolutions(): update threshold for report from 9.23156 to 9.3154
-> 100 remaining
1236 solutions ! Redparing...
-> 100 remaining
1396 solutions ! Redparing...
-> 100 remaining
2531 solutions ! Redparing...
-> 100 remaining
2829 solutions ! Redparing...
-> 100 remaining
     a=20.89-20.91 b=11.73-11.76 c= 6.54- 6.56 alpha=100.43-100.60 beta= 84.23- 84.20 gamma=100.66-100.76 V=1544.50-1555.67level=5, indexed=1(661 sol.)
     a=0.00238-0.00238 b=0.00774-0.00771 c=0.02431-0.02414 alpha=0.00146-0.00147 beta=0.00456-0.00461 gamma=-0.00106--0.00105level=5, indexed=1(661 sol.)
 Solution ? a= 20.874 b= 11.748 c=  6.555 alpha=100.386 beta= 84.530 gamma=100.836 V= 1549.77 score= 15.20 # 661
      a=20.86-20.89 b=11.71-11.74 c= 6.54- 6.57 alpha=100.25-100.41 beta= 84.42- 84.39 gamma=100.53-100.62 V=1543.50-1554.66level=6, indexed=1(1001 sol.)
      a=0.00239-0.00238 b=0.00775-0.00772 c=0.02423-0.02405 alpha=0.00145-0.00146 beta=0.00449-0.00453 gamma=-0.00102--0.00101level=6, indexed=1(1001 sol.)
 Solution ? a= 20.874 b= 11.748 c=  6.555 alpha=100.386 beta= 84.530 gamma=100.836 V= 1549.77 score= 15.20 #1001
      a=20.86-20.89 b=11.71-11.74 c= 6.54- 6.57 alpha=100.24-100.41 beta= 84.46- 84.43 gamma=100.52-100.62 V=1543.41-1554.57level=6, indexed=1(1020 sol.)
      a=0.00239-0.00238 b=0.00775-0.00772 c=0.02423-0.02405 alpha=0.00145-0.00146 beta=0.00449-0.00453 gamma=-0.00101--0.00100level=6, indexed=1(1020 sol.)
 Solution ? a= 20.874 b= 11.748 c=  6.555 alpha=100.386 beta= 84.530 gamma=100.836 V= 1549.77 score= 15.20 #1020
      a=20.86-20.89 b=11.71-11.74 c= 6.54- 6.57 alpha=100.24-100.40 beta= 84.49- 84.46 gamma=100.52-100.61 V=1543.33-1554.48level=6, indexed=1(1021 sol.)
      a=0.00239-0.00238 b=0.00775-0.00772 c=0.02423-0.02405 alpha=0.00145-0.00146 beta=0.00449-0.00453 gamma=-0.00100--0.00099level=6, indexed=1(1021 sol.)
 Solution ? a= 20.874 b= 11.748 c=  6.555 alpha=100.386 beta= 84.530 gamma=100.836 V= 1549.77 score= 15.20 #1021
      a=20.86-20.89 b=11.72-11.75 c= 6.55- 6.57 alpha=100.35-100.52 beta= 84.40- 84.37 gamma=100.54-100.63 V=1544.01-1555.19level=6, indexed=1(1028 sol.)
      a=0.00239-0.00238 b=0.00775-0.00772 c=0.02423-0.02405 alpha=0.00145-0.00146 beta=0.00453-0.00458 gamma=-0.00102--0.00101level=6, indexed=1(1028 sol.)
 Solution ? a= 20.874 b= 11.748 c=  6.555 alpha=100.386 beta= 84.530 gamma=100.836 V= 1549.77 score= 15.20 #1028
      a=20.87-20.89 b=11.71-11.75 c= 6.54- 6.57 alpha=100.25-100.42 beta= 84.41- 84.38 gamma=100.58-100.68 V=1543.77-1554.93level=6, indexed=1(1060 sol.)
      a=0.00239-0.00238 b=0.00775-0.00772 c=0.02423-0.02405 alpha=0.00146-0.00147 beta=0.00449-0.00453 gamma=-0.00102--0.00101level=6, indexed=1(1060 sol.)
 Solution ? a= 20.874 b= 11.748 c=  6.555 alpha=100.386 beta= 84.530 gamma=100.836 V= 1549.77 score= 15.20 #1060
      a=20.87-20.89 b=11.71-11.74 c= 6.54- 6.57 alpha=100.24-100.40 beta= 84.48- 84.45 gamma=100.57-100.66 V=1543.59-1554.75level=6, indexed=1(1089 sol.)
      a=0.00239-0.00238 b=0.00775-0.00772 c=0.02423-0.02405 alpha=0.00146-0.00147 beta=0.00449-0.00453 gamma=-0.00100--0.00099level=6, indexed=1(1089 sol.)
 Solution ? a= 20.874 b= 11.748 c=  6.555 alpha=100.386 beta= 84.530 gamma=100.836 V= 1549.77 score= 15.20 #1089
      a=20.87-20.89 b=11.72-11.75 c= 6.55- 6.57 alpha=100.35-100.52 beta= 84.43- 84.40 gamma=100.59-100.68 V=1544.19-1555.37level=6, indexed=1(1125 sol.)
      a=0.00239-0.00238 b=0.00775-0.00772 c=0.02423-0.02405 alpha=0.00146-0.00147 beta=0.00453-0.00458 gamma=-0.00101--0.00100level=6, indexed=1(1125 sol.)
 Solution ? a= 20.874 b= 11.748 c=  6.555 alpha=100.386 beta= 84.530 gamma=100.836 V= 1549.77 score= 15.20 #1125
      a=20.88-20.91 b=11.71-11.74 c= 6.54- 6.57 alpha=100.23-100.39 beta= 84.52- 84.49 gamma=100.52-100.62 V=1544.78-1555.95level=6, indexed=1(1147 sol.)
      a=0.00238-0.00238 b=0.00775-0.00772 c=0.02423-0.02405 alpha=0.00145-0.00146 beta=0.00449-0.00453 gamma=-0.00099--0.00098level=6, indexed=1(1147 sol.)
 Solution ? a= 20.874 b= 11.748 c=  6.555 alpha=100.386 beta= 84.530 gamma=100.836 V= 1549.77 score= 15.20 #1147
      a=20.86-20.89 b=11.72-11.75 c= 6.54- 6.57 alpha=100.33-100.50 beta= 84.50- 84.47 gamma=100.52-100.62 V=1543.75-1554.92level=6, indexed=1(1197 sol.)
      a=0.00239-0.00238 b=0.00775-0.00772 c=0.02423-0.02405 alpha=0.00145-0.00146 beta=0.00453-0.00458 gamma=-0.00099--0.00098level=6, indexed=1(1197 sol.)
 Solution ? a= 20.874 b= 11.748 c=  6.555 alpha=100.386 beta= 84.530 gamma=100.836 V= 1549.77 score= 15.20 #1197
      a=20.88-20.91 b=11.72-11.75 c= 6.55- 6.57 alpha=100.43-100.59 beta= 84.55- 84.52 gamma=100.53-100.62 V=1545.64-1556.83level=6, indexed=1(1207 sol.)
      a=0.00238-0.00238 b=0.00775-0.00772 c=0.02423-0.02405 alpha=0.00145-0.00146 beta=0.00458-0.00463 gamma=-0.00097--0.00097level=6, indexed=1(1207 sol.)
 Solution ? a= 20.874 b= 11.748 c=  6.555 alpha=100.386 beta= 84.530 gamma=100.836 V= 1549.77 score= 15.20 #1207
2969 solutions ! Redparing...
CellExplorer::ReduceSolutions(): update threshold for report from 9.3154 to 9.36844
-> 100 remaining
      a=20.86-20.89 b=11.72-11.75 c= 6.55- 6.57 alpha=100.42-100.59 beta= 84.60- 84.57 gamma=100.61-100.71 V=1544.46-1555.64level=6, indexed=1(369 sol.)
      a=0.00239-0.00238 b=0.00775-0.00772 c=0.02423-0.02405 alpha=0.00147-0.00148 beta=0.00458-0.00463 gamma=-0.00096--0.00095level=6, indexed=1(369 sol.)
 Solution ? a= 20.874 b= 11.748 c=  6.555 alpha=100.386 beta= 84.530 gamma=100.836 V= 1549.77 score= 15.20 # 369
1474 solutions ! Redparing...
CellExplorer::ReduceSolutions(): update threshold for report from 9.36844 to 9.41025
-> 100 remaining
1475 solutions ! Redparing...
-> 100 remaining
3812 solutions ! Redparing...
CellExplorer::ReduceSolutions(): update threshold for report from 9.41025 to 9.43003
-> 100 remaining
3057 solutions ! Redparing...
CellExplorer::ReduceSolutions(): update threshold for report from 9.43003 to 9.46776
-> 100 remaining
2092 solutions ! Redparing...
-> 100 remaining
1855 solutions ! Redparing...
-> 100 remaining
1591 solutions ! Redparing...
-> 100 remaining
1157 solutions ! Redparing...
-> 100 remaining
2983 solutions ! Redparing...
-> 100 remaining
3275 solutions ! Redparing...
-> 100 remaining
1580 solutions ! Redparing...
-> 100 remaining
2932 solutions ! Redparing...
-> 100 remaining
1161 solutions ! Redparing...
-> 100 remaining
1562 solutions ! Redparing...
-> 100 remaining
      a=20.84-20.87 b=11.73-11.77 c= 6.55- 6.57 alpha=100.41-100.58 beta= 84.23- 84.20 gamma=101.00-101.10 V=1542.11-1553.29level=6, indexed=1(1422 sol.)
      a=0.00240-0.00240 b=0.00775-0.00772 c=0.02423-0.02405 alpha=0.00152-0.00153 beta=0.00453-0.00458 gamma=-0.00104--0.00103level=6, indexed=1(1422 sol.)
 Solution ? a= 20.874 b= 11.748 c=  6.555 alpha=100.386 beta= 84.530 gamma=100.836 V= 1549.77 score= 15.20 #1422
      a=20.82-20.85 b=11.75-11.78 c= 6.55- 6.57 alpha=100.39-100.56 beta= 84.37- 84.34 gamma=100.79-100.89 V=1543.83-1555.03level=6, indexed=1(2382 sol.)
      a=0.00240-0.00240 b=0.00772-0.00769 c=0.02423-0.02405 alpha=0.00149-0.00150 beta=0.00453-0.00458 gamma=-0.00102--0.00101level=6, indexed=1(2382 sol.)
 Solution ? a= 20.874 b= 11.748 c=  6.555 alpha=100.386 beta= 84.530 gamma=100.836 V= 1549.77 score= 15.20 #2382
2667 solutions ! Redparing...
-> 100 remaining
      a=20.82-20.85 b=11.70-11.73 c= 6.54- 6.57 alpha=100.25-100.41 beta= 84.45- 84.42 gamma=100.84-100.93 V=1537.54-1548.65level=6, indexed=1(1198 sol.)
      a=0.00240-0.00240 b=0.00778-0.00775 c=0.02423-0.02405 alpha=0.00151-0.00151 beta=0.00449-0.00453 gamma=-0.00100--0.00099level=6, indexed=1(1198 sol.)
 Solution ? a= 20.874 b= 11.748 c=  6.555 alpha=100.386 beta= 84.530 gamma=100.836 V= 1549.77 score= 15.20 #1198
1337 solutions ! Redparing...
-> 100 remaining
1116 solutions ! Redparing...
-> 100 remaining
2199 solutions ! Redparing...
-> 100 remaining
      a=20.85-20.87 b=11.74-11.77 c= 6.54- 6.57 alpha=100.34-100.50 beta= 84.64- 84.61 gamma=100.66-100.76 V=1545.67-1556.87level=6, indexed=1(1076 sol.)
      a=0.00239-0.00239 b=0.00772-0.00769 c=0.02423-0.02405 alpha=0.00148-0.00148 beta=0.00453-0.00458 gamma=-0.00095--0.00094level=6, indexed=1(1076 sol.)
 Solution ? a= 20.874 b= 11.748 c=  6.555 alpha=100.386 beta= 84.530 gamma=100.836 V= 1549.77 score= 15.20 #1076
      a=20.85-20.88 b=11.73-11.76 c= 6.54- 6.57 alpha=100.41-100.58 beta= 84.73- 84.70 gamma=100.79-100.88 V=1543.58-1554.76level=6, indexed=1(1516 sol.)
      a=0.00239-0.00239 b=0.00775-0.00772 c=0.02423-0.02405 alpha=0.00150-0.00151 beta=0.00458-0.00463 gamma=-0.00091--0.00091level=6, indexed=1(1516 sol.)
 Solution ? a= 20.874 b= 11.748 c=  6.555 alpha=100.386 beta= 84.530 gamma=100.836 V= 1549.77 score= 15.20 #1516
2715 solutions ! Redparing...
-> 100 remaining
2474 solutions ! Redparing...
-> 100 remaining
5192 solutions ! Redparing...
-> 100 remaining
2713 solutions ! Redparing...
-> 100 remaining
1243 solutions ! Redparing...
-> 100 remaining
2175 solutions ! Redparing...
-> 100 remaining
1865 solutions ! Redparing...
-> 100 remaining
3185 solutions ! Redparing...
-> 100 remaining
2513 solutions ! Redparing...
CellExplorer::ReduceSolutions(): update threshold for report from 9.46776 to 9.48629
-> 100 remaining
2994 solutions ! Redparing...
-> 100 remaining
2315 solutions ! Redparing...
CellExplorer::ReduceSolutions(): update threshold for report from 9.48629 to 9.56648
-> 100 remaining
1472 solutions ! Redparing...
-> 100 remaining
1318 solutions ! Redparing...
CellExplorer::ReduceSolutions(): update threshold for report from 9.56648 to 9.6394
-> 100 remaining
1110 solutions ! Redparing...
CellExplorer::ReduceSolutions(): update threshold for report from 9.6394 to 9.64878
-> 100 remaining
      a=20.77-20.79 b=11.58-11.61 c= 7.88- 7.91 alpha= 96.60- 96.76 beta= 87.51- 87.51 gamma=100.02-100.10 V=1855.07-1867.07level=6, indexed=1(413 sol.)
      a=0.00239-0.00239 b=0.00778-0.00775 c=0.01631-0.01621 alpha=0.00147-0.00148 beta=0.00246-0.00251 gamma=-0.00030--0.00029level=6, indexed=1(413 sol.)
 Solution ? a= 20.781 b= 11.630 c=  7.917 alpha= 96.660 beta= 87.221 gamma=100.312 V= 1869.09 score= 15.41 # 413
1227 solutions ! Redparing...
CellExplorer::ReduceSolutions(): update threshold for report from 9.64878 to 9.66223
-> 100 remaining
1892 solutions ! Redparing...
CellExplorer::ReduceSolutions(): update threshold for report from 9.66223 to 9.66677
-> 100 remaining
      a=20.81-20.83 b=11.56-11.58 c= 7.95- 7.98 alpha= 94.28- 94.42 beta= 93.75- 93.78 gamma= 99.34- 99.41 V=1875.00-1887.17level=6, indexed=1(1300 sol.)
      a=0.00239-0.00238 b=0.00775-0.00772 c=0.01601-0.01591 alpha=0.00145-0.00145 beta=0.00193-0.00198 gamma=0.00097-0.00098level=6, indexed=1(1300 sol.)
 Solution ? a= 20.769 b= 11.536 c=  8.003 alpha= 94.630 beta= 93.728 gamma= 99.328 V= 1880.15 score= 16.08 #1300
      a=20.81-20.83 b=11.56-11.58 c= 7.95- 7.98 alpha= 94.27- 94.41 beta= 93.79- 93.82 gamma= 99.34- 99.41 V=1875.09-1887.26level=6, indexed=1(1301 sol.)
      a=0.00239-0.00238 b=0.00775-0.00772 c=0.01601-0.01591 alpha=0.00145-0.00145 beta=0.00193-0.00198 gamma=0.00098-0.00099level=6, indexed=1(1301 sol.)
 Solution ? a= 20.769 b= 11.536 c=  8.003 alpha= 94.630 beta= 93.728 gamma= 99.328 V= 1880.15 score= 16.08 #1301
      a=20.81-20.84 b=11.53-11.56 c= 7.95- 7.98 alpha= 94.26- 94.39 beta= 93.83- 93.86 gamma= 99.37- 99.44 V=1871.83-1883.97level=6, indexed=1(1435 sol.)
      a=0.00239-0.00238 b=0.00778-0.00775 c=0.01601-0.01591 alpha=0.00145-0.00146 beta=0.00193-0.00198 gamma=0.00099-0.00100level=6, indexed=1(1435 sol.)
 Solution ? a= 20.769 b= 11.536 c=  8.003 alpha= 94.630 beta= 93.728 gamma= 99.328 V= 1880.15 score= 16.08 #1435
1821 solutions ! Redparing...
CellExplorer::ReduceSolutions(): update threshold for report from 9.66677 to 9.6836
-> 100 remaining
1208 solutions ! Redparing...
CellExplorer::ReduceSolutions(): update threshold for report from 9.6836 to 9.70822
-> 100 remaining
1527 solutions ! Redparing...
CellExplorer::ReduceSolutions(): update threshold for report from 9.70822 to 9.76722
-> 100 remaining
1893 solutions ! Redparing...
-> 100 remaining
1141 solutions ! Redparing...
CellExplorer::ReduceSolutions(): update threshold for report from 9.76722 to 9.79273
-> 100 remaining
3931 solutions ! Redparing...
CellExplorer::ReduceSolutions(): update threshold for report from 9.79273 to 9.83092
-> 100 remaining
1419 solutions ! Redparing...
CellExplorer::ReduceSolutions(): update threshold for report from 9.83092 to 9.84085
-> 100 remaining
1461 solutions ! Redparing...
-> 100 remaining
1847 solutions ! Redparing...
CellExplorer::ReduceSolutions(): update threshold for report from 9.84085 to 9.84891
-> 100 remaining
1761 solutions ! Redparing...
-> 100 remaining
1551 solutions ! Redparing...
-> 100 remaining
3769 solutions ! Redparing...
CellExplorer::ReduceSolutions(): update threshold for report from 9.84891 to 9.93422
-> 100 remaining
3817 solutions ! Redparing...
CellExplorer::ReduceSolutions(): update threshold for report from 9.93422 to 10.065
-> 100 remaining
1175 solutions ! Redparing...
-> 100 remaining
1386 solutions ! Redparing...
-> 100 remaining
1492 solutions ! Redparing...
-> 100 remaining
2210 solutions ! Redparing...
-> 100 remaining
1351 solutions ! Redparing...
-> 100 remaining
1371 solutions ! Redparing...
-> 100 remaining
1788 solutions ! Redparing...
-> 100 remaining
2269 solutions ! Redparing...
-> 100 remaining
1835 solutions ! Redparing...
-> 100 remaining
1501 solutions ! Redparing...
-> 100 remaining
2050 solutions ! Redparing...
-> 100 remaining
1138 solutions ! Redparing...
-> 100 remaining
1497 solutions ! Redparing...
-> 100 remaining
1963 solutions ! Redparing...
-> 100 remaining
2551 solutions ! Redparing...
-> 100 remaining
1241 solutions ! Redparing...
-> 100 remaining
