METRIC_INDEX X1db5091 MONOCLINIC P peaks [7.254743968012524, 8.143017317930369, 8.568279189206713, 9.471402091710166, 12.921347359968404, 13.903177183206715, 14.075129812772358, 14.561771135087692, 15.349745589053027, 16.38624992610683, 17.273445072004794, 17.626754157786365, 18.62156983392243, 19.05397410284524, 19.474581085489167, 20.98063870290937, 21.410517679144846, 21.952646185146563, 22.536986950702673, 23.888646236909892, 24.73591027040345, 25.34210988623535, 28.57037731161938, 29.686799672246607, 30.861371136833988, 32.07260422324953, 34.44825481065948, 35.61806634746581] bounds [(0.02, 0.2857142857142857), (0.02, 0.2857142857142857), (0.02, 0.2857142857142857), (0.0, 0.7), (-0.1, 0.1)] volume 1050.0 3100.0
TRIAL 0 sec 10.35834813117981 cost 1.0014421454540061 score 2.4492708086048363 vol 1142.733832645129 cell [ 12.7794   3.5303  28.9143  90.     118.8341  90.    ] zero 0.09999999999999999 best 1.0014421454540061 diff [-0.1753 -0.1482 -0.5507  0.2301  0.0023  0.0596 -0.0008 -0.0073 -0.0072
 -0.3859 -0.1607 -0.0342  0.0076  0.174  -0.104  -0.0218  0.0039 -0.0013
  0.0291  0.0369  0.0083  0.0093  0.033   0.0007  0.0016 -0.0211 -0.0008
  0.0007]
TRIAL 1 sec 18.938698768615723 cost 1.092508119658376 score 2.209095243480617 vol 1120.9808373800659 cell [ 12.7394   3.5086  28.8295  90.     119.5508  90.    ] zero -0.026336796617919336 best 1.0014421454540061 diff [-0.2344 -0.1962 -0.6026  0.1046  0.0533 -0.0135  0.0126 -0.0285 -0.0045
 -0.2985 -0.2963  0.0149 -0.0329  0.1921 -0.1146  0.0237  0.0096 -0.0073
 -0.0492  0.1572  0.0095 -0.0038  0.0052  0.0073  0.0026 -0.0046 -0.0149
  0.0018]
TRIAL 2 sec 23.34081220626831 cost 0.9078386895818441 score 2.687693996878717 vol 1074.5315771947758 cell [ 12.3893   4.5765  20.4933  90.     112.3692  90.    ] zero -0.09999999990000001 best 0.9078386895818441 diff [-0.0186 -0.5214  0.6907  0.0063  0.1502  0.0052  0.0309  0.0405  0.0063
 -0.0346 -0.0678  0.0583 -0.0074  0.0687 -0.1948 -0.1445 -0.004   0.0007
  0.0196  0.0035  0.0462  0.0231  0.009  -0.0929 -0.0733  0.028  -0.0148
 -0.0123]
TRIAL 3 sec 28.455530405044556 cost 1.266292910286648 score 1.8445051005438633 vol 1102.5318175289 cell [ 28.1851   3.6277  13.2249  90.     125.3767  90.    ] zero -0.056415296785468735 best 0.9078386895818441 diff [-0.0117 -0.0064 -0.4237 -0.     -0.4008  0.1789  0.0052  0.0104  0.0042
 -0.0147  0.3222 -0.035   0.2682  0.0116  0.0497  0.1473 -0.1621  0.0094
  0.1077 -0.0781  0.0352  0.0577 -0.01   -0.0019  0.0239 -0.0754 -0.0234
 -0.0023]
TRIAL 4 sec 33.063658475875854 cost 0.22167473951468605 score 6.188694081906487 vol 1908.6818158746212 cell [ 42.6658   3.7033  12.6348  90.     107.0427  90.    ] zero -0.0935897921891211 best 0.22167473951468605 diff [-2.270e-02  8.000e-04  2.400e-03 -1.600e-03 -3.400e-03  1.100e-02
 -1.000e-04 -1.000e-03 -8.400e-03 -1.030e-02  1.080e-02 -5.200e-03
  1.530e-02 -1.560e-02  1.900e-03  3.400e-03  9.700e-03  1.120e-02
  1.712e-01  2.870e-02 -1.690e-02 -1.140e-02  5.400e-03  1.700e-03
 -3.480e-02 -1.700e-03 -1.090e-02  3.700e-03]
TRIAL 5 sec 37.94099497795105 cost 0.5301637756843504 score 3.3256300555994045 vol 1836.6662075020454 cell [ 42.8545   3.5197  12.7239  90.     106.8647  90.    ] zero -0.03690016315673829 best 0.22167473951468605 diff [-0.0085  0.0176  0.0123  0.0136 -0.0169 -0.0311 -0.0206 -0.0027  0.0049
  0.0139 -0.0264  0.026   0.0336  0.0194 -0.0472  0.0084 -0.0404 -0.0205
  0.0388 -0.0052 -0.0094 -0.0011  0.0208  0.0099 -0.0011 -0.0024 -0.2313
  0.0286]
TRIAL 6 sec 42.71768641471863 cost 0.8741403289251088 score 2.7067610596346587 vol 1678.8081268688702 cell [ 23.4455   3.5044  25.1259  90.     125.5882  90.    ] zero -0.05958246672354214 best 0.22167473951468605 diff [-0.2693  0.0065  0.0206 -0.2596  0.0069 -0.0398 -0.0241 -0.0162 -0.1471
 -0.004   0.0131 -0.0013 -0.054   0.1848 -0.0053  0.0089  0.012  -0.0087
  0.1209  0.0365  0.0031 -0.006  -0.0064  0.0116 -0.0014  0.0057 -0.0015
 -0.0069]
TRIAL 7 sec 45.01290512084961 cost 0.9405862699578249 score 2.201500976539014 vol 1215.538541091885 cell [19.1245  5.0384 12.6372 90.     93.3957 90.    ] zero 0.05151409239516841 best 0.22167473951468605 diff [-1.973e-01  7.050e-02  1.037e-01 -1.602e-01 -8.897e-01  5.330e-02
  5.700e-03  4.500e-03 -9.180e-02  3.100e-02  6.800e-02  1.330e-02
  5.700e-03 -5.080e-02 -5.700e-03  1.370e-02 -1.020e-02 -7.700e-03
  4.400e-03 -5.800e-03 -2.930e-02  4.013e-01 -2.010e-02 -4.870e-02
  5.410e-02 -7.000e-04  7.200e-03 -5.200e-03]
TRIAL 8 sec 46.6611852645874 cost 0.905734977989751 score 2.6746592933386912 vol 1086.4660519006331 cell [ 20.5947   4.5887  12.4563  90.     112.6365  90.    ] zero -0.0449693751249592 best 0.22167473951468605 diff [-9.900e-03 -4.915e-01  7.152e-01 -1.900e-03  1.282e-01  1.780e-02
  6.200e-02  2.400e-03  7.300e-03 -9.080e-02 -1.014e-01  7.000e-02
 -9.200e-03 -3.700e-03 -1.912e-01 -1.292e-01  3.140e-02  4.000e-04
 -6.650e-02 -9.000e-03  2.620e-02  8.400e-03 -1.600e-03  1.088e-01
  1.910e-02 -5.500e-03 -4.280e-02  8.000e-04]
TRIAL 9 sec 50.25523090362549 cost 1.0362488890169799 score 2.3028542892929313 vol 1288.1940411049648 cell [ 12.4684   3.714   28.3338  90.     100.9468  90.    ] zero -0.07899201203783751 best 0.22167473951468605 diff [-0.023   0.2016  0.0152 -0.02    0.0156  0.2228  0.0483  0.0106 -0.0391
 -0.2779  0.0218 -0.33    0.0147 -0.0057 -0.1532  0.0013 -0.0079  0.0213
 -0.0181 -0.027  -0.0008 -0.0017 -0.0214  0.015   0.0575 -0.0006 -0.0358
  0.0788]
TRIAL 10 sec 54.06750702857971 cost 0.9078386894983601 score 2.687693996972613 vol 1074.5315771903115 cell [ 25.4449   4.5765  12.3893  90.     131.8588  90.    ] zero -0.09999999990000001 best 0.22167473951468605 diff [-0.0186 -0.5214  0.6907  0.0063  0.1502  0.0052  0.0309  0.0405  0.0063
 -0.0346 -0.0678  0.0583 -0.0074  0.0687 -0.1948 -0.1445 -0.004   0.0007
  0.0196  0.0035  0.0462  0.0231  0.009  -0.0929 -0.0733  0.028  -0.0148
 -0.0123]
TRIAL 11 sec 56.09944558143616 cost 0.9078386897039533 score 2.687693996907096 vol 1074.5315771990647 cell [ 20.4933   4.5765  12.3893  90.     112.3692  90.    ] zero -0.09999999990000001 best 0.22167473951468605 diff [-0.0186 -0.5214  0.6907  0.0063  0.1502  0.0052  0.0309  0.0405  0.0063
 -0.0346 -0.0678  0.0583 -0.0074  0.0687 -0.1948 -0.1445 -0.004   0.0007
  0.0196  0.0035  0.0462  0.0231  0.009  -0.0929 -0.0733  0.028  -0.0148
 -0.0123]
TRIAL 12 sec 58.34637784957886 cost 1.0922792093250369 score 1.9800233347269398 vol 1031.1961852866143 cell [19.1841  4.2496 12.6713 90.     93.4041 90.    ] zero 0.09225640332728083 best 0.22167473951468605 diff [-0.1747  0.0877  0.1206 -0.1475 -0.8808  0.0508  0.0089  0.0052 -0.0976
  0.0245  0.0609 -0.2883 -0.0113  0.1822  0.0328 -0.0014 -0.0281 -0.026
  0.0051 -0.0146  0.0196 -0.0215  0.0018  0.2326  0.0058  0.0045 -0.1699
 -0.0013]
TRIAL 13 sec 60.71896743774414 cost 0.15370587099035254 score 10.779163653303558 vol 2180.0392043244365 cell [ 42.839    4.2066  12.6679  90.     107.2607  90.    ] zero -0.05742996815362486 best 0.15370587099035254 diff [-0.0106 -0.0012  0.0134 -0.0021 -0.005   0.01    0.0031  0.0049 -0.0011
 -0.003  -0.0036  0.0007  0.0117  0.0085 -0.0189 -0.0165 -0.0024  0.0016
  0.0796 -0.0353 -0.0007 -0.0025 -0.0026  0.0059 -0.0003  0.0046 -0.0002
 -0.0006]
TRIAL 14 sec 62.73612427711487 cost 0.9102067207288671 score 2.770158875162454 vol 1103.447201964462 cell [ 12.4136   4.6989  19.4653  90.     103.6272  90.    ] zero -0.09999999990000001 best 0.15370587099035254 diff [-3.280e-02 -5.299e-01  7.089e-01  2.000e-04  1.553e-01  3.070e-02
  4.740e-02  1.200e-02 -1.210e-02 -5.680e-02 -5.220e-02  5.280e-02
  2.660e-02  5.640e-02 -1.253e-01  1.410e-02 -4.710e-02  3.420e-02
  1.850e-02 -1.600e-03 -2.012e-01  7.900e-03 -1.600e-03  5.010e-02
 -2.800e-02 -6.500e-03 -1.200e-03 -3.010e-02]
TRIAL 15 sec 71.21769213676453 cost 1.1803129816039497 score 1.9255937094539353 vol 1135.515139164514 cell [ 12.8363   3.7289  29.1973  90.     125.6582  90.    ] zero 0.04641913830454207 best 0.15370587099035254 diff [ 0.1166  0.381  -0.0502 -0.1349 -0.7331 -0.009  -0.0283  0.1645  0.045
  0.0091 -0.2359 -0.0079  0.0633 -0.2203 -0.0016  0.1325 -0.0065  0.1326
 -0.0218  0.001   0.0234  0.0379 -0.0097 -0.0335  0.0131 -0.0014 -0.0355
  0.0042]
TRIAL 16 sec 74.81597518920898 cost 0.1430862320972362 score 7.395989987256726 vol 2495.4684146383543 cell [ 42.8491   4.8136  12.6702  90.     107.2717  90.    ] zero -0.055048864579992814 best 0.1430862320972362 diff [-0.009  -0.001   0.0142 -0.0004 -0.0049  0.0099  0.0025  0.0039 -0.0027
 -0.0052 -0.0043 -0.0019  0.0093  0.0095  0.0112 -0.0179 -0.0048 -0.0012
 -0.0003 -0.015  -0.0004 -0.0083 -0.0156  0.0056  0.1205  0.0041 -0.0006
 -0.0056]
TRIAL 17 sec 77.034982919693 cost 0.9180596925973963 score 2.850426411287414 vol 1765.593719070383 cell [38.0046  3.7033 12.5657 90.     93.2971 90.    ] zero -0.08410448830142418 best 0.1430862320972362 diff [-0.0511 -0.0104  0.0123  0.0786  0.2729  0.0064  0.0081 -0.0408 -0.0432
  0.0052  0.0211  0.0962 -0.0111  0.1984  0.0524 -0.0083  0.0006 -0.0262
 -0.0054  0.0382  0.0017 -0.0088 -0.0096  0.0226  0.0045 -0.0109  0.0918
 -0.0029]
TRIAL 18 sec 82.05161786079407 cost 0.9388421356754588 score 2.6325322514402933 vol 1076.2826769608275 cell [ 20.4768   4.5871  12.4106  90.     112.5892  90.    ] zero -0.09999999990000001 best 0.1430862320972362 diff [-0.0344 -0.5224  0.7151 -0.0061  0.149   0.0393  0.068   0.0087  0.0041
 -0.0664 -0.0566  0.0777  0.0382  0.0438 -0.2394 -0.105   0.0049  0.0292
  0.0053 -0.0131  0.0093  0.0273  0.0074 -0.118  -0.0245  0.0149 -0.0076
 -0.0237]
TRIAL 19 sec 85.50926733016968 cost 0.828186392034363 score 3.055679656909808 vol 1275.5591117199967 cell [ 19.5244   5.3923  12.4542  90.     103.391   90.    ] zero -0.04959958137364157 best 0.1430862320972362 diff [-1.370e-02 -4.934e-01  7.184e-01 -4.100e-03  1.292e-01  2.400e-02
  6.860e-02 -5.000e-04  8.700e-03 -1.030e-02 -9.700e-02  7.550e-02
  7.000e-04 -3.600e-03 -3.810e-02  3.570e-02 -6.950e-02 -1.070e-02
  8.100e-03 -4.930e-02 -1.950e-02  1.700e-02 -1.040e-02 -2.100e-02
  1.830e-02 -1.050e-02  5.610e-02  3.400e-03]
TRIAL 20 sec 88.59354043006897 cost 0.15370587096557345 score 10.779163654824638 vol 2180.0392043158445 cell [ 42.839    4.2066  12.6679  90.     107.2607  90.    ] zero -0.05742996817837674 best 0.1430862320972362 diff [-0.0106 -0.0012  0.0134 -0.0021 -0.005   0.01    0.0031  0.0049 -0.0011
 -0.003  -0.0036  0.0007  0.0117  0.0085 -0.0189 -0.0165 -0.0024  0.0016
  0.0796 -0.0353 -0.0007 -0.0025 -0.0026  0.0059 -0.0003  0.0046 -0.0002
 -0.0006]
TRIAL 21 sec 94.10745930671692 cost 1.064555935332936 score 2.720656044096026 vol 1072.9194021372962 cell [15.2479  5.4274 13.0123 90.     94.904  90.    ] zero 0.09999999999999999 best 0.1430862320972362 diff [-3.289e-01  5.407e-01  1.042e-01 -3.930e-02  1.627e-01 -1.517e-01
  2.110e-02 -8.240e-02  5.040e-02  3.250e-02  2.010e-02 -2.770e-02
 -6.040e-02 -1.230e-01 -3.480e-02 -1.280e-02 -6.000e-03 -1.220e-02
  4.500e-03  2.000e-03 -6.740e-02  1.643e-01  5.800e-03  7.300e-03
  6.700e-03  1.676e-01  1.000e-04 -8.300e-03]
TRIAL 22 sec 97.83401370048523 cost 1.0166384800557144 score 2.5509871578485703 vol 1109.2062807432908 cell [ 19.7462   4.6045  12.5527  90.     103.623   90.    ] zero 0.07167168543117937 best 0.1430862320972362 diff [ 5.720e-02 -4.438e-01  7.362e-01  5.480e-02  1.527e-01  1.000e-03
  2.180e-02  1.970e-02 -2.340e-02 -7.580e-02 -1.144e-01 -6.000e-04
 -7.110e-02 -8.000e-03 -1.411e-01 -1.712e-01  4.820e-02  3.200e-03
 -9.970e-02 -2.630e-02 -3.400e-03  2.260e-02  9.400e-03  6.470e-02
 -1.900e-03  1.300e-03  5.680e-02 -7.900e-03]
TRIAL 23 sec 100.52556562423706 cost 1.140788055541538 score 2.118659597710025 vol 1013.2294165941873 cell [ 22.199    4.2306  12.5934  90.     121.0504  90.    ] zero -0.011350590706308294 best 0.1430862320972362 diff [-2.363e-01  3.420e-02  7.540e-02 -1.883e-01 -9.073e-01  4.400e-02
 -7.400e-03 -1.000e-02 -1.023e-01  2.150e-02  7.440e-02 -2.771e-01
  1.460e-02  2.002e-01  5.950e-02 -1.030e-02 -3.000e-04  1.150e-02
  8.500e-03  2.000e-04 -1.110e-02  3.700e-03  2.240e-02 -2.203e-01
 -7.640e-02  1.430e-02 -5.000e-02  1.590e-02]
TRIAL 24 sec 103.86048913002014 cost 0.9405862648441251 score 2.2015009813657533 vol 1215.5385406686585 cell [ 12.6372   5.0384  22.2894  90.     121.0738  90.    ] zero 0.051514089587483027 best 0.1430862320972362 diff [-1.973e-01  7.050e-02  1.037e-01 -1.602e-01 -8.897e-01  5.330e-02
  5.700e-03  4.500e-03 -9.180e-02  3.100e-02  6.800e-02  1.330e-02
  5.700e-03 -5.080e-02 -5.700e-03  1.370e-02 -1.020e-02 -7.700e-03
  4.400e-03 -5.800e-03 -2.930e-02  4.013e-01 -2.010e-02 -4.870e-02
  5.410e-02 -7.000e-04  7.200e-03 -5.200e-03]
TRIAL 25 sec 106.9542064666748 cost 0.616500675537662 score 4.568947660449258 vol 1747.4740286526037 cell [38.0446  3.7043 12.4376 90.     94.465  90.    ] zero -0.07724340877823016 best 0.1430862320972362 diff [-0.0116 -0.0167  0.1698  0.0382  0.1929  0.018  -0.0107  0.0049 -0.0194
 -0.0144 -0.022  -0.0274  0.002   0.0342 -0.0501  0.0057 -0.0063  0.0522
 -0.0137  0.0095 -0.0315 -0.0123  0.0012 -0.0057  0.0065 -0.0042  0.0039
  0.0246]
TRIAL 26 sec 109.9422836303711 cost 1.0894424449813733 score 2.2376615495903653 vol 1184.7819160575364 cell [ 27.501    3.7169  12.7059  90.     114.1846  90.    ] zero -0.03451808970296249 best 0.1430862320972362 diff [-0.2447 -0.1942 -0.6011  0.1154  0.0435  0.0139 -0.     -0.0079  0.0007
 -0.3119 -0.2651  0.0011 -0.0299  0.2222 -0.1309 -0.0223  0.0488 -0.0062
 -0.0177 -0.0016  0.0339  0.0384  0.008  -0.0099  0.0051 -0.0072 -0.0078
  0.0132]
TRIAL 27 sec 114.01258850097656 cost 1.0823451948063092 score 1.9440606355914383 vol 1214.9066691636613 cell [ 25.0629   4.5035  12.1109  90.     117.2825  90.    ] zero -0.04909733361204526 best 0.1430862320972362 diff [-7.5000e-03  1.5800e-02 -2.1300e-01 -1.0579e+00  8.6380e-01 -1.4730e-01
  3.0600e-02  1.1400e-02 -1.3570e-01  2.2700e-02  4.9000e-03  2.6200e-02
 -3.3500e-02  5.6400e-02  1.7450e-01  5.0000e-04 -1.2200e-02  7.2000e-03
 -4.3000e-03  1.2700e-02  1.0200e-02  1.9000e-03 -8.8300e-02 -3.3900e-02
  4.4600e-02 -8.0000e-04 -1.4200e-02 -9.0000e-03]
TRIAL 28 sec 118.93758893013 cost 0.9405862646883278 score 2.201500981316266 vol 1215.5385406494763 cell [19.1245  5.0384 12.6372 90.     93.3957 90.    ] zero 0.051514089479050576 best 0.1430862320972362 diff [-1.973e-01  7.050e-02  1.037e-01 -1.602e-01 -8.897e-01  5.330e-02
  5.700e-03  4.500e-03 -9.180e-02  3.100e-02  6.800e-02  1.330e-02
  5.700e-03 -5.080e-02 -5.700e-03  1.370e-02 -1.020e-02 -7.700e-03
  4.400e-03 -5.800e-03 -2.930e-02  4.013e-01 -2.010e-02 -4.870e-02
  5.410e-02 -7.000e-04  7.200e-03 -5.200e-03]
TRIAL 29 sec 124.50274467468262 cost 0.2513276017668241 score 6.831179230701243 vol 1921.736217864889 cell [ 48.1564   3.707   12.6727  90.     121.8469  90.    ] zero -0.05535470317167123 best 0.1430862320972362 diff [-9.900e-03 -3.100e-03  1.610e-02  8.000e-04 -2.100e-03  6.800e-03
 -1.200e-03 -1.000e-04 -6.700e-03 -9.000e-03 -3.000e-04 -5.400e-03
  1.040e-02  1.230e-02 -1.550e-02 -2.240e-02  3.200e-03 -7.000e-03
  1.535e-01  4.220e-02  9.000e-04 -6.700e-03  2.400e-03  1.000e-03
 -6.200e-02  4.800e-03  2.400e-03 -2.000e-04]
TRIAL 30 sec 133.19257736206055 cost 1.180312981549976 score 1.9255937095776423 vol 1135.515139160006 cell [ 12.8363   3.7289  29.1973  90.     125.6582  90.    ] zero 0.04641913827038861 best 0.1430862320972362 diff [ 0.1166  0.381  -0.0502 -0.1349 -0.7331 -0.009  -0.0283  0.1645  0.045
  0.0091 -0.2359 -0.0079  0.0633 -0.2203 -0.0016  0.1325 -0.0065  0.1326
 -0.0218  0.001   0.0234  0.0379 -0.0097 -0.0335  0.0131 -0.0014 -0.0355
  0.0042]
TRIAL 31 sec 138.2049376964569 cost 1.0894582669469812 score 2.2761948504337743 vol 1184.8110058563243 cell [ 12.7058   3.7169  28.8007  90.     119.4155  90.    ] zero -0.034259513678079966 best 0.1430862320972362 diff [-2.446e-01 -1.939e-01 -6.008e-01  1.156e-01  4.360e-02  1.430e-02
 -1.000e-04 -7.500e-03  8.000e-04 -3.119e-01 -2.648e-01  1.000e-03
 -2.990e-02  2.223e-01 -1.310e-01 -2.190e-02  4.920e-02 -6.400e-03
 -1.730e-02 -1.700e-03  3.380e-02  3.820e-02  8.400e-03 -1.020e-02
  5.200e-03 -7.100e-03 -7.600e-03  1.330e-02]
TRIAL 32 sec 143.83768486976624 cost 0.9057349780735571 score 2.6746592930174606 vol 1086.4660519115491 cell [ 19.5405   4.5887  12.4563  90.     103.4037  90.    ] zero -0.04496937505964749 best 0.1430862320972362 diff [-9.900e-03 -4.915e-01  7.152e-01 -1.900e-03  1.282e-01  1.780e-02
  6.200e-02  2.400e-03  7.300e-03 -9.080e-02 -1.014e-01  7.000e-02
 -9.200e-03 -3.700e-03 -1.912e-01 -1.292e-01  3.140e-02  4.000e-04
 -6.650e-02 -9.000e-03  2.620e-02  8.400e-03 -1.600e-03  1.088e-01
  1.910e-02 -5.500e-03 -4.280e-02  8.000e-04]
TRIAL 33 sec 155.51756834983826 cost 1.2171117907657316 score 1.9305793716203152 vol 1130.2656132581758 cell [ 25.1948   3.7158  12.8712  90.     110.2839  90.    ] zero -0.025445924296827946 best 0.1430862320972362 diff [ 0.0363  0.2945 -0.136  -0.1932 -0.7719  0.0303  0.1116  0.0757  0.0275
 -0.0578  0.3108 -0.0456  0.0193 -0.2209 -0.0875 -0.0022 -0.0283 -0.001
 -0.0064  0.0145  0.0182 -0.0149 -0.014   0.1125  0.0069 -0.0096 -0.0031
  0.0033]
TRIAL 34 sec 159.28968811035156 cost 1.0922792093327567 score 1.9800233350156573 vol 1031.1961852958484 cell [19.1841  4.2496 12.6713 90.     93.4041 90.    ] zero 0.0922564033722632 best 0.1430862320972362 diff [-0.1747  0.0877  0.1206 -0.1475 -0.8808  0.0508  0.0089  0.0052 -0.0976
  0.0245  0.0609 -0.2883 -0.0113  0.1822  0.0328 -0.0014 -0.0281 -0.026
  0.0051 -0.0146  0.0196 -0.0215  0.0018  0.2326  0.0058  0.0045 -0.1699
 -0.0013]
TRIAL 35 sec 161.28841304779053 cost 0.8918296597172688 score 2.2186203606266925 vol 1184.1244669820105 cell [20.58    4.2204 13.7242 90.     96.6046 90.    ] zero -0.0745530828056889 best 0.1430862320972362 diff [ 3.410e-02 -2.540e-02  1.200e-03  6.746e-01 -1.480e-02 -1.449e-01
 -2.000e-04  1.207e-01 -2.463e-01 -3.460e-02 -1.090e-02  1.048e-01
  5.324e-01  9.140e-02 -3.100e-02 -2.240e-02 -3.500e-03  2.400e-03
 -5.700e-03  1.880e-02 -1.630e-02  2.320e-02 -4.000e-03  2.200e-03
 -2.260e-02  4.400e-03 -7.100e-03  1.330e-02]
TRIAL 36 sec 164.82758617401123 cost 1.1491715769925714 score 2.2726045569356854 vol 1037.3894170112446 cell [ 12.7608   5.3882  18.855   90.     126.8518  90.    ] zero -0.06019809174364376 best 0.1430862320972362 diff [-0.3552  0.4653  0.0246 -0.0173  0.0711 -0.0306  0.0716 -0.0288  0.2289
 -0.0081  0.0218 -0.0662 -0.0773 -0.0194  0.047   0.0055 -0.0276  0.0361
  0.1662 -0.0102 -0.0829 -0.1052  0.0065 -0.0027  0.1319 -0.3044  0.0288
 -0.0019]
TRIAL 37 sec 169.32500958442688 cost 0.9057349780321441 score 2.674659292743973 vol 1086.466051905296 cell [ 12.4563   4.5887  19.5405  90.     103.4037  90.    ] zero -0.04496937508730277 best 0.1430862320972362 diff [-9.900e-03 -4.915e-01  7.152e-01 -1.900e-03  1.282e-01  1.780e-02
  6.200e-02  2.400e-03  7.300e-03 -9.080e-02 -1.014e-01  7.000e-02
 -9.200e-03 -3.700e-03 -1.912e-01 -1.292e-01  3.140e-02  4.000e-04
 -6.650e-02 -9.000e-03  2.620e-02  8.400e-03 -1.600e-03  1.088e-01
  1.910e-02 -5.500e-03 -4.280e-02  8.000e-04]
TRIAL 38 sec 174.42185997962952 cost 0.9213030653491715 score 2.901728481849539 vol 1411.1742479662616 cell [ 34.8967   3.6101  12.3735  90.     115.1374  90.    ] zero 0.09999999999999999 best 0.1430862320972362 diff [ 0.0057 -0.1527 -0.0767  0.0525  0.0018 -0.0409  0.0302 -0.0562 -0.0089
 -0.0503  0.0259  0.0049  0.2933 -0.0415 -0.0724 -0.0077 -0.0046  0.039
  0.0598  0.0225  0.0047  0.044  -0.0181 -0.0308  0.047  -0.0406  0.0237
 -0.0152]
TRIAL 39 sec 180.63558292388916 cost 0.9102067207006515 score 2.7701588750663704 vol 1103.447201963614 cell [ 20.4728   4.6989  12.4136  90.     112.4786  90.    ] zero -0.09999999990000001 best 0.1430862320972362 diff [-3.280e-02 -5.299e-01  7.089e-01  2.000e-04  1.553e-01  3.070e-02
  4.740e-02  1.200e-02 -1.210e-02 -5.680e-02 -5.220e-02  5.280e-02
  2.660e-02  5.640e-02 -1.253e-01  1.410e-02 -4.710e-02  3.420e-02
  1.850e-02 -1.600e-03 -2.012e-01  7.900e-03 -1.600e-03  5.010e-02
 -2.800e-02 -6.500e-03 -1.200e-03 -3.010e-02]
TRIAL 40 sec 188.65531826019287 cost 0.8733360183612533 score 2.5351099710337377 vol 1167.0093740726822 cell [ 23.0086   4.2118  13.9635  90.     120.4107  90.    ] zero -0.09747023603296782 best 0.1430862320972362 diff [-1.690e-02 -5.670e-02  2.465e-01 -6.464e-01 -3.000e-03 -3.500e-03
 -3.350e-02  4.140e-02  3.720e-02 -7.420e-02  3.760e-02  1.431e-01
 -4.493e-01  3.150e-02  4.200e-03 -1.800e-03  4.370e-02 -1.180e-02
  9.000e-03  2.290e-02  1.670e-02  3.090e-02 -1.790e-02 -3.490e-02
 -2.440e-02 -1.230e-02 -3.800e-03 -1.000e-04]
TRIAL 41 sec 198.81236338615417 cost 0.8733360183564025 score 2.535109970561453 vol 1167.0093740787472 cell [ 25.667    4.2118  13.9635  90.     129.3671  90.    ] zero -0.09747023601439324 best 0.1430862320972362 diff [-1.690e-02 -5.670e-02  2.465e-01 -6.464e-01 -3.000e-03 -3.500e-03
 -3.350e-02  4.140e-02  3.720e-02 -7.420e-02  3.760e-02  1.431e-01
 -4.493e-01  3.150e-02  4.200e-03 -1.800e-03  4.370e-02 -1.180e-02
  9.000e-03  2.290e-02  1.670e-02  3.090e-02 -1.790e-02 -3.490e-02
 -2.440e-02 -1.230e-02 -3.800e-03 -1.000e-04]
TRIAL 42 sec 210.55238699913025 cost 1.1545118890569288 score 1.7631312607100915 vol 1425.4161943914885 cell [ 22.3301   3.5066  21.6468  90.     122.7596  90.    ] zero 0.005621909537579162 best 0.1430862320972362 diff [ 0.6966  0.0434 -0.1703 -0.0539 -0.0247 -0.1356  0.0682  0.03    0.534
  0.0228  0.013  -0.0103 -0.2314 -0.16    0.0206  0.0043 -0.0073 -0.0025
 -0.0955  0.0183 -0.0179  0.0189 -0.0012 -0.0054  0.0123 -0.0033  0.017
 -0.0123]
TRIAL 43 sec 216.29693460464478 cost 1.0031379976578496 score 2.0856846476345936 vol 1233.366940121017 cell [ 23.3989   5.165   12.5661  90.     125.6961  90.    ] zero -0.06529798516380869 best 0.1430862320972362 diff [-0.2766  0.0056  0.0245 -0.2348 -0.9621  0.0015 -0.0331 -0.023  -0.1217
  0.0185  0.0267  0.0897 -0.0241 -0.0737  0.0065 -0.0642  0.0019 -0.0127
 -0.0019 -0.0868  0.0121  0.0462  0.0146 -0.0055 -0.059   0.2221 -0.0074
  0.0127]
