START 0.12976353449087685 5894.774727343756
Imported powder pattern: 7129 points, 2theta=  3.720 ->  75.000, step= 0.010
EXTENDED 0.4 7129 Rw 0.12701446528086452
WITH_H 0.12664450022776422 39993884.54307672
Imported powder pattern: 7129 points, 2theta=  3.720 ->  75.000, step= 0.010
SCALED_SIGMA 74.90011541360498 7128.999999999964
TIGHT_RESTRAINTS
FLEXIBLE_RINGS
AROMATIC_PLANARITY 0
LSQ_PACKING 38 atoms 4884 terms sigma 0.01 cost 130.37716518335276
EXTENDED_BACKGROUND 0.12560025799401045
CYCLE 0 0 Rw 0.10971125169939683 chi2 5350.055479849162 geom 13.19210372698653 LSQ 5599.118714201206
CYCLE 0 1 Rw 0.1083233047870031 chi2 5215.545616465254 geom 13.19210372698653 LSQ 5399.496671851217
CYCLE 0 2 Rw 0.10811324673199017 chi2 5195.337497433278 geom 13.19210372698653 LSQ 5359.89534485443
PACKING_STAGE 0 38.83125234285321
CYCLE 1 0 Rw 0.10552078847727324 chi2 4949.165776749107 geom 24.427632181226627 LSQ 5167.338661252841
CYCLE 1 1 Rw 0.10436037728047598 chi2 4840.912431916491 geom 29.392902809539073 LSQ 5080.257119524154
CYCLE 1 2 Rw 0.1028635445967798 chi2 4703.0426489084 geom 78.3705936484775 LSQ 5038.4684513443235
PACKING_STAGE 1 41.993542241248164
CYCLE 2 0 Rw 0.10300691309589233 chi2 4716.161739001723 geom 38.71087082255898 LSQ 4980.544764102235
CYCLE 2 1 Rw 0.10303767180787377 chi2 4718.978728944221 geom 35.66089664419539 LSQ 4973.002598116797
CYCLE 2 2 Rw 0.10304162306527405 chi2 4719.340659814977 geom 34.94379000060454 LSQ 4970.940154476515
PACKING_STAGE 2 41.3871761253307
CYCLE 3 0 Rw 0.10300185401760699 chi2 4715.69849153978 geom 34.24092934928525 LSQ 4966.588611526186
CYCLE 3 1 Rw 0.10291877118467026 chi2 4708.094054116588 geom 33.836843385373186 LSQ 4958.179861963959
CYCLE 3 2 Rw 0.10288572009455903 chi2 4705.07064734038 geom 33.22990907892872 LSQ 4956.029213283566
PACKING_STAGE 3 45.0277264632926
FINISHED X1db5091 0.10288572009455903
