START 0.15734340088696133 1758.1048233738406
Imported powder pattern: 7129 points, 2theta=  3.720 ->  75.000, step= 0.010
EXTENDED 0.4 7129 Rw 0.33212832528559516
WITH_H 0.24604327270761112 150953751.2044313
Imported powder pattern: 7129 points, 2theta=  3.720 ->  75.000, step= 0.010
SCALED_SIGMA 145.5149610871224 7128.999999999981
TIGHT_RESTRAINTS
FLEXIBLE_RINGS
AROMATIC_PLANARITY 0
LSQ_PACKING 38 atoms 4884 terms sigma 0.01 cost 76.35554226052678
EXTENDED_BACKGROUND 0.21800850565637464
CYCLE 0 0 Rw 0.17284687409916083 chi2 3518.266103595538 geom 0.0033413815146800053 LSQ 4829.491211731338
CYCLE 0 1 Rw 0.1585394756992439 chi2 2959.9233160859967 geom 0.0033413815146800053 LSQ 3253.5527617124617
CYCLE 0 2 Rw 0.14722890427606627 chi2 2552.6530134366485 geom 0.0033413815146800053 LSQ 2846.343087684648
PACKING_STAGE 0 212.34872009947125
CYCLE 1 0 Rw 0.12932708647984695 chi2 1969.6298256442174 geom 8.665539758300596 LSQ 2175.269674246354
CYCLE 1 1 Rw 0.11908158746865002 chi2 1669.91688364472 geom 0.016771161843094986 LSQ 1999.792961020243
CYCLE 1 2 Rw 0.12022638066576041 chi2 1702.1787749658245 geom 0.10560183575427515 LSQ 1763.5126705152938
PACKING_STAGE 1 11.36369037353088
CYCLE 2 0 Rw 0.11724056325362187 chi2 1618.681551523106 geom 0.0051901642573410995 LSQ 1666.7066091155962
CYCLE 2 1 Rw 0.11475696816717185 chi2 1550.8284380478572 geom 0.007150056110186856 LSQ 1605.5650438392095
CYCLE 2 2 Rw 0.11354312795319967 chi2 1518.1942178013594 geom 0.0 LSQ 1562.4607496357048
PACKING_STAGE 2 7.093942928080375
CYCLE 3 0 Rw 0.11322970100169925 chi2 1509.8240728122696 geom 0.0 LSQ 1551.5458482469562
CYCLE 3 1 Rw 0.11163597960937241 chi2 1467.6212787737422 geom 0.0 LSQ 1508.6053156666849
CYCLE 3 2 Rw 0.11088635219342592 chi2 1447.9775156596634 geom 0.0 LSQ 1489.0086306997314
PACKING_STAGE 3 7.386446155759198
FINISHED X1db5091 0.11088635219342592
