START 0.2785298237238987 60958.63741594176
ObjRegistry<T>::Find(H): Not found !!
List of Crystal ScatteringPowers :5 object registered:
#  0:ScatteringPowerAtom(ion_C)
#  1:ScatteringPowerAtom(C)
#  2:ScatteringPowerAtom(O)
#  3:ScatteringPowerAtom(N)
#  4:ScatteringPowerAtom(Cl)
WITH_H 0.27875136923762756 61055.650298076354
Imported powder pattern: 5518 points, 2theta=  3.720 ->  58.890, step= 0.010
SCALED_SIGMA 3.326381698548098 5517.999999999975
TIGHT_RESTRAINTS
FLEXIBLE_RINGS
AROMATIC_PLANARITY 0
LSQ_PACKING 38 atoms 4884 terms sigma 0.01 cost 596.4951436835286
CYCLE 0 0 Rw 0.23270311378831152 chi2 3845.4933677528225 geom 314.7949187598788 LSQ 5947.192967069004
CYCLE 0 1 Rw 0.16140482059899544 chi2 1850.0381337795639 geom 314.7949187598788 LSQ 4337.0356644634085
CYCLE 0 2 Rw 0.1658697722119402 chi2 1953.8093066671129 geom 314.7949187598788 LSQ 2698.8688495194783
PACKING_STAGE 0 252.9341227264913
CYCLE 1 0 Rw 0.14716028218832178 chi2 1537.9028486124053 geom 23.42680192116547 LSQ 1668.5725928833267
CYCLE 1 1 Rw 0.14375385485365386 chi2 1467.5289464386835 geom 0.005386915537293665 LSQ 1506.2380191004777
CYCLE 1 2 Rw 0.14366034976166428 chi2 1465.6204508196306 geom 0.002846736307315929 LSQ 1503.3689296289422
PACKING_STAGE 1 5.301133674638481
CYCLE 2 0 Rw 0.14046212271215908 chi2 1401.0903186154496 geom 0.0 LSQ 1435.7858220138291
CYCLE 2 1 Rw 0.14014366476237838 chi2 1394.7443722625005 geom 0.0 LSQ 1425.7359317824623
CYCLE 2 2 Rw 0.13988835826306667 chi2 1389.667254392355 geom 0.0 LSQ 1418.751597328026
PACKING_STAGE 2 3.819101022210739
CYCLE 3 0 Rw 0.1393586988887139 chi2 1379.1637808536175 geom 0.0 LSQ 1406.3439861539077
CYCLE 3 1 Rw 0.137651817719936 chi2 1345.5863686853768 geom 0.0 LSQ 1371.694776374457
CYCLE 3 2 Rw 0.13321456337726484 chi2 1260.2336997183165 geom 0.003364787159446805 LSQ 1293.4065277278255
PACKING_STAGE 3 2.397980105551406
FINISHED X1db5091 0.13321456337726484
