Xd4c1a35 ORTHOROMBIC P 0 peaks [5.84864, 6.5986, 8.32309, 8.45673, 8.94894, 10.29182, 10.59196, 10.66425, 11.71798, 11.85573, 12.09123, 12.20274, 12.44498, 13.13724, 13.31199, 13.46027, 13.63309, 13.79185, 14.47004, 14.6992, 14.76942, 14.96765] V 1731.4981689453125 4320 Lmax 45.60221595879442
3->45.6022,1.7041,24.9999
1.5708->2.44346,0.0766052,0.766044,11.3917
1731.5->4320,431.424,5.9999
Starting: V=1731.5->2162.92
Finished: V=1731.5->2162.92 A^3, 387 unit cells tested, 203256 tests/s,   Elapsed time=0.001911s
Starting: V=2162.92->2594.35
Finished: V=2162.92->2594.35 A^3, 931 unit cells tested, 237986 tests/s,   Elapsed time=0.003919s
Starting: V=2594.35->3025.77
Finished: V=2594.35->3025.77 A^3, 1562 unit cells tested, 250401 tests/s,   Elapsed time=0.006244s
Starting: V=3025.77->3457.2
      a=12.00-12.03 b=11.76-11.78 c=24.27-24.30 alpha= 90.00- 90.00 beta= 90.00- 90.00 gamma= 90.00- 90.00 V=3425.74-3443.79level=6, indexed=1(0 sol.)
      a=0.08330-0.08313 b=0.08505-0.08488 c=0.04120-0.04115 alpha=0.00000-0.00000 beta=0.00000-0.00000 gamma=0.00000-0.00000level=6, indexed=1(0 sol.)
 Solution ? a= 12.000 b= 11.764 c= 24.272 alpha= 90.000 beta= 90.000 gamma= 90.000 V= 3426.41 score= 72.70 #   0
      a=11.98-12.00 b=11.76-11.78 c=24.27-24.30 alpha= 90.00- 90.00 beta= 90.00- 90.00 gamma= 90.00- 90.00 V=3418.57-3436.56level=6, indexed=1(1 sol.)
      a=0.08348-0.08330 b=0.08505-0.08488 c=0.04120-0.04115 alpha=0.00000-0.00000 beta=0.00000-0.00000 gamma=0.00000-0.00000level=6, indexed=1(1 sol.)
 Solution ? a= 12.000 b= 11.764 c= 24.272 alpha= 90.000 beta= 90.000 gamma= 90.000 V= 3426.41 score= 72.70 #   1
      a=11.76-11.78 b=12.00-12.03 c=24.27-24.30 alpha= 90.00- 90.00 beta= 90.00- 90.00 gamma= 90.00- 90.00 V=3425.74-3443.79level=6, indexed=1(2 sol.)
      a=0.08505-0.08488 b=0.08330-0.08313 c=0.04120-0.04115 alpha=0.00000-0.00000 beta=0.00000-0.00000 gamma=0.00000-0.00000level=6, indexed=1(2 sol.)
 Solution ? a= 11.764 b= 12.000 c= 24.272 alpha= 90.000 beta= 90.000 gamma= 90.000 V= 3426.41 score= 72.70 #   2
      a=11.76-11.78 b=11.98-12.00 c=24.27-24.30 alpha= 90.00- 90.00 beta= 90.00- 90.00 gamma= 90.00- 90.00 V=3418.57-3436.56level=6, indexed=1(3 sol.)
      a=0.08505-0.08488 b=0.08348-0.08330 c=0.04120-0.04115 alpha=0.00000-0.00000 beta=0.00000-0.00000 gamma=0.00000-0.00000level=6, indexed=1(3 sol.)
 Solution ? a= 11.764 b= 12.000 c= 24.272 alpha= 90.000 beta= 90.000 gamma= 90.000 V= 3426.41 score= 72.70 #   3
      a=12.00-12.03 b=11.76-11.78 c=24.25-24.27 alpha= 90.00- 90.00 beta= 90.00- 90.00 gamma= 90.00- 90.00 V=3421.99-3440.01level=6, indexed=1(4 sol.)
      a=0.08330-0.08313 b=0.08505-0.08488 c=0.04124-0.04120 alpha=0.00000-0.00000 beta=0.00000-0.00000 gamma=0.00000-0.00000level=6, indexed=1(4 sol.)
 Solution ? a= 12.000 b= 11.764 c= 24.272 alpha= 90.000 beta= 90.000 gamma= 90.000 V= 3426.41 score= 72.70 #   4
      a=11.76-11.78 b=12.00-12.03 c=24.25-24.27 alpha= 90.00- 90.00 beta= 90.00- 90.00 gamma= 90.00- 90.00 V=3421.99-3440.01level=6, indexed=1(5 sol.)
      a=0.08505-0.08488 b=0.08330-0.08313 c=0.04124-0.04120 alpha=0.00000-0.00000 beta=0.00000-0.00000 gamma=0.00000-0.00000level=6, indexed=1(5 sol.)
 Solution ? a= 11.764 b= 12.000 c= 24.272 alpha= 90.000 beta= 90.000 gamma= 90.000 V= 3426.41 score= 72.70 #   5
Finished: V=3025.77->3457.2 A^3, 2636 unit cells tested, 250309 tests/s,   Elapsed time=0.010539s
Starting: V=3457.2->3888.62
      a=12.00-12.03 b=11.76-11.78 c=24.27-24.30 alpha= 90.00- 90.00 beta= 90.00- 90.00 gamma= 90.00- 90.00 V=3425.74-3443.79level=6, indexed=1(6 sol.)
      a=0.08330-0.08313 b=0.08505-0.08488 c=0.04120-0.04115 alpha=0.00000-0.00000 beta=0.00000-0.00000 gamma=0.00000-0.00000level=6, indexed=1(6 sol.)
 Solution ? a= 12.000 b= 11.764 c= 24.272 alpha= 90.000 beta= 90.000 gamma= 90.000 V= 3426.41 score= 72.70 #   6
      a=11.98-12.00 b=11.76-11.78 c=24.27-24.30 alpha= 90.00- 90.00 beta= 90.00- 90.00 gamma= 90.00- 90.00 V=3418.57-3436.56level=6, indexed=1(7 sol.)
      a=0.08348-0.08330 b=0.08505-0.08488 c=0.04120-0.04115 alpha=0.00000-0.00000 beta=0.00000-0.00000 gamma=0.00000-0.00000level=6, indexed=1(7 sol.)
 Solution ? a= 12.000 b= 11.764 c= 24.272 alpha= 90.000 beta= 90.000 gamma= 90.000 V= 3426.41 score= 72.70 #   7
      a=11.76-11.78 b=12.00-12.03 c=24.27-24.30 alpha= 90.00- 90.00 beta= 90.00- 90.00 gamma= 90.00- 90.00 V=3425.74-3443.79level=6, indexed=1(8 sol.)
      a=0.08505-0.08488 b=0.08330-0.08313 c=0.04120-0.04115 alpha=0.00000-0.00000 beta=0.00000-0.00000 gamma=0.00000-0.00000level=6, indexed=1(8 sol.)
 Solution ? a= 11.764 b= 12.000 c= 24.272 alpha= 90.000 beta= 90.000 gamma= 90.000 V= 3426.41 score= 72.70 #   8
      a=11.76-11.78 b=11.98-12.00 c=24.27-24.30 alpha= 90.00- 90.00 beta= 90.00- 90.00 gamma= 90.00- 90.00 V=3418.57-3436.56level=6, indexed=1(9 sol.)
      a=0.08505-0.08488 b=0.08348-0.08330 c=0.04120-0.04115 alpha=0.00000-0.00000 beta=0.00000-0.00000 gamma=0.00000-0.00000level=6, indexed=1(9 sol.)
 Solution ? a= 11.764 b= 12.000 c= 24.272 alpha= 90.000 beta= 90.000 gamma= 90.000 V= 3426.41 score= 72.70 #   9
      a=12.00-12.03 b=11.76-11.78 c=24.25-24.27 alpha= 90.00- 90.00 beta= 90.00- 90.00 gamma= 90.00- 90.00 V=3421.99-3440.01level=6, indexed=1(10 sol.)
      a=0.08330-0.08313 b=0.08505-0.08488 c=0.04124-0.04120 alpha=0.00000-0.00000 beta=0.00000-0.00000 gamma=0.00000-0.00000level=6, indexed=1(10 sol.)
 Solution ? a= 12.000 b= 11.764 c= 24.272 alpha= 90.000 beta= 90.000 gamma= 90.000 V= 3426.41 score= 72.70 #  10
      a=11.76-11.78 b=12.00-12.03 c=24.25-24.27 alpha= 90.00- 90.00 beta= 90.00- 90.00 gamma= 90.00- 90.00 V=3421.99-3440.01level=6, indexed=1(11 sol.)
      a=0.08505-0.08488 b=0.08330-0.08313 c=0.04124-0.04120 alpha=0.00000-0.00000 beta=0.00000-0.00000 gamma=0.00000-0.00000level=6, indexed=1(11 sol.)
 Solution ? a= 11.764 b= 12.000 c= 24.272 alpha= 90.000 beta= 90.000 gamma= 90.000 V= 3426.41 score= 72.70 #  11
Finished: V=3457.2->3888.62 A^3, 3769 unit cells tested, 248697 tests/s,   Elapsed time=0.015163s
Starting: V=3888.62->4320
Finished: V=3888.62->4320 A^3, 4828 unit cells tested, 261058 tests/s,   Elapsed time=0.018502s
CellExplorer::ReduceSolutions(): update threshold for report from 8 to 14.5395
build/fast-x86_64/objcryst/ObjCryst/ObjCryst/Indexing.cpp:2602 Solution ? a=12, b=11.7638, c=24.2724, alpha=90, beta=90, gamma=90, V=3426.41, score=72.6988
build/fast-x86_64/objcryst/ObjCryst/ObjCryst/Indexing.cpp:2602 Solution ? a=11.7638, b=12, c=24.2724, alpha=90, beta=90, gamma=90, V=3426.41, score=72.6988
build/fast-x86_64/objcryst/ObjCryst/ObjCryst/Indexing.cpp:2609 BEST ? a=12, b=11.7638, c=24.2724, alpha=90, beta=90, gamma=90, V=3426.41, score=72.6988
4828unit cells tested, 258058 tests/s,   Elapsed time=0.018715s
DONE Xd4c1a35 ORTHOROMBIC P 2 0.018959760665893555 [{'cell': [11.999970436096191, 11.763772010803223, 24.27241325378418, 90.00000250447816, 90.00000250447816, 90.00000250447816], 'volume': 3426.4130859375, 'score': 72.69881439208984, 'system': 'ORTHOROMBIC', 'centering': 'P', 'mode': 0}, {'cell': [11.763772010803223, 11.999970436096191, 24.27241325378418, 90.00000250447816, 90.00000250447816, 90.00000250447816], 'volume': 3426.4130859375, 'score': 72.69881439208984, 'system': 'ORTHOROMBIC', 'centering': 'P', 'mode': 0}]
