START 0.1967575938514006 13431.881304021339
ObjRegistry<T>::Find(H): Not found !!
List of Crystal ScatteringPowers :3 object registered:
#  0:ScatteringPowerAtom(C)
#  1:ScatteringPowerAtom(O)
#  2:ScatteringPowerAtom(Cl)
WITH_H 0.10841485507245191 4078.0394874514186
Imported powder pattern: 3063 points, 2theta=  5.450 ->  36.080, step= 0.010
SCALED_SIGMA 1.1538576000665257 3063.0093575975648
TIGHT_RESTRAINTS
FLEXIBLE_RINGS
AROMATIC_PLANARITY 0
CYCLE 0 0 Rw 0.10677897555423542 chi2 2971.2617310500377 geom 0.0 LSQ 2974.079572302164
CYCLE 0 1 Rw 0.106239964377538 chi2 2941.3400906413844 geom 0.0 LSQ 2944.1356683780427
CYCLE 0 2 Rw 0.10619766846768429 chi2 2938.9985632912244 geom 0.0 LSQ 2941.604202651055
CYCLE 1 0 Rw 0.08351731803548006 chi2 1817.7011780560329 geom 5.124671693738802 LSQ 1894.6140295254554
CYCLE 1 1 Rw 0.0797436737484739 chi2 1657.1502574525705 geom 0.27745453384253116 LSQ 1715.209313877075
CYCLE 1 2 Rw 0.07795783682309057 chi2 1583.7585381972094 geom 0.6081114812612856 LSQ 1634.850074307336
CYCLE 2 0 Rw 0.07688613591155523 chi2 1540.5133974469531 geom 0.5714703131783229 LSQ 1581.7735102288398
CYCLE 2 1 Rw 0.07653335851955739 chi2 1526.4091245553998 geom 0.6087180265769702 LSQ 1567.4668206639292
CYCLE 2 2 Rw 0.07629321685375372 chi2 1516.8452073048304 geom 0.6389250227843708 LSQ 1558.0514084923748
CYCLE 3 0 Rw 0.06974871479535537 chi2 1267.773965030198 geom 0.6756549665863387 LSQ 1311.8136986036598
CYCLE 3 1 Rw 0.0691529624302623 chi2 1246.2093020809855 geom 0.7213191611864942 LSQ 1290.3217102069977
CYCLE 3 2 Rw 0.06896636246356545 chi2 1239.4929196261285 geom 0.7228615594625311 LSQ 1282.332263424718
FINISHED Xd4c1a35 0.06896636246356545
