N.B. Configuration file /root/.GSASII/config.ini does not exist
======================================================================
Module pyspg in '/opt/g2/GSAS-II/GSASII-bin/linux_64_p3.13_n2.2' could not be loaded
error msg: /lib/x86_64-linux-gnu/libm.so.6: version `GLIBC_2.38' not found (required by /opt/g2/GSAS-II/GSASII-bin/linux_64_p3.13_n2.2/pyspg.cpython-313-x86_64-linux-gnu.so)
======================================================================
*** ERROR: Unable to find GSAS-II binaries. Much of GSAS-II cannot function
binary load error: pyspg not found
pypowder is not available - profile calcs. not allowed
pydiffax is not available for this platform
pypowder is not available - profile calcs. not allowed
peaks used: [np.float64(3.09), np.float64(3.303), np.float64(3.544), np.float64(3.618), np.float64(3.82), np.float64(4.078), np.float64(4.354), np.float64(4.975), np.float64(5.005), np.float64(5.268), np.float64(5.635), np.float64(5.775), np.float64(5.812), np.float64(5.889), np.float64(6.117), np.float64(6.183), np.float64(6.357), np.float64(6.411), np.float64(6.604), np.float64(6.67)]
lattice parameter range =     2.500   43.462
Zero = 0.0000 Nc/No max = 4  Max Nc = 80
cell search for  Monoclinic-P
      M20  X20  Nc       a          b          c        alpha       beta      gamma     volume      V-test
     8.339  13  11   10.23637    8.69037    5.43866     90.000     99.433     90.000     477.27     449.40 Monoclinic-P
     2.599  11  13   10.30116    4.77209   10.18971     90.000    116.321     90.000     448.98     472.15 Monoclinic-P
     8.339  13  11    5.43866    8.69037   10.23637     90.000     99.433     90.000     477.27     483.95 Monoclinic-P
     3.217  12  11    5.38082   13.16922    7.39451     90.000    108.453     90.000     497.04     508.45 Monoclinic-P
     2.315  12  11    8.81153    8.69368    7.07020     90.000     93.363     90.000     540.68     547.55 Monoclinic-P
     2.523  11  13    8.68822    9.51985    7.50114     90.000    110.696     90.000     580.39     561.24 Monoclinic-P
     2.655  11  12    7.07754   10.83349    7.98219     90.000    111.356     90.000     570.01     575.27 Monoclinic-P
     7.990  13  13    5.14657   10.80466   11.28854     90.000    109.684     90.000     591.04     589.65 Monoclinic-P
     7.990  13  13    5.14657   10.80466   10.71353     90.000     97.208     90.000     591.04     589.65 Monoclinic-P
     4.015  12  12    5.35471   17.38606    6.17239     90.000     90.692     90.000     574.59     604.39 Monoclinic-P
     5.611  12  14   10.81845   10.21323    6.18303     90.000     93.455     90.000     681.93     619.50 Monoclinic-P
    11.033  13  16   10.60184    5.70275   11.22903     90.000    105.768     90.000     653.36     634.99 Monoclinic-P
    12.007  12  15   10.30724    5.70637   11.05396     90.000    109.308     90.000     613.59     650.86 Monoclinic-P
     3.631  12  15   10.33044    5.70776   11.00556     90.000    109.199     90.000     612.84     667.14 Monoclinic-P
     2.666  10  15   11.90387    4.22710   13.33511     90.000     99.034     90.000     662.68     700.91 Monoclinic-P
     8.074   9  16   11.31837    7.56745    9.16599     90.000    108.536     90.000     744.35     736.39 Monoclinic-P
     2.945  10  18    5.89824    6.59725   22.00178     90.000    127.823     90.000     676.27     754.80 Monoclinic-P
     2.945  10  18    5.89824    6.59725   18.96604     90.000    113.602     90.000     676.27     754.80 Monoclinic-P
     3.126  11  17    5.56012   10.80542   12.36174     90.000     91.323     90.000     742.49     773.67 Monoclinic-P
     2.249  10  19   11.07222   12.36904    5.88282     90.000    102.858     90.000     785.47     812.84 Monoclinic-P
     4.560   9  21   16.39432    5.51966   11.85542     90.000    126.494     90.000     862.45     853.99 Monoclinic-P
     4.560   9  21   13.34670    5.51966   11.85542     90.000     99.074     90.000     862.45     853.99 Monoclinic-P
     4.169   7  20    8.15799    9.28935   12.38280     90.000     94.098     90.000     936.00     897.22 Monoclinic-P
     2.561   9  24   11.89359    6.31071   13.33868     90.000     99.004     90.000     988.82     942.65 Monoclinic-P
     3.441   5  27   15.30689    4.92807   14.34934     90.000    113.349     90.000     993.78     966.21 Monoclinic-P
     3.177   9  18   10.67039   15.15427    5.43572     90.000     95.513     90.000     874.90    1015.13 Monoclinic-P
     2.146   7  24   13.50137    8.13680    9.78096     90.000    102.608     90.000    1048.61    1040.50 Monoclinic-P
     2.469  10  23   12.41454    8.13470   11.83812     90.000    115.133     90.000    1082.33    1066.52 Monoclinic-P
     2.589   6  32   21.15981    2.47726   17.43616     90.000    119.096     90.000     798.64    1093.18 Monoclinic-P
     2.589   6  32   19.82271    1.75169   17.43616     90.000    111.133     90.000     564.72    1093.18 Monoclinic-P
     4.904   6  29   15.31487    5.51736   14.35717     90.000    113.416     90.000    1113.24    1120.51 Monoclinic-P
     2.141   6  26   13.34195    7.56504   11.87546     90.000     99.037     90.000    1183.74    1148.52 Monoclinic-P
     2.282   7  29   24.54196    9.30794    4.99667     90.000     95.118     90.000    1136.86    1177.23 Monoclinic-P
     4.216   9  30   19.92712    5.70623   11.03900     90.000    102.158     90.000    1227.08    1236.83 Monoclinic-P
     3.309   1  35   34.26568    4.60779    8.76445     90.000    108.207     90.000    1314.53    1267.75 Monoclinic-P
     3.309   1  35   32.60796    4.60779    8.76445     90.000     93.414     90.000    1314.53    1267.75 Monoclinic-P
     2.953   6  32   25.27256    9.30505    5.96614     90.000    104.744     90.000    1356.82    1299.45 Monoclinic-P
     2.953   6  32   24.44488    9.30505    5.96614     90.000     91.091     90.000    1356.82    1299.45 Monoclinic-P
     2.411   4  38   13.25908    6.15937   17.47845     90.000     94.679     90.000    1422.66    1365.23 Monoclinic-P
     4.131   5  34   24.72958    9.30184    6.61427     90.000     99.203     90.000    1501.90    1470.20 Monoclinic-P
     4.131   5  34   24.55568    9.30184    6.61427     90.000     96.217     90.000    1501.90    1470.20 Monoclinic-P
     3.114   3  50   26.88627    5.45508   14.16933     90.000    114.704     90.000    1887.98    1506.96 Monoclinic-P
     3.114   3  50   24.60108    5.45508   14.16933     90.000     96.847     90.000    1887.98    1506.96 Monoclinic-P
     4.143   6  37   19.90527    7.55894   11.04429     90.000    102.160     90.000    1624.47    1544.63 Monoclinic-P
     3.706   1  59   20.49830    1.78255   31.54592     90.000    106.081     90.000    1107.56    1583.25 Monoclinic-P
     3.706   1  59   20.49830    1.26045   31.54592     90.000    106.081     90.000     783.16    1583.25 Monoclinic-P
     3.447   2  42   32.64933    5.42111    8.71898     90.000     94.059     90.000    1539.35    1622.83 Monoclinic-P
     3.815   3  40   15.30895    8.70447   14.34617     90.000    113.365     90.000    1754.96    1663.40 Monoclinic-P
     4.143   6  37   19.90527    7.55894   11.04429     90.000    102.160     90.000    1624.47    1704.99 Monoclinic-P
     8.052   0  46   14.46513    8.72535   16.45919     90.000     98.785     90.000    2053.00    1747.61 Monoclinic-P
     6.690   0  46   20.34598    8.68776   14.21495     90.000    127.056     90.000    2005.20    1791.30 Monoclinic-P
     6.690   0  46   16.35418    8.68776   14.21495     90.000     96.864     90.000    2005.20    1791.30 Monoclinic-P
     3.687   1  52   17.42929    7.02254   17.84261     90.000     96.273     90.000    2170.82    1836.08 Monoclinic-P
     4.889   3  39    8.15228    9.28519   26.70582     90.000    111.826     90.000    1876.60    1881.99 Monoclinic-P
     4.889   3  39    8.15228    9.28519   24.85506     90.000     94.099     90.000    1876.60    1881.99 Monoclinic-P
     8.052   0  46   16.45919    8.72535   14.46513     90.000     98.785     90.000    2053.00    1929.04 Monoclinic-P
     8.052   0  46   14.46513    8.72535   16.45919     90.000     98.785     90.000    2053.00    1977.26 Monoclinic-P
     6.669   0  60   27.16240    2.33801   25.37067     90.000    115.683     90.000    1452.01    2026.69 Monoclinic-P
     6.669   0  60   27.16240    1.65322   25.37067     90.000    115.683     90.000    1026.73    2026.69 Monoclinic-P
     2.445   2  48   23.02823    6.70417   16.41990     90.000    125.899     90.000    2053.48    2077.36 Monoclinic-P
     2.445   2  48   18.88083    6.70417   16.41990     90.000     98.888     90.000    2053.48    2077.36 Monoclinic-P
     4.468   1  53   21.22104    5.68137   18.58636     90.000    110.644     90.000    2096.96    2129.29 Monoclinic-P
     2.517   2  57   35.55428    4.61992   15.13503     90.000    113.591     90.000    2278.29    2182.53 Monoclinic-P
     2.517   2  57   32.59555    4.61992   15.13503     90.000     91.593     90.000    2278.29    2182.53 Monoclinic-P
     7.267   0  57   26.50937    5.80343   15.16132     90.000     99.552     90.000    2300.16    2237.09 Monoclinic-P
     5.277   3  46   19.90318   10.21137   11.05006     90.000    102.197     90.000    2195.10    2293.02 Monoclinic-P
Restart search, new Max Nc = 100
     2.008  12  12   10.46471    7.56399    6.73810     90.000    102.765     90.000     520.17     513.97 Monoclinic-P
     3.204  12  13    6.23171    4.78161   17.56524     90.000     98.139     90.000     518.13     539.99 Monoclinic-P
     2.801  10  15   14.85729    5.79471    6.59893     90.000     93.728     90.000     566.92     553.49 Monoclinic-P
     3.199  14  10   13.20911    4.97255    5.71541     90.000     93.734     90.000     374.61     553.49 Monoclinic-P
     2.722  12  14   10.52232    5.39146   10.80099     90.000    109.193     90.000     578.69     567.32 Monoclinic-P
     5.879  12  14    8.77072   11.23685    6.66120     90.000    111.919     90.000     609.04     581.51 Monoclinic-P
     2.722  12  14   10.52232    5.39146   10.80099     90.000    109.193     90.000     578.69     596.05 Monoclinic-P
     3.631  12  15   11.00556    5.70776   10.33044     90.000    109.199     90.000     612.84     610.95 Monoclinic-P
     4.015  12  14    5.68900   17.38606    6.55773     90.000    109.751     90.000     610.46     626.22 Monoclinic-P
    12.007  12  15   10.30724    5.70637   11.05396     90.000    109.308     90.000     613.59     641.88 Monoclinic-P
     2.656  11  14    5.50816   17.38285    6.34937     90.000    103.568     90.000     590.97     657.92 Monoclinic-P
     2.635  11  15   12.17343    8.68472    6.28732     90.000    101.081     90.000     652.32     674.37 Monoclinic-P
     4.037  10  15    6.22379   10.80127   10.28803     90.000     96.846     90.000     686.68     691.23 Monoclinic-P
     2.659  10  19    5.47344   13.17556   10.45232     90.000     97.905     90.000     746.61     726.22 Monoclinic-P
     3.636  11  15    7.29445   17.39252    6.02354     90.000    122.215     90.000     646.55     744.38 Monoclinic-P
     3.636  11  15    6.53028   17.39252    6.02354     90.000    109.082     90.000     646.55     744.38 Monoclinic-P
     2.628   8  19    8.70555    7.00638   13.16678     90.000     92.815     90.000     802.13     762.99 Monoclinic-P
     3.126  11  17   13.67120   10.80542    5.56012     90.000    115.314     90.000     742.49     782.06 Monoclinic-P
     3.126  11  17   12.36174   10.80542    5.56012     90.000     91.323     90.000     742.49     782.06 Monoclinic-P
     2.451   6  22   16.39419    4.55962   11.31619     90.000     97.755     90.000     838.16     801.61 Monoclinic-P
     2.451   6  22   11.31619    4.55962   16.39419     90.000     97.755     90.000     838.16     821.65 Monoclinic-P
     4.169   7  20    8.15799    9.28935   12.38280     90.000     94.098     90.000     936.00     842.20 Monoclinic-P
     2.284   8  24   12.37134    5.52586   13.21409     90.000     94.524     90.000     900.53     906.95 Monoclinic-P
     2.155   6  23    6.88188   16.19333    9.05373     90.000    106.724     90.000     966.28     929.63 Monoclinic-P
     3.217  12  11    5.34037   13.16922    7.33892     90.000    107.105     90.000     493.31     929.63 Monoclinic-P
     2.481  10  20    6.75245   10.81969   12.66207     90.000    102.972     90.000     901.48     952.87 Monoclinic-P
     8.339  13  11    5.43866    8.69037   10.23637     90.000     99.433     90.000     477.27     952.87 Monoclinic-P
     2.085   9  19   10.58953   15.17887    5.77612     90.000     90.954     90.000     928.31     976.69 Monoclinic-P
     7.633  10  20   10.94453   15.16131    5.58962     90.000    104.295     90.000     898.79    1026.13 Monoclinic-P
     2.146   7  24   14.84270    8.13680    9.78096     90.000    117.415     90.000    1048.61    1051.79 Monoclinic-P
     2.193  10  10    9.06727    5.39703    6.88563     90.000    106.643     90.000     322.84    1051.79 Monoclinic-P
     2.146   7  24    9.78096    8.13680   13.50137     90.000    102.608     90.000    1048.61    1078.08 Monoclinic-P
     4.904   6  29   14.35717    5.51736   15.31487     90.000    113.416     90.000    1113.24    1105.03 Monoclinic-P
     2.098   6  30   19.97434    5.48402   11.00426     90.000    102.132     90.000    1178.48    1132.66 Monoclinic-P
     2.923   2  36    8.69459    5.50569   28.15898     90.000     93.537     90.000    1345.39    1250.24 Monoclinic-P
     2.619   4  30   12.68046    6.85362   14.24694     90.000     99.284     90.000    1221.94    1281.50 Monoclinic-P
     2.101   4  35    6.18162    7.04290   32.68969     90.000     94.059     90.000    1419.63    1313.54 Monoclinic-P
     2.349   6  38   18.28266    4.98500   17.41818     90.000    117.087     90.000    1413.35    1346.38 Monoclinic-P
     3.123   5  36   19.82459    4.34009   17.43574     90.000    111.110     90.000    1399.50    1380.04 Monoclinic-P
     2.385   6  31    5.62358    9.30940   27.55067     90.000    117.515     90.000    1279.20    1414.54 Monoclinic-P
     2.385   6  31    5.62358    9.30940   25.44626     90.000    106.212     90.000    1279.20    1414.54 Monoclinic-P
     3.592   4  34   24.60035    9.30319    6.64527     90.000     97.098     90.000    1509.19    1449.90 Monoclinic-P
     3.149   6  35   19.90416    7.01727   11.04326     90.000    102.229     90.000    1507.44    1486.15 Monoclinic-P
     3.002   1  51   17.61828    2.08602   29.96369     90.000     97.298     90.000    1092.31    1523.30 Monoclinic-P
     3.002   1  51   17.61828    1.47504   29.96369     90.000     97.298     90.000     772.38    1523.30 Monoclinic-P
     2.764   3  36   10.59396   10.67036   15.29868     90.000     97.792     90.000    1713.42    1561.38 Monoclinic-P
     2.534   2  40   15.40619    6.18442   17.59612     90.000     99.423     90.000    1653.91    1600.42 Monoclinic-P
     3.103   1  45   11.08509    8.71749   24.76665     90.000    120.580     90.000    2060.44    1640.43 Monoclinic-P
     3.103   1  45   11.08509    8.71749   21.37583     90.000     94.063     90.000    2060.44    1640.43 Monoclinic-P
     3.815   3  40   14.34617    8.70447   15.30895     90.000    113.365     90.000    1754.96    1681.44 Monoclinic-P
     4.984   2  47   21.18956    5.39500   17.42177     90.000    119.314     90.000    1736.59    1723.48 Monoclinic-P
     4.984   2  47   19.77468    5.39500   17.42177     90.000    110.879     90.000    1736.59    1723.48 Monoclinic-P
     8.591   1  41   15.31622    9.28202   14.32700     90.000    113.202     90.000    1872.07    1766.56 Monoclinic-P
     6.690   0  46   14.21495    8.68776   16.35418     90.000     96.864     90.000    2005.20    1810.73 Monoclinic-P
     6.690   0  46   16.35418    8.68776   14.21495     90.000     96.864     90.000    2005.20    1856.00 Monoclinic-P
     4.889   3  39    8.15228    9.28519   26.70582     90.000    111.826     90.000    1876.60    1902.40 Monoclinic-P
     4.889   3  39    8.15228    9.28519   24.85506     90.000     94.099     90.000    1876.60    1902.40 Monoclinic-P
     6.690   0  46   14.21495    8.68776   16.35418     90.000     96.864     90.000    2005.20    1949.96 Monoclinic-P
     8.052   0  46   14.46513    8.72535   16.45919     90.000     98.785     90.000    2053.00    1998.70 Monoclinic-P
     3.927   0  46   16.27136    7.71776   17.44196     90.000     92.271     90.000    2188.61    2048.67 Monoclinic-P
     5.313   0  40   18.92999   15.34435    8.13319     90.000    113.283     90.000    2170.05    2099.89 Monoclinic-P
     5.313   0  40   17.40060   15.34435    8.13319     90.000     92.143     90.000    2170.05    2099.89 Monoclinic-P
     6.769   0  74   28.08494    1.94837   29.88024     90.000    111.592     90.000    1520.31    2152.39 Monoclinic-P
     6.769   0  74   28.08494    1.37770   29.88024     90.000    111.592     90.000    1075.02    2152.39 Monoclinic-P
     5.868   0  60    9.46766    5.41509   43.51364     90.000     93.717     90.000    2226.17    2206.20 Monoclinic-P
     6.145   3  47   15.30952   11.04842   14.35833     90.000    113.417     90.000    2228.62    2261.35 Monoclinic-P
     5.377   1  47   13.13793   18.57014    9.86297     90.000     93.783     90.000    2401.06    2317.88 Monoclinic-P
     8.600   0  57   25.16559   10.66315    9.35208     90.000     91.514     90.000    2508.70    2375.83 Monoclinic-P
     6.908   1  46    8.83492   17.38770   15.58235     90.000     99.129     90.000    2363.42    2435.23 Monoclinic-P
     9.788   0  55   24.64383    9.30158   10.81693     90.000     97.675     90.000    2457.32    2496.11 Monoclinic-P
    10.762   0  58   21.37737   10.85869   12.44006     90.000     98.952     90.000    2852.54    2558.51 Monoclinic-P
     8.600   0  57   25.16559   10.66315    9.35208     90.000     91.514     90.000    2508.70    2622.47 Monoclinic-P
    10.762   0  58   12.44006   10.85869   21.37737     90.000     98.952     90.000    2852.54    2688.04 Monoclinic-P
     7.781   0  86   30.60808    2.21800   32.17233     90.000    112.565     90.000    2016.93    2824.12 Monoclinic-P
     7.781   0  86   30.60808    1.56836   32.17233     90.000    112.565     90.000    1426.19    2824.12 Monoclinic-P
    10.114   0  59   12.65941   10.71695   21.35247     90.000     98.109     90.000    2867.93    2894.72 Monoclinic-P
    10.538   2  67   25.28076    9.28929   13.50620     90.000    102.864     90.000    3092.19    2967.09 Monoclinic-P
Restart search, new Max Nc = 120
     4.067  12  11    8.70597    8.78676    6.59972     90.000     93.540     90.000     503.90     513.97 Monoclinic-P
     2.193  10  14   10.55200    8.69164    6.54173     90.000    106.126     90.000     576.36     539.99 Monoclinic-P
     5.611  12  14    6.18303   10.21323   10.81845     90.000     93.455     90.000     681.93     553.49 Monoclinic-P
     3.285  11  14    8.76440   11.21467    6.63900     90.000    111.713     90.000     606.25     567.32 Monoclinic-P
    12.007  12  15   11.05396    5.70637   10.30724     90.000    109.308     90.000     613.59     581.51 Monoclinic-P
     4.015  12  13    5.41870   17.38606    6.24615     90.000     98.841     90.000     581.46     596.05 Monoclinic-P
    12.007  12  15   11.05396    5.70637   10.30724     90.000    109.308     90.000     613.59     610.95 Monoclinic-P
    12.007  12  15   10.30724    5.70637   11.05396     90.000    109.308     90.000     613.59     626.22 Monoclinic-P
     5.387  12  14    6.17641   10.80957   10.21287     90.000     90.678     90.000     681.81     641.88 Monoclinic-P
     3.631  12  15   11.00556    5.70776   10.33044     90.000    109.199     90.000     612.84     657.92 Monoclinic-P
     2.767  11  15    6.19702   10.81826   12.85169     90.000    124.407     90.000     710.85     674.37 Monoclinic-P
     2.767  11  15    6.19702   10.81826   10.65655     90.000     95.736     90.000     710.85     674.37 Monoclinic-P
    12.007  12  15   10.30724    5.70637   11.05396     90.000    109.308     90.000     613.59     691.23 Monoclinic-P
     2.542  12  15    6.78698   16.24849    7.23973     90.000    114.612     90.000     725.85     708.51 Monoclinic-P
     2.945  10  18    5.89824    6.59725   20.10168     90.000    120.165     90.000     676.27     726.22 Monoclinic-P
     2.945  10  18    5.89824    6.59725   17.88044     90.000    103.595     90.000     676.27     726.22 Monoclinic-P
     2.659  10  19    5.47344   13.17556   11.11187     90.000    111.298     90.000     746.61     744.38 Monoclinic-P
     2.659  10  19    5.47344   13.17556   10.45232     90.000     97.905     90.000     746.61     744.38 Monoclinic-P
     2.155   6  23    9.05373   16.19333    6.88188     90.000    106.724     90.000     966.28     762.99 Monoclinic-P
     3.475  11  15    6.88479   17.39185    5.94507     90.000    106.756     90.000     681.63     782.06 Monoclinic-P
     2.018   9  20   12.36941    5.68752   11.50968     90.000     93.914     90.000     807.83     801.61 Monoclinic-P
     2.550  10  21   14.87896    5.04307   10.80356     90.000     90.716     90.000     810.59     821.65 Monoclinic-P
     2.733  10  18    6.34020   11.64107   11.66884     90.000    103.358     90.000     837.94     842.20 Monoclinic-P
     4.560   9  21   13.34670    5.51966   11.85542     90.000     99.074     90.000     862.45     863.25 Monoclinic-P
     4.169   7  20   12.38280    9.28935    8.15799     90.000     94.098     90.000     936.00     884.83 Monoclinic-P
     2.484   5  26   17.74420    6.17896    9.26957     90.000    101.704     90.000     995.19     929.63 Monoclinic-P
     2.561   9  24   13.33868    6.31071   11.89359     90.000     99.004     90.000     988.82    1001.11 Monoclinic-P
     2.228   8  20    5.76729   10.61867   18.92393     90.000    126.806     90.000     927.91    1026.13 Monoclinic-P
     2.228   8  20    5.76729   10.61867   16.14323     90.000    110.185     90.000     927.91    1026.13 Monoclinic-P
     2.746   7  24    4.80187   24.44215   11.02521     90.000    122.443     90.000    1092.05    1105.03 Monoclinic-P
     2.746   7  24    4.80187   24.44215    9.37077     90.000     96.819     90.000    1092.05    1105.03 Monoclinic-P
     2.589   6  32   19.82271    2.51060   17.43616     90.000    111.133     90.000     809.39    1132.66 Monoclinic-P
     2.589   6  32   19.82271    1.77526   17.43616     90.000    111.133     90.000     572.32    1132.66 Monoclinic-P
     2.455   5  30   24.66866    9.30417    5.37317     90.000     97.911     90.000    1221.52    1160.98 Monoclinic-P
     2.455   5  30   24.51386    9.30417    5.37317     90.000     94.628     90.000    1221.52    1160.98 Monoclinic-P
     2.047   6  27   13.57737    9.23000    9.77665     90.000    103.033     90.000    1193.64    1190.00 Monoclinic-P
     2.141   6  26   11.87546    7.56504   13.34195     90.000     99.037     90.000    1183.74    1219.75 Monoclinic-P
     2.455   5  30    5.37317    9.30417   24.51386     90.000     94.628     90.000    1221.52    1281.50 Monoclinic-P
     8.052   0  46   14.46513    8.72535   16.45919     90.000     98.785     90.000    2053.00    1313.54 Monoclinic-P
     2.665   6  31    7.47513    7.01625   26.32307     90.000     96.474     90.000    1371.77    1346.38 Monoclinic-P
     2.834   6  30   21.04650    7.60538    8.70040     90.000     91.998     90.000    1391.80    1414.54 Monoclinic-P
     2.185   7  38   12.67085    5.67672   20.26277     90.000    102.485     90.000    1423.01    1449.90 Monoclinic-P
     2.151   1  35   14.08047    9.96838   11.63821     90.000     92.796     90.000    1631.59    1486.15 Monoclinic-P
     2.647   1  35    9.40745   10.72505   16.36858     90.000     98.864     90.000    1631.79    1523.30 Monoclinic-P
     2.647   1  35    9.40745   10.72505   17.57774     90.000    113.061     90.000    1631.79    1561.38 Monoclinic-P
     2.647   1  35    9.40745   10.72505   16.36858     90.000     98.864     90.000    1631.79    1561.38 Monoclinic-P
     2.842   2  33   11.26501    8.29675   16.42917     90.000     97.674     90.000    1521.77    1600.42 Monoclinic-P
     2.538   6  38   26.45797    5.09261   11.95696     90.000     99.003     90.000    1591.23    1640.43 Monoclinic-P
     5.383   1  46   21.17811    5.37303   17.41735     90.000    119.271     90.000    1728.87    1681.44 Monoclinic-P
     5.383   1  46   19.77791    5.37303   17.41735     90.000    110.921     90.000    1728.87    1681.44 Monoclinic-P
     3.911   0  42    8.78024   16.34729   14.41544     90.000     91.321     90.000    2068.54    1723.48 Monoclinic-P
     3.165   3  43   18.81231    5.70109   16.41965     90.000     98.837     90.000    1740.11    1766.56 Monoclinic-P
     4.106   2  45   43.13417    5.83770    7.58101     90.000    109.381     90.000    1800.76    1810.73 Monoclinic-P
     4.106   2  45   41.24318    5.83770    7.58101     90.000     99.396     90.000    1800.76    1810.73 Monoclinic-P
     6.690   0  46   14.21495    8.68776   16.35418     90.000     96.864     90.000    2005.20    1856.00 Monoclinic-P
     4.889   3  39    8.15228    9.28519   25.59818     90.000    104.422     90.000    1876.60    1902.40 Monoclinic-P
     4.889   3  39    8.15228    9.28519   24.85506     90.000     94.099     90.000    1876.60    1902.40 Monoclinic-P
     5.268   1  64   37.10931    2.19001   17.41153     90.000     95.066     90.000    1409.50    1949.96 Monoclinic-P
     5.268   1  64   37.10931    1.54857   17.41153     90.000     95.066     90.000     996.67    1949.96 Monoclinic-P
     8.052   0  46   16.45919    8.72535   14.46513     90.000     98.785     90.000    2053.00    1998.70 Monoclinic-P
     3.842   2  50   22.48935    4.38881   20.44661     90.000     98.956     90.000    1993.50    2048.67 Monoclinic-P
     2.320   2  45    8.20273   17.39042   16.92080     90.000     95.995     90.000    2400.53    2099.89 Monoclinic-P
     4.285  13   9    4.40813   10.18536    8.71987     90.000     95.190     90.000     389.90    2099.89 Monoclinic-P
     5.313   0  40   17.40060   15.34435    8.13319     90.000     92.143     90.000    2170.05    2152.39 Monoclinic-P
     6.769   0  74   28.08494    1.99528   29.88024     90.000    111.592     90.000    1556.92    2206.20 Monoclinic-P
     6.769   0  74   28.08494    1.41088   29.88024     90.000    111.592     90.000    1100.91    2206.20 Monoclinic-P
     5.657   0  52   10.48309   11.11243   21.39712     90.000    100.032     90.000    2454.50    2261.35 Monoclinic-P
     8.222   0  52   18.67013    9.11834   14.13417     90.000    106.920     90.000    2302.04    2317.88 Monoclinic-P
     6.769   0  74   29.88024    2.19655   28.08494     90.000    111.592     90.000    1713.97    2435.23 Monoclinic-P
     6.769   0  74   29.88024    1.55320   28.08494     90.000    111.592     90.000    1211.96    2435.23 Monoclinic-P
    10.611   0  59   22.29082    9.43416   12.71367     90.000     93.489     90.000    2668.67    2496.11 Monoclinic-P
    10.611   0  59   24.98044    9.43416   12.71367     90.000    117.042     90.000    2668.67    2558.51 Monoclinic-P
    10.611   0  59   22.29082    9.43416   12.71367     90.000     93.489     90.000    2668.67    2558.51 Monoclinic-P
    10.611   0  59   12.71367    9.43416   22.29082     90.000     93.489     90.000    2668.67    2622.47 Monoclinic-P
     7.996   0  55   15.53763   10.30897   16.83654     90.000    106.952     90.000    2579.65    2688.04 Monoclinic-P
    10.762   0  58   22.99970   10.85869   12.44006     90.000    113.344     90.000    2852.54    2755.24 Monoclinic-P
    10.762   0  58   21.37737   10.85869   12.44006     90.000     98.952     90.000    2852.54    2755.24 Monoclinic-P
     6.838   0  60   17.59009   10.86656   15.10295     90.000     98.695     90.000    2853.65    2894.72 Monoclinic-P
     8.731   0  95   24.37530    2.13310   41.94830     90.000    103.109     90.000    2124.26    2967.09 Monoclinic-P
     8.731   0  95   24.37530    1.50833   41.94830     90.000    103.109     90.000    1502.08    2967.09 Monoclinic-P
    19.371   0  59   16.22746   22.75604    8.73412     90.000     94.621     90.000    3214.79    3041.27 Monoclinic-P
    14.621   0  79   19.51371    8.78796   21.47967     90.000     93.260     90.000    3677.50    3117.30 Monoclinic-P
    15.446   0 103   33.81859    2.11750   30.59821     90.000     90.605     90.000    2191.04    3195.23 Monoclinic-P
    15.446   0 103   33.81859    1.49730   30.59821     90.000     90.605     90.000    1549.30    3195.23 Monoclinic-P
    10.351   0  72   17.71595   14.34015   15.20836     90.000    113.595     90.000    3540.66    3275.11 Monoclinic-P
     8.576   0  64   12.78596   27.99848    9.45042     90.000    105.077     90.000    3266.68    3356.99 Monoclinic-P
     8.898   0  75   24.61492   10.07532   14.09536     90.000     96.912     90.000    3470.29    3440.91 Monoclinic-P
    13.131   0  74   16.07708   10.41654   21.18431     90.000     92.240     90.000    3544.97    3526.94 Monoclinic-P
    10.412   0  71   16.30520   10.74829   20.66813     90.000    111.587     90.000    3368.10    3615.11 Monoclinic-P
    10.349   0  83   26.27317    9.67820   14.91169     90.000     96.156     90.000    3769.84    3705.49 Monoclinic-P
    14.668   0  69   10.73481   30.34067   11.61239     90.000     98.742     90.000    3738.23    3798.12 Monoclinic-P
    10.073   0 101   32.62129    4.34303   29.93947     90.000    110.216     90.000    3980.37    3893.08 Monoclinic-P
    18.873   0 100   45.51611    5.76573   15.24874     90.000     95.535     90.000    3983.13    3990.40 Monoclinic-P
    10.852   0  91   21.35860    9.20891   22.34427     90.000    105.644     90.000    4232.08    4090.16 Monoclinic-P
    17.316   0  89   10.28648   10.98362   36.61872     90.000     93.990     90.000    4127.25    4192.42 Monoclinic-P
    11.527   0  84   24.76020   15.59668   16.25542     90.000    135.351     90.000    4411.53    4297.23 Monoclinic-P
    11.527   0  84   17.45342   15.59668   16.25542     90.000     94.468     90.000    4411.53    4297.23 Monoclinic-P
    14.856   0  87   15.59065   21.47008   14.43772     90.000    108.097     90.000    4593.70    4404.66 Monoclinic-P
    10.490   0 114   32.71782    4.92676   28.08030     90.000    100.194     90.000    4454.89    4514.78 Monoclinic-P
    12.334   0 112   16.27815    5.92455   52.77126     90.000    113.601     90.000    4663.62    4627.64 Monoclinic-P
    12.334   0 112   16.27815    5.92455   48.59990     90.000     95.727     90.000    4663.62    4627.64 Monoclinic-P
    13.337   0  89   15.99195   16.27131   18.53119     90.000    102.192     90.000    4713.25    4743.34 Monoclinic-P
    26.605   0 109   18.68587   10.65951   26.65842     90.000    109.213     90.000    5014.14    4861.92 Monoclinic-P
    10.755   0 112   27.01368    7.77207   24.37745     90.000     95.733     90.000    5092.50    4983.47 Monoclinic-P
Restart search, new Max Nc = 140
     2.261  12  12    5.93445    7.42073   12.35425     90.000    115.283     90.000     491.94     513.97 Monoclinic-P
     2.261  12  12    5.93445    7.42073   11.19024     90.000     93.372     90.000     491.94     513.97 Monoclinic-P
     4.067  12  11    6.59972    8.78676    8.70597     90.000     93.540     90.000     503.90     539.99 Monoclinic-P
     2.443  11  14   11.90387    2.55424   13.33511     90.000     99.034     90.000     400.43     553.49 Monoclinic-P
     2.443  11  14   11.90387    1.80612   13.33511     90.000     99.034     90.000     283.15     553.49 Monoclinic-P
     5.249  12  13    5.21624   10.79759   10.84444     90.000    109.644     90.000     575.24     567.32 Monoclinic-P
     5.249  12  13    5.21624   10.79759   10.33331     90.000     98.742     90.000     575.24     567.32 Monoclinic-P
     3.636   9  15   13.31706    5.52661    7.65683     90.000     98.439     90.000     557.43     581.51 Monoclinic-P
     3.285  11  14    6.63900   11.21467    8.76440     90.000    111.713     90.000     606.25     610.95 Monoclinic-P
     2.635  11  15    6.28732    8.68472   12.17343     90.000    101.081     90.000     652.32     626.22 Monoclinic-P
     5.650  12  14   10.88296   10.22692    6.22639     90.000     97.162     90.000     687.59     641.88 Monoclinic-P
     4.015  12  14    5.68900   17.38606    6.55773     90.000    109.751     90.000     610.46     657.92 Monoclinic-P
     2.945  10  18    5.89824    6.59725   17.46199     90.000     95.572     90.000     676.27     674.37 Monoclinic-P
     2.945  10  18   17.46199    6.59725    5.89824     90.000     95.572     90.000     676.27     691.23 Monoclinic-P
     4.382  12  16    6.58589   10.20878   10.80270     90.000     91.429     90.000     726.08     708.51 Monoclinic-P
     2.245  10  16    6.71615   10.20898   11.76016     90.000    113.201     90.000     741.13     726.22 Monoclinic-P
     2.489  12  10    5.51393    8.68408    8.98798     90.000    102.024     90.000     420.93     726.22 Monoclinic-P
     8.074   9  16   11.31837    7.56745    9.16599     90.000    108.536     90.000     744.35     762.99 Monoclinic-P
     2.249  10  19    5.88282   12.36904   11.07222     90.000    102.858     90.000     785.47     782.06 Monoclinic-P
     3.188   9  16    8.69686   13.03456    7.49668     90.000    110.716     90.000     794.88     801.61 Monoclinic-P
     2.160   8  19    6.19547   17.39392    8.17571     90.000     93.775     90.000     879.13     842.20 Monoclinic-P
     2.189   8  20   10.53375    8.68924    9.91274     90.000    105.822     90.000     872.94     863.25 Monoclinic-P
     4.169   7  20    8.15799    9.28935   12.38280     90.000     94.098     90.000     936.00     906.95 Monoclinic-P
     2.481  10  20   12.94371   10.81969    6.75245     90.000    107.583     90.000     901.48     929.63 Monoclinic-P
     2.481  10  20   12.66207   10.81969    6.75245     90.000    102.972     90.000     901.48     929.63 Monoclinic-P
     2.199   6  23   16.25951    6.61143    8.69662     90.000     91.348     90.000     934.62     952.87 Monoclinic-P
     5.560   9  18    5.43066   15.16045   10.66514     90.000     95.904     90.000     873.42     976.69 Monoclinic-P
     2.589   6  32   19.82271    2.28835   17.43616     90.000    111.133     90.000     737.74    1051.79 Monoclinic-P
     2.589   6  32   19.82271    1.61811   17.43616     90.000    111.133     90.000     521.66    1051.79 Monoclinic-P
     2.146   7  24    9.78096    8.13680   13.50137     90.000    102.608     90.000    1048.61    1078.08 Monoclinic-P
     2.193  10  10    6.88563    5.39703    9.06727     90.000    106.643     90.000     322.84    1078.08 Monoclinic-P
     3.504  13  11   11.17601    0.71744   10.62331     90.000    105.818     90.000      81.95    1160.98 Monoclinic-P
     2.455   5  30   24.51386    9.30417    5.37317     90.000     94.628     90.000    1221.52    1219.75 Monoclinic-P
     2.269  10  24   15.41411   10.73306    7.26613     90.000    104.852     90.000    1161.95    1250.24 Monoclinic-P
     2.269  10  24   15.26350   10.73306    7.26613     90.000    102.544     90.000    1161.95    1250.24 Monoclinic-P
     2.619   4  30   12.68046    6.85362   14.24694     90.000     99.284     90.000    1221.94    1281.50 Monoclinic-P
     2.291   3  39   16.29459    2.32191   25.51532     90.000    104.875     90.000     933.01    1313.54 Monoclinic-P
     2.291   3  39   16.29459    1.64184   25.51532     90.000    104.875     90.000     659.74    1313.54 Monoclinic-P
     2.018   8  31   12.07693    6.16881   17.57839     90.000     98.488     90.000    1295.25    1346.38 Monoclinic-P
     2.003   2  41   14.24109    6.17496   17.47792     90.000     91.213     90.000    1536.63    1380.04 Monoclinic-P
     2.484   5  32   24.47918    9.30274    6.09627     90.000     92.527     90.000    1386.91    1414.54 Monoclinic-P
     2.646   6  32   27.03427    9.30570    5.94015     90.000    115.317     90.000    1350.86    1449.90 Monoclinic-P
     2.646   6  32   25.07580    9.30570    5.94015     90.000    102.952     90.000    1350.86    1449.90 Monoclinic-P
     2.647   1  35    9.40745   10.72505   16.36858     90.000     98.864     90.000    1631.79    1486.15 Monoclinic-P
     2.373   3  41   21.14370    4.89632   16.28233     90.000    110.742     90.000    1576.39    1523.30 Monoclinic-P
     2.842   2  33   11.26501    8.29675   16.42917     90.000     97.674     90.000    1521.77    1561.38 Monoclinic-P
     2.297   3  41   23.01492    5.09588   16.42395     90.000    126.024     90.000    1557.88    1600.42 Monoclinic-P
     2.297   3  41   18.83666    5.09588   16.42395     90.000     98.821     90.000    1557.88    1600.42 Monoclinic-P
     3.854   2  33    9.32025   21.98689    8.72034     90.000    111.157     90.000    1666.55    1640.43 Monoclinic-P
     6.690   0  46   14.21495    8.68776   16.35418     90.000     96.864     90.000    2005.20    1681.44 Monoclinic-P
     4.143   6  37   19.90527    7.55894   11.04429     90.000    102.160     90.000    1624.47    1723.48 Monoclinic-P
     8.052   0  46   14.46513    8.72535   16.45919     90.000     98.785     90.000    2053.00    1766.56 Monoclinic-P
     8.591   1  41   15.31622    9.28202   14.32700     90.000    113.202     90.000    1872.07    1810.73 Monoclinic-P
     6.690   0  46   16.35418    8.68776   14.21495     90.000     96.864     90.000    2005.20    1856.00 Monoclinic-P
     8.591   1  41   15.31622    9.28202   14.32700     90.000    113.202     90.000    1872.07    1949.96 Monoclinic-P
     7.166   0  58    9.39816    5.09283   43.20546     90.000     94.689     90.000    2061.03    1998.70 Monoclinic-P
     6.769   0  74   32.61861    1.98662   28.08494     90.000    121.595     90.000    1550.16    2048.67 Monoclinic-P
     6.769   0  74   29.88024    1.40475   28.08494     90.000    111.592     90.000    1096.13    2048.67 Monoclinic-P
     8.052   0  46   14.46513    8.72535   16.45919     90.000     98.785     90.000    2053.00    2099.89 Monoclinic-P
     5.277   3  46   11.05006   10.21137   19.90318     90.000    102.197     90.000    2195.10    2152.39 Monoclinic-P
     2.838   1  50   10.53192   14.22612   16.23081     90.000     92.767     90.000    2429.00    2206.20 Monoclinic-P
     5.377   1  47   13.13793   18.57014    9.86297     90.000     93.783     90.000    2401.06    2261.35 Monoclinic-P
     5.377   1  47    9.86297   18.57014   13.13793     90.000     93.783     90.000    2401.06    2317.88 Monoclinic-P
     5.962   0  52   18.12864    9.22999   14.90968     90.000    109.553     90.000    2350.93    2375.83 Monoclinic-P
     7.996   0  55   16.83654   10.30897   15.53763     90.000    106.952     90.000    2579.65    2435.23 Monoclinic-P
     7.215   0  59   15.33580    9.57934   18.97217     90.000    100.827     90.000    2737.53    2496.11 Monoclinic-P
    10.762   0  58   21.37737   10.85869   12.44006     90.000     98.952     90.000    2852.54    2558.51 Monoclinic-P
     6.534   0  51    8.80010   20.91723   15.06590     90.000    100.190     90.000    2729.49    2622.47 Monoclinic-P
     6.838   0  60   15.10295   10.86656   17.59009     90.000     98.695     90.000    2853.65    2688.04 Monoclinic-P
     6.797   0  51   15.71307   17.39011    9.93931     90.000    103.089     90.000    2645.37    2755.24 Monoclinic-P
    10.762   0  58   12.44006   10.85869   21.37737     90.000     98.952     90.000    2852.54    2824.12 Monoclinic-P
    10.099   1  60   16.57347   17.36909   12.45007     90.000    119.823     90.000    3109.33    2894.72 Monoclinic-P
    10.099   1  60   14.98171   17.36909   12.45007     90.000    106.312     90.000    3109.33    2894.72 Monoclinic-P
     8.360   0  80   17.50159    5.73137   30.72558     90.000     99.412     90.000    3040.53    2967.09 Monoclinic-P
    10.334   0 110   38.04039    1.89655   32.51678     90.000    113.764     90.000    2147.03    3041.27 Monoclinic-P
    10.334   0 110   38.04039    1.34106   32.51678     90.000    113.764     90.000    1518.18    3041.27 Monoclinic-P
    13.186   0  84   24.68588    5.54684   25.26169     90.000    116.016     90.000    3108.54    3117.30 Monoclinic-P
finished cell search for Monoclinic-P, elapsed time = 0: 3:0.42
elapsed 180.4158070087433 ncells 324
M20=   26.6 X20= 0 Nc=109 Monoclinic-P     a= 18.6859 b= 10.6595 c= 26.6584 al= 90.000 be=109.213 ga= 90.000 V=  5014.1 Z~8.44
M20=   19.4 X20= 0 Nc= 59 Monoclinic-P     a= 16.2275 b= 22.7560 c=  8.7341 al= 90.000 be= 94.621 ga= 90.000 V=  3214.8 Z~5.41
M20=   18.9 X20= 0 Nc=100 Monoclinic-P     a= 45.5161 b=  5.7657 c= 15.2487 al= 90.000 be= 95.535 ga= 90.000 V=  3983.1 Z~6.71
M20=   17.3 X20= 0 Nc= 89 Monoclinic-P     a= 10.2865 b= 10.9836 c= 36.6187 al= 90.000 be= 93.990 ga= 90.000 V=  4127.3 Z~6.95
M20=   15.4 X20= 0 Nc=103 Monoclinic-P     a= 33.8186 b=  1.4973 c= 30.5982 al= 90.000 be= 90.605 ga= 90.000 V=  1549.3 Z~2.61
M20=   15.4 X20= 0 Nc=103 Monoclinic-P     a= 33.8186 b=  2.1175 c= 30.5982 al= 90.000 be= 90.605 ga= 90.000 V=  2191.0 Z~3.69
M20=   14.9 X20= 0 Nc= 87 Monoclinic-P     a= 15.5907 b= 21.4701 c= 14.4377 al= 90.000 be=108.097 ga= 90.000 V=  4593.7 Z~7.73
M20=   14.7 X20= 0 Nc= 69 Monoclinic-P     a= 10.7348 b= 30.3407 c= 11.6124 al= 90.000 be= 98.742 ga= 90.000 V=  3738.2 Z~6.29
M20=   14.6 X20= 0 Nc= 79 Monoclinic-P     a= 19.5137 b=  8.7880 c= 21.4797 al= 90.000 be= 93.260 ga= 90.000 V=  3677.5 Z~6.19
M20=   13.3 X20= 0 Nc= 89 Monoclinic-P     a= 15.9919 b= 16.2713 c= 18.5312 al= 90.000 be=102.192 ga= 90.000 V=  4713.2 Z~7.93
M20=   13.2 X20= 0 Nc= 84 Monoclinic-P     a= 24.6859 b=  5.5468 c= 25.2617 al= 90.000 be=116.016 ga= 90.000 V=  3108.5 Z~5.23
M20=   13.1 X20= 0 Nc= 74 Monoclinic-P     a= 16.0771 b= 10.4165 c= 21.1843 al= 90.000 be= 92.240 ga= 90.000 V=  3545.0 Z~5.97
M20=   12.3 X20= 0 Nc=112 Monoclinic-P     a= 16.2782 b=  5.9245 c= 52.7713 al= 90.000 be=113.601 ga= 90.000 V=  4663.6 Z~7.85
M20=   12.3 X20= 0 Nc=112 Monoclinic-P     a= 16.2782 b=  5.9245 c= 48.5999 al= 90.000 be= 95.727 ga= 90.000 V=  4663.6 Z~7.85
M20=   12.0 X20=12 Nc= 15 Monoclinic-P     a= 10.3072 b=  5.7064 c= 11.0540 al= 90.000 be=109.308 ga= 90.000 V=   613.6 Z~1.03
M20=   12.0 X20=12 Nc= 15 Monoclinic-P     a= 10.3072 b=  5.7064 c= 11.0540 al= 90.000 be=109.308 ga= 90.000 V=   613.6 Z~1.03
M20=   12.0 X20=12 Nc= 15 Monoclinic-P     a= 11.0540 b=  5.7064 c= 10.3072 al= 90.000 be=109.308 ga= 90.000 V=   613.6 Z~1.03
M20=   12.0 X20=12 Nc= 15 Monoclinic-P     a= 11.0540 b=  5.7064 c= 10.3072 al= 90.000 be=109.308 ga= 90.000 V=   613.6 Z~1.03
M20=   12.0 X20=12 Nc= 15 Monoclinic-P     a= 10.3072 b=  5.7064 c= 11.0540 al= 90.000 be=109.308 ga= 90.000 V=   613.6 Z~1.03
M20=   12.0 X20=12 Nc= 15 Monoclinic-P     a= 10.3072 b=  5.7064 c= 11.0540 al= 90.000 be=109.308 ga= 90.000 V=   613.6 Z~1.03
M20=   11.5 X20= 0 Nc= 84 Monoclinic-P     a= 17.4534 b= 15.5967 c= 16.2554 al= 90.000 be= 94.468 ga= 90.000 V=  4411.5 Z~7.43
M20=   11.5 X20= 0 Nc= 84 Monoclinic-P     a= 24.7602 b= 15.5967 c= 16.2554 al= 90.000 be=135.351 ga= 90.000 V=  4411.5 Z~7.43
M20=   11.0 X20=13 Nc= 16 Monoclinic-P     a= 10.6018 b=  5.7028 c= 11.2290 al= 90.000 be=105.768 ga= 90.000 V=   653.4 Z~1.10
M20=   10.9 X20= 0 Nc= 91 Monoclinic-P     a= 21.3586 b=  9.2089 c= 22.3443 al= 90.000 be=105.644 ga= 90.000 V=  4232.1 Z~7.12
M20=   10.8 X20= 0 Nc= 58 Monoclinic-P     a= 21.3774 b= 10.8587 c= 12.4401 al= 90.000 be= 98.952 ga= 90.000 V=  2852.5 Z~4.80
M20=   10.8 X20= 0 Nc= 58 Monoclinic-P     a= 12.4401 b= 10.8587 c= 21.3774 al= 90.000 be= 98.952 ga= 90.000 V=  2852.5 Z~4.80
M20=   10.8 X20= 0 Nc= 58 Monoclinic-P     a= 21.3774 b= 10.8587 c= 12.4401 al= 90.000 be= 98.952 ga= 90.000 V=  2852.5 Z~4.80
M20=   10.8 X20= 0 Nc= 58 Monoclinic-P     a= 12.4401 b= 10.8587 c= 21.3774 al= 90.000 be= 98.952 ga= 90.000 V=  2852.5 Z~4.80
M20=   10.8 X20= 0 Nc= 58 Monoclinic-P     a= 22.9997 b= 10.8587 c= 12.4401 al= 90.000 be=113.344 ga= 90.000 V=  2852.5 Z~4.80
M20=   10.8 X20= 0 Nc= 58 Monoclinic-P     a= 21.3774 b= 10.8587 c= 12.4401 al= 90.000 be= 98.952 ga= 90.000 V=  2852.5 Z~4.80
