Xfca9f3c CUBIC P 0 peaks [2.21288, 3.855, 4.43923, 4.94083, 6.62303, 7.72119, 8.58052, 9.56008, 10.08285, 10.30835, 10.55003, 11.42618, 12.1412, 12.37932, 12.72543, 13.26977, 13.74203, 14.1257, 14.85127, 16.22731, 18.6576, 19.86529] V 972.7115478515625 4680 Lmax 46.835301001267474
3->46.8353,1.75342,24.9999
1.5708->2.44346,0.0766052,0.766044,11.3917
972.712->4680,463.417,7.9999
Starting: V=972.712->1436.13
46.8353,3,1.75348
Finished: V=972.712->1436.13 A^3, 2 unit cells tested, 25316.5 tests/s,   Elapsed time=8.5e-05s
Starting: V=1436.13->1899.55
46.8353,3,1.75348
Finished: V=1436.13->1899.55 A^3, 4 unit cells tested, 23668.6 tests/s,   Elapsed time=0.000174s
Starting: V=1899.55->2362.96
46.8353,3,1.75348
Finished: V=1899.55->2362.96 A^3, 5 unit cells tested, 20746.9 tests/s,   Elapsed time=0.000246s
Starting: V=2362.96->2826.38
46.8353,3,1.75348
Finished: V=2362.96->2826.38 A^3, 7 unit cells tested, 19390.6 tests/s,   Elapsed time=0.000366s
Starting: V=2826.38->3289.8
46.8353,3,1.75348
Finished: V=2826.38->3289.8 A^3, 8 unit cells tested, 18181.8 tests/s,   Elapsed time=0.000445s
Starting: V=3289.8->3753.21
46.8353,3,1.75348
Finished: V=3289.8->3753.21 A^3, 10 unit cells tested, 18281.5 tests/s,   Elapsed time=0.000552s
Starting: V=3753.21->4216.63
46.8353,3,1.75348
Finished: V=3753.21->4216.63 A^3, 11 unit cells tested, 17295.6 tests/s,   Elapsed time=0.000641s
Starting: V=4216.63->4680
46.8353,3,1.75348
Finished: V=4216.63->4680 A^3, 12 unit cells tested, 16713.1 tests/s,   Elapsed time=0.000723s
DONE Xfca9f3c CUBIC P 0 0.0008308887481689453 []
