START 0.046517569386366545 963.3169607168255
Imported powder pattern: 11151 points, 2theta=  1.956 ->  35.406, step= 0.003
EXTENDED 0.38 11151 Rw 0.04345445647398715
WITH_H 0.04339065909545411 27063.10643289646
Imported powder pattern: 11149 points, 2theta=  1.956 ->  35.400, step= 0.003
SCALED_SIGMA 1.5580122392559126 11148.999999999962
EXTENDED_BACKGROUND 0.033113998805231505
CYCLE 0 0 Rw 0.03295242926499886 chi2 6430.108398745948
CYCLE 0 1 Rw 0.03295320183767668 chi2 6430.409911223779
CYCLE 0 2 Rw 0.03295426112662011 chi2 6430.82333214924
CYCLE 1 0 Rw 0.03123657809761261 chi2 5777.904041953334
CYCLE 1 1 Rw 0.030762234131342003 chi2 5603.755368179104
CYCLE 1 2 Rw 0.030670547997221256 chi2 5570.401418697941
CYCLE 2 0 Rw 0.029800851506035612 chi2 5258.970907231277
CYCLE 2 1 Rw 0.029728064376227898 chi2 5233.3127188638655
CYCLE 2 2 Rw 0.029731983096345758 chi2 5234.692508630112
CYCLE 3 0 Rw 0.028647056846327675 chi2 4859.632648597502
CYCLE 3 1 Rw 0.02833266403998629 chi2 4753.551957780737
CYCLE 3 2 Rw 0.028322056741404505 chi2 4749.993315627834
FINISHED Xfca9f3c 0.028322056741404505
