START 0.02832225939477907 4750.061893433247
Imported powder pattern: 11151 points, 2theta=  1.956 ->  35.406, step= 0.003
EXTENDED 0.38 11151 Rw 0.028322259084927612
WITH_H 0.02832225908492742 11530.308680316417
Imported powder pattern: 11149 points, 2theta=  1.956 ->  35.400, step= 0.003
SCALED_SIGMA 1.0169568109260798 11149.000000000111
TIGHT_RESTRAINTS
EXTENDED_BACKGROUND 0.028293895441029823
CYCLE 0 0 Rw 0.028287004040706838 chi2 11121.261121492498
CYCLE 0 1 Rw 0.02828541755795142 chi2 11120.013679791917
CYCLE 0 2 Rw 0.028285315469808538 chi2 11119.933410904572
CYCLE 1 0 Rw 0.028560317332228347 chi2 11337.209969192963
CYCLE 1 1 Rw 0.02824219742999268 chi2 11086.056873020549
CYCLE 1 2 Rw 0.028284418386906776 chi2 11119.228073610137
CYCLE 2 0 Rw 0.028055078141862255 chi2 10939.641705823507
CYCLE 2 1 Rw 0.028021237651754925 chi2 10913.26647616134
CYCLE 2 2 Rw 0.027816874743240596 chi2 10754.662914260685
CYCLE 3 0 Rw 0.027736855744913736 chi2 10692.877427705333
CYCLE 3 1 Rw 0.027728343668904254 chi2 10686.315428028274
CYCLE 3 2 Rw 0.0276721275416407 chi2 10643.02872434147
FINISHED Xfca9f3c 0.0276721275416407
