Xf8ac963 P 2 2 2 Rwp=0.0854 nrefl=119 cell= 16.26352 9.32080 11.39244 90.0000 90.0000 90.0000
--- absences : 20 reflections used (stol<=0.111)
class                     nAbs   <I>abs nPres  <I>pres   ratio
h00: h odd (2_1 a)           2    0.032     1    0.010   3.309
0kl: k odd (b_a)             3    0.248     3    2.122   0.117 (weak)
0kl: l odd (c_a)             2    0.360     4    1.598   0.225
0kl: k+l odd (n_a)           3    0.008     3    2.362   0.003 <== ABSENT?
h0l: h odd (a_b)             5    1.498     5    0.392   3.820
h0l: l odd (c_b)             4    1.026     6    0.891   1.152
h0l: h+l odd (n_b)           5    0.991     5    0.899   1.103
hk0: h odd (a_c)             4    0.148     4    1.895   0.078 <== ABSENT?
hk0: k odd (b_c)             4    0.691     4    1.352   0.511
hk0: h+k odd (n_c)           4    0.575     4    1.468   0.391
hkl: h+k odd (C)            10    1.148    10    0.852   1.346
hkl: h+l odd (B)            10    0.723    10    1.277   0.566
hkl: k+l odd (A)            10    0.688    10    1.312   0.525
hkl: h+k+l odd (I)           9    0.878    11    1.100   0.798
--- absences : 119 reflections used (stol<=0.223)
class                     nAbs   <I>abs nPres  <I>pres   ratio
h00: h odd (2_1 a)           4    0.031     3    1.536   0.020 <== ABSENT?
0k0: k odd (2_1 b)           2    0.008     2    3.806   0.002 <== ABSENT?
00l: l odd (2_1 c)           3    0.004     2    2.772   0.002 <== ABSENT?
0kl: k odd (b_a)             9    0.264    12    3.352   0.079 <== ABSENT?
0kl: l odd (c_a)            10    2.477    11    1.620   1.529
0kl: k+l odd (n_a)          11    2.196    10    1.844   1.191
h0l: h odd (a_b)            17    0.917    18    0.839   1.093
h0l: l odd (c_b)            16    0.741    19    0.992   0.747
h0l: h+l odd (n_b)          17    0.525    18    1.209   0.434
hk0: h odd (a_c)            15    0.455    15    1.229   0.370
hk0: k odd (b_c)            14    0.469    16    1.168   0.401
hk0: h+k odd (n_c)          15    0.665    15    1.019   0.652
hkl: h+k odd (C)            60    0.823    59    1.180   0.697
hkl: h+l odd (B)            59    0.961    60    1.038   0.926
hkl: k+l odd (A)            61    1.038    58    0.960   1.082
hkl: h+k+l odd (I)          59    1.057    60    0.944   1.119
lowest-angle reflections (h k l  2theta  I):
    1   0   0    1.651         0.5
    0   0   1    2.358         0.0
    1   0   1    2.879        55.6
    0   1   0    2.882         0.2
    2   0   0    3.303         0.2
    1   1   0    3.321         6.4
    0   1   1    3.723        12.4
    2   0   1    4.059        13.5
    1   1   1    4.073        12.0
    2   1   0    4.384        38.2
    0   0   2    4.716        17.7
    3   0   0    4.955         0.6
    2   1   1    4.978        17.5
    1   0   2    4.997        70.6
    3   0   1    5.488         1.5
    0   1   2    5.528         0.2
    3   1   0    5.733         2.6
    2   0   2    5.759         2.3
    0   2   0    5.765        91.7
    1   1   2    5.769         0.1
    1   2   0    5.997        13.6
    3   1   1    6.200        11.9
    0   2   1    6.229       291.3
    2   1   2    6.441        25.3
    1   2   1    6.445        60.3
    4   0   0    6.609        51.6
    2   2   0    6.646         2.8
    3   0   2    6.843         0.2
    4   0   1    7.018         0.1
    2   2   1    7.052        45.3
    0   0   3    7.077         0.2
    4   1   0    7.211        15.0
    1   0   3    7.267        29.6
    3   1   2    7.426         7.2
    0   2   2    7.451        47.3
    4   1   1    7.588        21.3
    3   2   0    7.605         0.0
    1   2   2    7.632        44.6
    0   1   3    7.642         2.3
    2   0   3    7.811         1.1
