/app/work/submit.py:5: UserWarning: Issues encountered while parsing CIF: Skipping relative stoichiometry check because CIF does not contain formula keys.
  s=CifParser(f).parse_structures(primitive=False)[0];s.remove_species(['H']);r=np.array([Chem.GetPeriodicTable().GetRcovalent(x.specie.symbol) for x in s]);D=s.distance_matrix;A=(D>.3)&(D<(r[:,None]+r[None,:])*1.2);g=nx.from_numpy_array(A);cs=list(nx.connected_components(g));print(sid,'Nat',len(s),'molecule sizes',[len(c) for c in cs])
Xf8ac963 Nat 84 molecule sizes [21, 21, 21, 21]
  component COc1ccc(NC(=O)[C@@H]2C[C@H](C)CC[C@H]2C(C)C)cc1 matches 4
  bond range 1.212217974605417 1.569474708933082
  min intermolecular distance 2.9040854969037926
/app/work/check_stereo.py:5: UserWarning: Issues encountered while parsing CIF: Skipping relative stoichiometry check because CIF does not contain formula keys.
  s=CifParser(fn).parse_structures(primitive=False)[0];s.remove_species(['H']);rad=np.array([Chem.GetPeriodicTable().GetRcovalent(x.specie.symbol) for x in s]);D=s.distance_matrix;A=(D>.3)&(D<1.2*(rad[:,None]+rad[None,:]));g=nx.from_numpy_array(A)
Xf8ac963 root 0 expected {9: 'R', 11: 'R', 15: 'S'} actual {9: 'R', 11: 'R', 15: 'S'} OK True
Xf8ac963 root 1 expected {9: 'R', 11: 'R', 15: 'S'} actual {9: 'R', 11: 'R', 15: 'S'} OK True
Xf8ac963 root 2 expected {9: 'R', 11: 'R', 15: 'S'} actual {9: 'R', 11: 'R', 15: 'S'} OK True
Xf8ac963 root 3 expected {9: 'R', 11: 'R', 15: 'S'} actual {9: 'R', 11: 'R', 15: 'S'} OK True
/app/work/contacts.py:4: UserWarning: Issues encountered while parsing CIF: Skipping relative stoichiometry check because CIF does not contain formula keys.
  s=CifParser(sys.argv[1]).parse_structures(primitive=False)[0];s.remove_species(['H'])
Cell (9.32157736, 11.39348194, 16.26479149, 90.0, 90.0, 90.0) n 84 components [21, 21, 21, 21]
2.9041 72 N7 N 0 82 O9 O 2
3.0344 2 C1 C 2 81 O9 O 1
3.4729 24 C10 C 0 82 O9 O 2
3.5189 63 C19 C 3 78 O2 O 2
3.6331 44 C15 C 0 69 C21 C 1
3.6807 20 C8 C 0 82 O9 O 2
3.7557 0 C1 C 0 73 N7 N 1
3.7897 0 C1 C 0 29 C11 C 1
3.8085 58 C18 C 2 80 O9 O 0
3.8095 45 C15 C 1 64 C20 C 0
3.8188 33 C12 C 1 71 C21 C 3
3.8203 16 C6 C 0 82 O9 O 2
3.8482 62 C19 C 2 77 O2 O 1
3.8519 39 C13 C 3 60 C19 C 0
3.9337 2 C1 C 2 65 C20 C 1
3.9365 22 C8 C 2 72 N7 N 0
3.9488 13 C5 C 1 59 C18 C 3
3.9491 17 C6 C 1 59 C18 C 3
3.9531 39 C13 C 3 44 C15 C 0
3.9821 57 C18 C 1 75 N7 N 3
3.9847 79 O2 O 3 80 O9 O 0
3.9882 0 C1 C 0 23 C8 C 3
3.9976 13 C5 C 1 83 O9 O 3
3.9994 52 C17 C 0 79 O2 O 3
4.0280 22 C8 C 2 56 C18 C 0
