START 0.08838637875856731 3350.6620920658656
Imported powder pattern: 8897 points, 2theta=  2.728 ->  20.520, step= 0.002
EXTENDED 0.38 8897 Rw 0.10576026872271313
WITH_H 0.10545432099537633 26961.09485561006
Imported powder pattern: 8896 points, 2theta=  2.728 ->  20.517, step= 0.002
SCALED_SIGMA 1.740890178146295 8895.999999999858
EXTENDED_BACKGROUND 0.10100832663104055
CYCLE 0 0 Rw 0.10097273582489279 chi2 8155.944501265002
CYCLE 0 1 Rw 0.10097268893102981 chi2 8155.9369256822765
CYCLE 0 2 Rw 0.10097268875115785 chi2 8155.936896624418
CYCLE 1 0 Rw 0.09255197382443703 chi2 6852.316043756358
CYCLE 1 1 Rw 0.09205160816310119 chi2 6778.424687801084
CYCLE 1 2 Rw 0.09166497051973997 chi2 6721.6024283293345
CYCLE 2 0 Rw 0.09068393490771781 chi2 6578.497711584347
CYCLE 2 1 Rw 0.09034123182292188 chi2 6528.870144541584
CYCLE 2 2 Rw 0.09052332651581686 chi2 6555.216271217951
CYCLE 3 0 Rw 0.08995808730895077 chi2 6473.608638941376
CYCLE 3 1 Rw 0.08851664322581965 chi2 6267.810923384
CYCLE 3 2 Rw 0.08811191665757452 chi2 6210.625063288853
FINISHED Xf8ac963 0.08811191665757452
