START 0.0929741053467341 6914.943705560771
WITH_H 0.09297395287027733 6914.943705560771
Imported powder pattern: 8896 points, 2theta=  2.728 ->  20.517, step= 0.002
SCALED_SIGMA 1.0 6914.943705560443
TIGHT_RESTRAINTS
FLEXIBLE_RINGS
AROMATIC_PLANARITY 10
CYCLE 0 0 Rw 0.09297067739738468 chi2 6914.456487130537 geom 2146.977739125443 LSQ 9938.756359610752
CYCLE 0 1 Rw 0.09297067143539704 chi2 6914.455600315368 geom 2146.977739125443 LSQ 9938.75281496414
CYCLE 0 2 Rw 0.09297067141551117 chi2 6914.455597357456 geom 2146.977739125443 LSQ 9938.752802390247
CYCLE 1 0 Rw 0.09382791777742527 chi2 7042.5544677049065 geom 1091.0641013059083 LSQ 8860.115992685576
CYCLE 1 1 Rw 0.09381979923692048 chi2 7041.335794382652 geom 1065.8974217602897 LSQ 8830.958926487569
CYCLE 1 2 Rw 0.09360516260685582 chi2 7009.154957837387 geom 1071.938535093356 LSQ 8804.274870820753
CYCLE 2 0 Rw 0.0937314185155666 chi2 7028.075795496884 geom 1052.8821854163743 LSQ 8802.468875679537
CYCLE 2 1 Rw 0.09361091827806409 chi2 7010.016953705229 geom 1058.9316406866549 LSQ 8790.123314043321
CYCLE 2 2 Rw 0.09361239947963323 chi2 7010.238793859116 geom 1051.382235439466 LSQ 8782.947351438363
CYCLE 3 0 Rw 0.09356114938711961 chi2 7002.56508733604 geom 1050.094756987005 LSQ 8773.521629768136
CYCLE 3 1 Rw 0.09354910025215371 chi2 7000.7615733913735 geom 1050.0664707656467 LSQ 8771.62207622464
CYCLE 3 2 Rw 0.09354026689372641 chi2 6999.439544286882 geom 1050.104068520352 LSQ 8770.303716073307
FINISHED Xf8ac963 0.09354026689372641
