START 0.173310220368862 58763.22187511092
ObjRegistry<T>::Find(H): Not found !!
List of Crystal ScatteringPowers :3 object registered:
#  0:ScatteringPowerAtom(C)
#  1:ScatteringPowerAtom(O)
#  2:ScatteringPowerAtom(N)
WITH_H 0.4521666245475364 401407.103211415
Imported powder pattern: 10732 points, 2theta=  2.727 ->  13.458, step= 0.001
SCALED_SIGMA 6.115784792757857 10732.000000000065
CYCLE 0 0 Rw 0.24891240940688153 chi2 3252.1963310306205
CYCLE 0 1 Rw 0.15879438361680265 chi2 1323.5913913413615
CYCLE 0 2 Rw 0.14904072625628886 chi2 1165.986640544815
CYCLE 1 0 Rw 0.11673934879968693 chi2 715.3493566641461
CYCLE 1 1 Rw 0.11077680930140475 chi2 644.1416215248271
CYCLE 1 2 Rw 0.10888426436304782 chi2 622.3202039136776
CYCLE 2 0 Rw 0.1070371267572566 chi2 601.3849333537673
CYCLE 2 1 Rw 0.10672968503587994 chi2 597.9351903600476
CYCLE 2 2 Rw 0.10658291096247038 chi2 596.2917668081185
CYCLE 3 0 Rw 0.10637120760283622 chi2 593.925316158242
CYCLE 3 1 Rw 0.10608291012823244 chi2 590.7102519611337
CYCLE 3 2 Rw 0.10617538699708622 chi2 591.7405940729739
FINISHED Xf8ac963 0.10617538699708622
