ObjRegistry<T>::Find(C): Not found !!
List of Crystal ScatteringPowers :0 object registered:
ObjRegistry<T>::Find(O): Not found !!
List of Crystal ScatteringPowers :1 object registered:
#  0:ScatteringPowerAtom(C)
ObjRegistry<T>::Find(N): Not found !!
List of Crystal ScatteringPowers :2 object registered:
#  0:ScatteringPowerAtom(C)
#  1:ScatteringPowerAtom(O)
INITIAL Xf8ac963 1 Rw 0.7462516201360422 LLK 668254.0053330073 Integrated 667601.2162749476 DOF -1
RUN 0 steps 100000 time 8.412759780883789 total 8.412807703018188 LLK 259314.93068270577 Rw 0.4623728782149336 Integrated 258583.28647322388
RUN 1 steps 1000000 time 84.68188714981079 total 93.19345378875732 LLK 54796.558423303824 Rw 0.21631628827924249 Integrated 54060.91194527346
RUN 2 steps 1000000 time 84.6913890838623 total 177.98622179031372 LLK 36446.171268426304 Rw 0.177826439529883 Integrated 35767.9679658325
RUN 3 steps 1000000 time 83.52694344520569 total 261.6146686077118 LLK 34662.92651459696 Rw 0.1733101895716384 Integrated 33990.70486932111
RUN 4 steps 1000000 time 82.68309283256531 total 344.3948657512665 LLK 35633.41085565536 Rw 0.17510366275732936 Integrated 34943.072095853706
RUN 5 steps 1000000 time 81.62781500816345 total 426.02297925949097 LLK 91408.40712368592 Rw 0.2749899416333486 Integrated 90682.65093305327
RUN 6 steps 1000000 time 81.59773230552673 total 507.62098717689514 LLK 60680.45121644397 Rw 0.22607438309230804 Integrated 59899.67812906734
RUN 7 steps 1000000 time 82.96889758110046 total 590.5901670455933 LLK 40598.453236875815 Rw 0.1888731443913149 Integrated 39938.97999772092
RUN 8 steps 1000000 time 156.04418277740479 total 746.6346092224121 LLK 37206.74605401409 Rw 0.18274314030829775 Integrated 36538.033925139935
FINISHED 34662.92651459696
