Xdcc971e HEXAGONAL P 0 peaks [2.53502, 4.24908, 4.47599, 5.08274, 5.38672, 6.87708, 7.27575, 7.67681, 7.8062, 8.16867, 8.36187, 9.6896, 9.95882, 10.52621, 10.65059, 11.01354, 11.35492, 12.03227, 12.80007, 13.46644, 14.07814, 14.27227] V 1277.986572265625 5400 Lmax 49.12349800197614
3->49.1235,1.84495,24.9999
1.5708->2.44346,0.0766052,0.766044,11.3917
1277.99->5400,458.007,8.9999
Starting: V=1277.99->1735.99
Finished: V=1277.99->1735.99 A^3, 51 unit cells tested, 54082.7 tests/s,   Elapsed time=0.000949s
Starting: V=1735.99->2194
Finished: V=1735.99->2194 A^3, 104 unit cells tested, 50905.5 tests/s,   Elapsed time=0.002049s
Starting: V=2194->2652.01
Finished: V=2194->2652.01 A^3, 157 unit cells tested, 47749.4 tests/s,   Elapsed time=0.003294s
Starting: V=2652.01->3110.01
Finished: V=2652.01->3110.01 A^3, 212 unit cells tested, 45768.6 tests/s,   Elapsed time=0.004637s
Starting: V=3110.01->3568.02
Finished: V=3110.01->3568.02 A^3, 266 unit cells tested, 43966.9 tests/s,   Elapsed time=0.006055s
Starting: V=3568.02->4026.03
Finished: V=3568.02->4026.03 A^3, 322 unit cells tested, 41548.4 tests/s,   Elapsed time=0.007756s
Starting: V=4026.03->4484.03
Finished: V=4026.03->4484.03 A^3, 379 unit cells tested, 39865.4 tests/s,   Elapsed time=0.009512s
Starting: V=4484.03->4942.04
Finished: V=4484.03->4942.04 A^3, 439 unit cells tested, 38654.6 tests/s,   Elapsed time=0.011363s
Starting: V=4942.04->5400
Finished: V=4942.04->5400 A^3, 507 unit cells tested, 37909.4 tests/s,   Elapsed time=0.013392s
DONE Xdcc971e HEXAGONAL P 0 0.013551712036132812 []
