Xdcc971e ORTHOROMBIC I 0 peaks [2.53502, 4.24908, 4.47599, 5.08274, 5.38672, 6.87708, 7.27575, 7.67681, 7.8062, 8.16867, 8.36187, 9.6896, 9.95882, 10.52621, 10.65059, 11.01354, 11.35492, 12.03227, 12.80007, 13.46644, 14.07814, 14.27227] V 1206.0093994140625 5400 Lmax 49.12349800197614
3->49.1235,1.84495,24.9999
1.5708->2.44346,0.0766052,0.766044,11.3917
1206.01->5400,466.004,8.9999
Starting: V=1206.01->1672.01
Finished: V=1206.01->1672.01 A^3, 238 unit cells tested, 154545 tests/s,   Elapsed time=0.001547s
Starting: V=1672.01->2138.02
Finished: V=1672.01->2138.02 A^3, 510 unit cells tested, 146636 tests/s,   Elapsed time=0.003484s
Starting: V=2138.02->2604.02
Finished: V=2138.02->2604.02 A^3, 802 unit cells tested, 135519 tests/s,   Elapsed time=0.005924s
Starting: V=2604.02->3070.03
Finished: V=2604.02->3070.03 A^3, 1120 unit cells tested, 127447 tests/s,   Elapsed time=0.008793s
Starting: V=3070.03->3536.03
Finished: V=3070.03->3536.03 A^3, 1459 unit cells tested, 124477 tests/s,   Elapsed time=0.011726s
Starting: V=3536.03->4002.03
Finished: V=3536.03->4002.03 A^3, 1807 unit cells tested, 120258 tests/s,   Elapsed time=0.015032s
Starting: V=4002.03->4468.04
Finished: V=4002.03->4468.04 A^3, 2167 unit cells tested, 115315 tests/s,   Elapsed time=0.018798s
Starting: V=4468.04->4934.04
Finished: V=4468.04->4934.04 A^3, 2538 unit cells tested, 111614 tests/s,   Elapsed time=0.022745s
Starting: V=4934.04->5400
Finished: V=4934.04->5400 A^3, 2909 unit cells tested, 107494 tests/s,   Elapsed time=0.027068s
DONE Xdcc971e ORTHOROMBIC I 0 0.02720165252685547 []
