Xdcc971e ORTHOROMBIC C 0 peaks [2.53502, 4.24908, 4.47599, 5.08274, 5.38672, 6.87708, 7.27575, 7.67681, 7.8062, 8.16867, 8.36187, 9.6896, 9.95882, 10.52621, 10.65059, 11.01354, 11.35492, 12.03227, 12.80007, 13.46644, 14.07814, 14.27227] V 1206.0093994140625 5400 Lmax 49.12349800197614
3->49.1235,1.84495,24.9999
1.5708->2.44346,0.0766052,0.766044,11.3917
1206.01->5400,466.004,8.9999
Starting: V=1206.01->1672.01
Finished: V=1206.01->1672.01 A^3, 238 unit cells tested, 181957 tests/s,   Elapsed time=0.001314s
Starting: V=1672.01->2138.02
Finished: V=1672.01->2138.02 A^3, 510 unit cells tested, 166776 tests/s,   Elapsed time=0.003064s
Starting: V=2138.02->2604.02
Finished: V=2138.02->2604.02 A^3, 801 unit cells tested, 156690 tests/s,   Elapsed time=0.005117s
Starting: V=2604.02->3070.03
Finished: V=2604.02->3070.03 A^3, 1115 unit cells tested, 146019 tests/s,   Elapsed time=0.007643s
Starting: V=3070.03->3536.03
Finished: V=3070.03->3536.03 A^3, 1443 unit cells tested, 136042 tests/s,   Elapsed time=0.010614s
Starting: V=3536.03->4002.03
Finished: V=3536.03->4002.03 A^3, 1781 unit cells tested, 129499 tests/s,   Elapsed time=0.013759s
Starting: V=4002.03->4468.04
Finished: V=4002.03->4468.04 A^3, 2132 unit cells tested, 123530 tests/s,   Elapsed time=0.017264s
Starting: V=4468.04->4934.04
Finished: V=4468.04->4934.04 A^3, 2495 unit cells tested, 118331 tests/s,   Elapsed time=0.021091s
Starting: V=4934.04->5400
Finished: V=4934.04->5400 A^3, 2861 unit cells tested, 113830 tests/s,   Elapsed time=0.025139s
DONE Xdcc971e ORTHOROMBIC C 0 0.02529001235961914 []
