START 0.10597182565231857 422.47553631036794
Imported powder pattern: 11056 points, 2theta=  2.277 ->  35.442, step= 0.003
EXTENDED 0.38 11056 Rw 0.10297171349154743
WITH_H 0.10242326004475441 148402.30973742672
Imported powder pattern: 11055 points, 2theta=  2.277 ->  35.439, step= 0.003
SCALED_SIGMA 3.6638776005320364 11054.999999999874
EXTENDED_BACKGROUND 0.07713518063778783
CYCLE 0 0 Rw 0.07706621787231345 chi2 6258.779463700083
CYCLE 0 1 Rw 0.07705547535799455 chi2 6257.034721482094
CYCLE 0 2 Rw 0.07704993405258768 chi2 6256.1348271273055
CYCLE 1 0 Rw 0.06622425959895177 chi2 4621.63645290779
CYCLE 1 1 Rw 0.06372084896423369 chi2 4278.82637078046
CYCLE 1 2 Rw 0.0630714044517343 chi2 4192.051029775493
CYCLE 2 0 Rw 0.06116741086028712 chi2 3942.772806367665
CYCLE 2 1 Rw 0.06067183688942161 chi2 3879.143490507067
CYCLE 2 2 Rw 0.06041987064438228 chi2 3846.9907256629413
CYCLE 3 0 Rw 0.059414442875189474 chi2 3720.022916661599
CYCLE 3 1 Rw 0.05878344141061497 chi2 3641.4267025400327
CYCLE 3 2 Rw 0.05814316269898729 chi2 3562.532706111484
FINISHED Xdcc971e 0.05814316269898729
