START 0.3994061141674901 1563383.5595040533
ObjRegistry<T>::Find(H): Not found !!
List of Crystal ScatteringPowers :1 object registered:
#  0:ScatteringPowerAtom(C)
WITH_H 0.4125994723296354 1668374.1776177147
Imported powder pattern: 6943 points, 2theta=  2.277 ->  23.103, step= 0.003
SCALED_SIGMA 15.501479384770963 6942.999999999942
CYCLE 0 0 Rw 0.41260369739703223 chi2 6943.142195010391
CYCLE 0 1 Rw 0.4125858239856235 chi2 6942.54067374512
CYCLE 0 2 Rw 0.4125506958290978 chi2 6941.358528071673
CYCLE 1 0 Rw 0.2317445266654049 chi2 2190.3262115815933
CYCLE 1 1 Rw 0.22498395103407098 chi2 2064.3955178489696
CYCLE 1 2 Rw 0.15888023131249726 chi2 1029.5075968884846
CYCLE 2 0 Rw 0.13546606413120235 chi2 748.4294264197764
CYCLE 2 1 Rw 0.12790095125425444 chi2 667.1713339013558
CYCLE 2 2 Rw 0.12397746397313479 chi2 626.8668810294143
CYCLE 3 0 Rw 0.10703173026064601 chi2 467.2130031674845
CYCLE 3 1 Rw 0.10433116091277701 chi2 443.8931432708713
CYCLE 3 2 Rw 0.10426556262757718 chi2 443.3351225495944
FINISHED Xdcc971e 0.10426556262757718
