CELL [11.0393642   7.18271319 36.27301622 90.         95.37590129 90.        ] V 2863.5302869105494 zero -0.0013443673629815168
  1   2.53502 H  14193.9 W 0.0335 diff  0.0057 [[0, 0, 2]]
  2   4.24908 H   2758.8 W 0.0442 diff  0.0001 [[1, 0, -1]]
  3   4.47599 H   1796.1 W 0.0410 diff  0.0013 [[1, 0, 1]]
  4   5.08274 H   1611.3 W 0.0401 diff  0.0012 [[0, 0, 4], [1, 0, 2]]
  5   5.38672 H   1066.1 W 0.0530 diff -0.0017 [[1, 0, -3]]
  6   5.91262 H   1208.2 W 0.0300 diff  0.0012 [[1, 0, 3]]
  7   7.27575 H    351.4 W 0.0714 diff -0.0027 [[1, 0, -5]]
  8   7.67681 H   2701.1 W 0.0616 diff  0.0016 [[1, 1, -1], [1, -1, -1]]
  9   7.80620 H    875.2 W 0.0667 diff  0.0010 [[1, 1, 1], [1, -1, 1]]
 10   8.16867 H    448.7 W 0.0784 diff  0.0023 [[0, 1, -4], [0, 1, 4], [1, 1, 2], [1, -1, 2]]
 11   8.36187 H   3270.6 W 0.0650 diff  0.0002 [[1, 0, -6], [2, 0, 0], [1, -1, -3], [1, 1, -3]]
 12   9.68960 H   2359.5 W 0.0828 diff -0.0007 [[1, 1, -5], [1, -1, -5]]
 13   9.95882 H    443.6 W 0.0950 diff  0.0011 [[0, 1, 6], [0, 1, -6]]
 14  10.52621 H   1329.1 W 0.1004 diff  0.0032 [[2, 1, -1], [2, -1, -1], [1, 1, -6], [1, -1, -6], [2, 1, 0], [2, -1, 0]]
 15  10.65059 H   1662.9 W 0.0722 diff -0.0033 [[1, 0, -8], [2, 1, -2], [2, -1, -2]]
 16  11.01354 H    546.2 W 0.0811 diff  0.0031 [[2, 1, 2], [2, -1, 2]]
 17  11.35492 H  68734.7 W 0.0890 diff -0.0032 [[2, 1, -4], [2, -1, -4], [1, 0, 8]]
 18  12.03227 H    555.8 W 0.1043 diff -0.0031 [[0, 1, -8], [0, 1, 8], [1, 1, 7], [1, -1, 7], [2, 1, 4], [2, -1, 4]]
 19  12.80007 H  20185.3 W 0.1184 diff  0.0050 [[3, 0, -3], [2, 0, 7], [0, 2, 0]]
 20  13.46644 H    407.7 W 0.1264 diff -0.0043 [[1, 1, -9], [1, -1, -9], [3, 0, 3], [2, 1, 6], [2, -1, 6], [1, 2, 0], [1, -2, 0]]
 21  14.27227 H    284.7 W 0.1131 diff -0.0020 [[1, 0, -11], [0, 1, 10], [0, 1, -10], [3, 1, 1], [3, -1, 1], [1, -2, -4], [1, 2, -4], [3, 1, -3], [3, -1, -3]]
 22  15.89473 H   1382.7 W 0.1192 diff  0.0030 [[2, 2, -4], [2, -2, -4], [2, 0, 10]]
 23  18.81748 H   2437.5 W 0.1848 diff -0.0112 [[4, 0, -8]]
 24  19.89166 H    344.4 W 0.2299 diff -0.0097 [[3, 0, -13], [4, 1, -8], [4, -1, -8]]
 25  20.45023 H   2100.7 W 0.1438 diff  0.0083 [[0, 0, 16], [2, 0, 14], [4, 0, 8], [2, 2, 10], [2, -2, 10], [1, -3, 4], [1, 3, 4], [4, -1, -9], [4, 1, -9]]
 26  21.44783 H   2534.6 W 0.1715 diff  0.0069 [[0, 1, 16], [0, 1, -16], [2, 1, 14], [2, -1, 14], [4, 1, 8], [4, -1, 8], [2, 3, -4], [2, -3, -4], [1, 1, -16], [1, -1, -16]]
 27  22.25702 H   1316.3 W 0.1981 diff  0.0068 [[2, 2, 12], [2, -2, 12]]
 28  22.81979 H    838.0 W 0.1806 diff -0.0015 [[4, 2, -8], [4, -2, -8], [2, 0, 16]]
 29  24.19809 H    855.7 W 0.2192 diff -0.0031 [[5, 0, -11], [0, 2, -16], [0, 2, 16], [2, 2, 14], [2, -2, 14], [4, 2, 8], [4, -2, 8]]
 30  25.76567 H    331.9 W 0.2300 diff -0.0091 [[3, -3, 8], [3, 3, 8], [4, 3, 1], [4, -3, 1], [5, 1, 9], [5, -1, 9], [0, 4, 0]]
UNINDEXED 0 of 30 best translations:
0.0 0 (0.5, 0.0, 0.5)
0.05678 8 (0.0, 0.0, 0.5)
0.05678 8 (0.5, 0.0, 0.0)
0.06559 7 (0.333333, 0.333333, 0.0)
0.06559 7 (0.333333, 0.666667, 0.0)
0.07047 9 (0.166667, 0.333333, 0.5)
0.07047 9 (0.166667, 0.666667, 0.5)
0.07388 10 (0.0, 0.5, 0.5)
0.07922 9 (0.0, 0.333333, 0.0)
0.09177 9 (0.0, 0.5, 0.0)
0.09729 11 (0.0, 0.0, 0.25)
0.10307 10 (0.25, 0.5, 0.75)
0.10329 11 (0.0, 0.5, 0.25)
0.10785 9 (0.333333, 0.0, 0.666667)
0.11162 10 (0.0, 0.25, 0.0)
0.11165 14 (0.5, 0.0, 0.25)
0.11181 9 (0.333333, 0.333333, 0.333333)
0.11181 9 (0.333333, 0.666667, 0.333333)
0.11684 10 (0.166667, 0.333333, 0.166667)
0.11684 10 (0.166667, 0.666667, 0.166667)
0.117 11 (0.0, 0.166667, 0.0)
0.117 11 (0.0, 0.2, 0.0)
0.117 11 (0.0, 0.4, 0.0)
0.11847 11 (0.25, 0.5, 0.25)
