START 0.20553807895404888 4653.811712698767
Imported powder pattern: 10876 points, 2theta=  2.303 ->  29.490, step= 0.002
EXTENDED 0.4 10876 Rw 0.20596681617952306
WITH_H 0.20555958655930145 1017117.5024061748
Imported powder pattern: 10876 points, 2theta=  2.303 ->  29.490, step= 0.002
SCALED_SIGMA 9.670545316005525 10875.999999999984
TIGHT_RESTRAINTS
FLEXIBLE_RINGS
AROMATIC_PLANARITY 0
LSQ_PACKING 33 atoms 3661 terms sigma 0.01 cost 60.474353001264674
EXTENDED_BACKGROUND 0.19195746061419167
CYCLE 0 0 Rw 0.19051906947632263 chi2 9342.661872523895 geom 345.0130010342068 LSQ 10072.087254978785
CYCLE 0 1 Rw 0.1904722034234112 chi2 9338.066008889515 geom 345.0130010342068 LSQ 10064.722924784208
CYCLE 0 2 Rw 0.19047232290728494 chi2 9338.077724495546 geom 345.0130010342068 LSQ 10063.534195804514
PACKING_STAGE 0 103.02071982117349
CYCLE 1 0 Rw 0.18019533480815964 chi2 8357.585226356157 geom 710.7608544510261 LSQ 9748.559579155066
CYCLE 1 1 Rw 0.17912779486047464 chi2 8258.852066362746 geom 645.5096235354947 LSQ 9553.633577591836
CYCLE 1 2 Rw 0.1786497883565678 chi2 8214.833016951037 geom 626.2801655067173 LSQ 9504.511858426118
PACKING_STAGE 1 117.4562258603462
CYCLE 2 0 Rw 0.1766890533653094 chi2 8035.50204200552 geom 609.2113956353166 LSQ 9321.186691628784
CYCLE 2 1 Rw 0.17622226918524714 chi2 7993.10110550674 geom 593.4474699655634 LSQ 9280.665358189806
CYCLE 2 2 Rw 0.1757839623745956 chi2 7953.38905622757 geom 586.835328180512 LSQ 9214.662180573589
PACKING_STAGE 2 90.18624645392896
CYCLE 3 0 Rw 0.17493328419114026 chi2 7876.597026679694 geom 629.5622184279422 LSQ 9180.408138563942
CYCLE 3 1 Rw 0.17409609701823509 chi2 7801.386560466124 geom 593.166211123755 LSQ 9054.327343960249
CYCLE 3 2 Rw 0.17390759033742803 chi2 7784.501433911883 geom 568.2270215076261 LSQ 9004.203877576087
PACKING_STAGE 3 77.56415560358366
FINISHED X35b7fbc 0.17390759033742803
