START 0.2134313374977943 11724.926235901352
Imported powder pattern: 10876 points, 2theta=  2.303 ->  29.490, step= 0.002
EXTENDED 0.4 10876 Rw 0.18949642158631058
WITH_H 0.18924028358146763 862030.9066002432
Imported powder pattern: 10876 points, 2theta=  2.303 ->  29.490, step= 0.002
SCALED_SIGMA 8.902804138791016 10876.000000000027
TIGHT_RESTRAINTS
FLEXIBLE_RINGS
AROMATIC_PLANARITY 0
LSQ_PACKING 33 atoms 3661 terms sigma 0.01 cost 121.52590173457656
EXTENDED_BACKGROUND 0.1878582447000125
CYCLE 0 0 Rw 0.18596453795972423 chi2 10502.732138691326 geom 466.77170418268463 LSQ 11497.273649003677
CYCLE 0 1 Rw 0.1859123295297568 chi2 10496.835808229687 geom 466.77170418268463 LSQ 11485.698783488417
CYCLE 0 2 Rw 0.18590067442668728 chi2 10495.519726949022 geom 466.77170418268463 LSQ 11484.550244503765
PACKING_STAGE 0 115.55390404450179
CYCLE 1 0 Rw 0.1738709869010647 chi2 9181.132540147584 geom 1303.552067495117 LSQ 11262.308800941097
CYCLE 1 1 Rw 0.1708818982465312 chi2 8868.172618731096 geom 708.3151554764911 LSQ 10309.560960783336
CYCLE 1 2 Rw 0.169822206322615 chi2 8758.525049378424 geom 718.001081951213 LSQ 10209.507992760402
PACKING_STAGE 1 97.49243417292638
CYCLE 2 0 Rw 0.16989289189891468 chi2 8765.817737999232 geom 707.7409833694361 LSQ 10200.719924502544
CYCLE 2 1 Rw 0.1698741736934179 chi2 8763.886270037077 geom 709.3841445257654 LSQ 10198.9272567851
CYCLE 2 2 Rw 0.16981467805400144 chi2 8757.748530580733 geom 712.9601701780349 LSQ 10195.927700966473
PACKING_STAGE 2 88.5042395578867
CYCLE 3 0 Rw 0.1697374495951655 chi2 8749.784629759972 geom 716.1630598051063 LSQ 10191.112863600363
CYCLE 3 1 Rw 0.16965810498309927 chi2 8741.606281329758 geom 718.9431741701248 LSQ 10184.651683571949
CYCLE 3 2 Rw 0.16959073761961727 chi2 8734.66547471574 geom 721.7092967535424 LSQ 10179.47741285705
PACKING_STAGE 3 84.96733748155833
FINISHED X35b7fbc 0.16959073761961727
