Xedd9c7b MONOCLINIC P 4 peaks [11.10742, 11.81985, 12.52948, 14.26583, 14.8881, 15.39919, 17.12935, 17.38853, 19.31913, 19.98573, 20.61934, 21.50266, 22.228, 23.87816, 24.33548, 25.23826, 26.49338, 28.19291] V 400.0 2600.0 Lmax 80.0
3->80,3.08001,24.9999
1.5708->2.44346,0.0766052,0.766044,11.3917
400->2600,440.009,4.9999
Starting: V=400->840.009
    a= 8.21- 8.33 b= 5.80- 5.98 c=21.15-21.26 alpha= 90.00- 90.00 beta= 94.19- 94.32 gamma= 90.00- 90.00 V=1004.64-1056.86level=4, indexed=1(0 sol.)
    a=0.12213-0.12040 b=0.17239-0.16711 c=0.04741-0.04716 alpha=0.07301-0.07541 beta=0.00000-0.00000 gamma=0.00000-0.00000level=4, indexed=1(0 sol.)
 Solution ? a=  8.261 b=  5.888 c= 21.181 alpha= 90.000 beta= 94.128 gamma= 90.000 V= 1027.56 score=  4.11 #   0
      a= 7.46- 7.51 b= 5.71- 5.80 c=23.84-23.89 alpha= 90.00- 90.00 beta= 92.74- 92.81 gamma= 90.00- 90.00 V=1014.83-1039.35level=6, indexed=1(1 sol.)
      a=0.13423-0.13336 b=0.17502-0.17239 c=0.04199-0.04190 alpha=0.04788-0.04908 beta=0.00000-0.00000 gamma=0.00000-0.00000level=6, indexed=1(1 sol.)
 Solution ? a=  7.496 b=  5.773 c= 23.953 alpha= 90.000 beta= 92.853 gamma= 90.000 V= 1035.17 score=  4.20 #   1
      a= 7.46- 7.51 b= 5.71- 5.80 c=23.84-23.90 alpha= 90.00- 90.00 beta= 92.81- 92.88 gamma= 90.00- 90.00 V=1014.89-1039.42level=6, indexed=1(2 sol.)
      a=0.13423-0.13336 b=0.17502-0.17239 c=0.04199-0.04190 alpha=0.04908-0.05027 beta=0.00000-0.00000 gamma=0.00000-0.00000level=6, indexed=1(2 sol.)
 Solution ? a=  7.496 b=  5.773 c= 23.953 alpha= 90.000 beta= 92.853 gamma= 90.000 V= 1035.17 score=  4.20 #   2
      a= 7.46- 7.51 b= 5.71- 5.80 c=23.84-23.90 alpha= 90.00- 90.00 beta= 92.88- 92.95 gamma= 90.00- 90.00 V=1014.95-1039.48level=6, indexed=1(3 sol.)
      a=0.13423-0.13336 b=0.17502-0.17239 c=0.04199-0.04190 alpha=0.05027-0.05147 beta=0.00000-0.00000 gamma=0.00000-0.00000level=6, indexed=1(3 sol.)
 Solution ? a=  7.496 b=  5.773 c= 23.953 alpha= 90.000 beta= 92.853 gamma= 90.000 V= 1035.17 score=  4.20 #   3
      a= 7.46- 7.51 b= 5.71- 5.80 c=23.85-23.90 alpha= 90.00- 90.00 beta= 92.95- 93.02 gamma= 90.00- 90.00 V=1015.01-1039.54level=6, indexed=1(4 sol.)
      a=0.13423-0.13336 b=0.17502-0.17239 c=0.04199-0.04190 alpha=0.05147-0.05267 beta=0.00000-0.00000 gamma=0.00000-0.00000level=6, indexed=1(4 sol.)
 Solution ? a=  7.491 b=  5.781 c= 23.982 alpha= 90.000 beta= 92.756 gamma= 90.000 V= 1037.41 score=  4.15 #   4
      a= 7.46- 7.51 b= 5.71- 5.80 c=23.85-23.90 alpha= 90.00- 90.00 beta= 93.02- 93.09 gamma= 90.00- 90.00 V=1015.07-1039.61level=6, indexed=1(5 sol.)
      a=0.13423-0.13336 b=0.17502-0.17239 c=0.04199-0.04190 alpha=0.05267-0.05386 beta=0.00000-0.00000 gamma=0.00000-0.00000level=6, indexed=1(5 sol.)
 Solution ? a=  7.491 b=  5.781 c= 23.982 alpha= 90.000 beta= 92.756 gamma= 90.000 V= 1037.41 score=  4.15 #   5
      a= 7.46- 7.51 b= 5.71- 5.80 c=23.85-23.90 alpha= 90.00- 90.00 beta= 93.09- 93.16 gamma= 90.00- 90.00 V=1015.14-1039.68level=6, indexed=1(6 sol.)
      a=0.13423-0.13336 b=0.17502-0.17239 c=0.04199-0.04190 alpha=0.05386-0.05506 beta=0.00000-0.00000 gamma=0.00000-0.00000level=6, indexed=1(6 sol.)
 Solution ? a=  7.491 b=  5.781 c= 23.982 alpha= 90.000 beta= 92.756 gamma= 90.000 V= 1037.41 score=  4.15 #   6
     a= 8.65- 8.72 b= 6.73- 6.77 c=15.93-15.98 alpha= 90.00- 90.00 beta= 91.95- 92.02 gamma= 90.00- 90.00 V=927.89-942.95level=5, indexed=1(7 sol.)
     a=0.11565-0.11478 b=0.14848-0.14762 c=0.06280-0.06263 alpha=0.03411-0.03531 beta=0.00000-0.00000 gamma=0.00000-0.00000level=5, indexed=1(7 sol.)
 Solution ? a=  8.666 b=  6.826 c= 16.015 alpha= 90.000 beta= 92.281 gamma= 90.000 V=  946.59 score=  7.02 #   7
     a= 8.65- 8.72 b= 6.73- 6.77 c=15.94-15.98 alpha= 90.00- 90.00 beta= 92.09- 92.16 gamma= 90.00- 90.00 V=927.97-943.03level=5, indexed=1(8 sol.)
     a=0.11565-0.11478 b=0.14848-0.14762 c=0.06280-0.06263 alpha=0.03651-0.03770 beta=0.00000-0.00000 gamma=0.00000-0.00000level=5, indexed=1(8 sol.)
 Solution ? a=  8.666 b=  6.826 c= 16.015 alpha= 90.000 beta= 92.281 gamma= 90.000 V=  946.59 score=  7.02 #   8
     a= 7.94- 7.99 b= 5.12- 5.19 c=17.87-17.92 alpha= 90.00- 90.00 beta= 94.43- 94.50 gamma= 90.00- 90.00 V=723.56-740.89level=5, indexed=1(12 sol.)
     a=0.12639-0.12552 b=0.19539-0.19274 c=0.05613-0.05596 alpha=0.07720-0.07840 beta=0.00000-0.00000 gamma=0.00000-0.00000level=5, indexed=1(12 sol.)
 Solution ? a=  7.952 b=  5.107 c= 17.839 alpha= 90.000 beta= 94.296 gamma= 90.000 V=  722.42 score=  6.25 #  12
     a= 7.94- 7.99 b= 5.12- 5.19 c=17.87-17.93 alpha= 90.00- 90.00 beta= 94.57- 94.63 gamma= 90.00- 90.00 V=723.70-741.03level=5, indexed=1(13 sol.)
     a=0.12639-0.12552 b=0.19539-0.19274 c=0.05613-0.05596 alpha=0.07960-0.08079 beta=0.00000-0.00000 gamma=0.00000-0.00000level=5, indexed=1(13 sol.)
 Solution ? a=  7.952 b=  5.107 c= 17.839 alpha= 90.000 beta= 94.296 gamma= 90.000 V=  722.42 score=  6.25 #  13
     a= 8.29- 8.35 b= 5.92- 6.01 c=21.22-21.27 alpha= 90.00- 90.00 beta= 95.67- 95.74 gamma= 90.00- 90.00 V=1036.43-1063.38level=5, indexed=1(17 sol.)
     a=0.12119-0.12032 b=0.16892-0.16628 c=0.04736-0.04724 alpha=0.09875-0.09995 beta=0.00000-0.00000 gamma=0.00000-0.00000level=5, indexed=1(17 sol.)
 Solution ? a=  8.306 b=  5.949 c= 21.249 alpha= 90.000 beta= 95.364 gamma= 90.000 V= 1045.39 score=  5.32 #  17
     a= 8.29- 8.35 b= 5.92- 6.01 c=21.22-21.28 alpha= 90.00- 90.00 beta= 95.80- 95.87 gamma= 90.00- 90.00 V=1036.68-1063.64level=5, indexed=1(18 sol.)
     a=0.12119-0.12032 b=0.16892-0.16628 c=0.04736-0.04724 alpha=0.10114-0.10234 beta=0.00000-0.00000 gamma=0.00000-0.00000level=5, indexed=1(18 sol.)
 Solution ? a=  8.306 b=  5.949 c= 21.249 alpha= 90.000 beta= 95.364 gamma= 90.000 V= 1045.39 score=  5.32 #  18
     a= 8.30- 8.36 b= 5.92- 6.01 c=21.23-21.29 alpha= 90.00- 90.00 beta= 95.94- 96.01 gamma= 90.00- 90.00 V=1036.94-1063.91level=5, indexed=1(19 sol.)
     a=0.12119-0.12032 b=0.16892-0.16628 c=0.04736-0.04724 alpha=0.10354-0.10473 beta=0.00000-0.00000 gamma=0.00000-0.00000level=5, indexed=1(19 sol.)
 Solution ? a=  8.306 b=  5.949 c= 21.249 alpha= 90.000 beta= 95.364 gamma= 90.000 V= 1045.39 score=  5.32 #  19
    a= 7.97- 8.09 b= 6.23- 6.29 c=18.25-18.37 alpha= 90.00- 90.00 beta= 95.29- 95.43 gamma= 90.00- 90.00 V=902.22-930.79level=4, indexed=1(20 sol.)
    a=0.12596-0.12422 b=0.16062-0.15889 c=0.05502-0.05468 alpha=0.09217-0.09456 beta=0.00000-0.00000 gamma=0.00000-0.00000level=4, indexed=1(20 sol.)
 Solution ? a=  8.021 b=  6.269 c= 18.375 alpha= 90.000 beta= 95.611 gamma= 90.000 V=  919.58 score=  6.14 #  20
    a= 7.98- 8.09 b= 6.23- 6.29 c=18.26-18.38 alpha= 90.00- 90.00 beta= 95.56- 95.70 gamma= 90.00- 90.00 V=902.63-931.22level=4, indexed=1(21 sol.)
    a=0.12596-0.12422 b=0.16062-0.15889 c=0.05502-0.05468 alpha=0.09695-0.09935 beta=0.00000-0.00000 gamma=0.00000-0.00000level=4, indexed=1(21 sol.)
 Solution ? a=  8.021 b=  6.269 c= 18.375 alpha= 90.000 beta= 95.611 gamma= 90.000 V=  919.58 score=  6.14 #  21
    a= 7.98- 8.09 b= 6.23- 6.29 c=18.04-18.15 alpha= 90.00- 90.00 beta= 95.56- 95.70 gamma= 90.00- 90.00 V=891.53-919.70level=4, indexed=1(22 sol.)
    a=0.12596-0.12422 b=0.16062-0.15889 c=0.05570-0.05536 alpha=0.09695-0.09935 beta=0.00000-0.00000 gamma=0.00000-0.00000level=4, indexed=1(22 sol.)
 Solution ? a=  8.036 b=  6.208 c= 18.142 alpha= 90.000 beta= 95.994 gamma= 90.000 V=  900.15 score=  5.11 #  22
    a= 8.03- 8.14 b= 9.63- 9.71 c=11.91-12.03 alpha= 90.00- 90.00 beta= 98.60- 98.74 gamma= 90.00- 90.00 V=909.80-940.07level=4, indexed=1(23 sol.)
    a=0.12596-0.12422 b=0.10389-0.10303 c=0.08495-0.08409 alpha=0.14962-0.15201 beta=0.00000-0.00000 gamma=0.00000-0.00000level=4, indexed=1(23 sol.)
 Solution ? a=  8.106 b=  9.602 c= 12.013 alpha= 90.000 beta= 98.983 gamma= 90.000 V=  923.53 score=  5.68 #  23
    a=11.20-11.31 b= 7.33- 7.43 c=10.05-10.14 alpha= 90.00- 90.00 beta= 97.77- 97.91 gamma= 90.00- 90.00 V=817.68-843.71level=4, indexed=1(24 sol.)
    a=0.09012-0.08926 b=0.13636-0.13462 c=0.10045-0.09959 alpha=0.13526-0.13765 beta=0.00000-0.00000 gamma=0.00000-0.00000level=4, indexed=1(24 sol.)
 Solution ? a= 11.298 b=  7.429 c= 10.078 alpha= 90.000 beta= 97.858 gamma= 90.000 V=  837.97 score=  5.35 #  24
    a=10.05-10.14 b= 7.33- 7.43 c=11.20-11.31 alpha= 90.00- 90.00 beta= 97.77- 97.91 gamma= 90.00- 90.00 V=817.68-843.71level=4, indexed=1(25 sol.)
    a=0.10045-0.09959 b=0.13636-0.13462 c=0.09012-0.08926 alpha=0.13526-0.13765 beta=0.00000-0.00000 gamma=0.00000-0.00000level=4, indexed=1(25 sol.)
 Solution ? a= 10.078 b=  7.429 c= 11.298 alpha= 90.000 beta= 97.858 gamma= 90.000 V=  837.97 score=  5.35 #  25
     a= 6.02- 6.12 b=21.94-21.98 c= 7.63- 7.68 alpha= 90.00- 90.00 beta=102.90-102.97 gamma= 90.00- 90.00 V=981.54-1006.01level=5, indexed=1(26 sol.)
     a=0.17044-0.16777 b=0.04559-0.04549 c=0.13452-0.13364 alpha=0.22323-0.22443 beta=0.00000-0.00000 gamma=0.00000-0.00000level=5, indexed=1(26 sol.)
 Solution ? a=  6.015 b= 21.839 c=  7.600 alpha= 90.000 beta=102.860 gamma= 90.000 V=  973.22 score=  4.35 #  26
     a= 8.14- 8.20 b= 5.69- 5.78 c=23.01-23.07 alpha= 90.00- 90.00 beta=102.34-102.41 gamma= 90.00- 90.00 V=1040.96-1066.91level=5, indexed=1(27 sol.)
     a=0.12577-0.12490 b=0.17578-0.17311 c=0.04448-0.04439 alpha=0.21366-0.21485 beta=0.00000-0.00000 gamma=0.00000-0.00000level=5, indexed=1(27 sol.)
 Solution ? a=  8.159 b=  5.733 c= 23.058 alpha= 90.000 beta=102.427 gamma= 90.000 V= 1053.39 score=  5.26 #  27
     a= 8.14- 8.20 b= 5.69- 5.78 c=23.03-23.08 alpha= 90.00- 90.00 beta=102.48-102.55 gamma= 90.00- 90.00 V=1041.52-1067.49level=5, indexed=1(28 sol.)
     a=0.12577-0.12490 b=0.17578-0.17311 c=0.04448-0.04439 alpha=0.21605-0.21725 beta=0.00000-0.00000 gamma=0.00000-0.00000level=5, indexed=1(28 sol.)
 Solution ? a=  8.159 b=  5.733 c= 23.058 alpha= 90.000 beta=102.427 gamma= 90.000 V= 1053.39 score=  5.26 #  28
     a= 8.15- 8.21 b= 5.69- 5.78 c=23.04-23.09 alpha= 90.00- 90.00 beta=102.62-102.69 gamma= 90.00- 90.00 V=1042.09-1068.08level=5, indexed=1(29 sol.)
     a=0.12577-0.12490 b=0.17578-0.17311 c=0.04448-0.04439 alpha=0.21844-0.21964 beta=0.00000-0.00000 gamma=0.00000-0.00000level=5, indexed=1(29 sol.)
 Solution ? a=  8.159 b=  5.733 c= 23.058 alpha= 90.000 beta=102.427 gamma= 90.000 V= 1053.39 score=  5.26 #  29
     a= 8.14- 8.20 b= 5.69- 5.78 c=22.92-22.97 alpha= 90.00- 90.00 beta=102.34-102.41 gamma= 90.00- 90.00 V=1036.65-1062.49level=5, indexed=1(30 sol.)
     a=0.12577-0.12490 b=0.17578-0.17311 c=0.04466-0.04457 alpha=0.21366-0.21485 beta=0.00000-0.00000 gamma=0.00000-0.00000level=5, indexed=1(30 sol.)
 Solution ? a=  8.179 b=  5.722 c= 22.841 alpha= 90.000 beta=102.586 gamma= 90.000 V= 1043.38 score=  5.55 #  30
     a= 8.14- 8.20 b= 5.69- 5.78 c=22.93-22.99 alpha= 90.00- 90.00 beta=102.48-102.55 gamma= 90.00- 90.00 V=1037.21-1063.07level=5, indexed=1(31 sol.)
     a=0.12577-0.12490 b=0.17578-0.17311 c=0.04466-0.04457 alpha=0.21605-0.21725 beta=0.00000-0.00000 gamma=0.00000-0.00000level=5, indexed=1(31 sol.)
 Solution ? a=  8.179 b=  5.722 c= 22.841 alpha= 90.000 beta=102.586 gamma= 90.000 V= 1043.38 score=  5.55 #  31
      a= 8.18- 8.24 b= 5.73- 5.82 c=22.92-22.98 alpha= 90.00- 90.00 beta=102.65-102.72 gamma= 90.00- 90.00 V=1048.43-1074.72level=6, indexed=1(32 sol.)
      a=0.12534-0.12446 b=0.17445-0.17178 c=0.04471-0.04462 alpha=0.21904-0.22024 beta=0.00000-0.00000 gamma=0.00000-0.00000level=6, indexed=1(32 sol.)
 Solution ? a=  8.179 b=  5.722 c= 22.841 alpha= 90.000 beta=102.586 gamma= 90.000 V= 1043.38 score=  5.55 #  32
      a= 8.18- 8.24 b= 5.73- 5.82 c=22.93-22.98 alpha= 90.00- 90.00 beta=102.72-102.79 gamma= 90.00- 90.00 V=1048.72-1075.02level=6, indexed=1(36 sol.)
      a=0.12534-0.12446 b=0.17445-0.17178 c=0.04471-0.04462 alpha=0.22024-0.22144 beta=0.00000-0.00000 gamma=0.00000-0.00000level=6, indexed=1(36 sol.)
 Solution ? a=  8.179 b=  5.722 c= 22.841 alpha= 90.000 beta=102.586 gamma= 90.000 V= 1043.38 score=  5.55 #  36
      a= 8.18- 8.24 b= 5.73- 5.82 c=22.94-22.99 alpha= 90.00- 90.00 beta=102.79-102.86 gamma= 90.00- 90.00 V=1049.01-1075.32level=6, indexed=1(37 sol.)
      a=0.12534-0.12446 b=0.17445-0.17178 c=0.04471-0.04462 alpha=0.22144-0.22263 beta=0.00000-0.00000 gamma=0.00000-0.00000level=6, indexed=1(37 sol.)
 Solution ? a=  8.179 b=  5.722 c= 22.841 alpha= 90.000 beta=102.586 gamma= 90.000 V= 1043.38 score=  5.55 #  37
      a= 8.18- 8.24 b= 5.73- 5.82 c=22.94-23.00 alpha= 90.00- 90.00 beta=102.86-102.93 gamma= 90.00- 90.00 V=1049.30-1075.62level=6, indexed=1(39 sol.)
      a=0.12534-0.12446 b=0.17445-0.17178 c=0.04471-0.04462 alpha=0.22263-0.22383 beta=0.00000-0.00000 gamma=0.00000-0.00000level=6, indexed=1(39 sol.)
 Solution ? a=  8.178 b=  5.724 c= 22.846 alpha= 90.000 beta=102.841 gamma= 90.000 V= 1042.73 score=  4.78 #  39
     a= 8.15- 8.21 b= 5.69- 5.78 c=22.86-22.92 alpha= 90.00- 90.00 beta=102.76-102.83 gamma= 90.00- 90.00 V=1034.08-1059.85level=5, indexed=1(40 sol.)
     a=0.12577-0.12490 b=0.17578-0.17311 c=0.04485-0.04476 alpha=0.22084-0.22204 beta=0.00000-0.00000 gamma=0.00000-0.00000level=5, indexed=1(40 sol.)
 Solution ? a=  8.187 b=  5.711 c= 22.816 alpha= 90.000 beta=102.712 gamma= 90.000 V= 1040.63 score=  5.47 #  40
    a= 7.96- 8.08 b= 9.54- 9.62 c=12.05-12.18 alpha= 90.00- 90.00 beta= 98.88- 99.02 gamma= 90.00- 90.00 V=904.74-935.05level=4, indexed=1(41 sol.)
    a=0.12709-0.12534 b=0.10483-0.10396 c=0.08398-0.08311 alpha=0.15441-0.15680 beta=0.00000-0.00000 gamma=0.00000-0.00000level=4, indexed=1(41 sol.)
 Solution ? a=  8.035 b=  9.572 c= 12.130 alpha= 90.000 beta= 99.285 gamma= 90.000 V=  920.72 score=  4.92 #  41
    a= 7.97- 8.08 b= 9.54- 9.62 c=12.06-12.19 alpha= 90.00- 90.00 beta= 99.16- 99.30 gamma= 90.00- 90.00 V=905.43-935.78level=4, indexed=1(42 sol.)
    a=0.12709-0.12534 b=0.10483-0.10396 c=0.08398-0.08311 alpha=0.15920-0.16159 beta=0.00000-0.00000 gamma=0.00000-0.00000level=4, indexed=1(42 sol.)
 Solution ? a=  8.024 b=  9.582 c= 12.118 alpha= 90.000 beta= 99.378 gamma= 90.000 V=  919.21 score=  5.51 #  42
    a= 7.98- 8.09 b= 9.54- 9.62 c=12.07-12.20 alpha= 90.00- 90.00 beta= 99.44- 99.58 gamma= 90.00- 90.00 V=906.15-936.54level=4, indexed=1(43 sol.)
    a=0.12709-0.12534 b=0.10483-0.10396 c=0.08398-0.08311 alpha=0.16398-0.16638 beta=0.00000-0.00000 gamma=0.00000-0.00000level=4, indexed=1(43 sol.)
 Solution ? a=  8.024 b=  9.582 c= 12.118 alpha= 90.000 beta= 99.378 gamma= 90.000 V=  919.21 score=  5.51 #  43
Finished: V=400->840.009 A^3, 597753 unit cells tested, 489606 tests/s,   Elapsed time=1.2209s
Starting: V=840.009->1280.02
      a= 7.93- 7.98 b= 5.39- 5.47 c=35.75-35.80 alpha= 90.00- 90.00 beta= 94.05- 94.12 gamma= 90.00- 90.00 V=1523.55-1558.43level=6, indexed=1(50 sol.)
      a=0.12645-0.12559 b=0.18558-0.18294 c=0.02804-0.02800 alpha=0.07062-0.07182 beta=0.00000-0.00000 gamma=0.00000-0.00000level=6, indexed=1(50 sol.)
 Solution ? a=  7.943 b=  5.396 c= 35.696 alpha= 90.000 beta= 94.239 gamma= 90.000 V= 1525.77 score=  9.94 #  50
      a=14.98-15.04 b= 5.71- 5.80 c=18.36-18.42 alpha= 90.00- 90.00 beta= 92.47- 92.54 gamma= 90.00- 90.00 V=1570.08-1605.37level=6, indexed=1(58 sol.)
      a=0.06681-0.06656 b=0.17502-0.17239 c=0.05452-0.05435 alpha=0.04309-0.04429 beta=0.00000-0.00000 gamma=0.00000-0.00000level=6, indexed=1(58 sol.)
 Solution ? a= 15.092 b=  5.740 c= 18.389 alpha= 90.000 beta= 92.731 gamma= 90.000 V= 1591.23 score= 10.46 #  58
      a=14.98-15.04 b= 5.71- 5.80 c=18.36-18.42 alpha= 90.00- 90.00 beta= 92.54- 92.61 gamma= 90.00- 90.00 V=1570.16-1605.46level=6, indexed=1(59 sol.)
      a=0.06681-0.06656 b=0.17502-0.17239 c=0.05452-0.05435 alpha=0.04429-0.04548 beta=0.00000-0.00000 gamma=0.00000-0.00000level=6, indexed=1(59 sol.)
 Solution ? a= 15.092 b=  5.740 c= 18.389 alpha= 90.000 beta= 92.731 gamma= 90.000 V= 1591.23 score= 10.46 #  59
Finished: V=840.009->1280.02 A^3, 3658152 unit cells tested, 381066 tests/s,   Elapsed time=9.59981s
Starting: V=1280.02->1720.03
      a=20.32-20.37 b= 3.98- 4.02 c=22.93-22.98 alpha= 90.00- 90.00 beta= 91.92- 91.99 gamma= 90.00- 90.00 V=1851.66-1879.93level=6, indexed=1(183 sol.)
      a=0.04923-0.04911 b=0.25154-0.24890 c=0.04363-0.04354 alpha=0.03351-0.03471 beta=0.00000-0.00000 gamma=0.00000-0.00000level=6, indexed=1(183 sol.)
 Solution ? a= 20.416 b=  3.998 c= 22.957 alpha= 90.000 beta= 92.073 gamma= 90.000 V= 1872.74 score= 10.49 # 183
      a=20.37-20.42 b= 3.98- 4.02 c=22.88-22.93 alpha= 90.00- 90.00 beta= 91.78- 91.85 gamma= 90.00- 90.00 V=1852.23-1880.51level=6, indexed=1(187 sol.)
      a=0.04911-0.04899 b=0.25154-0.24890 c=0.04373-0.04363 alpha=0.03112-0.03232 beta=0.00000-0.00000 gamma=0.00000-0.00000level=6, indexed=1(187 sol.)
 Solution ? a= 20.416 b=  3.998 c= 22.957 alpha= 90.000 beta= 92.073 gamma= 90.000 V= 1872.74 score= 10.49 # 187
      a=20.37-20.42 b= 3.98- 4.02 c=22.88-22.93 alpha= 90.00- 90.00 beta= 91.85- 91.92 gamma= 90.00- 90.00 V=1852.30-1880.59level=6, indexed=1(188 sol.)
      a=0.04911-0.04899 b=0.25154-0.24890 c=0.04373-0.04363 alpha=0.03232-0.03351 beta=0.00000-0.00000 gamma=0.00000-0.00000level=6, indexed=1(188 sol.)
 Solution ? a= 20.416 b=  3.998 c= 22.957 alpha= 90.000 beta= 92.073 gamma= 90.000 V= 1872.74 score= 10.49 # 188
      a= 9.18- 9.22 b= 8.39- 8.45 c=24.77-24.83 alpha= 90.00- 90.00 beta=108.13-108.20 gamma= 90.00- 90.00 V=1811.86-1836.95level=6, indexed=1(297 sol.)
      a=0.11468-0.11423 b=0.11922-0.11832 c=0.04247-0.04240 alpha=0.31121-0.31241 beta=0.00000-0.00000 gamma=0.00000-0.00000level=6, indexed=1(297 sol.)
 Solution ? a=  9.150 b=  8.374 c= 24.723 alpha= 90.000 beta=108.151 gamma= 90.000 V= 1800.17 score= 10.51 # 297
      a=14.99-15.06 b= 5.70- 5.73 c=23.19-23.26 alpha= 90.00- 90.00 beta=127.71-127.80 gamma= 90.00- 90.00 V=1567.93-1587.85level=6, indexed=1(392 sol.)
      a=0.08432-0.08402 b=0.17540-0.17438 c=0.05451-0.05440 alpha=0.61164-0.61284 beta=0.00000-0.00000 gamma=0.00000-0.00000level=6, indexed=1(392 sol.)
 Solution ? a= 15.091 b=  5.741 c= 23.225 alpha= 90.000 beta=127.726 gamma= 90.000 V= 1591.49 score= 10.76 # 392
Finished: V=1280.02->1720.03 A^3, 14402345 unit cells tested, 290899 tests/s,   Elapsed time=49.5098s
Starting: V=1720.03->2160.04
      a=10.59-10.64 b= 5.98- 6.08 c=39.75-39.81 alpha= 90.00- 90.00 beta= 92.88- 92.95 gamma= 90.00- 90.00 V=2515.34-2570.84level=6, indexed=1(681 sol.)
      a=0.09457-0.09414 b=0.16711-0.16447 c=0.02519-0.02515 alpha=0.05027-0.05147 beta=0.00000-0.00000 gamma=0.00000-0.00000level=6, indexed=1(681 sol.)
 Solution ? a= 10.602 b=  6.015 c= 39.747 alpha= 90.000 beta= 93.102 gamma= 90.000 V= 2530.79 score= 11.89 # 681
      a=10.54-10.59 b= 5.98- 6.08 c=39.75-39.80 alpha= 90.00- 90.00 beta= 92.74- 92.81 gamma= 90.00- 90.00 V=2503.68-2558.86level=6, indexed=1(689 sol.)
      a=0.09500-0.09457 b=0.16711-0.16447 c=0.02519-0.02515 alpha=0.04788-0.04908 beta=0.00000-0.00000 gamma=0.00000-0.00000level=6, indexed=1(689 sol.)
 Solution ? a= 10.602 b=  6.015 c= 39.747 alpha= 90.000 beta= 93.102 gamma= 90.000 V= 2530.79 score= 11.89 # 689
