Xedd9c7b MONOCLINIC P 4 peaks [11.10742, 11.81985, 12.52948, 14.26583, 14.8881, 15.39919, 17.12935, 17.38853, 19.31913, 19.98573, 20.61934, 21.50266, 22.228, 23.87816, 24.33548, 25.23826, 26.49338, 28.19291] V 450.0 2800.0 Lmax 40.0
3->40,1.48001,24.9999
1.5708->2.44346,0.0766052,0.766044,11.3917
450->2800,470.009,4.9999
Starting: V=450->920.009
    a= 7.80- 7.85 b= 5.05- 5.09 c=17.67-17.73 alpha= 90.00- 90.00 beta= 94.19- 94.32 gamma= 90.00- 90.00 V=694.37-706.43level=4, indexed=1(0 sol.)
    a=0.12848-0.12778 b=0.19809-0.19636 c=0.05674-0.05658 alpha=0.07301-0.07541 beta=0.00000-0.00000 gamma=0.00000-0.00000level=4, indexed=1(0 sol.)
 Solution ? a=  7.830 b=  5.061 c= 17.658 alpha= 90.000 beta= 94.388 gamma= 90.000 V=  697.74 score=  4.67 #   0
    a= 7.44- 7.50 b= 5.57- 5.63 c=23.91-23.97 alpha= 90.00- 90.00 beta=102.23-102.37 gamma= 90.00- 90.00 V=968.51-988.20level=4, indexed=1(1 sol.)
    a=0.13759-0.13654 b=0.17943-0.17767 c=0.04279-0.04271 alpha=0.21186-0.21426 beta=0.00000-0.00000 gamma=0.00000-0.00000level=4, indexed=1(1 sol.)
 Solution ? a=  7.450 b=  5.573 c= 24.081 alpha= 90.000 beta=102.037 gamma= 90.000 V=  977.88 score=  5.25 #   1
    a= 7.44- 7.51 b= 5.57- 5.63 c=23.94-24.00 alpha= 90.00- 90.00 beta=102.51-102.65 gamma= 90.00- 90.00 V=969.55-989.27level=4, indexed=1(2 sol.)
    a=0.13759-0.13654 b=0.17943-0.17767 c=0.04279-0.04271 alpha=0.21665-0.21904 beta=0.00000-0.00000 gamma=0.00000-0.00000level=4, indexed=1(2 sol.)
 Solution ? a=  7.482 b=  5.570 c= 23.919 alpha= 90.000 beta=102.624 gamma= 90.000 V=  972.73 score=  6.44 #   2
Finished: V=450->920.009 A^3, 383571 unit cells tested, 847145 tests/s,   Elapsed time=0.452792s
Starting: V=920.009->1390.02
    a= 5.87- 5.93 b=11.02-11.07 c=21.97-22.02 alpha= 90.00- 90.00 beta= 90.62- 90.75 gamma= 90.00- 90.00 V=1421.50-1445.27level=4, indexed=1(3 sol.)
    a=0.17038-0.16865 b=0.09072-0.09035 c=0.04551-0.04541 alpha=0.01077-0.01317 beta=0.00000-0.00000 gamma=0.00000-0.00000level=4, indexed=1(3 sol.)
 Solution ? a=  5.890 b= 11.051 c= 21.985 alpha= 90.000 beta= 90.885 gamma= 90.000 V= 1430.91 score=  5.79 #   3
    a= 5.87- 5.93 b=11.02-11.07 c=21.97-22.02 alpha= 90.00- 90.00 beta= 90.89- 91.03 gamma= 90.00- 90.00 V=1421.59-1445.38level=4, indexed=1(4 sol.)
    a=0.17038-0.16865 b=0.09072-0.09035 c=0.04551-0.04541 alpha=0.01556-0.01795 beta=0.00000-0.00000 gamma=0.00000-0.00000level=4, indexed=1(4 sol.)
 Solution ? a=  5.890 b= 11.051 c= 21.985 alpha= 90.000 beta= 90.885 gamma= 90.000 V= 1430.91 score=  5.79 #   4
    a= 5.87- 5.93 b=11.02-11.07 c=21.98-22.03 alpha= 90.00- 90.00 beta= 91.17- 91.30 gamma= 90.00- 90.00 V=1421.71-1445.52level=4, indexed=1(5 sol.)
    a=0.17038-0.16865 b=0.09072-0.09035 c=0.04551-0.04541 alpha=0.02035-0.02274 beta=0.00000-0.00000 gamma=0.00000-0.00000level=4, indexed=1(5 sol.)
 Solution ? a=  5.890 b= 11.051 c= 21.985 alpha= 90.000 beta= 90.885 gamma= 90.000 V= 1430.91 score=  5.79 #   5
    a= 7.37- 7.42 b= 5.64- 5.70 c=36.27-36.32 alpha= 90.00- 90.00 beta= 93.09- 93.22 gamma= 90.00- 90.00 V=1504.43-1533.16level=4, indexed=1(6 sol.)
    a=0.13597-0.13493 b=0.17731-0.17558 c=0.02761-0.02758 alpha=0.05386-0.05626 beta=0.00000-0.00000 gamma=0.00000-0.00000level=4, indexed=1(6 sol.)
 Solution ? a=  7.422 b=  5.684 c= 36.384 alpha= 90.000 beta= 93.339 gamma= 90.000 V= 1532.48 score=  6.51 #   6
    a= 7.37- 7.43 b= 5.64- 5.70 c=36.28-36.33 alpha= 90.00- 90.00 beta= 93.36- 93.50 gamma= 90.00- 90.00 V=1504.83-1533.60level=4, indexed=1(7 sol.)
    a=0.13597-0.13493 b=0.17731-0.17558 c=0.02761-0.02758 alpha=0.05865-0.06104 beta=0.00000-0.00000 gamma=0.00000-0.00000level=4, indexed=1(7 sol.)
 Solution ? a=  7.422 b=  5.684 c= 36.384 alpha= 90.000 beta= 93.339 gamma= 90.000 V= 1532.48 score=  6.51 #   7
    a= 7.36- 7.41 b= 9.72- 9.77 c=20.50-20.55 alpha= 90.00- 90.00 beta= 91.44- 91.58 gamma= 90.00- 90.00 V=1465.23-1487.36level=4, indexed=1(8 sol.)
    a=0.13597-0.13493 b=0.10288-0.10238 c=0.04880-0.04869 alpha=0.02514-0.02753 beta=0.00000-0.00000 gamma=0.00000-0.00000level=4, indexed=1(8 sol.)
 Solution ? a=  7.397 b=  9.757 c= 20.558 alpha= 90.000 beta= 91.426 gamma= 90.000 V= 1483.22 score=  5.93 #   8
    a= 6.22- 6.27 b= 9.02- 9.06 c=22.02-22.07 alpha= 90.00- 90.00 beta= 93.64- 93.77 gamma= 90.00- 90.00 V=1233.49-1250.09level=4, indexed=1(9 sol.)
    a=0.16100-0.15996 b=0.11086-0.11036 c=0.04551-0.04541 alpha=0.06344-0.06583 beta=0.00000-0.00000 gamma=0.00000-0.00000level=4, indexed=1(9 sol.)
 Solution ? a=  6.217 b=  9.085 c= 22.045 alpha= 90.000 beta= 93.798 gamma= 90.000 V= 1242.38 score=  5.64 #   9
    a= 7.36- 7.41 b=17.53-17.58 c=11.31-11.35 alpha= 90.00- 90.00 beta= 91.44- 91.58 gamma= 90.00- 90.00 V=1457.40-1479.13level=4, indexed=1(10 sol.)
    a=0.13597-0.13493 b=0.05705-0.05689 c=0.08848-0.08810 alpha=0.02514-0.02753 beta=0.00000-0.00000 gamma=0.00000-0.00000level=4, indexed=1(10 sol.)
 Solution ? a=  7.412 b= 17.506 c= 11.324 alpha= 90.000 beta= 91.502 gamma= 90.000 V= 1468.79 score=  4.98 #  10
    a= 7.89- 7.93 b= 5.33- 5.38 c=35.20-35.26 alpha= 90.00- 90.00 beta= 94.19- 94.32 gamma= 90.00- 90.00 V=1475.71-1499.95level=4, indexed=1(11 sol.)
    a=0.12709-0.12639 b=0.18770-0.18597 c=0.02848-0.02844 alpha=0.07301-0.07541 beta=0.00000-0.00000 gamma=0.00000-0.00000level=4, indexed=1(11 sol.)
 Solution ? a=  7.891 b=  5.353 c= 35.282 alpha= 90.000 beta= 94.101 gamma= 90.000 V= 1486.35 score=  6.41 #  11
    a= 7.89- 7.93 b= 5.14- 5.18 c=35.20-35.26 alpha= 90.00- 90.00 beta= 94.19- 94.32 gamma= 90.00- 90.00 V=1423.18-1446.07level=4, indexed=1(12 sol.)
    a=0.12709-0.12639 b=0.19463-0.19290 c=0.02848-0.02844 alpha=0.07301-0.07541 beta=0.00000-0.00000 gamma=0.00000-0.00000level=4, indexed=1(12 sol.)
 Solution ? a=  7.907 b=  5.188 c= 35.326 alpha= 90.000 beta= 94.160 gamma= 90.000 V= 1445.33 score=  6.02 #  12
    a= 7.79- 7.83 b= 6.93- 6.98 c=25.59-25.64 alpha= 90.00- 90.00 beta= 91.99- 92.13 gamma= 90.00- 90.00 V=1380.30-1400.52level=4, indexed=1(13 sol.)
    a=0.12848-0.12778 b=0.14431-0.14327 c=0.03910-0.03903 alpha=0.03471-0.03711 beta=0.00000-0.00000 gamma=0.00000-0.00000level=4, indexed=1(13 sol.)
 Solution ? a=  7.824 b=  6.936 c= 25.532 alpha= 90.000 beta= 92.426 gamma= 90.000 V= 1384.18 score=  5.07 #  13
    a= 7.79- 7.83 b= 6.93- 6.98 c=25.60-25.65 alpha= 90.00- 90.00 beta= 92.26- 92.40 gamma= 90.00- 90.00 V=1380.55-1400.78level=4, indexed=1(14 sol.)
    a=0.12848-0.12778 b=0.14431-0.14327 c=0.03910-0.03903 alpha=0.03950-0.04189 beta=0.00000-0.00000 gamma=0.00000-0.00000level=4, indexed=1(14 sol.)
 Solution ? a=  7.824 b=  6.936 c= 25.532 alpha= 90.000 beta= 92.426 gamma= 90.000 V= 1384.18 score=  5.07 #  14
     a= 7.78- 7.80 b= 8.88- 8.91 c=20.87-20.89 alpha= 90.00- 90.00 beta= 91.82- 91.89 gamma= 90.00- 90.00 V=1440.20-1450.17level=5, indexed=1(15 sol.)
     a=0.12866-0.12831 b=0.11263-0.11228 c=0.04794-0.04789 alpha=0.03172-0.03292 beta=0.00000-0.00000 gamma=0.00000-0.00000level=5, indexed=1(15 sol.)
 Solution ? a=  7.795 b=  8.900 c= 20.963 alpha= 90.000 beta= 92.205 gamma= 90.000 V= 1453.18 score=  7.42 #  15
     a= 7.78- 7.80 b= 8.88- 8.91 c=20.87-20.89 alpha= 90.00- 90.00 beta= 91.95- 92.02 gamma= 90.00- 90.00 V=1440.32-1450.29level=5, indexed=1(16 sol.)
     a=0.12866-0.12831 b=0.11263-0.11228 c=0.04794-0.04789 alpha=0.03411-0.03531 beta=0.00000-0.00000 gamma=0.00000-0.00000level=5, indexed=1(16 sol.)
 Solution ? a=  7.795 b=  8.900 c= 20.963 alpha= 90.000 beta= 92.205 gamma= 90.000 V= 1453.18 score=  7.42 #  16
     a= 7.78- 7.80 b= 8.88- 8.91 c=20.87-20.89 alpha= 90.00- 90.00 beta= 92.09- 92.16 gamma= 90.00- 90.00 V=1440.44-1450.41level=5, indexed=1(17 sol.)
     a=0.12866-0.12831 b=0.11263-0.11228 c=0.04794-0.04789 alpha=0.03651-0.03770 beta=0.00000-0.00000 gamma=0.00000-0.00000level=5, indexed=1(17 sol.)
 Solution ? a=  7.792 b=  8.901 c= 20.905 alpha= 90.000 beta= 92.132 gamma= 90.000 V= 1448.97 score=  6.83 #  17
     a= 7.78- 7.80 b= 8.88- 8.91 c=20.83-20.85 alpha= 90.00- 90.00 beta= 91.82- 91.89 gamma= 90.00- 90.00 V=1437.20-1447.14level=5, indexed=1(18 sol.)
     a=0.12866-0.12831 b=0.11263-0.11228 c=0.04804-0.04799 alpha=0.03172-0.03292 beta=0.00000-0.00000 gamma=0.00000-0.00000level=5, indexed=1(18 sol.)
 Solution ? a=  7.794 b=  8.902 c= 20.932 alpha= 90.000 beta= 92.051 gamma= 90.000 V= 1451.44 score=  6.37 #  18
    a= 7.79- 7.83 b= 8.84- 8.89 c=20.79-20.84 alpha= 90.00- 90.00 beta= 91.99- 92.13 gamma= 90.00- 90.00 V=1430.41-1450.26level=4, indexed=1(19 sol.)
    a=0.12848-0.12778 b=0.11315-0.11245 c=0.04812-0.04802 alpha=0.03471-0.03711 beta=0.00000-0.00000 gamma=0.00000-0.00000level=4, indexed=1(19 sol.)
 Solution ? a=  7.807 b=  8.853 c= 20.831 alpha= 90.000 beta= 91.897 gamma= 90.000 V= 1439.01 score=  5.14 #  19
    a= 7.79- 7.83 b= 8.84- 8.89 c=20.89-20.93 alpha= 90.00- 90.00 beta= 92.26- 92.40 gamma= 90.00- 90.00 V=1436.64-1456.62level=4, indexed=1(20 sol.)
    a=0.12848-0.12778 b=0.11315-0.11245 c=0.04792-0.04782 alpha=0.03950-0.04189 beta=0.00000-0.00000 gamma=0.00000-0.00000level=4, indexed=1(20 sol.)
 Solution ? a=  7.795 b=  8.900 c= 20.963 alpha= 90.000 beta= 92.205 gamma= 90.000 V= 1453.18 score=  7.42 #  20
    a= 7.79- 7.83 b= 8.84- 8.89 c=20.89-20.94 alpha= 90.00- 90.00 beta= 92.54- 92.68 gamma= 90.00- 90.00 V=1436.93-1456.93level=4, indexed=1(21 sol.)
    a=0.12848-0.12778 b=0.11315-0.11245 c=0.04792-0.04782 alpha=0.04429-0.04668 beta=0.00000-0.00000 gamma=0.00000-0.00000level=4, indexed=1(21 sol.)
 Solution ? a=  7.797 b=  8.917 c= 20.960 alpha= 90.000 beta= 92.260 gamma= 90.000 V= 1455.97 score=  7.49 #  21
    a= 7.80- 7.85 b= 9.72- 9.77 c=17.67-17.73 alpha= 90.00- 90.00 beta= 94.19- 94.32 gamma= 90.00- 90.00 V=1337.00-1354.88level=4, indexed=1(27 sol.)
    a=0.12848-0.12778 b=0.10288-0.10238 c=0.05674-0.05658 alpha=0.07301-0.07541 beta=0.00000-0.00000 gamma=0.00000-0.00000level=4, indexed=1(27 sol.)
 Solution ? a=  7.821 b=  9.758 c= 17.624 alpha= 90.000 beta= 94.269 gamma= 90.000 V= 1341.37 score=  6.00 #  27
    a= 7.80- 7.85 b= 9.72- 9.77 c=17.57-17.63 alpha= 90.00- 90.00 beta= 94.19- 94.32 gamma= 90.00- 90.00 V=1329.53-1347.29level=4, indexed=1(28 sol.)
    a=0.12848-0.12778 b=0.10288-0.10238 c=0.05705-0.05689 alpha=0.07301-0.07541 beta=0.00000-0.00000 gamma=0.00000-0.00000level=4, indexed=1(28 sol.)
 Solution ? a=  7.821 b=  9.758 c= 17.624 alpha= 90.000 beta= 94.269 gamma= 90.000 V= 1341.37 score=  6.00 #  28
    a= 9.03- 9.08 b= 5.23- 5.28 c=23.49-23.54 alpha= 90.00- 90.00 beta= 93.09- 93.22 gamma= 90.00- 90.00 V=1108.26-1125.91level=4, indexed=1(30 sol.)
    a=0.11086-0.11036 b=0.19117-0.18943 c=0.04264-0.04255 alpha=0.05386-0.05626 beta=0.00000-0.00000 gamma=0.00000-0.00000level=4, indexed=1(30 sol.)
 Solution ? a=  9.134 b=  5.245 c= 23.621 alpha= 90.000 beta= 92.985 gamma= 90.000 V= 1130.09 score=  4.87 #  30
    a= 9.03- 9.07 b= 6.46- 6.51 c=23.48-23.53 alpha= 90.00- 90.00 beta= 92.81- 92.95 gamma= 90.00- 90.00 V=1368.77-1387.31level=4, indexed=1(31 sol.)
    a=0.11086-0.11036 b=0.15474-0.15370 c=0.04264-0.04255 alpha=0.04908-0.05147 beta=0.00000-0.00000 gamma=0.00000-0.00000level=4, indexed=1(31 sol.)
 Solution ? a=  9.025 b=  6.404 c= 23.452 alpha= 90.000 beta= 92.799 gamma= 90.000 V= 1353.94 score=  4.24 #  31
    a= 9.12- 9.16 b=10.93-10.98 c=13.84-13.89 alpha= 90.00- 90.00 beta= 93.64- 93.77 gamma= 90.00- 90.00 V=1377.25-1393.92level=4, indexed=1(32 sol.)
    a=0.10986-0.10936 b=0.09147-0.09110 c=0.07240-0.07217 alpha=0.06344-0.06583 beta=0.00000-0.00000 gamma=0.00000-0.00000level=4, indexed=1(32 sol.)
 Solution ? a=  9.123 b= 10.923 c= 13.825 alpha= 90.000 beta= 93.591 gamma= 90.000 V= 1375.00 score=  5.87 #  32
    a= 9.04- 9.08 b=10.93-10.98 c=13.93-13.98 alpha= 90.00- 90.00 beta= 93.64- 93.77 gamma= 90.00- 90.00 V=1373.72-1390.32level=4, indexed=1(33 sol.)
    a=0.11086-0.11036 b=0.09147-0.09110 c=0.07193-0.07170 alpha=0.06344-0.06583 beta=0.00000-0.00000 gamma=0.00000-0.00000level=4, indexed=1(33 sol.)
 Solution ? a=  9.110 b= 10.878 c= 13.956 alpha= 90.000 beta= 93.853 gamma= 90.000 V= 1379.91 score=  7.10 #  33
     a= 9.07- 9.09 b=11.01-11.03 c=13.87-13.90 alpha= 90.00- 90.00 beta= 93.60- 93.67 gamma= 90.00- 90.00 V=1382.65-1390.99level=5, indexed=1(34 sol.)
     a=0.11048-0.11024 b=0.09082-0.09063 c=0.07222-0.07211 alpha=0.06284-0.06404 beta=0.00000-0.00000 gamma=0.00000-0.00000level=5, indexed=1(34 sol.)
 Solution ? a=  9.093 b= 11.007 c= 13.849 alpha= 90.000 beta= 93.503 gamma= 90.000 V= 1383.53 score=  8.08 #  34
     a= 9.07- 9.09 b=11.01-11.03 c=13.88-13.90 alpha= 90.00- 90.00 beta= 93.74- 93.81 gamma= 90.00- 90.00 V=1382.86-1391.21level=5, indexed=1(35 sol.)
     a=0.11048-0.11024 b=0.09082-0.09063 c=0.07222-0.07211 alpha=0.06523-0.06643 beta=0.00000-0.00000 gamma=0.00000-0.00000level=5, indexed=1(35 sol.)
 Solution ? a=  9.093 b= 11.007 c= 13.849 alpha= 90.000 beta= 93.503 gamma= 90.000 V= 1383.53 score=  8.08 #  35
     a= 9.07- 9.09 b=10.97-10.99 c=13.88-13.90 alpha= 90.00- 90.00 beta= 93.74- 93.81 gamma= 90.00- 90.00 V=1377.19-1385.49level=5, indexed=1(36 sol.)
     a=0.11048-0.11024 b=0.09119-0.09100 c=0.07222-0.07211 alpha=0.06523-0.06643 beta=0.00000-0.00000 gamma=0.00000-0.00000level=5, indexed=1(36 sol.)
 Solution ? a=  9.093 b= 11.007 c= 13.849 alpha= 90.000 beta= 93.503 gamma= 90.000 V= 1383.53 score=  8.08 #  36
    a= 7.87- 7.91 b= 4.86- 4.90 c=35.30-35.36 alpha= 90.00- 90.00 beta= 94.46- 94.60 gamma= 90.00- 90.00 V=1346.87-1367.93level=4, indexed=1(45 sol.)
    a=0.12746-0.12676 b=0.20563-0.20389 c=0.02841-0.02838 alpha=0.07780-0.08020 beta=0.00000-0.00000 gamma=0.00000-0.00000level=4, indexed=1(45 sol.)
 Solution ? a=  7.935 b=  4.877 c= 35.420 alpha= 90.000 beta= 94.475 gamma= 90.000 V= 1366.56 score=  7.81 #  45
    a= 7.84- 7.89 b= 4.86- 4.90 c=35.57-35.63 alpha= 90.00- 90.00 beta= 98.33- 98.47 gamma= 90.00- 90.00 V=1342.37-1363.51level=4, indexed=1(46 sol.)
    a=0.12886-0.12816 b=0.20563-0.20389 c=0.02841-0.02838 alpha=0.14483-0.14723 beta=0.00000-0.00000 gamma=0.00000-0.00000level=4, indexed=1(46 sol.)
 Solution ? a=  7.893 b=  4.873 c= 35.633 alpha= 90.000 beta= 98.667 gamma= 90.000 V= 1354.93 score=  6.78 #  46
    a= 7.85- 7.89 b= 4.86- 4.90 c=35.59-35.66 alpha= 90.00- 90.00 beta= 98.60- 98.74 gamma= 90.00- 90.00 V=1343.34-1364.51level=4, indexed=1(47 sol.)
    a=0.12886-0.12816 b=0.20563-0.20389 c=0.02841-0.02838 alpha=0.14962-0.15201 beta=0.00000-0.00000 gamma=0.00000-0.00000level=4, indexed=1(47 sol.)
 Solution ? a=  7.891 b=  4.870 c= 35.647 alpha= 90.000 beta= 98.733 gamma= 90.000 V= 1354.01 score=  7.73 #  47
    a= 8.57- 8.63 b= 9.60- 9.64 c=14.85-14.90 alpha= 90.00- 90.00 beta= 97.50- 97.64 gamma= 90.00- 90.00 V=1211.02-1228.76level=4, indexed=1(49 sol.)
    a=0.11768-0.11698 b=0.10418-0.10368 c=0.06793-0.06770 alpha=0.13047-0.13286 beta=0.00000-0.00000 gamma=0.00000-0.00000level=4, indexed=1(49 sol.)
 Solution ? a=  8.573 b=  9.630 c= 14.868 alpha= 90.000 beta= 97.413 gamma= 90.000 V= 1217.26 score=  6.41 #  49
    a= 8.36- 8.41 b=16.96-17.01 c= 9.14- 9.19 alpha= 90.00- 90.00 beta=104.20-104.35 gamma= 90.00- 90.00 V=1255.97-1273.39level=4, indexed=1(50 sol.)
    a=0.12342-0.12271 b=0.05895-0.05879 c=0.11288-0.11237 alpha=0.24538-0.24777 beta=0.00000-0.00000 gamma=0.00000-0.00000level=4, indexed=1(50 sol.)
 Solution ? a=  8.390 b= 17.034 c=  9.164 alpha= 90.000 beta=104.285 gamma= 90.000 V= 1269.24 score=  8.50 #  50
    a= 9.04- 9.09 b= 6.32- 6.37 c=24.70-24.77 alpha= 90.00- 90.00 beta=108.20-108.35 gamma= 90.00- 90.00 V=1340.73-1359.90level=4, indexed=1(53 sol.)
    a=0.11646-0.11594 b=0.15818-0.15709 c=0.04262-0.04254 alpha=0.31241-0.31480 beta=0.00000-0.00000 gamma=0.00000-0.00000level=4, indexed=1(53 sol.)
 Solution ? a=  9.102 b=  6.344 c= 24.809 alpha= 90.000 beta=108.283 gamma= 90.000 V= 1360.11 score=  9.29 #  53
Finished: V=920.009->1390.02 A^3, 2143102 unit cells tested, 843528 tests/s,   Elapsed time=2.54065s
Starting: V=1390.02->1860.03
     a= 6.12- 6.14 b=21.30-21.33 c=14.70-14.73 alpha= 90.00- 90.00 beta= 91.13- 91.20 gamma= 90.00- 90.00 V=1917.56-1929.12level=5, indexed=1(60 sol.)
     a=0.16335-0.16283 b=0.04694-0.04689 c=0.06802-0.06791 alpha=0.01975-0.02095 beta=0.00000-0.00000 gamma=0.00000-0.00000level=5, indexed=1(60 sol.)
 Solution ? a=  6.123 b= 21.330 c= 14.731 alpha= 90.000 beta= 91.529 gamma= 90.000 V= 1923.27 score= 10.46 #  60
      a= 7.68- 7.70 b=11.04-11.06 c=22.18-22.21 alpha= 90.00- 90.00 beta= 97.29- 97.36 gamma= 90.00- 90.00 V=1864.38-1875.60level=6, indexed=1(81 sol.)
      a=0.13131-0.13096 b=0.09062-0.09043 c=0.04545-0.04540 alpha=0.12688-0.12807 beta=0.00000-0.00000 gamma=0.00000-0.00000level=6, indexed=1(81 sol.)
 Solution ? a=  7.674 b= 11.066 c= 22.154 alpha= 90.000 beta= 97.360 gamma= 90.000 V= 1865.95 score= 11.31 #  81
      a= 7.68- 7.70 b=11.04-11.06 c=22.19-22.21 alpha= 90.00- 90.00 beta= 97.36- 97.43 gamma= 90.00- 90.00 V=1864.67-1875.89level=6, indexed=1(82 sol.)
      a=0.13131-0.13096 b=0.09062-0.09043 c=0.04545-0.04540 alpha=0.12807-0.12927 beta=0.00000-0.00000 gamma=0.00000-0.00000level=6, indexed=1(82 sol.)
 Solution ? a=  7.674 b= 11.066 c= 22.154 alpha= 90.000 beta= 97.360 gamma= 90.000 V= 1865.95 score= 11.31 #  82
Finished: V=1390.02->1860.03 A^3, 7453144 unit cells tested, 767530 tests/s,   Elapsed time=9.71057s
Starting: V=1860.03->2330.04
      a= 8.88- 8.91 b=17.02-17.05 c=15.33-15.36 alpha= 90.00- 90.00 beta= 98.60- 98.67 gamma= 90.00- 90.00 V=2293.42-2307.39level=6, indexed=1(231 sol.)
      a=0.11383-0.11348 b=0.05874-0.05866 c=0.06595-0.06586 alpha=0.14962-0.15082 beta=0.00000-0.00000 gamma=0.00000-0.00000level=6, indexed=1(231 sol.)
 Solution ? a=  8.889 b= 17.009 c= 15.361 alpha= 90.000 beta= 98.728 gamma= 90.000 V= 2295.50 score= 11.38 # 231
      a= 8.89- 8.92 b=17.02-17.05 c=15.34-15.36 alpha= 90.00- 90.00 beta= 98.67- 98.74 gamma= 90.00- 90.00 V=2293.84-2307.82level=6, indexed=1(233 sol.)
      a=0.11383-0.11348 b=0.05874-0.05866 c=0.06595-0.06586 alpha=0.15082-0.15201 beta=0.00000-0.00000 gamma=0.00000-0.00000level=6, indexed=1(233 sol.)
 Solution ? a=  8.889 b= 17.009 c= 15.361 alpha= 90.000 beta= 98.728 gamma= 90.000 V= 2295.50 score= 11.38 # 233
      a= 8.88- 8.91 b=17.01-17.04 c=16.51-16.54 alpha= 90.00- 90.00 beta=113.19-113.27 gamma= 90.00- 90.00 V=2293.07-2307.32level=6, indexed=1(678 sol.)
      a=0.12249-0.12211 b=0.05877-0.05870 c=0.06590-0.06581 alpha=0.39380-0.39500 beta=0.00000-0.00000 gamma=0.00000-0.00000level=6, indexed=1(678 sol.)
 Solution ? a=  8.889 b= 17.009 c= 16.539 alpha= 90.000 beta=113.360 gamma= 90.000 V= 2295.50 score= 11.38 # 678
Finished: V=1860.03->2330.04 A^3, 19757818 unit cells tested, 637846 tests/s,   Elapsed time=30.9758s
Starting: V=2330.04->2800
      a= 8.89- 8.92 b=18.98-19.01 c=15.70-15.73 alpha= 90.00- 90.00 beta= 94.19- 94.26 gamma= 90.00- 90.00 V=2642.92-2658.72level=6, indexed=1(908 sol.)
      a=0.11280-0.11245 b=0.05267-0.05261 c=0.06385-0.06376 alpha=0.07301-0.07421 beta=0.00000-0.00000 gamma=0.00000-0.00000level=6, indexed=1(908 sol.)
 Solution ? a=  8.911 b= 19.009 c= 15.756 alpha= 90.000 beta= 94.196 gamma= 90.000 V= 2661.62 score= 11.74 # 908
     a= 9.06- 9.08 b=15.42-15.44 c=20.49-20.52 alpha= 90.00- 90.00 beta= 92.23- 92.30 gamma= 90.00- 90.00 V=2860.16-2874.39level=5, indexed=1(961 sol.)
     a=0.11048-0.11024 b=0.06485-0.06476 c=0.04883-0.04877 alpha=0.03890-0.04010 beta=0.00000-0.00000 gamma=0.00000-0.00000level=5, indexed=1(961 sol.)
 Solution ? a=  9.084 b= 15.382 c= 20.510 alpha= 90.000 beta= 92.224 gamma= 90.000 V= 2863.64 score= 12.02 # 961
      a=14.81-14.83 b= 7.33- 7.35 c=23.50-23.53 alpha= 90.00- 90.00 beta= 92.68- 92.74 gamma= 90.00- 90.00 V=2546.55-2563.52level=6, indexed=1(970 sol.)
      a=0.06762-0.06750 b=0.13649-0.13597 c=0.04260-0.04255 alpha=0.04668-0.04788 beta=0.00000-0.00000 gamma=0.00000-0.00000level=6, indexed=1(970 sol.)
 Solution ? a= 14.816 b=  7.336 c= 23.572 alpha= 90.000 beta= 92.672 gamma= 90.000 V= 2559.28 score= 14.26 # 970
      a=14.81-14.83 b= 7.33- 7.35 c=23.53-23.55 alpha= 90.00- 90.00 beta= 92.74- 92.81 gamma= 90.00- 90.00 V=2549.32-2566.31level=6, indexed=1(1002 sol.)
      a=0.06762-0.06750 b=0.13649-0.13597 c=0.04255-0.04251 alpha=0.04788-0.04908 beta=0.00000-0.00000 gamma=0.00000-0.00000level=6, indexed=1(1002 sol.)
 Solution ? a= 14.814 b=  7.336 c= 23.574 alpha= 90.000 beta= 92.673 gamma= 90.000 V= 2558.99 score= 14.35 #1002
      a=15.71-15.73 b= 9.84- 9.86 c=17.68-17.70 alpha= 90.00- 90.00 beta= 94.32- 94.39 gamma= 90.00- 90.00 V=2723.82-2738.70level=6, indexed=1(1102 sol.)
      a=0.06385-0.06376 b=0.10164-0.10139 c=0.05674-0.05666 alpha=0.07541-0.07661 beta=0.00000-0.00000 gamma=0.00000-0.00000level=6, indexed=1(1102 sol.)
 Solution ? a= 15.777 b=  9.847 c= 17.710 alpha= 90.000 beta= 94.390 gamma= 90.000 V= 2743.13 score= 16.93 #1102
1123 solutions ! Redparing...
CellExplorer::ReduceSolutions(): update threshold for report from 8 to 8.53794
-> 100 remaining
      a=15.71-15.73 b= 9.83- 9.86 c=17.68-17.70 alpha= 90.00- 90.00 beta= 94.39- 94.46 gamma= 90.00- 90.00 V=2722.52-2737.44level=6, indexed=1(526 sol.)
      a=0.06385-0.06375 b=0.10168-0.10143 c=0.05674-0.05666 alpha=0.07661-0.07780 beta=0.00000-0.00000 gamma=0.00000-0.00000level=6, indexed=1(526 sol.)
 Solution ? a= 15.777 b=  9.847 c= 17.710 alpha= 90.000 beta= 94.390 gamma= 90.000 V= 2743.13 score= 16.93 # 526
