METRIC_INDEX Xedd9c7b ORTHOROMBIC P peaks [11.10741547267633, 11.819852153171562, 12.52947619929769, 14.265826161013724, 14.88809841533551, 15.399189786908144, 17.129349600162993, 17.388529765124716, 19.319127440926042, 19.985734553741324, 20.619342370758677, 21.502664201180238, 22.228001041190527, 23.878158668192086, 24.335476387333678, 25.23825930472767, 26.49337674141685, 28.19291137968172, 28.805370805791867] bounds [(0.02, 0.2857142857142857), (0.02, 0.2857142857142857), (0.02, 0.2857142857142857), (-0.1, 0.1)] volume 500.0 1550.0
TRIAL 0 sec 2.0932037830352783 cost 2.202953257499715 score 2.2417367666506607 vol 502.5917463812836 cell [ 4.6097  6.4651 16.8644 90.     90.     90.    ] zero 0.09999999990000001 best 2.202953257499715 diff [-0.5073 -1.1624  1.3087 -0.4685 -0.1243  0.4566  0.241  -0.0183  0.0201
  0.0662  0.4069 -0.3436 -0.1689 -0.0913  0.039   0.0592  0.0103 -0.0087
 -0.0342]
TRIAL 1 sec 3.734107255935669 cost 2.2029532576990536 score 2.2417367666291215 vol 502.59174637926617 cell [ 4.6097  6.4651 16.8644 90.     90.     90.    ] zero 0.09999999990000001 best 2.202953257499715 diff [-0.5073 -1.1624  1.3087 -0.4685 -0.1243  0.4566  0.241  -0.0183  0.0201
  0.0662  0.4069 -0.3436 -0.1689 -0.0913  0.039   0.0592  0.0103 -0.0087
 -0.0342]
TRIAL 2 sec 5.200710296630859 cost 2.2029532576838244 score 2.2417367666373473 vol 502.59174637921694 cell [ 4.6097  6.4651 16.8644 90.     90.     90.    ] zero 0.09999999990000001 best 2.202953257499715 diff [-0.5073 -1.1624  1.3087 -0.4685 -0.1243  0.4566  0.241  -0.0183  0.0201
  0.0662  0.4069 -0.3436 -0.1689 -0.0913  0.039   0.0592  0.0103 -0.0087
 -0.0342]
TRIAL 3 sec 7.017937183380127 cost 2.1235564345502063 score 2.5617469488776883 vol 560.306113648914 cell [ 6.7376  8.0049 10.3887 90.     90.     90.    ] zero 0.06684191199407834 best 2.1235564345502063 diff [ 0.0036 -0.6839  0.6812 -0.2405 -0.8374  0.3337 -0.0061 -0.1322 -0.0461
  0.4491 -0.1864  0.1489  0.0312 -0.0063  0.038   0.5377  0.0095 -0.003
 -0.0106]
TRIAL 4 sec 8.413522481918335 cost 2.027006527643956 score 2.0125576815874706 vol 580.0809397723882 cell [ 7.0472  7.4691 11.0205 90.     90.     90.    ] zero -0.022694404564820494 best 2.027006527643956 diff [ 7.3270e-01 -3.5000e-03 -1.6000e-03  2.5300e-02 -1.3000e-03 -5.0480e-01
  1.3480e-01 -1.2470e-01 -2.6010e-01 -2.0000e-04 -1.9840e-01 -1.0575e+00
  1.4825e+00 -9.3800e-02 -1.4950e-01 -6.1000e-03  2.0700e-02 -8.5000e-03
  2.9000e-02]
TRIAL 5 sec 9.811851739883423 cost 2.13574627588525 score 1.9533949818989953 vol 497.4719018626679 cell [ 4.5844  6.3149 17.1836 90.     90.     90.    ] zero -0.042711417933081634 best 2.027006527643956 diff [-8.3270e-01 -1.4769e+00  1.5269e+00 -2.9350e-01  3.4000e-03  1.5700e-02
  2.4460e-01 -1.6900e-02 -1.5800e-02  1.1000e-03 -2.8000e-03  4.1710e-01
 -3.1130e-01  4.6700e-02  1.5060e-01 -2.3010e-01 -3.9140e-01  5.2000e-03
 -1.2430e-01]
TRIAL 6 sec 12.61285924911499 cost 2.135025063205341 score 2.9699543818109864 vol 582.2376413854482 cell [ 7.0781  8.0278 10.2468 90.     90.     90.    ] zero 0.09237912340929966 best 2.027006527643956 diff [-0.0021 -0.6878  0.0585 -0.1681  0.4088 -0.1042  0.2582 -0.0015 -0.4108
  0.6627  0.0216 -0.0174 -0.007   0.003  -0.1218 -0.0029  0.2255  0.1203
  0.1788]
TRIAL 7 sec 14.008691787719727 cost 2.2447184474855377 score 2.65762587956098 vol 505.61398251548536 cell [ 5.7046  7.4214 11.9427 90.     90.     90.    ] zero -0.09257813399606726 best 2.027006527643956 diff [ 0.7443  0.0033 -0.6919 -0.3182 -0.1571  0.0295 -0.0091 -0.2676  0.2024
 -0.463   0.2774 -0.0694 -0.0064 -0.0086  0.247   0.038   0.7211  0.0079
 -0.2218]
TRIAL 8 sec 15.947102546691895 cost 2.1576018895065814 score 2.59978216660367 vol 550.1416220732697 cell [ 7.1224  7.5484 10.2327 90.     90.     90.    ] zero 0.09999999990000001 best 2.027006527643956 diff [ 0.7231 -0.0052 -0.0114  0.4078 -0.2143 -0.1532  0.0734  0.0299 -0.0307
 -0.6825  0.442  -0.0363 -0.7461 -0.223   0.1978 -0.0095  0.0864  0.027
 -0.0081]
TRIAL 9 sec 18.113052129745483 cost 2.1576018894720073 score 2.599782166617653 vol 550.1416220709601 cell [ 7.1224  7.5484 10.2327 90.     90.     90.    ] zero 0.09999999990000001 best 2.027006527643956 diff [ 0.7231 -0.0052 -0.0114  0.4078 -0.2143 -0.1532  0.0734  0.0299 -0.0307
 -0.6825  0.442  -0.0363 -0.7461 -0.223   0.1978 -0.0095  0.0864  0.027
 -0.0081]
TRIAL 10 sec 19.606104850769043 cost 2.2485268734702664 score 2.374330937151512 vol 616.9492477644753 cell [ 4.7169  8.4689 15.4443 90.     90.     90.    ] zero -0.09314812802104966 best 2.027006527643956 diff [ 2.5440e-01 -4.3000e-03 -6.9910e-01  1.2112e+00  5.4830e-01  2.4700e-02
 -1.1600e-02 -2.7010e-01  2.5400e-01  9.1400e-02  2.5260e-01 -4.8600e-02
 -1.0500e-02 -2.3300e-02  3.6700e-02 -1.0000e-04  6.7070e-01  1.4100e-02
 -2.9000e-03]
TRIAL 11 sec 20.44570016860962 cost 2.0925675111116684 score 2.999288025822095 vol 486.0945421615778 cell [ 5.8175  7.5753 11.0303 90.     90.     90.    ] zero 0.0999850167176219 best 2.027006527643956 diff [ 0.6792 -0.0465 -0.7281  0.0062  0.4334 -0.0802  0.1898 -0.0688  0.0023
  0.0116  0.3343 -0.5409  0.0646 -0.3065 -0.0484  0.0064  0.5431 -0.0034
 -0.0057]
TRIAL 12 sec 21.20096492767334 cost 2.167837675847789 score 2.6770517140795973 vol 575.0434255073611 cell [ 7.0782  8.0285 10.1191 90.     90.     90.    ] zero 0.09286566932374235 best 2.027006527643956 diff [-0.0026 -0.6882  0.0588 -0.1016  0.4732 -0.042  -0.3468  0.219  -0.3613
  0.8551  0.2084  0.1624 -0.0085  0.0423  0.0378 -0.0028  0.0018  0.2584
 -0.0287]
TRIAL 13 sec 22.020090103149414 cost 2.157601889434098 score 2.5997821665819028 vol 550.1416220672478 cell [ 7.1224  7.5484 10.2327 90.     90.     90.    ] zero 0.09999999990000001 best 2.027006527643956 diff [ 0.7231 -0.0052 -0.0114  0.4078 -0.2143 -0.1532  0.0734  0.0299 -0.0307
 -0.6825  0.442  -0.0363 -0.7461 -0.223   0.1978 -0.0095  0.0864  0.027
 -0.0081]
TRIAL 14 sec 23.1199049949646 cost 2.117902147754681 score 2.431805717089611 vol 496.4784823622081 cell [ 3.754   8.5528 15.4631 90.     90.     90.    ] zero -0.04829314382207289 best 2.027006527643956 diff [ 2.8490e-01 -5.3100e-02 -7.4270e-01  1.1697e+00  5.1040e-01 -1.0600e-02
  1.2100e-02 -2.4600e-01  7.4530e-01  6.3900e-02  8.7200e-02 -8.3000e-03
  7.2360e-01 -1.6820e-01 -3.9000e-03 -2.4600e-02  6.0000e-04  1.5130e-01
 -7.8000e-03]
TRIAL 15 sec 23.82101011276245 cost 2.135731019835437 score 1.953357869323747 vol 497.501462375903 cell [ 4.5845  6.3151 17.184  90.     90.     90.    ] zero -0.0420309518836971 best 2.027006527643956 diff [-0.8322 -1.4765  1.5272 -0.2932  0.0038  0.0159  0.2448 -0.0166 -0.0153
  0.0016 -0.0027  0.4174 -0.3109  0.047   0.1509 -0.23   -0.3912  0.0053
 -0.1243]
TRIAL 16 sec 24.30674409866333 cost 2.0270236672450936 score 2.012706569379708 vol 580.0739139788653 cell [ 7.0471  7.4689 11.0207 90.     90.     90.    ] zero -0.02267198708536046 best 2.027006527643956 diff [ 7.3300e-01 -3.2000e-03 -1.4000e-03  2.5400e-02 -1.3000e-03 -5.0480e-01
  1.3510e-01 -1.2450e-01 -2.5990e-01 -3.0000e-04 -1.9850e-01 -1.0576e+00
  1.4825e+00 -9.3300e-02 -1.4990e-01 -5.8000e-03  2.1000e-02 -8.0000e-03
  2.9300e-02]
TRIAL 17 sec 24.841096878051758 cost 2.1706614079794933 score 1.8579949114838978 vol 503.6321225041758 cell [ 4.4325  6.1903 18.3549 90.     90.     90.    ] zero -0.025910994614455153 best 2.027006527643956 diff [-1.4066e+00 -2.0157e+00  1.8632e+00  4.6000e-03  1.7930e-01 -3.3010e-01
  1.1040e-01 -1.4890e-01 -1.7300e-02  4.3000e-03 -4.7800e-02  7.3890e-01
  1.0000e-03  2.1980e-01 -1.3580e-01 -1.0170e-01  3.1400e-02  2.1600e-02
 -9.8000e-03]
TRIAL 18 sec 25.959715366363525 cost 2.02700413253383 score 2.0119486643409936 vol 580.0995232675716 cell [ 7.0472  7.4691 11.0208 90.     90.     90.    ] zero -0.02269498086847237 best 2.027006527643956 diff [ 7.3260e-01 -3.6000e-03 -1.6000e-03  2.5100e-02 -1.4000e-03 -5.0490e-01
  1.3480e-01 -1.2480e-01 -2.6020e-01 -6.0000e-04 -1.9870e-01 -1.0578e+00
  1.4821e+00 -9.4000e-02 -1.5010e-01 -6.1000e-03  2.0700e-02 -8.7000e-03
  2.8600e-02]
TRIAL 19 sec 26.72501254081726 cost 2.0270218240849585 score 2.01271585966426 vol 580.1193792428959 cell [ 7.0474  7.4692 11.0208 90.     90.     90.    ] zero -0.02220624075903498 best 2.027006527643956 diff [ 7.3300e-01 -3.1000e-03 -1.5000e-03  2.5500e-02 -1.2000e-03 -5.0470e-01
  1.3500e-01 -1.2460e-01 -2.6000e-01 -1.0000e-04 -1.9840e-01 -1.0575e+00
  1.4824e+00 -9.3700e-02 -1.4960e-01 -6.3000e-03  2.0500e-02 -8.5000e-03
  2.9000e-02]
TRIAL 20 sec 27.442503929138184 cost 2.1350154978212545 score 2.9701727594971574 vol 582.2457564404266 cell [ 7.0781  8.0278 10.247  90.     90.     90.    ] zero 0.09246896764642165 best 2.027006527643956 diff [-0.002  -0.6877  0.0586 -0.1681  0.4089 -0.1042  0.258  -0.0017 -0.4107
  0.6625  0.0215 -0.0175 -0.0069  0.0031 -0.1219 -0.0027  0.2257  0.1202
  0.1789]
TRIAL 21 sec 28.458313703536987 cost 2.092557775596098 score 2.999347941062205 vol 486.0878247534248 cell [ 5.8175  7.5752 11.0302 90.     90.     90.    ] zero 0.09999997081707622 best 2.027006527643956 diff [ 0.6793 -0.0464 -0.728   0.0063  0.4334 -0.0802  0.1898 -0.0688  0.0024
  0.0118  0.3343 -0.5409  0.0647 -0.3064 -0.0482  0.0065  0.5434 -0.0033
 -0.0055]
TRIAL 22 sec 29.32065224647522 cost 2.157601889485203 score 2.599782166598882 vol 550.1416220712382 cell [ 7.1224  7.5484 10.2327 90.     90.     90.    ] zero 0.09999999990000001 best 2.027006527643956 diff [ 0.7231 -0.0052 -0.0114  0.4078 -0.2143 -0.1532  0.0734  0.0299 -0.0307
 -0.6825  0.442  -0.0363 -0.7461 -0.223   0.1978 -0.0095  0.0864  0.027
 -0.0081]
TRIAL 23 sec 29.951724529266357 cost 2.027006980475552 score 2.0120552082529337 vol 580.099097866813 cell [ 7.0473  7.4691 11.0208 90.     90.     90.    ] zero -0.022630979385352957 best 2.027006527643956 diff [ 7.3280e-01 -3.4000e-03 -1.7000e-03  2.5200e-02 -1.5000e-03 -5.0500e-01
  1.3490e-01 -1.2470e-01 -2.6020e-01 -4.0000e-04 -1.9870e-01 -1.0578e+00
  1.4822e+00 -9.3700e-02 -1.5010e-01 -6.2000e-03  2.0500e-02 -8.4000e-03
  2.8900e-02]
TRIAL 24 sec 30.760106563568115 cost 2.1357313604401056 score 1.953324419030022 vol 497.5017994271747 cell [ 4.5845  6.3151 17.184  90.     90.     90.    ] zero -0.04213094562410016 best 2.027006527643956 diff [-0.8323 -1.4766  1.527  -0.2934  0.0036  0.0158  0.2447 -0.0168 -0.0153
  0.0016 -0.0027  0.4174 -0.3109  0.0469  0.1508 -0.2302 -0.3912  0.005
 -0.1246]
TRIAL 25 sec 31.496858596801758 cost 2.157601889490997 score 2.5997821665890246 vol 550.1416220714455 cell [ 7.1224  7.5484 10.2327 90.     90.     90.    ] zero 0.09999999990000001 best 2.027006527643956 diff [ 0.7231 -0.0052 -0.0114  0.4078 -0.2143 -0.1532  0.0734  0.0299 -0.0307
 -0.6825  0.442  -0.0363 -0.7461 -0.223   0.1978 -0.0095  0.0864  0.027
 -0.0081]
TRIAL 26 sec 32.19831871986389 cost 2.1543445520364277 score 1.7091146825292027 vol 502.6464088018404 cell [ 4.4132  6.2363 18.2633 90.     90.     90.    ] zero -0.09995864384520052 best 2.027006527643956 diff [-1.4386e+00 -2.0502e+00  1.6690e+00  1.7520e-01  1.1700e-02 -4.9470e-01
 -2.4700e-02 -2.8310e-01  6.8000e-03  1.9000e-02 -3.0000e-02  7.6970e-01
  2.8600e-02  1.6150e-01 -8.6800e-02 -1.6110e-01 -1.4900e-02 -3.0000e-04
  1.2270e-01]
TRIAL 27 sec 33.13302135467529 cost 2.1350404962580085 score 2.969324133634143 vol 582.2038498848543 cell [ 7.0779  8.0275 10.2469 90.     90.     90.    ] zero 0.09206605585880082 best 2.027006527643956 diff [-0.0021 -0.6878  0.0586 -0.1682  0.4089 -0.1042  0.2577 -0.002  -0.4107
  0.6624  0.0214 -0.0176 -0.0067  0.0033 -0.1218 -0.0022  0.2261  0.1203
  0.1795]
TRIAL 28 sec 33.934556007385254 cost 2.0270156027771655 score 2.0118468775527085 vol 580.058648293513 cell [ 7.047   7.4689 11.0208 90.     90.     90.    ] zero -0.02312553546886381 best 2.027006527643956 diff [ 7.3270e-01 -3.5000e-03 -1.7000e-03  2.5000e-02 -1.5000e-03 -5.0500e-01
  1.3490e-01 -1.2470e-01 -2.6010e-01 -6.0000e-04 -1.9880e-01 -1.0579e+00
  1.4822e+00 -9.3600e-02 -1.5040e-01 -5.8000e-03  2.1000e-02 -8.2000e-03
  2.9000e-02]
TRIAL 29 sec 34.50177836418152 cost 2.0270045632598244 score 2.012269051239399 vol 580.0701194124181 cell [ 7.0471  7.4691 11.0205 90.     90.     90.    ] zero -0.022916072161331225 best 2.027006527643956 diff [ 7.3260e-01 -3.6000e-03 -1.7000e-03  2.5100e-02 -1.4000e-03 -5.0490e-01
  1.3480e-01 -1.2480e-01 -2.6020e-01 -3.0000e-04 -1.9850e-01 -1.0576e+00
  1.4824e+00 -9.4000e-02 -1.4960e-01 -6.0000e-03  2.0800e-02 -8.5000e-03
  2.8900e-02]
TRIAL 30 sec 35.85386323928833 cost 2.1357384460953472 score 1.953425557149209 vol 497.49438768355856 cell [ 4.5844  6.3151 17.1838 90.     90.     90.    ] zero -0.04232915493260558 best 2.027006527643956 diff [-8.3240e-01 -1.4767e+00  1.5268e+00 -2.9350e-01  3.4000e-03  1.5800e-02
  2.4450e-01 -1.6900e-02 -1.5500e-02  1.4000e-03 -2.7000e-03  4.1730e-01
 -3.1100e-01  4.6800e-02  1.5070e-01 -2.3020e-01 -3.9130e-01  4.8000e-03
 -1.2470e-01]
TRIAL 31 sec 36.460139989852905 cost 2.1350289414174073 score 2.970197785098083 vol 582.2467612432021 cell [ 7.0781  8.0277 10.2471 90.     90.     90.    ] zero 0.09262139073613668 best 2.027006527643956 diff [-0.0018 -0.6875  0.0588 -0.1679  0.409  -0.1041  0.2579 -0.0018 -0.4106
  0.6625  0.0215 -0.0175 -0.0066  0.0033 -0.1218 -0.0024  0.2259  0.1203
  0.1792]
TRIAL 32 sec 36.90714383125305 cost 2.027045321441668 score 2.011546193952002 vol 580.1512110461457 cell [ 7.0474  7.4694 11.021  90.     90.     90.    ] zero -0.02231230021753855 best 2.027006527643956 diff [ 7.3250e-01 -3.7000e-03 -1.6000e-03  2.5000e-02 -1.4000e-03 -5.0490e-01
  1.3460e-01 -1.2500e-01 -2.6050e-01 -7.0000e-04 -1.9880e-01 -1.0578e+00
  1.4818e+00 -9.4600e-02 -1.5020e-01 -6.4000e-03  2.0300e-02 -9.3000e-03
  2.8000e-02]
TRIAL 33 sec 37.93860054016113 cost 2.1576018892101048 score 2.599782166149921 vol 550.1416220381285 cell [ 7.1224  7.5484 10.2327 90.     90.     90.    ] zero 0.09999999990000001 best 2.027006527643956 diff [ 0.7231 -0.0052 -0.0114  0.4078 -0.2143 -0.1532  0.0734  0.0299 -0.0307
 -0.6825  0.442  -0.0363 -0.7461 -0.223   0.1978 -0.0095  0.0864  0.027
 -0.0081]
TRIAL 34 sec 38.949217796325684 cost 2.167837461809749 score 2.6759571256485377 vol 574.9476080873286 cell [ 7.0779  8.0279 10.1186 90.     90.     90.    ] zero 0.0915888789078865 best 2.027006527643956 diff [-0.0031 -0.6887  0.058  -0.102   0.4726 -0.0426 -0.3472  0.2187 -0.3616
  0.8551  0.2083  0.1622 -0.0082  0.0426  0.0378 -0.003   0.002   0.2589
 -0.0283]
TRIAL 35 sec 39.705419301986694 cost 2.027009217863806 score 2.0119402954265153 vol 580.1236935815922 cell [ 7.0473  7.4691 11.0211 90.     90.     90.    ] zero -0.022391687148298412 best 2.027006527643956 diff [ 7.3300e-01 -3.2000e-03 -1.5000e-03  2.5300e-02 -1.4000e-03 -5.0490e-01
  1.3490e-01 -1.2460e-01 -2.6010e-01 -6.0000e-04 -1.9880e-01 -1.0579e+00
  1.4820e+00 -9.3700e-02 -1.5050e-01 -6.2000e-03  2.0500e-02 -8.5000e-03
  2.8700e-02]
TRIAL 36 sec 40.45813202857971 cost 2.123537748987912 score 2.561051025434477 vol 560.2533706236891 cell [ 6.7374  8.0048 10.3883 90.     90.     90.    ] zero 0.06627259427392414 best 2.027006527643956 diff [ 0.0033 -0.6842  0.6812 -0.2406 -0.8376  0.3337 -0.006  -0.1323 -0.0461
  0.4493 -0.1863  0.1492  0.0311 -0.0064  0.0383  0.5382  0.0098 -0.0028
 -0.0102]
TRIAL 37 sec 41.626829385757446 cost 2.170655153245533 score 1.8580204446675177 vol 503.6149249443511 cell [ 4.4325  6.1904 18.354  90.     90.     90.    ] zero -0.02590704434034237 best 2.027006527643956 diff [-1.4062e+00 -2.0154e+00  1.8631e+00  4.5000e-03  1.7930e-01 -3.3020e-01
  1.1050e-01 -1.4870e-01 -1.6400e-02  4.2000e-03 -4.7800e-02  7.3900e-01
  1.2000e-03  2.2050e-01 -1.3470e-01 -1.0180e-01  3.1500e-02  2.2500e-02
 -1.0000e-02]
TRIAL 38 sec 42.413851261138916 cost 2.0925773903363614 score 3.0000716737634363 vol 486.0785934631842 cell [ 5.8175  7.575  11.0302 90.     90.     90.    ] zero 0.09999661084885202 best 2.027006527643956 diff [ 0.6797 -0.0461 -0.7277  0.0066  0.4332 -0.0804  0.1897 -0.0689  0.0024
  0.012   0.3344 -0.5408  0.0646 -0.3057 -0.0482  0.0066  0.5435 -0.0028
 -0.0056]
TRIAL 39 sec 43.02347493171692 cost 2.2033286820936975 score 1.7919391833443592 vol 493.874392619626 cell [ 4.418   6.0264 18.5496 90.     90.     90.    ] zero -0.04802518659680686 best 2.027006527643956 diff [-1.5163e+00 -2.1202e+00  1.8600e+00 -9.0000e-04 -2.4740e-01  5.0000e-04
  3.6330e-01  1.0000e-01 -2.4330e-01  4.8700e-02 -1.7300e-02  7.3280e-01
 -5.5000e-03  4.1200e-02 -1.8610e-01  1.4910e-01  2.4190e-01 -1.6400e-02
  2.1000e-03]
TRIAL 40 sec 43.65626120567322 cost 2.135735224677198 score 1.9532704984787015 vol 497.5144465744717 cell [ 4.5845  6.3152 17.1842 90.     90.     90.    ] zero -0.041969408970708444 best 2.027006527643956 diff [-0.8323 -1.4765  1.527  -0.2933  0.0036  0.0158  0.2446 -0.0168 -0.0153
  0.0016 -0.0028  0.4175 -0.3109  0.0469  0.1508 -0.2303 -0.3913  0.0048
 -0.1247]
TRIAL 41 sec 44.249322175979614 cost 2.135112212672 score 2.9689839623576386 vol 582.1981204562 cell [ 7.0778  8.0278 10.2465 90.     90.     90.    ] zero 0.0920458903426653 best 2.027006527643956 diff [-0.0025 -0.6882  0.0588 -0.1683  0.4092 -0.1039  0.2582 -0.0015 -0.4107
  0.6627  0.0216 -0.0171 -0.0075  0.0026 -0.1215 -0.0019  0.2265  0.12
  0.1797]
TRIAL 42 sec 45.69129180908203 cost 2.1554902577675867 score 2.298716354902825 vol 603.5774729020009 cell [ 5.4018  6.3308 17.6497 90.     90.     90.    ] zero 0.03093296463810984 best 2.027006527643956 diff [-1.0083e+00 -1.6377e+00  1.5612e+00 -2.5440e-01 -2.8000e-03 -3.1750e-01
  5.4600e-02 -1.3240e-01 -3.8600e-02  1.5340e-01  4.3000e-03  1.3730e-01
 -3.1000e-03  2.0500e-02  2.6880e-01  1.5000e-03 -2.6700e-02  6.8000e-03
 -1.4620e-01]
TRIAL 43 sec 46.34972953796387 cost 2.0270290663456825 score 2.0115354025507304 vol 580.1584368191343 cell [ 7.0474  7.4692 11.0215 90.     90.     90.    ] zero -0.022122881613322133 best 2.027006527643956 diff [ 7.3310e-01 -3.1000e-03 -1.4000e-03  2.5300e-02 -1.5000e-03 -5.0490e-01
  1.3500e-01 -1.2460e-01 -2.6020e-01 -9.0000e-04 -1.9920e-01 -1.0582e+00
  1.4817e+00 -9.3600e-02 -1.5110e-01 -6.3000e-03  2.0300e-02 -8.6000e-03
  2.8500e-02]
TRIAL 44 sec 46.89902901649475 cost 2.1678670828612945 score 2.675481628763645 vol 574.9202048273759 cell [ 7.078   8.0275 10.1185 90.     90.     90.    ] zero 0.0912884563962188 best 2.027006527643956 diff [-0.0029 -0.6885  0.0576 -0.1018  0.4722 -0.0429 -0.3472  0.2186 -0.3616
  0.8552  0.2084  0.162  -0.0074  0.0434  0.0378 -0.0035  0.0019  0.2596
 -0.0282]
TRIAL 45 sec 48.15428447723389 cost 2.1543562163751724 score 1.7094208349623095 vol 502.6381631489267 cell [ 4.4131  6.2365 18.2629 90.     90.     90.    ] zero -0.09994943284981571 best 2.027006527643956 diff [-1.4383 -2.05    1.6685  0.1756  0.0113 -0.4951 -0.0249 -0.2833  0.0073
  0.0194 -0.0295  0.7703  0.0291  0.1617 -0.0862 -0.1609 -0.0147  0.
  0.1218]
TRIAL 46 sec 48.920243978500366 cost 2.157601889461651 score 2.5997821665906358 vol 550.141622069568 cell [ 7.1224  7.5484 10.2327 90.     90.     90.    ] zero 0.09999999990000001 best 2.027006527643956 diff [ 0.7231 -0.0052 -0.0114  0.4078 -0.2143 -0.1532  0.0734  0.0299 -0.0307
 -0.6825  0.442  -0.0363 -0.7461 -0.223   0.1978 -0.0095  0.0864  0.027
 -0.0081]
TRIAL 47 sec 49.58981728553772 cost 2.02701646899252 score 2.012480021981522 vol 580.0812089875441 cell [ 7.0473  7.4691 11.0204 90.     90.     90.    ] zero -0.022723064044576635 best 2.027006527643956 diff [ 7.3270e-01 -3.5000e-03 -1.8000e-03  2.5300e-02 -1.4000e-03 -5.0490e-01
  1.3470e-01 -1.2490e-01 -2.6020e-01 -1.0000e-04 -1.9830e-01 -1.0574e+00
  1.4825e+00 -9.3900e-02 -1.4930e-01 -6.3000e-03  2.0500e-02 -8.5000e-03
  2.9100e-02]
TRIAL 48 sec 50.20794677734375 cost 2.2029532576296083 score 2.241736766644241 vol 502.5917463788962 cell [ 4.6097  6.4651 16.8644 90.     90.     90.    ] zero 0.09999999990000001 best 2.027006527643956 diff [-0.5073 -1.1624  1.3087 -0.4685 -0.1243  0.4566  0.241  -0.0183  0.0201
  0.0662  0.4069 -0.3436 -0.1689 -0.0913  0.039   0.0592  0.0103 -0.0087
 -0.0342]
TRIAL 49 sec 50.80864763259888 cost 2.2447289433983095 score 2.6570432173718546 vol 505.5500813968479 cell [ 5.7042  7.4213 11.9423 90.     90.     90.    ] zero -0.0931715984679388 best 2.027006527643956 diff [ 0.7439  0.0029 -0.6923 -0.3185 -0.1571  0.0301 -0.0085 -0.267   0.2029
 -0.4625  0.2779 -0.0687 -0.0062 -0.0088  0.2476  0.0382  0.7219  0.0079
 -0.2214]
TRIAL 50 sec 51.40275979042053 cost 2.170660677411389 score 1.8582296376184977 vol 503.6484448013022 cell [ 4.4326  6.1905 18.3544 90.     90.     90.    ] zero -0.025539075140927882 best 2.027006527643956 diff [-1.4060e+00 -2.0151e+00  1.8631e+00  4.6000e-03  1.7930e-01 -3.3010e-01
  1.1050e-01 -1.4870e-01 -1.6400e-02  4.0000e-03 -4.8000e-02  7.3880e-01
  1.0000e-03  2.2040e-01 -1.3470e-01 -1.0210e-01  3.1200e-02  2.2400e-02
 -1.0300e-02]
TRIAL 51 sec 52.03404402732849 cost 2.157601889521634 score 2.599782166633457 vol 550.1416220750049 cell [ 7.1224  7.5484 10.2327 90.     90.     90.    ] zero 0.09999999990000001 best 2.027006527643956 diff [ 0.7231 -0.0052 -0.0114  0.4078 -0.2143 -0.1532  0.0734  0.0299 -0.0307
 -0.6825  0.442  -0.0363 -0.7461 -0.223   0.1978 -0.0095  0.0864  0.027
 -0.0081]
TRIAL 52 sec 52.718600273132324 cost 2.1576018894964184 score 2.5997821665867082 vol 550.1416220717337 cell [ 7.1224  7.5484 10.2327 90.     90.     90.    ] zero 0.09999999990000001 best 2.027006527643956 diff [ 0.7231 -0.0052 -0.0114  0.4078 -0.2143 -0.1532  0.0734  0.0299 -0.0307
 -0.6825  0.442  -0.0363 -0.7461 -0.223   0.1978 -0.0095  0.0864  0.027
 -0.0081]
TRIAL 53 sec 53.46091842651367 cost 2.244723248858747 score 2.658418139289908 vol 505.70099682240595 cell [ 5.7048  7.422  11.9434 90.     90.     90.    ] zero -0.0910806474975044 best 2.027006527643956 diff [ 0.7448  0.0038 -0.6913 -0.3178 -0.1563  0.0304 -0.0083 -0.2668  0.2028
 -0.4625  0.2777 -0.0689 -0.0061 -0.0091  0.2472  0.038   0.7213  0.0073
 -0.2223]
TRIAL 54 sec 54.345789194107056 cost 2.1543237631354955 score 1.7092066880172723 vol 502.6249472748757 cell [ 4.413   6.2364 18.2632 90.     90.     90.    ] zero -0.0999953897190825 best 2.027006527643956 diff [-1.4385e+00 -2.0502e+00  1.6687e+00  1.7530e-01  1.1500e-02 -4.9490e-01
 -2.4800e-02 -2.8320e-01  6.9000e-03  1.9900e-02 -2.9000e-02  7.7060e-01
  2.9500e-02  1.6150e-01 -8.6700e-02 -1.6040e-01 -1.4200e-02 -3.0000e-04
  1.2230e-01]
TRIAL 55 sec 54.831786155700684 cost 2.0270088168065867 score 2.012316952389665 vol 580.104519635688 cell [ 7.0473  7.4691 11.021  90.     90.     90.    ] zero -0.022476487246973955 best 2.027006527643956 diff [ 7.3300e-01 -3.2000e-03 -1.4000e-03  2.5300e-02 -1.3000e-03 -5.0480e-01
  1.3500e-01 -1.2450e-01 -2.6000e-01 -4.0000e-04 -1.9870e-01 -1.0578e+00
  1.4822e+00 -9.3600e-02 -1.5020e-01 -6.0000e-03  2.0800e-02 -8.3000e-03
  2.8900e-02]
TRIAL 56 sec 55.551955223083496 cost 2.1350489388266896 score 2.9696476155343343 vol 582.2180932505272 cell [ 7.0778  8.0277 10.247  90.     90.     90.    ] zero 0.09210347575646877 best 2.027006527643956 diff [-0.0023 -0.6879  0.0587 -0.1683  0.4089 -0.1042  0.2576 -0.0021 -0.4107
  0.6622  0.0212 -0.0176 -0.007   0.0029 -0.1219 -0.0022  0.2262  0.12
  0.1794]
TRIAL 57 sec 56.397467374801636 cost 2.167847816282463 score 2.6757253797081617 vol 574.9402486802098 cell [ 7.0779  8.0279 10.1185 90.     90.     90.    ] zero 0.09150905089061925 best 2.027006527643956 diff [-0.0032 -0.6889  0.058  -0.1021  0.4727 -0.0425 -0.3472  0.2188 -0.3616
  0.8551  0.2083  0.1623 -0.0084  0.0425  0.0379 -0.0029  0.0021  0.2589
 -0.0282]
TRIAL 58 sec 57.399940967559814 cost 2.135015231486146 score 2.970835549979105 vol 582.276364763278 cell [ 7.0782  8.0279 10.2472 90.     90.     90.    ] zero 0.09280207197391983 best 2.027006527643956 diff [-0.0019 -0.6875  0.0587 -0.168   0.4089 -0.1042  0.2579 -0.0018 -0.4107
  0.6625  0.0214 -0.0176 -0.0069  0.0031 -0.122  -0.0029  0.2255  0.12
  0.1787]
TRIAL 59 sec 58.32115077972412 cost 2.02701066997661 score 2.0117720303388724 vol 580.1031690877903 cell [ 7.0472  7.469  11.0211 90.     90.     90.    ] zero -0.022651398027592185 best 2.027006527643956 diff [ 7.329e-01 -3.300e-03 -1.600e-03  2.520e-02 -1.500e-03 -5.050e-01
  1.350e-01 -1.246e-01 -2.602e-01 -7.000e-04 -1.989e-01 -1.058e+00
  1.482e+00 -9.350e-02 -1.506e-01 -6.100e-03  2.060e-02 -8.300e-03
  2.890e-02]
