METRIC_INDEX Xedd9c7b MONOCLINIC P peaks [11.10741547267633, 11.819852153171562, 12.52947619929769, 14.265826161013724, 14.88809841533551, 15.399189786908144, 17.129349600162993, 17.388529765124716, 19.319127440926042, 19.985734553741324, 20.619342370758677, 21.502664201180238, 22.228001041190527, 23.878158668192086, 24.335476387333678, 25.23825930472767, 26.49337674141685, 28.19291137968172, 28.805370805791867] bounds [(0.02, 0.2857142857142857), (0.02, 0.2857142857142857), (0.02, 0.2857142857142857), (0.0, 0.7), (-0.1, 0.1)] volume 500.0 1550.0
TRIAL 0 sec 4.226438522338867 cost 1.3451988624507822 score 2.9810471028698746 vol 527.3649878737784 cell [16.0533  4.4195  7.4786 90.     96.3166 90.    ] zero -0.041987341318396425 best 1.3451988624507822 diff [-0.0679  0.0349 -0.0096 -0.6223  0.4374 -0.081  -0.0091 -0.2668  0.0473
  0.0478  0.1793  0.0261 -0.0016  0.0036 -0.0075 -0.0024 -0.0072 -0.1699
  0.3461]
TRIAL 1 sec 6.978351831436157 cost 1.1156917981518526 score 3.0927712403049714 vol 617.2233188293372 cell [17.9409  4.2949  8.0373 90.     94.7004 90.    ] zero 0.06095768362246126 best 1.1156917981518526 diff [-0.0096 -0.0382 -0.0053  0.012   0.0244  0.0949  0.736   0.4689  0.0031
 -0.0787  0.1057 -0.1818  0.0104  0.0032 -0.0715 -0.0057 -0.0049 -0.0067
  0.0592]
TRIAL 2 sec 9.870656251907349 cost 1.154921669044595 score 3.1619170746820786 vol 613.8420588374653 cell [17.9178  4.2862  8.0197 90.     94.703  90.    ] zero 0.025834196252837897 best 1.1156917981518526 diff [-2.060e-02 -4.950e-02 -1.500e-02  2.100e-03  8.500e-03  8.800e-02
  7.303e-01  4.628e-01 -2.000e-04 -8.800e-02  1.129e-01 -1.748e-01
  2.440e-02  1.690e-02 -5.710e-02  8.600e-03 -2.300e-03  5.000e-04
 -6.910e-02]
TRIAL 3 sec 18.495060205459595 cost 1.4217270424131256 score 2.5863615662852903 vol 545.7601841925443 cell [15.8767  4.6096  7.4956 90.     95.8014 90.    ] zero -0.07024248616282316 best 1.1156917981518526 diff [ 0.0172 -0.0321 -0.0057 -0.6989  0.5368  0.0143 -0.0543 -0.3118 -0.15
 -0.006  -0.6321  0.0329  0.0147 -0.0063 -0.0082  0.0348  0.004  -0.0368
  0.2116]
TRIAL 4 sec 22.144482612609863 cost 1.3451916915742779 score 2.9797316904356563 vol 527.3213239709615 cell [16.053   4.4192  7.4785 90.     96.3138 90.    ] zero -0.042567621917126035 best 1.1156917981518526 diff [-0.0683  0.0344 -0.0099 -0.623   0.4374 -0.081  -0.0098 -0.2676  0.0475
  0.0484  0.1799  0.0254 -0.0018  0.0031 -0.0073 -0.0023 -0.007  -0.1692
  0.3466]
TRIAL 5 sec 24.39885711669922 cost 1.1156902030991547 score 3.0917376565841157 vol 617.1659658788009 cell [17.9406  4.2949  8.0367 90.     94.7004 90.    ] zero 0.0603176657497923 best 1.1156917981518526 diff [-0.0094 -0.0381 -0.0051  0.012   0.024   0.095   0.736   0.4689  0.0032
 -0.079   0.1052 -0.1824  0.0114  0.003  -0.0716 -0.0059 -0.0049 -0.0065
  0.0589]
TRIAL 6 sec 32.87978386878967 cost 1.7008981696228074 score 2.6860673922868066 vol 495.1212538821707 cell [ 11.3598   5.6966   7.816   90.     101.791   90.    ] zero -0.09999999990000001 best 1.1156917981518526 diff [ 0.358  -0.3605 -0.0067  1.0003  0.3458  0.0442  0.2518 -0.0106 -0.0079
 -0.0136 -0.6404 -0.0279 -0.0027  0.0105 -0.0038  0.0636  0.1075 -0.2189
 -0.0991]
TRIAL 7 sec 35.11026048660278 cost 1.1549216694439641 score 3.1619170742711096 vol 613.8420588146236 cell [17.9178  4.2862  8.0197 90.     94.703  90.    ] zero 0.025834196006346608 best 1.1156917981518526 diff [-2.060e-02 -4.950e-02 -1.500e-02  2.100e-03  8.500e-03  8.800e-02
  7.303e-01  4.628e-01 -2.000e-04 -8.800e-02  1.129e-01 -1.748e-01
  2.440e-02  1.690e-02 -5.710e-02  8.600e-03 -2.300e-03  5.000e-04
 -6.910e-02]
TRIAL 8 sec 38.38225436210632 cost 1.3451960884634135 score 2.9817343958268347 vol 527.3118029634521 cell [16.0531  4.4192  7.4784 90.     96.3165 90.    ] zero -0.042530284667071885 best 1.1156917981518526 diff [-0.0683  0.0347 -0.0099 -0.6225  0.4372 -0.0812 -0.0092 -0.267   0.0471
  0.0485  0.1799  0.026  -0.0018  0.0037 -0.0069 -0.0023 -0.0066 -0.1694
  0.3461]
TRIAL 9 sec 42.009154081344604 cost 1.4180435822433706 score 2.7163863829415145 vol 599.6805664647989 cell [  7.4892   5.0746  18.2488  90.     120.1564  90.    ] zero -0.06875162557277809 best 1.1156917981518526 diff [ 0.0304 -0.0145 -0.0127 -0.6587  0.5155 -0.0062  0.0047  0.0047  0.2043
 -0.4603  0.1085  0.0111 -0.0583  0.0009 -0.0322  0.019   0.0842 -0.0054
 -0.2344]
TRIAL 10 sec 44.94370412826538 cost 1.4231790782408233 score 2.8299553029858204 vol 492.1574500010245 cell [15.8398  3.6203  8.588  90.     92.0743 90.    ] zero -0.06963002894822497 best 1.1156917981518526 diff [-0.0066  0.0077 -0.6864  0.6172 -0.0204  0.0209 -0.4068 -0.6592  0.0221
 -0.0007 -0.0067  0.0629  0.152  -0.0231  0.0009 -0.0937  0.141  -0.0983
  0.0011]
TRIAL 11 sec 48.47200870513916 cost 1.3451834098937803 score 2.981247372277709 vol 527.3418927708308 cell [16.0533  4.4193  7.4785 90.     96.3156 90.    ] zero -0.042148549806516916 best 1.1156917981518526 diff [-0.068   0.0348 -0.0097 -0.6225  0.4374 -0.0809 -0.0093 -0.2671  0.0473
  0.0484  0.1799  0.0259 -0.0017  0.0035 -0.0071 -0.0023 -0.0068 -0.1694
  0.3462]
TRIAL 12 sec 57.30755639076233 cost 1.5201071588228607 score 2.4605072565156316 vol 498.0291484100557 cell [12.3285  4.4164  9.1485 90.     91.0847 90.    ] zero -0.0999910435255137 best 1.1156917981518526 diff [ 7.5180e-01  9.8000e-03 -4.7560e-01 -5.7000e-03 -6.1910e-01 -1.1051e+00
 -4.7100e-02  4.0000e-04 -2.6100e-02  4.0000e-03  1.0900e-01  8.8000e-03
  7.9000e-03  1.2200e-02  3.0000e-04 -5.5320e-01 -4.1200e-02 -2.2850e-01
  1.5000e-03]
TRIAL 13 sec 60.09594678878784 cost 1.3451972274918609 score 2.9814500658176692 vol 527.3307005745269 cell [16.0531  4.4193  7.4785 90.     96.3154 90.    ] zero -0.042173816072334204 best 1.1156917981518526 diff [-0.0679  0.0349 -0.0096 -0.6224  0.4376 -0.0808 -0.0092 -0.267   0.0476
  0.0484  0.1799  0.026  -0.0015  0.0037 -0.0071 -0.0021 -0.0068 -0.1693
  0.3466]
TRIAL 14 sec 63.10173940658569 cost 1.0990408291467015 score 3.497781069385492 vol 726.8869742806091 cell [17.9125  5.1086  7.9697 90.     94.6418 90.    ] zero -0.01857363792509269 best 1.0990408291467015 diff [ 3.700e-03 -2.630e-02 -4.000e-04  1.710e-02 -3.280e-02  9.080e-02
  1.984e-01 -6.210e-02 -6.900e-03  5.300e-03  1.730e-02 -5.640e-02
  1.199e-01 -1.444e-01  5.686e-01 -7.800e-03 -6.300e-03 -1.670e-02
  7.900e-03]
TRIAL 15 sec 67.50824332237244 cost 1.345197137948114 score 2.9815300346801537 vol 527.3846967576866 cell [ 16.9483   4.4194   7.4787  90.     109.6997  90.    ] zero -0.04138571317879165 best 1.0990408291467015 diff [-0.0676  0.0352 -0.0091 -0.6222  0.4379 -0.0804 -0.0093 -0.267   0.0477
  0.0487  0.1801  0.0257 -0.0017  0.0036 -0.007  -0.002  -0.0069 -0.1692
  0.3463]
TRIAL 16 sec 70.44403290748596 cost 1.4614984243745321 score 2.849591127739466 vol 575.4999767382205 cell [17.5047  4.6454  7.1651 90.     98.9781 90.    ] zero 0.029958496738294895 best 1.0990408291467015 diff [-8.188e-01  7.263e-01 -2.400e-03 -4.400e-03  1.810e-02 -7.700e-03
  2.765e-01  1.560e-02 -1.982e-01 -1.814e-01 -5.880e-02 -1.419e-01
  1.488e-01  4.260e-02 -1.760e-02 -6.220e-02  1.800e-03  1.390e-02
  6.000e-04]
TRIAL 17 sec 74.99014115333557 cost 1.1549216689951411 score 3.16191707504848 vol 613.8420588033317 cell [ 20.2219   4.2862   8.0197  90.     117.9847  90.    ] zero 0.025834195876022405 best 1.0990408291467015 diff [-2.060e-02 -4.950e-02 -1.500e-02  2.100e-03  8.500e-03  8.800e-02
  7.303e-01  4.628e-01 -2.000e-04 -8.800e-02  1.129e-01 -1.748e-01
  2.440e-02  1.690e-02 -5.710e-02  8.600e-03 -2.300e-03  5.000e-04
 -6.910e-02]
TRIAL 18 sec 80.68254256248474 cost 1.345208659684499 score 2.979934986057634 vol 527.2271905896372 cell [ 16.9464   4.419    7.4781  90.     109.7004  90.    ] zero -0.043684926792506365 best 1.0990408291467015 diff [-0.0686  0.0339 -0.0103 -0.6233  0.4372 -0.0812 -0.0098 -0.2676  0.0476
  0.0483  0.1799  0.0258 -0.0013  0.0034 -0.007  -0.002  -0.0065 -0.1687
  0.3474]
TRIAL 19 sec 83.60332727432251 cost 1.4231490248012033 score 2.8308105128589256 vol 492.00865783517025 cell [15.838   3.6201  8.587  90.     92.0765 90.    ] zero -0.07169241028359956 best 1.0990408291467015 diff [-7.300e-03  7.200e-03 -6.870e-01  6.167e-01 -2.100e-02  2.100e-02
 -4.069e-01 -6.593e-01  2.200e-02 -1.000e-04 -6.300e-03  6.350e-02
  1.526e-01 -2.200e-02  1.400e-03 -9.390e-02  1.410e-01 -9.690e-02
  1.300e-03]
TRIAL 20 sec 87.11438989639282 cost 1.115686267968145 score 3.0921783947383075 vol 617.26183619388 cell [17.9412  4.295   8.0375 90.     94.7002 90.    ] zero 0.06146074823827544 best 1.0990408291467015 diff [-0.0093 -0.038  -0.005   0.0122  0.0246  0.0951  0.7361  0.4691  0.0031
 -0.0786  0.1058 -0.1817  0.0104  0.0032 -0.0715 -0.0058 -0.0049 -0.0068
  0.0591]
TRIAL 21 sec 91.82248497009277 cost 1.2715040438565446 score 2.1855837753141607 vol 530.2481585962965 cell [  7.9789   3.7239  18.9996  90.     110.0694  90.    ] zero -0.008099197944966973 best 1.0990408291467015 diff [ 0.0017 -0.029   0.0022  0.0169 -0.0157  0.0987  0.7419  0.4738  0.0059
 -0.109  -0.7303  0.5132  0.105  -0.0103  0.0546 -0.0135  0.0039  0.0037
 -0.0033]
TRIAL 22 sec 96.57014203071594 cost 1.154921669633138 score 3.1619170739972744 vol 613.8420588079924 cell [17.9178  4.2862  8.0197 90.     94.703  90.    ] zero 0.025834195937028626 best 1.0990408291467015 diff [-2.060e-02 -4.950e-02 -1.500e-02  2.100e-03  8.500e-03  8.800e-02
  7.303e-01  4.628e-01 -2.000e-04 -8.800e-02  1.129e-01 -1.748e-01
  2.440e-02  1.690e-02 -5.710e-02  8.600e-03 -2.300e-03  5.000e-04
 -6.910e-02]
TRIAL 23 sec 106.29044103622437 cost 1.1156888471130975 score 3.092361417652187 vol 617.2516575806679 cell [ 20.2514   4.2949   8.0374  90.     118.0004  90.    ] zero 0.0613550697298279 best 1.0990408291467015 diff [-0.0094 -0.038  -0.0051  0.0122  0.0245  0.095   0.7361  0.469   0.0031
 -0.0786  0.1059 -0.1817  0.0104  0.0033 -0.0714 -0.0057 -0.0049 -0.0068
  0.0592]
TRIAL 24 sec 112.71580123901367 cost 1.3452047099155107 score 2.979606651925038 vol 527.2725110766648 cell [ 18.4394   4.4193   7.478   90.     120.087   90.    ] zero -0.04345882019113663 best 1.0990408291467015 diff [-0.0687  0.0342 -0.0102 -0.6229  0.437  -0.0814 -0.0095 -0.2673  0.0471
  0.0474  0.1789  0.0259 -0.0018  0.0037 -0.0077 -0.0021 -0.0072 -0.1698
  0.3465]
TRIAL 25 sec 115.74598836898804 cost 1.1549216692761786 score 3.161917074540034 vol 613.8420588230824 cell [17.9178  4.2862  8.0197 90.     94.703  90.    ] zero 0.025834196102401483 best 1.0990408291467015 diff [-2.060e-02 -4.950e-02 -1.500e-02  2.100e-03  8.500e-03  8.800e-02
  7.303e-01  4.628e-01 -2.000e-04 -8.800e-02  1.129e-01 -1.748e-01
  2.440e-02  1.690e-02 -5.710e-02  8.600e-03 -2.300e-03  5.000e-04
 -6.910e-02]
TRIAL 26 sec 121.82589817047119 cost 1.4572104945560578 score 2.796431463329697 vol 507.06101221784843 cell [ 13.5      5.1469   7.9649  90.     113.6192  90.    ] zero -0.03675533731161467 best 1.0990408291467015 diff [ 1.931e-01  2.653e-01 -4.414e-01  7.200e-03 -3.334e-01 -8.266e-01
  4.900e-02 -2.096e-01 -6.870e-01  7.800e-03  3.000e-03 -3.900e-03
 -2.680e-02 -6.760e-02  2.500e-03  4.000e-04 -1.700e-03  2.870e-02
  6.900e-03]
TRIAL 27 sec 131.514173746109 cost 1.3451947252923664 score 2.9810661498476048 vol 527.3858390290411 cell [ 20.7029   4.4195   7.4787  90.     129.5813  90.    ] zero -0.041683941499097425 best 1.0990408291467015 diff [-0.0678  0.0349 -0.0096 -0.6223  0.4374 -0.0809 -0.0092 -0.267   0.0473
  0.0482  0.1796  0.0259 -0.0017  0.0033 -0.0074 -0.0026 -0.0071 -0.1698
  0.3459]
TRIAL 28 sec 134.9348828792572 cost 1.3451947490251175 score 2.9800710559448302 vol 527.3419694189157 cell [ 18.4402   4.4193   7.4786  90.     120.0866  90.    ] zero -0.04228772084445797 best 1.0990408291467015 diff [-0.0681  0.0345 -0.0098 -0.6228  0.4374 -0.081  -0.0097 -0.2674  0.0474
  0.0484  0.1798  0.0255 -0.0017  0.003  -0.0073 -0.0026 -0.007  -0.1693
  0.3464]
TRIAL 29 sec 137.73314213752747 cost 1.2966281005174771 score 3.123473455079628 vol 538.4826117207302 cell [11.9574  5.7215  7.9444 90.     97.8044 90.    ] zero -0.07194368960377105 best 1.0990408291467015 diff [ 0.0541 -0.6446  0.0178 -0.0182 -0.0156  0.0037 -0.004  -0.0017 -0.2282
 -0.041   0.4585  0.0023  0.1989 -0.1714  0.3648  0.0203  0.0069  0.2315
 -0.0083]
TRIAL 30 sec 143.62671828269958 cost 1.1549216691537172 score 3.1619170747728456 vol 613.8420588130891 cell [ 8.0197  4.2862 17.9178 90.     94.703  90.    ] zero 0.025834195979988865 best 1.0990408291467015 diff [-2.060e-02 -4.950e-02 -1.500e-02  2.100e-03  8.500e-03  8.800e-02
  7.303e-01  4.628e-01 -2.000e-04 -8.800e-02  1.129e-01 -1.748e-01
  2.440e-02  1.690e-02 -5.710e-02  8.600e-03 -2.300e-03  5.000e-04
 -6.910e-02]
TRIAL 31 sec 148.4900016784668 cost 1.1549216692560926 score 3.1619170745509084 vol 613.8420588193441 cell [ 20.2219   4.2862   8.0197  90.     117.9847  90.    ] zero 0.02583419605817436 best 1.0990408291467015 diff [-2.060e-02 -4.950e-02 -1.500e-02  2.100e-03  8.500e-03  8.800e-02
  7.303e-01  4.628e-01 -2.000e-04 -8.800e-02  1.129e-01 -1.748e-01
  2.440e-02  1.690e-02 -5.710e-02  8.600e-03 -2.300e-03  5.000e-04
 -6.910e-02]
TRIAL 32 sec 151.14398980140686 cost 1.2966285279448948 score 3.1229489787327127 vol 538.4011002971564 cell [11.957   5.7212  7.944  90.     97.8034 90.    ] zero -0.07311438761240967 best 1.0990408291467015 diff [ 0.0535 -0.6452  0.0174 -0.0188 -0.0162  0.0035 -0.0042 -0.0019 -0.2282
 -0.041   0.4585  0.0022  0.1985 -0.1715  0.3649  0.0202  0.0066  0.2318
 -0.0083]
TRIAL 33 sec 153.1234905719757 cost 1.3451907883029632 score 2.980091767085545 vol 527.2814242345878 cell [ 18.4394   4.4192   7.4783  90.     120.0873  90.    ] zero -0.043097569497085056 best 1.0990408291467015 diff [-0.0683  0.0342 -0.0101 -0.6229  0.4372 -0.0812 -0.0095 -0.2673  0.0474
  0.0479  0.1795  0.026  -0.0014  0.0034 -0.0074 -0.0023 -0.0069 -0.1693
  0.3469]
TRIAL 34 sec 154.40576934814453 cost 1.154921668971006 score 3.161917074955254 vol 613.8420588226433 cell [17.9178  4.2862  8.0197 90.     94.703  90.    ] zero 0.025834196080691936 best 1.0990408291467015 diff [-2.060e-02 -4.950e-02 -1.500e-02  2.100e-03  8.500e-03  8.800e-02
  7.303e-01  4.628e-01 -2.000e-04 -8.800e-02  1.129e-01 -1.748e-01
  2.440e-02  1.690e-02 -5.710e-02  8.600e-03 -2.300e-03  5.000e-04
 -6.910e-02]
TRIAL 35 sec 155.88705277442932 cost 1.4549647516647946 score 3.70145016123429 vol 488.29356470113936 cell [11.8464  5.1285  8.1094 90.     97.6509 90.    ] zero 0.09999999990000001 best 1.0990408291467015 diff [-0.0073 -0.6922  0.0514 -0.0182  0.2929 -0.2162  0.2482 -0.0112 -0.347
 -0.0204  0.0075 -0.0326 -0.0255  0.1302  0.0916 -0.0252  0.0499  0.096
 -0.0355]
TRIAL 36 sec 160.10808992385864 cost 1.2966154204250133 score 3.124123834161129 vol 538.5151070765455 cell [ 13.4276   5.7217   7.9446  90.     118.0814  90.    ] zero -0.071696633133084 best 1.0990408291467015 diff [ 0.0541 -0.6446  0.0177 -0.0181 -0.0156  0.0036 -0.0041 -0.0019 -0.2283
 -0.0412  0.4584  0.0021  0.1987 -0.1717  0.3647  0.0201  0.0068  0.2311
 -0.0085]
TRIAL 37 sec 162.84614729881287 cost 1.3451980598302151 score 2.980479852908441 vol 527.3259311357568 cell [16.0531  4.4192  7.4786 90.     96.3136 90.    ] zero -0.04228302909199777 best 1.0990408291467015 diff [-0.0681  0.0344 -0.0098 -0.6229  0.4375 -0.0809 -0.0098 -0.2676  0.0476
  0.049   0.1804  0.0254 -0.0016  0.0029 -0.0068 -0.0024 -0.0067 -0.1688
  0.3467]
TRIAL 38 sec 163.9014768600464 cost 1.154921668874409 score 3.1619170751895145 vol 613.8420588232708 cell [17.9178  4.2862  8.0197 90.     94.703  90.    ] zero 0.025834196089192803 best 1.0990408291467015 diff [-2.060e-02 -4.950e-02 -1.500e-02  2.100e-03  8.500e-03  8.800e-02
  7.303e-01  4.628e-01 -2.000e-04 -8.800e-02  1.129e-01 -1.748e-01
  2.440e-02  1.690e-02 -5.710e-02  8.600e-03 -2.300e-03  5.000e-04
 -6.910e-02]
TRIAL 39 sec 167.60890936851501 cost 1.3785659716609378 score 3.276452859279863 vol 548.6911788779241 cell [ 13.5674   5.7394   8.0512  90.     118.9316  90.    ] zero -0.017636830377951974 best 1.0990408291467015 diff [-0.0586  0.7368  0.0049 -0.1839  0.0039  0.0095 -0.001   0.0476 -0.31
 -0.0671  0.3223 -0.0029 -0.0079 -0.0995  0.0053  0.0019 -0.1893  0.2067
  0.1375]
TRIAL 40 sec 169.49527049064636 cost 1.0990408288851274 score 3.497781069717657 vol 726.8869742795886 cell [ 7.9697  5.1086 17.9125 90.     94.6418 90.    ] zero -0.018573637929021194 best 1.0990408288851274 diff [ 3.700e-03 -2.630e-02 -4.000e-04  1.710e-02 -3.280e-02  9.080e-02
  1.984e-01 -6.210e-02 -6.900e-03  5.300e-03  1.730e-02 -5.640e-02
  1.199e-01 -1.444e-01  5.686e-01 -7.800e-03 -6.300e-03 -1.670e-02
  7.900e-03]
TRIAL 41 sec 170.9168999195099 cost 1.3451841927169497 score 2.980372337035903 vol 527.3096313654586 cell [ 7.4783  4.4193 16.0528 90.     96.3153 90.    ] zero -0.04271880405966765 best 1.0990408288851274 diff [-0.0683  0.0345 -0.0099 -0.6227  0.4373 -0.0811 -0.0095 -0.2672  0.0474
  0.048   0.1795  0.0258 -0.0017  0.0035 -0.0073 -0.0022 -0.007  -0.1695
  0.3465]
TRIAL 42 sec 176.3047833442688 cost 1.4133228261119253 score 2.673634440703829 vol 524.7424324287949 cell [  7.4234   6.8758  12.8828  90.     127.0592  90.    ] zero -0.0938633418238009 best 1.0990408288851274 diff [ 0.7467  0.0055  0.2457  0.1201 -0.039  -0.0014  0.0141  0.0902  0.0013
 -0.3125 -0.0364 -0.0291 -0.7451 -0.0028 -0.0018 -0.101  -0.6025  0.0136
  0.0114]
TRIAL 43 sec 179.23292756080627 cost 1.1549216691087392 score 3.1619170746806056 vol 613.8420588289474 cell [  8.0197   4.2862  23.0474  90.     129.212   90.    ] zero 0.025834196153400095 best 1.0990408288851274 diff [-2.060e-02 -4.950e-02 -1.500e-02  2.100e-03  8.500e-03  8.800e-02
  7.303e-01  4.628e-01 -2.000e-04 -8.800e-02  1.129e-01 -1.748e-01
  2.440e-02  1.690e-02 -5.710e-02  8.600e-03 -2.300e-03  5.000e-04
 -6.910e-02]
TRIAL 44 sec 181.0687882900238 cost 1.154921669667611 score 3.1619170740655855 vol 613.8420587998058 cell [ 8.0197  4.2862 17.9178 90.     94.703  90.    ] zero 0.025834195847858014 best 1.0990408288851274 diff [-2.060e-02 -4.950e-02 -1.500e-02  2.100e-03  8.500e-03  8.800e-02
  7.303e-01  4.628e-01 -2.000e-04 -8.800e-02  1.129e-01 -1.748e-01
  2.440e-02  1.690e-02 -5.710e-02  8.600e-03 -2.300e-03  5.000e-04
 -6.910e-02]
TRIAL 45 sec 183.1318714618683 cost 1.3451866613927395 score 2.9804665462443345 vol 527.28996663292 cell [16.0528  4.4191  7.4783 90.     96.3147 90.    ] zero -0.042901919346966924 best 1.0990408288851274 diff [-0.0685  0.0343 -0.01   -0.6229  0.4372 -0.0811 -0.0097 -0.2675  0.0473
  0.0485  0.18    0.0256 -0.0018  0.0034 -0.007  -0.0022 -0.0067 -0.1691
  0.3465]
TRIAL 46 sec 184.88284635543823 cost 1.1549216690808495 score 3.1619170748248986 vol 613.8420588200844 cell [ 8.0197  4.2862 17.9178 90.     94.703  90.    ] zero 0.025834196057772096 best 1.0990408288851274 diff [-2.060e-02 -4.950e-02 -1.500e-02  2.100e-03  8.500e-03  8.800e-02
  7.303e-01  4.628e-01 -2.000e-04 -8.800e-02  1.129e-01 -1.748e-01
  2.440e-02  1.690e-02 -5.710e-02  8.600e-03 -2.300e-03  5.000e-04
 -6.910e-02]
TRIAL 47 sec 187.12496662139893 cost 1.1549216689588857 score 3.1619170747585437 vol 613.8420588405207 cell [  8.0197   4.2862  20.2219  90.     117.9847  90.    ] zero 0.025834196293585732 best 1.0990408288851274 diff [-2.060e-02 -4.950e-02 -1.500e-02  2.100e-03  8.500e-03  8.800e-02
  7.303e-01  4.628e-01 -2.000e-04 -8.800e-02  1.129e-01 -1.748e-01
  2.440e-02  1.690e-02 -5.710e-02  8.600e-03 -2.300e-03  5.000e-04
 -6.910e-02]
TRIAL 48 sec 194.53712129592896 cost 1.5239136841150014 score 3.3645754772723167 vol 682.254661164984 cell [ 15.9698   7.2823   7.5846  90.     129.3335  90.    ] zero -0.08795701774173255 best 1.0990408288851274 diff [ 0.7352 -0.0051 -0.0199 -0.0241  0.1154 -0.394  -0.1814  0.056   0.0073
  0.3812 -0.0033 -0.0252  0.1503 -0.0302  0.0035  0.0243  0.006  -0.0841
 -0.0038]
TRIAL 49 sec 197.2305588722229 cost 1.3452020070652813 score 2.979796269037842 vol 527.3412092121249 cell [ 7.4785  4.4194 16.0529 90.     96.3141 90.    ] zero -0.04228077639658051 best 1.0990408288851274 diff [-0.0679  0.0346 -0.0096 -0.6227  0.4376 -0.0807 -0.0095 -0.2673  0.0477
  0.0479  0.1794  0.0257 -0.0014  0.0033 -0.0076 -0.0021 -0.0073 -0.1695
  0.3469]
TRIAL 50 sec 200.63256096839905 cost 1.3855972304733855 score 2.8004930449258083 vol 510.30519300745965 cell [  7.4793   4.4204  16.4097  90.     109.8455  90.    ] zero -0.09436921753404978 best 1.0990408288851274 diff [ 2.602e-01 -7.000e-04 -5.160e-02 -5.072e-01  5.319e-01  8.800e-03
 -2.400e-03  6.810e-02  3.270e-01 -8.500e-03  1.751e-01  5.927e-01
 -1.427e-01 -1.490e-02  3.690e-02  7.900e-03 -2.370e-02  7.300e-03
 -4.000e-04]
TRIAL 51 sec 204.69530987739563 cost 1.2835212864338454 score 3.6356823140345895 vol 569.2323246213859 cell [ 8.0096  5.7421 12.4135 90.     94.4008 90.    ] zero -0.028800885379217756 best 1.0990408288851274 diff [-0.0659 -0.7549  0.1552  0.0062  0.5113 -0.009  -0.1491  0.0115 -0.3248
  0.0185 -0.0076 -0.0097 -0.0111  0.0096  0.0298 -0.2438  0.0612 -0.0098
 -0.0036]
TRIAL 52 sec 206.11186146736145 cost 1.3451850806761565 score 2.9809754308750076 vol 527.3226985311384 cell [ 7.4785  4.4193 16.0531 90.     96.3159 90.    ] zero -0.042499054299154584 best 1.0990408288851274 diff [-0.0683  0.0345 -0.0099 -0.6227  0.4372 -0.0812 -0.0094 -0.2672  0.0471
  0.0484  0.1799  0.0258 -0.0018  0.0034 -0.0071 -0.0025 -0.0068 -0.1694
  0.3461]
TRIAL 53 sec 207.9052140712738 cost 1.345193878376153 score 2.9795646893665797 vol 527.2590558583477 cell [  7.4781   4.4192  16.9465  90.     109.6987  90.    ] zero -0.043580677384584876 best 1.0990408288851274 diff [-0.0687  0.0341 -0.0103 -0.6231  0.437  -0.0814 -0.0096 -0.2674  0.0472
  0.0476  0.1791  0.0258 -0.0017  0.0035 -0.0075 -0.0022 -0.0071 -0.1695
  0.3467]
TRIAL 54 sec 210.91813325881958 cost 1.1549216693210986 score 3.1619170743343465 vol 613.8420588135073 cell [ 19.021    4.2862   8.0197  90.     110.1446  90.    ] zero 0.025834195993079474 best 1.0990408288851274 diff [-2.060e-02 -4.950e-02 -1.500e-02  2.100e-03  8.500e-03  8.800e-02
  7.303e-01  4.628e-01 -2.000e-04 -8.800e-02  1.129e-01 -1.748e-01
  2.440e-02  1.690e-02 -5.710e-02  8.600e-03 -2.300e-03  5.000e-04
 -6.910e-02]
TRIAL 55 sec 213.42722153663635 cost 1.345188170783294 score 2.9805299100061147 vol 527.3090593388478 cell [16.053   4.4192  7.4783 90.     96.3145 90.    ] zero -0.04264863980247544 best 1.0990408288851274 diff [-0.0684  0.0345 -0.0098 -0.6228  0.4374 -0.081  -0.0097 -0.2674  0.0473
  0.0485  0.1799  0.0255 -0.002   0.0035 -0.0071 -0.0021 -0.0068 -0.1692
  0.3463]
TRIAL 56 sec 215.3140516281128 cost 1.413308619438912 score 2.6740339209187307 vol 524.6925818645286 cell [  7.4231   6.8757  12.8824  90.     127.0598  90.    ] zero -0.0946230812241619 best 1.0990408288851274 diff [ 0.7465  0.0052  0.2452  0.1198 -0.0391 -0.0018  0.014   0.09    0.001
 -0.3126 -0.0365 -0.0292 -0.7453 -0.0026 -0.0019 -0.1009 -0.6023  0.0137
  0.0118]
TRIAL 57 sec 218.22938585281372 cost 1.3451926542214 score 2.979927757850473 vol 527.332163985667 cell [ 18.4401   4.4192   7.4785  90.     120.0855  90.    ] zero -0.04240264146360456 best 1.0990408288851274 diff [-0.0683  0.0345 -0.0098 -0.6229  0.4374 -0.0809 -0.0099 -0.2676  0.0474
  0.0485  0.18    0.0253 -0.002   0.0032 -0.0072 -0.0023 -0.007  -0.1692
  0.3463]
TRIAL 58 sec 220.42223262786865 cost 1.3451993648374305 score 2.9812949799905337 vol 527.3048024673145 cell [ 7.4783  4.4193 16.0529 90.     96.3157 90.    ] zero -0.04261840663661756 best 1.0990408288851274 diff [-0.0683  0.0347 -0.0098 -0.6225  0.4374 -0.081  -0.0093 -0.2671  0.0474
  0.0483  0.1797  0.026  -0.0017  0.0038 -0.0071 -0.002  -0.0067 -0.1693
  0.3464]
TRIAL 59 sec 221.82131576538086 cost 1.1156824999764992 score 3.091953133376439 vol 617.1867010486004 cell [ 8.0369  4.2949 17.9408 90.     94.7004 90.    ] zero 0.060441727398189364 best 1.0990408288851274 diff [-0.0095 -0.0382 -0.0052  0.0119  0.0239  0.0949  0.7359  0.4688  0.003
 -0.0791  0.1053 -0.1823  0.011   0.003  -0.0717 -0.006  -0.0051 -0.0068
  0.0588]
