START 0.09047347610455535 2428.8285090038876
Imported powder pattern: 2818 points, 2theta=  3.007 ->  39.994, step= 0.013
EXTENDED 0.4 2818 Rw 0.08294940430689611
WITH_H 0.08179022833695886 4639.956250010471
Imported powder pattern: 2818 points, 2theta=  3.007 ->  39.994, step= 0.013
SCALED_SIGMA 1.2831766508357256 2818.0000000000114
TIGHT_RESTRAINTS
FLEXIBLE_RINGS
AROMATIC_PLANARITY 0
LSQ_PACKING 38 atoms 4887 terms sigma 0.01 cost 103.03523307993098
EXTENDED_BACKGROUND 0.08122402793071667
CYCLE 0 0 Rw 0.08016165987599486 chi2 2706.895875030912 geom 11.65380131647843 LSQ 2867.0162052825717
CYCLE 0 1 Rw 0.08011362761015291 chi2 2703.6529434481895 geom 11.65380131647843 LSQ 2864.0626806262444
CYCLE 0 2 Rw 0.08011072075719744 chi2 2703.4567476397287 geom 11.65380131647843 LSQ 2862.987424875476
PACKING_STAGE 0 88.11216024302674
CYCLE 1 0 Rw 0.07898127264426649 chi2 2627.7642640810823 geom 65.6694337513172 LSQ 2815.643780283952
CYCLE 1 1 Rw 0.07871751668568368 chi2 2610.242864804388 geom 30.86143227117514 LSQ 2748.737963940739
CYCLE 1 2 Rw 0.07853916646688215 chi2 2598.4282135860267 geom 32.85541111672435 LSQ 2742.45865572674
PACKING_STAGE 1 12.228964691634454
CYCLE 2 0 Rw 0.07853227794674862 chi2 2597.9724272334906 geom 32.27268600646709 LSQ 2742.122253293991
CYCLE 2 1 Rw 0.07850090426588496 chi2 2595.897059531906 geom 32.495531527766076 LSQ 2741.1889029891054
CYCLE 2 2 Rw 0.07845857914508074 chi2 2593.098568531967 geom 32.98916178989219 LSQ 2739.943952861826
PACKING_STAGE 2 11.256128286242165
CYCLE 3 0 Rw 0.07841160610309275 chi2 2589.9945290042147 geom 33.521061227536094 LSQ 2738.4898647082023
CYCLE 3 1 Rw 0.07832844393054254 chi2 2584.503623686741 geom 34.96004268201806 LSQ 2738.061031970059
CYCLE 3 2 Rw 0.07825410813926664 chi2 2579.6004250977994 geom 36.6048641737796 LSQ 2736.631981222683
PACKING_STAGE 3 11.716233586428755
FINISHED Xedd9c7b 0.07825410813926664
