START 0.1257148109403879 3583.280875500771
Imported powder pattern: 2239 points, 2theta= 10.609 ->  39.994, step= 0.013
EXTENDED 0.38 2239 Rw 0.12111045185811414
WITH_H 0.12079339543760859 8200.897807288216
Imported powder pattern: 2239 points, 2theta= 10.609 ->  39.994, step= 0.013
SCALED_SIGMA 1.9138313010556858 2238.9999999999973
TIGHT_RESTRAINTS
FLEXIBLE_RINGS
AROMATIC_PLANARITY 0
LSQ_PACKING 38 atoms 4887 terms sigma 0.01 cost 380.6769685434447
EXTENDED_BACKGROUND 0.1136501126497485
CYCLE 0 0 Rw 0.11377051362840662 chi2 1986.2190944280019 geom 0.011464191297787777 LSQ 2309.1166715855006
CYCLE 0 1 Rw 0.11408746394653185 chi2 1997.3012220064013 geom 0.011464191297787777 LSQ 2261.3239156050545
CYCLE 0 2 Rw 0.1141333533310131 chi2 1998.9082935233548 geom 0.011464191297787777 LSQ 2260.5383877053323
PACKING_STAGE 0 241.3892848260779
CYCLE 1 0 Rw 0.1125861306477794 chi2 1945.0801522722709 geom 8.795329424765136 LSQ 2052.910734855524
CYCLE 1 1 Rw 0.11055310522484803 chi2 1875.4677748487536 geom 23.11264406992265 LSQ 1998.358065928902
CYCLE 1 2 Rw 0.11013635355656669 chi2 1861.3545372911772 geom 3.8064974523566626 LSQ 1931.5680687880658
PACKING_STAGE 1 10.438069950883692
CYCLE 2 0 Rw 0.1098873541868194 chi2 1852.9476458008683 geom 3.0751204676703288 LSQ 1913.1500478604733
CYCLE 2 1 Rw 0.10983281338874035 chi2 1851.1087415138875 geom 2.7115713446422283 LSQ 1903.473939822598
CYCLE 2 2 Rw 0.10984716394366299 chi2 1851.592498093971 geom 2.550686564583352 LSQ 1900.6442454933065
PACKING_STAGE 2 5.337664883139231
CYCLE 3 0 Rw 0.10886958518978902 chi2 1818.782854584142 geom 2.5608469426155462 LSQ 1867.2975608666616
CYCLE 3 1 Rw 0.10872523248885635 chi2 1813.9629196324172 geom 2.569189063845718 LSQ 1861.5936555617573
CYCLE 3 2 Rw 0.1086768093134661 chi2 1812.3475028181292 geom 2.651838472078762 LSQ 1860.6903164570804
PACKING_STAGE 3 4.976583968816502
FINISHED Xedd9c7b 0.1086768093134661
