Imported powder pattern: 5293 points, 2theta=  3.000 ->  45.336, step= 0.008
STARTFIT X14a2b08 7 Rw 0.13184263260260423
Lookup of '' symbol failed, trying as Hall symbol.
Could not interpret Spacegroup Symbol:
ERRORSG A 1 Space group symbol '' not recognized
Lookup of '' symbol failed, trying as Hall symbol.
Could not interpret Spacegroup Symbol:
ERRORSG B 1 Space group symbol '' not recognized
Lookup of '' symbol failed, trying as Hall symbol.
Could not interpret Spacegroup Symbol:
ERRORSG C 1 Space group symbol '' not recognized
Lookup of '' symbol failed, trying as Hall symbol.
Could not interpret Spacegroup Symbol:
ERRORSG F 1 Space group symbol '' not recognized
Lookup of '' symbol failed, trying as Hall symbol.
Could not interpret Spacegroup Symbol:
ERRORSG I 1 Space group symbol '' not recognized
Lookup of '' symbol failed, trying as Hall symbol.
Could not interpret Spacegroup Symbol:
ERRORSG A -1 Space group symbol '' not recognized
Lookup of '' symbol failed, trying as Hall symbol.
Could not interpret Spacegroup Symbol:
ERRORSG B -1 Space group symbol '' not recognized
Lookup of '' symbol failed, trying as Hall symbol.
Could not interpret Spacegroup Symbol:
ERRORSG C -1 Space group symbol '' not recognized
Lookup of '' symbol failed, trying as Hall symbol.
Could not interpret Spacegroup Symbol:
ERRORSG F -1 Space group symbol '' not recognized
Lookup of '' symbol failed, trying as Hall symbol.
Could not interpret Spacegroup Symbol:
ERRORSG I -1 Space group symbol '' not recognized
GROUPS [{"sg": "P 1", "number": 1, "Rw": 14.753868708082384, "GoF": 1987.4248946743442, "nGoF": 890.3959581444757, "mult": 1}, {"sg": "P -1", "number": 2, "Rw": 14.753868708082384, "GoF": 1987.4248946743442, "nGoF": 890.3959581444755, "mult": 2}]
DONE X14a2b08 7 0.1266462829899265 [7.25053255384599, 12.099633375612328, 21.50485025866586, 84.16866694637895, 81.88023941093255, 80.82558781248898]
