START 0.13535133631487883 4432.245831410886
Imported powder pattern: 9144 points, 2theta=  3.008 ->  76.152, step= 0.008
EXTENDED 0.4 9144 Rw 0.1274536648689542
WITH_H 0.12669858549884153 8159038.263692132
Imported powder pattern: 9138 points, 2theta=  3.008 ->  76.104, step= 0.008
SCALED_SIGMA 29.880916097495707 9137.908685877763
TIGHT_RESTRAINTS
FLEXIBLE_RINGS
AROMATIC_PLANARITY 0
LSQ_PACKING 37 atoms 1887 terms sigma 0.01 cost 168.104606195879
EXTENDED_BACKGROUND 0.12377999733200253
CYCLE 0 0 Rw 0.12233918636196196 chi2 8519.984344075243 geom 117.33107932123134 LSQ 8984.605637233246
CYCLE 0 1 Rw 0.12225340607843073 chi2 8508.040657487085 geom 117.33107932123134 LSQ 8966.80588209382
CYCLE 0 2 Rw 0.12224878072111492 chi2 8507.39688018999 geom 117.33107932123134 LSQ 8962.198211033494
PACKING_STAGE 0 120.2628757551043
CYCLE 1 0 Rw 0.11873213272308633 chi2 8024.983697859041 geom 190.2798154734297 LSQ 8616.424338560179
CYCLE 1 1 Rw 0.11735264607458365 chi2 7839.5907926755335 geom 219.8977083307618 LSQ 8489.710937316844
CYCLE 1 2 Rw 0.11588857947949624 chi2 7645.200860840019 geom 354.60997870048254 LSQ 8486.460957581643
PACKING_STAGE 1 49.60300189374952
CYCLE 2 0 Rw 0.11537443336533722 chi2 7577.514625729951 geom 301.13636187924845 LSQ 8365.07486377361
CYCLE 2 1 Rw 0.11425510935420921 chi2 7431.198833830987 geom 339.65227964554185 LSQ 8276.581025334495
CYCLE 2 2 Rw 0.11392848982981117 chi2 7388.7726285262 geom 355.054038142117 LSQ 8253.62485282066
PACKING_STAGE 2 35.752593382084164
CYCLE 3 0 Rw 0.11281811218041307 chi2 7245.4485626357055 geom 367.4829979852671 LSQ 8128.750029984104
CYCLE 3 1 Rw 0.11265518277484227 chi2 7224.536243130689 geom 381.47585465272147 LSQ 8113.7693952834925
CYCLE 3 2 Rw 0.11140596302306859 chi2 7065.2005712638875 geom 380.0665582604082 LSQ 7946.903633395555
PACKING_STAGE 3 31.460608827943798
FINISHED X14a2b08 0.11140596302306859
