START 0.18573125698668744 21639.412686716216
ObjRegistry<T>::Find(H): Not found !!
List of Crystal ScatteringPowers :5 object registered:
#  0:ScatteringPowerAtom(ion_C)
#  1:ScatteringPowerAtom(C)
#  2:ScatteringPowerAtom(O)
#  3:ScatteringPowerAtom(N)
#  4:ScatteringPowerAtom(Cl)
WITH_H 0.20646611549551436 26741.13114994314
Imported powder pattern: 5288 points, 2theta=  3.000 ->  45.296, step= 0.008
SCALED_SIGMA 2.248765468594413 5275.81420674434
FLEXIBLE_RINGS
AROMATIC_PLANARITY 0
CYCLE 0 0 Rw 0.19685004474893542 chi2 4806.898017757381 geom 312.9793556813217 LSQ 5398.84715206576
CYCLE 0 1 Rw 0.19595853516431497 chi2 4763.456913679698 geom 312.9793556813217 LSQ 5317.960867994314
CYCLE 0 2 Rw 0.19583852731117665 chi2 4757.624279819908 geom 312.9793556813217 LSQ 5311.7005211168635
CYCLE 1 0 Rw 0.18598238934940814 chi2 4290.792554531661 geom 621.3371403585852 LSQ 5084.103258057003
CYCLE 1 1 Rw 0.17972875721395842 chi2 4007.0892458748344 geom 65.93500812094295 LSQ 4260.297380650168
CYCLE 1 2 Rw 0.1782134416639658 chi2 3939.8055476589025 geom 52.04437612324451 LSQ 4169.073232378709
CYCLE 2 0 Rw 0.17534354884625397 chi2 3813.9364906612423 geom 50.12650843832659 LSQ 4051.7175561015074
CYCLE 2 1 Rw 0.17212051089474617 chi2 3675.0150809733495 geom 53.15914317592699 LSQ 3935.459436061522
CYCLE 2 2 Rw 0.1706892846675718 chi2 3614.151796987165 geom 55.59294049886466 LSQ 3874.0273296672885
CYCLE 3 0 Rw 0.1658502939585368 chi2 3412.1362436126874 geom 51.83476759534347 LSQ 3659.025763896897
CYCLE 3 1 Rw 0.16505870925661736 chi2 3379.6424925861234 geom 55.01731019423249 LSQ 3632.3113286597554
CYCLE 3 2 Rw 0.16453563666998092 chi2 3358.2561959920063 geom 56.23880088494086 LSQ 3611.946618860198
FINISHED X14a2b08 0.16453563666998092
