START 0.16513389455456695 15523.158211698435
Imported powder pattern: 9144 points, 2theta=  3.008 ->  76.152, step= 0.008
EXTENDED 0.4 9144 Rw 0.16198901727775444
WITH_H 0.16177319702813706 13302081.248193964
Imported powder pattern: 9139 points, 2theta=  3.008 ->  76.112, step= 0.008
SCALED_SIGMA 38.15139824301803 9139.002810754353
TIGHT_RESTRAINTS
FLEXIBLE_RINGS
AROMATIC_PLANARITY 0
LSQ_PACKING 37 atoms 1887 terms sigma 0.01 cost 678.6740479935272
EXTENDED_BACKGROUND 0.15742388055301498
CYCLE 0 0 Rw 0.13405334607294742 chi2 6275.391979364776 geom 261.0159655316003 LSQ 7132.346746129925
CYCLE 0 1 Rw 0.11790964554466281 chi2 4854.943815931123 geom 261.0159655316003 LSQ 5653.620593254373
CYCLE 0 2 Rw 0.11434255590980197 chi2 4565.636509034337 geom 261.0159655316003 LSQ 5296.845374474144
PACKING_STAGE 0 111.5847747484967
CYCLE 1 0 Rw 0.11306042744182437 chi2 4463.821162911985 geom 222.68168391297885 LSQ 5041.112408021512
CYCLE 1 1 Rw 0.11243728182403427 chi2 4414.751031570249 geom 204.5817893665514 LSQ 4964.040392126923
CYCLE 1 2 Rw 0.11167300663563988 chi2 4354.93782352892 geom 213.78577531601724 LSQ 4924.200059058755
PACKING_STAGE 1 20.164844629929377
CYCLE 2 0 Rw 0.1119287026733704 chi2 4374.90352890548 geom 188.83658696713195 LSQ 4897.498201367717
CYCLE 2 1 Rw 0.11197921157771845 chi2 4378.8528544380715 geom 187.5287902475569 LSQ 4895.570233541158
CYCLE 2 2 Rw 0.11164799173291788 chi2 4352.987018260396 geom 186.11937465980697 LSQ 4866.558033381132
PACKING_STAGE 2 17.03823949212274
CYCLE 3 0 Rw 0.11145487501807519 chi2 4337.941382061066 geom 186.73121516374883 LSQ 4855.208933152528
CYCLE 3 1 Rw 0.11136611025895936 chi2 4331.034497302064 geom 181.82871875257302 LSQ 4835.537722843616
CYCLE 3 2 Rw 0.11152012202582089 chi2 4343.021833530274 geom 180.37983598684136 LSQ 4845.26583967044
PACKING_STAGE 3 15.207116267465555
FINISHED X14a2b08 0.11152012202582089
