START 0.15480986583990874 13642.843753214462
Imported powder pattern: 9144 points, 2theta=  3.008 ->  76.152, step= 0.008
EXTENDED 0.4 9144 Rw 0.15070649761255364
WITH_H 0.15001285493282915 11438350.813177321
Imported powder pattern: 9139 points, 2theta=  3.008 ->  76.112, step= 0.008
SCALED_SIGMA 35.37792585701962 9138.960501272188
TIGHT_RESTRAINTS
FLEXIBLE_RINGS
AROMATIC_PLANARITY 0
LSQ_PACKING 37 atoms 1887 terms sigma 0.01 cost 122.1148540346492
EXTENDED_BACKGROUND 0.14308954522790385
CYCLE 0 0 Rw 0.12822224043834685 chi2 6676.801222383992 geom 261.0159655316003 LSQ 7349.054628674263
CYCLE 0 1 Rw 0.12204375502410136 chi2 6048.850455800021 geom 261.0159655316003 LSQ 6758.907328781059
CYCLE 0 2 Rw 0.12055547356917493 chi2 5902.22269226766 geom 261.0159655316003 LSQ 6594.195401470191
PACKING_STAGE 0 103.34523110814155
CYCLE 1 0 Rw 0.1160456188534603 chi2 5468.890432547632 geom 538.1155969055793 LSQ 6470.445488885227
CYCLE 1 1 Rw 0.11464591068060784 chi2 5337.757772306694 geom 270.71547500610757 LSQ 6033.373249324672
CYCLE 1 2 Rw 0.1143106569733208 chi2 5306.585502998215 geom 231.65782247036122 LSQ 5947.820681455988
PACKING_STAGE 1 22.85637704697644
CYCLE 2 0 Rw 0.11429119585226424 chi2 5304.778789351631 geom 238.0138451477806 LSQ 5946.133334043407
CYCLE 2 1 Rw 0.11422650096894217 chi2 5298.774916353136 geom 233.7416842212958 LSQ 5930.127656367212
CYCLE 2 2 Rw 0.11402789570484861 chi2 5280.365007773522 geom 238.48591951650994 LSQ 5915.859723786358
PACKING_STAGE 2 16.513578896694085
CYCLE 3 0 Rw 0.11322670613731693 chi2 5206.291125721631 geom 249.09334274344317 LSQ 5865.086629152525
CYCLE 3 1 Rw 0.11235546668862009 chi2 5126.608351945293 geom 243.0315246476117 LSQ 5778.195385544855
CYCLE 3 2 Rw 0.11193971482836189 chi2 5088.738302716861 geom 235.94489008802114 LSQ 5712.54631280489
PACKING_STAGE 3 13.468120979175973
FINISHED X14a2b08 0.11193971482836189
