START 0.16483114128080617 15466.290676207145
Imported powder pattern: 9144 points, 2theta=  3.008 ->  76.152, step= 0.008
EXTENDED 0.4 9144 Rw 0.1624542329140683
WITH_H 0.1620557625889364 13348590.716306701
Imported powder pattern: 9139 points, 2theta=  3.008 ->  76.112, step= 0.008
SCALED_SIGMA 38.21803642188737 9138.999702665424
TIGHT_RESTRAINTS
FLEXIBLE_RINGS
AROMATIC_PLANARITY 0
LSQ_PACKING 37 atoms 1887 terms sigma 0.01 cost 24.44926309609174
EXTENDED_BACKGROUND 0.15380213160668457
CYCLE 0 0 Rw 0.14107138359636343 chi2 6925.443193423003 geom 261.0159655316003 LSQ 7551.159514176123
CYCLE 0 1 Rw 0.13387825207539092 chi2 6237.2016730271025 geom 261.0159655316003 LSQ 6869.2531943176
CYCLE 0 2 Rw 0.1294271600943463 chi2 5829.355797592187 geom 261.0159655316003 LSQ 6507.924725191266
PACKING_STAGE 0 78.92562991056631
CYCLE 1 0 Rw 0.12036969921655036 chi2 5042.014266966223 geom 421.98900654225366 LSQ 6276.831015226828
CYCLE 1 1 Rw 0.11921736089408638 chi2 4945.938671855981 geom 284.60278099579045 LSQ 5615.46169071162
CYCLE 1 2 Rw 0.11873320944725987 chi2 4905.848519774251 geom 225.08516471837268 LSQ 5474.630805738399
PACKING_STAGE 1 22.460457528451165
CYCLE 2 0 Rw 0.1181916795114354 chi2 4861.200430812474 geom 225.21118079842307 LSQ 5430.9523035218235
CYCLE 2 1 Rw 0.11781334625169355 chi2 4830.128696592347 geom 223.1440118826299 LSQ 5396.178445213727
CYCLE 2 2 Rw 0.11752019925008764 chi2 4806.121634598426 geom 220.17622697476523 LSQ 5366.313764300314
PACKING_STAGE 2 19.178985566730518
CYCLE 3 0 Rw 0.11609572865290242 chi2 4690.3170752087635 geom 282.42339050954115 LSQ 5341.29880533215
CYCLE 3 1 Rw 0.1156468223883636 chi2 4654.115191487683 geom 206.46077455607323 LSQ 5204.328681280245
CYCLE 3 2 Rw 0.11500281715939131 chi2 4602.424553377057 geom 203.1052187087111 LSQ 5140.946196200214
PACKING_STAGE 3 16.883915083398964
FINISHED X14a2b08 0.11500281715939131
