N.B. Configuration file /root/.GSASII/config.ini does not exist
======================================================================
Module pyspg in '/opt/g2/GSAS-II/GSASII-bin/linux_64_p3.13_n2.2' could not be loaded
error msg: /lib/x86_64-linux-gnu/libm.so.6: version `GLIBC_2.38' not found (required by /opt/g2/GSAS-II/GSASII-bin/linux_64_p3.13_n2.2/pyspg.cpython-313-x86_64-linux-gnu.so)
======================================================================
*** ERROR: Unable to find GSAS-II binaries. Much of GSAS-II cannot function
binary load error: pyspg not found
pypowder is not available - profile calcs. not allowed
pydiffax is not available for this platform
pypowder is not available - profile calcs. not allowed
lattice parameter range =     2.500   60.055
Zero = 0.0000 Nc/No max = 4  Max Nc = 80
cell search for  Orthorhombic-F
      M20  X20  Nc       a          b          c        alpha       beta      gamma     volume      V-test
     7.727  13   8   10.83653   13.97400   18.62517     90.000     90.000     90.000    2820.41    2934.77 Orthorhombic-F
     3.305  12   9   11.96030   13.97979   18.63921     90.000     90.000     90.000    3116.52    3551.07 Orthorhombic-F
     2.335   9  24    5.57070   29.51803   48.03209     90.000     90.000     90.000    7898.21    6920.04 Orthorhombic-F
     7.693  15   7    7.00089   13.96731   24.02110     90.000     90.000     90.000    2348.87   11144.79 Orthorhombic-F
     3.591   2  48    6.30308   46.86808   55.91310     90.000     90.000     90.000   16517.47   12259.27 Orthorhombic-F
     2.959  14   7    5.74842   13.96648   24.02810     90.000     90.000     90.000    1929.10   13485.19 Orthorhombic-F
     2.723   1  41    9.67262   21.70711   72.21395     90.000     90.000     90.000   15162.37   14833.71 Orthorhombic-F
     4.118   1  51   18.62673   40.43678   29.81518     90.000     90.000     90.000   22456.95   16317.09 Orthorhombic-F
     3.202   1  56    5.29333   47.97192   74.42777     90.000     90.000     90.000   18899.54   17948.79 Orthorhombic-F
     7.081   0  49   15.77281   23.91547   55.90316     90.000     90.000     90.000   21087.47   19743.67 Orthorhombic-F
     4.849   1  60   17.29725   24.01098   62.37304     90.000     90.000     90.000   25905.02   21718.04 Orthorhombic-F
     7.332   0  55   18.57457   23.97140   51.67271     90.000     90.000     90.000   23007.71   23889.85 Orthorhombic-F
     6.656   0  55   18.60524   23.97180   51.56411     90.000     90.000     90.000   22997.65   23889.85 Orthorhombic-F
     9.280   0  75   13.59097   60.84370   39.09351     90.000     90.000     90.000   32327.39   26278.83 Orthorhombic-F
     4.263   1  71   11.02358   44.57166   56.95905     90.000     90.000     90.000   27986.21   28906.71 Orthorhombic-F
     3.938   1  71   27.29642   30.75783   38.39573     90.000     90.000     90.000   32236.24   31797.38 Orthorhombic-F
Restart search, new Max Nc = 100
     3.305  12   9   11.96030   13.97979   18.63921     90.000     90.000     90.000    3116.52    2820.41 Orthorhombic-F
     7.727  13   8   10.83653   13.97400   18.62517     90.000     90.000     90.000    2820.41    3102.45 Orthorhombic-F
     2.335   9  24    5.57070   29.51803   48.03209     90.000     90.000     90.000    7898.21    8851.64 Orthorhombic-F
     3.591   2  48    6.30308   46.86808   55.91310     90.000     90.000     90.000   16517.47   12959.69 Orthorhombic-F
     2.528   2  39    5.88749   24.03517   87.96170     90.000     90.000     90.000   12447.18   14255.66 Orthorhombic-F
     4.015   1  58   21.91202   36.06828   32.15104     90.000     90.000     90.000   25409.89   15681.22 Orthorhombic-F
     8.196   0  46   11.37113   24.06155   66.32005     90.000     90.000     90.000   18145.62   17249.34 Orthorhombic-F
     3.491   1  49   12.68807   21.83552   72.13382     90.000     90.000     90.000   19984.72   18974.28 Orthorhombic-F
     6.375   0  62   22.02328   22.48262   55.96370     90.000     90.000     90.000   27709.93   22958.88 Orthorhombic-F
     4.195   1  73    6.07745   59.24332   71.98331     90.000     90.000     90.000   25917.46   25254.76 Orthorhombic-F
     4.352   1  73    6.08189   59.28030   71.96836     90.000     90.000     90.000   25947.19   25254.76 Orthorhombic-F
     6.255   1  81   31.21260   37.27788   31.47045     90.000     90.000     90.000   36617.11   27780.24 Orthorhombic-F
finished cell search for Orthorhombic-F, elapsed time = 0: 0:9.51
cell search for  Orthorhombic-I
      M20  X20  Nc       a          b          c        alpha       beta      gamma     volume      V-test
    38.709  14   9    7.92204   11.97795   14.82366     90.000     90.000     90.000    1406.61    1369.09 Orthorhombic-I
    13.467  14   9    7.94046   12.02263   14.74031     90.000     90.000     90.000    1407.19    1506.00 Orthorhombic-I
    13.467  14   9    7.94046   14.74031   12.02263     90.000     90.000     90.000    1407.19    2934.77 Orthorhombic-I
    13.467  14   9    7.94046   12.02263   14.74031     90.000     90.000     90.000    1407.19    3228.25 Orthorhombic-I
    13.467  14   9    7.94046   14.74031   12.02263     90.000     90.000     90.000    1407.19    3551.07 Orthorhombic-I
     2.669   2  50    6.11691   28.53186   48.06674     90.000     90.000     90.000    8388.94    4726.48 Orthorhombic-I
     2.183   2  53    5.20252   45.40755   37.39689     90.000     90.000     90.000    8834.40    5199.13 Orthorhombic-I
     2.973   1  58    6.17682   41.75076   37.65180     90.000     90.000     90.000    9709.91    6290.94 Orthorhombic-I
     3.233   2  48    6.00286   23.95802   55.86452     90.000     90.000     90.000    8034.25    7612.04 Orthorhombic-I
     6.657   0  50   20.01818   23.98555   21.98771     90.000     90.000     90.000   10557.33    8373.25 Orthorhombic-I
    13.467  14   9    7.94046   12.02263   14.74031     90.000     90.000     90.000    1407.19    8373.25 Orthorhombic-I
     7.765   1  61    7.13398   41.57436   37.73379     90.000     90.000     90.000   11191.49    9210.57 Orthorhombic-I
    13.467  14   9    7.94046   14.74031   12.02263     90.000     90.000     90.000    1407.19   10131.63 Orthorhombic-I
     6.657   0  50   20.01818   21.98771   23.98555     90.000     90.000     90.000   10557.33   11144.79 Orthorhombic-I
    13.467  14   9    7.94046   14.74031   12.02263     90.000     90.000     90.000    1407.19   11144.79 Orthorhombic-I
     2.561   2  60   18.65692   23.98615   29.20173     90.000     90.000     90.000   13068.00   12259.27 Orthorhombic-I
     9.378   0  69    9.51116   23.96798   59.30805     90.000     90.000     90.000   13520.06   13485.19 Orthorhombic-I
    11.408   0  93    6.25118   46.95013   55.91145     90.000     90.000     90.000   16409.67   14833.71 Orthorhombic-I
    12.466   0  76   18.04321   24.03650   37.32604     90.000     90.000     90.000   16188.14   16317.09 Orthorhombic-I
     8.041   0  79   14.62168   31.87924   36.38556     90.000     90.000     90.000   16960.33   17948.79 Orthorhombic-I
     7.558   0  90   18.65607   19.61028   52.21773     90.000     90.000     90.000   19103.89   19743.67 Orthorhombic-I
     4.010   1  74   12.67887   34.25954   37.21973     90.000     90.000     90.000   16167.21   21718.04 Orthorhombic-I
Restart search, new Max Nc = 120
    13.467  14   9    7.94046   14.74031   12.02263     90.000     90.000     90.000    1407.19    4129.36 Orthorhombic-I
     4.132   1  64    7.06418   37.25930   46.68534     90.000     90.000     90.000   12287.88    6650.37 Orthorhombic-I
     2.696   2  46   14.43443   21.65508   29.52906     90.000     90.000     90.000    9230.15    7315.41 Orthorhombic-I
     5.524   2  65    8.46938   41.58798   37.70426     90.000     90.000     90.000   13280.36    8046.95 Orthorhombic-I
     3.492   1  73    7.42691   38.00685   48.08042     90.000     90.000     90.000   13571.84    8851.64 Orthorhombic-I
     6.657   0  50   20.01818   21.98771   23.98555     90.000     90.000     90.000   10557.33    9736.80 Orthorhombic-I
    13.467  14   9    7.94046   14.74031   12.02263     90.000     90.000     90.000    1407.19   10710.49 Orthorhombic-I
     8.445   0  55   12.44791   20.58534   44.47606     90.000     90.000     90.000   11396.75   11781.53 Orthorhombic-I
     7.750   0  55   12.47526   20.57211   44.43930     90.000     90.000     90.000   11405.01   11781.53 Orthorhombic-I
     7.380   0  60   18.43741   23.98895   29.56090     90.000     90.000     90.000   13074.61   12959.69 Orthorhombic-I
     3.468   1  76    9.30372   21.91529   72.18427     90.000     90.000     90.000   14717.93   14255.66 Orthorhombic-I
     3.503   1  67    8.47528   21.76119   72.02704     90.000     90.000     90.000   13284.10   14255.66 Orthorhombic-I
    12.466   0  76   18.04321   24.03650   37.32604     90.000     90.000     90.000   16188.14   15681.22 Orthorhombic-I
     4.892   1  85   15.13908   19.96820   59.00347     90.000     90.000     90.000   17836.77   17249.34 Orthorhombic-I
    11.592   0  87   18.61561   24.82515   41.12521     90.000     90.000     90.000   19005.42   18974.28 Orthorhombic-I
     3.958   1  97   17.60904   19.61675   59.91903     90.000     90.000     90.000   20697.95   20871.71 Orthorhombic-I
finished cell search for Orthorhombic-I, elapsed time = 0: 0:9.36
cell search for  Orthorhombic-A
      M20  X20  Nc       a          b          c        alpha       beta      gamma     volume      V-test
     3.233  14   8   12.00538    7.53585   13.96855     90.000     90.000     90.000    1263.74    1369.09 Orthorhombic-A
     3.889  12  10    9.31697   11.90926   13.97992     90.000     90.000     90.000    1551.19    1506.00 Orthorhombic-A
    39.521  14   7    9.31769   13.97542    9.51011     90.000     90.000     90.000    1238.39    3906.18 Orthorhombic-A
     2.514   5  26    5.93652   12.30424   55.89320     90.000     90.000     90.000    4082.68    4296.80 Orthorhombic-A
     2.675   2  43   23.37207    5.17313   55.91135     90.000     90.000     90.000    6760.06    4726.48 Orthorhombic-A
     3.055   8  31   23.98505    8.11828   29.50441     90.000     90.000     90.000    5745.02    5719.04 Orthorhombic-A
     2.011   2  35   23.96618   20.21600   14.03170     90.000     90.000     90.000    6798.36    6290.94 Orthorhombic-A
     3.233  14   8   12.00538   13.26451    8.21533     90.000     90.000     90.000    1308.25    6290.94 Orthorhombic-A
     3.635   3  47   46.61057   27.97897    5.55571     90.000     90.000     90.000    7245.29    6920.04 Orthorhombic-A
     6.476   0  48    5.93042   55.90887   24.02277     90.000     90.000     90.000    7965.07    7612.04 Orthorhombic-A
     8.210   1  54   27.94972   46.87876    7.69846     90.000     90.000     90.000   10086.89    8373.25 Orthorhombic-A
     5.557   0  46   34.58609   24.11714   10.51221     90.000     90.000     90.000    8768.42    9210.57 Orthorhombic-A
     8.074   0  55   27.95048    7.86198   46.83012     90.000     90.000     90.000   10290.74   10131.63 Orthorhombic-A
     4.913   1  58    7.72158   29.43934   48.06005     90.000     90.000     90.000   10924.92   11144.79 Orthorhombic-A
     6.373   0  64   37.14201   48.06447    5.96192     90.000     90.000     90.000   10643.28   12259.27 Orthorhombic-A
    39.521  14   7    9.31769   13.97542    9.51011     90.000     90.000     90.000    1238.39   13485.19 Orthorhombic-A
     4.212   1  75   36.02799   19.85809   21.97587     90.000     90.000     90.000   15722.58   14833.71 Orthorhombic-A
     6.729   0  74   35.99021   19.70992   21.84472     90.000     90.000     90.000   15495.86   14833.71 Orthorhombic-A
     9.029   0  81   24.00821    9.39648   69.98753     90.000     90.000     90.000   15788.68   16317.09 Orthorhombic-A
    17.098   0 102   28.05678   93.17469    7.25616     90.000     90.000     90.000   18968.92   17948.79 Orthorhombic-A
Restart search, new Max Nc = 140
     2.973   3  38    9.31440   59.49448   12.25208     90.000     90.000     90.000    6789.56    6045.79 Orthorhombic-A
     4.204   1  64    6.00044   48.06144   38.73053     90.000     90.000     90.000   11169.50    6650.37 Orthorhombic-A
     4.212   2  59    6.63422   37.46823   42.82957     90.000     90.000     90.000   10646.25    7315.41 Orthorhombic-A
     2.835   1  50   10.28983   43.80284   21.35377     90.000     90.000     90.000    9624.65    8046.95 Orthorhombic-A
     4.973   1  54   36.09022   43.41317    5.63854     90.000     90.000     90.000    8834.42    8851.64 Orthorhombic-A
     6.040   0  74   43.41673   51.08103    2.30114     90.000     90.000     90.000    5103.40    9736.80 Orthorhombic-A
     8.311   1  67    5.50305   65.20607   30.94870     90.000     90.000     90.000   11105.39   10710.49 Orthorhombic-A
     4.321   0  67   18.53169   63.26738   10.95799     90.000     90.000     90.000   12847.71   11781.53 Orthorhombic-A
     3.678   1  64   60.05216   29.59166    6.20975     90.000     90.000     90.000   11035.00   12959.69 Orthorhombic-A
     2.959  14   7    6.98324    5.31577   24.02810     90.000     90.000     90.000     891.95   14255.66 Orthorhombic-A
    13.999   0 118   21.29478   28.59613   44.33485     90.000     90.000     90.000   26997.64   15681.22 Orthorhombic-A
     9.026   0  88   44.25559   48.04650    8.25673     90.000     90.000     90.000   17556.51   17249.34 Orthorhombic-A
    12.206   0  92   46.58414   25.74942   16.69697     90.000     90.000     90.000   20028.26   18974.28 Orthorhombic-A
    12.421   0  97   23.35899   16.06337   54.30743     90.000     90.000     90.000   20377.46   20871.71 Orthorhombic-A
    18.200   0 135   54.36386   72.09185    6.04574     90.000     90.000     90.000   23694.40   22958.88 Orthorhombic-A
finished cell search for Orthorhombic-A, elapsed time = 0: 0:9.97
cell search for  Orthorhombic-B
      M20  X20  Nc       a          b          c        alpha       beta      gamma     volume      V-test
     2.325   6  28    7.63979   27.93788   23.95945     90.000     90.000     90.000    5113.89    4726.48 Orthorhombic-B
     3.095   1  49   40.92631    9.30576   24.89093     90.000     90.000     90.000    9479.72    5719.04 Orthorhombic-B
     4.131   1  60   45.50957    6.14202   37.27622     90.000     90.000     90.000   10419.48    6290.94 Orthorhombic-B
     2.210   3  40   34.60270   11.99972   18.59606     90.000     90.000     90.000    7721.50    6920.04 Orthorhombic-B
     8.210   1  54    7.69846   27.94972   46.87876     90.000     90.000     90.000   10086.89    8373.25 Orthorhombic-B
     4.336   1  55   23.96930    7.73859   55.89417     90.000     90.000     90.000   10367.73    9210.57 Orthorhombic-B
     8.599   0  63   21.74177   72.00687    6.38307     90.000     90.000     90.000    9993.05   10131.63 Orthorhombic-B
     6.667   0  62   28.42662   35.96468   11.81406     90.000     90.000     90.000   12078.15   11144.79 Orthorhombic-B
     6.667   0  62   11.81406   35.96468   28.42662     90.000     90.000     90.000   12078.15   12259.27 Orthorhombic-B
    11.667   0  94   92.75358    6.06619   28.08728     90.000     90.000     90.000   15803.61   13485.19 Orthorhombic-B
    14.922   0  91   55.91817    6.13956   46.89188     90.000     90.000     90.000   16098.59   14833.71 Orthorhombic-B
    11.742   0 101    6.78811   23.49849  111.80190     90.000     90.000     90.000   17833.55   16317.09 Orthorhombic-B
    16.691   0 100   36.66265    6.71515   71.91259     90.000     90.000     90.000   17704.53   17948.79 Orthorhombic-B
    10.423   0 115   72.16047   43.46205    6.76752     90.000     90.000     90.000   21224.57   19743.67 Orthorhombic-B
    16.189   0 121    7.07744   71.90135   43.60029     90.000     90.000     90.000   22187.20   21718.04 Orthorhombic-B
    13.906   0 120   48.05798   15.10959   36.54474     90.000     90.000     90.000   26536.47   23889.85 Orthorhombic-B
Restart search, new Max Nc = 160
     2.325   6  28    7.63979   27.93788   23.95945     90.000     90.000     90.000    5113.89    4542.29 Orthorhombic-B
     2.047   6  30   15.81039   12.02581   29.63148     90.000     90.000     90.000    5633.92    4996.52 Orthorhombic-B
     3.055   8  31    8.11828   23.98505   29.50441     90.000     90.000     90.000    5745.02    5496.17 Orthorhombic-B
     4.292   2  50   46.89364   27.93729    6.23373     90.000     90.000     90.000    8166.69    6045.79 Orthorhombic-B
     5.095   1  49   46.86044   27.94149    5.99591     90.000     90.000     90.000    7850.75    6045.79 Orthorhombic-B
     2.977   3  67   37.24446    7.52971   46.81424     90.000     90.000     90.000   13128.59    6650.37 Orthorhombic-B
     8.317   0  65   68.95757   11.98712   15.15513     90.000     90.000     90.000   12527.27    7315.41 Orthorhombic-B
     4.556   1  70   24.05561   21.57303   28.74360     90.000     90.000     90.000   14916.56    8046.95 Orthorhombic-B
     4.913   1  55   46.79457   28.01117    7.81015     90.000     90.000     90.000   10237.32    8851.64 Orthorhombic-B
     4.787   0  53   24.81762   36.08514   12.06466     90.000     90.000     90.000   10804.48    9736.80 Orthorhombic-B
     6.572   0  64   66.52276   17.37526   10.25501     90.000     90.000     90.000   11853.26   10710.49 Orthorhombic-B
    10.123   0  72   37.71745   62.31220    5.03480     90.000     90.000     90.000   11833.07   11781.53 Orthorhombic-B
     9.227   0  78   30.96064    7.17877   65.11657     90.000     90.000     90.000   14472.77   12959.69 Orthorhombic-B
     9.975   0  67   25.10352   41.63750   13.28896     90.000     90.000     90.000   13890.25   14255.66 Orthorhombic-B
    10.510   0  85   24.01182   88.69494    7.55326     90.000     90.000     90.000   16086.38   15681.22 Orthorhombic-B
     7.923   0  89   23.22295   13.01145   62.33632     90.000     90.000     90.000   18835.81   17249.34 Orthorhombic-B
    18.137   0 159  111.82687    7.97581   36.27356     90.000     90.000     90.000   32352.74   18974.28 Orthorhombic-B
    12.944   0  96   26.63658   46.53653   16.49745     90.000     90.000     90.000   20449.81   20871.71 Orthorhombic-B
     9.850   0  99   15.06212   24.21797   59.93091     90.000     90.000     90.000   21861.23   22958.88 Orthorhombic-B
    15.601   0 112   48.00521   20.50220   25.16759     90.000     90.000     90.000   24770.26   25254.76 Orthorhombic-B
    14.886   0 128   25.96230   18.65486   59.07812     90.000     90.000     90.000   28612.89   27780.24 Orthorhombic-B
    15.049   0 128   25.91082   18.63720   59.22941     90.000     90.000     90.000   28602.19   27780.24 Orthorhombic-B
     6.184   1 145   18.58465   18.29676   93.14703     90.000     90.000     90.000   31673.62   30558.26 Orthorhombic-B
Restart search, new Max Nc = 180
     2.159   7  25   21.70711   36.05033    4.68772     90.000     90.000     90.000    3668.37    3753.96 Orthorhombic-B
     2.342  13   8    8.87879   12.01479   11.31094     90.000     90.000     90.000    1206.61    6045.79 Orthorhombic-B
     3.865   0  46   37.30558   31.38425    6.59621     90.000     90.000     90.000    7722.90    6650.37 Orthorhombic-B
     2.916   2  48    5.87226   27.93858   46.83913     90.000     90.000     90.000    7684.55    7315.41 Orthorhombic-B
     4.556   1  70   24.05561   21.57303   28.74360     90.000     90.000     90.000   14916.56    8046.95 Orthorhombic-B
     3.123   3  51   43.45608   36.09005    5.22920     90.000     90.000     90.000    8201.12    8851.64 Orthorhombic-B
     4.787   0  53   24.81762   36.08514   12.06466     90.000     90.000     90.000   10804.48    9736.80 Orthorhombic-B
     6.110   1  66   20.72031   44.25945   14.73000     90.000     90.000     90.000   13508.43   10710.49 Orthorhombic-B
     5.208   0  73   24.02022   89.22317    5.43810     90.000     90.000     90.000   11654.72   11781.53 Orthorhombic-B
     9.227   0  78   30.96064    7.17877   65.11657     90.000     90.000     90.000   14472.77   12959.69 Orthorhombic-B
     5.733   1  74   50.71131   37.24671    7.48638     90.000     90.000     90.000   14140.49   14255.66 Orthorhombic-B
    10.346   0  86   22.55483   43.61653   18.66175     90.000     90.000     90.000   18358.75   15681.22 Orthorhombic-B
    13.973   0  85   13.39362   23.46928   55.91934     90.000     90.000     90.000   17577.61   17249.34 Orthorhombic-B
    16.404   0 110    6.98852   24.57786  114.50513     90.000     90.000     90.000   19667.73   18974.28 Orthorhombic-B
    21.001   0 102   18.63425   29.77126   40.51704     90.000     90.000     90.000   22477.45   20871.71 Orthorhombic-B
    18.868   0 118   46.97976   27.96345   20.54633     90.000     90.000     90.000   26992.05   22958.88 Orthorhombic-B
    12.536   0 138  117.54279   30.38796    7.20279     90.000     90.000     90.000   25727.55   25254.76 Orthorhombic-B
    12.082   0 139   39.90582   28.02932   28.77879     90.000     90.000     90.000   32190.02   27780.24 Orthorhombic-B
    39.521  14   7   13.97542    9.31769    9.51011     90.000     90.000     90.000    1238.39   27780.24 Orthorhombic-B
    24.511   0 135   43.22976   33.20154   21.73782     90.000     90.000     90.000   31200.18   30558.26 Orthorhombic-B
Restart search, new Max Nc = 200
     2.936  10  19   29.48977   12.02603    8.97532     90.000     90.000     90.000    3183.05    3753.96 Orthorhombic-B
     2.286   3  42   18.83813   27.94862   15.62716     90.000     90.000     90.000    8227.70    6045.79 Orthorhombic-B
     6.890   0  47   66.80460   12.00556   10.27960     90.000     90.000     90.000    8244.51    6650.37 Orthorhombic-B
     4.100   4  46   18.64818   20.95825   23.79824     90.000     90.000     90.000    9301.14    7315.41 Orthorhombic-B
     2.511   1  59   42.91849    6.51248   37.46285     90.000     90.000     90.000   10471.08    8046.95 Orthorhombic-B
     3.754   1  53   48.07189    5.53000   34.30203     90.000     90.000     90.000    9118.77    8851.64 Orthorhombic-B
     3.634   1  50   16.32989   25.72281   24.05466     90.000     90.000     90.000   10104.18    9736.80 Orthorhombic-B
     6.110   1  66   20.72031   44.25945   14.73000     90.000     90.000     90.000   13508.43   10710.49 Orthorhombic-B
     4.844   0  59   31.16623   18.84353   20.94137     90.000     90.000     90.000   12298.48   11781.53 Orthorhombic-B
    39.521  14   7   13.97542    9.31769    9.51011     90.000     90.000     90.000    1238.39   11781.53 Orthorhombic-B
     5.201   0  61   18.65463   41.94421   16.87254     90.000     90.000     90.000   13201.99   12959.69 Orthorhombic-B
     5.217   0  61   18.64890   41.90917   16.91489     90.000     90.000     90.000   13220.00   12959.69 Orthorhombic-B
     7.831   0  68   50.88785   12.00755   23.26914     90.000     90.000     90.000   14218.34   14255.66 Orthorhombic-B
     8.710   0  90   10.05930   47.11177   37.24842     90.000     90.000     90.000   17652.44   15681.22 Orthorhombic-B
     9.348   0 125  105.53892    5.41600   38.30668     90.000     90.000     90.000   21896.07   17249.34 Orthorhombic-B
     9.817   0 125  105.51071    5.41913   38.30816     90.000     90.000     90.000   21903.69   17249.34 Orthorhombic-B
    13.597   0 101    9.00951   48.08543   45.81425     90.000     90.000     90.000   19847.94   18974.28 Orthorhombic-B
    20.592   0 105   34.09654   41.92198   16.24136     90.000     90.000     90.000   23215.31   20871.71 Orthorhombic-B
    14.431   0 124   88.62819   36.02367    7.48025     90.000     90.000     90.000   23882.28   22958.88 Orthorhombic-B
    15.601   0 112   25.16759   20.50220   48.00521     90.000     90.000     90.000   24770.26   25254.76 Orthorhombic-B
    10.893   0 147    5.79520   48.01509   92.04745     90.000     90.000     90.000   25612.85   27780.24 Orthorhombic-B
    31.519   0 143   48.11749   44.23495   14.60702     90.000     90.000     90.000   31090.68   30558.26 Orthorhombic-B
    11.072   0 160  119.83895    9.76832   28.01575     90.000     90.000     90.000   32795.93   33614.09 Orthorhombic-B
    21.771   0 162   18.62798   39.32185   50.47872     90.000     90.000     90.000   36974.99   36975.50 Orthorhombic-B
    20.093   0 175   23.43853   53.47722   32.52971     90.000     90.000     90.000   40773.63   40673.05 Orthorhombic-B
    20.940   0 197   86.72008   13.98537   36.38814     90.000     90.000     90.000   44131.98   44740.35 Orthorhombic-B
finished cell search for Orthorhombic-B, elapsed time = 0: 0:22.18
cell search for  Orthorhombic-C
      M20  X20  Nc       a          b          c        alpha       beta      gamma     volume      V-test
     2.342  13   8    8.87879   11.31094   12.01479     90.000     90.000     90.000    1206.61    1131.48 Orthorhombic-C
     2.738  14   7    8.68908   13.98121    9.32473     90.000     90.000     90.000    1132.80    4296.80 Orthorhombic-C
     2.325   6  28   23.95945    7.63979   27.93788     90.000     90.000     90.000    5113.89    4726.48 Orthorhombic-C
     2.003   3  46    5.35232   28.00704   46.62457     90.000     90.000     90.000    6989.15    6920.04 Orthorhombic-C
     2.757   5  48  111.76367   12.69256    5.40485     90.000     90.000     90.000    7667.14    7612.04 Orthorhombic-C
     3.430   2  53    5.34310   72.14624   21.70963     90.000     90.000     90.000    8368.73    8373.25 Orthorhombic-C
     4.454   1  65    9.72879   46.65886   27.95095     90.000     90.000     90.000   12687.90    9210.57 Orthorhombic-C
     8.215   0  61   55.88225    9.01583   23.50693     90.000     90.000     90.000   11843.37   10131.63 Orthorhombic-C
     4.784   2  66   48.01921   38.79306    6.10909     90.000     90.000     90.000   11380.08   11144.79 Orthorhombic-C
     8.317   0  65   15.15513   68.95757   11.98712     90.000     90.000     90.000   12527.27   12259.27 Orthorhombic-C
     7.151   0  72   10.34353   23.95577   55.86440     90.000     90.000     90.000   13842.49   13485.19 Orthorhombic-C
     9.617   0  74   12.30306   55.81846   22.23286     90.000     90.000     90.000   15268.15   14833.71 Orthorhombic-C
     8.523   0  82   14.33780   34.94151   33.04997     90.000     90.000     90.000   16557.52   16317.09 Orthorhombic-C
     9.382   0  93   27.18824   13.42752   51.24420     90.000     90.000     90.000   18707.75   17948.79 Orthorhombic-C
    13.597   0 101   45.81425    9.00951   48.08543     90.000     90.000     90.000   19847.94   19743.67 Orthorhombic-C
    12.481   0 107   15.68052   32.57281   45.48334     90.000     90.000     90.000   23231.01   21718.04 Orthorhombic-C
    18.044   0 122   78.86518   10.54273   30.29951     90.000     90.000     90.000   25192.65   23889.85 Orthorhombic-C
    21.479   0 145   57.51636   13.95482   39.68000     90.000     90.000     90.000   31848.38   26278.83 Orthorhombic-C
    23.396   0 153   59.09860    6.65299   71.98398     90.000     90.000     90.000   28302.85   28906.71 Orthorhombic-C
    19.737   0 170   20.71184   44.70258   42.78818     90.000     90.000     90.000   39616.41   31797.38 Orthorhombic-C
    14.729   0 152   31.93760   59.13513   18.25828     90.000     90.000     90.000   34483.21   34977.12 Orthorhombic-C
    19.133   0 184   22.33116   46.69182   42.01608     90.000     90.000     90.000   43809.44   38474.83 Orthorhombic-C
    14.197   0 181   48.72894   31.93190   27.45547     90.000     90.000     90.000   42720.93   42322.32 Orthorhombic-C
    24.654   0 130   42.45426   29.17503   24.21859     90.000     90.000     90.000   29997.25   42322.32 Orthorhombic-C
    15.940   0 183   33.77669   40.70087   31.44162     90.000     90.000     90.000   43224.07   46554.55 Orthorhombic-C
Restart search, new Max Nc = 220
     2.051   7  30    7.31058   48.10303   14.70522     90.000     90.000     90.000    5171.26    5496.17 Orthorhombic-C
     3.605   2  49    6.10240   55.86734   23.41851     90.000     90.000     90.000    7983.95    6045.79 Orthorhombic-C
     2.956  14   8   12.60658    8.38951   12.00519     90.000     90.000     90.000    1269.71    6650.37 Orthorhombic-C
     4.844   0  59   20.94137   31.16623   18.84353     90.000     90.000     90.000   12298.48    7315.41 Orthorhombic-C
     3.062   1  53   23.22764   19.09838   24.04748     90.000     90.000     90.000   10667.71    8851.64 Orthorhombic-C
     4.669   4  61   55.87458   36.91266    4.92212     90.000     90.000     90.000   10151.77    9736.80 Orthorhombic-C
     5.654   0  66   24.07530    6.07927   74.63060     90.000     90.000     90.000   10922.95   10710.49 Orthorhombic-C
     7.479   0  64   12.29079   11.88228   83.94756     90.000     90.000     90.000   12259.92   11781.53 Orthorhombic-C
    11.254   0  76   11.48420   47.01841   27.96878     90.000     90.000     90.000   15102.27   12959.69 Orthorhombic-C
     4.973   0  77   51.56175   66.17024    2.88156     90.000     90.000     90.000    9831.47   14255.66 Orthorhombic-C
     4.973   0  77   51.56175   66.17024    2.03757     90.000     90.000     90.000    6951.90   14255.66 Orthorhombic-C
     6.124   1  83   65.12872   30.95198    8.23979     90.000     90.000     90.000   16610.28   15681.22 Orthorhombic-C
    12.418   0 104   48.07751    5.63510   65.33293     90.000     90.000     90.000   17700.09   17249.34 Orthorhombic-C
     7.578   0 107  111.68423    8.23020   23.46882     90.000     90.000     90.000   21572.16   18974.28 Orthorhombic-C
    15.770   0 102   31.28771   15.72864   46.32398     90.000     90.000     90.000   22796.64   20871.71 Orthorhombic-C
    14.583   0 105   41.73717   13.14001   41.93402     90.000     90.000     90.000   22997.74   22958.88 Orthorhombic-C
    17.658   0 144    6.59903  108.87347   36.02274     90.000     90.000     90.000   25880.86   25254.76 Orthorhombic-C
    18.270   0 142    6.43225  108.85282   36.05187     90.000     90.000     90.000   25242.39   25254.76 Orthorhombic-C
    16.431   0 134   31.68934   14.05664   67.63551     90.000     90.000     90.000   30127.95   27780.24 Orthorhombic-C
    17.737   0 141   29.16958   32.63343   35.46029     90.000     90.000     90.000   33754.77   30558.26 Orthorhombic-C
    17.795   0 193   38.01023    6.46853  139.62850     90.000     90.000     90.000   34330.51   33614.09 Orthorhombic-C
    21.791   0 157   41.95569   23.42454   37.25709     90.000     90.000     90.000   36615.99   36975.50 Orthorhombic-C
    22.367   0 180   32.16745   42.71643   31.08875     90.000     90.000     90.000   42718.38   40673.05 Orthorhombic-C
    39.521  14   7    9.51011   13.97542    9.31769     90.000     90.000     90.000    1238.39   40673.05 Orthorhombic-C
Restart search, new Max Nc = 240
     2.936  10  19   29.48977    8.97532   12.02603     90.000     90.000     90.000    3183.05    2820.41 Orthorhombic-C
     2.936  10  19    8.97532   29.48977   12.02603     90.000     90.000     90.000    3183.05    3102.45 Orthorhombic-C
     2.047   6  30   29.63148   15.81039   12.02581     90.000     90.000     90.000    5633.92    4129.36 Orthorhombic-C
     2.325   6  28   23.95945    7.63979   27.93788     90.000     90.000     90.000    5113.89    4542.29 Orthorhombic-C
     2.521   3  44   46.79094    5.22504   27.95106     90.000     90.000     90.000    6833.60    4996.52 Orthorhombic-C
     3.866   3  49   46.75109    5.92615   27.96506     90.000     90.000     90.000    7747.83    6045.79 Orthorhombic-C
     3.682   1  50    5.80744   59.15556   23.97680     90.000     90.000     90.000    8237.04    6650.37 Orthorhombic-C
     6.890   0  47   66.80460   10.27960   12.00556     90.000     90.000     90.000    8244.51    8046.95 Orthorhombic-C
     4.582   1  66   17.31753   62.95854   12.99177     90.000     90.000     90.000   14164.75    9736.80 Orthorhombic-C
     7.531   3  66   55.90864   36.90662    5.26440     90.000     90.000     90.000   10862.57   10710.49 Orthorhombic-C
    12.848   0  71   30.96096   65.11596    5.99321     90.000     90.000     90.000   12082.62   11781.53 Orthorhombic-C
     8.208   0  59   29.55913   18.19367   24.00234     90.000     90.000     90.000   12908.20   12959.69 Orthorhombic-C
     7.645   0  87    6.32446   37.23957   62.71470     90.000     90.000     90.000   14770.58   14255.66 Orthorhombic-C
    15.067   0  88   88.57087   24.02608    7.94382     90.000     90.000     90.000   16904.52   15681.22 Orthorhombic-C
    11.994   0  83   15.42870   39.19100   30.39065     90.000     90.000     90.000   18376.20   17249.34 Orthorhombic-C
    11.285   0  94   54.95088    6.02345   49.39831     90.000     90.000     90.000   16350.53   18974.28 Orthorhombic-C
    14.479   0  92   45.28045   24.01953   18.62270     90.000     90.000     90.000   20254.33   20871.71 Orthorhombic-C
    14.259   0 111   45.92992   11.74988   42.20713     90.000     90.000     90.000   22777.97   22958.88 Orthorhombic-C
    15.601   0 112   48.00521   25.16759   20.50220     90.000     90.000     90.000   24770.26   25254.76 Orthorhombic-C
    16.634   0 126   32.60023   31.00209   28.42089     90.000     90.000     90.000   28724.29   27780.24 Orthorhombic-C
    24.511   0 135   21.73782   43.22976   33.20154     90.000     90.000     90.000   31200.18   30558.26 Orthorhombic-C
    25.324   0 146   32.52235   29.53693   35.65213     90.000     90.000     90.000   34247.81   33614.09 Orthorhombic-C
    21.452   0 200    7.02823   71.12477   76.57801     90.000     90.000     90.000   38279.92   36975.50 Orthorhombic-C
    13.285   0 187   59.39456   11.25520   61.14186     90.000     90.000     90.000   40873.18   40673.05 Orthorhombic-C
    29.930   0 195   23.55067   41.88454   46.59261     90.000     90.000     90.000   45959.38   44740.35 Orthorhombic-C
    24.915   0 238  150.14268    8.20400   40.13969     90.000     90.000     90.000   49442.90   49214.39 Orthorhombic-C
finished cell search for Orthorhombic-C, elapsed time = 0: 0:18.65
cell search for  Orthorhombic-P
      M20  X20  Nc       a          b          c        alpha       beta      gamma     volume      V-test
     3.038  13   8    6.98032    7.79068    9.32301     90.000     90.000     90.000     507.00     479.86 Orthorhombic-P
     2.318   6  29    5.52818   14.78161   24.00293     90.000     90.000     90.000    1961.41    2204.94 Orthorhombic-P
     2.129   7  28   10.82133   11.97247   18.28366     90.000     90.000     90.000    2368.80    2425.43 Orthorhombic-P
     7.747   1  50    6.15175   23.40438   27.94627     90.000     90.000     90.000    4023.65    2934.77 Orthorhombic-P
     4.653   0  47    6.42184   17.57525   32.87446     90.000     90.000     90.000    3710.39    3228.25 Orthorhombic-P
     3.523   1  58    8.14282   23.37570   27.94118     90.000     90.000     90.000    5318.44    4296.80 Orthorhombic-P
     6.565   1  71   10.32502   23.45015   27.98374     90.000     90.000     90.000    6775.51    4726.48 Orthorhombic-P
     8.079   1  99    7.14551   31.12251   39.10050     90.000     90.000     90.000    8695.41    5199.13 Orthorhombic-P
     8.657   0  69   10.12377   12.05645   47.99081     90.000     90.000     90.000    5857.60    5719.04 Orthorhombic-P
     3.629   1  93    6.80896   30.67067   39.20458     90.000     90.000     90.000    8187.31    6290.94 Orthorhombic-P
     7.618   1  76    6.06335   27.95112   36.01961     90.000     90.000     90.000    6104.51    6290.94 Orthorhombic-P
     9.277   1  92    6.35769   31.10824   39.07210     90.000     90.000     90.000    7727.54    6920.04 Orthorhombic-P
    10.034   0  95    6.13104   28.52974   44.31193     90.000     90.000     90.000    7750.91    7612.04 Orthorhombic-P
    13.016   0  89   12.37318   13.69299   50.78232     90.000     90.000     90.000    8603.84    8373.25 Orthorhombic-P
    17.927   0  97    7.72130   33.01352   34.93160     90.000     90.000     90.000    8904.32    9210.57 Orthorhombic-P
    14.283   0  95   16.84241   23.07229   25.55960     90.000     90.000     90.000    9932.28   10131.63 Orthorhombic-P
    13.846   1 131    6.17574   41.04703   44.42988     90.000     90.000     90.000   11262.79   11144.79 Orthorhombic-P
    18.302   0 135    6.99106   38.04932   46.45372     90.000     90.000     90.000   12356.92   12259.27 Orthorhombic-P
    20.012   0 136   10.27858   28.03371   46.58204     90.000     90.000     90.000   13422.46   13485.19 Orthorhombic-P
    20.278   0 156   18.75043   29.28051   31.27121     90.000     90.000     90.000   17168.59   14833.71 Orthorhombic-P
    22.342   0 167   11.99535   29.57268   48.90240     90.000     90.000     90.000   17347.38   16317.09 Orthorhombic-P
    20.337   0 186    7.16433   39.03770   62.22409     90.000     90.000     90.000   17402.77   17948.79 Orthorhombic-P
    24.170   0 231    5.99410   36.00198   93.20014     90.000     90.000     90.000   20112.53   19743.67 Orthorhombic-P
Restart search, new Max Nc = 260
     4.335   2  50    5.93676   23.46584   27.95422     90.000     90.000     90.000    3894.33    2820.41 Orthorhombic-P
     3.768   2  55    6.89143   23.45984   27.94501     90.000     90.000     90.000    4517.92    3102.45 Orthorhombic-P
     3.790   1  50    5.73063   23.37511   27.94277     90.000     90.000     90.000    3743.05    3412.69 Orthorhombic-P
     7.747   1  50    6.15175   23.40438   27.94627     90.000     90.000     90.000    4023.65    3753.96 Orthorhombic-P
     4.068   2  56    7.23915   23.39150   27.94913     90.000     90.000     90.000    4732.75    4129.36 Orthorhombic-P
     4.170   1  54    9.32581   12.01735   42.52305     90.000     90.000     90.000    4765.62    4542.29 Orthorhombic-P
     4.493   1  52    6.38078   23.41365   27.95280     90.000     90.000     90.000    4176.07    4996.52 Orthorhombic-P
     6.030   0  59   13.59575   16.65601   25.66087     90.000     90.000     90.000    5810.93    5496.17 Orthorhombic-P
     8.287   0  72   11.16733   20.97293   29.24038     90.000     90.000     90.000    6848.44    6045.79 Orthorhombic-P
     7.128   1  74   14.79168   20.53166   24.02656     90.000     90.000     90.000    7296.81    6650.37 Orthorhombic-P
    12.538   0  86    6.37158   33.02846   34.98947     90.000     90.000     90.000    7363.30    7315.41 Orthorhombic-P
    17.927   0  97    7.72130   34.93160   33.01352     90.000     90.000     90.000    8904.32    8046.95 Orthorhombic-P
    12.806   0  95   12.89083   23.06791   33.35114     90.000     90.000     90.000    9917.44    8851.64 Orthorhombic-P
    15.391   0  92   12.77422   21.73444   34.92974     90.000     90.000     90.000    9697.91    9736.80 Orthorhombic-P
    19.356   0 122    9.31711   11.99748   97.70321     90.000     90.000     90.000   10921.44   10710.49 Orthorhombic-P
    18.302   0 135    6.99106   38.04932   46.45372     90.000     90.000     90.000   12356.92   11781.53 Orthorhombic-P
    19.626   0 137   12.21646   31.17000   37.75637     90.000     90.000     90.000   14377.14   12959.69 Orthorhombic-P
    27.610   0 170    6.34070   29.89965   78.75478     90.000     90.000     90.000   14930.69   14255.66 Orthorhombic-P
    25.836   0 145   12.00645   29.55521   42.67188     90.000     90.000     90.000   15142.25   15681.22 Orthorhombic-P
    33.376   0 163   18.63602   22.20068   42.86599     90.000     90.000     90.000   17735.04   17249.34 Orthorhombic-P
Restart search, new Max Nc = 280
     2.001   4  33    6.64613   13.27390   27.95853     90.000     90.000     90.000    2466.50    2820.41 Orthorhombic-P
     5.815   0  63   13.66365   12.78839   34.93489     90.000     90.000     90.000    6104.39    3102.45 Orthorhombic-P
     4.335   2  50    5.93676   23.46584   27.95422     90.000     90.000     90.000    3894.33    3412.69 Orthorhombic-P
     3.776   3  42   10.26866   14.76211   24.00137     90.000     90.000     90.000    3638.30    3753.96 Orthorhombic-P
     3.359   3  66    5.40506    9.55115   83.92134     90.000     90.000     90.000    4332.40    4129.36 Orthorhombic-P
     3.725   2  61    9.31601   18.83040   31.24647     90.000     90.000     90.000    5481.39    4542.29 Orthorhombic-P
     4.379   0  61   10.35859   12.02896   42.00343     90.000     90.000     90.000    5233.75    4996.52 Orthorhombic-P
     6.040   0  74    2.56682   36.11974   43.41673     90.000     90.000     90.000    4025.30    5496.17 Orthorhombic-P
     6.040   0  74    1.81502   36.11974   43.41673     90.000     90.000     90.000    2846.31    5496.17 Orthorhombic-P
     8.657   0  69   10.12377   12.05645   47.99081     90.000     90.000     90.000    5857.60    6045.79 Orthorhombic-P
     7.233   0  70   10.28559   22.02596   28.66356     90.000     90.000     90.000    6493.73    6650.37 Orthorhombic-P
    10.434   0  90   18.61586   22.32971   22.05878     90.000     90.000     90.000    9169.54    7315.41 Orthorhombic-P
    17.280   0  97    7.00518   13.31117   83.83878     90.000     90.000     90.000    7817.73    8046.95 Orthorhombic-P
    14.345   0 107    5.46757   36.02859   44.41956     90.000     90.000     90.000    8750.16    8851.64 Orthorhombic-P
    12.698   0 103   12.02543   20.22291   41.95739     90.000     90.000     90.000   10203.58    9736.80 Orthorhombic-P
    18.646   0 121    6.38667   34.40860   48.05502     90.000     90.000     90.000   10560.41   10710.49 Orthorhombic-P
    20.872   0 125   10.11466   29.75197   40.71780     90.000     90.000     90.000   12253.25   11781.53 Orthorhombic-P
    22.094   0 148    6.68076   42.02602   46.59486     90.000     90.000     90.000   13082.23   12959.69 Orthorhombic-P
    20.270   0 141    8.87964   36.02436   44.33459     90.000     90.000     90.000   14181.89   14255.66 Orthorhombic-P
    24.650   0 174    6.21877   31.10064   78.12619     90.000     90.000     90.000   15110.22   15681.22 Orthorhombic-P
    26.499   0 166   22.45439   24.01955   33.42441     90.000     90.000     90.000   18027.27   17249.34 Orthorhombic-P
    23.716   0 227    6.36708   43.82726   72.09168     90.000     90.000     90.000   20117.31   18974.28 Orthorhombic-P
    23.095   0 203   14.27953   22.48153   66.60776     90.000     90.000     90.000   21382.80   20871.71 Orthorhombic-P
    32.104   0 247   10.32356   12.47621  177.12885     90.000     90.000     90.000   22813.99   22958.88 Orthorhombic-P
    50.666   0 226   15.42254   35.42095   45.48419     90.000     90.000     90.000   24847.16   25254.76 Orthorhombic-P
Restart search, new Max Nc = 300
     3.790   1  50    5.73063   23.37511   27.94277     90.000     90.000     90.000    3743.05    2820.41 Orthorhombic-P
     3.922   1  56   13.40389   12.92805   31.78477     90.000     90.000     90.000    5507.86    3102.45 Orthorhombic-P
     3.611   2  56    7.21851   23.39111   27.97993     90.000     90.000     90.000    4724.38    3412.69 Orthorhombic-P
     7.191   0  54    6.32247   23.99733   29.57552     90.000     90.000     90.000    4487.27    3753.96 Orthorhombic-P
     3.343   2  57   12.03558   22.45241   19.56590     90.000     90.000     90.000    5287.25    4129.36 Orthorhombic-P
     7.750   0  70    9.85687   23.30236   28.03033     90.000     90.000     90.000    6438.24    4542.29 Orthorhombic-P
     4.093   1  91    6.23664   31.13268   38.99691     90.000     90.000     90.000    7571.77    4996.52 Orthorhombic-P
    10.058   0  86    6.05976   30.38732   39.14213     90.000     90.000     90.000    7207.62    4996.52 Orthorhombic-P
     8.879   0  86    6.19822   28.71008   39.70761     90.000     90.000     90.000    7066.02    5496.17 Orthorhombic-P
     6.285   0  68    9.59779   23.46478   27.95808     90.000     90.000     90.000    6296.44    6045.79 Orthorhombic-P
    15.905   0  88    5.98289   31.14907   39.07314     90.000     90.000     90.000    7281.73    6650.37 Orthorhombic-P
     8.296   0  76   12.03001   21.26468   29.58777     90.000     90.000     90.000    7568.97    7315.41 Orthorhombic-P
     4.737   1  87   15.90394   18.35326   29.49025     90.000     90.000     90.000    8607.89    8046.95 Orthorhombic-P
    13.182   0  94   11.62876   15.53524   48.04924     90.000     90.000     90.000    8680.37    8851.64 Orthorhombic-P
    14.090   0  96   13.24212   13.57404   51.79956     90.000     90.000     90.000    9310.93    9736.80 Orthorhombic-P
    17.335   0 131    6.48002   24.03466   70.76295     90.000     90.000     90.000   11020.98   10710.49 Orthorhombic-P
    20.985   0 138    6.66030   41.06814   44.40517     90.000     90.000     90.000   12145.97   11781.53 Orthorhombic-P
    16.525   0 127   15.86078   18.41466   44.26921     90.000     90.000     90.000   12929.74   12959.69 Orthorhombic-P
    16.315   0 167    6.30802   28.76160   79.21624     90.000     90.000     90.000   14372.11   14255.66 Orthorhombic-P
    27.770   0 156    8.72180   41.07537   44.38122     90.000     90.000     90.000   15899.63   15681.22 Orthorhombic-P
    25.283   0 206    6.61129   49.18859   56.59004     90.000     90.000     90.000   18403.07   17249.34 Orthorhombic-P
    28.284   0 173   18.40323   24.01882   43.18890     90.000     90.000     90.000   19090.53   18974.28 Orthorhombic-P
    28.181   0 221    7.22988   37.91946   76.89964     90.000     90.000     90.000   21082.29   20871.71 Orthorhombic-P
    34.708   0 259    6.88401   52.52536   66.00485     90.000     90.000     90.000   23866.38   22958.88 Orthorhombic-P
    26.537   0 245   10.05310   38.81315   64.63735     90.000     90.000     90.000   25221.01   25254.76 Orthorhombic-P
    33.087   0 261   11.77352   32.64840   72.07915     90.000     90.000     90.000   27706.25   27780.24 Orthorhombic-P
    27.619   0 261   22.79292   36.03476   36.94511     90.000     90.000     90.000   30344.41   30558.26 Orthorhombic-P
    28.947   0 296   17.18165   25.27546   77.66186     90.000     90.000     90.000   33726.54   33614.09 Orthorhombic-P
finished cell search for Orthorhombic-P, elapsed time = 0: 0:22.27
elapsed 91.93434166908264 ncells 357
M20=   50.7 X20= 0 Nc=226 Orthorhombic-P   a= 15.4225 b= 35.4210 c= 45.4842 al= 90.000 be= 90.000 ga= 90.000 V= 24847.2 Z~57.52
M20=   39.5 X20=14 Nc=  7 Orthorhombic-A   a=  9.3177 b= 13.9754 c=  9.5101 al= 90.000 be= 90.000 ga= 90.000 V=  1238.4 Z~2.87
M20=   39.5 X20=14 Nc=  7 Orthorhombic-C   a=  9.5101 b= 13.9754 c=  9.3177 al= 90.000 be= 90.000 ga= 90.000 V=  1238.4 Z~2.87
M20=   39.5 X20=14 Nc=  7 Orthorhombic-A   a=  9.3177 b= 13.9754 c=  9.5101 al= 90.000 be= 90.000 ga= 90.000 V=  1238.4 Z~2.87
M20=   39.5 X20=14 Nc=  7 Orthorhombic-B   a= 13.9754 b=  9.3177 c=  9.5101 al= 90.000 be= 90.000 ga= 90.000 V=  1238.4 Z~2.87
M20=   39.5 X20=14 Nc=  7 Orthorhombic-B   a= 13.9754 b=  9.3177 c=  9.5101 al= 90.000 be= 90.000 ga= 90.000 V=  1238.4 Z~2.87
M20=   38.7 X20=14 Nc=  9 Orthorhombic-I   a=  7.9220 b= 11.9780 c= 14.8237 al= 90.000 be= 90.000 ga= 90.000 V=  1406.6 Z~3.26
M20=   34.7 X20= 0 Nc=259 Orthorhombic-P   a=  6.8840 b= 52.5254 c= 66.0049 al= 90.000 be= 90.000 ga= 90.000 V= 23866.4 Z~55.25
M20=   33.4 X20= 0 Nc=163 Orthorhombic-P   a= 18.6360 b= 22.2007 c= 42.8660 al= 90.000 be= 90.000 ga= 90.000 V= 17735.0 Z~41.05
M20=   33.1 X20= 0 Nc=261 Orthorhombic-P   a= 11.7735 b= 32.6484 c= 72.0792 al= 90.000 be= 90.000 ga= 90.000 V= 27706.3 Z~64.13
M20=   32.1 X20= 0 Nc=247 Orthorhombic-P   a= 10.3236 b= 12.4762 c=177.1288 al= 90.000 be= 90.000 ga= 90.000 V= 22814.0 Z~52.81
M20=   31.5 X20= 0 Nc=143 Orthorhombic-B   a= 48.1175 b= 44.2349 c= 14.6070 al= 90.000 be= 90.000 ga= 90.000 V= 31090.7 Z~71.97
M20=   29.9 X20= 0 Nc=195 Orthorhombic-C   a= 23.5507 b= 41.8845 c= 46.5926 al= 90.000 be= 90.000 ga= 90.000 V= 45959.4 Z~106.39
M20=   28.9 X20= 0 Nc=296 Orthorhombic-P   a= 17.1817 b= 25.2755 c= 77.6619 al= 90.000 be= 90.000 ga= 90.000 V= 33726.5 Z~78.07
M20=   28.3 X20= 0 Nc=173 Orthorhombic-P   a= 18.4032 b= 24.0188 c= 43.1889 al= 90.000 be= 90.000 ga= 90.000 V= 19090.5 Z~44.19
M20=   28.2 X20= 0 Nc=221 Orthorhombic-P   a=  7.2299 b= 37.9195 c= 76.8996 al= 90.000 be= 90.000 ga= 90.000 V= 21082.3 Z~48.80
M20=   27.8 X20= 0 Nc=156 Orthorhombic-P   a=  8.7218 b= 41.0754 c= 44.3812 al= 90.000 be= 90.000 ga= 90.000 V= 15899.6 Z~36.80
M20=   27.6 X20= 0 Nc=261 Orthorhombic-P   a= 22.7929 b= 36.0348 c= 36.9451 al= 90.000 be= 90.000 ga= 90.000 V= 30344.4 Z~70.24
M20=   27.6 X20= 0 Nc=170 Orthorhombic-P   a=  6.3407 b= 29.8996 c= 78.7548 al= 90.000 be= 90.000 ga= 90.000 V= 14930.7 Z~34.56
M20=   26.5 X20= 0 Nc=245 Orthorhombic-P   a= 10.0531 b= 38.8131 c= 64.6374 al= 90.000 be= 90.000 ga= 90.000 V= 25221.0 Z~58.38
M20=   26.5 X20= 0 Nc=166 Orthorhombic-P   a= 22.4544 b= 24.0195 c= 33.4244 al= 90.000 be= 90.000 ga= 90.000 V= 18027.3 Z~41.73
M20=   25.8 X20= 0 Nc=145 Orthorhombic-P   a= 12.0065 b= 29.5552 c= 42.6719 al= 90.000 be= 90.000 ga= 90.000 V= 15142.3 Z~35.05
M20=   25.3 X20= 0 Nc=146 Orthorhombic-C   a= 32.5224 b= 29.5369 c= 35.6521 al= 90.000 be= 90.000 ga= 90.000 V= 34247.8 Z~79.28
M20=   25.3 X20= 0 Nc=206 Orthorhombic-P   a=  6.6113 b= 49.1886 c= 56.5900 al= 90.000 be= 90.000 ga= 90.000 V= 18403.1 Z~42.60
M20=   24.9 X20= 0 Nc=238 Orthorhombic-C   a=150.1427 b=  8.2040 c= 40.1397 al= 90.000 be= 90.000 ga= 90.000 V= 49442.9 Z~114.45
M20=   24.7 X20= 0 Nc=130 Orthorhombic-C   a= 42.4543 b= 29.1750 c= 24.2186 al= 90.000 be= 90.000 ga= 90.000 V= 29997.2 Z~69.44
M20=   24.7 X20= 0 Nc=174 Orthorhombic-P   a=  6.2188 b= 31.1006 c= 78.1262 al= 90.000 be= 90.000 ga= 90.000 V= 15110.2 Z~34.98
M20=   24.5 X20= 0 Nc=135 Orthorhombic-C   a= 21.7378 b= 43.2298 c= 33.2015 al= 90.000 be= 90.000 ga= 90.000 V= 31200.2 Z~72.22
M20=   24.5 X20= 0 Nc=135 Orthorhombic-B   a= 43.2298 b= 33.2015 c= 21.7378 al= 90.000 be= 90.000 ga= 90.000 V= 31200.2 Z~72.22
M20=   24.2 X20= 0 Nc=231 Orthorhombic-P   a=  5.9941 b= 36.0020 c= 93.2001 al= 90.000 be= 90.000 ga= 90.000 V= 20112.5 Z~46.56
