N.B. Configuration file /root/.GSASII/config.ini does not exist
======================================================================
Module pyspg in '/opt/g2/GSAS-II/GSASII-bin/linux_64_p3.13_n2.2' could not be loaded
error msg: /lib/x86_64-linux-gnu/libm.so.6: version `GLIBC_2.38' not found (required by /opt/g2/GSAS-II/GSASII-bin/linux_64_p3.13_n2.2/pyspg.cpython-313-x86_64-linux-gnu.so)
======================================================================
*** ERROR: Unable to find GSAS-II binaries. Much of GSAS-II cannot function
binary load error: pyspg not found
pypowder is not available - profile calcs. not allowed
pydiffax is not available for this platform
pypowder is not available - profile calcs. not allowed
peaks used: [np.float64(4.943), np.float64(5.277), np.float64(6.69), np.float64(6.822), np.float64(6.927), np.float64(7.089), np.float64(7.713), np.float64(9.407), np.float64(9.712), np.float64(10.356), np.float64(10.494), np.float64(10.594), np.float64(11.582), np.float64(11.73), np.float64(12.275), np.float64(12.579), np.float64(12.885), np.float64(13.124), np.float64(13.411), np.float64(13.502)]
lattice parameter range =     2.500   47.498
Zero = 0.0000 Nc/No max = 4  Max Nc = 80
cell search for  Monoclinic-C
      M20  X20  Nc       a          b          c        alpha       beta      gamma     volume      V-test
     3.468  13  11   12.32384    5.28571    9.61548     90.000     99.033     90.000     618.59     683.81 Monoclinic-C
     2.021  12  12    7.49195    6.36464   14.06045     90.000     92.636     90.000     669.74     700.91 Monoclinic-C
     2.958  11  12    6.51152   17.75005    7.05322     90.000     96.166     90.000     810.49     754.80 Monoclinic-C
     5.456  13  11    4.69915   26.52293    6.36023     90.000    106.739     90.000     759.12     773.67 Monoclinic-C
     3.634  12  12    8.51601   11.51567    9.32258     90.000    107.664     90.000     871.14     793.01 Monoclinic-C
     3.042  12  12   11.35608    8.97462    9.38503     90.000    108.605     90.000     906.51     833.16 Monoclinic-C
     4.475  13  10    7.65646   17.77230    4.84366     90.000     92.434     90.000     658.50     853.99 Monoclinic-C
     3.444  10  14   12.70630    8.02091    9.64738     90.000    112.782     90.000     906.51     875.34 Monoclinic-C
     2.427  11  14   12.46337    5.48662   13.59563     90.000    102.566     90.000     907.43     897.22 Monoclinic-C
     3.903  13  14    6.40286   28.08354    5.29444     90.000    102.717     90.000     928.67     919.65 Monoclinic-C
     3.338  13  14   15.50934   11.99248    6.47944     90.000    121.376     90.000    1028.91     942.65 Monoclinic-C
     2.514  11  17   12.18752    5.34957   14.93724     90.000    110.079     90.000     914.68     966.21 Monoclinic-C
     2.673  12  15   12.24862    5.84003   13.65538     90.000     96.132     90.000     971.21     990.37 Monoclinic-C
     3.338  13  14   14.11326   11.99248    6.47944     90.000    110.246     90.000    1028.91    1015.13 Monoclinic-C
     2.164  11  17    7.86336    9.70152   14.06340     90.000     92.562     90.000    1071.78    1066.52 Monoclinic-C
     2.703  10  20    7.70107   35.56061    5.58601     90.000    126.561     90.000    1228.73    1148.52 Monoclinic-C
     2.572  12  16   11.71518    7.17691   13.83180     90.000    100.287     90.000    1144.27    1177.23 Monoclinic-C
     2.191   9  19   12.08179   13.25226    7.79860     90.000     95.886     90.000    1242.06    1206.67 Monoclinic-C
     2.170  11  17   11.14698   22.42146    5.14416     90.000    109.872     90.000    1209.13    1236.83 Monoclinic-C
     2.176   9  29   17.77881    7.46788   13.29626     90.000     91.528     90.000    1764.72    1506.96 Monoclinic-C
     2.039   2  39   19.59616   10.10674   13.59507     90.000    104.472     90.000    2607.12    1544.63 Monoclinic-C
     2.973   6  35   19.16955    5.16358   18.07377     90.000     98.037     90.000    1771.43    1583.25 Monoclinic-C
     2.154   3  33   12.02602   13.60824   13.97806     90.000    101.272     90.000    2243.42    1663.40 Monoclinic-C
     2.188   2  36   28.52479   11.59763    8.91238     90.000    130.953     90.000    2226.78    1704.99 Monoclinic-C
     2.038   4  33   17.95982    9.28719   12.31197     90.000     97.646     90.000    2035.33    1747.61 Monoclinic-C
     2.524  11  11   12.28420    4.99790   10.65538     90.000    117.068     90.000     582.53    1791.30 Monoclinic-C
     2.825   4  36   18.35481    7.71201   16.30820     90.000    109.668     90.000    2173.79    1836.08 Monoclinic-C
     2.086   2  39   27.17768    3.90661   20.85841     90.000    113.746     90.000    2027.10    1881.99 Monoclinic-C
     2.311   1  35   13.60034   27.46552    9.43909     90.000    131.973     90.000    2621.34    1929.04 Monoclinic-C
     2.038   4  33   17.95982    9.28719   12.31197     90.000     97.646     90.000    2035.33    2077.36 Monoclinic-C
     2.691   1  38   13.51487   13.96674   14.45102     90.000    109.438     90.000    2572.28    2129.29 Monoclinic-C
Restart search, new Max Nc = 100
finished cell search for Monoclinic-C, elapsed time = 0: 1:30.90
elapsed 90.90179443359375 ncells 31
M20=    5.5 X20=13 Nc= 11 Monoclinic-C     a=  4.6992 b= 26.5229 c=  6.3602 al= 90.000 be=106.739 ga= 90.000 V=   759.1 Z~1.14
M20=    4.5 X20=13 Nc= 10 Monoclinic-C     a=  7.6565 b= 17.7723 c=  4.8437 al= 90.000 be= 92.434 ga= 90.000 V=   658.5 Z~0.99
M20=    3.9 X20=13 Nc= 14 Monoclinic-C     a=  6.4029 b= 28.0835 c=  5.2944 al= 90.000 be=102.717 ga= 90.000 V=   928.7 Z~1.39
M20=    3.6 X20=12 Nc= 12 Monoclinic-C     a=  8.5160 b= 11.5157 c=  9.3226 al= 90.000 be=107.664 ga= 90.000 V=   871.1 Z~1.31
M20=    3.5 X20=13 Nc= 11 Monoclinic-C     a= 12.3238 b=  5.2857 c=  9.6155 al= 90.000 be= 99.033 ga= 90.000 V=   618.6 Z~0.93
M20=    3.4 X20=10 Nc= 14 Monoclinic-C     a= 12.7063 b=  8.0209 c=  9.6474 al= 90.000 be=112.782 ga= 90.000 V=   906.5 Z~1.36
M20=    3.3 X20=13 Nc= 14 Monoclinic-C     a= 14.1133 b= 11.9925 c=  6.4794 al= 90.000 be=110.246 ga= 90.000 V=  1028.9 Z~1.54
M20=    3.3 X20=13 Nc= 14 Monoclinic-C     a= 15.5093 b= 11.9925 c=  6.4794 al= 90.000 be=121.376 ga= 90.000 V=  1028.9 Z~1.54
M20=    3.0 X20=12 Nc= 12 Monoclinic-C     a= 11.3561 b=  8.9746 c=  9.3850 al= 90.000 be=108.605 ga= 90.000 V=   906.5 Z~1.36
M20=    3.0 X20= 6 Nc= 35 Monoclinic-C     a= 19.1695 b=  5.1636 c= 18.0738 al= 90.000 be= 98.037 ga= 90.000 V=  1771.4 Z~2.66
M20=    3.0 X20=11 Nc= 12 Monoclinic-C     a=  6.5115 b= 17.7501 c=  7.0532 al= 90.000 be= 96.166 ga= 90.000 V=   810.5 Z~1.22
M20=    2.8 X20= 4 Nc= 36 Monoclinic-C     a= 18.3548 b=  7.7120 c= 16.3082 al= 90.000 be=109.668 ga= 90.000 V=  2173.8 Z~3.26
M20=    2.7 X20=10 Nc= 20 Monoclinic-C     a=  7.7011 b= 35.5606 c=  5.5860 al= 90.000 be=126.561 ga= 90.000 V=  1228.7 Z~1.84
M20=    2.7 X20= 1 Nc= 38 Monoclinic-C     a= 13.5149 b= 13.9667 c= 14.4510 al= 90.000 be=109.438 ga= 90.000 V=  2572.3 Z~3.86
M20=    2.7 X20=12 Nc= 15 Monoclinic-C     a= 12.2486 b=  5.8400 c= 13.6554 al= 90.000 be= 96.132 ga= 90.000 V=   971.2 Z~1.46
M20=    2.6 X20=12 Nc= 16 Monoclinic-C     a= 11.7152 b=  7.1769 c= 13.8318 al= 90.000 be=100.287 ga= 90.000 V=  1144.3 Z~1.72
M20=    2.5 X20=11 Nc= 11 Monoclinic-C     a= 12.2842 b=  4.9979 c= 10.6554 al= 90.000 be=117.068 ga= 90.000 V=   582.5 Z~0.87
M20=    2.5 X20=11 Nc= 17 Monoclinic-C     a= 12.1875 b=  5.3496 c= 14.9372 al= 90.000 be=110.079 ga= 90.000 V=   914.7 Z~1.37
M20=    2.4 X20=11 Nc= 14 Monoclinic-C     a= 12.4634 b=  5.4866 c= 13.5956 al= 90.000 be=102.566 ga= 90.000 V=   907.4 Z~1.36
M20=    2.3 X20= 1 Nc= 35 Monoclinic-C     a= 13.6003 b= 27.4655 c=  9.4391 al= 90.000 be=131.973 ga= 90.000 V=  2621.3 Z~3.94
M20=    2.2 X20= 9 Nc= 19 Monoclinic-C     a= 12.0818 b= 13.2523 c=  7.7986 al= 90.000 be= 95.886 ga= 90.000 V=  1242.1 Z~1.86
M20=    2.2 X20= 2 Nc= 36 Monoclinic-C     a= 28.5248 b= 11.5976 c=  8.9124 al= 90.000 be=130.953 ga= 90.000 V=  2226.8 Z~3.34
M20=    2.2 X20= 9 Nc= 29 Monoclinic-C     a= 17.7788 b=  7.4679 c= 13.2963 al= 90.000 be= 91.528 ga= 90.000 V=  1764.7 Z~2.65
M20=    2.2 X20=11 Nc= 17 Monoclinic-C     a= 11.1470 b= 22.4215 c=  5.1442 al= 90.000 be=109.872 ga= 90.000 V=  1209.1 Z~1.82
M20=    2.2 X20=11 Nc= 17 Monoclinic-C     a=  7.8634 b=  9.7015 c= 14.0634 al= 90.000 be= 92.562 ga= 90.000 V=  1071.8 Z~1.61
M20=    2.2 X20= 3 Nc= 33 Monoclinic-C     a= 12.0260 b= 13.6082 c= 13.9781 al= 90.000 be=101.272 ga= 90.000 V=  2243.4 Z~3.37
M20=    2.1 X20= 2 Nc= 39 Monoclinic-C     a= 27.1777 b=  3.9066 c= 20.8584 al= 90.000 be=113.746 ga= 90.000 V=  2027.1 Z~3.04
M20=    2.0 X20= 2 Nc= 39 Monoclinic-C     a= 19.5962 b= 10.1067 c= 13.5951 al= 90.000 be=104.472 ga= 90.000 V=  2607.1 Z~3.91
M20=    2.0 X20= 4 Nc= 33 Monoclinic-C     a= 17.9598 b=  9.2872 c= 12.3120 al= 90.000 be= 97.646 ga= 90.000 V=  2035.3 Z~3.06
M20=    2.0 X20= 4 Nc= 33 Monoclinic-C     a= 17.9598 b=  9.2872 c= 12.3120 al= 90.000 be= 97.646 ga= 90.000 V=  2035.3 Z~3.06
