N.B. Configuration file /root/.GSASII/config.ini does not exist
======================================================================
Module pyspg in '/opt/g2/GSAS-II/GSASII-bin/linux_64_p3.13_n2.2' could not be loaded
error msg: /lib/x86_64-linux-gnu/libm.so.6: version `GLIBC_2.38' not found (required by /opt/g2/GSAS-II/GSASII-bin/linux_64_p3.13_n2.2/pyspg.cpython-313-x86_64-linux-gnu.so)
======================================================================
*** ERROR: Unable to find GSAS-II binaries. Much of GSAS-II cannot function
binary load error: pyspg not found
pypowder is not available - profile calcs. not allowed
pydiffax is not available for this platform
pypowder is not available - profile calcs. not allowed
peaks used: [np.float64(2.214), np.float64(3.868), np.float64(4.439), np.float64(4.941), np.float64(6.623), np.float64(7.722), np.float64(8.581), np.float64(9.56), np.float64(10.084), np.float64(10.309), np.float64(10.56), np.float64(11.426), np.float64(12.725), np.float64(13.27), np.float64(13.741), np.float64(16.228), np.float64(18.658), np.float64(19.863), np.float64(20.418), np.float64(20.732)]
lattice parameter range =     2.500  103.564
Zero = 0.0000 Nc/No max = 4  Max Nc = 80
cell search for  Monoclinic-P
      M20  X20  Nc       a          b          c        alpha       beta      gamma     volume      V-test
     6.230  14   9    6.36594    4.02828    2.84933     90.000    110.881     90.000      68.27      74.10 Monoclinic-P
     6.230  14   9    5.97609    4.02828    2.84933     90.000     95.573     90.000      68.27      74.10 Monoclinic-P
   781.863  15  12    3.65663    6.92633    3.48388     90.000    121.291     90.000      75.40      75.95 Monoclinic-P
   781.863  15  12    3.50358    6.92633    3.48388     90.000    116.891     90.000      75.40      75.95 Monoclinic-P
     2.930  14  10    5.48069    3.34963    4.12058     90.000    102.708     90.000      73.79      79.79 Monoclinic-P
     3.303  13  10    3.86817    5.34470    4.30317     90.000    110.720     90.000      83.21      85.93 Monoclinic-P
     3.303  13  10    4.30317    5.34470    3.86817     90.000    110.720     90.000      83.21      88.08 Monoclinic-P
     3.048  14  14    5.47108    3.34719    5.92426     90.000    115.372     90.000      98.03      92.53 Monoclinic-P
     6.893  13  11    4.51741    2.83453    4.97452     90.000    116.560     90.000      56.98      92.53 Monoclinic-P
     4.685  13  14    8.71801    3.51319    3.70266     90.000    127.271     90.000      90.25      94.85 Monoclinic-P
     4.685  13  14    7.11456    3.51319    3.70266     90.000    102.805     90.000      90.25      94.85 Monoclinic-P
     3.048  14  14    5.92426    3.34719    5.47108     90.000    115.372     90.000      98.03      99.65 Monoclinic-P
     3.110  12  15    5.99327    6.93443    2.84956     90.000     95.801     90.000     117.82     102.14 Monoclinic-P
     3.110  12  15    2.84956    6.93443    5.99327     90.000     95.801     90.000     117.82     104.69 Monoclinic-P
     3.110  12  15    5.99327    6.93443    2.84956     90.000     95.801     90.000     117.82     107.31 Monoclinic-P
     2.715  12  17    7.08016    5.96045    2.90153     90.000    101.307     90.000     120.07     109.99 Monoclinic-P
     3.110  12  15    2.84956    6.93443    5.99327     90.000     95.801     90.000     117.82     112.74 Monoclinic-P
     2.932  11  18    4.88059    3.51285    7.05525     90.000    101.188     90.000     118.66     115.56 Monoclinic-P
     3.110  12  15    2.84956    6.93443    5.99327     90.000     95.801     90.000     117.82     118.45 Monoclinic-P
     3.110  12  19    3.19920    6.93443    6.14064     90.000    103.832     90.000     132.28     121.41 Monoclinic-P
     3.110  12  15    6.89141    6.93443    2.84956     90.000    120.092     90.000     117.82     124.45 Monoclinic-P
     3.110  12  15    5.99327    6.93443    2.84956     90.000     95.801     90.000     117.82     124.45 Monoclinic-P
     3.110  12  15    2.84956    6.93443    6.89141     90.000    120.092     90.000     117.82     127.56 Monoclinic-P
     3.110  12  15    2.84956    6.93443    5.99327     90.000     95.801     90.000     117.82     127.56 Monoclinic-P
     2.890  12  17    3.12976    6.93680    5.99843     90.000     96.320     90.000     129.44     130.75 Monoclinic-P
     3.110  12  15    5.99327    6.93443    2.84956     90.000     95.801     90.000     117.82     134.02 Monoclinic-P
     2.932  11  18    4.88059    3.51285    7.05525     90.000    101.188     90.000     118.66     137.37 Monoclinic-P
     3.110  12  19    3.26004    6.93443    6.25742     90.000    107.659     90.000     134.79     140.80 Monoclinic-P
     3.110  12  19    3.26004    6.93443    6.11613     90.000    102.866     90.000     134.79     140.80 Monoclinic-P
     3.110  12  19    6.20880    6.93443    3.19920     90.000    106.190     90.000     132.28     144.32 Monoclinic-P
     3.110  12  19    6.14064    6.93443    3.19920     90.000    103.832     90.000     132.28     144.32 Monoclinic-P
     2.438  11  23   13.83276    3.21995    3.87383     90.000    120.346     90.000     148.90     147.93 Monoclinic-P
     2.438  11  23   12.33720    3.21995    3.87383     90.000    104.624     90.000     148.90     147.93 Monoclinic-P
     2.805  10  31    5.34548    3.34329   11.86859     90.000     91.943     90.000     211.99     189.36 Monoclinic-P
     2.368   6  32    4.93869   20.87653    2.55501     90.000     92.743     90.000     263.13     219.60 Monoclinic-P
     2.307   6  43   21.01726    4.93313    2.86991     90.000     96.492     90.000     295.65     242.40 Monoclinic-P
     2.307   6  43   20.88832    4.93313    2.86991     90.000     91.354     90.000     295.65     242.40 Monoclinic-P
     2.307   7  31    6.88147    4.84936    7.05354     90.000    100.638     90.000     231.34     248.46 Monoclinic-P
     2.389   5  48    3.34618    4.93068   26.39253     90.000    127.720     90.000     344.44     254.67 Monoclinic-P
     2.389   5  48    3.34618    4.93068   24.48876     90.000    121.516     90.000     344.44     254.67 Monoclinic-P
     2.087   8  34    3.24280   11.94390    6.99555     90.000     97.162     90.000     268.84     267.57 Monoclinic-P
     2.155   8  36   12.02106    6.94188    3.13691     90.000     96.535     90.000     260.07     274.26 Monoclinic-P
     2.155   8  36    3.13691    6.94188   12.91124     90.000    112.331     90.000     260.07     288.14 Monoclinic-P
     2.155   8  36    3.13691    6.94188   12.07323     90.000     98.424     90.000     260.07     288.14 Monoclinic-P
     3.287   5  47    5.06895   20.88571    3.77477     90.000    103.645     90.000     388.35     310.29 Monoclinic-P
     2.032   2  58   10.87213    2.90815   12.51443     90.000    107.701     90.000     376.94     326.00 Monoclinic-P
     2.574   6  37    4.94893   20.87543    2.72768     90.000     94.180     90.000     281.05     334.15 Monoclinic-P
     2.032   2  58   12.51443    2.90815   10.87213     90.000    107.701     90.000     376.94     351.07 Monoclinic-P
     2.032   2  58   10.87213    2.90815   12.51443     90.000    107.701     90.000     376.94     359.85 Monoclinic-P
     3.983   1  74   20.94942    2.50636    9.34163     90.000     97.065     90.000     486.78     368.84 Monoclinic-P
Restart search, new Max Nc = 100
     4.381  14  10    3.54872    6.93761    3.00774     90.000    109.514     90.000      69.80      69.98 Monoclinic-P
     8.020  13  12    3.62468    6.92590    3.11914     90.000     95.099     90.000      77.99      71.72 Monoclinic-P
     2.930  14  10    5.48069    3.34963    4.12058     90.000    102.708     90.000      73.79      75.36 Monoclinic-P
    16.675  15   9    4.00875    5.94506    3.73233     90.000    120.214     90.000      76.87      81.15 Monoclinic-P
    16.675  15   9    3.86544    5.94506    3.73233     90.000    116.339     90.000      76.87      81.15 Monoclinic-P
     3.048  14  14    5.47108    3.34719    5.92426     90.000    115.372     90.000      98.03      83.18 Monoclinic-P
     3.303  13  10    3.86817    5.34470    4.30317     90.000    110.720     90.000      83.21      85.26 Monoclinic-P
     3.048  14  14    5.92426    3.34719    5.47108     90.000    115.372     90.000      98.03      94.11 Monoclinic-P
     2.043  12  16    2.84699    5.95986    7.25223     90.000    106.960     90.000     117.70     101.35 Monoclinic-P
     2.043  12  16    2.84699    5.95986    6.97527     90.000     96.019     90.000     117.70     101.35 Monoclinic-P
     3.048  14  14    5.92426    3.34719    5.47108     90.000    115.372     90.000      98.03     103.88 Monoclinic-P
     3.110  12  15    2.84956    6.93443    5.99327     90.000     95.801     90.000     117.82     106.48 Monoclinic-P
     8.881  14  16    6.61565    3.22510    6.04866     90.000    116.115     90.000     115.88     109.14 Monoclinic-P
     3.239  13  16    3.38459   11.93493    3.26000     90.000     98.786     90.000     130.14     111.87 Monoclinic-P
     2.932  11  18    4.88059    3.51285    7.05525     90.000    101.188     90.000     118.66     114.66 Monoclinic-P
     3.110  12  19    3.19920    6.93443    6.20880     90.000    106.190     90.000     132.28     117.53 Monoclinic-P
     3.110  12  19    3.19920    6.93443    6.14064     90.000    103.832     90.000     132.28     117.53 Monoclinic-P
     3.110  12  15    5.99327    6.93443    2.84956     90.000     95.801     90.000     117.82     120.47 Monoclinic-P
     3.110  12  15    2.84956    6.93443    6.89141     90.000    120.092     90.000     117.82     123.48 Monoclinic-P
     3.110  12  15    2.84956    6.93443    5.99327     90.000     95.801     90.000     117.82     123.48 Monoclinic-P
     3.110  12  15    2.84956    6.93443    6.37080     90.000    110.622     90.000     117.82     132.97 Monoclinic-P
     3.110  12  15    2.84956    6.93443    5.99327     90.000     95.801     90.000     117.82     132.97 Monoclinic-P
     3.110  12  19    6.20880    6.93443    3.19920     90.000    106.190     90.000     132.28     136.30 Monoclinic-P
     3.110  12  19    6.14064    6.93443    3.19920     90.000    103.832     90.000     132.28     136.30 Monoclinic-P
     3.110  12  19    3.26004    6.93443    6.11613     90.000    102.866     90.000     134.79     139.71 Monoclinic-P
     3.110  12  19    6.14064    6.93443    3.19920     90.000    103.832     90.000     132.28     143.20 Monoclinic-P
     2.890  12  17    5.99843    6.93680    3.12976     90.000     96.320     90.000     129.44     146.78 Monoclinic-P
     3.110  12  19    3.26004    6.93443    6.11613     90.000    102.866     90.000     134.79     150.45 Monoclinic-P
     5.937   9  27    6.87978    3.61073    7.04736     90.000    100.571     90.000     172.09     166.07 Monoclinic-P
     3.745  12  22    3.86748   11.88479    4.11548     90.000    101.511     90.000     185.36     174.47 Monoclinic-P
     3.745  12  22    5.05390   11.88479    3.86748     90.000    127.066     90.000     185.36     178.83 Monoclinic-P
     3.745  12  22    4.11548   11.88479    3.86748     90.000    101.511     90.000     185.36     178.83 Monoclinic-P
     2.368   6  36    2.54576    4.93303   21.12679     90.000     98.828     90.000     262.17     207.39 Monoclinic-P
     2.368   6  36    2.54576    4.93303   20.88814     90.000     91.911     90.000     262.17     207.39 Monoclinic-P
     2.307   7  31    6.88147    4.84936    7.05354     90.000    100.638     90.000     231.34     217.89 Monoclinic-P
     2.805  10  31    5.34548    3.34329   11.86859     90.000     91.943     90.000     211.99     223.34 Monoclinic-P
     2.627  10  23    3.73035   11.92675    4.59078     90.000    104.297     90.000     197.92     228.92 Monoclinic-P
     2.227   6  43   20.89760    4.93133    2.84893     90.000     92.121     90.000     293.39     234.65 Monoclinic-P
     2.227   6  38    2.86245   20.88327    4.93304     90.000     91.510     90.000     294.78     240.51 Monoclinic-P
     2.805  10  31    5.34548    3.34329   13.18105     90.000    115.854     90.000     211.99     246.53 Monoclinic-P
     2.805  10  31    5.34548    3.34329   11.86859     90.000     91.943     90.000     211.99     246.53 Monoclinic-P
     2.155   8  36    3.13691    6.94188   12.02106     90.000     96.535     90.000     260.07     259.01 Monoclinic-P
     2.211   7  32    4.64866   11.86960    5.15579     90.000    111.478     90.000     264.73     272.12 Monoclinic-P
     2.100   7  41   12.04705    6.94795    4.08252     90.000     99.125     90.000     337.39     278.92 Monoclinic-P
     2.227   6  38    4.94347   20.88327    2.84195     90.000     94.017     90.000     292.67     307.88 Monoclinic-P
     3.685   4  56    9.58879    5.94760    8.14973     90.000    104.664     90.000     449.64     315.57 Monoclinic-P
     2.237   6  41    3.12044   20.87591    4.93633     90.000     92.257     90.000     321.31     323.46 Monoclinic-P
     2.593   3  59   21.41331    4.51094    4.93922     90.000    103.014     90.000     464.85     331.55 Monoclinic-P
     2.593   3  59   20.86368    4.51094    4.93922     90.000     90.322     90.000     464.85     331.55 Monoclinic-P
     3.685   4  56    9.58879    5.94760    8.14973     90.000    104.664     90.000     449.64     339.84 Monoclinic-P
     3.685   4  56   10.89942    5.94760    8.14973     90.000    121.669     90.000     449.64     348.33 Monoclinic-P
     3.685   4  56    9.58879    5.94760    8.14973     90.000    104.664     90.000     449.64     348.33 Monoclinic-P
     3.685   4  56    8.14973    5.94760    9.58879     90.000    104.664     90.000     449.64     365.97 Monoclinic-P
     3.983   1  74    9.34163    2.50063   20.94942     90.000     97.065     90.000     485.66     375.12 Monoclinic-P
     2.082   1  74   48.25150    2.50084    4.74903     90.000    118.022     90.000     505.88     384.50 Monoclinic-P
     2.082   1  74   46.21090    2.50084    4.74903     90.000    112.817     90.000     505.88     384.50 Monoclinic-P
finished cell search for Monoclinic-P, elapsed time = 0: 1:21.90
elapsed 81.89871954917908 ncells 106
M20=  781.9 X20=15 Nc= 12 Monoclinic-P     a=  3.6566 b=  6.9263 c=  3.4839 al= 90.000 be=121.291 ga= 90.000 V=    75.4 Z~0.16
M20=  781.9 X20=15 Nc= 12 Monoclinic-P     a=  3.5036 b=  6.9263 c=  3.4839 al= 90.000 be=116.891 ga= 90.000 V=    75.4 Z~0.16
M20=   16.7 X20=15 Nc=  9 Monoclinic-P     a=  4.0087 b=  5.9451 c=  3.7323 al= 90.000 be=120.214 ga= 90.000 V=    76.9 Z~0.16
M20=   16.7 X20=15 Nc=  9 Monoclinic-P     a=  3.8654 b=  5.9451 c=  3.7323 al= 90.000 be=116.339 ga= 90.000 V=    76.9 Z~0.16
M20=    8.9 X20=14 Nc= 16 Monoclinic-P     a=  6.6156 b=  3.2251 c=  6.0487 al= 90.000 be=116.115 ga= 90.000 V=   115.9 Z~0.25
M20=    8.0 X20=13 Nc= 12 Monoclinic-P     a=  3.6247 b=  6.9259 c=  3.1191 al= 90.000 be= 95.099 ga= 90.000 V=    78.0 Z~0.17
M20=    6.9 X20=13 Nc= 11 Monoclinic-P     a=  4.5174 b=  2.8345 c=  4.9745 al= 90.000 be=116.560 ga= 90.000 V=    57.0 Z~0.12
M20=    6.2 X20=14 Nc=  9 Monoclinic-P     a=  6.3659 b=  4.0283 c=  2.8493 al= 90.000 be=110.881 ga= 90.000 V=    68.3 Z~0.15
M20=    6.2 X20=14 Nc=  9 Monoclinic-P     a=  5.9761 b=  4.0283 c=  2.8493 al= 90.000 be= 95.573 ga= 90.000 V=    68.3 Z~0.15
M20=    5.9 X20= 9 Nc= 27 Monoclinic-P     a=  6.8798 b=  3.6107 c=  7.0474 al= 90.000 be=100.571 ga= 90.000 V=   172.1 Z~0.37
M20=    4.7 X20=13 Nc= 14 Monoclinic-P     a=  7.1146 b=  3.5132 c=  3.7027 al= 90.000 be=102.805 ga= 90.000 V=    90.2 Z~0.19
M20=    4.7 X20=13 Nc= 14 Monoclinic-P     a=  8.7180 b=  3.5132 c=  3.7027 al= 90.000 be=127.271 ga= 90.000 V=    90.2 Z~0.19
M20=    4.4 X20=14 Nc= 10 Monoclinic-P     a=  3.5487 b=  6.9376 c=  3.0077 al= 90.000 be=109.514 ga= 90.000 V=    69.8 Z~0.15
M20=    4.0 X20= 1 Nc= 74 Monoclinic-P     a=  9.3416 b=  2.5006 c= 20.9494 al= 90.000 be= 97.065 ga= 90.000 V=   485.7 Z~1.04
M20=    4.0 X20= 1 Nc= 74 Monoclinic-P     a= 20.9494 b=  2.5064 c=  9.3416 al= 90.000 be= 97.065 ga= 90.000 V=   486.8 Z~1.04
M20=    3.7 X20=12 Nc= 22 Monoclinic-P     a=  4.1155 b= 11.8848 c=  3.8675 al= 90.000 be=101.511 ga= 90.000 V=   185.4 Z~0.40
M20=    3.7 X20=12 Nc= 22 Monoclinic-P     a=  3.8675 b= 11.8848 c=  4.1155 al= 90.000 be=101.511 ga= 90.000 V=   185.4 Z~0.40
M20=    3.7 X20=12 Nc= 22 Monoclinic-P     a=  5.0539 b= 11.8848 c=  3.8675 al= 90.000 be=127.066 ga= 90.000 V=   185.4 Z~0.40
M20=    3.7 X20= 4 Nc= 56 Monoclinic-P     a=  9.5888 b=  5.9476 c=  8.1497 al= 90.000 be=104.664 ga= 90.000 V=   449.6 Z~0.96
M20=    3.7 X20= 4 Nc= 56 Monoclinic-P     a= 10.8994 b=  5.9476 c=  8.1497 al= 90.000 be=121.669 ga= 90.000 V=   449.6 Z~0.96
M20=    3.7 X20= 4 Nc= 56 Monoclinic-P     a=  8.1497 b=  5.9476 c=  9.5888 al= 90.000 be=104.664 ga= 90.000 V=   449.6 Z~0.96
M20=    3.7 X20= 4 Nc= 56 Monoclinic-P     a=  9.5888 b=  5.9476 c=  8.1497 al= 90.000 be=104.664 ga= 90.000 V=   449.6 Z~0.96
M20=    3.7 X20= 4 Nc= 56 Monoclinic-P     a=  9.5888 b=  5.9476 c=  8.1497 al= 90.000 be=104.664 ga= 90.000 V=   449.6 Z~0.96
M20=    3.3 X20=13 Nc= 10 Monoclinic-P     a=  3.8682 b=  5.3447 c=  4.3032 al= 90.000 be=110.720 ga= 90.000 V=    83.2 Z~0.18
M20=    3.3 X20=13 Nc= 10 Monoclinic-P     a=  3.8682 b=  5.3447 c=  4.3032 al= 90.000 be=110.720 ga= 90.000 V=    83.2 Z~0.18
M20=    3.3 X20=13 Nc= 10 Monoclinic-P     a=  4.3032 b=  5.3447 c=  3.8682 al= 90.000 be=110.720 ga= 90.000 V=    83.2 Z~0.18
M20=    3.3 X20= 5 Nc= 47 Monoclinic-P     a=  5.0690 b= 20.8857 c=  3.7748 al= 90.000 be=103.645 ga= 90.000 V=   388.4 Z~0.83
M20=    3.2 X20=13 Nc= 16 Monoclinic-P     a=  3.3846 b= 11.9349 c=  3.2600 al= 90.000 be= 98.786 ga= 90.000 V=   130.1 Z~0.28
M20=    3.1 X20=12 Nc= 19 Monoclinic-P     a=  6.1406 b=  6.9344 c=  3.1992 al= 90.000 be=103.832 ga= 90.000 V=   132.3 Z~0.28
M20=    3.1 X20=12 Nc= 15 Monoclinic-P     a=  2.8496 b=  6.9344 c=  5.9933 al= 90.000 be= 95.801 ga= 90.000 V=   117.8 Z~0.25
