Xe3a2935 P 2 2 2 Rwp=0.0783 nrefl=154 cell= 10.29176 6.88129 19.99016 90.0000 90.0000 90.0000
--- absences : 25 reflections used (stol<=0.129)
class                     nAbs   <I>abs nPres  <I>pres   ratio
00l: l odd (2_1 c)           3    0.016     2    0.962   0.017 <== ABSENT?
0kl: k odd (b_a)             5    0.095     5    0.394   0.242
0kl: l odd (c_a)             5    0.067     5    0.422   0.159 (weak)
0kl: k+l odd (n_a)           6    0.039     4    0.553   0.071 <== ABSENT?
h0l: h odd (a_b)             5    1.602     9    0.341   4.702
h0l: l odd (c_b)             7    0.336     7    1.246   0.270
h0l: h+l odd (n_b)           8    0.771     6    0.818   0.943
hk0: h odd (a_c)             2    0.701     3    0.474   1.481
hk0: k odd (b_c)             3    0.831     2    0.165   5.040
hk0: h+k odd (n_c)           3    0.379     2    0.843   0.449
hkl: h+k odd (C)            12    0.810    13    1.176   0.689
hkl: h+l odd (B)            13    1.034    12    0.963   1.074
hkl: k+l odd (A)            13    0.810    12    1.206   0.671
hkl: h+k+l odd (I)          14    0.916    11    1.107   0.827
--- absences : 154 reflections used (stol<=0.259)
class                     nAbs   <I>abs nPres  <I>pres   ratio
h00: h odd (2_1 a)           3    1.530     2    0.173   8.835
0k0: k odd (2_1 b)           2    0.000     1   38.098   0.000 <== ABSENT?
00l: l odd (2_1 c)           5    0.016     5    0.411   0.040 <== ABSENT?
0kl: k odd (b_a)            16    0.396    19    2.876   0.138 (weak)
0kl: l odd (c_a)            17    0.748    18    2.682   0.279
0kl: k+l odd (n_a)          17    0.804    18    2.629   0.306
h0l: h odd (a_b)            24    1.209    27    0.548   2.205
h0l: l odd (c_b)            24    0.545    27    1.139   0.479
h0l: h+l odd (n_b)          26    0.902    25    0.815   1.107
hk0: h odd (a_c)             9    1.143    10    4.112   0.278
hk0: k odd (b_c)             9    0.794    10    4.426   0.179 (weak)
hk0: h+k odd (n_c)          10    0.657     9    4.982   0.132 (weak)
hkl: h+k odd (C)            78    0.785    76    1.221   0.643
hkl: h+l odd (B)            78    0.794    76    1.211   0.656
hkl: k+l odd (A)            76    0.734    78    1.260   0.582
hkl: h+k+l odd (I)          78    0.790    76    1.216   0.650
lowest-angle reflections (h k l  2theta  I):
    0   0   1    1.344         0.0
    1   0   0    2.610         0.2
    0   0   2    2.687         5.9
    1   0   1    2.935        15.2
    1   0   2    3.746        53.3
    0   1   0    3.904         0.0
    0   0   3    4.031         0.4
    0   1   1    4.128         0.3
    1   1   0    4.696        12.5
    0   1   2    4.740         1.6
    1   0   3    4.803         3.8
    1   1   1    4.885        17.6
    2   0   0    5.221         2.8
    0   0   4    5.376        11.5
    2   0   1    5.391         1.9
    1   1   2    5.411        49.7
    0   1   3    5.613         2.3
    2   0   2    5.873         5.2
    1   0   4    5.977         0.0
    1   1   3    6.191        30.8
    2   1   0    6.520        10.1
    2   0   3    6.598         0.0
    0   1   4    6.645         0.1
    2   1   1    6.658         1.1
    0   0   5    6.721         0.0
    2   1   2    7.054        31.5
    1   1   4    7.140         1.9
    1   0   5    7.211         8.7
    2   0   4    7.496        12.7
    2   1   3    7.668         0.8
    0   1   5    7.775        19.4
    0   2   0    7.812       323.1
    3   0   0    7.835        38.4
    0   2   1    7.927        55.2
    3   0   1    7.949         0.5
    0   0   6    8.068         0.0
    1   1   5    8.202         0.1
    1   2   0    8.237         2.3
    0   2   2    8.262         0.4
    3   0   2    8.284        22.6
