ObjRegistry<T>::Find(C): Not found !!
List of Crystal ScatteringPowers :0 object registered:
ObjRegistry<T>::Find(N): Not found !!
List of Crystal ScatteringPowers :1 object registered:
#  0:ScatteringPowerAtom(C)
ObjRegistry<T>::Find(O): Not found !!
List of Crystal ScatteringPowers :2 object registered:
#  0:ScatteringPowerAtom(C)
#  1:ScatteringPowerAtom(N)
ObjRegistry<T>::Find(Cl): Not found !!
List of Crystal ScatteringPowers :3 object registered:
#  0:ScatteringPowerAtom(C)
#  1:ScatteringPowerAtom(N)
#  2:ScatteringPowerAtom(O)
ObjRegistry<T>::Find(ion_Cl): Not found !!
List of Crystal ScatteringPowers :4 object registered:
#  0:ScatteringPowerAtom(C)
#  1:ScatteringPowerAtom(N)
#  2:ScatteringPowerAtom(O)
#  3:ScatteringPowerAtom(Cl)
IMPORTED Xbfeeda9 11 Rw 0.20400764217946574 Chi2 394598.4452466058
