Xbfeeda9 CUBIC P 0 peaks [5.34086, 9.83521, 10.76052, 11.87024, 12.90361, 13.60996, 14.26707, 15.3791, 15.82593, 16.22635, 17.1726, 17.91618, 18.39564, 19.00636, 19.8005, 20.172, 21.40279, 21.76391, 22.17054, 22.40243, 22.88997, 23.50179] V 4232.1708984375 6300 Lmax 51.71361301253933
3->51.7136,1.94855,24.9999
1.5708->2.44346,0.0766052,0.766044,11.3917
4232.17->6300,413.574,4.9999
Starting: V=4232.17->4645.75
51.7136,3,1.94862
Finished: V=4232.17->4645.75 A^3, 3 unit cells tested, 32608.7 tests/s,   Elapsed time=9.7e-05s
Starting: V=4645.75->5059.32
51.7136,3,1.94862
Finished: V=4645.75->5059.32 A^3, 4 unit cells tested, 24539.9 tests/s,   Elapsed time=0.000168s
Starting: V=5059.32->5472.89
51.7136,3,1.94862
Finished: V=5059.32->5472.89 A^3, 5 unit cells tested, 21551.7 tests/s,   Elapsed time=0.000237s
Starting: V=5472.89->5886.47
51.7136,3,1.94862
Finished: V=5472.89->5886.47 A^3, 6 unit cells tested, 20066.9 tests/s,   Elapsed time=0.000304s
Starting: V=5886.47->6300
51.7136,3,1.94862
Finished: V=5886.47->6300 A^3, 7 unit cells tested, 18716.6 tests/s,   Elapsed time=0.000379s
DONE Xbfeeda9 CUBIC P 0 0.000484466552734375 []
