START 0.10689023305559885 1187.3565883806668
Imported powder pattern: 6041 points, 2theta=  4.850 ->  65.251, step= 0.010
EXTENDED 0.35 6041 Rw 0.10967357943281171
WITH_H 0.10941098323681807 133238.8837741101
Imported powder pattern: 6036 points, 2theta=  4.850 ->  65.201, step= 0.010
SCALED_SIGMA 4.698301438877142 6035.440270824568
TIGHT_RESTRAINTS
FLEXIBLE_RINGS
AROMATIC_PLANARITY 0
LSQ_PACKING 35 atoms 4120 terms sigma 0.01 cost 0.6979251717200083
EXTENDED_BACKGROUND 0.08942603585942929
FREE_MARCH MarchCoeff_0 1.322950005531311
CYCLE 0 0 Rw 0.08050545778147263 chi2 3267.969819777023 geom 87.86395741798216 LSQ 3615.739067867824
CYCLE 0 1 Rw 0.0792291693206914 chi2 3165.174035518044 geom 87.86395741798216 LSQ 3476.71287641722
CYCLE 0 2 Rw 0.07873271720707088 chi2 3125.6321781544825 geom 87.86395741798216 LSQ 3410.9376283358697
PACKING_STAGE 0 0.6979251717196373
CYCLE 1 0 Rw 0.058261510943408555 chi2 1711.5550648992132 geom 219.47608347501424 LSQ 2223.8519721799826
CYCLE 1 1 Rw 0.04980175788180199 chi2 1250.595133799611 geom 156.38860699156456 LSQ 1658.5560502284297
CYCLE 1 2 Rw 0.049058914308762636 chi2 1213.5655936646583 geom 79.69880284220595 LSQ 1481.759142474285
PACKING_STAGE 1 0.0
CYCLE 2 0 Rw 0.04777102711631177 chi2 1150.6852534529028 geom 74.3669653449268 LSQ 1397.1836735186275
CYCLE 2 1 Rw 0.04690164232779004 chi2 1109.1837290337435 geom 71.0819372144808 LSQ 1348.0570390727205
CYCLE 2 2 Rw 0.04662037314135143 chi2 1095.9200683230413 geom 70.0542151051413 LSQ 1327.7159437059454
PACKING_STAGE 2 0.0
CYCLE 3 0 Rw 0.041607287313850716 chi2 872.903415919847 geom 67.38798398683008 LSQ 1093.0204607302805
CYCLE 3 1 Rw 0.03892547984171214 chi2 764.0034841205819 geom 67.43218424079322 LSQ 980.5254723916842
CYCLE 3 2 Rw 0.0383449779978826 chi2 741.3859904040255 geom 64.91241816204388 LSQ 952.2422467447657
PACKING_STAGE 3 0.0
FINISHED Xbfeeda9 0.0383449779978826
