PLANE 0 [0.004028483866281279, 0.002233320413460578, 0.0010641417391707754, 0.002434722822942139] USE [2, 6, 9, 10, 13, 14, 17, 18, 19, 20, 21, 23, 25]
DIFFS [-0.0037 -0.0107  0.0038  0.0233  0.2955 -0.0012  0.0056 -0.7014  0.124
 -0.0054  0.0013  0.0048 -0.0172  0.0109  0.439   0.003  -0.1633 -0.0117]
ENUM P 1 21 1 1 1285 628
ENUM P 1 21 1 2 2574 487
ENUM C 1 2 1 1 666 22
ENUM C 1 2 1 2 1312 222
BEST 0.3053926914870645 P 1 21 1 [ 16.87548   9.93987  22.70304  90.      110.71753  90.     ] 0.024181747587768768 [ 0.0078 -0.0091  0.005   0.0071 -0.0377 -0.0118 -0.0003  0.0741  0.0345
 -0.0061  0.0011 -0.0141 -0.0265  0.0056 -0.0082  0.0032  0.0142 -0.0045]
BEST 0.31497888057013185 P 1 21 1 [ 16.86128  19.91688  22.69301  90.      110.70737  90.     ] 0.02052987313109452 [ 0.0085 -0.008   0.01    0.0087 -0.0296 -0.0067  0.0051 -0.0056  0.025
  0.0036 -0.0041 -0.0082 -0.017   0.0154 -0.0207 -0.      0.0147  0.0048]
BEST 0.3397783056633598 P 1 21 1 [ 33.69476   9.97809  22.67398  90.      110.74193  90.     ] 0.007138723477151453 [ 0.001  -0.0158  0.0085  0.01   -0.0176 -0.0041  0.0002  0.0519  0.0124
  0.0021 -0.0044 -0.0104 -0.0126  0.0131 -0.0159  0.0006  0.0031 -0.003 ]
BEST 0.3451013092550229 P 1 21 1 [ 16.85735  17.99947  22.63089  90.      110.81178  90.     ] 0.005667020933763016 [-0.0012 -0.0088  0.0056  0.0093  0.0092  0.0032  0.0049 -0.0774 -0.0011
  0.0072  0.0082  0.0053 -0.0162  0.0073  0.0117  0.0068 -0.0148 -0.0056]
BEST 0.41183932063767087 P 1 21 1 [ 33.65568   7.4109   22.61488  90.      110.76096  90.     ] -0.011884118347642015 [-0.0108 -0.0167  0.004   0.018  -0.0015 -0.0011  0.007  -0.0018  0.0531
  0.0028  0.0022  0.0072 -0.0097  0.0195 -0.0596  0.0105 -0.0168 -0.0113]
BEST 0.42769185671980176 P 1 21 1 [ 33.75564   7.47068  22.66966  90.      110.78057  90.     ] 0.020907770906257724 [ 0.0061 -0.0056  0.0048  0.0232 -0.0636 -0.0036  0.0022  0.0214 -0.0029
 -0.0013 -0.0059 -0.0037 -0.025   0.0021  0.0565 -0.008  -0.0028  0.0019]
BEST 0.4283209508595108 P 1 21 1 [ 16.8505    9.90032  22.68231  90.      110.74637  90.     ] 0.009077893959500491 [ 0.002  -0.0167  0.0087  0.009  -0.0206 -0.0044 -0.0022  0.0962  0.0516
  0.0007 -0.0122 -0.0143 -0.0133  0.0106 -0.0412 -0.0005  0.0337 -0.0133]
BEST 0.43956662143165365 C 1 2 1 [ 33.75338   7.46956  22.64658  90.      110.79538  90.     ] 0.01586574207969971 [ 0.0019 -0.0045  0.0016  0.0282 -0.0668 -0.0031  0.0044  0.0183 -0.0003
 -0.0015 -0.0007  0.0036 -0.0273  0.0015  0.0544 -0.0068 -0.0022 -0.0095]
BEST 0.4689678310705989 P 1 21 1 [ 16.86541  18.12463  22.60559  90.      110.79944  90.     ] 0.006812700208081033 [-0.0032 -0.0008  0.0004 -0.0084 -0.009   0.0003  0.0133  0.0754 -0.0143
 -0.0124  0.0093 -0.0029  0.01    0.0092 -0.016   0.0002 -0.0367  0.0182]
BEST 0.47209415069369365 P 1 21 1 [ 16.83889  20.64776  22.64204  90.      110.68268  90.     ] 0.005818363045521652 [ 0.0003 -0.0049  0.0084  0.0128 -0.0823 -0.005   0.0177 -0.0075  0.0019
  0.0124  0.006   0.0089 -0.012   0.0107  0.012  -0.0001 -0.0078 -0.0203]
BEST 0.47243278651046305 P 1 21 1 [ 16.87682  10.14966  22.64514  90.      110.81121  90.     ] 0.022028855914177768 [ 0.0086  0.0015  0.0089  0.037  -0.1545  0.0054  0.0098 -0.0375 -0.0414
 -0.0099  0.009   0.0093 -0.0195  0.0065  0.0208  0.0024  0.0121 -0.0015]
BEST 0.48427386386843635 C 1 2 1 [ 33.71581   7.42655  22.63796  90.      110.81579  90.     ] 0.005075416269277694 [-0.0019 -0.0116  0.0049  0.0278 -0.0101  0.002   0.0013 -0.0103  0.0469
 -0.01    0.0061  0.0002 -0.0169  0.0045 -0.0667  0.0057  0.0382 -0.0124]
