STARTS 420
AT 0
AT 30
AT 60
AT 90
AT 120
AT 150
AT 180
AT 210
AT 240
AT 270
AT 300
AT 330
AT 360
AT 390
BEST 0.5637321327638518 22 P 1 [23.54485 17.0295   7.82872 80.89365 73.58372 67.63834] -0.0013250075008419532 fit_triwide0.json:0 [-0.0077 -0.0109 -0.0069  0.0186  0.0394 -0.0009 -0.0168  0.0114  0.0072
  0.0002 -0.0032  0.0098  0.0056 -0.0012  0.0066 -0.0082 -0.0141  0.0054
 -0.0008  0.      0.0068 -0.0063 -0.0082]
BEST 0.6358999488374436 18 P 1 [11.5639  16.81473  7.16676 91.81174 84.14701 68.43281] -0.03535704790153124 index_emg1.json:4 [ 0.0051 -0.029  -0.0116  0.0141  0.1248 -0.0771  0.04    0.0004 -0.0212
 -0.0016  0.0024 -0.3036  0.0098  0.0146  0.02    0.0006 -0.0025 -0.0394
 -0.0007  0.0054 -0.0043 -0.0026  0.0023]
BEST 0.6436434610044445 18 P 1 [ 7.898   16.708   12.33695 71.41575 66.84169 90.49557] -0.04242679664317685 index_emg1.json:1 [-0.0219  0.0028  0.0059 -0.01    0.0023  0.0135  0.0125 -0.0012  0.0584
 -0.0551  0.003  -0.0976  0.3551  0.0023 -0.0135 -0.0063  0.0404 -0.0141
 -0.0021 -0.0014 -0.     -0.0039  0.0061]
BEST 0.6740514838606356 21 P 1 [ 23.12593  17.24919   8.8871  100.26217  97.73194  67.88088] 0.004510998538320922 index_triwide.json:10 [-0.0019  0.0039 -0.0011  0.0275 -0.0368  0.0041  0.0043  0.0061 -0.0378
 -0.0017  0.0025 -0.0092  0.0052 -0.01    0.0006 -0.0305  0.0095  0.003
  0.0013 -0.0022  0.005  -0.0021  0.0025]
BEST 0.682182372031337 22 P 1 [22.92726 17.59984  9.16793 72.93935 99.95499 73.51969] 0.0034525213113227246 fit_triwide2.json:0 [-0.0048 -0.0081 -0.006   0.0278  0.0192  0.0036  0.0023 -0.0627  0.0012
  0.0012 -0.0043 -0.005   0.0082  0.008  -0.0038  0.0115  0.0017 -0.0031
  0.0044 -0.0008 -0.0275 -0.002   0.0006]
BEST 0.7400519943738305 18 P 1 [ 5.98368 15.31698 15.63839 94.94683 87.27671 96.6744 ] -0.0634337760725303 index_emg1.json:0 [-0.0139  0.1257  0.0432 -0.0048 -0.0028 -0.0011  0.5722 -0.0431  0.0074
 -0.0071 -0.0065 -0.01    0.004  -0.0039  0.0111  0.0303 -0.0653  0.0054
  0.0032 -0.0043 -0.0025 -0.0211  0.0222]
BEST 0.7634471334706386 21 P 1 [ 17.14155  13.60396  11.24862  99.10357  71.57756 106.8429 ] 0.0006220767538157353 index_TRICLINIC_P_3.json:5 [-5.100e-03  3.060e-02 -3.800e-03 -4.170e-02 -1.039e-01  1.920e-02
 -1.100e-03  1.700e-02 -1.300e-03  5.500e-03  5.000e-04 -1.340e-02
  1.590e-02  1.670e-02  7.000e-03  2.900e-03 -1.920e-02 -4.400e-03
  1.500e-03 -1.650e-02  1.000e-04 -1.000e-03  1.000e-03]
BEST 0.7788914069525752 22 P 1 [ 23.86197  17.92196   8.51569 112.47313 112.83451  60.60071] -0.07833612000201008 index_triwide.json:3 [ 0.01    0.0079  0.0061 -0.0079 -0.0133 -0.0083  0.0053 -0.1907 -0.0324
 -0.0036  0.0088 -0.0016  0.0108  0.0142 -0.0057  0.0097  0.0021 -0.0097
 -0.0109  0.0049  0.0048  0.0031 -0.0017]
BEST 0.7815431450098818 20 P 1 [ 16.61387  13.14495  11.40847  98.06417 108.19193  92.441  ] -0.001322293873653842 index_TRICLINIC_P_3.json:15 [-0.0054 -0.0119 -0.0023  0.0178  0.015   0.0025  0.0024 -0.0546  0.0133
 -0.0016  0.0037 -0.0633  0.0144  0.0027 -0.0092 -0.0059  0.0604  0.0115
 -0.0184  0.0029 -0.0155  0.0006 -0.    ]
BEST 0.7850712593322956 22 P 1 [ 23.98511  17.10007   7.837    83.18573  94.40096 113.70153] 0.12108280816687828 candidates_emgrefine.json:7 [-0.005   0.002  -0.0045  0.0648  0.0243 -0.0134 -0.0071  0.0022  0.0318
 -0.0079  0.011   0.0028 -0.0091  0.0001  0.0063 -0.0344 -0.0124 -0.0015
  0.0041 -0.0109 -0.0001  0.0045  0.0064]
BEST 0.7860197416940533 20 P 1 [ 16.63908  13.65427  10.91525 108.89514  72.3471  103.05847] -0.010760458678332488 index_TRICLINIC_P_3.json:24 [-0.0073 -0.0117  0.0034 -0.0056  0.0674 -0.0062  0.0439 -0.0202  0.0063
  0.0084  0.0172  0.0096  0.01   -0.0268 -0.0009  0.0051 -0.0084 -0.0028
 -0.086  -0.0025  0.0137 -0.0073  0.0004]
BEST 0.8053658385319373 15 P 1 [ 9.65291 15.52955  7.7198  83.37988 96.40321 96.31104] -0.13029748067793206 candidates_emgrefine.json:16 [ 1.000e-03  9.139e-01 -4.000e-03 -1.461e-01 -1.620e-02  2.060e-02
  1.000e-03  7.000e-04 -7.130e-02  1.620e-02  1.737e-01  6.930e-02
 -3.900e-02 -9.100e-03  1.040e-02 -1.120e-02  1.000e-04  4.500e-02
 -1.280e-02 -1.670e-02 -1.600e-03 -3.000e-03  4.070e-02]
BEST 0.812783826508113 18 P 1 [16.02062 12.84296  8.40545 95.32541 95.08586 98.43345] 0.021071907425868626 candidates_emgrefine.json:19 [ 0.001   0.0024 -0.0121 -0.0972  0.0044  0.0147 -0.0025 -0.0302  0.0239
  0.0043 -0.0225  0.0056  0.0482  0.0396 -0.0051  0.0006  0.0048 -0.0328
 -0.02    0.0017  0.0472  0.0023 -0.0654]
BEST 0.8190730080241075 20 P 1 [ 16.6017   13.04263  11.40359  98.41704 108.12676  92.41722] -0.00906549129918735 candidates_emgrefine.json:10 [-0.0103 -0.0105 -0.0045  0.0059  0.0047  0.0174 -0.002  -0.0036  0.0137
  0.009   0.0044 -0.0066 -0.0011  0.0049 -0.0035  0.0315 -0.1291  0.0743
 -0.0124 -0.0041 -0.0035  0.0118 -0.0431]
BEST 0.8201444551050348 21 P 1 [ 16.68087  13.64732  10.92851 108.76121  72.23964 103.02657] 0.006526461290508428 index_TRICLINIC_P_3.json:10 [-1.100e-03 -1.000e-04 -1.700e-03  3.900e-03  6.820e-02 -2.530e-02
 -3.260e-02 -8.700e-03  1.100e-02  1.420e-02  6.000e-04 -2.900e-03
  1.640e-02 -1.030e-02 -5.400e-03  1.470e-02 -1.460e-02  2.540e-02
 -1.073e-01  7.000e-03  9.500e-03 -6.000e-03 -2.100e-03]
BEST 0.8320669867485551 21 P 1 [ 7.71485 17.5816  15.76639 95.96752 94.8663  64.62263] 0.0768049435194889 candidates_emgrefine.json:2 [ 0.0291  0.0303 -0.0118 -0.0234  0.0101 -0.     -0.0682 -0.0001  0.0173
  0.0039 -0.0006 -0.0292 -0.0377 -0.0042 -0.03   -0.0091  0.0332  0.
 -0.002   0.0233  0.0024  0.0256 -0.0001]
BEST 0.8618889874240384 16 P 1 [11.5082   7.20645 16.19206 91.10799 76.21317 66.97519] -0.04032112122889174 index_emg1.json:9 [-0.0023  0.3547  0.0432 -0.0943 -0.0278  0.0803 -0.1707 -0.1579  0.0137
  0.0128 -0.0175 -0.004  -0.0149  0.006   0.0083  0.0153  0.0054 -0.1237
 -0.0017  0.0162  0.0048 -0.002  -0.0108]
BEST 0.8776211190770808 15 P 1 [ 10.49806  15.5669    7.82089  83.57363 103.65123  90.82643] -0.16586198373665267 candidates_emgrefine.json:11 [-0.0788  0.2341  0.0162 -0.0621 -0.0009  0.056  -0.0012 -0.0874  0.0162
 -0.0686  0.1154 -0.0026  0.0084 -0.1501  0.0102 -0.0053 -0.0037  0.0133
  0.0085 -0.0071 -0.0261 -0.0063  0.0132]
BEST 0.8783252491511939 21 P 1 [ 16.90141  15.96797  12.40779 114.83517 111.59193  76.82701] 0.015444715806870776 candidates_emgrefine.json:13 [ 0.0332 -0.0082 -0.0031 -0.0027 -0.0135  0.005   0.0064 -0.0022 -0.0077
 -0.0113  0.0304  0.062   0.0022 -0.018   0.0049  0.0037  0.0001  0.0093
 -0.0225 -0.0019 -0.0024 -0.0117  0.0386]
BEST 0.895773124853673 20 P 1 [ 7.73344 17.62214 15.77638 95.93652 94.75318 64.70951] 0.11030277392868408 index_triwide.json:14 [ 0.0461  0.05   -0.0115 -0.0189  0.0274 -0.0042 -0.0828  0.0016 -0.0048
  0.0096  0.0027 -0.0124 -0.0243 -0.0097 -0.0324 -0.0154  0.0122  0.0168
  0.0093  0.0089  0.017   0.0078 -0.0146]
BEST 0.8986942159720801 20 P 1 [ 23.98456  17.12361   7.86115  83.01859  94.32401 113.60727] 0.1269552517128101 fit_triwide5.json:0 [-0.0012 -0.0071  0.0014  0.0518  0.0042  0.0097 -0.0475 -0.0057  0.0161
 -0.0093  0.0038  0.0075 -0.008   0.0202 -0.0036 -0.0268 -0.0481 -0.004
  0.0071  0.0012 -0.0034  0.0131  0.0003]
BEST 0.9121472825704113 18 P 1 [ 16.58785  13.60362  10.91944 108.7793   72.18589 103.29441] -0.029739741636897632 candidates_emgrefine.json:6 [-0.0002 -0.0171  0.0367 -0.0023  0.0764 -0.0122 -0.0127 -0.011   0.0411
  0.0167 -0.0433  0.0087  0.0087  0.0057  0.0045  0.0057 -0.0094  0.0017
 -0.0586 -0.0336  0.0006  0.0002  0.0027]
BEST 0.9132034108150043 17 P 1 [16.17587 13.13794  8.59544 97.56751 96.5009  96.04575] 0.017737842281386897 index_TRICLINIC_P_3.json:9 [-0.0685  0.002  -0.0423  0.0533  0.0347  0.0067 -0.0224  0.048   0.0409
  0.007  -0.056   0.0072 -0.006  -0.0166 -0.0343  0.0055 -0.0033 -0.0111
  0.0015  0.0155  0.005  -0.0106  0.0026]
BEST 0.9186770349508856 17 P 1 [  8.12455  11.02898  16.87229 101.71502  73.28553  85.67315] -0.0057621137197705 index_emg1.json:6 [-0.0058 -0.0111  0.0012 -0.1294  0.0193  0.031  -0.0066  0.1113  0.2236
  0.0044  0.0113  0.004  -0.0234  0.003  -0.074  -0.0583  0.0302 -0.0415
  0.0322 -0.0045 -0.0072 -0.0116  0.0113]
BEST 0.9197869496052852 13 P 1 [ 9.66666 15.54468  7.70311 83.39101 96.12704 96.36607] -0.12356790814341087 index_emg1.json:8 [ 0.0028  0.902  -0.0076 -0.1201  0.0049  0.0434  0.042  -0.0015 -0.0231
 -0.0099 -0.1709  0.0419 -0.0741 -0.0067  0.0066 -0.0229  0.008   0.0635
 -0.026   0.0377 -0.0024 -0.0111  0.0673]
BEST 0.9221681718264495 15 P 1 [ 7.5971  15.70359 10.79913 99.99878 87.42753 94.8627 ] -0.1052582945039856 index_emg1.json:3 [ 0.0007 -0.0648  0.1148 -0.023   0.2304 -0.0092 -0.0252  0.0046  0.0563
 -0.0027  0.0269  0.0676 -0.0269  0.0188 -0.01    0.0535 -0.0038 -0.0906
  0.0015  0.0018 -0.0649 -0.009   0.0157]
BEST 0.9268059944663397 16 P 1 [ 11.5857    7.09504  17.75418 106.36254  68.40439  86.43492] -0.05731021550683035 index_emg1.json:10 [-0.0167  0.0191  0.0314  0.1768  0.2257 -0.1578 -0.0113 -0.0732 -0.0013
 -0.0179 -0.0306  0.0454  0.0028 -0.0271  0.0277 -0.0071  0.0482  0.0032
 -0.0066  0.0389 -0.0039 -0.01    0.0046]
BEST 0.9283870539290662 20 P 1 [10.93103 13.47938 16.28281 76.08437 84.38222 79.52029] 0.0346783156166324 fit_3.json:0 [ 0.0083 -0.0035 -0.0111 -0.0233  0.0209  0.0004  0.0463  0.0009  0.0266
 -0.0214 -0.0042  0.0025  0.0132  0.0052 -0.0084 -0.089  -0.0122 -0.0487
 -0.0033  0.0095  0.0126 -0.0054  0.0222]
BEST 0.9289141117245792 15 P 1 [ 10.55169  15.55004   7.87679  83.65937 103.98142  91.21448] -0.10622017700346316 index_emg1.json:14 [-0.0142  0.2599  0.0858 -0.0737  0.0138  0.0083 -0.0005 -0.0421  0.0223
 -0.0234  0.1901 -0.0787  0.0114 -0.0999  0.0011 -0.0604 -0.0058  0.0037
  0.0047 -0.0162 -0.0072  0.0169  0.0139]
BEST 0.9331663212647838 15 P 1 [16.07742 12.9429   8.42478 95.66064 95.22482 98.39623] 0.06327013622578928 index_TRICLINIC_P_3.json:17 [ 0.0249 -0.0034 -0.0066 -0.0918 -0.0066  0.0065 -0.058   0.0053  0.0187
  0.0287 -0.0358 -0.0033  0.0743  0.0108 -0.0034  0.002  -0.0353 -0.0017
  0.0366 -0.0026  0.0395 -0.0024 -0.0727]
