METRIC_INDEX X8a6f5a8 ORTHOROMBIC P peaks [5.650347367125667, 8.310740238985344, 11.327545840410332, 11.624588488259887, 12.29895290383523, 13.360404331498229, 14.305733586569247, 15.404827379138666, 16.03158905766607, 16.575724531848223, 16.933717193297863, 18.403612403440277, 18.83565172426287, 19.746883849566775, 20.341514084648104, 20.814031251614928, 21.770518714271162, 22.27820965016488, 23.057315240399987, 23.43015896450404, 25.175980713360488, 26.88554445531312, 27.539349975101384] bounds [(0.022222222222222223, 0.2857142857142857), (0.022222222222222223, 0.2857142857142857), (0.022222222222222223, 0.2857142857142857), (-0.2, 0.2)] volume 2200.0 4200.0
TRIAL 0 sec 4.088337659835815 cost 1.3497993252898035 score 3.1817176590922154 vol 2374.7758595302835 cell [ 4.7966 21.4739 23.0558 90.     90.     90.    ] zero 0.0751161398136063 best 1.3497993252898035 diff [ 0.0444 -0.0071  0.0005 -0.291  -0.0015 -0.3391 -0.0693  0.0303 -0.0489
 -0.0014  0.0546 -0.1133  0.1215  0.0038 -0.0054 -0.1111 -0.0051  0.0146
 -0.0586  0.0048  0.0535 -0.0132  0.0046]
TRIAL 1 sec 6.103349685668945 cost 1.2373708059662838 score 3.586684241576469 vol 2328.245045960683 cell [ 4.7872 21.21   22.9303 90.     90.     90.    ] zero -0.01550083776256394 best 1.2373708059662838 diff [ 0.0055  0.0045  0.0136 -0.2804 -0.0155 -0.2798 -0.049   0.0243 -0.0448
  0.1151  0.1215  0.001   0.0712  0.028   0.0104 -0.1235 -0.0094 -0.0023
  0.0253  0.0123 -0.0194 -0.0005 -0.0251]
TRIAL 2 sec 8.490359783172607 cost 1.2373708059354 score 3.58668424163684 vol 2328.2450459568777 cell [ 4.7872 21.21   22.9303 90.     90.     90.    ] zero -0.01550083777194056 best 1.2373708059662838 diff [ 0.0055  0.0045  0.0136 -0.2804 -0.0155 -0.2798 -0.049   0.0243 -0.0448
  0.1151  0.1215  0.001   0.0712  0.028   0.0104 -0.1235 -0.0094 -0.0023
  0.0253  0.0123 -0.0194 -0.0005 -0.0251]
TRIAL 3 sec 10.90261459350586 cost 1.2373708059118647 score 3.5866842416878093 vol 2328.2450459527686 cell [ 4.7872 21.21   22.9303 90.     90.     90.    ] zero -0.015500837782857447 best 1.2373708059662838 diff [ 0.0055  0.0045  0.0136 -0.2804 -0.0155 -0.2798 -0.049   0.0243 -0.0448
  0.1151  0.1215  0.001   0.0712  0.028   0.0104 -0.1235 -0.0094 -0.0023
  0.0253  0.0123 -0.0194 -0.0005 -0.0251]
TRIAL 4 sec 13.516748189926147 cost 1.2373708059538977 score 3.5866842415498956 vol 2328.245045957033 cell [ 4.7872 21.21   22.9303 90.     90.     90.    ] zero -0.015500837772481294 best 1.2373708059662838 diff [ 0.0055  0.0045  0.0136 -0.2804 -0.0155 -0.2798 -0.049   0.0243 -0.0448
  0.1151  0.1215  0.001   0.0712  0.028   0.0104 -0.1235 -0.0094 -0.0023
  0.0253  0.0123 -0.0194 -0.0005 -0.0251]
TRIAL 5 sec 15.514286994934082 cost 1.2373708059559452 score 3.5866842415758953 vol 2328.2450459591287 cell [ 4.7872 21.21   22.9303 90.     90.     90.    ] zero -0.01550083776655246 best 1.2373708059662838 diff [ 0.0055  0.0045  0.0136 -0.2804 -0.0155 -0.2798 -0.049   0.0243 -0.0448
  0.1151  0.1215  0.001   0.0712  0.028   0.0104 -0.1235 -0.0094 -0.0023
  0.0253  0.0123 -0.0194 -0.0005 -0.0251]
TRIAL 6 sec 20.09600257873535 cost 1.3372213374644126 score 3.236789039698372 vol 2539.7947672495693 cell [ 7.358  11.0912 31.1216 90.     90.     90.    ] zero -0.03239297652942424 best 1.2373708059662838 diff [-7.800e-03  1.146e-01  3.800e-03  1.390e-02  1.980e-02 -9.290e-02
  9.680e-02  8.410e-02 -9.520e-02 -3.910e-02 -6.600e-03 -2.770e-02
  3.800e-03 -1.366e-01 -5.970e-02 -8.800e-03  2.000e-04  1.231e-01
  4.000e-04  2.400e-03  2.814e-01  9.000e-04  9.200e-03]
TRIAL 7 sec 25.979276657104492 cost 1.4103149350824589 score 2.449533366377525 vol 2211.0102096471123 cell [ 4.7844 14.6701 31.5013 90.     90.     90.    ] zero 0.05949376163645401 best 1.2373708059662838 diff [ 0.0157 -0.0212 -0.0413 -0.3321  0.1407  0.0039  0.4793 -0.0518  0.5367
 -0.014  -0.0007  0.0013 -0.0316  0.0166  0.0228  0.0348  0.0059 -0.0534
  0.0065  0.0013  0.0459 -0.0327 -0.0736]
TRIAL 8 sec 27.975196838378906 cost 1.3807744761821352 score 2.941697090480399 vol 2139.473186583979 cell [ 4.3702 21.2753 23.0106 90.     90.     90.    ] zero 0.0331451183914132 best 1.2373708059662838 diff [ 0.0356  0.0275  0.0251 -0.268  -0.0093 -0.2711 -0.0482  0.0186 -0.0517
  0.1118  0.1136 -0.0088 -0.4351  0.0072 -0.007  -0.0481 -0.0013  0.0124
 -0.0049  0.0118 -0.007   0.083   0.0012]
TRIAL 9 sec 29.62382674217224 cost 1.6644294227767176 score 2.469248937738276 vol 2231.3930598149464 cell [ 6.2325 11.9007 30.0843 90.     90.     90.    ] zero -0.16816605378260094 best 1.2373708059662838 diff [ 5.650e-02 -4.896e-01  3.610e-02 -3.510e-02 -6.985e-01  4.006e-01
  2.950e-02 -1.966e-01  1.120e-01 -8.600e-03 -7.500e-03 -9.820e-02
 -6.000e-04  1.890e-02 -8.700e-03 -1.300e-03  3.330e-02  1.650e-02
 -4.630e-02  4.240e-02  2.000e-02 -1.550e-01 -9.700e-03]
TRIAL 10 sec 31.68377184867859 cost 1.2373708059791675 score 3.586684241557154 vol 2328.245045961804 cell [ 4.7872 21.21   22.9303 90.     90.     90.    ] zero -0.015500837760062437 best 1.2373708059662838 diff [ 0.0055  0.0045  0.0136 -0.2804 -0.0155 -0.2798 -0.049   0.0243 -0.0448
  0.1151  0.1215  0.001   0.0712  0.028   0.0104 -0.1235 -0.0094 -0.0023
  0.0253  0.0123 -0.0194 -0.0005 -0.0251]
TRIAL 11 sec 32.77940392494202 cost 1.2373708059390953 score 3.586684241590915 vol 2328.2450459562037 cell [ 4.7872 21.21   22.9303 90.     90.     90.    ] zero -0.015500837774471978 best 1.2373708059662838 diff [ 0.0055  0.0045  0.0136 -0.2804 -0.0155 -0.2798 -0.049   0.0243 -0.0448
  0.1151  0.1215  0.001   0.0712  0.028   0.0104 -0.1235 -0.0094 -0.0023
  0.0253  0.0123 -0.0194 -0.0005 -0.0251]
TRIAL 12 sec 35.799076080322266 cost 1.4937707841212 score 2.326223713584048 vol 2493.190404025487 cell [ 3.5372 16.5752 42.5245 90.     90.     90.    ] zero -0.06846611655083037 best 1.2373708059662838 diff [-4.000e-04 -6.900e-02  5.490e-02 -7.500e-03 -5.700e-03  1.084e-01
  5.518e-01  4.980e-02  6.440e-02  2.050e-02  2.115e-01 -3.789e-01
  2.385e-01  1.150e-02 -4.590e-02 -9.900e-03 -4.700e-03 -1.240e-02
  7.610e-02 -4.000e-03  3.000e-04  1.700e-03  4.100e-03]
TRIAL 13 sec 36.70440459251404 cost 1.237370805943358 score 3.586684241589138 vol 2328.2450459568304 cell [ 4.7872 21.21   22.9303 90.     90.     90.    ] zero -0.015500837772825987 best 1.2373708059662838 diff [ 0.0055  0.0045  0.0136 -0.2804 -0.0155 -0.2798 -0.049   0.0243 -0.0448
  0.1151  0.1215  0.001   0.0712  0.028   0.0104 -0.1235 -0.0094 -0.0023
  0.0253  0.0123 -0.0194 -0.0005 -0.0251]
TRIAL 14 sec 38.12876319885254 cost 1.2373708059695887 score 3.5866842415702163 vol 2328.2450459614574 cell [ 4.7872 21.21   22.9303 90.     90.     90.    ] zero -0.015500837760443843 best 1.2373708059662838 diff [ 0.0055  0.0045  0.0136 -0.2804 -0.0155 -0.2798 -0.049   0.0243 -0.0448
  0.1151  0.1215  0.001   0.0712  0.028   0.0104 -0.1235 -0.0094 -0.0023
  0.0253  0.0123 -0.0194 -0.0005 -0.0251]
TRIAL 15 sec 39.42317867279053 cost 1.2373708059423558 score 3.58668424158687 vol 2328.245045956667 cell [ 4.7872 21.21   22.9303 90.     90.     90.    ] zero -0.015500837773102353 best 1.2373708059662838 diff [ 0.0055  0.0045  0.0136 -0.2804 -0.0155 -0.2798 -0.049   0.0243 -0.0448
  0.1151  0.1215  0.001   0.0712  0.028   0.0104 -0.1235 -0.0094 -0.0023
  0.0253  0.0123 -0.0194 -0.0005 -0.0251]
TRIAL 16 sec 41.32530403137207 cost 1.3372296749661443 score 3.235921669376623 vol 2539.9331400454 cell [ 7.3581 11.0914 31.1223 90.     90.     90.    ] zero -0.031916775432085556 best 1.2373708059662838 diff [-0.0075  0.1149  0.004   0.0141  0.0201 -0.0926  0.0971  0.0844 -0.0951
 -0.0389 -0.0065 -0.0275  0.0039 -0.1365 -0.0596 -0.0087  0.0003  0.1231
  0.0005  0.0024  0.2815  0.001   0.0092]
TRIAL 17 sec 42.49146795272827 cost 1.237370806002452 score 3.5866842415631277 vol 2328.245045966858 cell [ 4.7872 21.21   22.9303 90.     90.     90.    ] zero -0.01550083774642627 best 1.2373708059662838 diff [ 0.0055  0.0045  0.0136 -0.2804 -0.0155 -0.2798 -0.049   0.0243 -0.0448
  0.1151  0.1215  0.001   0.0712  0.028   0.0104 -0.1235 -0.0094 -0.0023
  0.0253  0.0123 -0.0194 -0.0005 -0.0251]
TRIAL 18 sec 44.30941414833069 cost 1.4103149350044148 score 2.4495333664055456 vol 2211.0102096599935 cell [ 4.7844 14.6701 31.5013 90.     90.     90.    ] zero 0.05949376166682309 best 1.2373708059662838 diff [ 0.0157 -0.0212 -0.0413 -0.3321  0.1407  0.0039  0.4793 -0.0518  0.5367
 -0.014  -0.0007  0.0013 -0.0316  0.0166  0.0228  0.0348  0.0059 -0.0534
  0.0065  0.0013  0.0459 -0.0327 -0.0736]
TRIAL 19 sec 45.28783416748047 cost 1.2373708059743724 score 3.586684241547696 vol 2328.2450459615084 cell [ 4.7872 21.21   22.9303 90.     90.     90.    ] zero -0.015500837760488828 best 1.2373708059662838 diff [ 0.0055  0.0045  0.0136 -0.2804 -0.0155 -0.2798 -0.049   0.0243 -0.0448
  0.1151  0.1215  0.001   0.0712  0.028   0.0104 -0.1235 -0.0094 -0.0023
  0.0253  0.0123 -0.0194 -0.0005 -0.0251]
TRIAL 20 sec 47.81913781166077 cost 1.2373708059025044 score 3.586684241626726 vol 2328.2450459489837 cell [ 4.7872 21.21   22.9303 90.     90.     90.    ] zero -0.015500837793515044 best 1.2373708059662838 diff [ 0.0055  0.0045  0.0136 -0.2804 -0.0155 -0.2798 -0.049   0.0243 -0.0448
  0.1151  0.1215  0.001   0.0712  0.028   0.0104 -0.1235 -0.0094 -0.0023
  0.0253  0.0123 -0.0194 -0.0005 -0.0251]
TRIAL 21 sec 52.18244290351868 cost 1.8935644022688813 score 2.0668161953047837 vol 2258.3381885503604 cell [ 5.9978 12.2757 30.6725 90.     90.     90.    ] zero -0.11394212991797557 best 1.2373708059662838 diff [-5.200e-03 -6.550e-01  9.100e-02 -2.075e-01 -8.586e-01  1.323e-01
 -0.000e+00  1.950e-02 -6.200e-03  1.000e-04  7.940e-02 -1.620e-02
 -1.613e-01  2.658e-01 -3.200e-03 -3.520e-02  1.170e-02  6.660e-02
  9.200e-03 -1.466e-01  2.450e-02 -1.000e-02 -6.310e-02]
TRIAL 22 sec 54.97562336921692 cost 1.2373708059581214 score 3.5866842415785203 vol 2328.2450459593506 cell [ 4.7872 21.21   22.9303 90.     90.     90.    ] zero -0.015500837765796662 best 1.2373708059662838 diff [ 0.0055  0.0045  0.0136 -0.2804 -0.0155 -0.2798 -0.049   0.0243 -0.0448
  0.1151  0.1215  0.001   0.0712  0.028   0.0104 -0.1235 -0.0094 -0.0023
  0.0253  0.0123 -0.0194 -0.0005 -0.0251]
TRIAL 23 sec 56.99036192893982 cost 1.2373708059572983 score 3.5866842415893263 vol 2328.2450459588576 cell [ 4.7872 21.21   22.9303 90.     90.     90.    ] zero -0.015500837767435743 best 1.2373708059662838 diff [ 0.0055  0.0045  0.0136 -0.2804 -0.0155 -0.2798 -0.049   0.0243 -0.0448
  0.1151  0.1215  0.001   0.0712  0.028   0.0104 -0.1235 -0.0094 -0.0023
  0.0253  0.0123 -0.0194 -0.0005 -0.0251]
TRIAL 24 sec 62.99225211143494 cost 1.7830235919456436 score 1.7134281196167047 vol 2192.8298704709537 cell [ 7.6396  7.9784 35.9764 90.     90.     90.    ] zero 0.005231879894602874 best 1.2373708059662838 diff [-0.688   1.6577  0.0286  0.2153 -0.1669 -0.0368  0.4686 -0.1941  0.023
  0.0069 -0.015   0.0971  0.022  -0.0161 -0.0714  0.0049  0.1072 -0.006
 -0.1226 -0.0245 -0.0068  0.0227 -0.0027]
TRIAL 25 sec 66.27829647064209 cost 1.2373708060175943 score 3.586684241474364 vol 2328.2450459684574 cell [ 4.7872 21.21   22.9303 90.     90.     90.    ] zero -0.015500837742678016 best 1.2373708059662838 diff [ 0.0055  0.0045  0.0136 -0.2804 -0.0155 -0.2798 -0.049   0.0243 -0.0448
  0.1151  0.1215  0.001   0.0712  0.028   0.0104 -0.1235 -0.0094 -0.0023
  0.0253  0.0123 -0.0194 -0.0005 -0.0251]
TRIAL 26 sec 70.18325448036194 cost 1.671142448352404 score 2.01552859278132 vol 2176.691220221435 cell [ 7.3105  9.5917 31.0426 90.     90.     90.    ] zero -0.06338579625375765 best 1.2373708059662838 diff [-2.4300e-02  1.3752e+00  2.0000e-03 -2.9300e-01  6.7400e-02 -4.6800e-02
  3.0620e-01  2.4800e-02  1.7310e-01  7.4000e-03  1.2000e-03  1.8700e-02
  1.5960e-01 -3.3020e-01 -1.1200e-02  3.8200e-02 -6.7000e-02 -4.9000e-03
 -1.2910e-01 -5.0000e-02 -2.5000e-03 -8.1000e-03  1.2500e-02]
TRIAL 27 sec 76.17980623245239 cost 1.662035249771982 score 1.7392171636965736 vol 2423.5422898105767 cell [ 8.0446  8.612  34.9817 90.     90.     90.    ] zero 0.050937944559507425 best 1.2373708059662838 diff [-5.1920e-01  2.0388e+00  5.0000e-04 -1.2860e-01 -1.4660e-01  5.1100e-02
  1.6870e-01 -8.2700e-02 -8.8800e-02 -2.1250e-01 -6.5000e-03  8.8000e-03
 -2.9000e-03  1.3000e-02  1.8000e-03  4.4000e-03  2.6830e-01  1.4000e-03
 -2.9000e-03 -3.6000e-03 -8.8000e-03  7.2600e-02 -9.0000e-04]
TRIAL 28 sec 78.88041067123413 cost 1.237370805959897 score 3.586684241581879 vol 2328.245045959733 cell [ 4.7872 21.21   22.9303 90.     90.     90.    ] zero -0.015500837765378032 best 1.2373708059662838 diff [ 0.0055  0.0045  0.0136 -0.2804 -0.0155 -0.2798 -0.049   0.0243 -0.0448
  0.1151  0.1215  0.001   0.0712  0.028   0.0104 -0.1235 -0.0094 -0.0023
  0.0253  0.0123 -0.0194 -0.0005 -0.0251]
TRIAL 29 sec 81.11065745353699 cost 1.2373708059141573 score 3.586684241614917 vol 2328.2450459510223 cell [ 4.7872 21.21   22.9303 90.     90.     90.    ] zero -0.015500837787916045 best 1.2373708059662838 diff [ 0.0055  0.0045  0.0136 -0.2804 -0.0155 -0.2798 -0.049   0.0243 -0.0448
  0.1151  0.1215  0.001   0.0712  0.028   0.0104 -0.1235 -0.0094 -0.0023
  0.0253  0.0123 -0.0194 -0.0005 -0.0251]
TRIAL 30 sec 83.99715495109558 cost 1.4103149350061959 score 2.4495333664053867 vol 2211.0102096574883 cell [ 4.7844 14.6701 31.5013 90.     90.     90.    ] zero 0.05949376166043414 best 1.2373708059662838 diff [ 0.0157 -0.0212 -0.0413 -0.3321  0.1407  0.0039  0.4793 -0.0518  0.5367
 -0.014  -0.0007  0.0013 -0.0316  0.0166  0.0228  0.0348  0.0059 -0.0534
  0.0065  0.0013  0.0459 -0.0327 -0.0736]
TRIAL 31 sec 89.20716953277588 cost 1.849356077491899 score 2.1702861665502526 vol 2575.826796766324 cell [ 8.146  11.231  28.1548 90.     90.     90.    ] zero -0.05655163665215095 best 1.2373708059662838 diff [ 6.007e-01  1.036e-01 -8.550e-02 -3.780e-01 -7.500e-02 -1.000e-04
  2.410e-02  3.114e-01 -6.800e-03 -3.000e-04 -4.700e-03 -3.830e-02
  4.300e-03 -3.605e-01  9.830e-02 -1.441e-01  1.360e-02  5.900e-03
  9.790e-02 -1.190e-02  9.700e-03  1.400e-03 -8.400e-03]
TRIAL 32 sec 92.39206433296204 cost 1.3372294897394437 score 3.234850234767869 vol 2539.669722061539 cell [ 7.3579 11.0912 31.1205 90.     90.     90.    ] zero -0.03265282820639257 best 1.2373708059662838 diff [-7.900e-03  1.144e-01  4.000e-03  1.390e-02  1.970e-02 -9.290e-02
  9.670e-02  8.410e-02 -9.540e-02 -3.900e-02 -6.800e-03 -2.760e-02
  4.100e-03 -1.365e-01 -5.950e-02 -8.900e-03  1.000e-04  1.234e-01
  5.000e-04  2.600e-03  2.814e-01  1.000e-03  9.100e-03]
TRIAL 33 sec 97.1267671585083 cost 1.4380164786166394 score 2.4900822160024165 vol 2695.04761843438 cell [ 5.5451 21.2161 22.9083 90.     90.     90.    ] zero -0.019762180572692703 best 1.2373708059662838 diff [ 2.900e-03 -2.200e-03  1.270e-02 -2.814e-01 -9.600e-03 -2.863e-01
 -4.560e-02  3.500e-02 -3.490e-02 -8.510e-02  6.700e-03 -4.500e-03
 -4.013e-01  4.100e-03  8.500e-03 -1.290e-01 -1.290e-02 -2.000e-04
  3.490e-02  1.190e-02 -1.900e-03 -1.873e-01 -3.200e-03]
TRIAL 34 sec 98.80270648002625 cost 1.2373708059348854 score 3.5866842416308375 vol 2328.245045956071 cell [ 4.7872 21.21   22.9303 90.     90.     90.    ] zero -0.01550083777401724 best 1.2373708059662838 diff [ 0.0055  0.0045  0.0136 -0.2804 -0.0155 -0.2798 -0.049   0.0243 -0.0448
  0.1151  0.1215  0.001   0.0712  0.028   0.0104 -0.1235 -0.0094 -0.0023
  0.0253  0.0123 -0.0194 -0.0005 -0.0251]
TRIAL 35 sec 101.70159220695496 cost 1.4103149349970598 score 2.4495333664167878 vol 2211.0102096684536 cell [ 4.7844 14.6701 31.5013 90.     90.     90.    ] zero 0.05949376169016252 best 1.2373708059662838 diff [ 0.0157 -0.0212 -0.0413 -0.3321  0.1407  0.0039  0.4793 -0.0518  0.5367
 -0.014  -0.0007  0.0013 -0.0316  0.0166  0.0228  0.0348  0.0059 -0.0534
  0.0065  0.0013  0.0459 -0.0327 -0.0736]
TRIAL 36 sec 104.92147970199585 cost 1.237370805961674 score 3.5866842415453846 vol 2328.245045959305 cell [ 4.7872 21.21   22.9303 90.     90.     90.    ] zero -0.015500837766052857 best 1.2373708059662838 diff [ 0.0055  0.0045  0.0136 -0.2804 -0.0155 -0.2798 -0.049   0.0243 -0.0448
  0.1151  0.1215  0.001   0.0712  0.028   0.0104 -0.1235 -0.0094 -0.0023
  0.0253  0.0123 -0.0194 -0.0005 -0.0251]
TRIAL 37 sec 107.41076302528381 cost 1.2373708059535473 score 3.5866842415897837 vol 2328.245045958183 cell [ 4.7872 21.21   22.9303 90.     90.     90.    ] zero -0.015500837769382728 best 1.2373708059662838 diff [ 0.0055  0.0045  0.0136 -0.2804 -0.0155 -0.2798 -0.049   0.0243 -0.0448
  0.1151  0.1215  0.001   0.0712  0.028   0.0104 -0.1235 -0.0094 -0.0023
  0.0253  0.0123 -0.0194 -0.0005 -0.0251]
TRIAL 38 sec 109.2968487739563 cost 1.2373708059425608 score 3.586684241639835 vol 2328.245045957563 cell [ 4.7872 21.21   22.9303 90.     90.     90.    ] zero -0.015500837770730875 best 1.2373708059662838 diff [ 0.0055  0.0045  0.0136 -0.2804 -0.0155 -0.2798 -0.049   0.0243 -0.0448
  0.1151  0.1215  0.001   0.0712  0.028   0.0104 -0.1235 -0.0094 -0.0023
  0.0253  0.0123 -0.0194 -0.0005 -0.0251]
TRIAL 39 sec 113.29071831703186 cost 1.2373708059803599 score 3.586684241512119 vol 2328.245045962434 cell [ 4.7872 21.21   22.9303 90.     90.     90.    ] zero -0.01550083775843202 best 1.2373708059662838 diff [ 0.0055  0.0045  0.0136 -0.2804 -0.0155 -0.2798 -0.049   0.0243 -0.0448
  0.1151  0.1215  0.001   0.0712  0.028   0.0104 -0.1235 -0.0094 -0.0023
  0.0253  0.0123 -0.0194 -0.0005 -0.0251]
TRIAL 40 sec 115.12173366546631 cost 1.2373708059666597 score 3.5866842415321014 vol 2328.2450459589845 cell [ 4.7872 21.21   22.9303 90.     90.     90.    ] zero -0.015500837767415695 best 1.2373708059662838 diff [ 0.0055  0.0045  0.0136 -0.2804 -0.0155 -0.2798 -0.049   0.0243 -0.0448
  0.1151  0.1215  0.001   0.0712  0.028   0.0104 -0.1235 -0.0094 -0.0023
  0.0253  0.0123 -0.0194 -0.0005 -0.0251]
TRIAL 41 sec 117.59938192367554 cost 1.2373708059680206 score 3.5866842415698637 vol 2328.245045960931 cell [ 4.7872 21.21   22.9303 90.     90.     90.    ] zero -0.015500837761563939 best 1.2373708059662838 diff [ 0.0055  0.0045  0.0136 -0.2804 -0.0155 -0.2798 -0.049   0.0243 -0.0448
  0.1151  0.1215  0.001   0.0712  0.028   0.0104 -0.1235 -0.0094 -0.0023
  0.0253  0.0123 -0.0194 -0.0005 -0.0251]
TRIAL 42 sec 122.27185678482056 cost 1.4489779656090143 score 2.3997124118309094 vol 2256.1392669132324 cell [ 9.0715 14.519  17.1297 90.     90.     90.    ] zero 0.11749527632301873 best 1.2373708059662838 diff [ 2.9196e+00 -2.1050e-01 -1.7850e-01 -1.3600e-02  1.2000e-03 -6.9000e-03
  2.2200e-02  1.8230e-01  7.7000e-02  2.3000e-03 -1.4400e-01  5.8600e-02
  4.0200e-02 -7.3000e-02  1.2700e-02  2.8400e-02 -3.4700e-02 -1.3000e-03
  6.7000e-03 -5.4100e-02 -7.0000e-04 -5.3700e-02  4.3000e-03]
TRIAL 43 sec 124.39286994934082 cost 1.2373708059616586 score 3.5866842415756803 vol 2328.2450459597035 cell [ 4.7872 21.21   22.9303 90.     90.     90.    ] zero -0.015500837764853613 best 1.2373708059662838 diff [ 0.0055  0.0045  0.0136 -0.2804 -0.0155 -0.2798 -0.049   0.0243 -0.0448
  0.1151  0.1215  0.001   0.0712  0.028   0.0104 -0.1235 -0.0094 -0.0023
  0.0253  0.0123 -0.0194 -0.0005 -0.0251]
TRIAL 44 sec 127.28341722488403 cost 1.237370805931631 score 3.5866842416357865 vol 2328.245045954813 cell [ 4.7872 21.21   22.9303 90.     90.     90.    ] zero -0.015500837777996513 best 1.2373708059662838 diff [ 0.0055  0.0045  0.0136 -0.2804 -0.0155 -0.2798 -0.049   0.0243 -0.0448
  0.1151  0.1215  0.001   0.0712  0.028   0.0104 -0.1235 -0.0094 -0.0023
  0.0253  0.0123 -0.0194 -0.0005 -0.0251]
TRIAL 45 sec 130.6803195476532 cost 1.5651365569550493 score 2.4306134070551972 vol 2184.59348830439 cell [ 6.2774  8.1357 42.7758 90.     90.     90.    ] zero 0.052232578754423734 best 1.2373708059662838 diff [-1.2656e+00  2.9000e-03 -2.1100e-01  5.5600e-02  1.5920e-01  3.6010e-01
 -4.6000e-03  5.7700e-02  3.8460e-01 -3.9000e-03 -3.1170e-01 -3.9500e-02
  3.6600e-02 -1.2900e-02 -2.4900e-02 -1.3200e-02  6.2900e-02  1.4000e-03
  4.3000e-02  0.0000e+00  4.9100e-02 -1.0000e-03  1.9000e-03]
TRIAL 46 sec 133.22276091575623 cost 1.2373708059915822 score 3.586684241519365 vol 2328.2450459645975 cell [ 4.7872 21.21   22.9303 90.     90.     90.    ] zero -0.015500837752900504 best 1.2373708059662838 diff [ 0.0055  0.0045  0.0136 -0.2804 -0.0155 -0.2798 -0.049   0.0243 -0.0448
  0.1151  0.1215  0.001   0.0712  0.028   0.0104 -0.1235 -0.0094 -0.0023
  0.0253  0.0123 -0.0194 -0.0005 -0.0251]
TRIAL 47 sec 135.17200422286987 cost 1.2373708059317092 score 3.586684241633406 vol 2328.2450459558177 cell [ 4.7872 21.21   22.9303 90.     90.     90.    ] zero -0.015500837775121559 best 1.2373708059662838 diff [ 0.0055  0.0045  0.0136 -0.2804 -0.0155 -0.2798 -0.049   0.0243 -0.0448
  0.1151  0.1215  0.001   0.0712  0.028   0.0104 -0.1235 -0.0094 -0.0023
  0.0253  0.0123 -0.0194 -0.0005 -0.0251]
TRIAL 48 sec 139.11290955543518 cost 1.6844340249220184 score 1.9866973624295299 vol 2272.256555920549 cell [ 9.5301 13.075  18.2355 90.     90.     90.    ] zero -0.160508407137554 best 1.2373708059662838 diff [ 3.1284e+00 -1.5690e-01 -6.5000e-03  4.0000e-02  7.9000e-03  1.3700e-02
 -8.4800e-02 -5.1520e-01 -1.2540e-01 -6.3100e-02  4.4800e-02  1.7700e-02
  1.1560e-01  2.2500e-02 -9.2600e-02 -3.4400e-02  9.0900e-02 -2.5200e-02
 -1.3930e-01  4.5000e-03 -3.7000e-03  1.0000e-03  4.1000e-03]
TRIAL 49 sec 142.69040179252625 cost 1.380774476086691 score 2.9416970902935855 vol 2139.473186554506 cell [ 4.3702 21.2753 23.0106 90.     90.     90.    ] zero 0.033145118295151335 best 1.2373708059662838 diff [ 0.0356  0.0275  0.0251 -0.268  -0.0093 -0.2711 -0.0482  0.0186 -0.0517
  0.1118  0.1136 -0.0088 -0.4351  0.0072 -0.007  -0.0481 -0.0013  0.0124
 -0.0049  0.0118 -0.007   0.083   0.0012]
TRIAL 50 sec 145.98131942749023 cost 1.6804818981162755 score 3.51437711647175 vol 3020.3568347076916 cell [ 4.5894 16.5878 39.6747 90.     90.     90.    ] zero -0.11166180727940801 best 1.2373708059662838 diff [ 9.400e-03  1.249e-01  1.181e-01 -1.810e-01 -5.520e-02 -9.270e-02
 -8.600e-03 -7.450e-02  2.930e-02 -5.640e-02  9.180e-02  1.459e-01
  2.200e-03 -1.810e-02  1.430e-02  4.000e-04 -3.800e-03  9.000e-04
 -3.970e-02  3.650e-02  1.190e-02 -8.200e-03 -1.000e-04]
TRIAL 51 sec 152.0844283103943 cost 1.6844213286018659 score 1.9863852101414339 vol 2272.1267660998087 cell [ 9.53   13.0747 18.235  90.     90.     90.    ] zero -0.16088314240458965 best 1.2373708059662838 diff [ 3.1282e+00 -1.5710e-01 -6.7000e-03  4.0000e-02  7.7000e-03  1.3500e-02
 -8.4900e-02 -5.1530e-01 -1.2530e-01 -6.3100e-02  4.4700e-02  1.7800e-02
  1.1560e-01  2.2600e-02 -9.2700e-02 -3.4400e-02  9.1000e-02 -2.5200e-02
 -1.3940e-01  4.5000e-03 -3.4000e-03  1.2000e-03  4.3000e-03]
TRIAL 52 sec 154.30822801589966 cost 1.2373708059610937 score 3.5866842415731397 vol 2328.2450459603915 cell [ 4.7872 21.21   22.9303 90.     90.     90.    ] zero -0.015500837763522866 best 1.2373708059662838 diff [ 0.0055  0.0045  0.0136 -0.2804 -0.0155 -0.2798 -0.049   0.0243 -0.0448
  0.1151  0.1215  0.001   0.0712  0.028   0.0104 -0.1235 -0.0094 -0.0023
  0.0253  0.0123 -0.0194 -0.0005 -0.0251]
TRIAL 53 sec 156.50427150726318 cost 1.2373708059771324 score 3.5866842415577103 vol 2328.2450459630177 cell [ 4.7872 21.21   22.9303 90.     90.     90.    ] zero -0.015500837756353966 best 1.2373708059662838 diff [ 0.0055  0.0045  0.0136 -0.2804 -0.0155 -0.2798 -0.049   0.0243 -0.0448
  0.1151  0.1215  0.001   0.0712  0.028   0.0104 -0.1235 -0.0094 -0.0023
  0.0253  0.0123 -0.0194 -0.0005 -0.0251]
TRIAL 54 sec 160.08127784729004 cost 1.3372285226217138 score 3.234758347727653 vol 2539.792540785122 cell [ 7.358  11.0913 31.1212 90.     90.     90.    ] zero -0.032265410882971704 best 1.2373708059662838 diff [-7.600e-03  1.147e-01  4.100e-03  1.410e-02  1.990e-02 -9.270e-02
  9.690e-02  8.420e-02 -9.520e-02 -3.890e-02 -6.600e-03 -2.750e-02
  4.100e-03 -1.365e-01 -5.950e-02 -8.700e-03  2.000e-04  1.233e-01
  5.000e-04  2.600e-03  2.815e-01  1.000e-03  9.200e-03]
TRIAL 55 sec 162.79352951049805 cost 1.2373708059217394 score 3.5866842416248264 vol 2328.245045953993 cell [ 4.7872 21.21   22.9303 90.     90.     90.    ] zero -0.015500837779225474 best 1.2373708059662838 diff [ 0.0055  0.0045  0.0136 -0.2804 -0.0155 -0.2798 -0.049   0.0243 -0.0448
  0.1151  0.1215  0.001   0.0712  0.028   0.0104 -0.1235 -0.0094 -0.0023
  0.0253  0.0123 -0.0194 -0.0005 -0.0251]
TRIAL 56 sec 166.2223982810974 cost 1.237370805986757 score 3.586684241516701 vol 2328.245045963535 cell [ 4.7872 21.21   22.9303 90.     90.     90.    ] zero -0.015500837755282335 best 1.2373708059662838 diff [ 0.0055  0.0045  0.0136 -0.2804 -0.0155 -0.2798 -0.049   0.0243 -0.0448
  0.1151  0.1215  0.001   0.0712  0.028   0.0104 -0.1235 -0.0094 -0.0023
  0.0253  0.0123 -0.0194 -0.0005 -0.0251]
TRIAL 57 sec 171.08991050720215 cost 1.2373708059361623 score 3.586684241656202 vol 2328.245045957104 cell [ 4.7872 21.21   22.9303 90.     90.     90.    ] zero -0.01550083777149084 best 1.2373708059662838 diff [ 0.0055  0.0045  0.0136 -0.2804 -0.0155 -0.2798 -0.049   0.0243 -0.0448
  0.1151  0.1215  0.001   0.0712  0.028   0.0104 -0.1235 -0.0094 -0.0023
  0.0253  0.0123 -0.0194 -0.0005 -0.0251]
TRIAL 58 sec 173.49504923820496 cost 1.4946007324067159 score 3.557143501713082 vol 2593.9528589466913 cell [ 7.5137 10.9903 31.4119 90.     90.     90.    ] zero 0.0326736239758974 best 1.2373708059662838 diff [ 0.0048  0.2412 -0.0363  0.0719 -0.1631 -0.2732 -0.0054 -0.0259  0.1175
  0.0553  0.0207  0.0224 -0.0436 -0.012  -0.1059  0.0115  0.0049 -0.0436
 -0.0148  0.0531  0.0205 -0.0017  0.013 ]
TRIAL 59 sec 176.71983647346497 cost 1.2373708059253803 score 3.5866842416088223 vol 2328.2450459534043 cell [ 4.7872 21.21   22.9303 90.     90.     90.    ] zero -0.015500837782163353 best 1.2373708059662838 diff [ 0.0055  0.0045  0.0136 -0.2804 -0.0155 -0.2798 -0.049   0.0243 -0.0448
  0.1151  0.1215  0.001   0.0712  0.028   0.0104 -0.1235 -0.0094 -0.0023
  0.0253  0.0123 -0.0194 -0.0005 -0.0251]
TRIAL 60 sec 180.6857132911682 cost 1.3372229096941457 score 3.237420760576767 vol 2539.724809311429 cell [ 7.358  11.0912 31.1209 90.     90.     90.    ] zero -0.032618245588599847 best 1.2373708059662838 diff [-7.900e-03  1.144e-01  3.900e-03  1.390e-02  1.960e-02 -9.300e-02
  9.660e-02  8.400e-02 -9.540e-02 -3.910e-02 -6.800e-03 -2.770e-02
  3.900e-03 -1.366e-01 -5.960e-02 -8.900e-03  1.000e-04  1.232e-01
  4.000e-04  2.500e-03  2.812e-01  8.000e-04  9.100e-03]
TRIAL 61 sec 183.08457374572754 cost 1.2373708060113027 score 3.586684241501273 vol 2328.245045968173 cell [ 4.7872 21.21   22.9303 90.     90.     90.    ] zero -0.015500837743252654 best 1.2373708059662838 diff [ 0.0055  0.0045  0.0136 -0.2804 -0.0155 -0.2798 -0.049   0.0243 -0.0448
  0.1151  0.1215  0.001   0.0712  0.028   0.0104 -0.1235 -0.0094 -0.0023
  0.0253  0.0123 -0.0194 -0.0005 -0.0251]
TRIAL 62 sec 187.09972405433655 cost 1.7130957412446803 score 1.8598164370811634 vol 2358.350474422436 cell [ 9.6241 13.243  18.5038 90.     90.     90.    ] zero -0.010175072322230777 best 1.2373708059662838 diff [ 3.1171e+00 -1.1670e-01  1.8700e-02  2.3700e-02  1.5200e-02 -9.6000e-03
 -1.2070e-01  4.2840e-01  1.9490e-01 -1.3590e-01 -1.2700e-02  8.8000e-03
  2.3700e-02 -1.0270e-01 -3.3400e-02 -3.4200e-02 -4.8900e-02  7.6000e-03
 -2.4010e-01 -5.0000e-04  3.5500e-02  1.2400e-02  1.0100e-02]
TRIAL 63 sec 189.42567443847656 cost 1.4489779655941932 score 2.399712411810516 vol 2256.139266924247 cell [ 9.0715 14.519  17.1297 90.     90.     90.    ] zero 0.11749527635378249 best 1.2373708059662838 diff [ 2.9196e+00 -2.1050e-01 -1.7850e-01 -1.3600e-02  1.2000e-03 -6.9000e-03
  2.2200e-02  1.8230e-01  7.7000e-02  2.3000e-03 -1.4400e-01  5.8600e-02
  4.0200e-02 -7.3000e-02  1.2700e-02  2.8400e-02 -3.4700e-02 -1.3000e-03
  6.7000e-03 -5.4100e-02 -7.0000e-04 -5.3700e-02  4.3000e-03]
TRIAL 64 sec 193.6110110282898 cost 1.4103149349953288 score 2.4495333664093626 vol 2211.0102096615487 cell [ 4.7844 14.6701 31.5013 90.     90.     90.    ] zero 0.059493761670594364 best 1.2373708059662838 diff [ 0.0157 -0.0212 -0.0413 -0.3321  0.1407  0.0039  0.4793 -0.0518  0.5367
 -0.014  -0.0007  0.0013 -0.0316  0.0166  0.0228  0.0348  0.0059 -0.0534
  0.0065  0.0013  0.0459 -0.0327 -0.0736]
TRIAL 65 sec 197.70813274383545 cost 1.4103149349115423 score 2.4495333664867127 vol 2211.010209717969 cell [ 4.7844 14.6701 31.5013 90.     90.     90.    ] zero 0.0594937618231826 best 1.2373708059662838 diff [ 0.0157 -0.0212 -0.0413 -0.3321  0.1407  0.0039  0.4793 -0.0518  0.5367
 -0.014  -0.0007  0.0013 -0.0316  0.0166  0.0228  0.0348  0.0059 -0.0534
  0.0065  0.0013  0.0459 -0.0327 -0.0736]
TRIAL 66 sec 201.70440292358398 cost 1.2373708059501918 score 3.5866842415653526 vol 2328.24504595858 cell [ 4.7872 21.21   22.9303 90.     90.     90.    ] zero -0.015500837767757545 best 1.2373708059662838 diff [ 0.0055  0.0045  0.0136 -0.2804 -0.0155 -0.2798 -0.049   0.0243 -0.0448
  0.1151  0.1215  0.001   0.0712  0.028   0.0104 -0.1235 -0.0094 -0.0023
  0.0253  0.0123 -0.0194 -0.0005 -0.0251]
TRIAL 67 sec 204.1771924495697 cost 1.237370805876502 score 3.5866842417107456 vol 2328.245045946106 cell [ 4.7872 21.21   22.9303 90.     90.     90.    ] zero -0.015500837800549032 best 1.2373708059662838 diff [ 0.0055  0.0045  0.0136 -0.2804 -0.0155 -0.2798 -0.049   0.0243 -0.0448
  0.1151  0.1215  0.001   0.0712  0.028   0.0104 -0.1235 -0.0094 -0.0023
  0.0253  0.0123 -0.0194 -0.0005 -0.0251]
TRIAL 68 sec 206.5139901638031 cost 1.2373708059317867 score 3.586684241600357 vol 2328.2450459544193 cell [ 4.7872 21.21   22.9303 90.     90.     90.    ] zero -0.015500837779049977 best 1.2373708059662838 diff [ 0.0055  0.0045  0.0136 -0.2804 -0.0155 -0.2798 -0.049   0.0243 -0.0448
  0.1151  0.1215  0.001   0.0712  0.028   0.0104 -0.1235 -0.0094 -0.0023
  0.0253  0.0123 -0.0194 -0.0005 -0.0251]
TRIAL 69 sec 210.4240493774414 cost 1.7720400007120212 score 1.9221626852148512 vol 2875.354718816623 cell [ 4.0508 16.6658 42.5921 90.     90.     90.    ] zero -0.04442486004128499 best 1.2373708059662838 diff [-4.800e-03 -5.820e-02  2.190e-02 -1.160e-02 -3.710e-02  7.780e-02
  5.203e-01  4.180e-02  6.000e-04  1.780e-02  1.490e-01 -4.073e-01
  1.785e-01 -1.880e-02 -1.037e-01 -1.940e-02 -9.780e-02 -1.000e-04
  1.900e-02  3.800e-03 -3.300e-03  2.660e-02 -3.380e-02]
TRIAL 70 sec 213.58468532562256 cost 1.3498000384326707 score 3.182493901408388 vol 2374.8389589308913 cell [ 4.7966 21.474  23.056  90.     90.     90.    ] zero 0.07528606545278889 best 1.2373708059662838 diff [ 0.0445 -0.0069  0.0006 -0.2908 -0.0014 -0.3389 -0.0692  0.0304 -0.0488
 -0.0012  0.0547 -0.1132  0.1213  0.0038 -0.0055 -0.1112 -0.0052  0.0145
 -0.0585  0.0046  0.0533 -0.0133  0.0047]
TRIAL 71 sec 217.8988642692566 cost 1.2373708059810782 score 3.586684241558621 vol 2328.24504596416 cell [ 4.7872 21.21   22.9303 90.     90.     90.    ] zero -0.015500837753599863 best 1.2373708059662838 diff [ 0.0055  0.0045  0.0136 -0.2804 -0.0155 -0.2798 -0.049   0.0243 -0.0448
  0.1151  0.1215  0.001   0.0712  0.028   0.0104 -0.1235 -0.0094 -0.0023
  0.0253  0.0123 -0.0194 -0.0005 -0.0251]
TRIAL 72 sec 221.4949278831482 cost 1.5342613835528747 score 1.8428331055047062 vol 2434.157276505636 cell [ 9.8538 13.3891 18.4499 90.     90.     90.    ] zero 0.16783067806398366 best 1.2373708059662838 diff [ 3.2214e+00  1.1100e-02 -1.8300e-02  1.8300e-01  3.0000e-04  2.2700e-02
 -7.4200e-02 -5.0950e-01 -1.7800e-02 -5.9600e-02 -6.2400e-02 -3.0000e-04
  7.1000e-03  6.6000e-03  1.7390e-01 -1.8650e-01 -2.4700e-02 -2.0000e-03
  1.6600e-02  1.3960e-01  3.6000e-03 -2.7000e-03 -1.0000e-04]
TRIAL 73 sec 223.59527111053467 cost 1.2373708060217419 score 3.5866842415094395 vol 2328.2450459697006 cell [ 4.7872 21.21   22.9303 90.     90.     90.    ] zero -0.015500837739433603 best 1.2373708059662838 diff [ 0.0055  0.0045  0.0136 -0.2804 -0.0155 -0.2798 -0.049   0.0243 -0.0448
  0.1151  0.1215  0.001   0.0712  0.028   0.0104 -0.1235 -0.0094 -0.0023
  0.0253  0.0123 -0.0194 -0.0005 -0.0251]
TRIAL 74 sec 225.79951238632202 cost 1.2373708060235904 score 3.586684241479242 vol 2328.245045969812 cell [ 4.7872 21.21   22.9303 90.     90.     90.    ] zero -0.01550083773882328 best 1.2373708059662838 diff [ 0.0055  0.0045  0.0136 -0.2804 -0.0155 -0.2798 -0.049   0.0243 -0.0448
  0.1151  0.1215  0.001   0.0712  0.028   0.0104 -0.1235 -0.0094 -0.0023
  0.0253  0.0123 -0.0194 -0.0005 -0.0251]
TRIAL 75 sec 229.10248112678528 cost 1.6181663164649205 score 2.43493317931936 vol 2205.500903541925 cell [ 6.3028  8.1516 42.9266 90.     90.     90.    ] zero 0.09896032526859132 best 1.2373708059662838 diff [-1.2294  0.0208 -0.1859  0.0773  0.1618  0.3714 -0.0152  0.0432  0.3658
 -0.0041 -0.3222 -0.0528  0.0112 -0.0316 -0.055  -0.0398  0.036   0.0031
  0.0114 -0.004   0.0018 -0.0257  0.0179]
TRIAL 76 sec 230.79042220115662 cost 1.2373708059721364 score 3.5866842415611306 vol 2328.245045961862 cell [ 4.7872 21.21   22.9303 90.     90.     90.    ] zero -0.01550083775921842 best 1.2373708059662838 diff [ 0.0055  0.0045  0.0136 -0.2804 -0.0155 -0.2798 -0.049   0.0243 -0.0448
  0.1151  0.1215  0.001   0.0712  0.028   0.0104 -0.1235 -0.0094 -0.0023
  0.0253  0.0123 -0.0194 -0.0005 -0.0251]
TRIAL 77 sec 232.72203755378723 cost 1.2373708059357116 score 3.5866842416092517 vol 2328.2450459564434 cell [ 4.7872 21.21   22.9303 90.     90.     90.    ] zero -0.015500837773300113 best 1.2373708059662838 diff [ 0.0055  0.0045  0.0136 -0.2804 -0.0155 -0.2798 -0.049   0.0243 -0.0448
  0.1151  0.1215  0.001   0.0712  0.028   0.0104 -0.1235 -0.0094 -0.0023
  0.0253  0.0123 -0.0194 -0.0005 -0.0251]
TRIAL 78 sec 237.09618616104126 cost 1.40403210936607 score 3.1145848836575776 vol 2492.5720921566754 cell [ 7.2927 11.0744 30.8632 90.     90.     90.    ] zero -0.13734178589536136 best 1.2373708059662838 diff [-0.0648  0.0295 -0.005  -0.03    0.0264 -0.0796  0.0901  0.0883  0.0826
  0.0013 -0.0723  0.0041  0.0357 -0.1657 -0.0099 -0.0179  0.0029  0.1942
  0.0185 -0.0069 -0.2393  0.0019 -0.0039]
TRIAL 79 sec 243.3897683620453 cost 1.4678364213989108 score 3.2310580555553163 vol 3568.2982723862942 cell [ 4.9092 22.6052 32.1543 90.     90.     90.    ] zero -0.04881682317138743 best 1.2373708059662838 diff [-0.2045 -0.0742 -0.008   0.0012 -0.2913  0.0975  0.0027  0.2166  0.0291
 -0.0102  0.0073  0.0271  0.0008  0.0191 -0.0015 -0.0053 -0.0541 -0.0358
  0.0054 -0.0065 -0.0085 -0.0034  0.0213]
TRIAL 80 sec 245.79018425941467 cost 1.38077447616375 score 2.9416970904385153 vol 2139.4731865769845 cell [ 4.3702 21.2753 23.0106 90.     90.     90.    ] zero 0.03314511836923969 best 1.2373708059662838 diff [ 0.0356  0.0275  0.0251 -0.268  -0.0093 -0.2711 -0.0482  0.0186 -0.0517
  0.1118  0.1136 -0.0088 -0.4351  0.0072 -0.007  -0.0481 -0.0013  0.0124
 -0.0049  0.0118 -0.007   0.083   0.0012]
TRIAL 81 sec 250.20582222938538 cost 1.237370805980183 score 3.586684241579905 vol 2328.245045963578 cell [ 4.7872 21.21   22.9303 90.     90.     90.    ] zero -0.015500837755035484 best 1.2373708059662838 diff [ 0.0055  0.0045  0.0136 -0.2804 -0.0155 -0.2798 -0.049   0.0243 -0.0448
  0.1151  0.1215  0.001   0.0712  0.028   0.0104 -0.1235 -0.0094 -0.0023
  0.0253  0.0123 -0.0194 -0.0005 -0.0251]
TRIAL 82 sec 252.1959924697876 cost 1.2373708058450246 score 3.58668424179198 vol 2328.245045942176 cell [ 4.7872 21.21   22.9303 90.     90.     90.    ] zero -0.015500837810237122 best 1.2373708059662838 diff [ 0.0055  0.0045  0.0136 -0.2804 -0.0155 -0.2798 -0.049   0.0243 -0.0448
  0.1151  0.1215  0.001   0.0712  0.028   0.0104 -0.1235 -0.0094 -0.0023
  0.0253  0.0123 -0.0194 -0.0005 -0.0251]
TRIAL 83 sec 253.07033777236938 cost 1.2373708059448258 score 3.5866842415979687 vol 2328.2450459565753 cell [ 4.7872 21.21   22.9303 90.     90.     90.    ] zero -0.015500837773487167 best 1.2373708059662838 diff [ 0.0055  0.0045  0.0136 -0.2804 -0.0155 -0.2798 -0.049   0.0243 -0.0448
  0.1151  0.1215  0.001   0.0712  0.028   0.0104 -0.1235 -0.0094 -0.0023
  0.0253  0.0123 -0.0194 -0.0005 -0.0251]
TRIAL 84 sec 254.88694167137146 cost 1.4103149349990118 score 2.4495333664166377 vol 2211.0102096692463 cell [ 4.7844 14.6701 31.5013 90.     90.     90.    ] zero 0.05949376169245088 best 1.2373708059662838 diff [ 0.0157 -0.0212 -0.0413 -0.3321  0.1407  0.0039  0.4793 -0.0518  0.5367
 -0.014  -0.0007  0.0013 -0.0316  0.0166  0.0228  0.0348  0.0059 -0.0534
  0.0065  0.0013  0.0459 -0.0327 -0.0736]
TRIAL 85 sec 255.68292927742004 cost 1.2373708059764215 score 3.5866842415697424 vol 2328.245045962729 cell [ 4.7872 21.21   22.9303 90.     90.     90.    ] zero -0.015500837757237302 best 1.2373708059662838 diff [ 0.0055  0.0045  0.0136 -0.2804 -0.0155 -0.2798 -0.049   0.0243 -0.0448
  0.1151  0.1215  0.001   0.0712  0.028   0.0104 -0.1235 -0.0094 -0.0023
  0.0253  0.0123 -0.0194 -0.0005 -0.0251]
TRIAL 86 sec 257.11730885505676 cost 1.3372360008819886 score 3.2377853718534233 vol 2539.8793769794765 cell [ 7.3581 11.0913 31.1218 90.     90.     90.    ] zero -0.03209704133620419 best 1.2373708059662838 diff [-7.600e-03  1.149e-01  4.100e-03  1.420e-02  1.980e-02 -9.280e-02
  9.690e-02  8.420e-02 -9.500e-02 -3.900e-02 -6.500e-03 -2.760e-02
  4.000e-03 -1.364e-01 -5.960e-02 -8.700e-03  2.000e-04  1.231e-01
  5.000e-04  2.600e-03  2.812e-01  7.000e-04  9.300e-03]
TRIAL 87 sec 260.2990550994873 cost 1.3372350812760594 score 3.2346760566577424 vol 2539.630384021698 cell [ 7.3578 11.0911 31.1204 90.     90.     90.    ] zero -0.03281488241315374 best 1.2373708059662838 diff [-8.000e-03  1.143e-01  3.800e-03  1.380e-02  1.970e-02 -9.300e-02
  9.660e-02  8.400e-02 -9.560e-02 -3.900e-02 -6.900e-03 -2.760e-02
  4.000e-03 -1.367e-01 -5.950e-02 -8.900e-03  1.000e-04  1.233e-01
  4.000e-04  2.500e-03  2.815e-01  1.100e-03  9.100e-03]
TRIAL 88 sec 262.67386293411255 cost 1.2373708059594435 score 3.586684241586449 vol 2328.2450459592046 cell [ 4.7872 21.21   22.9303 90.     90.     90.    ] zero -0.015500837766543872 best 1.2373708059662838 diff [ 0.0055  0.0045  0.0136 -0.2804 -0.0155 -0.2798 -0.049   0.0243 -0.0448
  0.1151  0.1215  0.001   0.0712  0.028   0.0104 -0.1235 -0.0094 -0.0023
  0.0253  0.0123 -0.0194 -0.0005 -0.0251]
TRIAL 89 sec 268.1216776371002 cost 1.5003089606791036 score 2.697755804313207 vol 2272.8163664805656 cell [ 5.9726  8.9505 42.5166 90.     90.     90.    ] zero -0.062401616532950226 best 1.2373708059662838 diff [-1.3617e+00 -6.1400e-02  2.9990e-01 -2.5000e-03  1.2130e-01 -4.9560e-01
 -1.2200e-02 -6.9600e-02 -3.1000e-03  2.9800e-02  1.9000e-02 -1.4170e-01
  1.5300e-02  1.3500e-02 -1.4210e-01  1.0000e-04 -1.9000e-03  3.3900e-02
 -9.4000e-03 -1.0000e-04 -4.1900e-02  4.4700e-02 -9.9000e-03]
TRIAL 90 sec 271.6107807159424 cost 1.237370805935148 score 3.5866842415865503 vol 2328.2450459554457 cell [ 4.7872 21.21   22.9303 90.     90.     90.    ] zero -0.015500837776113498 best 1.2373708059662838 diff [ 0.0055  0.0045  0.0136 -0.2804 -0.0155 -0.2798 -0.049   0.0243 -0.0448
  0.1151  0.1215  0.001   0.0712  0.028   0.0104 -0.1235 -0.0094 -0.0023
  0.0253  0.0123 -0.0194 -0.0005 -0.0251]
TRIAL 91 sec 274.3104410171509 cost 1.4103149349878072 score 2.4495333664067274 vol 2211.0102096548903 cell [ 4.7844 14.6701 31.5013 90.     90.     90.    ] zero 0.05949376165202999 best 1.2373708059662838 diff [ 0.0157 -0.0212 -0.0413 -0.3321  0.1407  0.0039  0.4793 -0.0518  0.5367
 -0.014  -0.0007  0.0013 -0.0316  0.0166  0.0228  0.0348  0.0059 -0.0534
  0.0065  0.0013  0.0459 -0.0327 -0.0736]
TRIAL 92 sec 276.7036018371582 cost 1.237370805978749 score 3.5866842415578892 vol 2328.2450459633365 cell [ 4.7872 21.21   22.9303 90.     90.     90.    ] zero -0.015500837755537929 best 1.2373708059662838 diff [ 0.0055  0.0045  0.0136 -0.2804 -0.0155 -0.2798 -0.049   0.0243 -0.0448
  0.1151  0.1215  0.001   0.0712  0.028   0.0104 -0.1235 -0.0094 -0.0023
  0.0253  0.0123 -0.0194 -0.0005 -0.0251]
TRIAL 93 sec 284.87329483032227 cost 1.4409701372190782 score 3.5694236314790277 vol 2583.9060836666367 cell [ 7.5168 10.984  31.2955 90.     90.     90.    ] zero 0.013650631615226684 best 1.2373708059662838 diff [ 0.0066  0.2303 -0.0135  0.079  -0.1843 -0.2876 -0.0258 -0.0384  0.1078
  0.0513  0.0652  0.0409 -0.0033  0.001  -0.1188  0.0028  0.0027 -0.0147
 -0.0087  0.0871  0.0031 -0.      0.0046]
TRIAL 94 sec 286.6246154308319 cost 1.2373708059225486 score 3.586684241643102 vol 2328.2450459539796 cell [ 4.7872 21.21   22.9303 90.     90.     90.    ] zero -0.015500837779961434 best 1.2373708059662838 diff [ 0.0055  0.0045  0.0136 -0.2804 -0.0155 -0.2798 -0.049   0.0243 -0.0448
  0.1151  0.1215  0.001   0.0712  0.028   0.0104 -0.1235 -0.0094 -0.0023
  0.0253  0.0123 -0.0194 -0.0005 -0.0251]
TRIAL 95 sec 288.90746998786926 cost 1.2373708059354174 score 3.5866842415743916 vol 2328.2450459558445 cell [ 4.7872 21.21   22.9303 90.     90.     90.    ] zero -0.015500837774810849 best 1.2373708059662838 diff [ 0.0055  0.0045  0.0136 -0.2804 -0.0155 -0.2798 -0.049   0.0243 -0.0448
  0.1151  0.1215  0.001   0.0712  0.028   0.0104 -0.1235 -0.0094 -0.0023
  0.0253  0.0123 -0.0194 -0.0005 -0.0251]
TRIAL 96 sec 292.4274146556854 cost 1.517082816249877 score 2.7808455332856354 vol 2659.434465863896 cell [ 7.286  12.1423 30.0607 90.     90.     90.    ] zero -0.15246035253298235 best 1.2373708059662838 diff [ 0.077  -0.6039 -0.0391 -0.0101  0.0404 -0.0178  0.0116  0.1759  0.2604
 -0.0187 -0.0231 -0.1032  0.0249  0.0168 -0.0087  0.0263  0.0136 -0.0139
 -0.2129  0.0771 -0.0023 -0.0008 -0.0106]
TRIAL 97 sec 295.1985957622528 cost 1.6673171972184224 score 2.820402245869612 vol 2542.130532391659 cell [ 5.7132 16.9515 26.249  90.     90.     90.    ] zero -0.13123739460769612 best 1.2373708059662838 diff [ 4.469e-01  7.400e-02 -8.710e-02 -3.815e-01 -8.000e-03 -8.900e-03
  2.600e-02  3.330e-01 -1.312e-01 -1.000e-04  6.400e-03 -1.600e-03
  5.460e-02 -3.000e-04  1.246e-01  2.000e-04  1.225e-01 -4.030e-02
 -5.120e-02  2.600e-02 -4.600e-03  1.400e-03 -8.000e-04]
TRIAL 98 sec 297.18613839149475 cost 1.237370805998464 score 3.586684241529811 vol 2328.245045965672 cell [ 4.7872 21.21   22.9303 90.     90.     90.    ] zero -0.015500837749551317 best 1.2373708059662838 diff [ 0.0055  0.0045  0.0136 -0.2804 -0.0155 -0.2798 -0.049   0.0243 -0.0448
  0.1151  0.1215  0.001   0.0712  0.028   0.0104 -0.1235 -0.0094 -0.0023
  0.0253  0.0123 -0.0194 -0.0005 -0.0251]
TRIAL 99 sec 300.5791368484497 cost 1.4103149350158581 score 2.4495333664039083 vol 2211.010209659467 cell [ 4.7844 14.6701 31.5013 90.     90.     90.    ] zero 0.05949376166637669 best 1.2373708059662838 diff [ 0.0157 -0.0212 -0.0413 -0.3321  0.1407  0.0039  0.4793 -0.0518  0.5367
 -0.014  -0.0007  0.0013 -0.0316  0.0166  0.0228  0.0348  0.0059 -0.0534
  0.0065  0.0013  0.0459 -0.0327 -0.0736]
TRIAL 100 sec 301.9883801937103 cost 1.237370805991423 score 3.5866842415416786 vol 2328.2450459643396 cell [ 4.7872 21.21   22.9303 90.     90.     90.    ] zero -0.015500837753116113 best 1.2373708059662838 diff [ 0.0055  0.0045  0.0136 -0.2804 -0.0155 -0.2798 -0.049   0.0243 -0.0448
  0.1151  0.1215  0.001   0.0712  0.028   0.0104 -0.1235 -0.0094 -0.0023
  0.0253  0.0123 -0.0194 -0.0005 -0.0251]
TRIAL 101 sec 305.2733504772186 cost 1.2373708059422264 score 3.5866842415869846 vol 2328.2450459569304 cell [ 4.7872 21.21   22.9303 90.     90.     90.    ] zero -0.01550083777236962 best 1.2373708059662838 diff [ 0.0055  0.0045  0.0136 -0.2804 -0.0155 -0.2798 -0.049   0.0243 -0.0448
  0.1151  0.1215  0.001   0.0712  0.028   0.0104 -0.1235 -0.0094 -0.0023
  0.0253  0.0123 -0.0194 -0.0005 -0.0251]
TRIAL 102 sec 312.9259104728699 cost 1.770232361602947 score 1.7459658552069024 vol 2179.4264330208766 cell [ 8.7493 11.6025 21.4692 90.     90.     90.    ] zero 0.06871167111457278 best 1.2373708059662838 diff [ 3.2343e+00 -1.1700e-02 -3.8000e-02 -3.2860e-01  4.3650e-01  2.6100e-02
  2.9540e-01 -7.4900e-02  2.3800e-02 -4.1000e-03 -3.5700e-01 -3.0000e-04
  3.0900e-02  5.5000e-03  1.0500e-02 -4.0500e-02 -8.3000e-03 -3.8700e-02
  6.5900e-02 -9.4000e-03  4.7900e-02  2.9000e-03 -9.0900e-02]
TRIAL 103 sec 315.07189893722534 cost 1.2373708059350095 score 3.586684241591664 vol 2328.245045955463 cell [ 4.7872 21.21   22.9303 90.     90.     90.    ] zero -0.015500837776366011 best 1.2373708059662838 diff [ 0.0055  0.0045  0.0136 -0.2804 -0.0155 -0.2798 -0.049   0.0243 -0.0448
  0.1151  0.1215  0.001   0.0712  0.028   0.0104 -0.1235 -0.0094 -0.0023
  0.0253  0.0123 -0.0194 -0.0005 -0.0251]
TRIAL 104 sec 318.1092493534088 cost 1.2373708059409758 score 3.586684241616438 vol 2328.2450459563047 cell [ 4.7872 21.21   22.9303 90.     90.     90.    ] zero -0.01550083777431087 best 1.2373708059662838 diff [ 0.0055  0.0045  0.0136 -0.2804 -0.0155 -0.2798 -0.049   0.0243 -0.0448
  0.1151  0.1215  0.001   0.0712  0.028   0.0104 -0.1235 -0.0094 -0.0023
  0.0253  0.0123 -0.0194 -0.0005 -0.0251]
TRIAL 105 sec 322.2225811481476 cost 1.3498069447657026 score 3.1812564884327337 vol 2374.6635235045046 cell [ 4.7965 21.4734 23.0556 90.     90.     90.    ] zero 0.07489191766405474 best 1.2373708059662838 diff [ 0.0443 -0.0071  0.0004 -0.291  -0.0016 -0.339  -0.0694  0.0303 -0.0489
 -0.0012  0.0547 -0.1132  0.1215  0.0038 -0.0053 -0.111  -0.005   0.0147
 -0.0585  0.0049  0.0536 -0.0131  0.005 ]
TRIAL 106 sec 324.889196395874 cost 1.2373708059675348 score 3.5866842415282845 vol 2328.245045960306 cell [ 4.7872 21.21   22.9303 90.     90.     90.    ] zero -0.015500837763956098 best 1.2373708059662838 diff [ 0.0055  0.0045  0.0136 -0.2804 -0.0155 -0.2798 -0.049   0.0243 -0.0448
  0.1151  0.1215  0.001   0.0712  0.028   0.0104 -0.1235 -0.0094 -0.0023
  0.0253  0.0123 -0.0194 -0.0005 -0.0251]
TRIAL 107 sec 328.3139314651489 cost 1.2373708059256274 score 3.5866842416442135 vol 2328.2450459536426 cell [ 4.7872 21.21   22.9303 90.     90.     90.    ] zero -0.015500837781152561 best 1.2373708059662838 diff [ 0.0055  0.0045  0.0136 -0.2804 -0.0155 -0.2798 -0.049   0.0243 -0.0448
  0.1151  0.1215  0.001   0.0712  0.028   0.0104 -0.1235 -0.0094 -0.0023
  0.0253  0.0123 -0.0194 -0.0005 -0.0251]
TRIAL 108 sec 333.39717054367065 cost 1.5342468740332307 score 1.8430751830448022 vol 2434.0031829814566 cell [ 9.8535 13.3888 18.4497 90.     90.     90.    ] zero 0.1674093453333213 best 1.2373708059662838 diff [ 3.2212e+00  1.0900e-02 -1.8400e-02  1.8280e-01  2.0000e-04  2.2600e-02
 -7.4300e-02 -5.0970e-01 -1.8000e-02 -5.9700e-02 -6.2400e-02 -4.0000e-04
  7.1000e-03  6.5000e-03  1.7370e-01 -1.8640e-01 -2.4700e-02 -1.9000e-03
  1.6800e-02  1.3950e-01  3.5000e-03 -2.5000e-03  2.0000e-04]
TRIAL 109 sec 336.52220821380615 cost 1.3807744762112775 score 2.94169709052519 vol 2139.4731865912395 cell [ 4.3702 21.2753 23.0106 90.     90.     90.    ] zero 0.033145118415255706 best 1.2373708059662838 diff [ 0.0356  0.0275  0.0251 -0.268  -0.0093 -0.2711 -0.0482  0.0186 -0.0517
  0.1118  0.1136 -0.0088 -0.4351  0.0072 -0.007  -0.0481 -0.0013  0.0124
 -0.0049  0.0118 -0.007   0.083   0.0012]
TRIAL 110 sec 339.79832911491394 cost 1.2373708059665762 score 3.5866842415916533 vol 2328.2450459617103 cell [ 4.7872 21.21   22.9303 90.     90.     90.    ] zero -0.015500837759579436 best 1.2373708059662838 diff [ 0.0055  0.0045  0.0136 -0.2804 -0.0155 -0.2798 -0.049   0.0243 -0.0448
  0.1151  0.1215  0.001   0.0712  0.028   0.0104 -0.1235 -0.0094 -0.0023
  0.0253  0.0123 -0.0194 -0.0005 -0.0251]
TRIAL 111 sec 344.51776933670044 cost 1.3372241912614262 score 3.2362034082234366 vol 2539.7256064645835 cell [ 7.358  11.0911 31.1211 90.     90.     90.    ] zero -0.03254146946385008 best 1.2373708059662838 diff [-7.900e-03  1.145e-01  3.800e-03  1.390e-02  1.970e-02 -9.300e-02
  9.670e-02  8.410e-02 -9.520e-02 -3.910e-02 -6.600e-03 -2.760e-02
  3.900e-03 -1.365e-01 -5.960e-02 -8.800e-03  2.000e-04  1.232e-01
  5.000e-04  2.600e-03  2.813e-01  9.000e-04  9.300e-03]
TRIAL 112 sec 347.0024871826172 cost 1.2373708059826625 score 3.5866842415262323 vol 2328.245045962437 cell [ 4.7872 21.21   22.9303 90.     90.     90.    ] zero -0.015500837758036175 best 1.2373708059662838 diff [ 0.0055  0.0045  0.0136 -0.2804 -0.0155 -0.2798 -0.049   0.0243 -0.0448
  0.1151  0.1215  0.001   0.0712  0.028   0.0104 -0.1235 -0.0094 -0.0023
  0.0253  0.0123 -0.0194 -0.0005 -0.0251]
TRIAL 113 sec 348.7991786003113 cost 1.237370806006992 score 3.5866842414949076 vol 2328.245045966918 cell [ 4.7872 21.21   22.9303 90.     90.     90.    ] zero -0.015500837746736235 best 1.2373708059662838 diff [ 0.0055  0.0045  0.0136 -0.2804 -0.0155 -0.2798 -0.049   0.0243 -0.0448
  0.1151  0.1215  0.001   0.0712  0.028   0.0104 -0.1235 -0.0094 -0.0023
  0.0253  0.0123 -0.0194 -0.0005 -0.0251]
TRIAL 114 sec 354.41585874557495 cost 1.7494098861701943 score 1.8532525074394222 vol 2155.5753361751276 cell [ 8.7067 13.2794 18.6437 90.     90.     90.    ] zero 0.15174278624623427 best 1.2373708059662838 diff [ 3.2273e+00  1.0000e-02  3.1800e-02  1.1620e-01 -6.0000e-04  1.1560e-01
 -5.1000e-03  1.7620e-01 -1.4570e-01 -4.5400e-02 -2.6000e-03  5.0880e-01
  7.3600e-02 -4.5000e-02 -1.4200e-02 -5.4800e-02 -9.3000e-03 -5.1700e-02
  1.1500e-01  2.0600e-02 -7.0500e-02  7.3000e-03  2.3500e-02]
TRIAL 115 sec 356.71592378616333 cost 1.2373708059319801 score 3.586684241646014 vol 2328.245045955472 cell [ 4.7872 21.21   22.9303 90.     90.     90.    ] zero -0.015500837776268345 best 1.2373708059662838 diff [ 0.0055  0.0045  0.0136 -0.2804 -0.0155 -0.2798 -0.049   0.0243 -0.0448
  0.1151  0.1215  0.001   0.0712  0.028   0.0104 -0.1235 -0.0094 -0.0023
  0.0253  0.0123 -0.0194 -0.0005 -0.0251]
TRIAL 116 sec 359.09125328063965 cost 1.237370805948391 score 3.586684241584564 vol 2328.2450459580396 cell [ 4.7872 21.21   22.9303 90.     90.     90.    ] zero -0.015500837769713047 best 1.2373708059662838 diff [ 0.0055  0.0045  0.0136 -0.2804 -0.0155 -0.2798 -0.049   0.0243 -0.0448
  0.1151  0.1215  0.001   0.0712  0.028   0.0104 -0.1235 -0.0094 -0.0023
  0.0253  0.0123 -0.0194 -0.0005 -0.0251]
TRIAL 117 sec 362.775292634964 cost 1.2373708059459412 score 3.586684241570769 vol 2328.245045957569 cell [ 4.7872 21.21   22.9303 90.     90.     90.    ] zero -0.015500837770272778 best 1.2373708059662838 diff [ 0.0055  0.0045  0.0136 -0.2804 -0.0155 -0.2798 -0.049   0.0243 -0.0448
  0.1151  0.1215  0.001   0.0712  0.028   0.0104 -0.1235 -0.0094 -0.0023
  0.0253  0.0123 -0.0194 -0.0005 -0.0251]
TRIAL 118 sec 365.07950592041016 cost 1.2373708058979271 score 3.586684241694304 vol 2328.2450459491147 cell [ 4.7872 21.21   22.9303 90.     90.     90.    ] zero -0.015500837792086547 best 1.2373708059662838 diff [ 0.0055  0.0045  0.0136 -0.2804 -0.0155 -0.2798 -0.049   0.0243 -0.0448
  0.1151  0.1215  0.001   0.0712  0.028   0.0104 -0.1235 -0.0094 -0.0023
  0.0253  0.0123 -0.0194 -0.0005 -0.0251]
TRIAL 119 sec 368.77086782455444 cost 1.7422231107329107 score 2.1152402837194777 vol 2214.4117638408575 cell [ 5.7023 15.6787 24.7686 90.     90.     90.    ] zero 0.026720593965028128 best 1.2373708059662838 diff [ 1.1342e+00  8.4480e-01 -2.2700e-02  2.3530e-01 -1.6520e-01  2.2600e-02
  1.3000e-02 -5.5000e-03 -6.8600e-02 -2.0000e-02  7.2000e-03  3.4200e-02
 -3.8000e-02  1.4500e-02 -2.2140e-01 -2.5020e-01  1.7360e-01 -7.0000e-04
  3.5200e-02 -5.6300e-02 -1.9700e-02  3.9700e-02 -7.0000e-04]
