METRIC_INDEX X8a6f5a8 MONOCLINIC P peaks [5.622577289738095, 8.270696857539853, 11.251592912095276, 11.604597225496597, 12.28101575518233, 13.326477172221114, 14.28259842090325, 15.365340650102471, 15.971941078915338, 16.56391841998421, 16.905112374161586, 18.375776274671978, 18.813197152775274, 19.720760188913395, 20.32587832452108, 20.80583710882177, 21.752114275216215, 22.23139750964417, 23.04000620939197, 23.39003281344763, 25.168000235908636, 26.843405707213503, 27.47701596230883] bounds [(0.022222222222222223, 0.2857142857142857), (0.022222222222222223, 0.2857142857142857), (0.022222222222222223, 0.2857142857142857), (0.0, 0.7), (-0.08, 0.08)] volume 1000.0 2100.0
TRIAL 0 sec 9.486322402954102 cost 1.3966679704004372 score 2.8177700242925683 vol 1200.9463140918606 cell [31.5689  5.0796  7.4959 90.     92.4239 90.    ] zero 0.03107220058816863 best 1.3966679704004372 diff [ 0.0079  0.1647 -0.0082  0.2353  0.0019 -0.0058 -0.0363 -0.5258  0.0188
  0.1208 -0.0217 -0.0101 -0.0258 -0.0028 -0.0869  0.0098  0.0107 -0.2059
 -0.0578  0.09    0.0193  0.0043  0.0112]
TRIAL 1 sec 21.58326768875122 cost 1.4887302974094903 score 2.9840644011296953 vol 1046.8736753440676 cell [ 23.1804   5.9597   8.2611  90.     113.4659  90.    ] zero -0.062496909131462 best 1.3966679704004372 diff [-1.3411e+00 -2.3300e-02  2.0000e-04  1.5000e-03  1.3650e-01 -1.2110e-01
 -4.6970e-01  6.0000e-04  6.1600e-02  3.7600e-02  7.5000e-02 -9.0600e-02
  5.3300e-02  1.8390e-01 -1.3200e-02  3.3000e-03 -7.9700e-02  9.9500e-02
 -3.4000e-02  7.7000e-03 -1.4000e-02 -3.7000e-03  8.3000e-03]
TRIAL 2 sec 27.288586616516113 cost 1.3252254153686365 score 2.298678079170543 vol 1039.786870682139 cell [ 32.6165   4.4315   7.466   90.     105.5218  90.    ] zero -0.003936950751488624 best 1.3252254153686365 diff [-6.800e-03  1.607e-01 -2.600e-03  2.475e-01  8.900e-03 -2.000e-04
 -1.700e-03 -5.202e-01  6.270e-02  1.319e-01  4.600e-03 -3.056e-01
 -9.400e-03  3.410e-02 -2.470e-02 -1.000e-04  1.900e-03  3.841e-01
 -2.080e-02  4.960e-02  1.100e-03 -2.100e-03  1.225e-01]
TRIAL 3 sec 40.77599263191223 cost 1.3598489097551396 score 3.304287261743429 vol 1058.0689307582059 cell [ 9.4245  3.5617 31.7663 90.     97.1239 90.    ] zero 0.025999772215813906 best 1.3252254153686365 diff [ 6.300e-03  1.650e-01 -6.300e-03 -1.600e-03 -3.944e-01  1.221e-01
 -2.178e-01  2.269e-01 -8.800e-03  3.275e-01 -1.630e-02 -4.940e-02
  3.480e-02  4.400e-03  7.390e-02  8.900e-03 -2.800e-03 -2.000e-03
 -7.420e-02  3.700e-03  1.000e-04 -3.010e-02  7.900e-03]
TRIAL 4 sec 46.7826566696167 cost 1.357182622756615 score 3.232654728167811 vol 1063.08856929055 cell [31.6704  3.5601  9.4929 90.     96.6555 90.    ] zero 0.006433447628585345 best 1.3252254153686365 diff [-1.800e-03  1.629e-01 -3.000e-03 -1.191e-01 -4.043e-01  5.500e-03
 -2.091e-01  1.150e-01  2.500e-02  3.432e-01 -1.300e-03  3.000e-04
  7.000e-04  1.300e-03 -2.360e-02 -1.500e-03 -2.183e-01 -2.940e-02
  4.040e-02  7.930e-02 -7.400e-03 -1.300e-03  8.600e-03]
TRIAL 5 sec 53.08726477622986 cost 1.6158227742000222 score 2.147119011669158 vol 1005.5399754412555 cell [ 36.2088   4.7677   6.7075  90.     119.7279  90.    ] zero -0.004678242505770633 best 1.3252254153686365 diff [-1.050e-02  1.555e-01 -9.200e-03 -3.568e-01  9.700e-01 -4.800e-03
 -2.142e-01 -1.703e-01  2.094e-01  2.178e-01 -5.100e-03  2.936e-01
 -8.000e-03  2.290e-02  1.175e-01 -2.910e-02  2.730e-02 -2.000e-04
  1.280e-02  7.000e-04 -2.150e-02 -1.070e-02 -3.080e-02]
TRIAL 6 sec 63.47808814048767 cost 1.472712277185661 score 2.152269127852161 vol 1038.9040329712032 cell [  7.4642   4.4307  39.3195  90.     126.9707  90.    ] zero -0.007852775545359778 best 1.3252254153686365 diff [-8.400e-03  1.603e-01 -1.900e-03  2.466e-01  7.500e-03 -1.600e-03
  3.000e-04 -5.213e-01  6.590e-02  1.316e-01  7.700e-03 -3.012e-01
 -9.000e-03  3.840e-02 -1.900e-02  3.000e-04  2.900e-03  3.898e-01
 -1.910e-02  5.090e-02 -1.581e-01 -9.000e-04  1.244e-01]
TRIAL 7 sec 70.80290341377258 cost 1.3598464077001886 score 3.3060410450272513 vol 1058.0609714132993 cell [31.995   3.5617  9.4243 90.     99.8718 90.    ] zero 0.026012281166982787 best 1.3252254153686365 diff [ 6.300e-03  1.649e-01 -6.400e-03 -1.600e-03 -3.942e-01  1.221e-01
 -2.179e-01  2.269e-01 -8.700e-03  3.274e-01 -1.640e-02 -4.920e-02
  3.520e-02  4.300e-03  7.370e-02  9.000e-03 -2.700e-03 -1.600e-03
 -7.440e-02  3.700e-03 -1.000e-04 -3.020e-02  7.800e-03]
TRIAL 8 sec 85.27015447616577 cost 1.5483446805124277 score 2.418608972825516 vol 1326.4369790263636 cell [ 16.8532   3.6192  22.988   90.     108.9141  90.    ] zero -0.045932599226558866 best 1.3252254153686365 diff [ 0.0405 -0.0987 -0.0683 -0.0019 -0.1267  0.2069  0.6508 -0.0032 -0.0172
  0.0586  0.2336 -0.0108  0.0018  0.0502  0.0308 -0.0204 -0.0054  0.0088
 -0.1081 -0.0162 -0.0011  0.0016  0.0012]
TRIAL 9 sec 93.38346409797668 cost 1.405049667264186 score 2.4741875481384024 vol 969.5894999457354 cell [ 37.8864   4.1306   7.4666  90.     123.9232  90.    ] zero -0.00012034682943822262 best 1.3252254153686365 diff [-4.900e-03  1.616e-01 -2.600e-03  2.504e-01  1.090e-02  8.000e-04
  1.200e-03 -5.202e-01  6.490e-02  1.305e-01  2.600e-03 -3.040e-01
 -1.200e-02  3.110e-02 -2.410e-02  2.837e-01 -6.980e-02  2.700e-03
  8.640e-02  1.164e-01 -2.000e-04 -4.100e-03 -3.300e-03]
TRIAL 10 sec 97.66889643669128 cost 1.3252299175767566 score 2.2983116639318317 vol 1039.7955979377361 cell [ 32.6164   4.4315   7.4661  90.     105.5223  90.    ] zero -0.003960841814726086 best 1.3252254153686365 diff [-6.800e-03  1.607e-01 -2.600e-03  2.474e-01  8.800e-03 -3.000e-04
 -1.900e-03 -5.203e-01  6.250e-02  1.319e-01  4.700e-03 -3.057e-01
 -9.500e-03  3.420e-02 -2.480e-02 -2.000e-04  1.900e-03  3.842e-01
 -2.090e-02  4.940e-02  1.000e-03 -2.300e-03  1.224e-01]
TRIAL 11 sec 104.46903872489929 cost 1.3252152151347973 score 2.3431665856192923 vol 1039.8069402485016 cell [ 37.8728   4.4316   7.4661  90.     123.9222  90.    ] zero -0.0037780591255267295 best 1.3252152151347973 diff [-6.600e-03  1.609e-01 -2.400e-03  2.475e-01  9.000e-03 -1.000e-04
 -1.800e-03 -5.200e-01  6.260e-02  1.322e-01  4.900e-03 -3.056e-01
 -9.200e-03  3.440e-02 -2.480e-02 -1.000e-04  1.900e-03  3.844e-01
 -2.080e-02  4.950e-02  1.100e-03 -2.100e-03  1.226e-01]
TRIAL 12 sec 110.77096891403198 cost 1.3252205803875594 score 2.2989386728776604 vol 1039.8369374569502 cell [  7.4662   4.4316  32.6169  90.     105.5229  90.    ] zero -0.0037106849956507126 best 1.3252152151347973 diff [-6.600e-03  1.609e-01 -2.400e-03  2.475e-01  9.000e-03 -1.000e-04
 -1.800e-03 -5.201e-01  6.250e-02  1.321e-01  4.700e-03 -3.057e-01
 -9.300e-03  3.420e-02 -2.490e-02 -3.000e-04  1.700e-03  3.842e-01
 -2.100e-02  4.930e-02  9.000e-04 -2.200e-03  1.223e-01]
TRIAL 13 sec 117.59578657150269 cost 1.3598321694924302 score 3.52037321232797 vol 1058.0797575940899 cell [ 39.8214   3.5617   9.4245  90.     127.6683  90.    ] zero 0.026144158307059868 best 1.3252152151347973 diff [ 0.0065  0.1651 -0.0062 -0.0016 -0.3942  0.1222 -0.2177  0.227  -0.0086
  0.3276 -0.0162 -0.0492  0.035   0.0045  0.0739  0.0091 -0.0028 -0.0018
 -0.0742  0.0039 -0.     -0.0302  0.0079]
TRIAL 14 sec 124.69873428344727 cost 1.3252555463280715 score 2.2991323779852575 vol 1039.8308970979615 cell [ 32.0342   4.4315   7.4661  90.     101.1676  90.    ] zero -0.0036862707287862585 best 1.3252152151347973 diff [-6.700e-03  1.608e-01 -2.600e-03  2.476e-01  8.900e-03 -2.000e-04
 -1.600e-03 -5.203e-01  6.280e-02  1.317e-01  4.500e-03 -3.055e-01
 -9.700e-03  3.390e-02 -2.470e-02 -0.000e+00  2.000e-03  3.838e-01
 -2.080e-02  4.970e-02  1.000e-03 -2.500e-03  1.223e-01]
TRIAL 15 sec 137.01386213302612 cost 1.7572546559542466 score 2.2682444222763385 vol 1048.0959088317531 cell [ 19.3561   3.5651  15.6292  90.     103.6364  90.    ] zero -0.03900839123493304 best 1.3252152151347973 diff [ 1.557e-01 -1.670e-02  1.939e-01 -4.000e-04 -1.487e-01  1.896e-01
 -2.073e-01  6.672e-01  4.570e-02  2.700e-02  7.190e-02 -4.240e-02
  3.100e-03 -4.500e-03  1.300e-03  1.916e-01  1.100e-03  2.820e-01
  2.700e-03 -2.040e-02 -1.504e-01 -6.300e-03  3.300e-02]
TRIAL 16 sec 144.41372871398926 cost 1.3252258235545546 score 2.299119789448439 vol 1039.8470039733477 cell [ 35.3547   4.4316   7.4662  90.     117.263   90.    ] zero -0.00367648726383897 best 1.3252152151347973 diff [-6.600e-03  1.609e-01 -2.500e-03  2.475e-01  9.000e-03 -1.000e-04
 -1.800e-03 -5.201e-01  6.260e-02  1.320e-01  4.700e-03 -3.057e-01
 -9.400e-03  3.410e-02 -2.490e-02 -3.000e-04  1.700e-03  3.841e-01
 -2.110e-02  4.930e-02  8.000e-04 -2.300e-03  1.223e-01]
TRIAL 17 sec 150.4023413658142 cost 1.3252144668579209 score 2.2989049080846042 vol 1039.8311949624763 cell [ 34.2714   4.4316   7.4662  90.     113.5071  90.    ] zero -0.003664305822517848 best 1.3252144668579209 diff [-6.600e-03  1.609e-01 -2.400e-03  2.476e-01  9.000e-03 -1.000e-04
 -1.700e-03 -5.200e-01  6.260e-02  1.321e-01  4.700e-03 -3.056e-01
 -9.300e-03  3.420e-02 -2.480e-02 -2.000e-04  1.900e-03  3.842e-01
 -2.090e-02  4.950e-02  9.000e-04 -2.100e-03  1.224e-01]
TRIAL 18 sec 161.5750596523285 cost 1.396667970314441 score 2.817770024459624 vol 1200.9463141060617 cell [ 34.3703   5.0796   7.4959  90.     113.412   90.    ] zero 0.031072200663324664 best 1.3252144668579209 diff [ 0.0079  0.1647 -0.0082  0.2353  0.0019 -0.0058 -0.0363 -0.5258  0.0188
  0.1208 -0.0217 -0.0101 -0.0258 -0.0028 -0.0869  0.0098  0.0107 -0.2059
 -0.0578  0.09    0.0193  0.0043  0.0112]
TRIAL 19 sec 166.27589583396912 cost 1.3598331724092245 score 3.3043624073316655 vol 1058.071767554282 cell [ 34.8696   3.5617   9.4245  90.     115.3146  90.    ] zero 0.026186491676608234 best 1.3252144668579209 diff [ 6.500e-03  1.651e-01 -6.200e-03 -1.500e-03 -3.942e-01  1.222e-01
 -2.177e-01  2.270e-01 -8.600e-03  3.276e-01 -1.620e-02 -4.920e-02
  3.500e-02  4.500e-03  7.390e-02  9.100e-03 -2.700e-03 -1.700e-03
 -7.420e-02  3.800e-03  3.000e-04 -2.990e-02  8.100e-03]
TRIAL 20 sec 171.2160210609436 cost 1.3669755901226344 score 2.8407787705330723 vol 1192.7449529279952 cell [ 35.3648   5.0803   7.4672  90.     117.2448  90.    ] zero 0.0008668616150724695 best 1.3252144668579209 diff [-4.600e-03  1.616e-01 -3.000e-03  2.504e-01  1.090e-02  5.000e-04
  1.000e-03 -5.207e-01  6.460e-02  1.297e-01  1.600e-03 -3.720e-02
 -1.310e-02  2.970e-02 -2.500e-02 -3.000e-03  1.430e-02 -2.159e-01
 -6.600e-02  1.146e-01 -1.700e-03 -5.700e-03  1.700e-02]
TRIAL 21 sec 179.67736053466797 cost 1.7643257753572081 score 1.62495992211075 vol 968.8086077075254 cell [12.7727  4.8195 15.9394 90.     99.1144 90.    ] zero 0.01627410187141809 best 1.3252144668579209 diff [ 4.600e-03 -6.000e-04 -0.000e+00 -3.473e-01  3.800e-03  7.416e-01
  2.100e-03  5.960e-01 -2.090e-02  3.300e-03 -1.900e-03  9.051e-01
  4.527e-01 -8.000e-04 -9.380e-02  2.050e-02 -1.305e-01 -4.570e-02
  1.872e-01 -1.810e-02 -8.140e-02  6.200e-03  2.200e-03]
TRIAL 22 sec 183.28068709373474 cost 1.3252245214734812 score 2.2984033675595392 vol 1039.8125985924369 cell [ 34.2714   4.4315   7.4661  90.     113.5079  90.    ] zero -0.0037696226499758013 best 1.3252144668579209 diff [-6.700e-03  1.608e-01 -2.500e-03  2.475e-01  8.900e-03 -2.000e-04
 -1.700e-03 -5.202e-01  6.270e-02  1.319e-01  4.700e-03 -3.056e-01
 -9.500e-03  3.420e-02 -2.470e-02 -0.000e+00  2.000e-03  3.841e-01
 -2.080e-02  4.960e-02  1.100e-03 -2.300e-03  1.224e-01]
TRIAL 23 sec 187.67023468017578 cost 1.3252285293028043 score 2.2986639581679467 vol 1039.8336635140988 cell [ 34.2718   4.4316   7.4662  90.     113.508   90.    ] zero -0.0036325407794584397 best 1.3252144668579209 diff [-6.600e-03  1.609e-01 -2.500e-03  2.476e-01  9.000e-03 -2.000e-04
 -1.600e-03 -5.202e-01  6.270e-02  1.319e-01  4.600e-03 -3.055e-01
 -9.500e-03  3.410e-02 -2.470e-02 -0.000e+00  2.000e-03  3.841e-01
 -2.080e-02  4.960e-02  1.000e-03 -2.400e-03  1.224e-01]
TRIAL 24 sec 197.80328178405762 cost 1.5800208386066412 score 2.056738375011504 vol 991.8376916105497 cell [ 17.478    3.6805  15.6711  90.     100.2984  90.    ] zero -0.07999999990000001 best 1.3252144668579209 diff [ 2.560e-02  1.400e-03  1.393e-01  1.640e-02  2.864e-01 -1.710e-02
 -3.800e-01  6.000e-04 -5.580e-01  1.054e-01  1.023e-01 -1.000e-02
 -2.420e-02  6.241e-01  7.500e-03 -3.400e-03 -5.400e-02  1.114e-01
 -6.550e-02  5.580e-02 -1.130e-02  0.000e+00 -1.620e-02]
TRIAL 25 sec 201.89089345932007 cost 1.3669747061174864 score 2.8408943615477384 vol 1192.738674549324 cell [ 34.2881   5.0803   7.4671  90.     113.5119  90.    ] zero 0.0008382011891264618 best 1.3252144668579209 diff [-4.600e-03  1.615e-01 -3.000e-03  2.504e-01  1.090e-02  5.000e-04
  1.000e-03 -5.207e-01  6.460e-02  1.297e-01  1.500e-03 -3.720e-02
 -1.310e-02  2.970e-02 -2.500e-02 -3.000e-03  1.430e-02 -2.159e-01
 -6.600e-02  1.146e-01 -1.700e-03 -5.700e-03  1.700e-02]
TRIAL 26 sec 207.51123189926147 cost 1.3252208440015116 score 2.2981218095198908 vol 1039.7868203767482 cell [31.4518  4.4315  7.4661 90.     92.3013 90.    ] zero -0.003946649442671637 best 1.3252144668579209 diff [-6.800e-03  1.608e-01 -2.400e-03  2.475e-01  8.900e-03 -1.000e-04
 -1.900e-03 -5.201e-01  6.250e-02  1.321e-01  4.800e-03 -3.057e-01
 -9.200e-03  3.440e-02 -2.480e-02 -2.000e-04  1.800e-03  3.844e-01
 -2.090e-02  4.940e-02  1.100e-03 -2.000e-03  1.226e-01]
TRIAL 27 sec 221.06805419921875 cost 1.9866293489336986 score 1.886908087257009 vol 1018.4390498079898 cell [14.2782  9.877   7.2578 90.     95.7199 90.    ] zero 0.019855349581139718 best 1.3252144668579209 diff [ 6.4460e-01 -1.7809e+00 -3.2560e-01 -6.6290e-01 -1.4900e-02 -1.2900e-01
  2.6900e-02  6.4000e-03 -3.1000e-03  5.2700e-02 -1.5000e-03  4.0000e-04
 -7.0900e-02 -6.7870e-01  1.4850e-01 -1.4000e-03  5.2100e-02  1.1830e-01
 -5.1000e-03  7.9000e-02 -5.1000e-03  4.0000e-04  1.2790e-01]
TRIAL 28 sec 226.38404870033264 cost 1.3252176072212831 score 2.298658851928112 vol 1039.8385125626507 cell [ 35.3546   4.4316   7.4662  90.     117.2629  90.    ] zero -0.003567838574870557 best 1.3252144668579209 diff [-6.500e-03  1.610e-01 -2.300e-03  2.477e-01  9.100e-03 -0.000e+00
 -1.700e-03 -5.200e-01  6.270e-02  1.321e-01  4.800e-03 -3.055e-01
 -9.200e-03  3.430e-02 -2.470e-02 -2.000e-04  1.900e-03  3.843e-01
 -2.090e-02  4.940e-02  1.000e-03 -2.100e-03  1.224e-01]
TRIAL 29 sec 232.8070149421692 cost 1.3252235939960193 score 2.2979494025719904 vol 1039.818807154941 cell [ 32.6167   4.4315   7.4662  90.     105.5225  90.    ] zero -0.003665377027210477 best 1.3252144668579209 diff [-6.600e-03  1.610e-01 -2.300e-03  2.476e-01  9.000e-03 -1.000e-04
 -1.700e-03 -5.201e-01  6.270e-02  1.321e-01  4.800e-03 -3.056e-01
 -9.300e-03  3.430e-02 -2.470e-02  0.000e+00  2.100e-03  3.843e-01
 -2.070e-02  4.960e-02  1.100e-03 -2.200e-03  1.226e-01]
TRIAL 30 sec 248.40376806259155 cost 1.234576059230141 score 3.105331882317203 vol 1101.5125172842252 cell [ 13.4892   5.1904  18.4021  90.     121.2465  90.    ] zero 0.007475814140052251 best 1.234576059230141 diff [-0.0023 -0.5811 -0.005   0.0251 -0.634   0.0042  0.1948 -0.004  -0.0916
  0.0424 -0.0049  0.0059 -0.0729 -0.0048  0.0268 -0.0679 -0.0296  0.1972
  0.0035  0.0077 -0.0034 -0.0049  0.0038]
TRIAL 31 sec 267.29115986824036 cost 1.2487509598028772 score 3.0200246794806276 vol 1071.621496699961 cell [ 18.3802   5.0536  13.481   90.     121.1529  90.    ] zero 0.005212101230703592 best 1.234576059230141 diff [-3.400e-03 -5.861e-01 -5.000e-03  1.580e-02 -6.428e-01  5.300e-03
  2.086e-01 -1.220e-02 -7.150e-02  3.240e-02 -3.700e-03  5.470e-02
  3.100e-03 -4.700e-03  4.620e-02 -7.050e-02  1.871e-01 -7.600e-03
  7.470e-02 -1.500e-03  1.320e-02 -4.000e-04 -5.100e-03]
TRIAL 32 sec 279.6734857559204 cost 1.711242918387246 score 2.529241689715802 vol 997.9653041107334 cell [ 22.7189   3.554   16.2085  90.     130.3101  90.    ] zero 0.07999999999999999 best 1.234576059230141 diff [-0.0719 -0.3812 -0.0162  0.1496 -0.2007 -0.7386  0.1179  0.0457 -0.0613
 -0.0275 -0.0199 -0.215  -0.1101  0.0058 -0.0958  0.0243  0.0119  0.003
  0.0738  0.1615  0.0263 -0.005  -0.    ]
TRIAL 33 sec 297.69137620925903 cost 1.4446867522509153 score 2.4888665434537605 vol 1003.119975753067 cell [ 13.5168   4.6923  18.4132  90.     120.8012  90.    ] zero 0.07693041686512217 best 1.234576059230141 diff [ 0.0377 -0.5591  0.0053 -0.0013 -0.6551  0.0258  0.2478 -0.0376 -0.007
 -0.0197 -0.0247  0.4777  0.0362 -0.0045  0.0927 -0.0987  0.1004  0.0358
 -0.0014 -0.004  -0.0069 -0.007  -0.0063]
TRIAL 34 sec 312.5803208351135 cost 1.359847933901079 score 3.3060331302883723 vol 1058.0586861533786 cell [ 34.8696   3.5617   9.4243  90.     115.3138  90.    ] zero 0.02610616487964796 best 1.234576059230141 diff [ 6.400e-03  1.650e-01 -6.300e-03 -1.400e-03 -3.942e-01  1.223e-01
 -2.178e-01  2.270e-01 -8.700e-03  3.274e-01 -1.640e-02 -4.930e-02
  3.530e-02  4.300e-03  7.390e-02  8.900e-03 -2.500e-03 -1.600e-03
 -7.430e-02  3.700e-03  1.000e-04 -3.000e-02  7.900e-03]
TRIAL 35 sec 321.7794346809387 cost 1.615624891445865 score 2.465089275288858 vol 1077.0239342114014 cell [ 14.5344   4.2376  23.6568  90.     132.3385  90.    ] zero 0.07450516842838997 best 1.234576059230141 diff [-4.695e-01  2.710e-02  2.105e-01 -1.413e-01  1.900e-03  3.384e-01
 -6.037e-01 -5.390e-02  1.990e-02 -3.000e-04 -2.300e-03  5.480e-02
  9.800e-03 -2.053e-01  1.780e-02  1.900e-03  2.200e-03  1.555e-01
 -2.510e-02 -7.600e-03 -4.170e-02  5.200e-03 -4.500e-03]
TRIAL 36 sec 331.30699372291565 cost 1.571907195262096 score 2.4856369836419194 vol 1011.272262031182 cell [17.4708  4.0623 14.295  90.     94.5963 90.    ] zero -0.04498486425593571 best 1.234576059230141 diff [ 0.5596  0.0044  0.1735 -0.1808 -0.0056 -0.3353 -0.5289  0.003  -0.0117
  0.0756 -0.0155  0.2482  0.0569 -0.017   0.0113 -0.0163  0.0038  0.1804
 -0.032  -0.0075  0.003  -0.0295  0.0466]
TRIAL 37 sec 340.9150083065033 cost 1.2345862448194456 score 3.105893504817519 vol 1101.5862884101757 cell [ 16.2199   5.1905  13.4895  90.     104.0724  90.    ] zero 0.007934404456668159 best 1.234576059230141 diff [-0.002  -0.5808 -0.0048  0.0252 -0.6338  0.0044  0.195  -0.0039 -0.0914
  0.0424 -0.0048  0.0059 -0.0729 -0.0048  0.0269 -0.068  -0.0296  0.1972
  0.0034  0.0076 -0.0033 -0.0052  0.0037]
TRIAL 38 sec 350.7080936431885 cost 1.2487428524703084 score 3.02064391360405 vol 1071.659233089664 cell [ 16.2235   5.0537  13.4812  90.     104.1721  90.    ] zero 0.0054318135606140315 best 1.234576059230141 diff [-3.300e-03 -5.859e-01 -4.900e-03  1.610e-02 -6.426e-01  5.400e-03
  2.085e-01 -1.200e-02 -7.170e-02  3.260e-02 -3.700e-03  5.470e-02
  3.100e-03 -4.900e-03  4.600e-02 -7.030e-02  1.873e-01 -7.700e-03
  7.500e-02 -1.400e-03  1.290e-02 -4.000e-04 -5.000e-03]
TRIAL 39 sec 361.88299107551575 cost 1.325226318074239 score 2.299026379967485 vol 1039.813906524451 cell [  7.4661   4.4316  34.271   90.     113.5068  90.    ] zero -0.0038238233471252327 best 1.234576059230141 diff [-6.700e-03  1.608e-01 -2.500e-03  2.476e-01  9.000e-03 -1.000e-04
 -1.800e-03 -5.200e-01  6.250e-02  1.321e-01  4.700e-03 -3.057e-01
 -9.200e-03  3.420e-02 -2.490e-02 -3.000e-04  1.700e-03  3.842e-01
 -2.100e-02  4.930e-02  9.000e-04 -2.000e-03  1.224e-01]
TRIAL 40 sec 374.213497877121 cost 1.5475726430939085 score 2.4526377851240126 vol 1005.1444367727378 cell [ 13.2849   3.9349  23.9519  90.     126.6034  90.    ] zero -0.01996359502339468 best 1.234576059230141 diff [-9.565e-01 -6.800e-03 -1.969e-01  9.500e-03 -6.501e-01 -9.900e-03
  3.390e-02  2.678e-01 -1.706e-01  2.750e-02 -3.112e-01  4.640e-02
 -1.016e-01 -3.900e-03  8.900e-03 -1.000e-04 -1.092e-01  2.000e-04
 -7.400e-03 -1.970e-02  2.410e-02 -5.100e-03  5.600e-03]
TRIAL 41 sec 382.1845393180847 cost 1.3598312365010272 score 3.3043859590196116 vol 1058.076109783468 cell [ 9.4245  3.5617 31.9949 90.     99.8718 90.    ] zero 0.0261459160796597 best 1.234576059230141 diff [ 6.500e-03  1.651e-01 -6.200e-03 -1.600e-03 -3.942e-01  1.222e-01
 -2.177e-01  2.270e-01 -8.700e-03  3.275e-01 -1.620e-02 -4.920e-02
  3.490e-02  4.500e-03  7.390e-02  9.000e-03 -2.800e-03 -1.800e-03
 -7.430e-02  3.800e-03  2.000e-04 -3.000e-02  8.000e-03]
TRIAL 42 sec 390.8751051425934 cost 1.3768716941075878 score 2.633181397233598 vol 991.2254741671155 cell [ 18.3974   4.6481  13.496   90.     120.8092  90.    ] zero 0.06297205558992874 best 1.234576059230141 diff [ 2.900e-02 -5.617e-01  1.900e-03  7.000e-04 -6.540e-01  3.320e-02
  2.462e-01 -2.680e-02 -3.500e-03 -1.330e-02 -2.280e-02  4.929e-01
  5.070e-02  0.000e+00 -1.800e-03 -7.870e-02  1.119e-01  2.700e-03
  2.230e-02 -8.000e-04  6.000e-04 -3.600e-03 -1.078e-01]
TRIAL 43 sec 405.6929380893707 cost 1.5337160185607226 score 2.694335068213331 vol 1470.9555672764639 cell [ 13.1105   3.5602  35.8391  90.     118.4381  90.    ] zero 0.020276224083106142 best 1.234576059230141 diff [ 1.800e-03  2.000e-04 -9.700e-03 -1.252e-01  1.179e-01  2.381e-01
 -3.100e-02  1.410e-02  4.132e-01  7.000e-04  4.500e-03 -3.040e-02
 -6.610e-02  2.900e-03  4.000e-04  8.100e-03 -7.160e-02 -9.430e-02
  1.340e-02  1.940e-02  5.100e-03 -9.310e-02  1.310e-02]
TRIAL 44 sec 414.2901690006256 cost 1.4754414316401745 score 2.410448464266738 vol 1007.1510000052383 cell [13.3643  4.7863 15.8275 90.     95.8455 90.    ] zero 0.021499742686837315 best 1.234576059230141 diff [ 7.300e-03 -2.000e-04  1.000e-04 -3.469e-01  2.014e-01  3.700e-03
 -3.445e-01 -3.660e-01  6.005e-01 -1.300e-03 -4.300e-03 -4.540e-02
 -7.800e-03 -1.600e-03  1.700e-03 -1.000e-01 -1.800e-02  1.755e-01
  5.140e-02 -1.288e-01  1.450e-02  6.000e-04  6.500e-03]
TRIAL 45 sec 437.1933488845825 cost 1.681140197366207 score 2.26350442072987 vol 1000.5178829660634 cell [ 18.5961   3.5414  16.1964  90.     110.2803  90.    ] zero -0.009090539496917823 best 1.234576059230141 diff [ 1.841e-01  6.862e-01 -2.917e-01  2.660e-02  2.241e-01 -3.300e-03
 -4.200e-03 -1.480e-01 -3.342e-01 -1.370e-01 -1.900e-03 -2.698e-01
 -7.000e-03 -9.690e-02  1.320e-02 -4.619e-01  2.510e-02 -1.560e-02
  1.930e-02  3.600e-03 -6.000e-04 -3.000e-03  3.000e-04]
TRIAL 46 sec 443.39612340927124 cost 1.2346128271512289 score 3.106090756104742 vol 1101.5489100533675 cell [ 16.2195   5.1904  13.4895  90.     104.0691  90.    ] zero 0.007566709985165918 best 1.234576059230141 diff [-0.0023 -0.581  -0.0051  0.0253 -0.6338  0.0041  0.1944 -0.0039 -0.0922
  0.0426 -0.005   0.0059 -0.0727 -0.0049  0.0261 -0.0681 -0.0296  0.1962
  0.0037  0.0073 -0.0039 -0.0053  0.004 ]
TRIAL 47 sec 456.2719626426697 cost 1.4754606204238603 score 2.4117679064470092 vol 1007.2363657079183 cell [13.3646  4.7865 15.828  90.     95.847  90.    ] zero 0.021946347717982064 best 1.234576059230141 diff [ 7.600e-03 -1.000e-04  2.000e-04 -3.468e-01  2.013e-01  3.900e-03
 -3.445e-01 -3.657e-01  6.003e-01 -1.500e-03 -4.400e-03 -4.520e-02
 -7.800e-03 -1.700e-03  1.500e-03 -1.001e-01 -1.820e-02  1.752e-01
  5.120e-02 -1.291e-01  1.410e-02  4.000e-04  6.500e-03]
