METRIC_INDEX X8a6f5a8 ORTHOROMBIC P peaks [5.622577289738095, 8.270696857539853, 11.251592912095276, 11.604597225496597, 12.28101575518233, 13.326477172221114, 14.28259842090325, 15.365340650102471, 15.971941078915338, 16.56391841998421, 16.905112374161586, 18.375776274671978, 18.813197152775274, 19.720760188913395, 20.32587832452108, 20.80583710882177, 21.752114275216215, 22.23139750964417, 23.04000620939197, 23.39003281344763, 25.168000235908636, 26.843405707213503, 27.47701596230883] bounds [(0.022222222222222223, 0.2857142857142857), (0.022222222222222223, 0.2857142857142857), (0.022222222222222223, 0.2857142857142857), (-0.08, 0.08)] volume 2000.0 4100.0
TRIAL 0 sec 9.01401400566101 cost 3.3248301209560807 score 2.419934493121384 vol 2151.6729818045587 cell [ 6.4903  7.7338 42.8663 90.     90.     90.    ] zero 0.027510569428886012 best 3.3248301209560807 diff [-1.2753e+00  7.0000e-04  3.9940e-01  4.0500e-02 -9.6400e-02 -2.8930e-01
 -8.4000e-03  7.9900e-02  6.9000e-03 -5.7000e-03  3.5000e-03 -4.4300e-02
  9.8500e-02 -2.4500e-02 -1.5300e-01 -7.3900e-02  3.6400e-02 -3.0330e-01
  1.1300e-02 -5.7000e-03  1.0470e-01 -6.0000e-04  1.5000e-03]
TRIAL 1 sec 12.211239337921143 cost 2.800709113690518 score 3.608265471316117 vol 2604.0307165480813 cell [ 7.5283 10.9865 31.4842 90.     90.     90.    ] zero 0.022098064133927463 best 2.800709113690518 diff [ 9.000e-03  2.724e-01  2.900e-03  6.920e-02 -1.793e-01 -2.762e-01
 -1.010e-02 -1.790e-02  1.727e-01  3.160e-02 -4.000e-04 -1.000e-04
 -6.580e-02 -6.800e-03 -1.107e-01 -3.100e-03 -3.200e-03 -4.870e-02
 -2.400e-03  5.800e-02  1.800e-03  7.300e-03  1.440e-02]
TRIAL 2 sec 16.208632946014404 cost 3.5732989643248745 score 1.7721021955029188 vol 1996.9967251595597 cell [ 3.6019 17.6993 31.3249 90.     90.     90.    ] zero -0.03529594420854459 best 2.800709113690518 diff [-0.0198 -0.7422  0.0029 -0.1636  0.0333 -0.2566  0.6878 -0.1306  0.033
  0.3747  0.0288  0.4106 -0.0319 -0.0287  0.0934  0.0031  0.0098 -0.0238
 -0.007  -0.1778  0.0082 -0.0256  0.0031]
TRIAL 3 sec 21.191242218017578 cost 3.4750773889326285 score 1.823720627794681 vol 2022.2964700680373 cell [ 8.9749 13.1882 17.0856 90.     90.     90.    ] zero -0.07999999990000001 best 2.800709113690518 diff [ 3.4738e+00  1.1420e-01 -2.0390e-01  2.3760e-01 -2.6200e-02  1.0500e-02
  2.4000e-02  3.6820e-01 -2.4380e-01  2.5900e-02 -1.3000e-02 -2.0200e-02
 -4.5400e-01 -3.2400e-02  4.0300e-02  7.8000e-03  2.2400e-02  4.9600e-02
 -1.6100e-02 -1.0320e-01 -1.4000e-03  8.4000e-03 -2.6800e-02]
TRIAL 4 sec 26.125513792037964 cost 2.5886639226221324 score 3.310451340519718 vol 3404.2251943261986 cell [ 8.7322 12.3975 31.4458 90.     90.     90.    ] zero 0.006484705020550781 best 2.5886639226221324 diff [ 2.000e-04 -5.827e-01  1.000e-03 -1.550e-02  1.144e-01  5.300e-03
  7.000e-04 -6.400e-03 -1.767e-01  4.410e-02  4.800e-03 -5.500e-03
 -1.810e-02  2.610e-02  4.100e-03  7.720e-02  1.900e-03 -6.000e-04
  8.290e-02 -6.100e-03 -7.410e-02 -1.800e-03  2.500e-03]
TRIAL 5 sec 31.489397048950195 cost 3.3969984506438182 score 1.6903646245384105 vol 2025.1237594500267 cell [ 7.3217  8.813  31.3846 90.     90.     90.    ] zero -0.007308436821794313 best 2.5886639226221324 diff [-2.6000e-03 -2.2304e+00  9.3000e-03 -1.0490e-01  1.1610e-01 -1.0000e-04
  4.7370e-01 -2.6430e-01 -3.6000e-03 -2.4200e-02  2.4200e-02  2.2280e-01
 -2.1480e-01 -7.4000e-03  1.4000e-03  4.0900e-02  1.0940e-01 -1.0800e-02
  8.4100e-02  1.4810e-01 -1.2030e-01  1.5000e-03  5.0000e-04]
TRIAL 6 sec 34.81259226799011 cost 2.6244908437662615 score 2.934784085123112 vol 2102.4057580855406 cell [ 4.337  21.1545 22.9154 90.     90.     90.    ] zero -0.0799973718449614 best 2.5886639226221324 diff [-0.0212  0.0023  0.0453 -0.3062 -0.0512 -0.2792 -0.0714  0.0096 -0.037
  0.1071  0.1156  0.0068 -0.4276  0.0045  0.0025  0.006   0.0633 -0.0124
  0.0071  0.0011 -0.0087 -0.0769 -0.0077]
TRIAL 7 sec 38.60347247123718 cost 3.329483406491585 score 2.3971800902402807 vol 2156.4449907273006 cell [ 6.4863  7.764  42.8207 90.     90.     90.    ] zero 0.020809191790519748 best 2.5886639226221324 diff [-1.2788e+00  2.7000e-03  3.4780e-01 -9.7000e-03  1.3260e-01 -3.3120e-01
 -5.7000e-03  4.7300e-02  1.2100e-02  5.3000e-03 -2.3900e-02 -7.1700e-02
  7.2800e-02 -4.7700e-02 -1.7070e-01 -5.8400e-02  1.9000e-02 -3.1650e-01
 -3.0000e-03 -1.0060e-01  1.9600e-02  1.0000e-03 -2.9000e-03]
TRIAL 8 sec 43.11451601982117 cost 2.8375152441965916 score 2.1688051097877166 vol 2018.221732624124 cell [ 5.1787 12.3949 31.4417 90.     90.     90.    ] zero 0.003968807116575768 best 2.5886639226221324 diff [-1.600e-03 -5.838e-01  0.000e+00 -3.476e-01 -9.866e-01  4.800e-03
  1.200e-03 -5.800e-03 -1.769e-01  4.480e-02  4.500e-03 -5.400e-03
 -4.070e-02 -3.147e-01  8.790e-02  2.192e-01  2.000e-04  1.500e-03
  3.030e-02 -2.380e-02  3.800e-02 -1.000e-04 -4.700e-03]
TRIAL 9 sec 47.62176060676575 cost 2.560834704355188 score 3.6414461618566896 vol 2319.0136308540004 cell [ 4.7837 21.1559 22.9146 90.     90.     90.    ] zero -0.07999508951788346 best 2.560834704355188 diff [-0.0213  0.0018  0.0451 -0.3064 -0.0509 -0.28   -0.0714  0.0101 -0.0365
  0.106   0.1153  0.0059  0.0433  0.0051  0.0018 -0.1583 -0.0335 -0.0021
  0.0073  0.0108 -0.0104 -0.0033 -0.0067]
TRIAL 10 sec 50.40376043319702 cost 2.560850414895391 score 3.6408066727829214 vol 2319.002237924848 cell [ 4.7836 21.1556 22.9148 90.     90.     90.    ] zero -0.07995911682215709 best 2.560834704355188 diff [-0.0213  0.0019  0.0451 -0.3063 -0.0509 -0.2798 -0.0714  0.01   -0.0366
  0.1062  0.1154  0.0061  0.0434  0.005   0.0019 -0.1582 -0.0334 -0.0021
  0.0073  0.0108 -0.0101 -0.0034 -0.0069]
TRIAL 11 sec 52.08436608314514 cost 2.713880797229595 score 2.753323778029473 vol 2011.340966692698 cell [ 4.1363 21.2067 22.9299 90.     90.     90.    ] zero -0.05495776661162143 best 2.560834704355188 diff [-0.0054  0.0066  0.0516 -0.2993 -0.0366 -0.2841 -0.0645  0.0247 -0.0241
  0.0902  0.1125 -0.0081 -0.4417  0.0152 -0.0112  0.2306  0.0092  0.045
  0.0046 -0.0552  0.0033 -0.0096 -0.0016]
TRIAL 12 sec 57.40848970413208 cost 2.560825708693053 score 3.640973922715686 vol 2319.0104355171225 cell [ 4.7837 21.1558 22.9147 90.     90.     90.    ] zero -0.07998770155488391 best 2.560834704355188 diff [-0.0213  0.0018  0.0451 -0.3064 -0.0509 -0.2799 -0.0714  0.0101 -0.0366
  0.1061  0.1153  0.006   0.0433  0.005   0.0018 -0.1583 -0.0335 -0.0021
  0.0073  0.0108 -0.0102 -0.0034 -0.0068]
TRIAL 13 sec 63.20158886909485 cost 2.7138926922421005 score 2.7538349137710623 vol 2011.4511881268184 cell [ 4.1363 21.2075 22.93   90.     90.     90.    ] zero -0.05467161567137564 best 2.560834704355188 diff [-0.0053  0.0066  0.0517 -0.2992 -0.0364 -0.2842 -0.0644  0.0249 -0.024
  0.0899  0.1124 -0.0084 -0.442   0.0154 -0.0114  0.2307  0.0092  0.0446
  0.0045 -0.0553  0.0031 -0.0096 -0.0015]
TRIAL 14 sec 66.00780582427979 cost 2.6245225678270807 score 2.9345208445664848 vol 2102.4073219495626 cell [ 4.3369 21.1545 22.9156 90.     90.     90.    ] zero -0.07997726546273429 best 2.560834704355188 diff [-0.0212  0.0023  0.0453 -0.3062 -0.0512 -0.2792 -0.0715  0.0095 -0.037
  0.1071  0.1156  0.0068 -0.4276  0.0044  0.0024  0.0061  0.0634 -0.0123
  0.0071  0.0012 -0.0087 -0.0768 -0.0078]
TRIAL 15 sec 71.32320666313171 cost 2.97304040314867 score 2.376778233782495 vol 2232.643080623564 cell [ 9.0472 14.4478 17.0807 90.     90.     90.    ] zero 0.034447148406887444 best 2.560834704355188 diff [ 2.9243e+00 -2.2360e-01 -1.5770e-01 -3.8900e-02 -4.1000e-03  4.8000e-03
  1.8000e-03  1.8790e-01  1.1930e-01 -4.0000e-03 -1.4670e-01  5.5500e-02
  4.9400e-02 -7.7300e-02  3.0000e-04  1.3500e-02 -3.3300e-02  2.3400e-02
  6.8000e-03 -4.0000e-04 -1.0600e-02 -1.4000e-02  8.7000e-02]
TRIAL 16 sec 74.42737078666687 cost 2.713881768251717 score 2.7533975668107256 vol 2011.3519709658362 cell [ 4.1363 21.2068 22.9299 90.     90.     90.    ] zero -0.05494533508334015 best 2.560834704355188 diff [-0.0055  0.0065  0.0516 -0.2993 -0.0366 -0.2842 -0.0645  0.0247 -0.0242
  0.0901  0.1124 -0.0083 -0.4418  0.0152 -0.0113  0.2306  0.0093  0.0449
  0.0045 -0.0552  0.0034 -0.0095 -0.0016]
TRIAL 17 sec 77.18562126159668 cost 2.5608692883676163 score 3.641255607272137 vol 2318.989073522375 cell [ 4.7836 21.1556 22.915  90.     90.     90.    ] zero -0.07997606709464769 best 2.560834704355188 diff [-0.0213  0.0019  0.0451 -0.3064 -0.051  -0.2798 -0.0715  0.0099 -0.0367
  0.1063  0.1153  0.0061  0.0436  0.0048  0.0019 -0.1581 -0.0333 -0.002
  0.0071  0.0109 -0.01   -0.0034 -0.0071]
TRIAL 18 sec 80.92132091522217 cost 3.240899025484404 score 1.9202263861113347 vol 2336.4446896592594 cell [ 9.7087 13.1409 18.3135 90.     90.     90.    ] zero -0.029067000813736775 best 2.560834704355188 diff [ 3.2455e+00 -2.5100e-02  4.2000e-02  1.3750e-01  2.3000e-03 -7.4900e-02
 -1.7000e-03 -4.8930e-01 -5.3000e-03 -0.0000e+00  5.0700e-02  2.8500e-02
  5.5000e-02  8.6800e-02  1.7190e-01 -4.0000e-04 -1.1000e-03 -1.3400e-02
  2.0790e-01 -2.4900e-02  2.4300e-02 -8.1000e-03  5.6600e-02]
TRIAL 19 sec 84.69712352752686 cost 2.8746239185483033 score 2.191220790402235 vol 1978.497236208156 cell [ 5.0775 12.3932 31.4416 90.     90.     90.    ] zero 0.0033660343751626166 best 2.560834704355188 diff [-2.200e-03 -5.836e-01 -6.000e-04 -3.482e-01 -9.871e-01  4.800e-03
  2.500e-03 -4.600e-03 -1.771e-01  4.590e-02  3.900e-03 -5.500e-03
  6.240e-02 -1.240e-02 -2.196e-01  7.700e-03 -6.860e-02  3.800e-03
  8.730e-02 -5.990e-02  1.661e-01  4.000e-04 -3.000e-03]
TRIAL 20 sec 86.29146575927734 cost 2.7138863846399466 score 2.7528697215419164 vol 2011.2615049312951 cell [ 4.1363 21.2061 22.9298 90.     90.     90.    ] zero -0.05528629160010839 best 2.560834704355188 diff [-0.0057  0.0065  0.0515 -0.2994 -0.0368 -0.2841 -0.0646  0.0245 -0.0244
  0.0904  0.1125 -0.008  -0.4416  0.015  -0.0111  0.2305  0.009   0.0453
  0.0045 -0.0554  0.0033 -0.0097 -0.0018]
TRIAL 21 sec 91.12636017799377 cost 3.3984071841723265 score 1.822994024495523 vol 2130.363103940267 cell [ 8.6966 13.2012 18.5563 90.     90.     90.    ] zero 0.056174668521071766 best 2.560834704355188 diff [ 3.2402e+00 -1.4000e-03  3.1900e-02  1.0010e-01 -4.7100e-02  1.3330e-01
  3.9000e-03  1.7330e-01 -1.0550e-01 -3.9100e-02  3.0000e-04  5.1550e-01
  7.2700e-02 -1.1100e-02  4.0000e-03 -2.1000e-02 -1.2000e-03 -2.9000e-03
  1.5200e-01  8.5600e-02 -9.9300e-02  8.6300e-02  5.8000e-03]
TRIAL 22 sec 94.70588874816895 cost 2.560849117197743 score 3.64295784150668 vol 2318.978858751857 cell [ 4.7836 21.1558 22.9147 90.     90.     90.    ] zero -0.07999572634130045 best 2.560834704355188 diff [-0.0213  0.0018  0.0451 -0.3064 -0.0509 -0.2799 -0.0714  0.0101 -0.0365
  0.106   0.1153  0.006   0.0436  0.005   0.0018 -0.1581 -0.0332 -0.0019
  0.0072  0.011  -0.0103 -0.0032 -0.0068]
TRIAL 23 sec 97.81676936149597 cost 2.560841532116098 score 3.642263880605784 vol 2318.9734489462417 cell [ 4.7836 21.1557 22.9147 90.     90.     90.    ] zero -0.0799869277742007 best 2.560834704355188 diff [-0.0213  0.0018  0.0451 -0.3064 -0.0509 -0.2799 -0.0714  0.0101 -0.0365
  0.1062  0.1154  0.0061  0.0436  0.005   0.0019 -0.1581 -0.0332 -0.0019
  0.0073  0.011  -0.0101 -0.0032 -0.0068]
TRIAL 24 sec 100.72860741615295 cost 3.338679715724361 score 2.409921821183183 vol 1956.2185777739721 cell [ 5.9855  7.6885 42.5085 90.     90.     90.    ] zero -0.07998948360858477 best 2.560834704355188 diff [-1.3573 -0.0372  0.364   0.0029  0.1244 -0.314  -0.1557 -0.0785  0.0098
  0.0273  0.0026  0.1499 -0.0034 -0.0022 -0.1066 -0.0052  0.2396  0.044
 -0.0019  0.0285 -0.0402 -0.2527 -0.0028]
TRIAL 25 sec 105.10405230522156 cost 2.8375130846146877 score 2.1683767455199323 vol 2018.1570940815784 cell [ 5.1786 12.3948 31.4416 90.     90.     90.    ] zero 0.003835434459780611 best 2.560834704355188 diff [-1.700e-03 -5.839e-01 -1.000e-04 -3.477e-01 -9.866e-01  4.700e-03
  1.100e-03 -5.900e-03 -1.770e-01  4.480e-02  4.400e-03 -5.400e-03
 -4.040e-02 -3.144e-01  8.820e-02  2.191e-01  5.000e-04  1.500e-03
  3.050e-02 -2.360e-02  3.830e-02 -1.000e-04 -4.800e-03]
TRIAL 26 sec 108.49690270423889 cost 2.303878753473824 score 2.6978242394814207 vol 2206.6693520131275 cell [ 4.7798 14.6594 31.4926 90.     90.     90.    ] zero 0.019914788122302594 best 2.303878753473824 diff [ 0.0053 -0.0168 -0.0023 -0.3493  0.1281  0.0069  0.4724 -0.0468  0.5675
 -0.0332 -0.0071  0.0028 -0.031   0.0214  0.017   0.0125  0.0017 -0.0264
 -0.0027  0.009   0.031  -0.0126 -0.0289]
TRIAL 27 sec 114.02860975265503 cost 2.7138964719720677 score 2.753041031364028 vol 2011.3221269606481 cell [ 4.1363 21.2063 22.9299 90.     90.     90.    ] zero -0.05504396945863037 best 2.303878753473824 diff [-0.0055  0.0067  0.0517 -0.2992 -0.0366 -0.2839 -0.0645  0.0246 -0.0242
  0.0905  0.1126 -0.0079 -0.4415  0.0151 -0.011   0.2306  0.0089  0.0453
  0.0046 -0.0555  0.0032 -0.0098 -0.0017]
TRIAL 28 sec 117.5243067741394 cost 3.3776112252734225 score 1.6015529490068792 vol 1966.559422923192 cell [ 8.1089 11.4621 21.1581 90.     90.     90.    ] zero -0.0798119496698493 best 2.303878753473824 diff [ 3.3076e+00  1.1000e-03  4.2300e-02 -6.5000e-03 -6.6850e-01 -4.1900e-02
 -3.5350e-01  3.7000e-03 -4.2800e-02  2.1000e-03 -2.3710e-01  3.1000e-03
  5.3900e-02  1.4720e-01  3.3480e-01 -1.4900e-01  7.2600e-02 -3.5000e-03
  1.3310e-01  9.2000e-03 -1.2900e-02 -8.2000e-03  4.0000e-03]
TRIAL 29 sec 120.01037573814392 cost 2.7138805498712584 score 2.7530153153960604 vol 2011.2811459389663 cell [ 4.1363 21.2063 22.9298 90.     90.     90.    ] zero -0.05519563562201624 best 2.303878753473824 diff [-0.0056  0.0065  0.0515 -0.2994 -0.0367 -0.2841 -0.0646  0.0246 -0.0243
  0.0903  0.1125 -0.0081 -0.4416  0.015  -0.0111  0.2305  0.0091  0.0452
  0.0045 -0.0553  0.0033 -0.0097 -0.0017]
TRIAL 30 sec 124.88180541992188 cost 3.1877672848266663 score 1.797699576682737 vol 2162.473355764165 cell [ 8.7264 11.5884 21.3842 90.     90.     90.    ] zero -0.0010917475752087835 best 2.303878753473824 diff [ 3.2559e+00 -9.1000e-03 -1.9000e-03 -3.4960e-01  4.1290e-01  2.0900e-02
  2.9700e-01 -8.6900e-02  6.9000e-02  3.8000e-03 -3.3420e-01 -1.1900e-02
  1.6900e-02  7.7000e-03  1.0100e-02 -4.6200e-02 -6.0000e-03 -8.5000e-03
  1.0050e-01 -8.2000e-03  2.3200e-02  3.7900e-02 -1.4700e-02]
TRIAL 31 sec 126.79083633422852 cost 2.3038787521704456 score 2.697824241006368 vol 2206.6693515359 cell [ 4.7798 14.6594 31.4926 90.     90.     90.    ] zero 0.01991478659171529 best 2.303878753473824 diff [ 0.0053 -0.0168 -0.0023 -0.3493  0.1281  0.0069  0.4724 -0.0468  0.5675
 -0.0332 -0.0071  0.0028 -0.031   0.0214  0.017   0.0125  0.0017 -0.0264
 -0.0027  0.009   0.031  -0.0126 -0.0289]
TRIAL 32 sec 128.98407125473022 cost 2.8375091899779545 score 2.1688891531581245 vol 2018.1940530124045 cell [ 5.1787 12.3948 31.4414 90.     90.     90.    ] zero 0.0037972878837598148 best 2.303878753473824 diff [-1.700e-03 -5.840e-01 -1.000e-04 -3.476e-01 -9.866e-01  4.800e-03
  1.100e-03 -5.900e-03 -1.770e-01  4.480e-02  4.500e-03 -5.400e-03
 -4.090e-02 -3.149e-01  8.780e-02  2.192e-01  1.000e-04  1.500e-03
  3.010e-02 -2.390e-02  3.800e-02 -0.000e+00 -4.700e-03]
TRIAL 33 sec 131.70104217529297 cost 3.017794128858633 score 2.9155175149375387 vol 2460.2246670496834 cell [ 4.9418 21.4711 23.1867 90.     90.     90.    ] zero 0.03315862224229472 best 2.303878753473824 diff [ 1.580e-02 -8.200e-03  5.500e-03 -3.414e-01 -8.640e-02 -3.528e-01
 -1.403e-01 -5.920e-02 -1.151e-01 -2.940e-02 -2.100e-03 -1.200e-03
  2.440e-02  4.800e-03 -1.598e-01  7.660e-02  6.900e-03 -2.260e-02
 -1.140e-02  1.320e-02  2.530e-02 -5.280e-02 -2.000e-04]
TRIAL 34 sec 134.29525470733643 cost 2.3038787534857197 score 2.6978242398355623 vol 2206.6693517952986 cell [ 4.7798 14.6594 31.4926 90.     90.     90.    ] zero 0.019914787450537246 best 2.303878753473824 diff [ 0.0053 -0.0168 -0.0023 -0.3493  0.1281  0.0069  0.4724 -0.0468  0.5675
 -0.0332 -0.0071  0.0028 -0.031   0.0214  0.017   0.0125  0.0017 -0.0264
 -0.0027  0.009   0.031  -0.0126 -0.0289]
TRIAL 35 sec 137.7230784893036 cost 2.5608190139278055 score 3.6402059916900855 vol 2319.0184196418563 cell [ 4.7837 21.1557 22.9147 90.     90.     90.    ] zero -0.07999957301048662 best 2.303878753473824 diff [-0.0213  0.0018  0.0451 -0.3064 -0.0509 -0.2799 -0.0714  0.01   -0.0366
  0.1061  0.1153  0.006   0.0432  0.005   0.0018 -0.1584 -0.0335 -0.0022
  0.0073  0.0107 -0.0102 -0.0034 -0.0068]
TRIAL 36 sec 142.52676486968994 cost 2.303878753461702 score 2.697824239716744 vol 2206.6693518884485 cell [ 4.7798 14.6594 31.4926 90.     90.     90.    ] zero 0.019914787729268756 best 2.303878753473824 diff [ 0.0053 -0.0168 -0.0023 -0.3493  0.1281  0.0069  0.4724 -0.0468  0.5675
 -0.0332 -0.0071  0.0028 -0.031   0.0214  0.017   0.0125  0.0017 -0.0264
 -0.0027  0.009   0.031  -0.0126 -0.0289]
TRIAL 37 sec 145.0000352859497 cost 2.7138946788108265 score 2.7528107504982815 vol 2011.246531813387 cell [ 4.1363 21.2059 22.9297 90.     90.     90.    ] zero -0.05538895842798437 best 2.303878753473824 diff [-0.0057  0.0064  0.0515 -0.2994 -0.0369 -0.2841 -0.0646  0.0244 -0.0244
  0.0904  0.1124 -0.008  -0.4416  0.015  -0.011   0.2305  0.0089  0.0453
  0.0045 -0.0555  0.0032 -0.0099 -0.0017]
TRIAL 38 sec 148.58313941955566 cost 3.56246420555696 score 1.7268388396223118 vol 2436.900537478538 cell [ 8.1309  8.5418 35.0875 90.     90.     90.    ] zero 0.07999999999999999 best 2.303878753473824 diff [-4.7880e-01  2.0803e+00 -9.9000e-03 -1.1300e-02 -2.1040e-01  4.9000e-03
  2.6070e-01 -4.2200e-02 -3.0900e-02 -1.4810e-01  1.6500e-02  7.5500e-02
 -5.7500e-02  2.2500e-02 -1.5200e-02  5.5600e-02  1.7220e-01 -1.1200e-02
  6.1400e-02 -2.5300e-02  1.0000e-04 -2.3000e-03  4.0000e-04]
TRIAL 39 sec 150.92210602760315 cost 2.303878753295423 score 2.697824237703318 vol 2206.669353143059 cell [ 4.7798 14.6594 31.4926 90.     90.     90.    ] zero 0.019914791606487802 best 2.303878753473824 diff [ 0.0053 -0.0168 -0.0023 -0.3493  0.1281  0.0069  0.4724 -0.0468  0.5675
 -0.0332 -0.0071  0.0028 -0.031   0.0214  0.017   0.0125  0.0017 -0.0264
 -0.0027  0.009   0.031  -0.0126 -0.0289]
TRIAL 40 sec 154.02949786186218 cost 2.303878753493925 score 2.6978242400663444 vol 2206.669351663571 cell [ 4.7798 14.6594 31.4926 90.     90.     90.    ] zero 0.01991478703792283 best 2.303878753473824 diff [ 0.0053 -0.0168 -0.0023 -0.3493  0.1281  0.0069  0.4724 -0.0468  0.5675
 -0.0332 -0.0071  0.0028 -0.031   0.0214  0.017   0.0125  0.0017 -0.0264
 -0.0027  0.009   0.031  -0.0126 -0.0289]
TRIAL 41 sec 156.3265416622162 cost 2.3038787534354586 score 2.697824239897385 vol 2206.6693517861563 cell [ 4.7798 14.6594 31.4926 90.     90.     90.    ] zero 0.019914787414138848 best 2.303878753473824 diff [ 0.0053 -0.0168 -0.0023 -0.3493  0.1281  0.0069  0.4724 -0.0468  0.5675
 -0.0332 -0.0071  0.0028 -0.031   0.0214  0.017   0.0125  0.0017 -0.0264
 -0.0027  0.009   0.031  -0.0126 -0.0289]
TRIAL 42 sec 160.69614243507385 cost 3.1309469929275395 score 1.7065525569421576 vol 2025.240282961262 cell [ 7.3721  8.7337 31.4547 90.     90.     90.    ] zero 0.007941196876864147 best 2.303878753473824 diff [ 1.0000e-04 -2.2237e+00 -7.0000e-04 -1.6400e-02  4.8600e-02 -6.5300e-02
  4.0760e-01 -2.0730e-01  5.7000e-03 -8.6900e-02  1.4000e-03  1.5880e-01
 -2.7710e-01  2.2400e-02  1.9000e-03 -2.3700e-02  2.8960e-01  6.9000e-03
  1.2570e-01 -1.0090e-01 -2.0000e-03  4.0000e-04 -3.6000e-03]
TRIAL 43 sec 164.42938446998596 cost 2.3038787521703843 score 2.697824240874555 vol 2206.669351595529 cell [ 4.7798 14.6594 31.4926 90.     90.     90.    ] zero 0.019914786793158 best 2.303878753473824 diff [ 0.0053 -0.0168 -0.0023 -0.3493  0.1281  0.0069  0.4724 -0.0468  0.5675
 -0.0332 -0.0071  0.0028 -0.031   0.0214  0.017   0.0125  0.0017 -0.0264
 -0.0027  0.009   0.031  -0.0126 -0.0289]
TRIAL 44 sec 166.9221692085266 cost 3.130989651245215 score 1.7067095160957064 vol 2025.376309264127 cell [ 7.3724  8.7338 31.4553 90.     90.     90.    ] zero 0.008304280655404011 best 2.303878753473824 diff [ 3.0000e-04 -2.2234e+00 -5.0000e-04 -1.6200e-02  4.8500e-02 -6.5400e-02
  4.0750e-01 -2.0720e-01  5.6000e-03 -8.7000e-02  1.5000e-03  1.5870e-01
 -2.7720e-01  2.2500e-02  2.1000e-03 -2.3800e-02  2.8970e-01  6.9000e-03
  1.2550e-01 -1.0080e-01 -2.1000e-03 -2.0000e-04 -3.7000e-03]
TRIAL 45 sec 170.82237100601196 cost 3.171845362783757 score 2.4991280503776307 vol 2190.2063118925853 cell [ 6.2767  8.1417 42.859  90.     90.     90.    ] zero 0.025767525076222562 best 2.303878753473824 diff [-1.2766e+00  3.0000e-04 -1.7140e-01  3.8900e-02  1.2640e-01  3.5180e-01
 -7.0000e-03  6.7300e-02  4.1210e-01 -4.6000e-03 -3.4180e-01 -4.3600e-02
  1.7700e-02 -2.3500e-02 -5.5000e-02 -7.2000e-02  3.7800e-02  4.3000e-03
  1.3000e-02 -7.3000e-03 -2.4000e-03 -7.0000e-04  4.0000e-03]
TRIAL 46 sec 173.5040328502655 cost 2.3038787535325116 score 2.697824240192973 vol 2206.669351567249 cell [ 4.7798 14.6594 31.4926 90.     90.     90.    ] zero 0.019914786746063545 best 2.303878753473824 diff [ 0.0053 -0.0168 -0.0023 -0.3493  0.1281  0.0069  0.4724 -0.0468  0.5675
 -0.0332 -0.0071  0.0028 -0.031   0.0214  0.017   0.0125  0.0017 -0.0264
 -0.0027  0.009   0.031  -0.0126 -0.0289]
TRIAL 47 sec 175.60121989250183 cost 2.8375602967697153 score 2.168006045441133 vol 2018.1024993979122 cell [ 5.1786 12.3947 31.441  90.     90.     90.    ] zero 0.0037822273160161937 best 2.303878753473824 diff [-1.600e-03 -5.839e-01  1.000e-04 -3.475e-01 -9.865e-01  4.900e-03
  1.100e-03 -5.800e-03 -1.768e-01  4.490e-02  4.700e-03 -5.100e-03
 -4.040e-02 -3.145e-01  8.820e-02  2.195e-01  5.000e-04  1.600e-03
  3.050e-02 -2.350e-02  3.850e-02  3.000e-04 -4.500e-03]
TRIAL 48 sec 180.500825881958 cost 3.130929601653878 score 1.706454185226699 vol 2025.2611401869265 cell [ 7.3722  8.7337 31.455  90.     90.     90.    ] zero 0.0080890735666169 best 2.303878753473824 diff [ 2.0000e-04 -2.2236e+00 -6.0000e-04 -1.6200e-02  4.8600e-02 -6.5200e-02
  4.0760e-01 -2.0720e-01  5.8000e-03 -8.6800e-02  1.4000e-03  1.5880e-01
 -2.7710e-01  2.2500e-02  2.1000e-03 -2.3700e-02  2.8980e-01  6.9000e-03
  1.2570e-01 -1.0080e-01 -1.9000e-03  4.0000e-04 -3.7000e-03]
TRIAL 49 sec 183.79033041000366 cost 2.713884853202797 score 2.7534403621071055 vol 2011.3642471887053 cell [ 4.1363 21.2068 22.9298 90.     90.     90.    ] zero -0.05501808122787704 best 2.303878753473824 diff [-0.0055  0.0065  0.0516 -0.2993 -0.0366 -0.2842 -0.0645  0.0247 -0.0241
  0.09    0.1124 -0.0083 -0.4419  0.0152 -0.0113  0.2306  0.009   0.0449
  0.0045 -0.0555  0.0031 -0.0098 -0.0015]
TRIAL 50 sec 185.7883734703064 cost 2.3038787532651934 score 2.6978242377182484 vol 2206.6693531457777 cell [ 4.7798 14.6594 31.4926 90.     90.     90.    ] zero 0.019914791613022863 best 2.303878753473824 diff [ 0.0053 -0.0168 -0.0023 -0.3493  0.1281  0.0069  0.4724 -0.0468  0.5675
 -0.0332 -0.0071  0.0028 -0.031   0.0214  0.017   0.0125  0.0017 -0.0264
 -0.0027  0.009   0.031  -0.0126 -0.0289]
TRIAL 51 sec 188.33037304878235 cost 3.130933520839079 score 1.7064961862157388 vol 2025.2505666368033 cell [ 7.3721  8.7336 31.455  90.     90.     90.    ] zero 0.007959155973113408 best 2.303878753473824 diff [ 0.0000e+00 -2.2237e+00 -8.0000e-04 -1.6300e-02  4.8500e-02 -6.5300e-02
  4.0750e-01 -2.0730e-01  5.7000e-03 -8.6900e-02  1.3000e-03  1.5870e-01
 -2.7720e-01  2.2400e-02  2.0000e-03 -2.3800e-02  2.8970e-01  6.8000e-03
  1.2560e-01 -1.0080e-01 -1.9000e-03  4.0000e-04 -3.8000e-03]
TRIAL 52 sec 191.9137692451477 cost 2.5608213293819637 score 3.641510788072601 vol 2318.988093344992 cell [ 4.7836 21.1557 22.9148 90.     90.     90.    ] zero -0.0799966797139609 best 2.303878753473824 diff [-0.0213  0.0018  0.0451 -0.3064 -0.051  -0.2799 -0.0714  0.01   -0.0366
  0.1062  0.1153  0.006   0.0435  0.005   0.0019 -0.1582 -0.0333 -0.002
  0.0072  0.0109 -0.0101 -0.0033 -0.0069]
TRIAL 53 sec 194.31465220451355 cost 2.3038787520204993 score 2.6978242414966283 vol 2206.6693513029854 cell [ 4.7798 14.6594 31.4926 90.     90.     90.    ] zero 0.019914785860815163 best 2.303878753473824 diff [ 0.0053 -0.0168 -0.0023 -0.3493  0.1281  0.0069  0.4724 -0.0468  0.5675
 -0.0332 -0.0071  0.0028 -0.031   0.0214  0.017   0.0125  0.0017 -0.0264
 -0.0027  0.009   0.031  -0.0126 -0.0289]
TRIAL 54 sec 198.49659085273743 cost 2.3038787520027744 score 2.6978242416657117 vol 2206.6693512239303 cell [ 4.7798 14.6594 31.4926 90.     90.     90.    ] zero 0.019914785607283624 best 2.303878753473824 diff [ 0.0053 -0.0168 -0.0023 -0.3493  0.1281  0.0069  0.4724 -0.0468  0.5675
 -0.0332 -0.0071  0.0028 -0.031   0.0214  0.017   0.0125  0.0017 -0.0264
 -0.0027  0.009   0.031  -0.0126 -0.0289]
TRIAL 55 sec 200.5140838623047 cost 2.8375177781082033 score 2.1681475381639093 vol 2018.0925186536788 cell [ 5.1786 12.3946 31.4414 90.     90.     90.    ] zero 0.0036646462365520272 best 2.303878753473824 diff [-1.800e-03 -5.840e-01 -2.000e-04 -3.478e-01 -9.867e-01  4.700e-03
  1.200e-03 -5.800e-03 -1.770e-01  4.490e-02  4.400e-03 -5.400e-03
 -4.050e-02 -3.145e-01  8.820e-02  2.191e-01  4.000e-04  1.800e-03
  3.060e-02 -2.360e-02  3.830e-02 -0.000e+00 -4.500e-03]
TRIAL 56 sec 203.02068495750427 cost 2.3038787532658107 score 2.697824237717083 vol 2206.6693531514197 cell [ 4.7798 14.6594 31.4926 90.     90.     90.    ] zero 0.01991479162732666 best 2.303878753473824 diff [ 0.0053 -0.0168 -0.0023 -0.3493  0.1281  0.0069  0.4724 -0.0468  0.5675
 -0.0332 -0.0071  0.0028 -0.031   0.0214  0.017   0.0125  0.0017 -0.0264
 -0.0027  0.009   0.031  -0.0126 -0.0289]
TRIAL 57 sec 206.43085622787476 cost 2.3038787533189193 score 2.6978242376948782 vol 2206.66935312654 cell [ 4.7798 14.6594 31.4926 90.     90.     90.    ] zero 0.019914791564614287 best 2.303878753473824 diff [ 0.0053 -0.0168 -0.0023 -0.3493  0.1281  0.0069  0.4724 -0.0468  0.5675
 -0.0332 -0.0071  0.0028 -0.031   0.0214  0.017   0.0125  0.0017 -0.0264
 -0.0027  0.009   0.031  -0.0126 -0.0289]
TRIAL 58 sec 209.88593411445618 cost 2.303878753284774 score 2.697824237707562 vol 2206.6693531432848 cell [ 4.7798 14.6594 31.4926 90.     90.     90.    ] zero 0.01991479160726295 best 2.303878753473824 diff [ 0.0053 -0.0168 -0.0023 -0.3493  0.1281  0.0069  0.4724 -0.0468  0.5675
 -0.0332 -0.0071  0.0028 -0.031   0.0214  0.017   0.0125  0.0017 -0.0264
 -0.0027  0.009   0.031  -0.0126 -0.0289]
TRIAL 59 sec 211.92492008209229 cost 2.303878753274508 score 2.697824237715328 vol 2206.6693531364626 cell [ 4.7798 14.6594 31.4926 90.     90.     90.    ] zero 0.019914791589414862 best 2.303878753473824 diff [ 0.0053 -0.0168 -0.0023 -0.3493  0.1281  0.0069  0.4724 -0.0468  0.5675
 -0.0332 -0.0071  0.0028 -0.031   0.0214  0.017   0.0125  0.0017 -0.0264
 -0.0027  0.009   0.031  -0.0126 -0.0289]
TRIAL 60 sec 216.50429248809814 cost 2.5608239127775594 score 3.6404689546177837 vol 2319.001334275418 cell [ 4.7837 21.1556 22.9147 90.     90.     90.    ] zero -0.07999100259960536 best 2.303878753473824 diff [-0.0213  0.0019  0.0451 -0.3064 -0.0509 -0.2798 -0.0714  0.0101 -0.0365
  0.1062  0.1154  0.0061  0.0433  0.0051  0.0019 -0.1583 -0.0335 -0.0021
  0.0073  0.0108 -0.0101 -0.0034 -0.0068]
TRIAL 61 sec 219.11070036888123 cost 2.624500161411211 score 2.9350161417088256 vol 2102.404922685733 cell [ 4.337  21.1544 22.9155 90.     90.     90.    ] zero -0.07998997454611959 best 2.303878753473824 diff [-0.0212  0.0024  0.0453 -0.3062 -0.0512 -0.2792 -0.0714  0.0095 -0.037
  0.1072  0.1157  0.0069 -0.4276  0.0044  0.0025  0.0059  0.0633 -0.0125
  0.0072  0.0011 -0.0085 -0.0769 -0.0077]
TRIAL 62 sec 223.3837697505951 cost 2.303878752107712 score 2.6978242413221953 vol 2206.6693513636396 cell [ 4.7798 14.6594 31.4926 90.     90.     90.    ] zero 0.01991478606012813 best 2.303878753473824 diff [ 0.0053 -0.0168 -0.0023 -0.3493  0.1281  0.0069  0.4724 -0.0468  0.5675
 -0.0332 -0.0071  0.0028 -0.031   0.0214  0.017   0.0125  0.0017 -0.0264
 -0.0027  0.009   0.031  -0.0126 -0.0289]
TRIAL 63 sec 226.82220649719238 cost 2.3038787517612103 score 2.697824242215407 vol 2206.6693509758293 cell [ 4.7798 14.6594 31.4926 90.     90.     90.    ] zero 0.019914784833837407 best 2.303878753473824 diff [ 0.0053 -0.0168 -0.0023 -0.3493  0.1281  0.0069  0.4724 -0.0468  0.5675
 -0.0332 -0.0071  0.0028 -0.031   0.0214  0.017   0.0125  0.0017 -0.0264
 -0.0027  0.009   0.031  -0.0126 -0.0289]
TRIAL 64 sec 228.59466218948364 cost 2.3038787532624543 score 2.6978242377254853 vol 2206.66935312762 cell [ 4.7798 14.6594 31.4926 90.     90.     90.    ] zero 0.019914791566080777 best 2.303878753473824 diff [ 0.0053 -0.0168 -0.0023 -0.3493  0.1281  0.0069  0.4724 -0.0468  0.5675
 -0.0332 -0.0071  0.0028 -0.031   0.0214  0.017   0.0125  0.0017 -0.0264
 -0.0027  0.009   0.031  -0.0126 -0.0289]
TRIAL 65 sec 230.63127875328064 cost 2.303878753283995 score 2.697824237714725 vol 2206.6693531383266 cell [ 4.7798 14.6594 31.4926 90.     90.     90.    ] zero 0.019914791592934925 best 2.303878753473824 diff [ 0.0053 -0.0168 -0.0023 -0.3493  0.1281  0.0069  0.4724 -0.0468  0.5675
 -0.0332 -0.0071  0.0028 -0.031   0.0214  0.017   0.0125  0.0017 -0.0264
 -0.0027  0.009   0.031  -0.0126 -0.0289]
TRIAL 66 sec 236.22448205947876 cost 3.3387018852245527 score 2.4098564023588294 vol 1956.245472196895 cell [ 5.9855  7.6885 42.5092 90.     90.     90.    ] zero -0.07997818156032342 best 2.303878753473824 diff [-1.3573 -0.0374  0.364   0.0029  0.1242 -0.3141 -0.1558 -0.0785  0.0098
  0.027   0.0026  0.1497 -0.0034 -0.0022 -0.1068 -0.0056  0.2393  0.0438
 -0.002   0.0285 -0.0403 -0.2528 -0.0028]
TRIAL 67 sec 238.51413440704346 cost 2.303878753309055 score 2.6978242377009485 vol 2206.6693531302 cell [ 4.7798 14.6594 31.4926 90.     90.     90.    ] zero 0.019914791573300606 best 2.303878753473824 diff [ 0.0053 -0.0168 -0.0023 -0.3493  0.1281  0.0069  0.4724 -0.0468  0.5675
 -0.0332 -0.0071  0.0028 -0.031   0.0214  0.017   0.0125  0.0017 -0.0264
 -0.0027  0.009   0.031  -0.0126 -0.0289]
TRIAL 68 sec 241.41001081466675 cost 3.1718661237369274 score 2.499430933296816 vol 2190.1657553868904 cell [ 6.2768  8.1415 42.8582 90.     90.     90.    ] zero 0.025490750372516278 best 2.303878753473824 diff [-1.2768e+00  2.0000e-04 -1.7150e-01  3.8800e-02  1.2640e-01  3.5180e-01
 -7.5000e-03  6.6900e-02  4.1170e-01 -4.6000e-03 -3.4180e-01 -4.3900e-02
  1.7400e-02 -2.3800e-02 -5.5300e-02 -7.1900e-02  3.7600e-02  4.4000e-03
  1.2800e-02 -7.2000e-03 -2.5000e-03 -8.0000e-04  4.0000e-03]
TRIAL 69 sec 244.62809228897095 cost 2.3038787534243736 score 2.6978242398208074 vol 2206.6693518347347 cell [ 4.7798 14.6594 31.4926 90.     90.     90.    ] zero 0.01991478756448647 best 2.303878753473824 diff [ 0.0053 -0.0168 -0.0023 -0.3493  0.1281  0.0069  0.4724 -0.0468  0.5675
 -0.0332 -0.0071  0.0028 -0.031   0.0214  0.017   0.0125  0.0017 -0.0264
 -0.0027  0.009   0.031  -0.0126 -0.0289]
TRIAL 70 sec 246.72957801818848 cost 2.303878753203286 score 2.6978242377536077 vol 2206.669353154059 cell [ 4.7798 14.6594 31.4926 90.     90.     90.    ] zero 0.01991479163177384 best 2.303878753473824 diff [ 0.0053 -0.0168 -0.0023 -0.3493  0.1281  0.0069  0.4724 -0.0468  0.5675
 -0.0332 -0.0071  0.0028 -0.031   0.0214  0.017   0.0125  0.0017 -0.0264
 -0.0027  0.009   0.031  -0.0126 -0.0289]
TRIAL 71 sec 249.69086742401123 cost 2.837497815965154 score 2.168490796804571 vol 2018.1372708229483 cell [ 5.1786 12.3947 31.4414 90.     90.     90.    ] zero 0.003801775786410797 best 2.303878753473824 diff [-1.700e-03 -5.839e-01 -0.000e+00 -3.476e-01 -9.866e-01  4.800e-03
  1.200e-03 -5.800e-03 -1.769e-01  4.480e-02  4.500e-03 -5.300e-03
 -4.050e-02 -3.145e-01  8.820e-02  2.192e-01  4.000e-04  1.600e-03
  3.050e-02 -2.360e-02  3.830e-02 -0.000e+00 -4.600e-03]
TRIAL 72 sec 255.00716710090637 cost 2.8881873876330406 score 2.4590924161607153 vol 2040.6765524734935 cell [ 4.1386 21.4123 23.0278 90.     90.     90.    ] zero 0.018050423113183795 best 2.303878753473824 diff [ 0.0269 -0.0008  0.0429 -0.3055 -0.0236 -0.3286 -0.0783  0.0315 -0.0255
  0.0011  0.0621 -0.0957 -0.5257 -0.0017 -0.0997  0.1939  0.067  -0.0164
 -0.0012 -0.0255  0.002   0.0081  0.0075]
TRIAL 73 sec 257.6979694366455 cost 2.837515057060992 score 2.1680306901767357 vol 2018.0675618937116 cell [ 5.1785 12.3947 31.4411 90.     90.     90.    ] zero 0.0036846049936169224 best 2.303878753473824 diff [-1.700e-03 -5.840e-01 -1.000e-04 -3.477e-01 -9.866e-01  4.800e-03
  1.100e-03 -5.900e-03 -1.769e-01  4.480e-02  4.500e-03 -5.300e-03
 -4.020e-02 -3.142e-01  8.840e-02  2.193e-01  7.000e-04  1.600e-03
  3.070e-02 -2.340e-02  3.850e-02  1.000e-04 -4.600e-03]
TRIAL 74 sec 259.9319739341736 cost 2.71389165260311 score 2.7532102822216427 vol 2011.3109530573945 cell [ 4.1362 21.2066 22.9299 90.     90.     90.    ] zero -0.05511631519310244 best 2.303878753473824 diff [-0.0056  0.0064  0.0515 -0.2994 -0.0367 -0.2842 -0.0646  0.0246 -0.0243
  0.0901  0.1123 -0.0083 -0.4418  0.015  -0.0113  0.2305  0.0093  0.0449
  0.0044 -0.0552  0.0034 -0.0095 -0.0017]
TRIAL 75 sec 262.624502658844 cost 2.303878753301001 score 2.6978242377064716 vol 2206.6693531295114 cell [ 4.7798 14.6594 31.4926 90.     90.     90.    ] zero 0.01991479157107657 best 2.303878753473824 diff [ 0.0053 -0.0168 -0.0023 -0.3493  0.1281  0.0069  0.4724 -0.0468  0.5675
 -0.0332 -0.0071  0.0028 -0.031   0.0214  0.017   0.0125  0.0017 -0.0264
 -0.0027  0.009   0.031  -0.0126 -0.0289]
TRIAL 76 sec 266.3988425731659 cost 3.3386878477230555 score 2.40964739332804 vol 1956.247210167393 cell [ 5.9855  7.6885 42.509  90.     90.     90.    ] zero -0.07998890800156025 best 2.303878753473824 diff [-1.3573 -0.0373  0.364   0.0029  0.1242 -0.3141 -0.1558 -0.0785  0.0098
  0.0271  0.0026  0.1498 -0.0034 -0.0022 -0.1068 -0.0055  0.2394  0.0438
 -0.002   0.0285 -0.0404 -0.2528 -0.0029]
TRIAL 77 sec 268.3222780227661 cost 2.8375126497595904 score 2.1684428614355817 vol 2018.1620301854007 cell [ 5.1786 12.3948 31.4415 90.     90.     90.    ] zero 0.0037557152994410537 best 2.303878753473824 diff [-1.700e-03 -5.840e-01 -1.000e-04 -3.477e-01 -9.867e-01  4.700e-03
  1.100e-03 -5.900e-03 -1.770e-01  4.470e-02  4.400e-03 -5.500e-03
 -4.060e-02 -3.146e-01  8.800e-02  2.191e-01  3.000e-04  1.500e-03
  3.030e-02 -2.380e-02  3.810e-02 -1.000e-04 -4.800e-03]
TRIAL 78 sec 275.1264967918396 cost 3.130929480232868 score 1.7065226017654636 vol 2025.292688014107 cell [ 7.3722  8.7336 31.4554 90.     90.     90.    ] zero 0.008147660568607088 best 2.303878753473824 diff [ 2.0000e-04 -2.2235e+00 -7.0000e-04 -1.6100e-02  4.8600e-02 -6.5300e-02
  4.0750e-01 -2.0720e-01  5.8000e-03 -8.6900e-02  1.3000e-03  1.5870e-01
 -2.7720e-01  2.2400e-02  2.3000e-03 -2.3900e-02  2.9000e-01  6.8000e-03
  1.2560e-01 -1.0060e-01 -1.8000e-03  3.0000e-04 -3.8000e-03]
TRIAL 79 sec 278.11080503463745 cost 2.303878753257134 score 2.697824237723143 vol 2206.6693531493625 cell [ 4.7798 14.6594 31.4926 90.     90.     90.    ] zero 0.019914791621619934 best 2.303878753473824 diff [ 0.0053 -0.0168 -0.0023 -0.3493  0.1281  0.0069  0.4724 -0.0468  0.5675
 -0.0332 -0.0071  0.0028 -0.031   0.0214  0.017   0.0125  0.0017 -0.0264
 -0.0027  0.009   0.031  -0.0126 -0.0289]
TRIAL 80 sec 280.90966153144836 cost 3.111508480165471 score 2.6610725760818332 vol 2154.260626583069 cell [ 4.7848 17.1001 26.3289 90.     90.     90.    ] zero -0.07872502794578749 best 2.303878753473824 diff [ 0.4822  0.1226 -0.0067 -0.3565 -0.0256  0.0364  0.0466  0.4603 -0.155
  0.2981  0.0024  0.0924 -0.0574 -0.0143 -0.001  -0.0019  0.0105  0.0087
  0.0051  0.0809 -0.0084 -0.009   0.003 ]
TRIAL 81 sec 285.9306683540344 cost 3.7505394738944813 score 1.5634657551084516 vol 2084.2112474812957 cell [ 3.8388 17.0915 31.7663 90.     90.     90.    ] zero 0.06801555813199345 best 2.303878753473824 diff [ 0.0054 -0.5828 -0.0506  0.2141  0.0666  0.0447  0.661  -0.0786 -0.1122
  0.0214 -0.1046 -0.6308  0.415   0.0569 -0.0278  0.0339 -0.1641 -0.002
  0.0034  0.     -0.0042  0.0146 -0.0138]
TRIAL 82 sec 288.49645829200745 cost 2.8375100049488373 score 2.168394231349538 vol 2018.1132630779084 cell [ 5.1786 12.3948 31.441  90.     90.     90.    ] zero 0.003700568241944424 best 2.303878753473824 diff [-1.700e-03 -5.840e-01 -0.000e+00 -3.476e-01 -9.866e-01  4.800e-03
  1.000e-03 -5.900e-03 -1.769e-01  4.480e-02  4.600e-03 -5.300e-03
 -4.060e-02 -3.146e-01  8.810e-02  2.193e-01  4.000e-04  1.500e-03
  3.040e-02 -2.360e-02  3.830e-02  1.000e-04 -4.600e-03]
TRIAL 83 sec 290.9826683998108 cost 2.8375226302693233 score 2.168720462384214 vol 2018.2017057673952 cell [ 5.1786 12.3949 31.4416 90.     90.     90.    ] zero 0.003970337650341165 best 2.303878753473824 diff [-1.500e-03 -5.839e-01  0.000e+00 -3.475e-01 -9.865e-01  4.800e-03
  1.100e-03 -5.800e-03 -1.769e-01  4.480e-02  4.500e-03 -5.300e-03
 -4.050e-02 -3.145e-01  8.810e-02  2.192e-01  4.000e-04  1.500e-03
  3.040e-02 -2.370e-02  3.820e-02 -1.000e-04 -4.800e-03]
TRIAL 84 sec 295.43228459358215 cost 3.2408496528988042 score 1.9201958879177574 vol 2336.40904246515 cell [ 9.7086 13.141  18.3132 90.     90.     90.    ] zero -0.029030137939878048 best 2.303878753473824 diff [ 3.2455e+00 -2.5000e-02  4.2100e-02  1.3760e-01  2.4000e-03 -7.4600e-02
 -1.7000e-03 -4.8920e-01 -5.1000e-03 -0.0000e+00  5.0700e-02  2.8700e-02
  5.5200e-02  8.6900e-02  1.7210e-01 -5.0000e-04 -8.0000e-04 -1.3500e-02
  2.0810e-01 -2.4600e-02  2.4600e-02 -7.8000e-03  5.6400e-02]
TRIAL 85 sec 298.086709022522 cost 2.3038787519154384 score 2.6978242417204368 vol 2206.6693511960975 cell [ 4.7798 14.6594 31.4926 90.     90.     90.    ] zero 0.0199147855368632 best 2.303878753473824 diff [ 0.0053 -0.0168 -0.0023 -0.3493  0.1281  0.0069  0.4724 -0.0468  0.5675
 -0.0332 -0.0071  0.0028 -0.031   0.0214  0.017   0.0125  0.0017 -0.0264
 -0.0027  0.009   0.031  -0.0126 -0.0289]
TRIAL 86 sec 300.7246062755585 cost 2.3038787532600313 score 2.697824237726781 vol 2206.6693531375386 cell [ 4.7798 14.6594 31.4926 90.     90.     90.    ] zero 0.019914791590725837 best 2.303878753473824 diff [ 0.0053 -0.0168 -0.0023 -0.3493  0.1281  0.0069  0.4724 -0.0468  0.5675
 -0.0332 -0.0071  0.0028 -0.031   0.0214  0.017   0.0125  0.0017 -0.0264
 -0.0027  0.009   0.031  -0.0126 -0.0289]
TRIAL 87 sec 303.71107959747314 cost 3.119561853377489 score 1.8629847198040108 vol 1985.4821145838291 cell [ 4.307  14.6525 31.4617 90.     90.     90.    ] zero 0.011255393913917278 best 2.303878753473824 diff [ 2.200e-03 -1.960e-02  1.000e-04 -3.472e-01  1.257e-01  5.700e-03
  4.735e-01 -4.160e-02  5.711e-01 -3.010e-02  1.000e-03  3.100e-03
  2.098e-01  3.314e-01 -2.743e-01  5.000e-03 -6.680e-02  5.100e-03
  4.100e-03  2.280e-02 -1.221e-01 -5.900e-03 -6.500e-03]
TRIAL 88 sec 305.52953267097473 cost 2.303878751917044 score 2.6978242416648617 vol 2206.6693512047195 cell [ 4.7798 14.6594 31.4926 90.     90.     90.    ] zero 0.019914785574302294 best 2.303878753473824 diff [ 0.0053 -0.0168 -0.0023 -0.3493  0.1281  0.0069  0.4724 -0.0468  0.5675
 -0.0332 -0.0071  0.0028 -0.031   0.0214  0.017   0.0125  0.0017 -0.0264
 -0.0027  0.009   0.031  -0.0126 -0.0289]
TRIAL 89 sec 307.8026385307312 cost 2.3038787534902094 score 2.697824240294018 vol 2206.6693515356287 cell [ 4.7798 14.6594 31.4926 90.     90.     90.    ] zero 0.01991478663793247 best 2.303878753473824 diff [ 0.0053 -0.0168 -0.0023 -0.3493  0.1281  0.0069  0.4724 -0.0468  0.5675
 -0.0332 -0.0071  0.0028 -0.031   0.0214  0.017   0.0125  0.0017 -0.0264
 -0.0027  0.009   0.031  -0.0126 -0.0289]
TRIAL 90 sec 314.51565980911255 cost 2.713886153435884 score 2.7533095449177143 vol 2011.3744032845213 cell [ 4.1363 21.2067 22.93   90.     90.     90.    ] zero -0.05491405360396806 best 2.303878753473824 diff [-0.0054  0.0066  0.0517 -0.2992 -0.0366 -0.284  -0.0644  0.0247 -0.0241
  0.0902  0.1125 -0.0081 -0.4417  0.0152 -0.0111  0.2306  0.009   0.0451
  0.0046 -0.0555  0.0031 -0.0098 -0.0016]
TRIAL 91 sec 317.43047976493835 cost 2.303878753305467 score 2.6978242377039434 vol 2206.6693531287815 cell [ 4.7798 14.6594 31.4926 90.     90.     90.    ] zero 0.019914791569385273 best 2.303878753473824 diff [ 0.0053 -0.0168 -0.0023 -0.3493  0.1281  0.0069  0.4724 -0.0468  0.5675
 -0.0332 -0.0071  0.0028 -0.031   0.0214  0.017   0.0125  0.0017 -0.0264
 -0.0027  0.009   0.031  -0.0126 -0.0289]
TRIAL 92 sec 320.40513491630554 cost 3.111519219859854 score 2.660736897776497 vol 2154.1895363625404 cell [ 4.7848 17.0998 26.3286 90.     90.     90.    ] zero -0.07890915431321896 best 2.303878753473824 diff [ 0.4821  0.1225 -0.0067 -0.3566 -0.0257  0.0363  0.0466  0.4603 -0.155
  0.2982  0.0024  0.0925 -0.0574 -0.0143 -0.001  -0.0018  0.0106  0.0088
  0.0052  0.0809 -0.0084 -0.0087  0.003 ]
TRIAL 93 sec 324.5982823371887 cost 2.720473875026073 score 2.754214245661223 vol 2017.212648846228 cell [ 4.137  21.2575 22.9376 90.     90.     90.    ] zero -0.040549783002792106 best 2.303878753473824 diff [ 0.0007  0.0009  0.0495 -0.3009 -0.0292 -0.2982 -0.0649  0.0339 -0.0174
  0.0641  0.1018 -0.0315 -0.4642  0.021  -0.0323  0.2308  0.0194  0.0108
 -0.0032 -0.052  -0.0012 -0.0031  0.002 ]
TRIAL 94 sec 326.6167492866516 cost 2.3038787521488757 score 2.697824240755485 vol 2206.669351712572 cell [ 4.7798 14.6594 31.4926 90.     90.     90.    ] zero 0.01991478713088404 best 2.303878753473824 diff [ 0.0053 -0.0168 -0.0023 -0.3493  0.1281  0.0069  0.4724 -0.0468  0.5675
 -0.0332 -0.0071  0.0028 -0.031   0.0214  0.017   0.0125  0.0017 -0.0264
 -0.0027  0.009   0.031  -0.0126 -0.0289]
TRIAL 95 sec 330.39130210876465 cost 3.153475766950812 score 2.022134811481411 vol 2421.284998258108 cell [ 9.8718 13.2066 18.572  90.     90.     90.    ] zero 0.06746013208950584 best 2.303878753473824 diff [ 3.2449e+00  5.3000e-03 -2.7000e-03  1.0320e-01 -5.7000e-02  1.3920e-01
  8.8000e-03  5.0530e-01 -1.0630e-01 -3.6900e-02 -7.1000e-03 -1.2240e-01
  1.9600e-02 -1.2500e-02 -1.0000e-03 -1.8700e-02 -6.3300e-02  2.1000e-02
  8.5000e-03  8.0200e-02  1.0000e-03 -4.2400e-02  5.4000e-03]
TRIAL 96 sec 334.4891188144684 cost 3.3938886571538442 score 1.8273981396820993 vol 1892.1294800834896 cell [ 8.9685 14.1259 14.9354 90.     90.     90.    ] zero -0.07162491585750662 best 2.303878753473824 diff [ 3.7039e+00  2.7360e-01  1.7910e-01  2.5000e-03  1.7210e-01  2.8000e-03
 -4.8980e-01 -9.0000e-03 -8.4300e-02  2.5500e-02  5.6500e-02  4.4390e-01
 -2.0000e-04 -9.8000e-03 -1.1200e-02 -1.1150e-01  2.0000e-04 -8.0000e-04
  5.6000e-03  1.9100e-02 -4.2100e-02  7.4600e-02 -6.6800e-02]
TRIAL 97 sec 336.51153802871704 cost 2.3038787519191812 score 2.697824241644313 vol 2206.669351239468 cell [ 4.7798 14.6594 31.4926 90.     90.     90.    ] zero 0.01991478567292244 best 2.303878753473824 diff [ 0.0053 -0.0168 -0.0023 -0.3493  0.1281  0.0069  0.4724 -0.0468  0.5675
 -0.0332 -0.0071  0.0028 -0.031   0.0214  0.017   0.0125  0.0017 -0.0264
 -0.0027  0.009   0.031  -0.0126 -0.0289]
TRIAL 98 sec 338.4016902446747 cost 2.3038787521069626 score 2.697824241266202 vol 2206.669351388217 cell [ 4.7798 14.6594 31.4926 90.     90.     90.    ] zero 0.019914786141153513 best 2.303878753473824 diff [ 0.0053 -0.0168 -0.0023 -0.3493  0.1281  0.0069  0.4724 -0.0468  0.5675
 -0.0332 -0.0071  0.0028 -0.031   0.0214  0.017   0.0125  0.0017 -0.0264
 -0.0027  0.009   0.031  -0.0126 -0.0289]
TRIAL 99 sec 341.5993137359619 cost 2.3038787520707213 score 2.697824241315536 vol 2206.6693513749547 cell [ 4.7798 14.6594 31.4926 90.     90.     90.    ] zero 0.01991478609915161 best 2.303878753473824 diff [ 0.0053 -0.0168 -0.0023 -0.3493  0.1281  0.0069  0.4724 -0.0468  0.5675
 -0.0332 -0.0071  0.0028 -0.031   0.0214  0.017   0.0125  0.0017 -0.0264
 -0.0027  0.009   0.031  -0.0126 -0.0289]
TRIAL 100 sec 343.7143177986145 cost 2.3038787533036644 score 2.697824237701605 vol 2206.6693531301175 cell [ 4.7798 14.6594 31.4926 90.     90.     90.    ] zero 0.019914791573639436 best 2.303878753473824 diff [ 0.0053 -0.0168 -0.0023 -0.3493  0.1281  0.0069  0.4724 -0.0468  0.5675
 -0.0332 -0.0071  0.0028 -0.031   0.0214  0.017   0.0125  0.0017 -0.0264
 -0.0027  0.009   0.031  -0.0126 -0.0289]
TRIAL 101 sec 346.52393865585327 cost 2.3038787532540432 score 2.6978242377227555 vol 2206.6693531417127 cell [ 4.7798 14.6594 31.4926 90.     90.     90.    ] zero 0.01991479160311142 best 2.303878753473824 diff [ 0.0053 -0.0168 -0.0023 -0.3493  0.1281  0.0069  0.4724 -0.0468  0.5675
 -0.0332 -0.0071  0.0028 -0.031   0.0214  0.017   0.0125  0.0017 -0.0264
 -0.0027  0.009   0.031  -0.0126 -0.0289]
TRIAL 102 sec 350.32999992370605 cost 3.344142624077155 score 1.6225420591431678 vol 2168.1791770367804 cell [ 7.8199  8.8515 31.3237 90.     90.     90.    ] zero -0.03416670178369384 best 2.303878753473824 diff [-1.8500e-02 -2.2498e+00  4.4000e-03  1.5600e-02  3.3220e-01 -2.5690e-01
 -1.7770e-01 -3.0300e-02 -2.0000e-03  3.7650e-01  3.0600e-02 -2.7910e-01
  5.0900e-02 -2.8100e-02  7.7900e-02  1.0000e-04  7.0000e-03 -2.3000e-02
 -1.5000e-03  7.1000e-03 -1.6280e-01 -2.0800e-02  4.3000e-03]
TRIAL 103 sec 353.12988233566284 cost 2.7138848745363937 score 2.7536566074741695 vol 2011.4366566247006 cell [ 4.1363 21.2073 22.9301 90.     90.     90.    ] zero -0.054741410330048056 best 2.303878753473824 diff [-0.0053  0.0065  0.0516 -0.2993 -0.0365 -0.2842 -0.0645  0.0248 -0.0241
  0.0899  0.1124 -0.0084 -0.442   0.0152 -0.0114  0.2306  0.0092  0.0446
  0.0045 -0.0553  0.0032 -0.0096 -0.0016]
TRIAL 104 sec 357.9878764152527 cost 2.9730472503020042 score 2.376432400502746 vol 2232.6403026213225 cell [ 9.0471 14.4477 17.081  90.     90.     90.    ] zero 0.034440291099340284 best 2.303878753473824 diff [ 2.9242e+00 -2.2360e-01 -1.5760e-01 -3.8800e-02 -4.1000e-03  4.8000e-03
  1.7000e-03  1.8780e-01  1.1920e-01 -3.9000e-03 -1.4690e-01  5.5300e-02
  4.9400e-02 -7.7100e-02  5.0000e-04  1.3200e-02 -3.3600e-02  2.3500e-02
  6.5000e-03 -3.0000e-04 -1.0600e-02 -1.4400e-02  8.7200e-02]
TRIAL 105 sec 361.3997790813446 cost 2.3038787532800393 score 2.6978242377108197 vol 2206.6693531423016 cell [ 4.7798 14.6594 31.4926 90.     90.     90.    ] zero 0.01991479160451043 best 2.303878753473824 diff [ 0.0053 -0.0168 -0.0023 -0.3493  0.1281  0.0069  0.4724 -0.0468  0.5675
 -0.0332 -0.0071  0.0028 -0.031   0.0214  0.017   0.0125  0.0017 -0.0264
 -0.0027  0.009   0.031  -0.0126 -0.0289]
TRIAL 106 sec 364.3926212787628 cost 2.303878751778068 score 2.6978242424211287 vol 2206.669350831238 cell [ 4.7798 14.6594 31.4926 90.     90.     90.    ] zero 0.019914784391750037 best 2.303878753473824 diff [ 0.0053 -0.0168 -0.0023 -0.3493  0.1281  0.0069  0.4724 -0.0468  0.5675
 -0.0332 -0.0071  0.0028 -0.031   0.0214  0.017   0.0125  0.0017 -0.0264
 -0.0027  0.009   0.031  -0.0126 -0.0289]
TRIAL 107 sec 366.62146186828613 cost 2.3038787522211277 score 2.697824240753707 vol 2206.669351678177 cell [ 4.7798 14.6594 31.4926 90.     90.     90.    ] zero 0.019914787030479116 best 2.303878753473824 diff [ 0.0053 -0.0168 -0.0023 -0.3493  0.1281  0.0069  0.4724 -0.0468  0.5675
 -0.0332 -0.0071  0.0028 -0.031   0.0214  0.017   0.0125  0.0017 -0.0264
 -0.0027  0.009   0.031  -0.0126 -0.0289]
TRIAL 108 sec 371.6815981864929 cost 2.9730611379341383 score 2.376644679667558 vol 2232.66553976063 cell [ 9.0472 14.4478 17.0808 90.     90.     90.    ] zero 0.03462850161285701 best 2.303878753473824 diff [ 2.9244e+00 -2.2340e-01 -1.5750e-01 -3.8700e-02 -4.0000e-03  4.9000e-03
  1.9000e-03  1.8800e-01  1.1940e-01 -3.8000e-03 -1.4660e-01  5.5600e-02
  4.9500e-02 -7.7200e-02  4.0000e-04  1.3600e-02 -3.3200e-02  2.3500e-02
  6.8000e-03 -3.0000e-04 -1.0500e-02 -1.4000e-02  8.7100e-02]
TRIAL 109 sec 374.0211215019226 cost 2.3038787532432035 score 2.6978242377303006 vol 2206.6693531496294 cell [ 4.7798 14.6594 31.4926 90.     90.     90.    ] zero 0.01991479162209777 best 2.303878753473824 diff [ 0.0053 -0.0168 -0.0023 -0.3493  0.1281  0.0069  0.4724 -0.0468  0.5675
 -0.0332 -0.0071  0.0028 -0.031   0.0214  0.017   0.0125  0.0017 -0.0264
 -0.0027  0.009   0.031  -0.0126 -0.0289]
TRIAL 110 sec 376.9026346206665 cost 2.624513926063983 score 2.9344529124645318 vol 2102.4097317605037 cell [ 4.3369 21.1545 22.9155 90.     90.     90.    ] zero -0.07998621828868188 best 2.303878753473824 diff [-0.0212  0.0023  0.0452 -0.3062 -0.0512 -0.2793 -0.0715  0.0095 -0.037
  0.1071  0.1156  0.0068 -0.4277  0.0044  0.0024  0.0061  0.0634 -0.0123
  0.0071  0.0012 -0.0088 -0.0769 -0.0077]
TRIAL 111 sec 382.9182734489441 cost 3.58560896202532 score 1.8135132166444934 vol 1918.5341182846637 cell [ 4.4756  9.9506 43.0798 90.     90.     90.    ] zero 0.07999999999999999 best 2.303878753473824 diff [-1.2378e+00  1.2500e-02 -3.5460e-01  5.8570e-01 -9.9800e-02  3.3940e-01
 -6.0240e-01 -7.9800e-02  5.6320e-01 -3.5300e-02  1.0070e-01 -9.3000e-03
 -1.1600e-02 -1.4000e-03  3.2000e-03  4.5900e-02  4.2400e-02 -3.2000e-03
  7.6000e-03 -2.3300e-02 -1.2400e-02  7.6000e-03 -8.0000e-04]
TRIAL 112 sec 385.59105014801025 cost 2.3038787520994455 score 2.6978242411926288 vol 2206.669351454717 cell [ 4.7798 14.6594 31.4926 90.     90.     90.    ] zero 0.01991478633446262 best 2.303878753473824 diff [ 0.0053 -0.0168 -0.0023 -0.3493  0.1281  0.0069  0.4724 -0.0468  0.5675
 -0.0332 -0.0071  0.0028 -0.031   0.0214  0.017   0.0125  0.0017 -0.0264
 -0.0027  0.009   0.031  -0.0126 -0.0289]
TRIAL 113 sec 388.0238299369812 cost 2.3038787532845095 score 2.6978242377133763 vol 2206.669353137955 cell [ 4.7798 14.6594 31.4926 90.     90.     90.    ] zero 0.019914791592333753 best 2.303878753473824 diff [ 0.0053 -0.0168 -0.0023 -0.3493  0.1281  0.0069  0.4724 -0.0468  0.5675
 -0.0332 -0.0071  0.0028 -0.031   0.0214  0.017   0.0125  0.0017 -0.0264
 -0.0027  0.009   0.031  -0.0126 -0.0289]
TRIAL 114 sec 392.80739426612854 cost 3.3939459429925476 score 1.827245388935956 vol 1892.2878590975522 cell [ 8.9686 14.1263 14.9359 90.     90.     90.    ] zero -0.07103040002185311 best 2.303878753473824 diff [ 3.704e+00  2.739e-01  1.794e-01  2.800e-03  1.723e-01  3.000e-03
 -4.896e-01 -8.800e-03 -8.410e-02  2.560e-02  5.670e-02  4.438e-01
 -3.000e-04 -9.600e-03 -1.130e-02 -1.113e-01  0.000e+00 -9.000e-04
  5.700e-03  1.910e-02 -4.220e-02  7.420e-02 -6.690e-02]
TRIAL 115 sec 395.1031312942505 cost 2.837512202267783 score 2.168322112343211 vol 2018.1100397719802 cell [ 5.1786 12.3946 31.4413 90.     90.     90.    ] zero 0.0036449955326099473 best 2.303878753473824 diff [-1.800e-03 -5.840e-01 -2.000e-04 -3.478e-01 -9.867e-01  4.700e-03
  1.200e-03 -5.800e-03 -1.770e-01  4.490e-02  4.400e-03 -5.400e-03
 -4.060e-02 -3.147e-01  8.800e-02  2.192e-01  3.000e-04  1.700e-03
  3.040e-02 -2.380e-02  3.810e-02  0.000e+00 -4.500e-03]
TRIAL 116 sec 397.0087170600891 cost 2.303878753237731 score 2.697824237735704 vol 2206.669353143117 cell [ 4.7798 14.6594 31.4926 90.     90.     90.    ] zero 0.01991479160505663 best 2.303878753473824 diff [ 0.0053 -0.0168 -0.0023 -0.3493  0.1281  0.0069  0.4724 -0.0468  0.5675
 -0.0332 -0.0071  0.0028 -0.031   0.0214  0.017   0.0125  0.0017 -0.0264
 -0.0027  0.009   0.031  -0.0126 -0.0289]
TRIAL 117 sec 399.81294775009155 cost 3.130944581732124 score 1.706855555620567 vol 2025.2403204667924 cell [ 7.3723  8.7336 31.4546 90.     90.     90.    ] zero 0.007892017608981625 best 2.303878753473824 diff [ 1.0000e-04 -2.2237e+00 -7.0000e-04 -1.6300e-02  4.8300e-02 -6.5500e-02
  4.0740e-01 -2.0730e-01  5.5000e-03 -8.7000e-02  1.4000e-03  1.5870e-01
 -2.7720e-01  2.2500e-02  2.1000e-03 -2.3800e-02  2.8980e-01  7.0000e-03
  1.2560e-01 -1.0070e-01 -1.9000e-03  0.0000e+00 -3.5000e-03]
TRIAL 118 sec 402.58356404304504 cost 2.8375085129029527 score 2.1684098085608623 vol 2018.1397662404438 cell [ 5.1786 12.3947 31.4414 90.     90.     90.    ] zero 0.0036674017244918743 best 2.303878753473824 diff [-1.800e-03 -5.840e-01 -2.000e-04 -3.478e-01 -9.868e-01  4.700e-03
  1.100e-03 -5.900e-03 -1.770e-01  4.480e-02  4.400e-03 -5.500e-03
 -4.070e-02 -3.147e-01  8.790e-02  2.191e-01  2.000e-04  1.600e-03
  3.030e-02 -2.380e-02  3.810e-02 -1.000e-04 -4.700e-03]
TRIAL 119 sec 404.6016435623169 cost 2.3038787534677603 score 2.697824239957593 vol 2206.6693517297067 cell [ 4.7798 14.6594 31.4926 90.     90.     90.    ] zero 0.019914787246634192 best 2.303878753473824 diff [ 0.0053 -0.0168 -0.0023 -0.3493  0.1281  0.0069  0.4724 -0.0468  0.5675
 -0.0332 -0.0071  0.0028 -0.031   0.0214  0.017   0.0125  0.0017 -0.0264
 -0.0027  0.009   0.031  -0.0126 -0.0289]
