METRIC_INDEX X8a6f5a8 MONOCLINIC P peaks [5.622577289738095, 8.270696857539853, 11.251592912095276, 11.604597225496597, 12.28101575518233, 13.326477172221114, 14.28259842090325, 15.365340650102471, 15.971941078915338, 16.56391841998421, 16.905112374161586, 18.375776274671978, 18.813197152775274, 19.720760188913395, 20.32587832452108, 20.80583710882177, 21.752114275216215, 22.23139750964417, 23.04000620939197, 23.39003281344763, 25.168000235908636, 26.843405707213503, 27.47701596230883] bounds [(0.022222222222222223, 0.2857142857142857), (0.022222222222222223, 0.2857142857142857), (0.022222222222222223, 0.2857142857142857), (0.0, 0.7), (-0.08, 0.08)] volume 2100.0 3800.0
TRIAL 0 sec 26.812165021896362 cost 1.8007614319265512 score 2.7805451258131044 vol 3674.4767911601875 cell [31.42    5.5186 21.305  90.     95.9153 90.    ] zero -0.03746833033986582 best 1.8007614319265512 diff [-0.0089  0.0301 -0.0172  0.0093  0.1445 -0.0057  0.0232 -0.2278  0.0015
 -0.0151 -0.0413  0.0434  0.0028 -0.0222  0.0051 -0.0018  0.0018  0.0049
  0.0025 -0.0023 -0.0111  0.005   0.0038]
TRIAL 1 sec 36.885565519332886 cost 1.7430509853534397 score 2.614310321895595 vol 2132.000364613741 cell [ 34.1914   3.6008  18.8457  90.     113.2389  90.    ] zero -0.004925258103844943 best 1.7430509853534397 diff [-6.100e-03  1.623e-01 -2.000e-04  4.700e-03 -4.327e-01  1.433e-01
  3.500e-03 -3.240e-02 -3.560e-02  9.260e-02  8.800e-03 -3.600e-02
  5.500e-03  3.920e-02 -6.080e-02 -1.100e-03  2.400e-03 -5.080e-02
 -5.100e-03  2.900e-03 -1.300e-03  4.800e-03 -3.000e-03]
TRIAL 2 sec 47.5881290435791 cost 0.9496017779617835 score 3.5549958279992593 vol 3835.293865411151 cell [ 23.4689   4.5446  39.5125  90.     114.4842  90.    ] zero -0.007454342972673109 best 0.9496017779617835 diff [-0.0141 -0.0055 -0.0136  0.006   0.0086  0.0466  0.2339  0.0077 -0.007
 -0.0097 -0.0102  0.0108 -0.0004  0.0068 -0.009  -0.001   0.0141 -0.0074
  0.007  -0.0088 -0.0117 -0.0024  0.0026]
TRIAL 3 sec 62.98738622665405 cost 1.7181539324529995 score 3.206146655227275 vol 2258.291079998344 cell [ 18.9067   7.5979  16.247   90.     104.6248  90.    ] zero -0.0037384548917767293 best 0.9496017779617835 diff [-0.0092  0.0086 -0.0075 -0.3551  0.0687 -0.0055  0.0145 -0.0837 -0.0007
  0.0421 -0.0029  0.0016 -0.0436  0.085  -0.0014  0.0356  0.1256 -0.0027
  0.005   0.0035 -0.0085 -0.0131 -0.0179]
TRIAL 4 sec 81.0983247756958 cost 1.3594204472404805 score 4.645522018357555 vol 2748.6612984972744 cell [ 24.0338   4.3563  32.6573  90.     126.4961  90.    ] zero 0.037414420241675135 best 0.9496017779617835 diff [-0.1444  0.0078 -0.0095 -0.087   0.0051  0.0615 -0.0029 -0.018  -0.0363
 -0.0014  0.0044  0.0146  0.0023  0.0173 -0.0093 -0.0529  0.0065 -0.0064
 -0.0053  0.0014  0.0248 -0.0022  0.0003]
TRIAL 5 sec 91.32347583770752 cost 1.4901852872026857 score 2.2920183932583584 vol 2191.1750822579424 cell [ 15.9923   3.6618  38.4933  90.     103.5763  90.    ] zero 0.006391996882480804 best 0.9496017779617835 diff [ 1.000e-04 -6.680e-02  1.000e-03  2.198e-01 -1.224e-01 -9.300e-03
  1.800e-03 -5.831e-01  1.870e-02  1.330e-02  4.800e-03  1.150e-02
 -9.900e-03 -8.500e-03 -9.550e-02 -3.630e-02 -1.630e-02  6.000e-04
  4.200e-03  7.900e-03  2.000e-04  0.000e+00 -1.000e-03]
TRIAL 6 sec 114.62749457359314 cost 1.809950123175998 score 1.9738813224931875 vol 2248.94435997785 cell [ 22.941    4.5871  21.7975  90.     101.3533  90.    ] zero 0.0013400041746147906 best 0.9496017779617835 diff [-4.893e-01 -1.500e-03  4.635e-01  1.020e-01 -1.730e-02  3.400e-03
 -5.241e-01  2.300e-03  7.000e-04  1.650e-02 -5.000e-03  6.900e-03
 -3.060e-02  1.000e-04  8.900e-03 -3.930e-02 -1.770e-02  3.300e-03
  3.500e-03 -1.390e-02  9.800e-03 -2.000e-04 -1.600e-03]
TRIAL 7 sec 124.30762481689453 cost 1.7526369560793198 score 2.214678516431709 vol 2094.6658617389944 cell [ 16.896    3.8798  34.4445  90.     111.9235  90.    ] zero -0.030158932584855264 best 0.9496017779617835 diff [-1.890e-02 -6.300e-03 -5.000e-04  1.480e-02  2.066e-01  4.991e-01
  2.000e-03  3.730e-02  1.205e-01  3.900e-02  2.120e-02  6.270e-02
 -2.280e-02 -1.550e-02  1.348e-01 -1.000e-04 -4.500e-03 -2.280e-02
  3.500e-03  1.400e-03  3.500e-03 -1.290e-02  3.300e-03]
TRIAL 8 sec 149.12099146842957 cost 1.545396746025445 score 2.83771189603741 vol 2887.9478185592893 cell [ 33.4198   4.7878  19.1035  90.     109.1254  90.    ] zero 0.058523629956500796 best 0.9496017779617835 diff [ 0.0293  0.0033  0.007  -0.3392  0.009  -0.0284  0.0061 -0.0037 -0.0033
 -0.0319 -0.0128  0.0739 -0.024   0.0029  0.0197 -0.0072 -0.0016  0.0018
  0.0801 -0.0171  0.0161 -0.0034  0.0005]
TRIAL 9 sec 167.09178805351257 cost 1.639084267194056 score 3.677069956339377 vol 2191.6638445543163 cell [ 33.3014   4.3021  16.0052  90.     107.1     90.    ] zero -0.004184582787452103 best 0.9496017779617835 diff [-0.0054  0.0523  0.0006 -0.0489 -0.1812  0.0607 -0.0522 -0.1142  0.0035
  0.0006  0.0095  0.0175 -0.0044  0.042  -0.0469  0.0084 -0.0347 -0.0014
 -0.0212 -0.0012 -0.0116  0.0109  0.0016]
TRIAL 10 sec 177.80436038970947 cost 1.8853535501414285 score 2.366798983527244 vol 2727.260912760196 cell [ 36.2472   4.4045  19.2678  90.     117.5507  90.    ] zero 0.023124892895968224 best 0.9496017779617835 diff [-6.330e-02 -4.000e-04 -1.432e-01  1.340e-02 -1.000e-03 -4.571e-01
  4.130e-02 -6.640e-02  2.360e-02 -3.400e-03 -5.990e-02  8.400e-03
 -1.810e-02 -1.300e-02  3.100e-03 -4.000e-04  7.110e-02  4.300e-03
 -7.700e-03 -9.000e-04  6.100e-03 -3.600e-03  1.300e-03]
TRIAL 11 sec 185.09206080436707 cost 1.5736233616721993 score 3.6968697220598097 vol 2373.3374784757634 cell [ 17.1755   4.557   33.1748  90.     113.9322  90.    ] zero -0.0036021600296425337 best 0.9496017779617835 diff [-0.0013 -0.0184  0.0082  0.0561 -0.1074  0.0066  0.0875  0.1303 -0.0128
 -0.0125  0.0208 -0.0575 -0.0091 -0.0402  0.003   0.0066  0.0014  0.0243
 -0.0218  0.002  -0.0053  0.007  -0.0002]
TRIAL 12 sec 208.92389583587646 cost 1.4666063012044537 score 2.813092194884338 vol 2865.3524761749018 cell [ 16.907    5.8842  30.9792  90.     111.6089  90.    ] zero -0.0018994441788394256 best 0.9496017779617835 diff [-0.0067  0.5897 -0.0043  0.0158 -0.0006 -0.0696 -0.001   0.0023 -0.0074
 -0.1144  0.0009  0.0098  0.0089  0.0195 -0.     -0.0056  0.0653 -0.0102
  0.0139 -0.0257 -0.0192 -0.0025  0.0087]
TRIAL 13 sec 228.5002157688141 cost 1.2944790967904098 score 2.6171156893734153 vol 2112.184320008092 cell [23.1853  4.24   21.4885 90.     90.8505 90.    ] zero 0.07633698126543614 best 0.9496017779617835 diff [ 1.600e-02  2.920e-02 -3.770e-02 -8.550e-02  1.480e-02 -2.648e-01
 -3.000e-04 -1.340e-02 -1.130e-02  2.200e-03  4.520e-02 -7.900e-03
  3.921e-01 -1.290e-02  7.500e-03  6.400e-03  1.400e-03 -4.400e-03
  2.210e-02 -1.500e-03 -6.000e-03 -1.700e-03 -0.000e+00]
TRIAL 14 sec 234.42330765724182 cost 1.5900781727164819 score 4.195132662224356 vol 2187.4151886295294 cell [ 16.0174   3.5451  40.1563  90.     106.4039  90.    ] zero -0.03550696314714453 best 0.9496017779617835 diff [ 9.040e-02  1.000e-04  4.700e-03 -1.620e-02  4.160e-02 -1.210e-02
 -8.850e-02  8.150e-02  8.580e-02 -6.500e-03  8.900e-03 -8.000e-04
  3.400e-03  1.275e-01  1.000e-04 -2.640e-02  2.900e-02 -1.400e-03
 -2.400e-03 -2.980e-02  3.200e-03  2.130e-02 -3.300e-03]
TRIAL 15 sec 240.2880449295044 cost 1.643555344580311 score 3.8902506941549118 vol 2142.5155633487834 cell [31.6061  3.9209 17.5468 90.     99.834  90.    ] zero -0.006751936571403165 best 0.9496017779617835 diff [ 0.0421 -0.0187  0.0985  0.0206 -0.1436 -0.0981 -0.0328 -0.0096  0.0639
 -0.0099  0.0508 -0.0237  0.0101 -0.0055  0.0139  0.0075 -0.03    0.0089
  0.0095 -0.0108 -0.0039 -0.0031  0.0082]
TRIAL 16 sec 249.28653955459595 cost 1.4097493037450077 score 4.42562940882826 vol 3063.8976533549026 cell [22.4776  4.1482 32.8917 90.     92.5124 90.    ] zero 0.07891666632086736 best 0.9496017779617835 diff [-1.638e-01  1.110e-02  1.240e-01 -3.800e-03  2.990e-02 -4.680e-02
 -8.300e-03  2.160e-02 -7.600e-03 -6.600e-03 -9.400e-03  2.060e-02
  1.000e-04  3.400e-03  4.900e-03 -1.330e-02  2.250e-02  5.000e-04
  1.200e-03  5.000e-04 -2.450e-02  2.500e-03 -3.200e-03]
TRIAL 17 sec 255.30071330070496 cost 1.8507654812093917 score 2.0413980239139704 vol 2086.3001317877765 cell [ 37.7542   4.0949  14.1484  90.     107.4817  90.    ] zero 0.01857472468486973 best 0.9496017779617835 diff [-6.543e-01 -1.100e-03 -8.000e-04 -3.480e-01  1.710e-02  4.330e-02
 -3.970e-02 -1.380e-02 -3.714e-01 -2.000e-04 -2.700e-03 -9.480e-02
  4.900e-03  4.500e-03 -8.690e-02  1.410e-02  4.100e-03 -1.330e-02
  4.300e-03 -6.300e-03  2.800e-03 -1.350e-02  5.900e-03]
TRIAL 18 sec 265.4216639995575 cost 1.9996821241448968 score 2.8629970277692096 vol 2483.113207086795 cell [ 16.4734   6.912   23.662   90.     112.8349  90.    ] zero -0.024809871274881788 best 0.9496017779617835 diff [ 0.0048 -0.0148 -0.0129  0.0186 -0.1395  0.0763 -0.239   0.0202 -0.0956
  0.0163  0.0822  0.013   0.0102 -0.0022 -0.0057 -0.0066  0.0129 -0.115
  0.0086  0.0036 -0.0244 -0.0006 -0.0011]
TRIAL 19 sec 274.4142851829529 cost 1.684224836888771 score 3.8518338181271403 vol 2550.257931417849 cell [ 17.1762   4.7832  33.1332  90.     110.4701  90.    ] zero -0.06034037404190771 best 0.9496017779617835 diff [ 7.100e-03  5.190e-02  6.000e-03 -1.000e-04 -5.960e-02 -2.630e-02
 -5.430e-02  3.880e-02  1.190e-02 -1.108e-01  3.210e-02  1.500e-03
 -8.260e-02 -1.970e-02 -1.370e-02  2.490e-02 -3.100e-03  3.100e-03
  1.100e-03  2.300e-03  2.250e-02  3.400e-03 -3.100e-03]
TRIAL 20 sec 296.4322826862335 cost 1.3464624988273255 score 4.621709737878299 vol 2172.754367676774 cell [  9.1958   7.5123  35.223   90.     116.7559  90.    ] zero 0.007140420929701629 best 0.9496017779617835 diff [-0.0002  0.165  -0.0004 -0.0484  0.0216  0.0016 -0.0476 -0.0044  0.0123
 -0.0379  0.0022  0.0123 -0.0072  0.0072 -0.0639 -0.1534  0.0162  0.0125
 -0.0058  0.0261  0.0035 -0.01    0.0039]
TRIAL 21 sec 318.98823523521423 cost 1.8008529066047443 score 2.519844314894764 vol 2134.061238861947 cell [ 19.019    3.5606  33.3014  90.     108.8604  90.    ] zero 0.017272248544952483 best 0.9496017779617835 diff [-0.001   0.0011 -0.0123 -0.3591  0.0355 -0.0209  0.0385  0.042   0.0094
  0.0056 -0.0209  0.1355 -0.0336  0.0005 -0.12    0.0192  0.0917 -0.0006
 -0.0523 -0.0007 -0.001   0.001  -0.0044]
TRIAL 22 sec 331.7868402004242 cost 1.6215188854479448 score 3.4539252441324346 vol 2171.8205566371057 cell [ 15.7484   4.2895  33.4081  90.     105.7749  90.    ] zero -0.0686151066056483 best 0.9496017779617835 diff [ 0.0363 -0.0955  0.0055 -0.0042 -0.0227  0.0111 -0.1505  0.0142  0.0026
 -0.1019  0.0228  0.0461  0.1125 -0.0029 -0.0118  0.0012 -0.0065  0.0058
 -0.0567  0.0024  0.0027 -0.0159  0.0147]
TRIAL 23 sec 342.6048045158386 cost 1.7332664192499572 score 2.2542431598934973 vol 2229.419986158014 cell [ 16.9469   4.1106  34.5534  90.     112.1489  90.    ] zero -0.025508234432689358 best 0.9496017779617835 diff [-0.0223 -0.0147 -0.0118  0.0165  0.1551  0.4811  0.0017 -0.0049  0.0914
  0.0173  0.0017 -0.0053 -0.1014 -0.022   0.0484 -0.0726  0.0034 -0.0119
  0.0279 -0.     -0.0022  0.0028 -0.0109]
TRIAL 24 sec 364.49113488197327 cost 1.6744689512915802 score 2.1766312947824282 vol 2067.0083786935224 cell [ 16.719    5.7956  22.7765  90.     110.5148  90.    ] zero -0.019170393453920704 best 0.9496017779617835 diff [-2.400e-03 -6.900e-03  2.170e-02 -7.320e-02  1.388e-01 -1.420e-02
 -7.205e-01 -1.130e-02  2.000e-04  2.650e-02  4.910e-02  2.220e-01
  1.840e-02  6.100e-03 -1.760e-02 -2.160e-02  1.160e-02 -1.260e-02
  7.300e-03  2.550e-02 -1.250e-02 -1.490e-02 -4.700e-03]
TRIAL 25 sec 383.41991233825684 cost 1.6390757623720495 score 3.6764045185535648 vol 2191.6977130437845 cell [ 16.0053   4.3022  33.3019  90.     107.1009  90.    ] zero -0.004086253695362343 best 0.9496017779617835 diff [-0.0053  0.0523  0.0006 -0.0488 -0.1813  0.0606 -0.0521 -0.1144  0.0034
  0.0006  0.0095  0.0177 -0.0045  0.0422 -0.0471  0.0084 -0.0347 -0.0013
 -0.021  -0.0013 -0.0117  0.0106  0.0016]
TRIAL 26 sec 395.3155906200409 cost 1.5045478120952167 score 2.9466864578284895 vol 2163.6830043246914 cell [ 26.708    4.2635  22.7994  90.     123.5483  90.    ] zero 0.05300669254564502 best 0.9496017779617835 diff [-8.384e-01  2.220e-02  8.800e-03  8.540e-02 -3.900e-03 -1.340e-02
  2.000e-03 -7.930e-02 -5.500e-03  9.200e-03 -2.000e-04 -4.630e-02
  3.260e-02  2.190e-02  3.500e-02 -5.850e-02  6.800e-03  1.240e-02
 -5.250e-02  1.400e-03 -7.000e-03 -4.900e-03  1.600e-03]
TRIAL 27 sec 425.3866858482361 cost 2.068663873480683 score 2.145928945427639 vol 2132.824671869336 cell [31.7651  4.4274 15.3136 90.     97.9767 90.    ] zero 0.0030232304974517456 best 0.9496017779617835 diff [-0.0054  0.1592 -0.0067  0.0078 -0.0534  0.048   0.1838 -0.0337  0.0005
  0.3393 -0.0052  0.0079 -0.1661  0.0215 -0.0841  0.0234  0.023   0.0159
 -0.003  -0.0043 -0.0093 -0.0126  0.0013]
TRIAL 28 sec 435.7195625305176 cost 1.3028449203461436 score 3.4060348911594995 vol 2133.099550627286 cell [ 23.5343   4.2525  22.6212  90.     109.5745  90.    ] zero -0.017853287010450716 best 0.9496017779617835 diff [-8.762e-01  1.500e-03  1.600e-03  1.063e-01  3.220e-02 -4.130e-02
 -3.400e-03 -4.780e-02 -1.520e-02  4.220e-02  5.000e-03 -2.700e-02
 -5.700e-03 -2.470e-02  2.460e-02 -2.300e-03  6.700e-03  1.030e-02
  3.260e-02  2.400e-03 -8.700e-03 -1.200e-03  2.000e-04]
TRIAL 29 sec 452.43318343162537 cost 1.302397006648751 score 3.307365450082677 vol 2164.8935541512647 cell [ 24.6036   4.3921  21.9238  90.     113.9649  90.    ] zero 0.07999999999999999 best 0.9496017779617835 diff [-0.8831 -0.1217 -0.1446 -0.0129 -0.0133  0.0012 -0.0133  0.0011  0.0566
 -0.0011 -0.0103  0.0139  0.04    0.0062  0.0204 -0.0053 -0.0038  0.002
 -0.0057  0.0015 -0.0153  0.0242 -0.0019]
