PLANE 1 [0.004202512826223496, 0.00226314758746223, 0.001183642822279415, -0.07777302546339837] USE [2, 6, 9, 10, 13, 17, 19, 20, 23]
DIFFS [-0.003   0.018   0.059  -0.0154  0.2506 -0.0282 -0.7168  0.0935 -0.0255
 -0.003   0.0038  0.4667  0.0274 -0.0117 -0.3064  0.2255 -0.0901  0.4015
 -0.0912 -0.0104  0.1499  0.045  -0.0763]
ENUM P 1 21 1 1 3268 1371
ENUM P 1 21 1 2 6534 1408
ENUM C 1 2 1 1 1676 417
ENUM C 1 2 1 2 3322 812
BEST 0.6530367081236779 C 1 2 1 [ 33.33018  11.71299  22.73094  90.      112.54037  90.     ] -0.10422722702832327 [-0.0168  0.0021  0.0243 -0.0238  0.0401 -0.0273  0.0054  0.0514 -0.0136
 -0.0016  0.0168 -0.0039  0.0008 -0.0122 -0.006   0.0331  0.0114 -0.0221
 -0.0312 -0.0004 -0.0012  0.0309 -0.0129]
BEST 0.6951291206255829 C 1 2 1 [ 33.46165  11.71959  22.74777  90.      112.55717  90.     ] -0.08191879971421014 [-0.0166  0.0191  0.0187 -0.0119  0.0508 -0.0346  0.0096  0.0287  0.027
 -0.021  -0.0156 -0.0131 -0.0058 -0.0124 -0.0192  0.0393  0.0028 -0.0241
 -0.0228  0.0008  0.0044  0.012   0.0159]
BEST 0.7270013996699488 C 1 2 1 [ 33.28981   4.4277   22.80694  90.      112.8203   90.     ] -0.10796957397307641 [-1.500e-03 -1.270e-02  9.250e-02 -6.910e-02  2.196e-01 -7.170e-02
 -6.757e-01  3.530e-02  1.820e-02  4.640e-02 -9.800e-03  4.270e-01
 -1.210e-02 -3.000e-03  5.500e-03 -4.100e-03 -1.330e-02  4.300e-03
  6.300e-03 -4.000e-04 -7.610e-02 -6.600e-03  8.000e-03]
BEST 0.7317542539565958 C 1 2 1 [ 33.36684   4.43783  22.91977  90.      112.63362  90.     ] -0.045829537863679035 [ 0.0392 -0.0039 -0.066  -0.0607  0.2004 -0.0465 -0.6789  0.0168  0.0356
  0.0115  0.0163  0.4406  0.0026 -0.0724  0.0192  0.0025 -0.0159 -0.0047
 -0.018  -0.0011  0.0173 -0.0259  0.0093]
BEST 0.7384754874205086 P 1 21 1 [ 33.23498   5.86641  22.73996  90.      112.454    90.     ] -0.09168843648064985 [ 0.0088  0.0059 -0.0453 -0.0132 -0.1151  0.0054  0.0098  0.0937  0.0124
  0.0191 -0.0284  0.0052  0.0094 -0.0153 -0.0011  0.016   0.0038 -0.0187
 -0.0014  0.0084 -0.0045 -0.0224  0.0114]
BEST 0.7644309320904202 P 1 21 1 [ 33.37064   5.34632  22.75752  90.      112.47982  90.     ] -0.07833213716700484 [-0.0005  0.0143  0.0647 -0.0108 -0.1214 -0.0128 -0.0333  0.096  -0.0102
 -0.009   0.0271  0.013   0.0092 -0.0236  0.0009 -0.0122  0.0082  0.0264
 -0.0046 -0.0006 -0.0018 -0.0121  0.0051]
BEST 0.8056168924267478 C 1 2 1 [ 33.31801   7.31595  22.84032  90.      112.58158  90.     ] -0.09461278700084046 [-0.0033 -0.0266  0.0755 -0.069   0.0332  0.0131 -0.0297  0.0223  0.0071
 -0.0108  0.006  -0.002   0.006  -0.0122  0.0454  0.1383 -0.0308 -0.0986
 -0.0413 -0.0005  0.0484  0.0054 -0.0072]
BEST 0.8079406093259227 P 1 21 1 [ 16.7004    5.54829  22.98505  90.      112.50853  90.     ] 0.010267427753941077 [ 0.0017  0.0208 -0.0199 -0.0348  0.2085 -0.0084 -0.6594  0.0266 -0.0174
  0.0117  0.0174 -0.3647  0.0366  0.0267 -0.0104  0.055   0.0078 -0.0038
 -0.0069 -0.0341 -0.0227 -0.0065  0.0223]
BEST 0.8147729616745437 C 1 2 1 [ 33.30328   4.387    22.81409  90.      112.75702  90.     ] -0.10027850250661059 [ 0.0011 -0.0117  0.09   -0.0642  0.2172 -0.0639 -0.6827  0.0372  0.0162
  0.0339 -0.0035  0.4348 -0.0043 -0.0164 -0.0086  0.1835 -0.0203 -0.019
 -0.0065 -0.0524  0.0261 -0.0046  0.0037]
BEST 0.8186549295390746 C 1 2 1 [ 33.32156   4.55768  22.78694  90.      112.74218  90.     ] -0.10210756764037823 [-0.0046 -0.0043  0.0804 -0.0526  0.2295 -0.0585 -0.6896  0.0545  0.0036
  0.031  -0.0058  0.4402  0.001  -0.004  -0.0806  0.0641 -0.0014  0.0099
 -0.0238 -0.0608 -0.0078  0.0083  0.001 ]
BEST 0.8294662881091345 P 1 21 1 [ 16.64608   5.34036  22.75484  90.      112.71036  90.     ] -0.10977343108446372 [-0.0084 -0.0019  0.0804 -0.0434  0.2371 -0.0477 -0.6891  0.0689  0.0086
  0.0348  0.0068 -0.0032  0.0187  0.0076  0.0122 -0.0147 -0.0287 -0.3394
 -0.002  -0.0343  0.0103 -0.0013  0.0135]
BEST 0.833241293553921 C 1 2 1 [ 33.35437   4.39395  22.93214  90.      112.62028  90.     ] -0.04431353883881757 [ 0.0423 -0.0077 -0.0622 -0.0648  0.1937 -0.046  -0.6768  0.0095  0.0432
  0.0105  0.0213  0.4424  0.0044 -0.0813  0.0142  0.1086 -0.0071 -0.0025
 -0.01   -0.0592  0.0025 -0.0263  0.0159]
