X8a6f5a8 TRICLINIC P 3 peaks [5.57453, 6.87642, 8.22721, 11.21175, 11.574, 12.23607, 13.29681, 13.5454, 14.23632, 15.31943, 15.96219, 16.22283, 16.52581, 16.9, 17.06, 18.33726, 18.77137, 19.27606] V 597.9310302734375 2391.72412109375 Lmax 37.44510555595148
3->37.4451,1.37781,24.9999
1.5708->2.35619,0.0785683,0.707107,9.99638
597.931->2391.72,448.459,3.9999
Starting: V=597.931->1046.39
Finished: V=597.931->1046.39 A^3, 41852 unit cells tested, 231799 tests/s,   Elapsed time=0.180561s
Starting: V=1046.39->1494.85
Finished: V=1046.39->1494.85 A^3, 158617 unit cells tested, 320945 tests/s,   Elapsed time=0.494227s
Starting: V=1494.85->1943.31
    a=15.98-16.05 b=12.95-13.01 c= 8.40- 8.44 alpha= 95.45- 95.66 beta= 94.83- 94.99 gamma= 98.20- 98.51 V=1703.27-1724.31level=4, indexed=1(0 sol.)
    a=0.00404-0.00401 b=0.00616-0.00612 c=0.01446-0.01434 alpha=0.00151-0.00156 beta=0.00205-0.00212 gamma=0.00151-0.00156level=4, indexed=1(0 sol.)
 Solution ? a= 16.025 b= 12.936 c=  8.473 alpha= 95.774 beta= 94.786 gamma= 98.553 V= 1719.43 score=  4.75 #   0
     a=16.10-16.14 b=13.12-13.15 c= 8.59- 8.61 alpha= 97.58- 97.70 beta= 96.17- 96.25 gamma= 96.45- 96.59 V=1773.64-1784.92level=5, indexed=1(1 sol.)
     a=0.00397-0.00395 b=0.00601-0.00599 c=0.01401-0.01395 alpha=0.00125-0.00128 beta=0.00268-0.00271 gamma=0.00185-0.00188level=5, indexed=1(1 sol.)
 Solution ? a= 16.203 b= 13.131 c=  8.602 alpha= 97.545 beta= 96.659 gamma= 96.341 V= 1787.40 score=  5.62 #   1
     a=16.11-16.15 b=13.12-13.15 c= 8.59- 8.62 alpha= 97.56- 97.67 beta= 96.36- 96.45 gamma= 96.43- 96.57 V=1774.31-1785.60level=5, indexed=1(2 sol.)
     a=0.00397-0.00395 b=0.00601-0.00599 c=0.01401-0.01395 alpha=0.00125-0.00128 beta=0.00268-0.00271 gamma=0.00190-0.00192level=5, indexed=1(2 sol.)
 Solution ? a= 16.203 b= 13.131 c=  8.602 alpha= 97.545 beta= 96.659 gamma= 96.341 V= 1787.40 score=  5.62 #   2
     a=16.12-16.15 b=13.12-13.15 c= 8.60- 8.62 alpha= 97.54- 97.65 beta= 96.56- 96.64 gamma= 96.40- 96.54 V=1774.99-1786.31level=5, indexed=1(3 sol.)
     a=0.00397-0.00395 b=0.00601-0.00599 c=0.01401-0.01395 alpha=0.00125-0.00128 beta=0.00268-0.00271 gamma=0.00195-0.00197level=5, indexed=1(3 sol.)
 Solution ? a= 16.203 b= 13.131 c=  8.602 alpha= 97.545 beta= 96.659 gamma= 96.341 V= 1787.40 score=  5.62 #   3
     a=16.13-16.16 b=13.13-13.16 c= 8.60- 8.62 alpha= 97.50- 97.62 beta= 96.52- 96.60 gamma= 96.70- 96.84 V=1776.06-1787.41level=5, indexed=1(4 sol.)
     a=0.00397-0.00395 b=0.00601-0.00599 c=0.01401-0.01395 alpha=0.00130-0.00133 beta=0.00268-0.00271 gamma=0.00195-0.00197level=5, indexed=1(4 sol.)
 Solution ? a= 16.203 b= 13.131 c=  8.602 alpha= 97.545 beta= 96.659 gamma= 96.341 V= 1787.40 score=  5.62 #   4
    a=16.08-16.15 b=13.05-13.11 c= 8.60- 8.64 alpha= 97.31- 97.53 beta= 96.38- 96.56 gamma= 96.75- 97.04 V=1762.13-1784.65level=4, indexed=1(5 sol.)
    a=0.00399-0.00396 b=0.00608-0.00604 c=0.01398-0.01386 alpha=0.00132-0.00137 beta=0.00262-0.00269 gamma=0.00191-0.00196level=4, indexed=1(5 sol.)
 Solution ? a= 16.203 b= 13.131 c=  8.602 alpha= 97.545 beta= 96.659 gamma= 96.341 V= 1787.40 score=  5.62 #   5
    a=16.08-16.15 b=13.13-13.19 c= 8.62- 8.66 alpha= 97.84- 98.08 beta= 96.79- 96.97 gamma= 96.10- 96.38 V=1775.38-1798.20level=4, indexed=1(6 sol.)
    a=0.00399-0.00396 b=0.00600-0.00596 c=0.01398-0.01386 alpha=0.00122-0.00127 beta=0.00277-0.00284 gamma=0.00201-0.00206level=4, indexed=1(6 sol.)
 Solution ? a= 16.146 b= 13.153 c=  8.636 alpha= 97.800 beta= 96.692 gamma= 96.311 V= 1789.86 score=  4.78 #   6
Finished: V=1494.85->1943.31 A^3, 1113223 unit cells tested, 853711 tests/s,   Elapsed time=1.30399s
Starting: V=1943.31->2391.72
     a=16.31-16.35 b=12.87-12.90 c=11.05-11.09 alpha= 95.10- 95.23 beta=103.11-103.28 gamma= 90.88- 90.98 V=2249.58-2264.39level=5, indexed=1(7 sol.)
     a=0.00397-0.00395 b=0.00609-0.00607 c=0.00871-0.00867 alpha=0.00036-0.00038 beta=0.00138-0.00142 gamma=0.00269-0.00272level=5, indexed=1(7 sol.)
 Solution ? a= 16.357 b= 12.848 c= 11.048 alpha= 95.060 beta=103.185 gamma= 90.993 V= 2250.14 score=  6.51 #   7
     a=16.26-16.30 b=12.87-12.90 c=11.05-11.08 alpha= 95.10- 95.23 beta=103.07-103.23 gamma= 90.88- 90.98 V=2241.94-2256.66level=5, indexed=1(8 sol.)
     a=0.00399-0.00398 b=0.00609-0.00607 c=0.00871-0.00867 alpha=0.00036-0.00038 beta=0.00138-0.00142 gamma=0.00269-0.00272level=5, indexed=1(8 sol.)
 Solution ? a= 16.284 b= 12.843 c= 11.033 alpha= 95.083 beta=103.098 gamma= 91.050 V= 2236.80 score=  5.63 #   8
     a=16.30-16.34 b=12.83-12.85 c=11.04-11.07 alpha= 95.09- 95.22 beta=102.87-103.03 gamma= 90.90- 91.00 V=2239.96-2254.64level=5, indexed=1(9 sol.)
     a=0.00397-0.00395 b=0.00613-0.00611 c=0.00871-0.00867 alpha=0.00036-0.00038 beta=0.00138-0.00142 gamma=0.00264-0.00267level=5, indexed=1(9 sol.)
 Solution ? a= 16.284 b= 12.843 c= 11.033 alpha= 95.083 beta=103.098 gamma= 91.050 V= 2236.80 score=  5.63 #   9
     a=16.31-16.35 b=12.83-12.85 c=11.05-11.09 alpha= 95.15- 95.28 beta=103.14-103.30 gamma= 90.58- 90.68 V=2242.06-2256.78level=5, indexed=1(10 sol.)
     a=0.00397-0.00395 b=0.00613-0.00611 c=0.00871-0.00867 alpha=0.00031-0.00034 beta=0.00138-0.00142 gamma=0.00269-0.00272level=5, indexed=1(10 sol.)
 Solution ? a= 16.286 b= 12.846 c= 11.034 alpha= 95.070 beta=103.100 gamma= 91.040 V= 2237.92 score=  5.71 #  10
     a=16.31-16.35 b=12.83-12.85 c=11.05-11.09 alpha= 95.09- 95.22 beta=103.11-103.28 gamma= 90.88- 90.98 V=2242.21-2256.95level=5, indexed=1(11 sol.)
     a=0.00397-0.00395 b=0.00613-0.00611 c=0.00871-0.00867 alpha=0.00036-0.00038 beta=0.00138-0.00142 gamma=0.00269-0.00272level=5, indexed=1(11 sol.)
 Solution ? a= 16.364 b= 12.837 c= 11.050 alpha= 95.069 beta=103.213 gamma= 90.985 V= 2249.26 score=  6.56 #  11
     a=16.27-16.31 b=12.82-12.85 c=11.06-11.09 alpha= 94.86- 94.99 beta=103.35-103.51 gamma= 90.62- 90.72 V=2235.74-2250.38level=5, indexed=1(12 sol.)
     a=0.00399-0.00398 b=0.00613-0.00611 c=0.00871-0.00867 alpha=0.00031-0.00034 beta=0.00131-0.00135 gamma=0.00274-0.00277level=5, indexed=1(12 sol.)
 Solution ? a= 16.284 b= 12.843 c= 11.033 alpha= 95.083 beta=103.098 gamma= 91.050 V= 2236.80 score=  5.63 #  12
     a=16.69-16.74 b=13.07-13.10 c=11.43-11.47 alpha= 97.64- 97.76 beta=108.37-108.54 gamma= 92.57- 92.66 V=2334.95-2352.09level=5, indexed=1(13 sol.)
     a=0.00402-0.00400 b=0.00601-0.00599 c=0.00871-0.00867 alpha=0.00091-0.00093 beta=0.00224-0.00228 gamma=0.00384-0.00386level=5, indexed=1(13 sol.)
 Solution ? a= 16.749 b= 13.110 c= 11.437 alpha= 97.613 beta=108.585 gamma= 92.830 V= 2348.07 score=  4.69 #  13
    a=16.81-16.91 b=13.08-13.14 c=11.40-11.49 alpha= 97.14- 97.38 beta=108.63-108.98 gamma= 93.34- 93.51 V=2343.11-2377.99level=4, indexed=1(14 sol.)
    a=0.00399-0.00396 b=0.00600-0.00596 c=0.00877-0.00869 alpha=0.00102-0.00107 beta=0.00219-0.00226 gamma=0.00390-0.00395level=4, indexed=1(14 sol.)
 Solution ? a= 16.904 b= 13.231 c= 11.427 alpha= 97.558 beta=108.623 gamma= 93.776 V= 2384.86 score=  5.45 #  14
      a=16.76-16.79 b=13.70-13.75 c=10.94-10.98 alpha=108.79-109.05 beta= 72.15- 72.11 gamma=103.05-103.28 V=2241.90-2257.36level=6, indexed=1(15 sol.)
      a=0.00401-0.00400 b=0.00606-0.00604 c=0.00995-0.00992 alpha=0.00139-0.00142 beta=0.00424-0.00427 gamma=-0.00320--0.00318level=6, indexed=1(15 sol.)
 Solution ? a= 16.735 b= 13.666 c= 10.933 alpha=108.825 beta= 72.075 gamma=103.115 V= 2229.18 score=  5.53 #  15
     a=16.75-16.79 b=13.68-13.72 c=10.94-10.97 alpha=108.83-109.08 beta= 72.10- 72.06 gamma=103.12-103.35 V=2233.47-2248.85level=5, indexed=1(16 sol.)
     a=0.00402-0.00400 b=0.00609-0.00607 c=0.00997-0.00994 alpha=0.00140-0.00143 beta=0.00426-0.00429 gamma=-0.00322--0.00319level=5, indexed=1(16 sol.)
 Solution ? a= 16.735 b= 13.666 c= 10.933 alpha=108.825 beta= 72.075 gamma=103.115 V= 2229.18 score=  5.53 #  16
     a=16.74-16.78 b=13.67-13.72 c=10.89-10.92 alpha=108.75-109.00 beta= 72.18- 72.14 gamma=103.08-103.31 V=2223.00-2238.24level=5, indexed=1(17 sol.)
     a=0.00402-0.00400 b=0.00609-0.00607 c=0.01005-0.01001 alpha=0.00140-0.00143 beta=0.00426-0.00429 gamma=-0.00322--0.00319level=5, indexed=1(17 sol.)
 Solution ? a= 16.735 b= 13.666 c= 10.933 alpha=108.825 beta= 72.075 gamma=103.115 V= 2229.18 score=  5.53 #  17
     a=16.77-16.81 b=13.64-13.69 c=10.94-10.97 alpha=108.86-109.11 beta= 72.02- 71.98 gamma=103.39-103.62 V=2228.11-2243.46level=5, indexed=1(18 sol.)
     a=0.00402-0.00400 b=0.00613-0.00611 c=0.00997-0.00994 alpha=0.00145-0.00148 beta=0.00426-0.00429 gamma=-0.00322--0.00319level=5, indexed=1(18 sol.)
 Solution ? a= 16.735 b= 13.663 c= 10.931 alpha=108.823 beta= 72.065 gamma=103.118 V= 2227.89 score=  5.41 #  18
     a=16.73-16.76 b=13.67-13.72 c=10.92-10.96 alpha=108.78-109.02 beta= 72.35- 72.31 gamma=103.04-103.27 V=2230.37-2245.71level=5, indexed=1(20 sol.)
     a=0.00402-0.00400 b=0.00609-0.00607 c=0.00997-0.00994 alpha=0.00140-0.00143 beta=0.00426-0.00429 gamma=-0.00317--0.00314level=5, indexed=1(20 sol.)
 Solution ? a= 16.735 b= 13.666 c= 10.933 alpha=108.825 beta= 72.075 gamma=103.115 V= 2229.18 score=  5.53 #  20
     a=16.70-16.75 b=13.08-13.11 c=11.43-11.48 alpha= 97.85- 97.97 beta=108.31-108.49 gamma= 92.79- 92.87 V=2337.23-2354.45level=5, indexed=1(21 sol.)
     a=0.00402-0.00400 b=0.00601-0.00599 c=0.00871-0.00867 alpha=0.00096-0.00098 beta=0.00232-0.00235 gamma=0.00384-0.00386level=5, indexed=1(21 sol.)
 Solution ? a= 16.736 b= 13.085 c= 11.444 alpha= 97.638 beta=108.633 gamma= 92.668 V= 2342.99 score=  4.81 #  21
     a=16.72-16.77 b=13.08-13.11 c=11.45-11.50 alpha= 97.93- 98.06 beta=108.61-108.79 gamma= 92.44- 92.52 V=2340.17-2357.44level=5, indexed=1(22 sol.)
     a=0.00402-0.00400 b=0.00601-0.00599 c=0.00871-0.00867 alpha=0.00091-0.00093 beta=0.00232-0.00235 gamma=0.00389-0.00391level=5, indexed=1(22 sol.)
 Solution ? a= 16.702 b= 13.114 c= 11.429 alpha= 97.815 beta=108.576 gamma= 92.519 V= 2340.76 score=  4.66 #  22
    a=16.62-16.71 b=13.00-13.05 c=11.38-11.47 alpha= 98.12- 98.38 beta=108.13-108.48 gamma= 91.94- 92.10 V=2304.82-2338.54level=4, indexed=1(23 sol.)
    a=0.00404-0.00401 b=0.00608-0.00604 c=0.00877-0.00869 alpha=0.00082-0.00087 beta=0.00233-0.00241 gamma=0.00380-0.00385level=4, indexed=1(23 sol.)
 Solution ? a= 16.624 b= 12.976 c= 11.390 alpha= 98.085 beta=108.288 gamma= 92.011 V= 2301.42 score=  4.11 #  23
      a=16.37-16.40 b=13.85-13.90 c=11.69-11.73 alpha=111.25-111.52 beta= 76.15- 76.12 gamma=100.90-101.11 V=2381.66-2399.28level=6, indexed=1(24 sol.)
      a=0.00401-0.00400 b=0.00608-0.00606 c=0.00873-0.00869 alpha=0.00112-0.00114 beta=0.00485-0.00488 gamma=-0.00221--0.00219level=6, indexed=1(24 sol.)
 Solution ? a= 16.412 b= 13.860 c= 11.681 alpha=111.286 beta= 76.375 gamma=101.046 V= 2389.63 score=  5.45 #  24
     a=16.33-16.37 b=13.85-13.90 c=11.67-11.71 alpha=110.89-111.15 beta= 76.42- 76.40 gamma=100.69-100.90 V=2380.77-2398.30level=5, indexed=1(25 sol.)
     a=0.00402-0.00400 b=0.00605-0.00603 c=0.00871-0.00867 alpha=0.00111-0.00113 beta=0.00476-0.00480 gamma=-0.00217--0.00215level=5, indexed=1(25 sol.)
 Solution ? a= 16.377 b= 13.859 c= 11.676 alpha=111.134 beta= 76.469 gamma=100.973 V= 2386.89 score=  6.03 #  25
      a=16.37-16.40 b=13.86-13.91 c=11.69-11.73 alpha=111.05-111.32 beta= 76.31- 76.29 gamma=101.09-101.30 V=2387.49-2405.18level=6, indexed=1(26 sol.)
      a=0.00401-0.00400 b=0.00606-0.00604 c=0.00869-0.00865 alpha=0.00117-0.00119 beta=0.00478-0.00481 gamma=-0.00216--0.00214level=6, indexed=1(26 sol.)
 Solution ? a= 16.446 b= 13.877 c= 11.704 alpha=111.107 beta= 76.532 gamma=101.116 V= 2405.86 score=  4.98 #  26
     a=16.33-16.37 b=13.86-13.91 c=11.66-11.70 alpha=110.91-111.17 beta= 76.58- 76.55 gamma=100.91-101.12 V=2380.65-2398.22level=5, indexed=1(27 sol.)
     a=0.00402-0.00400 b=0.00605-0.00603 c=0.00871-0.00867 alpha=0.00115-0.00118 beta=0.00476-0.00480 gamma=-0.00212--0.00210level=5, indexed=1(27 sol.)
 Solution ? a= 16.377 b= 13.859 c= 11.676 alpha=111.134 beta= 76.469 gamma=100.973 V= 2386.89 score=  6.03 #  27
      a=16.36-16.39 b=13.85-13.90 c=11.68-11.73 alpha=111.23-111.49 beta= 76.28- 76.25 gamma=100.86-101.07 V=2380.31-2397.91level=6, indexed=1(28 sol.)
      a=0.00401-0.00400 b=0.00608-0.00606 c=0.00873-0.00869 alpha=0.00112-0.00114 beta=0.00485-0.00488 gamma=-0.00219--0.00216level=6, indexed=1(28 sol.)
 Solution ? a= 16.412 b= 13.860 c= 11.681 alpha=111.286 beta= 76.375 gamma=101.046 V= 2389.63 score=  5.45 #  28
      a=16.37-16.40 b=13.83-13.88 c=11.69-11.74 alpha=111.01-111.27 beta= 76.25- 76.22 gamma=100.96-101.17 V=2383.01-2400.61level=6, indexed=1(29 sol.)
      a=0.00401-0.00400 b=0.00608-0.00606 c=0.00869-0.00865 alpha=0.00114-0.00117 beta=0.00478-0.00481 gamma=-0.00219--0.00216level=6, indexed=1(29 sol.)
 Solution ? a= 16.412 b= 13.860 c= 11.681 alpha=111.286 beta= 76.375 gamma=101.046 V= 2389.63 score=  5.45 #  29
      a=16.36-16.40 b=13.83-13.89 c=11.69-11.73 alpha=111.02-111.28 beta= 76.32- 76.30 gamma=101.07-101.28 V=2382.95-2400.57level=6, indexed=1(30 sol.)
      a=0.00401-0.00400 b=0.00608-0.00606 c=0.00869-0.00865 alpha=0.00117-0.00119 beta=0.00478-0.00481 gamma=-0.00216--0.00214level=6, indexed=1(30 sol.)
 Solution ? a= 16.446 b= 13.877 c= 11.704 alpha=111.107 beta= 76.532 gamma=101.116 V= 2405.86 score=  4.98 #  30
      a=16.37-16.40 b=13.85-13.91 c=11.68-11.73 alpha=111.26-111.53 beta= 76.22- 76.19 gamma=101.01-101.22 V=2381.58-2399.22level=6, indexed=1(31 sol.)
      a=0.00401-0.00400 b=0.00608-0.00606 c=0.00873-0.00869 alpha=0.00114-0.00117 beta=0.00485-0.00488 gamma=-0.00219--0.00216level=6, indexed=1(31 sol.)
 Solution ? a= 16.412 b= 13.860 c= 11.681 alpha=111.286 beta= 76.375 gamma=101.046 V= 2389.63 score=  5.45 #  31
      a=16.36-16.39 b=13.85-13.90 c=11.68-11.72 alpha=111.24-111.50 beta= 76.35- 76.33 gamma=100.97-101.18 V=2380.24-2397.86level=6, indexed=1(32 sol.)
      a=0.00401-0.00400 b=0.00608-0.00606 c=0.00873-0.00869 alpha=0.00114-0.00117 beta=0.00485-0.00488 gamma=-0.00216--0.00214level=6, indexed=1(32 sol.)
 Solution ? a= 16.412 b= 13.860 c= 11.681 alpha=111.286 beta= 76.375 gamma=101.046 V= 2389.63 score=  5.45 #  32
      a=16.38-16.41 b=13.86-13.91 c=11.69-11.73 alpha=111.30-111.56 beta= 76.16- 76.14 gamma=101.17-101.38 V=2382.87-2400.56level=6, indexed=1(33 sol.)
      a=0.00401-0.00400 b=0.00608-0.00606 c=0.00873-0.00869 alpha=0.00117-0.00119 beta=0.00485-0.00488 gamma=-0.00219--0.00216level=6, indexed=1(33 sol.)
 Solution ? a= 16.412 b= 13.860 c= 11.681 alpha=111.286 beta= 76.375 gamma=101.046 V= 2389.63 score=  5.45 #  33
      a=16.37-16.40 b=13.86-13.91 c=11.68-11.72 alpha=111.28-111.54 beta= 76.30- 76.27 gamma=101.12-101.33 V=2381.53-2399.19level=6, indexed=1(34 sol.)
      a=0.00401-0.00400 b=0.00608-0.00606 c=0.00873-0.00869 alpha=0.00117-0.00119 beta=0.00485-0.00488 gamma=-0.00216--0.00214level=6, indexed=1(34 sol.)
 Solution ? a= 16.412 b= 13.860 c= 11.681 alpha=111.286 beta= 76.375 gamma=101.046 V= 2389.63 score=  5.45 #  34
      a=16.34-16.37 b=13.85-13.90 c=11.68-11.73 alpha=111.26-111.52 beta= 76.24- 76.22 gamma=101.00-101.21 V=2377.50-2395.09level=6, indexed=1(35 sol.)
      a=0.00402-0.00401 b=0.00608-0.00606 c=0.00873-0.00869 alpha=0.00114-0.00117 beta=0.00485-0.00488 gamma=-0.00219--0.00216level=6, indexed=1(35 sol.)
 Solution ? a= 16.412 b= 13.860 c= 11.681 alpha=111.286 beta= 76.375 gamma=101.046 V= 2389.63 score=  5.45 #  35
      a=16.36-16.39 b=13.85-13.90 c=11.69-11.74 alpha=111.15-111.41 beta= 76.42- 76.40 gamma=101.06-101.27 V=2384.11-2401.78level=6, indexed=1(36 sol.)
      a=0.00401-0.00400 b=0.00608-0.00606 c=0.00869-0.00865 alpha=0.00117-0.00119 beta=0.00481-0.00485 gamma=-0.00214--0.00211level=6, indexed=1(36 sol.)
 Solution ? a= 16.446 b= 13.877 c= 11.704 alpha=111.107 beta= 76.532 gamma=101.116 V= 2405.86 score=  4.98 #  36
      a=16.37-16.40 b=13.87-13.92 c=11.69-11.73 alpha=111.06-111.33 beta= 76.39- 76.36 gamma=101.20-101.41 V=2387.45-2405.17level=6, indexed=1(37 sol.)
      a=0.00401-0.00400 b=0.00606-0.00604 c=0.00869-0.00865 alpha=0.00119-0.00122 beta=0.00478-0.00481 gamma=-0.00214--0.00211level=6, indexed=1(37 sol.)
 Solution ? a= 16.446 b= 13.877 c= 11.704 alpha=111.107 beta= 76.532 gamma=101.116 V= 2405.86 score=  4.98 #  37
    a=17.13-17.22 b=13.51-13.60 c=11.26-11.32 alpha= 98.90- 99.35 beta= 71.88- 71.84 gamma=106.70-107.21 V=2366.30-2398.51level=4, indexed=1(38 sol.)
    a=0.00404-0.00401 b=0.00600-0.00596 c=0.00877-0.00869 alpha=0.00251-0.00256 beta=0.00104-0.00111 gamma=-0.00335--0.00330level=4, indexed=1(38 sol.)
 Solution ? a= 17.115 b= 13.599 c= 11.253 alpha= 99.269 beta= 72.020 gamma=107.067 V= 2374.32 score=  6.39 #  38
    a=17.08-17.16 b=13.50-13.59 c=11.23-11.29 alpha= 98.75- 99.18 beta= 72.40- 72.37 gamma=106.62-107.12 V=2359.38-2391.41level=4, indexed=1(39 sol.)
    a=0.00404-0.00401 b=0.00600-0.00596 c=0.00877-0.00869 alpha=0.00251-0.00256 beta=0.00104-0.00111 gamma=-0.00325--0.00320level=4, indexed=1(39 sol.)
 Solution ? a= 17.121 b= 13.605 c= 11.288 alpha= 99.313 beta= 72.097 gamma=107.160 V= 2383.26 score=  6.52 #  39
      a=16.61-16.66 b=13.29-13.32 c=11.05-11.08 alpha= 95.03- 95.14 beta=102.10-102.23 gamma=101.74-101.88 V=2312.14-2328.91level=6, indexed=1(43 sol.)
      a=0.00400-0.00399 b=0.00602-0.00600 c=0.00873-0.00869 alpha=0.00224-0.00226 beta=0.00198-0.00201 gamma=0.00276-0.00278level=6, indexed=1(43 sol.)
 Solution ? a= 16.591 b= 13.282 c= 11.050 alpha= 94.948 beta=102.280 gamma=101.777 V= 2307.69 score=  5.65 #  43
      a=16.69-16.74 b=13.30-13.34 c=11.05-11.08 alpha= 94.95- 95.05 beta=102.12-102.25 gamma=102.09-102.23 V=2323.01-2339.96level=6, indexed=1(44 sol.)
      a=0.00397-0.00396 b=0.00602-0.00600 c=0.00873-0.00869 alpha=0.00228-0.00231 beta=0.00198-0.00201 gamma=0.00276-0.00278level=6, indexed=1(44 sol.)
 Solution ? a= 16.663 b= 13.367 c= 11.124 alpha= 95.877 beta=101.637 gamma=102.264 V= 2343.94 score=  7.65 #  44
      a=16.66-16.70 b=13.32-13.36 c=11.06-11.09 alpha= 95.52- 95.63 beta=101.40-101.52 gamma=102.20-102.35 V=2326.23-2343.20level=6, indexed=1(50 sol.)
      a=0.00397-0.00396 b=0.00602-0.00600 c=0.00869-0.00865 alpha=0.00231-0.00233 beta=0.00208-0.00212 gamma=0.00263-0.00266level=6, indexed=1(50 sol.)
 Solution ? a= 16.663 b= 13.374 c= 11.120 alpha= 95.812 beta=101.663 gamma=102.262 V= 2344.65 score=  8.32 #  50
      a=16.66-16.71 b=13.32-13.36 c=11.06-11.10 alpha= 95.49- 95.60 beta=101.52-101.65 gamma=102.19-102.34 V=2327.28-2344.29level=6, indexed=1(51 sol.)
      a=0.00397-0.00396 b=0.00602-0.00600 c=0.00869-0.00865 alpha=0.00231-0.00233 beta=0.00208-0.00212 gamma=0.00266-0.00268level=6, indexed=1(51 sol.)
 Solution ? a= 16.663 b= 13.374 c= 11.120 alpha= 95.812 beta=101.663 gamma=102.262 V= 2344.65 score=  8.32 #  51
      a=16.66-16.71 b=13.33-13.36 c=11.06-11.10 alpha= 95.64- 95.75 beta=101.49-101.62 gamma=102.16-102.31 V=2327.88-2344.90level=6, indexed=1(52 sol.)
      a=0.00397-0.00396 b=0.00602-0.00600 c=0.00869-0.00865 alpha=0.00231-0.00233 beta=0.00212-0.00216 gamma=0.00266-0.00268level=6, indexed=1(52 sol.)
 Solution ? a= 16.663 b= 13.374 c= 11.120 alpha= 95.812 beta=101.663 gamma=102.262 V= 2344.65 score=  8.32 #  52
     a=16.64-16.69 b=13.34-13.38 c=11.06-11.09 alpha= 95.49- 95.60 beta=101.63-101.76 gamma=102.37-102.52 V=2324.27-2341.28level=5, indexed=1(55 sol.)
     a=0.00399-0.00398 b=0.00601-0.00599 c=0.00871-0.00867 alpha=0.00235-0.00237 beta=0.00210-0.00214 gamma=0.00269-0.00272level=5, indexed=1(55 sol.)
 Solution ? a= 16.663 b= 13.374 c= 11.120 alpha= 95.812 beta=101.663 gamma=102.262 V= 2344.65 score=  8.32 #  55
      a=16.28-16.32 b=13.44-13.48 c=10.92-10.95 alpha=100.31-100.49 beta= 84.45- 84.48 gamma=103.74-103.93 V=2280.06-2295.56level=6, indexed=1(57 sol.)
      a=0.00401-0.00400 b=0.00602-0.00600 c=0.00869-0.00865 alpha=0.00221-0.00224 beta=0.00233-0.00237 gamma=-0.00067--0.00065level=6, indexed=1(57 sol.)
 Solution ? a= 16.331 b= 13.503 c= 10.939 alpha=100.721 beta= 84.450 gamma=104.067 V= 2295.53 score=  9.32 #  57
      a=16.27-16.31 b=13.45-13.49 c=10.93-10.96 alpha=100.59-100.77 beta= 84.40- 84.43 gamma=103.62-103.81 V=2280.77-2296.31level=6, indexed=1(58 sol.)
      a=0.00401-0.00400 b=0.00602-0.00600 c=0.00869-0.00865 alpha=0.00219-0.00221 beta=0.00241-0.00244 gamma=-0.00067--0.00065level=6, indexed=1(58 sol.)
 Solution ? a= 16.331 b= 13.503 c= 10.939 alpha=100.721 beta= 84.450 gamma=104.067 V= 2295.54 score=  9.32 #  58
      a=16.28-16.31 b=13.45-13.49 c=10.93-10.96 alpha=100.55-100.73 beta= 84.63- 84.66 gamma=103.72-103.92 V=2281.28-2296.84level=6, indexed=1(64 sol.)
      a=0.00401-0.00400 b=0.00602-0.00600 c=0.00869-0.00865 alpha=0.00221-0.00224 beta=0.00241-0.00244 gamma=-0.00062--0.00060level=6, indexed=1(64 sol.)
 Solution ? a= 16.331 b= 13.503 c= 10.939 alpha=100.721 beta= 84.450 gamma=104.067 V= 2295.53 score=  9.32 #  64
      a=16.28-16.32 b=13.45-13.49 c=10.90-10.93 alpha=100.55-100.73 beta= 84.51- 84.55 gamma=103.74-103.93 V=2276.40-2291.90level=6, indexed=1(65 sol.)
      a=0.00401-0.00400 b=0.00602-0.00600 c=0.00873-0.00869 alpha=0.00221-0.00224 beta=0.00241-0.00244 gamma=-0.00065--0.00062level=6, indexed=1(65 sol.)
 Solution ? a= 16.330 b= 13.501 c= 10.939 alpha=100.730 beta= 84.451 gamma=104.069 V= 2295.06 score=  9.44 #  65
      a=16.28-16.31 b=13.45-13.49 c=10.90-10.93 alpha=100.52-100.70 beta= 84.64- 84.67 gamma=103.72-103.91 V=2275.92-2291.42level=6, indexed=1(66 sol.)
      a=0.00401-0.00400 b=0.00602-0.00600 c=0.00873-0.00869 alpha=0.00221-0.00224 beta=0.00241-0.00244 gamma=-0.00062--0.00060level=6, indexed=1(66 sol.)
 Solution ? a= 16.330 b= 13.501 c= 10.939 alpha=100.730 beta= 84.451 gamma=104.069 V= 2295.06 score=  9.44 #  66
      a=16.25-16.29 b=13.45-13.49 c=10.93-10.96 alpha=100.54-100.73 beta= 84.64- 84.67 gamma=103.70-103.89 V=2277.41-2292.93level=6, indexed=1(68 sol.)
      a=0.00402-0.00401 b=0.00602-0.00600 c=0.00869-0.00865 alpha=0.00221-0.00224 beta=0.00241-0.00244 gamma=-0.00062--0.00060level=6, indexed=1(68 sol.)
 Solution ? a= 16.330 b= 13.501 c= 10.939 alpha=100.730 beta= 84.451 gamma=104.069 V= 2295.06 score=  9.44 #  68
      a=16.26-16.30 b=13.45-13.49 c=10.92-10.95 alpha=100.29-100.47 beta= 84.55- 84.59 gamma=103.85-104.04 V=2277.18-2292.68level=6, indexed=1(74 sol.)
      a=0.00402-0.00401 b=0.00602-0.00600 c=0.00869-0.00865 alpha=0.00224-0.00226 beta=0.00233-0.00237 gamma=-0.00065--0.00062level=6, indexed=1(74 sol.)
 Solution ? a= 16.330 b= 13.501 c= 10.939 alpha=100.730 beta= 84.451 gamma=104.069 V= 2295.06 score=  9.44 #  74
      a=16.29-16.33 b=13.44-13.49 c=10.90-10.93 alpha=100.53-100.71 beta= 84.59- 84.62 gamma=104.00-104.19 V=2274.80-2290.32level=6, indexed=1(206 sol.)
      a=0.00401-0.00400 b=0.00604-0.00602 c=0.00873-0.00869 alpha=0.00226-0.00228 beta=0.00241-0.00244 gamma=-0.00062--0.00060level=6, indexed=1(206 sol.)
 Solution ? a= 16.330 b= 13.501 c= 10.939 alpha=100.730 beta= 84.451 gamma=104.069 V= 2295.06 score=  9.44 # 206
Finished: V=1943.31->2391.72 A^3, 4980442 unit cells tested, 1.27408e+06 tests/s,   Elapsed time=3.90904s
build/fast-x86_64/objcryst/ObjCryst/ObjCryst/Indexing.cpp:2602 Solution ? a=16.3296, b=13.5009, c=10.939, alpha=100.73, beta=84.451, gamma=104.069, V=2295.06, score=9.43746
build/fast-x86_64/objcryst/ObjCryst/ObjCryst/Indexing.cpp:2602 Solution ? a=16.3113, b=13.4981, c=10.9282, alpha=100.683, beta=84.3874, gamma=104.085, V=2289.78, score=8.39453
build/fast-x86_64/objcryst/ObjCryst/ObjCryst/Indexing.cpp:2602 Solution ? a=16.6633, b=13.374, c=11.1205, alpha=95.8125, beta=101.663, gamma=102.262, V=2344.65, score=8.32153
build/fast-x86_64/objcryst/ObjCryst/ObjCryst/Indexing.cpp:2602 Solution ? a=16.364, b=12.837, c=11.05, alpha=95.0689, beta=103.213, gamma=90.9855, V=2249.26, score=6.55758
build/fast-x86_64/objcryst/ObjCryst/ObjCryst/Indexing.cpp:2602 Solution ? a=17.1205, b=13.6048, c=11.2883, alpha=99.3132, beta=72.0971, gamma=107.16, V=2383.26, score=6.51552
build/fast-x86_64/objcryst/ObjCryst/ObjCryst/Indexing.cpp:2602 Solution ? a=17.115, b=13.5988, c=11.2531, alpha=99.2694, beta=72.0197, gamma=107.067, V=2374.32, score=6.39066
build/fast-x86_64/objcryst/ObjCryst/ObjCryst/Indexing.cpp:2602 Solution ? a=16.3767, b=13.8594, c=11.6764, alpha=111.134, beta=76.4689, gamma=100.973, V=2386.89, score=6.02717
build/fast-x86_64/objcryst/ObjCryst/ObjCryst/Indexing.cpp:2602 Solution ? a=16.2856, b=12.8464, c=11.0345, alpha=95.0702, beta=103.1, gamma=91.0399, V=2237.92, score=5.70698
build/fast-x86_64/objcryst/ObjCryst/ObjCryst/Indexing.cpp:2602 Solution ? a=16.5905, b=13.2825, c=11.0499, alpha=94.9477, beta=102.28, gamma=101.777, V=2307.69, score=5.65167
build/fast-x86_64/objcryst/ObjCryst/ObjCryst/Indexing.cpp:2602 Solution ? a=16.2026, b=13.1309, c=8.60249, alpha=97.5446, beta=96.6591, gamma=96.3413, V=1787.4, score=5.62114
build/fast-x86_64/objcryst/ObjCryst/ObjCryst/Indexing.cpp:2602 Solution ? a=16.7354, b=13.6663, c=10.9331, alpha=108.825, beta=72.0753, gamma=103.115, V=2229.18, score=5.52541
build/fast-x86_64/objcryst/ObjCryst/ObjCryst/Indexing.cpp:2602 Solution ? a=16.4119, b=13.8603, c=11.681, alpha=111.286, beta=76.3754, gamma=101.046, V=2389.63, score=5.45303
build/fast-x86_64/objcryst/ObjCryst/ObjCryst/Indexing.cpp:2602 Solution ? a=16.9039, b=13.2305, c=11.4268, alpha=97.5575, beta=108.623, gamma=93.7763, V=2384.86, score=5.45045
build/fast-x86_64/objcryst/ObjCryst/ObjCryst/Indexing.cpp:2602 Solution ? a=16.4461, b=13.8774, c=11.7037, alpha=111.107, beta=76.5322, gamma=101.116, V=2405.86, score=4.97697
build/fast-x86_64/objcryst/ObjCryst/ObjCryst/Indexing.cpp:2602 Solution ? a=16.6516, b=13.3027, c=11.0469, alpha=95.0272, beta=101.984, gamma=102.051, V=2318.89, score=4.82468
build/fast-x86_64/objcryst/ObjCryst/ObjCryst/Indexing.cpp:2602 Solution ? a=16.7361, b=13.0847, c=11.4436, alpha=97.6379, beta=108.633, gamma=92.6681, V=2342.99, score=4.80626
build/fast-x86_64/objcryst/ObjCryst/ObjCryst/Indexing.cpp:2602 Solution ? a=16.1458, b=13.1531, c=8.63599, alpha=97.8, beta=96.6922, gamma=96.311, V=1789.86, score=4.77782
build/fast-x86_64/objcryst/ObjCryst/ObjCryst/Indexing.cpp:2602 Solution ? a=16.025, b=12.9355, c=8.47327, alpha=95.7739, beta=94.7861, gamma=98.5527, V=1719.43, score=4.74576
build/fast-x86_64/objcryst/ObjCryst/ObjCryst/Indexing.cpp:2602 Solution ? a=16.7488, b=13.11, c=11.4368, alpha=97.6131, beta=108.585, gamma=92.8298, V=2348.07, score=4.69379
build/fast-x86_64/objcryst/ObjCryst/ObjCryst/Indexing.cpp:2602 Solution ? a=16.6252, b=13.2785, c=11.0343, alpha=95.0309, beta=102.01, gamma=101.98, V=2308.77, score=4.67361
build/fast-x86_64/objcryst/ObjCryst/ObjCryst/Indexing.cpp:2602 Solution ? a=16.7023, b=13.1144, c=11.4289, alpha=97.815, beta=108.576, gamma=92.5188, V=2340.76, score=4.66213
build/fast-x86_64/objcryst/ObjCryst/ObjCryst/Indexing.cpp:2602 Solution ? a=17.1141, b=13.4882, c=11.2577, alpha=100.596, beta=73.9822, gamma=107.36, V=2369.39, score=4.21482
build/fast-x86_64/objcryst/ObjCryst/ObjCryst/Indexing.cpp:2602 Solution ? a=16.6238, b=12.9758, c=11.39, alpha=98.0852, beta=108.288, gamma=92.0113, V=2301.42, score=4.11001
build/fast-x86_64/objcryst/ObjCryst/ObjCryst/Indexing.cpp:2602 Solution ? a=17.1648, b=13.4739, c=11.2478, alpha=100.667, beta=73.6624, gamma=107.276, V=2369, score=3.88097
build/fast-x86_64/objcryst/ObjCryst/ObjCryst/Indexing.cpp:2602 Solution ? a=16.7079, b=13.6864, c=10.9422, alpha=108.921, beta=72.2804, gamma=102.906, V=2233.01, score=3.82311
build/fast-x86_64/objcryst/ObjCryst/ObjCryst/Indexing.cpp:2609 BEST ? a=16.3296, b=13.5009, c=10.939, alpha=100.73, beta=84.451, gamma=104.069, V=2295.06, score=9.43746
4980442unit cells tested, 1.27279e+06 tests/s,   Elapsed time=3.91301s
DONE X8a6f5a8 TRICLINIC P 25 3.9137890338897705 [{'cell': [16.329559326171875, 13.50088882446289, 10.93901252746582, 100.73018870943318, 84.45098606803056, 104.06901740216719], 'volume': 2295.059326171875, 'score': 9.43746280670166, 'system': 'TRICLINIC', 'centering': 'P', 'mode': 3}, {'cell': [16.31125259399414, 13.498133659362793, 10.928177833557129, 100.68346338532112, 84.38739700685774, 104.08471317687989], 'volume': 2289.780517578125, 'score': 8.394527435302734, 'system': 'TRICLINIC', 'centering': 'P', 'mode': 3}, {'cell': [16.663312911987305, 13.374011993408203, 11.120488166809082, 95.81245933721317, 101.6626051537883, 102.26174251759265], 'volume': 2344.64892578125, 'score': 8.32153034210205, 'system': 'TRICLINIC', 'centering': 'P', 'mode': 3}, {'cell': [16.364049911499023, 12.837005615234375, 11.04998779296875, 95.0688976234089, 103.2129897934895, 90.98545536773844], 'volume': 2249.259033203125, 'score': 6.557584285736084, 'system': 'TRICLINIC', 'centering': 'P', 'mode': 3}, {'cell': [17.120515823364258, 13.604799270629883, 11.288259506225586, 99.31315668308731, 72.0970863124451, 107.1596233600846], 'volume': 2383.26318359375, 'score': 6.5155158042907715, 'system': 'TRICLINIC', 'centering': 'P', 'mode': 3}]
