METRIC_INDEX X8a6f5a8 MONOCLINIC P peaks [5.610893729899515, 8.255909903341088, 11.221535754266156, 11.58155964871574, 12.249578992293788, 13.304416326280762, 13.54371513560769, 14.268617346346838, 15.344749937702572, 15.952622605645024, 16.225727693019465, 16.526267613353507, 16.887973423769484, 17.079999999999973, 18.350932847468005, 18.782002455976876, 19.278995057394965, 19.6937880116133] bounds [(0.02, 0.2857142857142857), (0.02, 0.2857142857142857), (0.02, 0.2857142857142857), (0.0, 0.7), (-0.1, 0.1)] volume 1100.0 3500.0
TRIAL 0 sec 10.805983781814575 cost 0.9880038047473869 score 4.209142437914149 vol 1536.5400254354415 cell [ 16.3241   7.8301  12.4595  90.     105.2433  90.    ] zero -0.007046369096715547 best 0.9880038047473869 diff [-0.0112 -0.2717 -0.0017  0.1061  0.3635  0.1744 -0.066   0.0375 -0.0073
 -0.011   0.0504  0.0071 -0.0207  0.0163 -0.0904  0.0011  0.0018 -0.0643]
TRIAL 1 sec 17.705564260482788 cost 0.5028430877728389 score 7.491246571584588 vol 2843.728604597899 cell [ 17.7171   7.2134  23.0877  90.     105.4672  90.    ] zero -0.009035146356563394 best 0.5028430877728389 diff [-0.0033 -0.0242  0.0163  0.0718  0.0017  0.0005  0.0026  0.012   0.0139
 -0.0429 -0.0164 -0.0109  0.0074 -0.0245 -0.0438  0.0259  0.0144  0.0027]
TRIAL 2 sec 21.952203035354614 cost 0.43100393408600285 score 4.649868138344272 vol 2226.7645212193797 cell [ 22.7142   6.2186  16.8582  90.     110.7493  90.    ] zero 0.018870771266452403 best 0.43100393408600285 diff [ 0.0094 -0.0169  0.0135  0.0069  0.2632 -0.0027 -0.0063 -0.0187  0.0043
  0.0019 -0.0153 -0.0016 -0.0109  0.0077  0.0465 -0.001   0.1621  0.0019]
TRIAL 3 sec 32.4230101108551 cost 0.4309956637654724 score 4.649413821019795 vol 2226.7494710634355 cell [ 16.8583   6.2186  22.714   90.     110.7505  90.    ] zero 0.01890626291264226 best 0.4309956637654724 diff [ 0.0094 -0.0169  0.0136  0.0071  0.2635 -0.0026 -0.0063 -0.0186  0.0043
  0.0018 -0.015  -0.0016 -0.0108  0.0076  0.0466 -0.0008  0.1625  0.0019]
TRIAL 4 sec 39.90130138397217 cost 0.4309971889566462 score 4.651366362907969 vol 2226.7017659348153 cell [ 16.8581   6.2185  22.9956  90.     112.5284  90.    ] zero 0.01882280301511743 best 0.4309956637654724 diff [ 0.0094 -0.017   0.0136  0.007   0.2633 -0.0025 -0.0064 -0.0185  0.0045
  0.0019 -0.0151 -0.0015 -0.0107  0.0077  0.0467 -0.0007  0.1623  0.002 ]
TRIAL 5 sec 47.925573110580444 cost 0.525624809427211 score 3.5352649927318636 vol 3560.632914151589 cell [ 33.3446   5.7886  19.4665  90.     108.6259  90.    ] zero 0.036145282970679406 best 0.4309956637654724 diff [ 1.450e-02  4.000e-03  6.400e-03 -3.472e-01 -1.920e-02  1.300e-03
  1.110e-02 -8.200e-03 -1.440e-02  2.820e-02  9.900e-03  1.000e-04
 -3.040e-02  4.700e-03  2.000e-02  1.920e-02 -1.250e-02 -7.000e-03]
TRIAL 6 sec 53.30666708946228 cost 0.7608797434344832 score 4.352646325411849 vol 1503.446531317616 cell [ 20.6174   6.228   15.3469  90.     130.2761  90.    ] zero -0.014910573801596112 best 0.4309956637654724 diff [-1.200e-02  3.106e-01  4.800e-03  2.100e-02 -1.710e-02 -1.730e-02
 -1.570e-02 -7.390e-02 -2.000e-04  1.395e-01 -1.339e-01  7.850e-02
 -6.900e-03  6.280e-02  2.640e-02  3.700e-03 -1.410e-02 -3.060e-02]
TRIAL 7 sec 56.42790102958679 cost 0.8313996562956449 score 4.3860308043163805 vol 1493.4289871137325 cell [  7.9869   5.9317  32.9892  90.     107.1448  90.    ] zero -0.005347947831205921 best 0.4309956637654724 diff [-0.0137  0.1481 -0.0084 -0.0014 -0.1053  0.2461  0.0045  0.0221  0.0032
 -0.0066 -0.0024 -0.3003 -0.0317  0.0671  0.0419 -0.0387  0.0029 -0.0014]
TRIAL 8 sec 59.90142202377319 cost 0.9096395396114749 score 3.9278918470960438 vol 1133.485839059161 cell [15.9474  5.3569 13.4643 90.     99.7931 90.    ] zero -0.014897602346820693 best 0.4309956637654724 diff [-6.700e-03 -3.155e-01  1.540e-02 -3.400e-01 -1.979e-01  1.620e-02
  6.700e-03 -2.509e-01 -1.650e-02 -2.960e-02  2.972e-01 -6.200e-03
  9.100e-03 -2.000e-04  5.100e-03  1.061e-01 -6.380e-02  2.300e-03]
TRIAL 9 sec 61.80817437171936 cost 0.44642230142469097 score 4.433874580504928 vol 2208.4889758657914 cell [ 16.8425   6.1985  22.9201  90.     112.6367  90.    ] zero -0.003024579656052473 best 0.4309956637654724 diff [-0.0067 -0.0121  0.0033  0.0208  0.2938 -0.0021  0.0074  0.0056  0.0018
 -0.0018  0.0006  0.0074 -0.0152  0.0153 -0.062   0.0046 -0.1582 -0.0101]
TRIAL 10 sec 66.250812292099 cost 0.4309962862643381 score 4.652483221498003 vol 2226.7620433053494 cell [ 16.8582   6.2186  22.7142  90.     110.7506  90.    ] zero 0.01892022533693405 best 0.4309956637654724 diff [ 0.0095 -0.0169  0.0137  0.0071  0.2634 -0.0025 -0.0064 -0.0187  0.0043
  0.0018 -0.015  -0.0016 -0.0107  0.0076  0.0466 -0.0007  0.1624  0.0018]
TRIAL 11 sec 70.23993444442749 cost 0.9663933217953 score 3.820460168354293 vol 1291.1022516626347 cell [13.4562  6.1096 15.9404 90.     99.8659 90.    ] zero -0.022258805817939088 best 0.4309956637654724 diff [-0.0103 -0.3227  0.0156 -0.3401 -0.2046  0.0199  0.0034  0.197  -0.0055
 -0.0152 -0.2862 -0.0037  0.013  -0.0043  0.0114  0.0907 -0.0503 -0.0052]
TRIAL 12 sec 76.53579664230347 cost 0.8364194358861621 score 2.8916783514379194 vol 2324.149888784822 cell [ 11.7294   6.2543  34.253   90.     112.3413  90.    ] zero 0.08901989228119236 best 0.4309956637654724 diff [ 0.0527 -0.0231  0.0298  0.0037 -0.6417  0.0085 -0.2273 -0.0298 -0.0035
  0.0343  0.0207  0.0222 -0.022  -0.0018  0.0063  0.0026 -0.0011 -0.0063]
TRIAL 13 sec 82.65982842445374 cost 0.4309972715371798 score 4.655225979401602 vol 2226.857238832801 cell [ 16.8584   6.2186  22.7149  90.     110.75    90.    ] zero 0.01909640778673316 best 0.4309956637654724 diff [ 0.0096 -0.0169  0.0137  0.0069  0.2631 -0.0026 -0.0064 -0.0185  0.0045
  0.0019 -0.0152 -0.0016 -0.0107  0.0076  0.0466 -0.0009  0.1619  0.0019]
TRIAL 14 sec 90.82652974128723 cost 0.43099546445621845 score 4.651794160813304 vol 2226.7679258827698 cell [ 16.8583   6.2185  22.7144  90.     110.7504  90.    ] zero 0.018984764679356326 best 0.4309956637654724 diff [ 0.0095 -0.0169  0.0137  0.0071  0.2633 -0.0025 -0.0064 -0.0185  0.0045
  0.0019 -0.015  -0.0015 -0.0107  0.0076  0.0467 -0.0007  0.1623  0.002 ]
TRIAL 15 sec 93.12786316871643 cost 0.7005523487849211 score 3.942399780137647 vol 1501.9095041417013 cell [ 13.5006   7.0516  16.2994  90.     104.5571  90.    ] zero 0.024445259407230434 best 0.4309956637654724 diff [ 0.0109 -0.5897  0.011  -0.0114  0.321   0.0098  0.0223  0.0166 -0.0518
 -0.008  -0.2533 -0.0016 -0.0126  0.0236 -0.0135  0.0422 -0.0455  0.0166]
TRIAL 16 sec 95.24947714805603 cost 0.43099735479518914 score 4.654305449357669 vol 2226.879510035503 cell [ 22.7148   6.2187  16.8584  90.     110.7497  90.    ] zero 0.019161497840604683 best 0.4309956637654724 diff [ 0.0096 -0.0168  0.0138  0.007   0.2632 -0.0025 -0.0063 -0.0186  0.0044
  0.002  -0.0152 -0.0017 -0.0107  0.0077  0.0465 -0.0008  0.162   0.0019]
TRIAL 17 sec 96.93584609031677 cost 0.4464247220243734 score 4.437042699988988 vol 2208.4364709487295 cell [ 16.8423   6.1985  22.6237  90.     110.7636  90.    ] zero -0.003155410284901883 best 0.4309956637654724 diff [-0.0069 -0.0121  0.0032  0.0206  0.2937 -0.0022  0.0075  0.0057  0.0018
 -0.0018  0.0005  0.0076 -0.0153  0.0154 -0.0619  0.0045 -0.158  -0.01  ]
TRIAL 18 sec 100.81453108787537 cost 0.43099681602109474 score 4.647022908341686 vol 2226.668288070992 cell [ 16.8581   6.2185  22.7137  90.     110.7501  90.    ] zero 0.01875566919855718 best 0.4309956637654724 diff [ 0.0093 -0.0169  0.0135  0.0071  0.2635 -0.0026 -0.0063 -0.0186  0.0044
  0.0018 -0.015  -0.0015 -0.0108  0.0077  0.0467 -0.0008  0.1625  0.002 ]
TRIAL 19 sec 103.32611465454102 cost 0.7040870392625944 score 5.103953235657907 vol 2794.965751889583 cell [ 11.7239   7.5288  34.2321  90.     112.3311  90.    ] zero 0.07939407361547333 best 0.4309956637654724 diff [ 4.600e-02 -2.950e-02  2.610e-02 -1.400e-03 -9.550e-02  7.200e-03
 -2.288e-01  2.000e-04 -5.500e-03  3.330e-02  2.900e-03  1.940e-02
 -2.260e-02 -1.600e-03  1.950e-02  1.200e-03 -3.500e-03 -5.400e-03]
TRIAL 20 sec 107.30915880203247 cost 0.43099383703493827 score 4.6515941915952554 vol 2226.779711721702 cell [ 16.8583   6.2185  22.9958  90.     112.5286  90.    ] zero 0.018980389864693883 best 0.4309956637654724 diff [ 0.0095 -0.0169  0.0137  0.007   0.2633 -0.0025 -0.0064 -0.0185  0.0044
  0.0018 -0.0151 -0.0015 -0.0108  0.0076  0.0467 -0.0008  0.1622  0.0019]
TRIAL 21 sec 109.96451902389526 cost 0.8153050626034524 score 2.8309062362435595 vol 1541.790510704317 cell [  7.7567   6.2276  34.1195  90.     110.6981  90.    ] zero 0.07100327096781393 best 0.4309956637654724 diff [-6.100e-03  1.192e-01 -7.010e-02 -8.300e-03  9.500e-03  3.380e-02
 -4.690e-02  1.270e-02 -1.370e-02 -6.071e-01  3.275e-01  2.500e-02
 -4.400e-03  2.930e-02  1.620e-02 -1.690e-02 -3.000e-04 -2.560e-02]
TRIAL 22 sec 111.84613966941833 cost 0.7111180886699142 score 4.147259838019642 vol 1502.4608313807537 cell [ 13.5134   7.0542  18.3446  90.     120.7758  90.    ] zero 0.02503799945665129 best 0.4309956637654724 diff [ 1.680e-02 -5.974e-01  2.220e-02 -1.580e-02  3.168e-01 -5.100e-03
  1.720e-02  1.170e-02 -6.920e-02 -4.000e-04 -2.508e-01 -3.000e-04
 -1.000e-03  1.730e-02 -2.740e-02  2.760e-02 -3.440e-02  2.970e-02]
TRIAL 23 sec 114.52332210540771 cost 0.7451553192529675 score 3.2948492116730708 vol 2531.3841063341433 cell [ 33.3329   3.5     22.9732  90.     109.183   90.    ] zero 0.015227305575999162 best 0.4309956637654724 diff [ 0.0142 -0.0079  0.0269  0.0433 -0.0067 -0.0079 -0.0091 -0.1976 -0.0182
 -0.0133 -0.0555 -0.0027  0.0111 -0.0563  0.1207  0.0062  0.0078  0.0175]
TRIAL 24 sec 117.2277238368988 cost 0.4309964777773926 score 4.652704352619419 vol 2226.683798451805 cell [ 16.858    6.2185  22.7141  90.     110.7502  90.    ] zero 0.018714257334383432 best 0.4309956637654724 diff [ 0.0093 -0.017   0.0136  0.0069  0.2632 -0.0026 -0.0064 -0.0186  0.0044
  0.0019 -0.0151 -0.0016 -0.0107  0.0077  0.0466 -0.0007  0.1622  0.0019]
TRIAL 25 sec 119.15937209129333 cost 0.4309975148222913 score 4.653762188367587 vol 2226.8062694327627 cell [ 16.8583   6.2186  22.9959  90.     112.528   90.    ] zero 0.01905574754527675 best 0.4309956637654724 diff [ 0.0096 -0.0169  0.0138  0.0071  0.2633 -0.0024 -0.0064 -0.0185  0.0044
  0.0019 -0.015  -0.0016 -0.0106  0.0077  0.0466 -0.0007  0.1622  0.0019]
TRIAL 26 sec 121.03053569793701 cost 0.7608797433014385 score 4.352646325983165 vol 1503.4465312690684 cell [15.8587  6.228  15.3469 90.     97.3118 90.    ] zero -0.0149105739596308 best 0.4309956637654724 diff [-1.200e-02  3.106e-01  4.800e-03  2.100e-02 -1.710e-02 -1.730e-02
 -1.570e-02 -7.390e-02 -2.000e-04  1.395e-01 -1.339e-01  7.850e-02
 -6.900e-03  6.280e-02  2.640e-02  3.700e-03 -1.410e-02 -3.060e-02]
TRIAL 27 sec 123.70910143852234 cost 0.4309942004476972 score 4.6516015739957925 vol 2226.705731052962 cell [ 16.8581   6.2185  22.714   90.     110.7505  90.    ] zero 0.018792843128479023 best 0.4309956637654724 diff [ 0.0094 -0.017   0.0136  0.007   0.2633 -0.0025 -0.0064 -0.0186  0.0044
  0.0018 -0.015  -0.0016 -0.0107  0.0076  0.0466 -0.0007  0.1624  0.0019]
TRIAL 28 sec 126.43466925621033 cost 0.4309961586322044 score 4.653659590347396 vol 2226.7289136593386 cell [ 22.7143   6.2185  16.8581  90.     110.7503  90.    ] zero 0.018807724770743686 best 0.4309956637654724 diff [ 0.0094 -0.017   0.0136  0.0069  0.2632 -0.0026 -0.0064 -0.0186  0.0044
  0.0018 -0.0151 -0.0016 -0.0107  0.0076  0.0466 -0.0008  0.1622  0.0019]
TRIAL 29 sec 130.29759430885315 cost 0.700552332975983 score 3.9423997969783096 vol 1501.9095002804822 cell [ 18.3663   7.0516  13.5006  90.     120.7982  90.    ] zero 0.024445245730834782 best 0.4309956637654724 diff [ 0.0109 -0.5897  0.011  -0.0114  0.321   0.0098  0.0223  0.0166 -0.0518
 -0.008  -0.2533 -0.0016 -0.0126  0.0236 -0.0135  0.0422 -0.0455  0.0166]
TRIAL 30 sec 132.37086057662964 cost 1.1356804367542084 score 3.3709124357215723 vol 1096.732244919086 cell [21.5419  7.6941  6.6275 90.     93.2297 90.    ] zero 0.045754619768373896 best 0.4309956637654724 diff [-1.2586  0.0052  0.3191 -0.0438  0.0037  0.1116 -0.1268 -0.0103  0.0104
  0.1986 -0.0748 -0.0074  0.0477 -0.1433  0.0094  0.0032 -0.049   0.1813]
TRIAL 31 sec 134.65420055389404 cost 0.6885808126421102 score 5.733408585007052 vol 2460.7679092187673 cell [ 15.656    4.9421  33.2159  90.     106.7679  90.    ] zero -0.09999999985146876 best 0.4309956637654724 diff [ 0.033  -0.0218 -0.0096  0.1181 -0.0193  0.0475  0.0463  0.0658 -0.0038
 -0.0187 -0.0038 -0.0027 -0.0054 -0.0435 -0.0031  0.01   -0.0307  0.011 ]
TRIAL 32 sec 137.0019805431366 cost 0.43099908044498114 score 4.650615191172479 vol 2226.7844018753776 cell [ 16.8584   6.2185  22.9957  90.     112.5287  90.    ] zero 0.01901616481187947 best 0.4309956637654724 diff [ 0.0095 -0.0169  0.0136  0.0071  0.2634 -0.0025 -0.0064 -0.0185  0.0045
  0.0017 -0.015  -0.0015 -0.0108  0.0075  0.0467 -0.0008  0.1624  0.0019]
TRIAL 33 sec 140.16838550567627 cost 0.9733550244159013 score 3.076163284612998 vol 1097.497869949993 cell [  8.3331   6.0191  23.6206  90.     112.127   90.    ] zero 0.09999999999999999 best 0.4309956637654724 diff [-1.2552 -0.0791  0.1371 -0.0271 -0.0241 -0.0231  0.07    0.5432  0.0102
  0.0774  0.0644 -0.0805  0.0102 -0.1798 -0.0815 -0.0031 -0.0146  0.0333]
TRIAL 34 sec 142.47037959098816 cost 0.43099516496231255 score 4.651921045087367 vol 2226.780438003819 cell [ 16.8583   6.2185  22.7144  90.     110.7504  90.    ] zero 0.01898096435934007 best 0.4309956637654724 diff [ 0.0095 -0.0169  0.0136  0.0071  0.2633 -0.0025 -0.0064 -0.0185  0.0045
  0.0018 -0.0151 -0.0015 -0.0108  0.0076  0.0467 -0.0008  0.1623  0.0019]
TRIAL 35 sec 144.14697432518005 cost 0.9052154166343163 score 2.7673621207121033 vol 1359.876301134409 cell [ 14.5387   5.9223  21.2871  90.     132.1039  90.    ] zero 0.06180864158432523 best 0.4309956637654724 diff [ 4.210e-02 -3.700e-03  3.600e-02 -3.177e-01 -2.030e-02  7.020e-02
  3.300e-03 -7.006e-01 -3.311e-01  7.870e-02 -1.640e-02 -4.170e-02
  1.200e-03  4.800e-02  5.200e-03 -6.700e-03  1.750e-02  4.000e-04]
TRIAL 36 sec 147.4378776550293 cost 0.6303598954032489 score 2.671319014201976 vol 2590.5722023385265 cell [ 23.1133   3.5     33.8872  90.     109.0936  90.    ] zero 0.0066581714475679515 best 0.4309956637654724 diff [-1.470e-02  2.730e-02 -2.240e-02  5.700e-03  1.900e-02  1.570e-02
 -1.000e-04 -4.393e-01 -1.490e-02 -3.920e-02  3.000e-04  7.710e-02
 -5.890e-02 -4.000e-04 -1.700e-03  1.730e-02 -1.490e-02  8.600e-03]
TRIAL 37 sec 148.74027395248413 cost 0.8859678304829626 score 3.3707915906651866 vol 1295.6715337390226 cell [13.8759  5.9262 15.7871 90.     93.5664 90.    ] zero 0.011684553821723542 best 0.4309956637654724 diff [ 0.0051 -0.0173  0.0123 -0.3423  0.3322 -0.0327  0.1017  0.0195 -0.3907
  0.0241  0.0417 -0.018  -0.0092  0.0072  0.0814 -0.0487 -0.0563  0.0021]
TRIAL 38 sec 151.94859266281128 cost 0.8007418546765672 score 3.0690887851823687 vol 1404.1367629962401 cell [ 34.6638   5.5811   7.7748  90.     111.0099  90.    ] zero 0.09999747768435828 best 0.4309956637654724 diff [-0.0512  0.0347 -0.19    0.0081  0.0353 -0.067  -0.0282 -0.485  -0.1905
  0.0139 -0.0231 -0.003   0.0025  0.001  -0.3652  0.0018  0.0053  0.0013]
TRIAL 39 sec 154.4238269329071 cost 0.9184217552080431 score 2.396003942196498 vol 1162.8178527251148 cell [31.6348  5.4484  6.7539 90.     92.683  90.    ] zero 0.023098177949464605 best 0.4309956637654724 diff [ 0.0011  0.1557 -0.0073 -0.3609  0.9158 -0.0015  0.0167 -0.2244 -0.073
 -0.0142  0.0528 -0.0062 -0.0011  0.1452 -0.01    0.0103  0.3969  0.0054]
TRIAL 40 sec 157.99804210662842 cost 0.7608797434152954 score 4.352646325506662 vol 1503.4465313119072 cell [15.8587  6.228  15.3469 90.     97.3118 90.    ] zero -0.014910573820058946 best 0.4309956637654724 diff [-1.200e-02  3.106e-01  4.800e-03  2.100e-02 -1.710e-02 -1.730e-02
 -1.570e-02 -7.390e-02 -2.000e-04  1.395e-01 -1.339e-01  7.850e-02
 -6.900e-03  6.280e-02  2.640e-02  3.700e-03 -1.410e-02 -3.060e-02]
TRIAL 41 sec 161.06533527374268 cost 0.6757675346078016 score 4.7821611174519685 vol 2718.3959312881134 cell [ 34.168    7.3499  11.7022  90.     112.3304  90.    ] zero 0.046760684744187576 best 0.4309956637654724 diff [ 2.380e-02 -4.720e-02  1.440e-02 -1.280e-02  1.516e-01 -6.000e-04
 -2.196e-01 -1.000e-04 -9.700e-03  3.050e-02  1.550e-02 -2.070e-02
 -2.380e-02 -2.300e-03  1.780e-02  3.600e-03 -3.000e-04 -1.100e-03]
TRIAL 42 sec 166.6646134853363 cost 0.6178604002564468 score 4.508055356349235 vol 1889.1796861724338 cell [ 21.64     6.4868  18.7685  90.     134.1873  90.    ] zero -0.0738434333225441 best 0.4309956637654724 diff [ 0.0066 -0.0501  0.0098 -0.2583 -0.0016  0.0021  0.0226 -0.0034 -0.2675
 -0.0499 -0.0124  0.0028 -0.0008 -0.0247 -0.004   0.0101  0.0762  0.0068]
TRIAL 43 sec 168.12664079666138 cost 0.431000392754696 score 4.650414202103978 vol 2226.778579295875 cell [ 16.8584   6.2186  22.7141  90.     110.7506  90.    ] zero 0.018934257979929182 best 0.4309956637654724 diff [ 0.0094 -0.0169  0.0136  0.0071  0.2635 -0.0026 -0.0064 -0.0187  0.0043
  0.0017 -0.0151 -0.0016 -0.0109  0.0075  0.0466 -0.0009  0.1625  0.0018]
TRIAL 44 sec 171.2653112411499 cost 0.8541241882122691 score 3.163847399612899 vol 1895.411319556821 cell [ 16.3422   7.2656  16.8009  90.     108.1687  90.    ] zero 0.09999999999999998 best 0.4309956637654724 diff [ 2.130e-02  9.783e-01 -4.430e-02 -9.180e-02  2.250e-02 -1.600e-02
  6.000e-04 -2.380e-02 -3.080e-02 -3.210e-02  1.341e-01  8.000e-03
 -8.870e-02  1.840e-02 -8.300e-03  1.940e-02  5.030e-02  1.300e-03]
TRIAL 45 sec 177.1383774280548 cost 0.4309968978212558 score 4.649850933128648 vol 2226.7198884577083 cell [ 22.9957   6.2185  16.8581  90.     112.5291  90.    ] zero 0.018816202432807884 best 0.4309956637654724 diff [ 0.0094 -0.0169  0.0136  0.0069  0.2633 -0.0026 -0.0063 -0.0186  0.0044
  0.0019 -0.0152 -0.0016 -0.0108  0.0078  0.0466 -0.0008  0.1622  0.002 ]
TRIAL 46 sec 179.95768547058105 cost 0.48397451275669595 score 4.89186527698749 vol 3207.289460786089 cell [ 16.8314   9.0039  22.9248  90.     112.6059  90.    ] zero -0.010981945893655358 best 0.4309956637654724 diff [-1.140e-02 -2.070e-02  1.900e-03  1.130e-02  2.803e-01 -5.600e-03
  1.400e-03  1.170e-01  1.000e-04 -0.000e+00 -5.400e-03 -1.800e-03
 -1.330e-02  1.480e-02 -1.200e-02  4.700e-03 -2.550e-02 -9.000e-04]
TRIAL 47 sec 184.60836243629456 cost 1.0365831147297468 score 3.5028180980011947 vol 1498.5506922935342 cell [ 38.0923   7.2105   6.602   90.     124.2689  90.    ] zero -0.011733095740773414 best 0.4309956637654724 diff [-1.240e-02  1.536e-01  8.000e-04 -3.541e-01  3.800e-03  1.033e-01
  1.120e-02 -2.000e-04  1.272e-01  2.709e-01 -4.600e-03  1.242e-01
 -1.460e-02 -1.710e-02 -3.480e-02  7.270e-02 -6.500e-03  1.990e-02]
TRIAL 48 sec 190.20277667045593 cost 0.886958058164732 score 3.725735314959542 vol 1347.0649703435495 cell [ 19.857    6.1162  14.0022  90.     127.6151  90.    ] zero -0.006154535103127645 best 0.4309956637654724 diff [-0.003  -0.2923  0.0139 -0.3412 -0.0119 -0.0221  0.0174  0.197   0.1824
  0.0093 -0.2618  0.0057  0.0024 -0.0365  0.0039 -0.019   0.0119 -0.0053]
TRIAL 49 sec 195.20585775375366 cost 0.4310001946704183 score 4.653127681997896 vol 2226.8840276608867 cell [ 16.8585   6.2187  22.7146  90.     110.7505  90.    ] zero 0.019183088327904232 best 0.4309956637654724 diff [ 0.0096 -0.0168  0.0137  0.0072  0.2634 -0.0025 -0.0063 -0.0187  0.0043
  0.0018 -0.015  -0.0017 -0.0108  0.0076  0.0465 -0.0008  0.1623  0.0018]
TRIAL 50 sec 200.8364453315735 cost 0.8294375058587709 score 3.1644088680261246 vol 1895.3152904715168 cell [ 19.4587   7.2783  16.8563  90.     127.4463  90.    ] zero 0.09999999999999999 best 0.4309956637654724 diff [-0.0012  0.9746 -0.0588 -0.0343  0.0014  0.0168 -0.0062  0.0042 -0.0497
 -0.0806  0.1179  0.0125 -0.0645  0.0148 -0.0151  0.027  -0.012   0.061 ]
TRIAL 51 sec 204.02402591705322 cost 0.6272151370964506 score 4.2364497605248275 vol 2780.9797654019203 cell [ 19.3209   9.1482  16.3055  90.     105.2157  90.    ] zero 0.0025825262855800326 best 0.4309956637654724 diff [ 0.0041 -0.0102  0.0193 -0.0247 -0.0163  0.0019  0.0095 -0.0257  0.2686
  0.004   0.0754  0.0056  0.0061 -0.0063  0.0157 -0.0546  0.0015 -0.0406]
TRIAL 52 sec 210.82592701911926 cost 0.7040870394258447 score 5.103953235196442 vol 2794.965751862956 cell [ 11.7239   7.5288  38.6517  90.     124.9916  90.    ] zero 0.07939407356520953 best 0.4309956637654724 diff [ 4.600e-02 -2.950e-02  2.610e-02 -1.400e-03 -9.550e-02  7.200e-03
 -2.288e-01  2.000e-04 -5.500e-03  3.330e-02  2.900e-03  1.940e-02
 -2.260e-02 -1.600e-03  1.950e-02  1.200e-03 -3.500e-03 -5.400e-03]
TRIAL 53 sec 215.55011510849 cost 0.6565570214527812 score 3.4866820743396127 vol 2580.0188492278194 cell [ 16.7816   7.1853  22.8742  90.     110.7071  90.    ] zero -0.024162008336039462 best 0.4309956637654724 diff [-0.0096 -0.0221  0.0188  0.0584  0.0347 -0.0206 -0.003   0.4508 -0.0259
  0.0195 -0.0216  0.0088 -0.0159 -0.0084 -0.0728  0.0082  0.0117 -0.0015]
TRIAL 54 sec 221.5998237133026 cost 0.6565570214328244 score 3.486682075000283 vol 2580.0188492847697 cell [ 16.7816   7.1853  23.0952  90.     112.1121  90.    ] zero -0.0241620081968861 best 0.4309956637654724 diff [-0.0096 -0.0221  0.0188  0.0584  0.0347 -0.0206 -0.003   0.4508 -0.0259
  0.0195 -0.0216  0.0088 -0.0159 -0.0084 -0.0728  0.0082  0.0117 -0.0015]
TRIAL 55 sec 226.20996475219727 cost 0.7005523487302016 score 3.9423997803155983 vol 1501.9095041445335 cell [ 13.5006   7.0516  18.3663  90.     120.7982  90.    ] zero 0.02444525940948136 best 0.4309956637654724 diff [ 0.0109 -0.5897  0.011  -0.0114  0.321   0.0098  0.0223  0.0166 -0.0518
 -0.008  -0.2533 -0.0016 -0.0126  0.0236 -0.0135  0.0422 -0.0455  0.0166]
TRIAL 56 sec 229.7064437866211 cost 0.954881760585242 score 3.7067406134284795 vol 1577.563822524989 cell [  9.1851   5.4453  32.2474  90.     102.0108  90.    ] zero 0.010782427484607138 best 0.4309956637654724 diff [-0.0008  0.1593  0.0012 -0.0322  0.0628  0.0052 -0.2319 -0.0315  0.0454
  0.3259  0.0498 -0.0085 -0.0253  0.1452 -0.0067  0.0088 -0.0009  0.0033]
TRIAL 57 sec 233.39574313163757 cost 0.7005523486928485 score 3.942399780279625 vol 1501.9095041208523 cell [ 13.5006   7.0516  16.2994  90.     104.5571  90.    ] zero 0.024445259342026314 best 0.4309956637654724 diff [ 0.0109 -0.5897  0.011  -0.0114  0.321   0.0098  0.0223  0.0166 -0.0518
 -0.008  -0.2533 -0.0016 -0.0126  0.0236 -0.0135  0.0422 -0.0455  0.0166]
TRIAL 58 sec 235.64831376075745 cost 0.43099924531530187 score 4.649018382145188 vol 2226.7977858514682 cell [ 22.7141   6.2186  16.8584  90.     110.7506  90.    ] zero 0.019086268447922494 best 0.4309956637654724 diff [ 0.0096 -0.0167  0.0137  0.0073  0.2636 -0.0024 -0.0062 -0.0186  0.0044
  0.0018 -0.0149 -0.0015 -0.0108  0.0076  0.0467 -0.0007  0.1626  0.0019]
TRIAL 59 sec 239.5396854877472 cost 0.5691781866112622 score 3.1375883968766796 vol 2760.7471323450795 cell [ 16.879    7.6943  23.0273  90.     112.6094  90.    ] zero 0.03175764843189206 best 0.4309956637654724 diff [ 0.013  -0.0061  0.0078  0.0029  0.0058 -0.0133  0.002  -0.0379  0.0833
 -0.0014 -0.0165 -0.0158 -0.026   0.0094  0.4134 -0.0213  0.0065  0.0154]
