METRIC_INDEX X8a6f5a8 MONOCLINIC P peaks [5.610893729899515, 8.255909903341088, 11.221535754266156, 11.58155964871574, 12.249578992293788, 13.304416326280762, 13.54371513560769, 14.268617346346838, 15.344749937702572, 15.952622605645024, 16.225727693019465, 16.526267613353507, 16.887973423769484, 17.079999999999973, 18.350932847468005, 18.782002455976876, 19.278995057394965, 19.6937880116133, 20.30344841278945, 20.77005951466878, 21.043918664092985, 21.7222271473024, 22.217703935286494, 23.01185854180181, 23.35904658754648, 25.10534225153916, 26.826244241091675, 27.447678672858874, 28.783869248791206, 29.516152041220202] bounds [(0.02, 0.2857142857142857), (0.02, 0.2857142857142857), (0.02, 0.2857142857142857), (0.0, 0.7), (-0.1, 0.1)] volume 2200.0 7400.0
TRIAL 0 sec 24.569270372390747 cost 0.30116290093339015 score 2.890886228784289 vol 7603.099869337018 cell [ 40.6957   4.4248  43.2436  90.     102.4758  90.    ] zero 0.06563450926774866 best 0.30116290093339015 diff [-0.1362 -0.0076  0.0078  0.0192  0.0084 -0.0065  0.0021  0.0165  0.0022
  0.0739  0.0252 -0.0152 -0.0035  0.0006  0.001  -0.0022 -0.0075 -0.0108
 -0.002   0.0086  0.0136  0.0044 -0.0278 -0.0177 -0.0039  0.0019 -0.0024
 -0.0006  0.0037 -0.0053]
TRIAL 1 sec 36.46519327163696 cost 0.11560611777279961 score 3.8828380604735475 vol 7084.258815064351 cell [ 33.3789   5.7691  38.7644  90.     108.373   90.    ] zero 0.038993500642559104 best 0.11560611777279961 diff [ 0.0034  0.0134 -0.0187  0.0025  0.0155 -0.0072 -0.0206 -0.0062 -0.0067
  0.0068  0.0026  0.0161  0.0074  0.0016 -0.0114 -0.0145  0.0059  0.0122
  0.012  -0.0315 -0.0033 -0.0035  0.0067  0.0016  0.0012  0.0069  0.0055
 -0.0197  0.0067  0.0035]
TRIAL 2 sec 55.52001094818115 cost 0.17471291096101194 score 2.877353192747523 vol 5946.377737158932 cell [32.1698  4.7474 39.2082 90.     96.7627 90.    ] zero 0.02822643277603508 best 0.11560611777279961 diff [ 0.0003  0.0222 -0.0142  0.0073  0.0786 -0.015  -0.0387 -0.0083  0.0022
 -0.0037  0.0347 -0.0155  0.0081  0.0064 -0.0051 -0.0055 -0.0227  0.0033
 -0.0013  0.0141  0.012  -0.0073 -0.0157 -0.0096 -0.0062 -0.0099 -0.0069
  0.0114  0.0136  0.0132]
TRIAL 3 sec 69.31187462806702 cost 0.19209654345110241 score 2.2808351048735434 vol 3328.771708865766 cell [ 33.7284   4.5392  22.9966  90.     109.0099  90.    ] zero -0.06071247638636253 best 0.11560611777279961 diff [ 0.0313 -0.0051 -0.0456 -0.0006  0.0184  0.0055  0.0022 -0.45   -0.0036
 -0.027   0.0077  0.0805 -0.0596  0.023   0.0044  0.0289 -0.0119 -0.015
  0.0071  0.0111 -0.0115  0.007   0.0061  0.0289 -0.0144 -0.0052 -0.0051
 -0.0057 -0.0032  0.0063]
TRIAL 4 sec 74.25511455535889 cost 0.2059988850521783 score 3.3328179874753916 vol 2929.551249346003 cell [ 23.8539   3.9396  32.8653  90.     108.4627  90.    ] zero 0.08311573050200056 best 0.11560611777279961 diff [-0.0261 -0.0174  0.015   0.0618 -0.0533  0.0376  0.0122  0.0086  0.0057
  0.0131  0.0309 -0.0911 -0.026   0.0552  0.0109 -0.0195 -0.0215 -0.009
  0.0348  0.0042 -0.0244 -0.0153 -0.0031 -0.0109 -0.0059  0.0269  0.003
 -0.0039 -0.0111  0.0076]
TRIAL 5 sec 85.00644874572754 cost 0.18182888077152376 score 3.2020311541227646 vol 5682.617312535779 cell [ 39.8257   4.4227  33.5838  90.     106.1259  90.    ] zero 0.02874707445085174 best 0.11560611777279961 diff [-0.1064  0.0033  0.0322  0.0026  0.0021 -0.0199  0.0239  0.0158 -0.0209
  0.035   0.0072  0.0062  0.0068 -0.0285  0.     -0.0087 -0.008   0.0027
  0.0076 -0.0203  0.0114  0.0163 -0.0193  0.004   0.0138 -0.0078 -0.0047
 -0.0044 -0.003  -0.002 ]
TRIAL 6 sec 92.76692581176758 cost 0.20826896653074303 score 2.132329595449344 vol 3271.2256044771784 cell [ 23.1234   4.414   34.2478  90.     110.6374  90.    ] zero 0.0171194801062505 best 0.11560611777279961 diff [-0.0111  0.0307 -0.0258  0.0128  0.0281  0.0121  0.008  -0.4402 -0.0109
 -0.033  -0.0029  0.0734 -0.0693  0.0086 -0.011   0.0066 -0.0111  0.015
  0.0061 -0.0172  0.0376 -0.0089  0.0112 -0.0096  0.0232  0.0221 -0.0062
 -0.0198 -0.0087  0.0041]
TRIAL 7 sec 98.97435522079468 cost 0.16513747556496794 score 3.1683355883761015 vol 5577.442914821434 cell [ 30.0153   6.3946  33.5044  90.     119.8514  90.    ] zero 0.06178995623593809 best 0.11560611777279961 diff [ 0.0189  0.0295 -0.0105 -0.1822 -0.0143 -0.0173 -0.0214  0.0077  0.008
  0.0058 -0.0027  0.0058  0.0318 -0.0022  0.0142  0.0156 -0.0311 -0.0054
 -0.0073 -0.0073  0.0005  0.0299 -0.0038  0.0067  0.0015  0.0031  0.0038
 -0.0004 -0.0042 -0.0076]
TRIAL 8 sec 108.21032547950745 cost 0.25004610721157816 score 2.6519212484786756 vol 3297.536140800246 cell [ 31.4717   3.6264  32.7367  90.     118.0433  90.    ] zero -0.009045518228684121 best 0.11560611777279961 diff [-0.0078 -0.0125  0.0071  0.0222 -0.0152  0.1028  0.0063 -0.1156 -0.033
 -0.0212  0.0237  0.0127 -0.0064 -0.0239  0.0494 -0.0051  0.0368  0.0709
  0.0092  0.0146 -0.0191  0.0041 -0.0446 -0.0037 -0.021   0.0069 -0.0068
  0.0068 -0.0006 -0.0086]
TRIAL 9 sec 119.88535809516907 cost 0.24941881872199445 score 2.9092273373923625 vol 2499.309622870991 cell [ 32.793    3.6758  21.5955  90.     106.2367  90.    ] zero -0.006487619872958821 best 0.11560611777279961 diff [-0.0081  0.0419  0.0041 -0.1389  0.0539 -0.0987  0.0196 -0.017   0.0114
 -0.0446 -0.0218 -0.0092 -0.0123  0.0056  0.0446  0.0849  0.014   0.0217
 -0.0028  0.0154 -0.0637  0.0295  0.011  -0.0052 -0.0574 -0.0063  0.0068
  0.0066 -0.0061 -0.0082]
TRIAL 10 sec 136.09507513046265 cost 0.27701953072183005 score 2.132252239357029 vol 6005.411905559786 cell [ 47.5644   4.0224  34.1408  90.     113.1625  90.    ] zero 0.03200983616214921 best 0.11560611777279961 diff [ 0.0073  0.0083 -0.0038 -0.0172 -0.0098  0.035  -0.0129 -0.0177 -0.0048
  0.0237  0.0082  0.013  -0.0242 -0.1131  0.0091  0.0358  0.0358 -0.0244
  0.0193 -0.0294 -0.0092  0.0338 -0.0105 -0.0117  0.0026  0.0067  0.0139
 -0.003  -0.0047 -0.0073]
TRIAL 11 sec 143.7959485054016 cost 0.26727712677022475 score 2.846620493848514 vol 5012.661560936213 cell [ 26.7796   6.8628  29.15    90.     110.6632  90.    ] zero 0.020644411158658296 best 0.11560611777279961 diff [-0.0264  0.1637 -0.0602  0.0146 -0.0484  0.0089  0.0257 -0.0036  0.0194
  0.0204  0.0061  0.0055 -0.0262  0.008  -0.0038 -0.0193 -0.0031 -0.0192
 -0.0118  0.0349  0.0017 -0.0106 -0.0023  0.038   0.0031 -0.0185  0.004
 -0.0012 -0.0104  0.0059]
TRIAL 12 sec 155.78003883361816 cost 0.2115136665366925 score 2.756982137599714 vol 6704.640393487957 cell [ 52.1079   4.3673  32.5582  90.     115.1905  90.    ] zero -0.09277532504070034 best 0.11560611777279961 diff [ 0.0041 -0.0129  0.0197 -0.0029  0.0207  0.1135 -0.0029 -0.0397 -0.0375
 -0.0054  0.0045  0.0064 -0.0019  0.0056 -0.0182 -0.0074 -0.0153 -0.0129
  0.0097  0.0225 -0.0161  0.0225 -0.0012 -0.0056  0.0139 -0.0114  0.0038
  0.0062 -0.0034  0.0032]
TRIAL 13 sec 180.1035861968994 cost 0.18111993285747544 score 3.062165023072346 vol 7099.960427889157 cell [ 32.7787   4.5756  48.3721  90.     101.865   90.    ] zero 0.010767509392360545 best 0.11560611777279961 diff [-0.004   0.0171 -0.0051 -0.0158 -0.0052  0.0693 -0.0026  0.0172 -0.0426
 -0.0087 -0.0001 -0.0205  0.001  -0.0146  0.0183  0.0182 -0.0056  0.012
  0.0015  0.0162 -0.0001 -0.0124  0.0026 -0.0164  0.0085 -0.0126  0.0053
  0.0018  0.0048 -0.0038]
TRIAL 14 sec 203.57696509361267 cost 0.24786825449269642 score 2.0212255085610966 vol 7322.855898319404 cell [ 32.0267   5.7996  40.0949  90.     100.4896  90.    ] zero -0.08227084027597467 best 0.11560611777279961 diff [ 0.0088 -0.0321  0.0054  0.0357 -0.283  -0.0018 -0.012   0.0162  0.0035
 -0.0144 -0.001   0.0022  0.0282 -0.0012 -0.0047  0.0155  0.0054  0.0411
  0.0009 -0.0037  0.0099 -0.0061 -0.0342 -0.0008  0.0038  0.0036 -0.0119
 -0.0043 -0.0124  0.0103]
TRIAL 15 sec 223.55460262298584 cost 0.29443543187376026 score 2.613868619300453 vol 4701.244339913683 cell [ 31.6274   5.638   32.7005  90.     126.2696  90.    ] zero -0.09983447326415891 best 0.11560611777279961 diff [-0.0767  0.0439  0.014   0.0221 -0.0096  0.0191 -0.1069 -0.0245 -0.0031
  0.0104 -0.005   0.0007  0.0135  0.0033 -0.0141 -0.0093  0.0003 -0.0115
  0.0721  0.0156  0.0199 -0.0034 -0.0117 -0.0044  0.0444 -0.0135 -0.0263
 -0.0114  0.012  -0.0058]
TRIAL 16 sec 244.17930340766907 cost 0.22280113868452533 score 3.1446556469833333 vol 4200.862218139867 cell [ 22.923    5.886   32.6867  90.     107.726   90.    ] zero 0.01213991752596168 best 0.11560611777279961 diff [ 0.0034 -0.006   0.0084  0.0343 -0.0864  0.0063  0.005  -0.0447 -0.025
 -0.0091  0.011   0.0044 -0.0152  0.0056  0.0295  0.0081  0.0846 -0.006
 -0.0043 -0.009   0.0263  0.0185 -0.0131  0.0092 -0.0184 -0.0084 -0.0335
  0.0164 -0.0014 -0.0014]
TRIAL 17 sec 268.2482759952545 cost 0.14633567241387427 score 3.814158964814969 vol 5926.08527383792 cell [ 38.9719   4.7826  33.5295  90.     108.5113  90.    ] zero 0.09458177843818598 best 0.11560611777279961 diff [ 0.0386  0.0266 -0.0042 -0.0065  0.002  -0.0121 -0.0081 -0.0042 -0.0377
 -0.0034 -0.0182 -0.0139 -0.0135  0.0104  0.0219  0.006   0.0136 -0.0057
  0.0108 -0.0015 -0.0037 -0.0026 -0.0024 -0.0056 -0.0111  0.0028  0.0219
 -0.0042 -0.001   0.0154]
TRIAL 18 sec 280.26398968696594 cost 0.3228799266431741 score 3.213041591530735 vol 2973.434562054907 cell [ 17.4936   8.7699  21.5495  90.     115.9218  90.    ] zero -0.0013001961166823166 best 0.11560611777279961 diff [ 0.0003  0.1034  0.0157 -0.0403  0.0667 -0.0147  0.0618  0.0244 -0.0623
 -0.0142 -0.0355 -0.0727  0.0026 -0.0486 -0.0117 -0.0701  0.0521  0.0126
 -0.0033 -0.0193  0.0093  0.0107  0.0152 -0.0036  0.0318 -0.0097 -0.0158
  0.0119  0.0321 -0.0062]
TRIAL 19 sec 292.30757117271423 cost 0.2254795434286157 score 3.224477566921857 vol 3263.0233203782154 cell [ 33.9604   4.7851  21.6224  90.     111.7741  90.    ] zero 0.031102556996701267 best 0.11560611777279961 diff [ 0.0202 -0.0398  0.023  -0.1456  0.0724 -0.0559  0.0043  0.032  -0.009
 -0.0665  0.0089 -0.0018 -0.0029 -0.0014  0.0164 -0.0096 -0.0245  0.0262
  0.0115  0.0113  0.0205  0.0167 -0.0161  0.0086 -0.0029  0.0123 -0.0055
 -0.027  -0.007   0.0015]
TRIAL 20 sec 296.55304503440857 cost 0.19178484341839175 score 3.2158292268456443 vol 5517.494813835962 cell [ 38.6469   5.5121  31.5286  90.     124.7652  90.    ] zero -0.08802790657612002 best 0.11560611777279961 diff [ 0.0119  0.0048 -0.0786 -0.0004 -0.0323 -0.0007  0.0331 -0.0091  0.0019
  0.0241 -0.0052 -0.0047  0.0155  0.0193 -0.0216 -0.0004 -0.039   0.0168
  0.0081 -0.001   0.0184 -0.0014 -0.0139  0.0042  0.0142  0.0038 -0.0058
 -0.0076 -0.0188  0.0127]
TRIAL 21 sec 301.84811305999756 cost 0.22815051936408667 score 2.299484525324062 vol 2804.18821131689 cell [ 23.2373   3.7554  34.3726  90.     110.7918  90.    ] zero 0.09999999999999998 best 0.11560611777279961 diff [-1.380e-02 -2.170e-02  3.800e-03 -6.500e-03  6.320e-02  2.470e-02
  3.000e-04 -3.924e-01 -2.600e-03  1.460e-02 -6.800e-03  1.125e-01
 -6.670e-02  4.770e-02  1.360e-02 -8.300e-03 -0.000e+00  1.270e-02
 -1.700e-02 -1.140e-02 -2.460e-02 -4.900e-02 -5.300e-03  3.670e-02
  2.210e-02 -8.000e-03  6.200e-03  3.100e-03 -1.490e-02  5.700e-03]
TRIAL 22 sec 306.6759955883026 cost 0.20205083318148223 score 2.7674035829097487 vol 7505.837550802669 cell [ 32.1824   6.6376  36.2919  90.     104.4895  90.    ] zero 0.012747871781615697 best 0.11560611777279961 diff [-0.0022  0.0013 -0.0035 -0.1269 -0.0087  0.0265 -0.0038 -0.0033 -0.0009
 -0.0029  0.0117  0.0185  0.0208 -0.007   0.0329  0.0027 -0.0157 -0.0034
 -0.005   0.0047  0.0235  0.0016  0.0051 -0.0008 -0.0046 -0.0357 -0.0029
  0.0004 -0.0072  0.003 ]
TRIAL 23 sec 311.457750082016 cost 0.1918374841001661 score 3.3520064180213045 vol 4783.983457511697 cell [ 34.1856   6.4676  23.1049  90.     110.532   90.    ] zero -0.0005554387291919381 best 0.11560611777279961 diff [-0.0171  0.0224 -0.0201  0.0011  0.0118  0.0193 -0.0098  0.0021 -0.0167
 -0.001   0.0043  0.0746 -0.0518 -0.0112  0.0003  0.026   0.0102  0.0039
 -0.0052  0.0038 -0.0079  0.0342 -0.0221 -0.0157 -0.0285  0.0187  0.0062
 -0.006   0.0065 -0.0065]
TRIAL 24 sec 321.8053767681122 cost 0.2837220582201628 score 2.821067996512629 vol 5443.001386128272 cell [ 17.3146   7.2567  47.7382  90.     114.8457  90.    ] zero -0.01877592825548998 best 0.11560611777279961 diff [-0.0095 -0.0573  0.0137 -0.0114 -0.0124  0.0068  0.014   0.0131  0.0071
  0.0132  0.0486 -0.0175  0.0085 -0.024   0.0482  0.0067  0.0104  0.0322
 -0.009  -0.0133  0.01   -0.0039 -0.0928 -0.0247  0.0028 -0.0084 -0.0003
  0.0233 -0.002  -0.0172]
TRIAL 25 sec 332.0018210411072 cost 0.14207096220514812 score 2.7809665419424836 vol 7409.993670476905 cell [ 33.4324   6.6887  34.8149  90.     107.8629  90.    ] zero 0.04698664420617274 best 0.11560611777279961 diff [-0.0135  0.0106  0.0163 -0.0006  0.0003  0.017  -0.0026 -0.0018 -0.0172
  0.0026 -0.022   0.0023  0.0051 -0.009   0.1216 -0.005   0.0031 -0.0082
 -0.002   0.0091 -0.0399  0.0062  0.0006 -0.011   0.0025 -0.0096  0.0028
  0.0133  0.001  -0.    ]
TRIAL 26 sec 338.71739053726196 cost 0.2354391355200763 score 3.1770299379588454 vol 3425.991434622068 cell [ 34.0397   5.0034  21.6488  90.     111.6933  90.    ] zero 0.060404957712804144 best 0.11560611777279961 diff [ 0.0334 -0.0209  0.0198 -0.1337  0.0872 -0.0501  0.009   0.0213 -0.0005
 -0.0691 -0.011   0.0087 -0.0225  0.0092  0.0056 -0.0016 -0.0287 -0.0019
  0.0257  0.0172  0.0107  0.014  -0.0075 -0.0063 -0.0207  0.0081  0.0266
  0.0053 -0.0061 -0.0136]
TRIAL 27 sec 345.41951727867126 cost 0.20599888515084963 score 3.3328179778283378 vol 2929.5512504404173 cell [ 23.8539   3.9396  32.8653  90.     108.4627  90.    ] zero 0.08311573307751834 best 0.11560611777279961 diff [-0.0261 -0.0174  0.015   0.0618 -0.0533  0.0376  0.0122  0.0086  0.0057
  0.0131  0.0309 -0.0911 -0.026   0.0552  0.0109 -0.0195 -0.0215 -0.009
  0.0348  0.0042 -0.0244 -0.0153 -0.0031 -0.0109 -0.0059  0.0269  0.003
 -0.0039 -0.0111  0.0076]
TRIAL 28 sec 353.6800808906555 cost 0.1769035017382553 score 3.6258753902230483 vol 7530.527430872788 cell [ 47.5921   4.935   32.7217  90.     101.5172  90.    ] zero -0.031836801628595306 best 0.11560611777279961 diff [ 0.0385 -0.0216  0.0151 -0.0036  0.0103 -0.0119 -0.0162  0.0007 -0.0006
 -0.0104 -0.0104  0.0177 -0.0069 -0.0131  0.0139 -0.015   0.016   0.0052
  0.0073 -0.0126 -0.0023 -0.0051  0.0014 -0.0113  0.0126  0.0071 -0.004
 -0.0015  0.0156 -0.0037]
TRIAL 29 sec 363.6837613582611 cost 0.1747129108170955 score 2.8773531938527537 vol 5946.377737340746 cell [32.1698  4.7474 39.2082 90.     96.7627 90.    ] zero 0.028226432986950212 best 0.11560611777279961 diff [ 0.0003  0.0222 -0.0142  0.0073  0.0786 -0.015  -0.0387 -0.0083  0.0022
 -0.0037  0.0347 -0.0155  0.0081  0.0064 -0.0051 -0.0055 -0.0227  0.0033
 -0.0013  0.0141  0.012  -0.0073 -0.0157 -0.0096 -0.0062 -0.0099 -0.0069
  0.0114  0.0136  0.0132]
TRIAL 30 sec 370.4827501773834 cost 0.2290781734204151 score 2.9441427061885674 vol 3117.058342472643 cell [16.3988  5.0091 38.3292 90.     98.0992 90.    ] zero 0.01211830776480781 best 0.11560611777279961 diff [ 0.0077 -0.0168  0.0169  0.0815 -0.0894  0.0156  0.0147  0.0272 -0.0121
 -0.2137 -0.0116 -0.0174 -0.0023 -0.0005  0.0009 -0.0028  0.03   -0.1418
  0.0016  0.021   0.0216  0.0089 -0.0026 -0.0082 -0.0137 -0.0015 -0.0012
  0.0106 -0.0021  0.0035]
TRIAL 31 sec 379.74570989608765 cost 0.14626377576274827 score 3.4059036731618324 vol 6886.9859314692885 cell [38.7099  5.5324 32.3529 90.     96.285  90.    ] zero -0.08664615763432898 best 0.11560611777279961 diff [ 0.0191 -0.0145  0.0057 -0.0088 -0.0091  0.0075 -0.0168  0.0097 -0.018
  0.0058  0.0527  0.0309 -0.0037  0.0068 -0.0055 -0.027   0.0018  0.005
 -0.0082 -0.0039 -0.0042  0.0027 -0.0121 -0.0016 -0.0044 -0.0152  0.0068
  0.0084  0.0005  0.012 ]
TRIAL 32 sec 387.0146269798279 cost 0.16513747559078887 score 3.16833558868316 vol 5577.442914845696 cell [ 33.5044   6.3946  31.974   90.     125.4929  90.    ] zero 0.061789956263386 best 0.11560611777279961 diff [ 0.0189  0.0295 -0.0105 -0.1822 -0.0143 -0.0173 -0.0214  0.0077  0.008
  0.0058 -0.0027  0.0058  0.0318 -0.0022  0.0142  0.0156 -0.0311 -0.0054
 -0.0073 -0.0073  0.0005  0.0299 -0.0038  0.0067  0.0015  0.0031  0.0038
 -0.0004 -0.0042 -0.0076]
TRIAL 33 sec 396.7067949771881 cost 0.22056646160288093 score 3.6089102109444795 vol 5303.66537828334 cell [ 23.1724   6.7794  35.118   90.     105.9799  90.    ] zero -0.027489732708104623 best 0.11560611777279961 diff [-0.0116 -0.0709  0.0183  0.0049  0.055  -0.0108 -0.0407 -0.016   0.0109
  0.0142  0.0457 -0.0104  0.0197  0.0071  0.002   0.0305 -0.0201 -0.0119
 -0.      0.0013 -0.0044  0.0018 -0.0003  0.008   0.0046 -0.0047 -0.013
  0.0006 -0.0039 -0.0098]
TRIAL 34 sec 402.4518177509308 cost 0.2254795433803586 score 3.190356111546171 vol 3263.023320362128 cell [ 21.6224   4.7851  32.8033  90.     105.9692  90.    ] zero 0.031102556957666266 best 0.11560611777279961 diff [ 0.0202 -0.0398  0.023  -0.1456  0.0724 -0.0559  0.0043  0.032  -0.009
 -0.0665  0.0089 -0.0018 -0.0029 -0.0014  0.0164 -0.0096 -0.0245  0.0262
  0.0115  0.0113  0.0205  0.0167 -0.0161  0.0086 -0.0029  0.0123 -0.0055
 -0.027  -0.007   0.0015]
TRIAL 35 sec 405.3798007965088 cost 0.2310753078158764 score 3.1743290651822194 vol 2393.7080590752175 cell [ 21.5965   3.5169  33.8899  90.     111.5728  90.    ] zero 0.000770828514173433 best 0.11560611777279961 diff [-0.0063  0.0467  0.0003 -0.1434  0.0597 -0.0888  0.011  -0.0121  0.0048
 -0.0566 -0.0252 -0.005  -0.0217  0.0059  0.0292  0.0957 -0.0007  0.0094
  0.0021  0.0178  0.0516  0.0202  0.0197 -0.0221 -0.0456 -0.0056  0.0127
 -0.0089 -0.0038 -0.0159]
TRIAL 36 sec 413.26298999786377 cost 0.14879171178774808 score 2.931899117213507 vol 5908.656059840047 cell [ 36.818    4.3342  43.0671  90.     120.7104  90.    ] zero 0.013641179280857504 best 0.11560611777279961 diff [-0.0179 -0.0064  0.0289  0.0039  0.0032  0.0187  0.0008 -0.0246  0.0126
  0.0217 -0.1264 -0.0015 -0.0259  0.0137  0.0103  0.0017  0.0123  0.0161
 -0.0102 -0.0083  0.0042  0.0063 -0.013  -0.0085  0.0055 -0.0049 -0.0096
  0.0074  0.0033 -0.0031]
TRIAL 37 sec 422.95640659332275 cost 0.17845010870161412 score 3.8915863082887934 vol 4368.517925159936 cell [ 31.7002   5.5964  32.382   90.     130.4978  90.    ] zero 0.09817933046849854 best 0.11560611777279961 diff [ 0.0315  0.0342 -0.0221 -0.0815  0.0105 -0.0151  0.0095  0.0022 -0.0278
 -0.011  -0.0123 -0.0023 -0.0118  0.0021  0.0223  0.0456 -0.0014  0.0337
 -0.0119 -0.0173 -0.0099  0.0123 -0.0119  0.0024  0.0048  0.0019 -0.0065
  0.0134  0.0009  0.0009]
TRIAL 38 sec 431.5969092845917 cost 0.10521766465164833 score 4.301993045240507 vol 6895.289931826304 cell [ 33.3711   5.671   38.4859  90.     108.7879  90.    ] zero 0.027787304105377938 best 0.10521766465164833 diff [ 0.0071 -0.0008 -0.0001 -0.0131  0.0099 -0.017   0.0277  0.0036 -0.0109
  0.0066  0.0032 -0.001   0.0016 -0.0022 -0.0101 -0.0011  0.0009 -0.0121
 -0.0564 -0.0009  0.0165  0.001   0.029  -0.0052  0.0052 -0.0001  0.0034
  0.002  -0.0005 -0.002 ]
TRIAL 39 sec 441.2838840484619 cost 0.23609799533041526 score 3.1436052889259662 vol 5218.376060303328 cell [ 38.8065   5.1807  33.4363  90.     129.0779  90.    ] zero -0.05266482452633979 best 0.10521766465164833 diff [ 0.0594 -0.0377 -0.0078  0.0166 -0.0167  0.0131  0.0388  0.0196 -0.0252
 -0.0132 -0.0703  0.0063 -0.0232 -0.0082  0.0082  0.0133  0.0023  0.0115
 -0.0215 -0.0154  0.0145 -0.0052 -0.0063  0.0081  0.0122 -0.0004  0.0039
  0.0135 -0.0079  0.0021]
TRIAL 40 sec 451.6977069377899 cost 0.2295838659208867 score 3.074740734348447 vol 7538.857823320506 cell [ 36.7305   5.5446  39.9254  90.     112.0033  90.    ] zero 0.013537359443193817 best 0.10521766465164833 diff [-0.019   0.0196  0.0221 -0.0095  0.0209  0.0052 -0.0156 -0.0398  0.0022
  0.0157  0.0039 -0.0096  0.0125 -0.0154  0.0023  0.0051 -0.0099 -0.0015
  0.007  -0.0063 -0.0065 -0.0183  0.0062  0.0242  0.0088 -0.0001 -0.0024
 -0.0259  0.0007  0.0131]
TRIAL 41 sec 456.8203146457672 cost 0.2599932781381587 score 2.9028101593063624 vol 5719.031626111841 cell [ 31.7689   6.784   32.6411  90.     125.6142  90.    ] zero -0.0913086369796489 best 0.10521766465164833 diff [-0.1046  0.0243  0.0016 -0.0008  0.0158  0.0068  0.0695  0.0056  0.002
 -0.0279  0.0217  0.0067 -0.0002 -0.0021 -0.0028 -0.0148 -0.0225 -0.0517
 -0.0147  0.0211 -0.0143  0.0108 -0.0157  0.0242 -0.0019  0.0073  0.0032
  0.0027 -0.0076  0.005 ]
TRIAL 42 sec 465.3678255081177 cost 0.2097383654183607 score 3.1434965693890184 vol 5817.969877932022 cell [ 31.9479   6.0466  33.3287  90.     115.3582  90.    ] zero -0.03911591163830693 best 0.10521766465164833 diff [-0.1128 -0.0023  0.0479  0.0086 -0.0353  0.0092  0.0043  0.0096  0.0327
  0.0025 -0.0094  0.0007  0.0331 -0.0141  0.0093 -0.0061 -0.0057  0.0106
  0.0083 -0.0106 -0.0186 -0.0062 -0.0086  0.0098 -0.0178  0.0158  0.0056
  0.0053 -0.0072 -0.0153]
TRIAL 43 sec 474.2070963382721 cost 0.20599888509685688 score 3.3328179818248778 vol 2929.551249949943 cell [ 23.8539   3.9396  32.8653  90.     108.4627  90.    ] zero 0.08311573192925877 best 0.10521766465164833 diff [-0.0261 -0.0174  0.015   0.0618 -0.0533  0.0376  0.0122  0.0086  0.0057
  0.0131  0.0309 -0.0911 -0.026   0.0552  0.0109 -0.0195 -0.0215 -0.009
  0.0348  0.0042 -0.0244 -0.0153 -0.0031 -0.0109 -0.0059  0.0269  0.003
 -0.0039 -0.0111  0.0076]
TRIAL 44 sec 479.5668203830719 cost 0.2059988850955582 score 3.3899519998107404 vol 2929.5512504457365 cell [ 23.8539   3.9396  33.9499  90.     113.3315  90.    ] zero 0.08311573308458425 best 0.10521766465164833 diff [-0.0261 -0.0174  0.015   0.0618 -0.0533  0.0376  0.0122  0.0086  0.0057
  0.0131  0.0309 -0.0911 -0.026   0.0552  0.0109 -0.0195 -0.0215 -0.009
  0.0348  0.0042 -0.0244 -0.0153 -0.0031 -0.0109 -0.0059  0.0269  0.003
 -0.0039 -0.0111  0.0076]
TRIAL 45 sec 486.05226850509644 cost 0.21474185461568263 score 2.2228071591530605 vol 2838.6140841741485 cell [ 22.9935   3.8766  34.0483  90.     110.7206  90.    ] zero -0.07355686773251545 best 0.10521766465164833 diff [ 0.0265 -0.0066 -0.0564 -0.0097  0.0141 -0.0084  0.0102 -0.4445 -0.014
 -0.0145 -0.0069  0.0904 -0.0693  0.0344  0.0111  0.0156  0.0044  0.0439
  0.0276  0.0145 -0.0087 -0.0064  0.0237  0.0088 -0.0197 -0.0254  0.0027
  0.0097 -0.015  -0.0149]
TRIAL 46 sec 495.5459852218628 cost 0.13428163025862846 score 2.9721647405075444 vol 5937.89671522554 cell [ 33.4277   4.8234  38.8101  90.     108.3939  90.    ] zero 0.057180455655403674 best 0.10521766465164833 diff [ 0.0142  0.0192 -0.0154  0.0062  0.0156 -0.0085 -0.0182 -0.0066 -0.0112
  0.0063  0.0028  0.0094  0.0077 -0.0032 -0.0146 -0.0903 -0.0041 -0.0031
  0.0006 -0.0063 -0.0083  0.0332  0.0017 -0.008   0.0023  0.012   0.0185
  0.0192 -0.0086 -0.0067]
TRIAL 47 sec 502.9126760959625 cost 0.1727926635124528 score 3.2279654745977555 vol 5374.874571763543 cell [ 47.0894   4.3763  31.6545  90.     124.5178  90.    ] zero -0.03761148339295394 best 0.10521766465164833 diff [-0.0019 -0.0133  0.0043 -0.0045  0.129   0.0022 -0.0123  0.0134  0.0026
 -0.0133 -0.008   0.0134  0.0039 -0.0069 -0.0027  0.0214 -0.0526 -0.0072
  0.0645 -0.0172 -0.0185  0.0038 -0.0046 -0.0033  0.0022  0.0006  0.0024
  0.0058 -0.0025  0.0029]
TRIAL 48 sec 508.5010335445404 cost 0.2503479530562561 score 2.4073866403117945 vol 4545.717009197864 cell [ 32.0289   4.4501  33.477   90.     107.6978  90.    ] zero -0.006692496346979305 best 0.10521766465164833 diff [-0.0119  0.0134 -0.0035  0.0028  0.0312 -0.0035 -0.156   0.0265  0.0052
  0.0594 -0.015   0.0627 -0.0235 -0.0376  0.006  -0.006  -0.0207 -0.0171
  0.0467 -0.0012 -0.002   0.0032 -0.0015 -0.0079 -0.0125 -0.0023 -0.0031
  0.0141 -0.0067  0.0112]
TRIAL 49 sec 513.7822494506836 cost 0.14696555190398086 score 3.6248702162315576 vol 7155.020392618963 cell [ 32.1023   6.9377  33.7498  90.     107.8431  90.    ] zero 0.010563568808730637 best 0.10521766465164833 diff [-0.0126  0.0045 -0.0223  0.003  -0.0263  0.0202  0.0127  0.0128  0.0092
  0.0077 -0.0012 -0.0044 -0.0038 -0.0201  0.0262  0.0072 -0.0148 -0.0094
  0.0191  0.0097  0.0038  0.0054 -0.0145  0.0001  0.0054 -0.0025 -0.0034
 -0.0023 -0.004  -0.0072]
TRIAL 50 sec 518.8761925697327 cost 0.15949169199409688 score 3.7009892127440773 vol 4384.771464328443 cell [ 33.6151   7.946   16.6768  90.     100.1507  90.    ] zero 0.033708244502497334 best 0.10521766465164833 diff [-0.0095  0.0002 -0.0393 -0.0009  0.0288  0.0979 -0.005  -0.0141 -0.0308
  0.0121 -0.0069 -0.0052  0.0144 -0.0207  0.0212  0.0088 -0.0135  0.0228
 -0.0174  0.0018  0.0074  0.0193 -0.0075  0.0249 -0.0042  0.0073 -0.0037
 -0.0131 -0.006  -0.0113]
TRIAL 51 sec 529.2216153144836 cost 0.26720038405321944 score 2.53658807154415 vol 6505.245963482679 cell [ 33.7571   5.9398  34.7266  90.     110.8927  90.    ] zero 0.030394019251179245 best 0.10521766465164833 diff [ 0.0195 -0.0011  0.0222 -0.0121 -0.0307  0.0256 -0.0287  0.0031 -0.0162
  0.009  -0.0153 -0.0043 -0.0037 -0.0056 -0.0072 -0.0237  0.0377  0.0013
  0.0029 -0.0042  0.0239  0.0086  0.0269 -0.0196  0.0462 -0.0189 -0.0131
  0.0009 -0.0074  0.0081]
TRIAL 52 sec 535.0611462593079 cost 0.11903242197919096 score 2.2930135480158786 vol 7268.496340718517 cell [34.8483  6.1174 34.1168 90.     92.0309 90.    ] zero -0.006609830017173118 best 0.10521766465164833 diff [-5.600e-03 -6.000e-04  9.100e-03 -2.240e-02  3.242e-01 -3.000e-03
  0.000e+00 -5.300e-03 -1.190e-02 -1.790e-02 -1.030e-02 -3.700e-03
 -4.600e-03  7.200e-03 -1.400e-03 -5.400e-03  9.600e-03  5.500e-03
  1.990e-02 -8.900e-03  2.270e-02  5.300e-03  2.000e-03  2.100e-03
  7.600e-03 -3.700e-03 -2.400e-03  1.000e-04 -2.320e-02  8.000e-04]
TRIAL 53 sec 538.5671722888947 cost 0.28967702647176474 score 2.798888539149455 vol 4954.830128207745 cell [ 40.0491   3.9743  43.3556  90.     134.1095  90.    ] zero -0.012725664386065925 best 0.10521766465164833 diff [ 0.0501 -0.0123  0.0168 -0.0136  0.0022  0.0066  0.0038 -0.0672  0.037
 -0.0685  0.0013  0.0169 -0.1115 -0.0164  0.0508 -0.0125 -0.0038  0.0021
  0.0119 -0.0036 -0.0163  0.0186  0.0012 -0.0038  0.0003  0.0011  0.0148
 -0.005  -0.0013  0.0057]
TRIAL 54 sec 549.0130033493042 cost 0.2511472673237123 score 3.3637390536684655 vol 4146.367729255663 cell [ 15.8773   6.23    43.8806  90.     107.2018  90.    ] zero 0.07100496500391146 best 0.10521766465164833 diff [ 0.0352 -0.0468  0.0127 -0.0064  0.0281 -0.0186  0.011  -0.0046 -0.0035
  0.0212  0.0134 -0.0635 -0.0385  0.0099 -0.0088  0.0592  0.0147  0.0106
 -0.0075 -0.103  -0.0251 -0.0108  0.0032  0.0062 -0.0038  0.0172 -0.01
  0.0126  0.0015  0.0074]
TRIAL 55 sec 559.3726041316986 cost 0.34979796708401395 score 2.451726663936961 vol 3353.278586224859 cell [31.9872  7.334  14.491  90.     99.4609 90.    ] zero -0.007678282113907623 best 0.10521766465164833 diff [-0.0212  0.1379 -0.0036  0.295  -0.0272 -0.0097  0.0076  0.0062 -0.0648
  0.1259  0.0133 -0.0311 -0.0495  0.0468 -0.0046  0.0096 -0.0106 -0.0218
  0.0089 -0.0098 -0.0473  0.0353  0.006  -0.0017 -0.0416  0.0067  0.0081
  0.012   0.0016  0.002 ]
TRIAL 56 sec 566.6593260765076 cost 0.22848480283028286 score 2.9215612163406055 vol 7248.759397226723 cell [ 38.2475   6.3313  31.7731  90.     109.5886  90.    ] zero -0.007978333036088915 best 0.10521766465164833 diff [-0.0403  0.0945  0.0024  0.0276  0.014  -0.0216  0.005   0.0106 -0.0171
  0.0216 -0.0241  0.0035 -0.011  -0.0006 -0.0188  0.0022 -0.0083 -0.008
 -0.0143 -0.0063  0.0109 -0.014   0.0135  0.0207 -0.0018 -0.0042  0.0027
  0.0025  0.0108 -0.0033]
TRIAL 57 sec 574.7104671001434 cost 0.23789483602983671 score 2.6856447375977033 vol 5962.874498324757 cell [ 36.6058   6.1763  31.8168  90.     124.0101  90.    ] zero 0.08246570884994239 best 0.10521766465164833 diff [ 0.0019  0.0089  0.0449  0.1571 -0.0013 -0.0414 -0.0428 -0.0074 -0.0103
  0.0076  0.0018 -0.0373  0.0003 -0.0018 -0.0201 -0.0059  0.0053  0.0035
 -0.01    0.0052  0.0243 -0.0131  0.0088  0.0175 -0.0043  0.0024  0.0126
  0.0087 -0.0172  0.002 ]
TRIAL 58 sec 583.6605854034424 cost 0.19402950015788423 score 2.8780036398292985 vol 6612.498646740998 cell [ 21.6074   9.7101  33.8813  90.     111.5332  90.    ] zero 0.0014025368297393831 best 0.10521766465164833 diff [-0.0058  0.0427  0.0007 -0.1402  0.005   0.0011  0.0155 -0.0208  0.0076
  0.0025 -0.0294 -0.0107 -0.0214  0.003  -0.0004  0.0073  0.0052  0.0096
 -0.0047  0.0112  0.0158  0.016   0.0028  0.0082  0.0218 -0.0004 -0.0167
 -0.0194 -0.0089  0.0035]
TRIAL 59 sec 589.8009495735168 cost 0.15140026997623754 score 2.8392399867991593 vol 7405.89763819912 cell [ 32.8043   8.0994  31.6276  90.     118.1987  90.    ] zero 0.01941778666368191 best 0.10521766465164833 diff [-0.0071 -0.0008 -0.0201 -0.0002  0.0057  0.1187 -0.0103  0.0239 -0.014
 -0.0075  0.0145  0.0074 -0.0097 -0.0048 -0.002   0.0041  0.0054  0.0027
  0.0067 -0.0182 -0.0084 -0.0179 -0.0047  0.0002  0.0341 -0.0025  0.0012
 -0.0113  0.0093 -0.0033]
TRIAL 60 sec 602.5644836425781 cost 0.22852845672382374 score 2.559620685934405 vol 5230.257973074553 cell [ 33.1887   5.2014  31.2654  90.     104.291   90.    ] zero -0.002090342931819179 best 0.10521766465164833 diff [-0.0676 -0.0172 -0.0062  0.0274  0.0003  0.0302  0.0058  0.0087  0.1762
  0.0271  0.0048 -0.0038 -0.0425 -0.007   0.015   0.007  -0.0107 -0.0095
  0.0124 -0.0218 -0.0108 -0.0063  0.0096 -0.0091  0.0162 -0.0212 -0.0019
 -0.0025  0.0009 -0.0008]
TRIAL 61 sec 608.8041512966156 cost 0.15335267927147475 score 2.559180410909786 vol 6268.410948001948 cell [ 34.8228   5.6623  33.4006  90.     107.8605  90.    ] zero 0.040669446243562696 best 0.10521766465164833 diff [-0.0147  0.0049  0.0159  0.0005  0.0038  0.0229 -0.033   0.2232 -0.0359
 -0.0029 -0.0155 -0.0026  0.0109 -0.001   0.0189 -0.0159 -0.0074 -0.0032
  0.0009  0.0073 -0.0113 -0.0072  0.0087 -0.002   0.0108 -0.001   0.0049
 -0.0098 -0.0027  0.0053]
TRIAL 62 sec 613.7905645370483 cost 0.23107530774774562 score 3.1314327276174447 vol 2393.7080589980465 cell [ 21.5965   3.5169  32.8134  90.     106.1656  90.    ] zero 0.0007708282800378909 best 0.10521766465164833 diff [-0.0063  0.0467  0.0003 -0.1434  0.0597 -0.0888  0.011  -0.0121  0.0048
 -0.0566 -0.0252 -0.005  -0.0217  0.0059  0.0292  0.0957 -0.0007  0.0094
  0.0021  0.0178  0.0516  0.0202  0.0197 -0.0221 -0.0456 -0.0056  0.0127
 -0.0089 -0.0038 -0.0159]
TRIAL 63 sec 621.478601694107 cost 0.161544035102418 score 3.4330822935528245 vol 6921.686471443273 cell [38.9136  5.5017 32.5236 90.     96.2457 90.    ] zero -0.00789070471475314 best 0.10521766465164833 diff [-0.0493  0.0033  0.0203  0.0119  0.0077  0.0192 -0.0148  0.0097 -0.0251
  0.0004  0.0264 -0.0019 -0.0128 -0.0035 -0.0112  0.0138 -0.0181 -0.004
  0.0025  0.0042  0.002  -0.0002 -0.0061  0.0002  0.0134  0.0112  0.0137
 -0.007  -0.0052 -0.0182]
TRIAL 64 sec 628.3707840442657 cost 0.20068988077177174 score 2.3550315564127513 vol 2916.3686563136644 cell [ 23.0131   3.9741  33.7256  90.     108.999   90.    ] zero -0.0565916639899779 best 0.10521766465164833 diff [ 3.490e-02 -8.000e-04 -4.780e-02 -4.100e-03  1.670e-02 -3.000e-04
  6.300e-03 -4.457e-01 -1.050e-02 -2.220e-02 -1.100e-03  8.480e-02
 -6.500e-02  2.570e-02  6.500e-03  1.980e-02 -8.200e-03  4.000e-02
  3.050e-02  1.000e-02 -2.410e-02 -1.720e-02  1.050e-02 -5.000e-03
 -2.550e-02  5.500e-03  8.000e-04 -1.200e-03 -7.300e-03  8.600e-03]
TRIAL 65 sec 638.6127698421478 cost 0.22490247214866263 score 2.949960797278865 vol 5212.918454905746 cell [ 47.2765   3.5637  33.6842  90.     113.2843  90.    ] zero -0.07730851084821626 best 0.10521766465164833 diff [ 0.0207 -0.0086 -0.0433 -0.0052  0.0137  0.0092  0.0009 -0.015  -0.0032
 -0.0246  0.0133  0.0903 -0.0308  0.0244 -0.0038 -0.0359 -0.0072  0.0098
  0.0425  0.0309 -0.0068 -0.009   0.0052 -0.0105 -0.0065 -0.0015  0.0028
 -0.0056  0.0081 -0.0053]
TRIAL 66 sec 649.2483506202698 cost 0.27708368266332567 score 1.8818313237213045 vol 3299.1829864789293 cell [ 34.1392   4.4811  23.0577  90.     110.7233  90.    ] zero -0.024604670636116602 best 0.10521766465164833 diff [-0.0381  0.0201 -0.038   0.0066  0.0286  0.0035  0.0222 -0.4315 -0.0083
 -0.0088 -0.0035  0.0946 -0.0665  0.0363  0.0107  0.0122  0.0006  0.037
  0.0193  0.0071 -0.0167 -0.0183  0.0128 -0.0259 -0.0101  0.0228 -0.0008
 -0.0196 -0.0459  0.018 ]
TRIAL 67 sec 660.4783916473389 cost 0.1544720032055975 score 3.6443290208972936 vol 7074.932799747356 cell [ 31.7382   6.8653  34.4885  90.     109.7008  90.    ] zero -0.0012954253930680495 best 0.10521766465164833 diff [-0.0003  0.0528 -0.0086  0.0087 -0.0364 -0.0089 -0.0199  0.0312  0.0048
 -0.0082  0.0022 -0.0049  0.0007 -0.0165  0.0014  0.0109  0.0142 -0.016
 -0.0097  0.0079  0.0108 -0.0009 -0.0101  0.0012  0.0021  0.0014  0.0037
 -0.0022  0.0119 -0.007 ]
