METRIC_INDEX X8a6f5a8 ORTHOROMBIC P peaks [5.610893729899515, 8.255909903341088, 11.221535754266156, 11.58155964871574, 12.249578992293788, 13.304416326280762, 13.54371513560769, 14.268617346346838, 15.344749937702572, 15.952622605645024, 16.225727693019465, 16.526267613353507, 16.887973423769484, 17.079999999999973, 18.350932847468005, 18.782002455976876, 19.278995057394965, 19.6937880116133] bounds [(0.02, 0.2857142857142857), (0.02, 0.2857142857142857), (0.02, 0.2857142857142857), (-0.1, 0.1)] volume 1100.0 3500.0
TRIAL 0 sec 1.0196764469146729 cost 1.3338298478300035 score 2.316194050716221 vol 1224.1940371445921 cell [ 5.5632  6.8189 32.2706 90.     90.     90.    ] zero 0.050172165225576264 best 1.3338298478300035 diff [-0.0864  0.0072 -0.2105 -0.557   0.7941  0.006   0.2165 -0.1286  0.0781
  0.0152 -0.0214 -0.0077  0.006  -0.0181 -0.3602  0.1856  0.0084 -0.2758]
TRIAL 1 sec 2.212597608566284 cost 1.3338318555837467 score 2.315380892910685 vol 1224.1593512469772 cell [ 5.5634  6.8187 32.2696 90.     90.     90.    ] zero 0.049999284455373494 best 1.3338298478300035 diff [-0.0864  0.0073 -0.2103 -0.5568  0.7942  0.0062  0.2168 -0.1284  0.0783
  0.0146 -0.022  -0.0073  0.0055 -0.0178 -0.3606  0.1859  0.0089 -0.2761]
TRIAL 2 sec 3.3878724575042725 cost 1.3338228820655893 score 2.3154139879741886 vol 1224.133070380933 cell [ 5.5633  6.8186 32.2701 90.     90.     90.    ] zero 0.04996534204579357 best 1.3338298478300035 diff [-0.0865  0.0072 -0.2105 -0.557   0.7944  0.0063  0.2166 -0.1283  0.0784
  0.0149 -0.0217 -0.0076  0.0057 -0.0178 -0.3604  0.1859  0.0086 -0.276 ]
TRIAL 3 sec 4.8994317054748535 cost 1.2407206523640553 score 3.0894385270520117 vol 1356.4953940615537 cell [ 5.934  14.5108 15.7535 90.     90.     90.    ] zero 0.012068206698895906 best 1.2407206523640553 diff [ 0.0066  0.0337  0.0148 -0.3398 -0.0484  0.1331 -0.1062  0.6751 -0.4096
  0.0063 -0.0893  0.0845 -0.0056  0.0149 -0.0119 -0.0629  0.041   0.0072]
TRIAL 4 sec 6.598833322525024 cost 1.2407206576752863 score 3.089438525518805 vol 1356.4953951698926 cell [ 5.934  14.5108 15.7535 90.     90.     90.    ] zero 0.01206821130188985 best 1.2407206523640553 diff [ 0.0066  0.0337  0.0148 -0.3398 -0.0484  0.1331 -0.1062  0.6751 -0.4096
  0.0063 -0.0893  0.0845 -0.0056  0.0149 -0.0119 -0.0629  0.041   0.0072]
TRIAL 5 sec 7.605547904968262 cost 1.2407206576547274 score 3.0894385255299746 vol 1356.495395166448 cell [ 5.934  14.5108 15.7535 90.     90.     90.    ] zero 0.01206821128998023 best 1.2407206523640553 diff [ 0.0066  0.0337  0.0148 -0.3398 -0.0484  0.1331 -0.1062  0.6751 -0.4096
  0.0063 -0.0893  0.0845 -0.0056  0.0149 -0.0119 -0.0629  0.041   0.0072]
TRIAL 6 sec 8.82639193534851 cost 1.4333832515880434 score 3.14261507917816 vol 1400.3239389521318 cell [ 5.915   7.511  31.5193 90.     90.     90.    ] zero -0.009064829068740236 best 1.2407206523640553 diff [-0.0168  0.1454 -0.0107  0.1837 -0.1542 -0.2644  0.4935  0.2087 -0.1252
  0.0296  0.0557 -0.2433 -0.0333  0.101  -0.001  -0.0481  0.0031 -0.0026]
TRIAL 7 sec 10.735816240310669 cost 1.2500437475770039 score 3.5972462135630336 vol 1379.1267773721938 cell [ 6.1781 14.4119 15.4891 90.     90.     90.    ] zero -0.08237834901739458 best 1.2407206523640553 diff [ 0.0086  0.0359  0.1143 -0.2463 -0.059   0.157  -0.0843 -0.0263  0.0016
 -0.4382  0.3111  0.0062 -0.1782 -0.0017  0.0209  0.0413  0.0064 -0.0147]
TRIAL 8 sec 12.220479965209961 cost 1.2500437476069453 score 3.5972462136060415 vol 1379.126777389326 cell [ 6.1781 14.4119 15.4891 90.     90.     90.    ] zero -0.08237834895552226 best 1.2407206523640553 diff [ 0.0086  0.0359  0.1143 -0.2463 -0.059   0.157  -0.0843 -0.0263  0.0016
 -0.4382  0.3111  0.0062 -0.1782 -0.0017  0.0209  0.0413  0.0064 -0.0147]
TRIAL 9 sec 14.364999294281006 cost 1.3338319504476532 score 2.315360519554308 vol 1224.02348446588 cell [ 5.5631  6.8184 32.2696 90.     90.     90.    ] zero 0.049761643303149077 best 1.2407206523640553 diff [-0.0866  0.0071 -0.2105 -0.557   0.7946  0.0066  0.2166 -0.1281  0.0786
  0.0154 -0.0213 -0.0075  0.0061 -0.0175 -0.36    0.1862  0.0087 -0.2755]
TRIAL 10 sec 16.01713514328003 cost 1.2407206533776367 score 3.0894385269283178 vol 1356.495394194422 cell [ 5.934  14.5108 15.7535 90.     90.     90.    ] zero 0.012068207341272872 best 1.2407206523640553 diff [ 0.0066  0.0337  0.0148 -0.3398 -0.0484  0.1331 -0.1062  0.6751 -0.4096
  0.0063 -0.0893  0.0845 -0.0056  0.0149 -0.0119 -0.0629  0.041   0.0072]
TRIAL 11 sec 17.323155879974365 cost 1.2407206577334304 score 3.0894385254733883 vol 1356.4953951875855 cell [ 5.934  14.5108 15.7535 90.     90.     90.    ] zero 0.012068211369552911 best 1.2407206523640553 diff [ 0.0066  0.0337  0.0148 -0.3398 -0.0484  0.1331 -0.1062  0.6751 -0.4096
  0.0063 -0.0893  0.0845 -0.0056  0.0149 -0.0119 -0.0629  0.041   0.0072]
TRIAL 12 sec 19.616777658462524 cost 1.46576489114565 score 2.914571244438984 vol 1232.7432226001094 cell [ 6.8257 11.1693 16.1697 90.     90.     90.    ] zero 0.09999999999999999 best 1.2407206523640553 diff [-0.0479 -0.2396 -0.1834 -0.5292  0.8303 -0.2404  0.0655 -0.095  -0.044
  0.0039  0.0367  0.0071 -0.0059  0.0068  0.0104  0.0804  0.122  -0.289 ]
TRIAL 13 sec 21.197389602661133 cost 1.3904328646050246 score 3.4128575846108915 vol 1282.5744949912917 cell [ 7.3011 11.3532 15.473  90.     90.     90.    ] zero -0.0999975824544641 best 1.2407206523640553 diff [-3.000e-03 -5.615e-01  1.087e-01 -2.522e-01 -2.364e-01 -5.400e-03
  1.997e-01  4.410e-02  6.820e-02 -4.510e-01  3.003e-01 -4.700e-03
  1.929e-01 -1.300e-03 -1.960e-02  1.000e-03 -1.000e-04  1.400e-03]
TRIAL 14 sec 22.214460372924805 cost 1.4333832537427331 score 3.1426150802460233 vol 1400.3239377838015 cell [ 5.915   7.511  31.5193 90.     90.     90.    ] zero -0.009064834192177634 best 1.2407206523640553 diff [-0.0168  0.1454 -0.0107  0.1837 -0.1542 -0.2644  0.4935  0.2087 -0.1252
  0.0296  0.0557 -0.2433 -0.0333  0.101  -0.001  -0.0481  0.0031 -0.0026]
TRIAL 15 sec 23.60542607307434 cost 1.3912415233879771 score 2.6435178381426283 vol 1154.052115461485 cell [ 5.4401  6.7399 31.4747 90.     90.     90.    ] zero -0.010282619350701017 best 1.2407206523640553 diff [-0.01    0.1564  0.004  -0.3509  0.8961  0.1099 -0.1294  0.0051  0.2617
  0.3206  0.0443 -0.0132 -0.0105  0.1429 -0.0057 -0.4321 -0.0114  0.0244]
TRIAL 16 sec 25.064958095550537 cost 1.3338289467556084 score 2.314945093523746 vol 1224.0091689381468 cell [ 5.5631  6.8183 32.2693 90.     90.     90.    ] zero 0.04968854468502673 best 1.2407206523640553 diff [-0.0866  0.0071 -0.2105 -0.557   0.7948  0.0067  0.2166 -0.128   0.0787
  0.0151 -0.0215 -0.0075  0.0059 -0.0174 -0.3602  0.1863  0.0088 -0.2757]
TRIAL 17 sec 27.265490293502808 cost 1.4473746319526695 score 3.3256242588475957 vol 1370.0138088596025 cell [ 5.9061  7.3541 31.5427 90.     90.     90.    ] zero 0.023965642384436874 best 1.2407206523640553 diff [ 0.0121  0.1721  0.014  -0.3402  0.1234 -0.0072 -0.2439 -0.2156 -0.0703
  0.0826 -0.1893 -0.0332 -0.0128  0.151   0.1891 -0.0018  0.0041  0.0157]
TRIAL 18 sec 28.92370104789734 cost 1.3912382383180237 score 2.6436987483947 vol 1154.3213647248515 cell [ 5.4404  6.7406 31.4773 90.     90.     90.    ] zero -0.009157812951721257 best 1.2407206523640553 diff [-0.0094  0.1568  0.0042 -0.3507  0.8958  0.1097 -0.1296  0.0049  0.2613
  0.3209  0.0446 -0.0129 -0.0108  0.1431 -0.0056 -0.432  -0.0121  0.0239]
TRIAL 19 sec 30.083980798721313 cost 1.2407206514591587 score 3.0894385272813314 vol 1356.4953938642213 cell [ 5.934  14.5108 15.7535 90.     90.     90.    ] zero 0.012068205886829112 best 1.2407206523640553 diff [ 0.0066  0.0337  0.0148 -0.3398 -0.0484  0.1331 -0.1062  0.6751 -0.4096
  0.0063 -0.0893  0.0845 -0.0056  0.0149 -0.0119 -0.0629  0.041   0.0072]
TRIAL 20 sec 31.65936040878296 cost 1.4195757979758858 score 3.0383400305742314 vol 1361.5531093179402 cell [ 7.2897 11.8618 15.7461 90.     90.     90.    ] zero 0.005314138811362535 best 1.2407206523640553 diff [ 0.0024 -0.7645  0.0133 -0.3414 -0.1123  0.0748 -0.0508 -0.014  -0.0156
  0.0079 -0.263   0.0388 -0.0043 -0.1952  0.1248 -0.0601  0.0037  0.4069]
TRIAL 21 sec 33.29103469848633 cost 1.4195813340099193 score 3.0383678358250603 vol 1361.6422385522471 cell [ 7.2897 11.8622 15.7466 90.     90.     90.    ] zero 0.005731885493291445 best 1.2407206523640553 diff [ 0.0027 -0.7643  0.0134 -0.3414 -0.1118  0.0752 -0.0508 -0.0137 -0.0154
  0.0077 -0.2632  0.039  -0.0045 -0.1953  0.1246 -0.0604  0.0037  0.4068]
TRIAL 22 sec 34.78283882141113 cost 1.240720652871036 score 3.089438526865643 vol 1356.4953941585313 cell [ 5.934  14.5108 15.7535 90.     90.     90.    ] zero 0.012068207110391457 best 1.2407206523640553 diff [ 0.0066  0.0337  0.0148 -0.3398 -0.0484  0.1331 -0.1062  0.6751 -0.4096
  0.0063 -0.0893  0.0845 -0.0056  0.0149 -0.0119 -0.0629  0.041   0.0072]
TRIAL 23 sec 35.888107776641846 cost 1.39122967198026 score 2.643446049514257 vol 1154.200180655196 cell [ 5.4403  6.7403 31.4758 90.     90.     90.    ] zero -0.009446287800937203 best 1.2407206523640553 diff [-0.0094  0.1569  0.0044 -0.3505  0.8961  0.11   -0.1293  0.0052  0.2617
  0.3209  0.0446 -0.013  -0.0102  0.1431 -0.0055 -0.4319 -0.0115  0.0246]
TRIAL 24 sec 37.7790732383728 cost 1.4195725181226264 score 3.037735537104697 vol 1361.4619601342588 cell [ 7.2895 11.8616 15.7457 90.     90.     90.    ] zero 0.004919473686123554 best 1.2407206523640553 diff [ 0.0022 -0.7648  0.0132 -0.3416 -0.1123  0.0748 -0.0509 -0.014  -0.0156
  0.0077 -0.2632  0.0389 -0.0043 -0.1952  0.1248 -0.0602  0.0037  0.4069]
TRIAL 25 sec 39.13062834739685 cost 1.240720650450555 score 3.0894385275503278 vol 1356.4953936506076 cell [ 5.934  14.5108 15.7535 90.     90.     90.    ] zero 0.012068204994328882 best 1.2407206523640553 diff [ 0.0066  0.0337  0.0148 -0.3398 -0.0484  0.1331 -0.1062  0.6751 -0.4096
  0.0063 -0.0893  0.0845 -0.0056  0.0149 -0.0119 -0.0629  0.041   0.0072]
TRIAL 26 sec 41.557910442352295 cost 1.4904905735009804 score 2.677080828340132 vol 1195.870583915858 cell [ 6.5549  8.4953 21.4754 90.     90.     90.    ] zero 0.030111251128556882 best 1.2407206523640553 diff [-1.2697e+00  1.8000e-03  2.0000e-04 -3.5340e-01  1.3570e-01  4.4000e-03
 -1.6100e-02 -1.2250e-01  5.2010e-01 -9.4700e-02 -1.7100e-02  1.8000e-03
  2.1500e-01  2.2000e-02  1.6200e-02  2.2690e-01 -2.6880e-01 -1.1940e-01]
TRIAL 27 sec 43.8842031955719 cost 1.390465155242647 score 3.41248011758198 vol 1282.6200708037948 cell [ 7.3012 11.3535 15.4729 90.     90.     90.    ] zero -0.0999058377183641 best 1.2407206523640553 diff [-2.800e-03 -5.616e-01  1.089e-01 -2.520e-01 -2.366e-01 -5.500e-03
  1.998e-01  4.390e-02  6.800e-02 -4.513e-01  3.000e-01 -5.000e-03
  1.932e-01 -1.000e-03 -1.970e-02  1.200e-03 -2.000e-04  1.000e-03]
TRIAL 28 sec 44.82574725151062 cost 1.2360283869421105 score 3.5844629962418306 vol 1404.0833988267807 cell [ 6.1948 14.421  15.717  90.     90.     90.    ] zero -0.019900356804162047 best 1.2360283869421105 diff [-0.0124  0.0387  0.009  -0.3464 -0.0043  0.1769 -0.0638 -0.0026 -0.0029
 -0.412   0.3086  0.0049  0.002  -0.1892  0.0715  0.0689 -0.0056 -0.0098]
TRIAL 29 sec 46.271575927734375 cost 1.2407206531274626 score 3.089438527016901 vol 1356.4953941418858 cell [ 5.934  14.5108 15.7535 90.     90.     90.    ] zero 0.012068207130314514 best 1.2360283869421105 diff [ 0.0066  0.0337  0.0148 -0.3398 -0.0484  0.1331 -0.1062  0.6751 -0.4096
  0.0063 -0.0893  0.0845 -0.0056  0.0149 -0.0119 -0.0629  0.041   0.0072]
TRIAL 30 sec 48.037705421447754 cost 1.2407206506730823 score 3.0894385275142238 vol 1356.495393698381 cell [ 5.934  14.5108 15.7535 90.     90.     90.    ] zero 0.01206820520102248 best 1.2360283869421105 diff [ 0.0066  0.0337  0.0148 -0.3398 -0.0484  0.1331 -0.1062  0.6751 -0.4096
  0.0063 -0.0893  0.0845 -0.0056  0.0149 -0.0119 -0.0629  0.041   0.0072]
TRIAL 31 sec 49.11506986618042 cost 1.2407206509243083 score 3.0894385274406253 vol 1356.4953937577095 cell [ 5.934  14.5108 15.7535 90.     90.     90.    ] zero 0.012068205435485412 best 1.2360283869421105 diff [ 0.0066  0.0337  0.0148 -0.3398 -0.0484  0.1331 -0.1062  0.6751 -0.4096
  0.0063 -0.0893  0.0845 -0.0056  0.0149 -0.0119 -0.0629  0.041   0.0072]
TRIAL 32 sec 50.58085250854492 cost 1.240720653660151 score 3.0894385268497064 vol 1356.4953942616673 cell [ 5.934  14.5108 15.7535 90.     90.     90.    ] zero 0.012068207620478529 best 1.2360283869421105 diff [ 0.0066  0.0337  0.0148 -0.3398 -0.0484  0.1331 -0.1062  0.6751 -0.4096
  0.0063 -0.0893  0.0845 -0.0056  0.0149 -0.0119 -0.0629  0.041   0.0072]
TRIAL 33 sec 52.28246259689331 cost 1.4657648911642405 score 2.9145712444438527 vol 1232.7432226027804 cell [ 6.8257 11.1693 16.1697 90.     90.     90.    ] zero 0.09999999999999999 best 1.2360283869421105 diff [-0.0479 -0.2396 -0.1834 -0.5292  0.8303 -0.2404  0.0655 -0.095  -0.044
  0.0039  0.0367  0.0071 -0.0059  0.0068  0.0104  0.0804  0.122  -0.289 ]
TRIAL 34 sec 53.39860272407532 cost 1.5048476932909443 score 2.5775210303273104 vol 1152.7684948236101 cell [ 6.2023 11.8073 15.7412 90.     90.     90.    ] zero -0.0006360373191797719 best 1.2360283869421105 diff [-1.800e-03 -7.393e-01  1.090e-02 -3.440e-01 -9.756e-01  2.061e-01
 -3.470e-02 -8.000e-04 -3.100e-03  6.770e-02 -9.720e-02  3.605e-01
 -5.000e-03  8.300e-03  1.380e-01 -8.400e-03  4.228e-01  3.600e-03]
TRIAL 35 sec 55.377386808395386 cost 1.4372954041556947 score 2.848925399296844 vol 1289.4994955531495 cell [ 7.1607  7.8639 22.8998 90.     90.     90.    ] zero -0.09998903661165542 best 1.2360283869421105 diff [-1.5815 -0.6233 -0.0788 -0.0981  0.0017  0.2493  0.006   0.2131  0.021
  0.1181 -0.1564  0.1061 -0.024  -0.0039 -0.0032  0.2823 -0.0138  0.046 ]
TRIAL 36 sec 56.56224083900452 cost 1.391233508102025 score 2.642416277303857 vol 1154.3133464352018 cell [ 5.4405  6.7404 31.4779 90.     90.     90.    ] zero -0.008832503963077932 best 1.2360283869421105 diff [-0.0091  0.157   0.0043 -0.3506  0.8966  0.1105 -0.1288  0.0055  0.2619
  0.3211  0.0448 -0.0128 -0.0107  0.1433 -0.0055 -0.4319 -0.0116  0.0239]
TRIAL 37 sec 57.78866124153137 cost 1.236022664712555 score 3.584015105615945 vol 1403.9135962286994 cell [ 6.1946 14.4206 15.7162 90.     90.     90.    ] zero -0.02050681802578591 best 1.2360283869421105 diff [-0.0127  0.0384  0.009  -0.3464 -0.0045  0.1767 -0.0639 -0.0027 -0.0029
 -0.4121  0.3087  0.005   0.0023 -0.189   0.0715  0.069  -0.0056 -0.0096]
TRIAL 38 sec 59.42302966117859 cost 1.2500437478084006 score 3.597246213586636 vol 1379.1267774268383 cell [ 6.1781 14.4119 15.4891 90.     90.     90.    ] zero -0.08237834878484603 best 1.2360283869421105 diff [ 0.0086  0.0359  0.1143 -0.2463 -0.059   0.157  -0.0843 -0.0263  0.0016
 -0.4382  0.3111  0.0062 -0.1782 -0.0017  0.0209  0.0413  0.0064 -0.0147]
TRIAL 39 sec 61.327661752700806 cost 1.4211711480732363 score 3.0793413258572944 vol 1361.5029988814938 cell [ 7.3206 11.8218 15.7322 90.     90.     90.    ] zero -0.0023573879644146925 best 1.2360283869421105 diff [-3.000e-04 -7.493e-01  1.560e-02 -3.395e-01 -1.707e-01  2.250e-02
 -3.620e-02 -5.210e-02 -4.980e-02  4.960e-02 -2.221e-01  1.000e-04
  3.000e-03 -1.881e-01  1.414e-01 -2.110e-02  3.100e-03  4.076e-01]
TRIAL 40 sec 62.38768935203552 cost 1.2407206576385978 score 3.0894385255362353 vol 1356.495395164877 cell [ 5.934  14.5108 15.7535 90.     90.     90.    ] zero 0.012068211285495642 best 1.2360283869421105 diff [ 0.0066  0.0337  0.0148 -0.3398 -0.0484  0.1331 -0.1062  0.6751 -0.4096
  0.0063 -0.0893  0.0845 -0.0056  0.0149 -0.0119 -0.0629  0.041   0.0072]
TRIAL 41 sec 63.381147384643555 cost 1.2407206577404313 score 3.0894385254729064 vol 1356.4953951861005 cell [ 5.934  14.5108 15.7535 90.     90.     90.    ] zero 0.012068211362299078 best 1.2360283869421105 diff [ 0.0066  0.0337  0.0148 -0.3398 -0.0484  0.1331 -0.1062  0.6751 -0.4096
  0.0063 -0.0893  0.0845 -0.0056  0.0149 -0.0119 -0.0629  0.041   0.0072]
TRIAL 42 sec 64.97708773612976 cost 1.2407206532068336 score 3.089438526975928 vol 1356.4953941592735 cell [ 5.934  14.5108 15.7535 90.     90.     90.    ] zero 0.012068207196097584 best 1.2360283869421105 diff [ 0.0066  0.0337  0.0148 -0.3398 -0.0484  0.1331 -0.1062  0.6751 -0.4096
  0.0063 -0.0893  0.0845 -0.0056  0.0149 -0.0119 -0.0629  0.041   0.0072]
TRIAL 43 sec 66.07722473144531 cost 1.2407206576551535 score 3.0894385255539287 vol 1356.4953951671782 cell [ 5.934  14.5108 15.7535 90.     90.     90.    ] zero 0.012068211292037043 best 1.2360283869421105 diff [ 0.0066  0.0337  0.0148 -0.3398 -0.0484  0.1331 -0.1062  0.6751 -0.4096
  0.0063 -0.0893  0.0845 -0.0056  0.0149 -0.0119 -0.0629  0.041   0.0072]
TRIAL 44 sec 67.27628874778748 cost 1.2360306029112262 score 3.5833714832552226 vol 1403.9298610835192 cell [ 6.1945 14.4206 15.7164 90.     90.     90.    ] zero -0.020709540936595817 best 1.2360283869421105 diff [-0.013   0.0382  0.0086 -0.3468 -0.0047  0.1765 -0.0642 -0.0028 -0.0031
 -0.4122  0.3085  0.0048  0.0018 -0.1894  0.0713  0.0688 -0.0058 -0.0098]
TRIAL 45 sec 69.19745707511902 cost 1.3483232751057022 score 2.8922332359073453 vol 1075.4570005325959 cell [ 6.0259  8.231  21.6829 90.     90.     90.    ] zero 0.09999007241256141 best 1.2360283869421105 diff [-1.2285e+00 -6.5000e-03 -3.7160e-01  8.7000e-03  8.6400e-02  2.9270e-01
  5.2100e-02  5.2590e-01  3.9000e-03  4.5910e-01  1.8230e-01 -8.6300e-02
  3.1400e-02 -1.5890e-01 -1.9500e-02  6.0000e-03 -1.8000e-02 -5.0000e-04]
TRIAL 46 sec 70.47050285339355 cost 1.236020411165712 score 3.584164666324612 vol 1403.911580562052 cell [ 6.1945 14.4206 15.7163 90.     90.     90.    ] zero -0.020536164708793714 best 1.2360283869421105 diff [-0.0127  0.0384  0.0089 -0.3465 -0.0046  0.1766 -0.064  -0.0026 -0.0028
 -0.412   0.3087  0.005   0.0021 -0.1891  0.0714  0.069  -0.0056 -0.0096]
TRIAL 47 sec 72.17897009849548 cost 1.3483232796944715 score 2.891572828265289 vol 1075.505277051676 cell [ 6.0259  8.231  21.684  90.     90.     90.    ] zero 0.09999705998323015 best 1.2360283869421105 diff [-1.2287e+00 -6.9000e-03 -3.7150e-01  8.7000e-03  8.5800e-02  2.9240e-01
  5.1900e-02  5.2590e-01  3.9000e-03  4.5860e-01  1.8190e-01 -8.7100e-02
  3.1200e-02 -1.5900e-01 -1.9400e-02  6.0000e-03 -1.8300e-02 -1.2000e-03]
TRIAL 48 sec 74.07669067382812 cost 1.3904345382920515 score 3.412651597191169 vol 1282.5769894972777 cell [ 7.3011 11.3533 15.473  90.     90.     90.    ] zero -0.09999109206226069 best 1.2360283869421105 diff [-3.000e-03 -5.616e-01  1.088e-01 -2.521e-01 -2.363e-01 -5.300e-03
  1.997e-01  4.410e-02  6.820e-02 -4.512e-01  3.001e-01 -4.900e-03
  1.930e-01 -1.200e-03 -1.960e-02  1.000e-03 -2.000e-04  1.300e-03]
TRIAL 49 sec 75.11524081230164 cost 1.2407206576946075 score 3.0894385255056642 vol 1356.4953951757095 cell [ 5.934  14.5108 15.7535 90.     90.     90.    ] zero 0.01206821132403373 best 1.2360283869421105 diff [ 0.0066  0.0337  0.0148 -0.3398 -0.0484  0.1331 -0.1062  0.6751 -0.4096
  0.0063 -0.0893  0.0845 -0.0056  0.0149 -0.0119 -0.0629  0.041   0.0072]
TRIAL 50 sec 76.47773861885071 cost 1.2407206532833097 score 3.0894385269805547 vol 1356.4953941741899 cell [ 5.934  14.5108 15.7535 90.     90.     90.    ] zero 0.012068207264603942 best 1.2360283869421105 diff [ 0.0066  0.0337  0.0148 -0.3398 -0.0484  0.1331 -0.1062  0.6751 -0.4096
  0.0063 -0.0893  0.0845 -0.0056  0.0149 -0.0119 -0.0629  0.041   0.0072]
TRIAL 51 sec 78.03891587257385 cost 1.433383253725356 score 3.142615080269 vol 1400.3239377928585 cell [ 5.915   7.511  31.5193 90.     90.     90.    ] zero -0.009064834155432898 best 1.2360283869421105 diff [-0.0168  0.1454 -0.0107  0.1837 -0.1542 -0.2644  0.4935  0.2087 -0.1252
  0.0296  0.0557 -0.2433 -0.0333  0.101  -0.001  -0.0481  0.0031 -0.0026]
TRIAL 52 sec 79.18161344528198 cost 1.4333832537021285 score 3.1426150803061663 vol 1400.3239378053886 cell [ 5.915   7.511  31.5193 90.     90.     90.    ] zero -0.009064834104184565 best 1.2360283869421105 diff [-0.0168  0.1454 -0.0107  0.1837 -0.1542 -0.2644  0.4935  0.2087 -0.1252
  0.0296  0.0557 -0.2433 -0.0333  0.101  -0.001  -0.0481  0.0031 -0.0026]
TRIAL 53 sec 80.28318762779236 cost 1.2407206508326718 score 3.0894385274424017 vol 1356.4953937295968 cell [ 5.934  14.5108 15.7535 90.     90.     90.    ] zero 0.012068205322759843 best 1.2360283869421105 diff [ 0.0066  0.0337  0.0148 -0.3398 -0.0484  0.1331 -0.1062  0.6751 -0.4096
  0.0063 -0.0893  0.0845 -0.0056  0.0149 -0.0119 -0.0629  0.041   0.0072]
TRIAL 54 sec 81.7791006565094 cost 1.3912264144023074 score 2.64301002913701 vol 1154.2662688123899 cell [ 5.4404  6.7403 31.4768 90.     90.     90.    ] zero -0.009171725143404986 best 1.2360283869421105 diff [-0.0093  0.1569  0.0043 -0.3506  0.8963  0.1102 -0.1291  0.0053  0.2617
  0.3209  0.0446 -0.013  -0.0105  0.1431 -0.0056 -0.432  -0.0116  0.0242]
TRIAL 55 sec 82.82017230987549 cost 1.2407206576519898 score 3.0894385255269907 vol 1356.4953951662826 cell [ 5.934  14.5108 15.7535 90.     90.     90.    ] zero 0.012068211289807023 best 1.2360283869421105 diff [ 0.0066  0.0337  0.0148 -0.3398 -0.0484  0.1331 -0.1062  0.6751 -0.4096
  0.0063 -0.0893  0.0845 -0.0056  0.0149 -0.0119 -0.0629  0.041   0.0072]
TRIAL 56 sec 83.77760291099548 cost 1.240720657687424 score 3.089438525509704 vol 1356.4953951742941 cell [ 5.934  14.5108 15.7535 90.     90.     90.    ] zero 0.012068211318975891 best 1.2360283869421105 diff [ 0.0066  0.0337  0.0148 -0.3398 -0.0484  0.1331 -0.1062  0.6751 -0.4096
  0.0063 -0.0893  0.0845 -0.0056  0.0149 -0.0119 -0.0629  0.041   0.0072]
TRIAL 57 sec 85.96844482421875 cost 1.4333832537140003 score 3.142615080293672 vol 1400.3239377978923 cell [ 5.915   7.511  31.5193 90.     90.     90.    ] zero -0.009064834134952226 best 1.2360283869421105 diff [-0.0168  0.1454 -0.0107  0.1837 -0.1542 -0.2644  0.4935  0.2087 -0.1252
  0.0296  0.0557 -0.2433 -0.0333  0.101  -0.001  -0.0481  0.0031 -0.0026]
TRIAL 58 sec 86.97656011581421 cost 1.2407206577038827 score 3.0894385254998538 vol 1356.4953951784394 cell [ 5.934  14.5108 15.7535 90.     90.     90.    ] zero 0.0120682113343823 best 1.2360283869421105 diff [ 0.0066  0.0337  0.0148 -0.3398 -0.0484  0.1331 -0.1062  0.6751 -0.4096
  0.0063 -0.0893  0.0845 -0.0056  0.0149 -0.0119 -0.0629  0.041   0.0072]
TRIAL 59 sec 88.07085633277893 cost 1.3912265452330597 score 2.6432289447561903 vol 1154.1521950706438 cell [ 5.4402  6.7401 31.4759 90.     90.     90.    ] zero -0.00969271535475319 best 1.2360283869421105 diff [-0.0097  0.1566  0.0041 -0.3508  0.8962  0.1101 -0.1292  0.0052  0.2617
  0.321   0.0447 -0.0129 -0.0105  0.1432 -0.0055 -0.4319 -0.0115  0.0243]
