Xebbd488 ORTHOROMBIC P 2 peaks [5.84567, 6.26, 6.94403, 7.96925, 9.13606, 11.36, 12.56013, 12.91271, 13.91406, 14.3195, 14.79573, 15.38305, 15.93908, 16.24178, 17.53906, 18.21709, 18.83925, 19.66208, 20.64008, 21.86231, 22.16912, 22.81078] V 947.2999267578125 8769.7685546875 Lmax 57.74141317079572
3->57.7414,2.18967,24.9999
1.5708->2.44346,0.0766052,0.766044,11.3917
947.3->8769.77,782.325,9.999
Starting: V=947.3->1729.62
Finished: V=947.3->1729.62 A^3, 216 unit cells tested, 136536 tests/s,   Elapsed time=0.001588s
Starting: V=1729.62->2511.95
Finished: V=1729.62->2511.95 A^3, 501 unit cells tested, 124410 tests/s,   Elapsed time=0.004033s
Starting: V=2511.95->3294.28
Finished: V=2511.95->3294.28 A^3, 856 unit cells tested, 116210 tests/s,   Elapsed time=0.007373s
Starting: V=3294.28->4076.6
Finished: V=3294.28->4076.6 A^3, 1271 unit cells tested, 109089 tests/s,   Elapsed time=0.011658s
Starting: V=4076.6->4858.93
Finished: V=4076.6->4858.93 A^3, 1833 unit cells tested, 110302 tests/s,   Elapsed time=0.016624s
Starting: V=4858.93->5641.25
Finished: V=4858.93->5641.25 A^3, 2599 unit cells tested, 113657 tests/s,   Elapsed time=0.022875s
Starting: V=5641.25->6423.58
Finished: V=5641.25->6423.58 A^3, 3661 unit cells tested, 123299 tests/s,   Elapsed time=0.029711s
Starting: V=6423.58->7205.9
Finished: V=6423.58->7205.9 A^3, 4860 unit cells tested, 126724 tests/s,   Elapsed time=0.038362s
Starting: V=7205.9->7988.23
Finished: V=7205.9->7988.23 A^3, 6075 unit cells tested, 128724 tests/s,   Elapsed time=0.047203s
Starting: V=7988.23->8769.77
Finished: V=7988.23->8769.77 A^3, 7406 unit cells tested, 130922 tests/s,   Elapsed time=0.056576s
DONE Xebbd488 ORTHOROMBIC P 0 0.056723833084106445 []
