Xebbd488 MONOCLINIC P 4 peaks [5.83626, 6.98111, 7.74007, 7.96842, 9.16055, 11.20775, 11.36929, 12.56355, 12.91304, 13.91969, 14.33391, 14.79871, 15.39281, 15.94121, 16.24474, 17.55171, 18.2405, 18.85743] V 1200.0 6500.0 Lmax 80.0
3->80,3.08001,24.9999
1.5708->2.44346,0.0766052,0.766044,11.3917
1200->6500,530.053,9.999
Starting: V=1200->1730.05
Finished: V=1200->1730.05 A^3, 48748 unit cells tested, 1.3227e+06 tests/s,   Elapsed time=0.036864s
Starting: V=1730.05->2260.11
    a=16.80-16.91 b= 3.18- 3.24 c=47.95-48.09 alpha= 90.00- 90.00 beta=108.20-108.35 gamma= 90.00- 90.00 V=2436.35-2501.55level=4, indexed=1(0 sol.)
    a=0.06265-0.06229 b=0.31414-0.30860 c=0.02195-0.02191 alpha=0.31241-0.31480 beta=0.00000-0.00000 gamma=0.00000-0.00000level=4, indexed=1(0 sol.)
 Solution ? a= 16.835 b=  3.212 c= 47.846 alpha= 90.000 beta=108.328 gamma= 90.000 V= 2455.69 score=  4.18 #   0
    a=16.80-16.91 b= 3.07- 3.13 c=47.95-48.09 alpha= 90.00- 90.00 beta=108.20-108.35 gamma= 90.00- 90.00 V=2353.29-2414.79level=4, indexed=1(1 sol.)
    a=0.06265-0.06229 b=0.32523-0.31969 c=0.02195-0.02191 alpha=0.31241-0.31480 beta=0.00000-0.00000 gamma=0.00000-0.00000level=4, indexed=1(1 sol.)
 Solution ? a= 16.835 b=  3.101 c= 47.846 alpha= 90.000 beta=108.328 gamma= 90.000 V= 2371.26 score=  4.18 #   1
    a=16.80-16.91 b= 2.97- 3.02 c=47.95-48.09 alpha= 90.00- 90.00 beta=108.20-108.35 gamma= 90.00- 90.00 V=2275.71-2333.85level=4, indexed=1(2 sol.)
    a=0.06265-0.06229 b=0.33632-0.33078 c=0.02195-0.02191 alpha=0.31241-0.31480 beta=0.00000-0.00000 gamma=0.00000-0.00000level=4, indexed=1(2 sol.)
 Solution ? a= 16.835 b=  2.998 c= 47.846 alpha= 90.000 beta=108.328 gamma= 90.000 V= 2292.43 score=  4.18 #   2
    a=16.80-16.91 b= 2.88- 2.93 c=47.95-48.09 alpha= 90.00- 90.00 beta=108.20-108.35 gamma= 90.00- 90.00 V=2203.08-2258.16level=4, indexed=1(3 sol.)
    a=0.06265-0.06229 b=0.34741-0.34186 c=0.02195-0.02191 alpha=0.31241-0.31480 beta=0.00000-0.00000 gamma=0.00000-0.00000level=4, indexed=1(3 sol.)
 Solution ? a= 16.835 b=  2.902 c= 47.846 alpha= 90.000 beta=108.328 gamma= 90.000 V= 2218.68 score=  4.18 #   3
Finished: V=1730.05->2260.11 A^3, 171858 unit cells tested, 1.48486e+06 tests/s,   Elapsed time=0.115748s
Starting: V=2260.11->2790.16
    a=16.78-16.88 b= 3.89- 3.98 c=45.60-45.70 alpha= 90.00- 90.00 beta= 92.26- 92.40 gamma= 90.00- 90.00 V=2977.05-3064.07level=4, indexed=1(4 sol.)
    a=0.05964-0.05930 b=0.25682-0.25154 c=0.02195-0.02190 alpha=0.03950-0.04189 beta=0.00000-0.00000 gamma=0.00000-0.00000level=4, indexed=1(4 sol.)
 Solution ? a= 16.835 b=  3.934 c= 45.454 alpha= 90.000 beta= 92.256 gamma= 90.000 V= 3008.26 score=  4.18 #   4
    a=16.78-16.88 b= 3.74- 3.82 c=45.60-45.70 alpha= 90.00- 90.00 beta= 92.26- 92.40 gamma= 90.00- 90.00 V=2859.54-2940.69level=4, indexed=1(5 sol.)
    a=0.05964-0.05930 b=0.26737-0.26209 c=0.02195-0.02190 alpha=0.03950-0.04189 beta=0.00000-0.00000 gamma=0.00000-0.00000level=4, indexed=1(5 sol.)
 Solution ? a= 16.835 b=  3.777 c= 45.454 alpha= 90.000 beta= 92.256 gamma= 90.000 V= 2888.33 score=  4.18 #   5
    a=16.78-16.88 b= 3.60- 3.67 c=45.60-45.70 alpha= 90.00- 90.00 beta= 92.26- 92.40 gamma= 90.00- 90.00 V=2750.95-2826.86level=4, indexed=1(6 sol.)
    a=0.05964-0.05930 b=0.27793-0.27265 c=0.02195-0.02190 alpha=0.03950-0.04189 beta=0.00000-0.00000 gamma=0.00000-0.00000level=4, indexed=1(6 sol.)
 Solution ? a= 16.835 b=  3.633 c= 45.454 alpha= 90.000 beta= 92.256 gamma= 90.000 V= 2777.60 score=  4.18 #   6
    a=16.78-16.88 b= 3.47- 3.53 c=45.60-45.70 alpha= 90.00- 90.00 beta= 92.26- 92.40 gamma= 90.00- 90.00 V=2650.30-2721.51level=4, indexed=1(7 sol.)
    a=0.05964-0.05930 b=0.28848-0.28320 c=0.02195-0.02190 alpha=0.03950-0.04189 beta=0.00000-0.00000 gamma=0.00000-0.00000level=4, indexed=1(7 sol.)
 Solution ? a= 16.835 b=  3.498 c= 45.454 alpha= 90.000 beta= 92.256 gamma= 90.000 V= 2675.04 score=  4.18 #   7
    a=16.78-16.88 b= 3.34- 3.40 c=45.60-45.70 alpha= 90.00- 90.00 beta= 92.26- 92.40 gamma= 90.00- 90.00 V=2556.77-2623.73level=4, indexed=1(8 sol.)
    a=0.05964-0.05930 b=0.29903-0.29376 c=0.02195-0.02190 alpha=0.03950-0.04189 beta=0.00000-0.00000 gamma=0.00000-0.00000level=4, indexed=1(8 sol.)
 Solution ? a= 16.835 b=  3.374 c= 45.454 alpha= 90.000 beta= 92.256 gamma= 90.000 V= 2579.79 score=  4.18 #   8
    a=16.78-16.88 b= 3.23- 3.29 c=45.60-45.70 alpha= 90.00- 90.00 beta= 92.26- 92.40 gamma= 90.00- 90.00 V=2469.61-2532.74level=4, indexed=1(9 sol.)
    a=0.05964-0.05930 b=0.30959-0.30431 c=0.02195-0.02190 alpha=0.03950-0.04189 beta=0.00000-0.00000 gamma=0.00000-0.00000level=4, indexed=1(9 sol.)
 Solution ? a= 16.835 b=  3.258 c= 45.454 alpha= 90.000 beta= 92.256 gamma= 90.000 V= 2491.09 score=  4.18 #   9
    a=16.78-16.88 b= 3.12- 3.18 c=45.60-45.70 alpha= 90.00- 90.00 beta= 92.26- 92.40 gamma= 90.00- 90.00 V=2388.19-2447.84level=4, indexed=1(10 sol.)
    a=0.05964-0.05930 b=0.32014-0.31486 c=0.02195-0.02190 alpha=0.03950-0.04189 beta=0.00000-0.00000 gamma=0.00000-0.00000level=4, indexed=1(10 sol.)
 Solution ? a= 16.835 b=  3.150 c= 45.454 alpha= 90.000 beta= 92.256 gamma= 90.000 V= 2408.28 score=  4.18 #  10
    a=16.78-16.88 b= 3.02- 3.07 c=45.60-45.70 alpha= 90.00- 90.00 beta= 92.26- 92.40 gamma= 90.00- 90.00 V=2311.97-2368.46level=4, indexed=1(11 sol.)
    a=0.05964-0.05930 b=0.33069-0.32542 c=0.02195-0.02190 alpha=0.03950-0.04189 beta=0.00000-0.00000 gamma=0.00000-0.00000level=4, indexed=1(11 sol.)
 Solution ? a= 16.835 b=  3.048 c= 45.454 alpha= 90.000 beta= 92.256 gamma= 90.000 V= 2330.81 score=  4.18 #  11
    a=25.78-25.88 b= 3.30- 3.36 c=35.14-35.25 alpha= 90.00- 90.00 beta=102.23-102.37 gamma= 90.00- 90.00 V=2925.50-2998.50level=4, indexed=1(12 sol.)
    a=0.03970-0.03955 b=0.30261-0.29727 c=0.02912-0.02904 alpha=0.21186-0.21426 beta=0.00000-0.00000 gamma=0.00000-0.00000level=4, indexed=1(12 sol.)
 Solution ? a= 25.904 b=  3.334 c= 35.322 alpha= 90.000 beta=102.224 gamma= 90.000 V= 2981.40 score=  4.75 #  12
    a=25.78-25.88 b= 3.19- 3.25 c=35.14-35.25 alpha= 90.00- 90.00 beta=102.23-102.37 gamma= 90.00- 90.00 V=2825.77-2894.50level=4, indexed=1(13 sol.)
    a=0.03970-0.03955 b=0.31329-0.30795 c=0.02912-0.02904 alpha=0.21186-0.21426 beta=0.00000-0.00000 gamma=0.00000-0.00000level=4, indexed=1(13 sol.)
 Solution ? a= 25.904 b=  3.219 c= 35.322 alpha= 90.000 beta=102.224 gamma= 90.000 V= 2878.89 score=  4.75 #  13
    a=25.78-25.88 b= 3.09- 3.14 c=35.14-35.25 alpha= 90.00- 90.00 beta=102.23-102.37 gamma= 90.00- 90.00 V=2732.61-2797.48level=4, indexed=1(14 sol.)
    a=0.03970-0.03955 b=0.32397-0.31863 c=0.02912-0.02904 alpha=0.21186-0.21426 beta=0.00000-0.00000 gamma=0.00000-0.00000level=4, indexed=1(14 sol.)
 Solution ? a= 25.904 b=  3.112 c= 35.322 alpha= 90.000 beta=102.224 gamma= 90.000 V= 2783.19 score=  4.75 #  14
    a=25.78-25.88 b= 2.99- 3.04 c=35.14-35.25 alpha= 90.00- 90.00 beta=102.23-102.37 gamma= 90.00- 90.00 V=2645.40-2706.75level=4, indexed=1(15 sol.)
    a=0.03970-0.03955 b=0.33465-0.32931 c=0.02912-0.02904 alpha=0.21186-0.21426 beta=0.00000-0.00000 gamma=0.00000-0.00000level=4, indexed=1(15 sol.)
 Solution ? a= 25.904 b=  3.012 c= 35.322 alpha= 90.000 beta=102.224 gamma= 90.000 V= 2693.65 score=  4.75 #  15
    a=16.80-16.91 b= 3.71- 3.78 c=47.95-48.09 alpha= 90.00- 90.00 beta=108.20-108.35 gamma= 90.00- 90.00 V=2836.83-2921.38level=4, indexed=1(16 sol.)
    a=0.06265-0.06229 b=0.26980-0.26425 c=0.02195-0.02191 alpha=0.31241-0.31480 beta=0.00000-0.00000 gamma=0.00000-0.00000level=4, indexed=1(16 sol.)
 Solution ? a= 16.835 b=  3.745 c= 47.846 alpha= 90.000 beta=108.328 gamma= 90.000 V= 2863.55 score=  4.18 #  16
    a=16.80-16.91 b= 3.56- 3.63 c=47.95-48.09 alpha= 90.00- 90.00 beta=108.20-108.35 gamma= 90.00- 90.00 V=2724.85-2803.74level=4, indexed=1(17 sol.)
    a=0.06265-0.06229 b=0.28088-0.27534 c=0.02195-0.02191 alpha=0.31241-0.31480 beta=0.00000-0.00000 gamma=0.00000-0.00000level=4, indexed=1(17 sol.)
 Solution ? a= 16.835 b=  3.596 c= 47.846 alpha= 90.000 beta=108.328 gamma= 90.000 V= 2749.39 score=  4.18 #  17
    a=16.80-16.91 b= 3.43- 3.49 c=47.95-48.09 alpha= 90.00- 90.00 beta=108.20-108.35 gamma= 90.00- 90.00 V=2621.38-2695.21level=4, indexed=1(18 sol.)
    a=0.06265-0.06229 b=0.29197-0.28643 c=0.02195-0.02191 alpha=0.31241-0.31480 beta=0.00000-0.00000 gamma=0.00000-0.00000level=4, indexed=1(18 sol.)
 Solution ? a= 16.835 b=  3.458 c= 47.846 alpha= 90.000 beta=108.328 gamma= 90.000 V= 2643.98 score=  4.18 #  18
    a=16.80-16.91 b= 3.30- 3.36 c=47.95-48.09 alpha= 90.00- 90.00 beta=108.20-108.35 gamma= 90.00- 90.00 V=2525.48-2594.77level=4, indexed=1(19 sol.)
    a=0.06265-0.06229 b=0.30306-0.29751 c=0.02195-0.02191 alpha=0.31241-0.31480 beta=0.00000-0.00000 gamma=0.00000-0.00000level=4, indexed=1(19 sol.)
 Solution ? a= 16.835 b=  3.330 c= 47.846 alpha= 90.000 beta=108.328 gamma= 90.000 V= 2546.36 score=  4.18 #  19
    a=16.80-16.91 b= 3.18- 3.24 c=47.95-48.09 alpha= 90.00- 90.00 beta=108.20-108.35 gamma= 90.00- 90.00 V=2436.35-2501.55level=4, indexed=1(20 sol.)
    a=0.06265-0.06229 b=0.31414-0.30860 c=0.02195-0.02191 alpha=0.31241-0.31480 beta=0.00000-0.00000 gamma=0.00000-0.00000level=4, indexed=1(20 sol.)
 Solution ? a= 16.835 b=  3.212 c= 47.846 alpha= 90.000 beta=108.328 gamma= 90.000 V= 2455.69 score=  4.18 #  20
    a=16.80-16.91 b= 3.07- 3.13 c=47.95-48.09 alpha= 90.00- 90.00 beta=108.20-108.35 gamma= 90.00- 90.00 V=2353.29-2414.79level=4, indexed=1(21 sol.)
    a=0.06265-0.06229 b=0.32523-0.31969 c=0.02195-0.02191 alpha=0.31241-0.31480 beta=0.00000-0.00000 gamma=0.00000-0.00000level=4, indexed=1(21 sol.)
 Solution ? a= 16.835 b=  3.101 c= 47.846 alpha= 90.000 beta=108.328 gamma= 90.000 V= 2371.26 score=  4.18 #  21
    a=16.80-16.91 b= 2.97- 3.02 c=47.95-48.09 alpha= 90.00- 90.00 beta=108.20-108.35 gamma= 90.00- 90.00 V=2275.71-2333.85level=4, indexed=1(22 sol.)
    a=0.06265-0.06229 b=0.33632-0.33078 c=0.02195-0.02191 alpha=0.31241-0.31480 beta=0.00000-0.00000 gamma=0.00000-0.00000level=4, indexed=1(22 sol.)
 Solution ? a= 16.835 b=  2.998 c= 47.846 alpha= 90.000 beta=108.328 gamma= 90.000 V= 2292.43 score=  4.18 #  22
    a=16.80-16.91 b= 2.88- 2.93 c=47.95-48.09 alpha= 90.00- 90.00 beta=108.20-108.35 gamma= 90.00- 90.00 V=2203.08-2258.16level=4, indexed=1(23 sol.)
    a=0.06265-0.06229 b=0.34741-0.34186 c=0.02195-0.02191 alpha=0.31241-0.31480 beta=0.00000-0.00000 gamma=0.00000-0.00000level=4, indexed=1(23 sol.)
 Solution ? a= 16.835 b=  2.902 c= 47.846 alpha= 90.000 beta=108.328 gamma= 90.000 V= 2218.68 score=  4.18 #  23
     a=34.25-34.35 b= 2.68- 2.70 c=40.42-40.53 alpha= 90.00- 90.00 beta=131.22-131.31 gamma= 90.00- 90.00 V=2788.80-2825.71level=5, indexed=1(24 sol.)
     a=0.03882-0.03876 b=0.37342-0.37008 c=0.03289-0.03285 alpha=0.65892-0.66012 beta=0.00000-0.00000 gamma=0.00000-0.00000level=5, indexed=1(24 sol.)
 Solution ? a= 34.312 b=  2.690 c= 40.528 alpha= 90.000 beta=131.302 gamma= 90.000 V= 2810.20 score=  4.78 #  24
     a=34.25-34.35 b= 2.63- 2.65 c=40.42-40.53 alpha= 90.00- 90.00 beta=131.22-131.31 gamma= 90.00- 90.00 V=2739.81-2775.63level=5, indexed=1(25 sol.)
     a=0.03882-0.03876 b=0.38009-0.37675 c=0.03289-0.03285 alpha=0.65892-0.66012 beta=0.00000-0.00000 gamma=0.00000-0.00000level=5, indexed=1(25 sol.)
 Solution ? a= 34.312 b=  2.643 c= 40.528 alpha= 90.000 beta=131.302 gamma= 90.000 V= 2760.61 score=  4.78 #  25
     a=34.25-34.35 b= 2.59- 2.61 c=40.42-40.53 alpha= 90.00- 90.00 beta=131.22-131.31 gamma= 90.00- 90.00 V=2692.50-2727.29level=5, indexed=1(26 sol.)
     a=0.03882-0.03876 b=0.38677-0.38343 c=0.03289-0.03285 alpha=0.65892-0.66012 beta=0.00000-0.00000 gamma=0.00000-0.00000level=5, indexed=1(26 sol.)
 Solution ? a= 34.312 b=  2.597 c= 40.528 alpha= 90.000 beta=131.302 gamma= 90.000 V= 2712.73 score=  4.78 #  26
     a=34.25-34.35 b= 2.54- 2.56 c=40.42-40.53 alpha= 90.00- 90.00 beta=131.22-131.31 gamma= 90.00- 90.00 V=2646.80-2680.60level=5, indexed=1(27 sol.)
     a=0.03882-0.03876 b=0.39345-0.39011 c=0.03289-0.03285 alpha=0.65892-0.66012 beta=0.00000-0.00000 gamma=0.00000-0.00000level=5, indexed=1(27 sol.)
 Solution ? a= 34.312 b=  2.552 c= 40.528 alpha= 90.000 beta=131.302 gamma= 90.000 V= 2666.50 score=  4.78 #  27
     a=34.25-34.35 b= 2.50- 2.52 c=40.42-40.53 alpha= 90.00- 90.00 beta=131.22-131.31 gamma= 90.00- 90.00 V=2602.63-2635.49level=5, indexed=1(28 sol.)
     a=0.03882-0.03876 b=0.40013-0.39679 c=0.03289-0.03285 alpha=0.65892-0.66012 beta=0.00000-0.00000 gamma=0.00000-0.00000level=5, indexed=1(28 sol.)
 Solution ? a= 34.312 b=  2.510 c= 40.528 alpha= 90.000 beta=131.302 gamma= 90.000 V= 2621.81 score=  4.78 #  28
     a=34.25-34.35 b= 2.46- 2.48 c=40.42-40.53 alpha= 90.00- 90.00 beta=131.22-131.31 gamma= 90.00- 90.00 V=2559.90-2591.87level=5, indexed=1(29 sol.)
     a=0.03882-0.03876 b=0.40681-0.40347 c=0.03289-0.03285 alpha=0.65892-0.66012 beta=0.00000-0.00000 gamma=0.00000-0.00000level=5, indexed=1(29 sol.)
 Solution ? a= 34.312 b=  2.468 c= 40.528 alpha= 90.000 beta=131.302 gamma= 90.000 V= 2578.59 score=  4.78 #  29
     a=34.25-34.35 b= 2.42- 2.44 c=40.42-40.53 alpha= 90.00- 90.00 beta=131.22-131.31 gamma= 90.00- 90.00 V=2518.56-2549.66level=5, indexed=1(30 sol.)
     a=0.03882-0.03876 b=0.41348-0.41014 c=0.03289-0.03285 alpha=0.65892-0.66012 beta=0.00000-0.00000 gamma=0.00000-0.00000level=5, indexed=1(30 sol.)
 Solution ? a= 34.312 b=  2.428 c= 40.528 alpha= 90.000 beta=131.302 gamma= 90.000 V= 2536.78 score=  4.78 #  30
     a=34.25-34.35 b= 2.38- 2.40 c=40.42-40.53 alpha= 90.00- 90.00 beta=131.22-131.31 gamma= 90.00- 90.00 V=2478.53-2508.82level=5, indexed=1(31 sol.)
     a=0.03882-0.03876 b=0.42016-0.41682 c=0.03289-0.03285 alpha=0.65892-0.66012 beta=0.00000-0.00000 gamma=0.00000-0.00000level=5, indexed=1(31 sol.)
 Solution ? a= 34.312 b=  2.390 c= 40.528 alpha= 90.000 beta=131.302 gamma= 90.000 V= 2496.30 score=  4.78 #  31
Finished: V=2260.11->2790.16 A^3, 446942 unit cells tested, 1.58309e+06 tests/s,   Elapsed time=0.282331s
Starting: V=2790.16->3320.21
    a=16.78-16.88 b= 4.66- 4.78 c=45.60-45.70 alpha= 90.00- 90.00 beta= 92.26- 92.40 gamma= 90.00- 90.00 V=3562.68-3682.02level=4, indexed=1(32 sol.)
    a=0.05964-0.05930 b=0.21460-0.20932 c=0.02195-0.02190 alpha=0.03950-0.04189 beta=0.00000-0.00000 gamma=0.00000-0.00000level=4, indexed=1(32 sol.)
 Solution ? a= 16.813 b=  4.717 c= 45.430 alpha= 90.000 beta= 92.313 gamma= 90.000 V= 3600.24 score=  4.08 #  32
    a=16.78-16.88 b= 4.44- 4.55 c=45.60-45.70 alpha= 90.00- 90.00 beta= 92.26- 92.40 gamma= 90.00- 90.00 V=3395.69-3505.29level=4, indexed=1(33 sol.)
    a=0.05964-0.05930 b=0.22516-0.21988 c=0.02195-0.02190 alpha=0.03950-0.04189 beta=0.00000-0.00000 gamma=0.00000-0.00000level=4, indexed=1(33 sol.)
 Solution ? a= 16.835 b=  4.494 c= 45.454 alpha= 90.000 beta= 92.256 gamma= 90.000 V= 3436.30 score=  4.18 #  33
    a=16.78-16.88 b= 4.24- 4.34 c=45.60-45.70 alpha= 90.00- 90.00 beta= 92.26- 92.40 gamma= 90.00- 90.00 V=3243.64-3344.75level=4, indexed=1(34 sol.)
    a=0.05964-0.05930 b=0.23571-0.23043 c=0.02195-0.02190 alpha=0.03950-0.04189 beta=0.00000-0.00000 gamma=0.00000-0.00000level=4, indexed=1(34 sol.)
 Solution ? a= 16.835 b=  4.291 c= 45.454 alpha= 90.000 beta= 92.256 gamma= 90.000 V= 3280.70 score=  4.18 #  34
    a=16.78-16.88 b= 4.06- 4.15 c=45.60-45.70 alpha= 90.00- 90.00 beta= 92.26- 92.40 gamma= 90.00- 90.00 V=3104.63-3198.26level=4, indexed=1(35 sol.)
    a=0.05964-0.05930 b=0.24626-0.24099 c=0.02195-0.02190 alpha=0.03950-0.04189 beta=0.00000-0.00000 gamma=0.00000-0.00000level=4, indexed=1(35 sol.)
 Solution ? a= 16.835 b=  4.105 c= 45.454 alpha= 90.000 beta= 92.256 gamma= 90.000 V= 3138.58 score=  4.18 #  35
    a=16.78-16.88 b= 3.89- 3.98 c=45.60-45.70 alpha= 90.00- 90.00 beta= 92.26- 92.40 gamma= 90.00- 90.00 V=2977.05-3064.07level=4, indexed=1(36 sol.)
    a=0.05964-0.05930 b=0.25682-0.25154 c=0.02195-0.02190 alpha=0.03950-0.04189 beta=0.00000-0.00000 gamma=0.00000-0.00000level=4, indexed=1(36 sol.)
 Solution ? a= 16.835 b=  3.934 c= 45.454 alpha= 90.000 beta= 92.256 gamma= 90.000 V= 3008.26 score=  4.18 #  36
    a=16.78-16.88 b= 3.74- 3.82 c=45.60-45.70 alpha= 90.00- 90.00 beta= 92.26- 92.40 gamma= 90.00- 90.00 V=2859.54-2940.69level=4, indexed=1(37 sol.)
    a=0.05964-0.05930 b=0.26737-0.26209 c=0.02195-0.02190 alpha=0.03950-0.04189 beta=0.00000-0.00000 gamma=0.00000-0.00000level=4, indexed=1(37 sol.)
 Solution ? a= 16.835 b=  3.777 c= 45.454 alpha= 90.000 beta= 92.256 gamma= 90.000 V= 2888.33 score=  4.18 #  37
    a=16.78-16.88 b= 3.60- 3.67 c=45.60-45.70 alpha= 90.00- 90.00 beta= 92.26- 92.40 gamma= 90.00- 90.00 V=2750.95-2826.86level=4, indexed=1(38 sol.)
    a=0.05964-0.05930 b=0.27793-0.27265 c=0.02195-0.02190 alpha=0.03950-0.04189 beta=0.00000-0.00000 gamma=0.00000-0.00000level=4, indexed=1(38 sol.)
 Solution ? a= 16.835 b=  3.633 c= 45.454 alpha= 90.000 beta= 92.256 gamma= 90.000 V= 2777.60 score=  4.18 #  38
    a=16.78-16.88 b= 3.47- 3.53 c=45.60-45.70 alpha= 90.00- 90.00 beta= 92.26- 92.40 gamma= 90.00- 90.00 V=2650.30-2721.51level=4, indexed=1(39 sol.)
    a=0.05964-0.05930 b=0.28848-0.28320 c=0.02195-0.02190 alpha=0.03950-0.04189 beta=0.00000-0.00000 gamma=0.00000-0.00000level=4, indexed=1(39 sol.)
 Solution ? a= 16.835 b=  3.498 c= 45.454 alpha= 90.000 beta= 92.256 gamma= 90.000 V= 2675.04 score=  4.18 #  39
    a=12.85-12.94 b=15.10-15.22 c=17.91-18.03 alpha= 90.00- 90.00 beta= 98.05- 98.19 gamma= 90.00- 90.00 V=3440.55-3512.90level=4, indexed=1(40 sol.)
    a=0.07859-0.07808 b=0.06624-0.06572 c=0.05639-0.05605 alpha=0.14004-0.14244 beta=0.00000-0.00000 gamma=0.00000-0.00000level=4, indexed=1(40 sol.)
 Solution ? a= 12.858 b= 15.171 c= 18.008 alpha= 90.000 beta= 98.016 gamma= 90.000 V= 3478.55 score=  5.06 #  40
    a=12.86-12.95 b=15.10-15.22 c=17.92-18.04 alpha= 90.00- 90.00 beta= 98.33- 98.47 gamma= 90.00- 90.00 V=3442.95-3515.39level=4, indexed=1(41 sol.)
    a=0.07859-0.07808 b=0.06624-0.06572 c=0.05639-0.05605 alpha=0.14483-0.14723 beta=0.00000-0.00000 gamma=0.00000-0.00000level=4, indexed=1(41 sol.)
 Solution ? a= 12.889 b= 15.172 c= 18.127 alpha= 90.000 beta= 98.172 gamma= 90.000 V= 3508.73 score=  5.70 #  41
Finished: V=2790.16->3320.21 A^3, 1036961 unit cells tested, 1.45734e+06 tests/s,   Elapsed time=0.711555s
Starting: V=3320.21->3850.26
Finished: V=3320.21->3850.26 A^3, 2226519 unit cells tested, 1.09811e+06 tests/s,   Elapsed time=2.0276s
Starting: V=3850.26->4380.32
      a=18.20-18.26 b=11.43-11.49 c=21.92-21.97 alpha= 90.00- 90.00 beta=100.34-100.41 gamma= 90.00- 90.00 V=4487.56-4533.99level=6, indexed=1(50 sol.)
      a=0.05586-0.05569 b=0.08745-0.08702 c=0.04637-0.04628 alpha=0.17954-0.18074 beta=0.00000-0.00000 gamma=0.00000-0.00000level=6, indexed=1(50 sol.)
 Solution ? a= 18.286 b= 11.514 c= 21.908 alpha= 90.000 beta=100.742 gamma= 90.000 V= 4531.84 score=  9.12 #  50
      a=18.15-18.23 b=11.45-11.49 c=25.80-25.87 alpha= 90.00- 90.00 beta=123.16-123.24 gamma= 90.00- 90.00 V=4487.56-4529.57level=6, indexed=1(55 sol.)
      a=0.06580-0.06560 b=0.08736-0.08706 c=0.04631-0.04622 alpha=0.54701-0.54821 beta=0.00000-0.00000 gamma=0.00000-0.00000level=6, indexed=1(55 sol.)
 Solution ? a= 18.286 b= 11.514 c= 25.788 alpha= 90.000 beta=123.418 gamma= 90.000 V= 4531.84 score=  9.12 #  55
      a=18.15-18.23 b=11.45-11.49 c=25.75-25.82 alpha= 90.00- 90.00 beta=123.16-123.24 gamma= 90.00- 90.00 V=4479.44-4521.35level=6, indexed=1(56 sol.)
      a=0.06580-0.06560 b=0.08736-0.08706 c=0.04639-0.04631 alpha=0.54701-0.54821 beta=0.00000-0.00000 gamma=0.00000-0.00000level=6, indexed=1(56 sol.)
 Solution ? a= 18.286 b= 11.514 c= 25.788 alpha= 90.000 beta=123.418 gamma= 90.000 V= 4531.84 score=  9.12 #  56
      a=18.17-18.24 b=11.45-11.49 c=25.82-25.89 alpha= 90.00- 90.00 beta=123.24-123.33 gamma= 90.00- 90.00 V=4491.77-4533.83level=6, indexed=1(57 sol.)
      a=0.06580-0.06560 b=0.08736-0.08706 c=0.04631-0.04622 alpha=0.54821-0.54940 beta=0.00000-0.00000 gamma=0.00000-0.00000level=6, indexed=1(57 sol.)
 Solution ? a= 18.286 b= 11.514 c= 25.788 alpha= 90.000 beta=123.418 gamma= 90.000 V= 4531.84 score=  9.12 #  57
Finished: V=3850.26->4380.32 A^3, 4322647 unit cells tested, 825155 tests/s,   Elapsed time=5.2386s
Starting: V=4380.32->4910.37
      a=39.48-39.55 b= 3.24- 3.27 c=46.06-46.13 alpha= 90.00- 90.00 beta=107.99-108.06 gamma= 90.00- 90.00 V=5603.92-5670.65level=6, indexed=1(65 sol.)
      a=0.02663-0.02660 b=0.30860-0.30583 c=0.02283-0.02280 alpha=0.30881-0.31001 beta=0.00000-0.00000 gamma=0.00000-0.00000level=6, indexed=1(65 sol.)
 Solution ? a= 39.640 b=  3.255 c= 46.109 alpha= 90.000 beta=108.188 gamma= 90.000 V= 5652.20 score= 12.16 #  65
      a=39.50-39.56 b= 3.24- 3.27 c=46.08-46.15 alpha= 90.00- 90.00 beta=108.06-108.13 gamma= 90.00- 90.00 V=5606.22-5672.98level=6, indexed=1(66 sol.)
      a=0.02663-0.02660 b=0.30860-0.30583 c=0.02283-0.02280 alpha=0.31001-0.31121 beta=0.00000-0.00000 gamma=0.00000-0.00000level=6, indexed=1(66 sol.)
 Solution ? a= 39.640 b=  3.255 c= 46.109 alpha= 90.000 beta=108.188 gamma= 90.000 V= 5652.20 score= 12.16 #  66
      a=39.50-39.56 b= 3.24- 3.27 c=46.02-46.09 alpha= 90.00- 90.00 beta=108.06-108.13 gamma= 90.00- 90.00 V=5599.97-5666.65level=6, indexed=1(74 sol.)
      a=0.02663-0.02660 b=0.30860-0.30583 c=0.02285-0.02283 alpha=0.31001-0.31121 beta=0.00000-0.00000 gamma=0.00000-0.00000level=6, indexed=1(74 sol.)
 Solution ? a= 39.647 b=  3.255 c= 46.117 alpha= 90.000 beta=108.188 gamma= 90.000 V= 5654.20 score= 12.55 #  74
      a=39.50-39.56 b= 3.24- 3.27 c=45.97-46.04 alpha= 90.00- 90.00 beta=108.06-108.13 gamma= 90.00- 90.00 V=5593.74-5660.34level=6, indexed=1(76 sol.)
      a=0.02663-0.02660 b=0.30860-0.30583 c=0.02288-0.02285 alpha=0.31001-0.31121 beta=0.00000-0.00000 gamma=0.00000-0.00000level=6, indexed=1(76 sol.)
 Solution ? a= 39.647 b=  3.255 c= 46.117 alpha= 90.000 beta=108.188 gamma= 90.000 V= 5654.20 score= 12.55 #  76
      a=39.50-39.56 b= 3.24- 3.27 c=45.92-45.99 alpha= 90.00- 90.00 beta=108.06-108.13 gamma= 90.00- 90.00 V=5587.52-5654.04level=6, indexed=1(111 sol.)
      a=0.02663-0.02660 b=0.30860-0.30583 c=0.02290-0.02288 alpha=0.31001-0.31121 beta=0.00000-0.00000 gamma=0.00000-0.00000level=6, indexed=1(111 sol.)
 Solution ? a= 39.647 b=  3.255 c= 46.117 alpha= 90.000 beta=108.188 gamma= 90.000 V= 5654.20 score= 12.55 # 111
Finished: V=4380.32->4910.37 A^3, 7908488 unit cells tested, 417823 tests/s,   Elapsed time=18.9279s
Starting: V=4910.37->5440.42
Finished: V=4910.37->5440.42 A^3, 14045579 unit cells tested, 251448 tests/s,   Elapsed time=55.8587s
Starting: V=5440.42->5970.48
Finished: V=5440.42->5970.48 A^3, 24122296 unit cells tested, 214084 tests/s,   Elapsed time=112.677s
Starting: V=5970.48->6500
