Xebbd488 TETRAGONAL P 0 peaks [5.84567, 6.26, 6.94403, 7.96925, 9.13606, 10.24491, 11.36, 12.56013, 12.91271, 13.91406, 14.3195, 14.79573, 15.38305, 15.93908, 16.24178, 17.53906, 18.21709, 18.83925, 19.66208, 20.64008, 21.86231, 22.16912] V 1796.5213623046875 12780 Lmax 60
3->60,2.28001,24.9999
1.5708->2.44346,0.0766052,0.766044,11.3917
1796.52->12780,1098.46,9.999
Starting: V=1796.52->2894.98
Finished: V=1796.52->2894.98 A^3, 59 unit cells tested, 101375 tests/s,   Elapsed time=0.000588s
Starting: V=2894.98->3993.44
Finished: V=2894.98->3993.44 A^3, 117 unit cells tested, 93301.4 tests/s,   Elapsed time=0.00126s
Starting: V=3993.44->5091.89
Finished: V=3993.44->5091.89 A^3, 174 unit cells tested, 85002.4 tests/s,   Elapsed time=0.002052s
Starting: V=5091.89->6190.35
Finished: V=5091.89->6190.35 A^3, 238 unit cells tested, 80378.2 tests/s,   Elapsed time=0.002967s
Starting: V=6190.35->7288.81
Finished: V=6190.35->7288.81 A^3, 307 unit cells tested, 77564.4 tests/s,   Elapsed time=0.003964s
Starting: V=7288.81->8387.27
Finished: V=7288.81->8387.27 A^3, 385 unit cells tested, 75727.8 tests/s,   Elapsed time=0.005093s
Starting: V=8387.27->9485.72
Finished: V=8387.27->9485.72 A^3, 475 unit cells tested, 73757.8 tests/s,   Elapsed time=0.006446s
Starting: V=9485.72->10584.2
Finished: V=9485.72->10584.2 A^3, 578 unit cells tested, 73715.1 tests/s,   Elapsed time=0.007847s
Starting: V=10584.2->11682.6
Finished: V=10584.2->11682.6 A^3, 674 unit cells tested, 73054.4 tests/s,   Elapsed time=0.009232s
Starting: V=11682.6->12780
Finished: V=11682.6->12780 A^3, 760 unit cells tested, 71194.4 tests/s,   Elapsed time=0.010681s
DONE Xebbd488 TETRAGONAL P 0 0.010806083679199219 []
