METRIC_INDEX Xebbd488 ORTHOROMBIC P peaks [5.836258138777512, 6.981110237836135, 7.740072626106011, 7.9684171567337545, 9.160550771477233, 11.20774824492003, 11.36929120669826, 12.563551305697352, 12.913039611543208, 13.919688099278286, 14.333907025875984, 14.798712888990435, 15.392812097206953, 15.941212543813265, 16.244739982535606, 17.55170704104384, 18.240500556038125, 18.857431860796673, 19.699634296276873, 20.641624441326616] bounds [(0.02, 0.2857142857142857), (0.02, 0.2857142857142857), (0.02, 0.2857142857142857), (-0.1, 0.1)] volume 1900.0 3300.0
TRIAL 0 sec 2.9487836360931396 cost 1.7052785547316387 score 2.9179059219102585 vol 1866.3805868769946 cell [ 6.8565 15.1613 17.954  90.     90.     90.    ] zero 0.01604772032423867 best 1.7052785547316387 diff [ 0.0043  0.6903 -0.0974 -0.3193  0.7258  0.257   0.0932  0.118   0.0041
 -0.0891 -0.1517  0.0076 -0.0908 -0.0173  0.0252 -0.0013 -0.003   0.0355
 -0.0096 -0.0051]
TRIAL 1 sec 4.139768600463867 cost 1.691724021543256 score 3.3661270760168764 vol 2693.304404880363 cell [ 7.0198 12.6722 30.2769 90.     90.     90.    ] zero 0.013397618853586769 best 1.691724021543256 diff [ 0.0105  0.0022 -0.1679 -0.3879 -0.0534  0.0045 -0.1558  0.0497  0.0358
 -0.0117 -0.0506 -0.0772 -0.0164  0.2841 -0.0216  0.0227  0.0177  0.0077
  0.0632 -0.0451]
TRIAL 2 sec 5.43051290512085 cost 1.9207747723430193 score 1.858632732801459 vol 1956.9747998068192 cell [ 5.131  12.61   30.2459 90.     90.     90.    ] zero -0.006494271594951562 best 1.691724021543256 diff [-0.0035  0.0168 -0.1556 -0.3765 -0.0432  0.0132 -0.1475 -0.8466  0.7444
  0.1093 -0.0021 -0.1726 -0.1857  0.2933 -0.0129  0.021  -0.0038  0.0221
 -0.1425 -0.0038]
TRIAL 3 sec 7.81989860534668 cost 1.689436309956956 score 3.491033397967009 vol 2249.217140679557 cell [ 6.2267 15.2449 23.6945 90.     90.     90.    ] zero 0.09999999999999999 best 1.689436309956956 diff [ 0.0565  0.0086 -0.179  -0.3962  0.3905  0.086  -0.0743  0.1487 -0.1974
 -0.0159 -0.0211 -0.0009  0.0659 -0.0312  0.0025 -0.0138 -0.0131  0.0063
  0.0017  0.1375]
TRIAL 4 sec 9.70999526977539 cost 1.6916991108564505 score 3.368346155839634 vol 2693.549715302934 cell [ 7.0199 12.6728 30.2777 90.     90.     90.    ] zero 0.013540297085435228 best 1.689436309956956 diff [ 0.0104  0.002  -0.1681 -0.3881 -0.0537  0.0042 -0.156   0.0496  0.0357
 -0.0118 -0.0511 -0.0774 -0.0165  0.2838 -0.0219  0.0224  0.0171  0.0072
  0.0627 -0.0455]
TRIAL 5 sec 10.731503963470459 cost 1.6894363099035004 score 3.4910333980327173 vol 2249.2171406766374 cell [ 6.2267 15.2449 23.6945 90.     90.     90.    ] zero 0.09999999999999999 best 1.689436309956956 diff [ 0.0565  0.0086 -0.179  -0.3962  0.3905  0.086  -0.0743  0.1487 -0.1974
 -0.0159 -0.0211 -0.0009  0.0659 -0.0312  0.0025 -0.0138 -0.0131  0.0063
  0.0017  0.1375]
TRIAL 6 sec 12.428220272064209 cost 1.9207960490828007 score 1.8587759621983695 vol 1957.3253925341892 cell [ 5.1313 12.6109 30.2478 90.     90.     90.    ] zero -0.005670773382277639 best 1.689436309956956 diff [-0.003   0.0171 -0.1553 -0.3761 -0.043   0.0133 -0.1474 -0.8464  0.7443
  0.1091 -0.0024 -0.1727 -0.186   0.2931 -0.0131  0.0208 -0.0038  0.0219
 -0.1427 -0.004 ]
TRIAL 7 sec 13.397254943847656 cost 1.989304964550959 score 2.307176326110262 vol 1930.8499423665282 cell [ 7.5058 13.5458 18.9911 90.     90.     90.    ] zero -0.09999999990000001 best 1.689436309956956 diff [ 6.235e-01 -5.461e-01  1.753e-01 -5.760e-02  4.670e-02  6.440e-02
 -9.830e-02  8.100e-03  4.880e-02 -4.110e-02 -1.713e-01  1.367e-01
 -5.480e-02  2.010e-02  5.750e-02 -2.780e-02 -2.150e-02  2.207e-01
 -4.000e-04 -5.386e-01]
TRIAL 8 sec 14.89768934249878 cost 1.6894363099416738 score 3.491033398001424 vol 2249.2171406789457 cell [ 6.2267 15.2449 23.6945 90.     90.     90.    ] zero 0.09999999999999999 best 1.689436309956956 diff [ 0.0565  0.0086 -0.179  -0.3962  0.3905  0.086  -0.0743  0.1487 -0.1974
 -0.0159 -0.0211 -0.0009  0.0659 -0.0312  0.0025 -0.0138 -0.0131  0.0063
  0.0017  0.1375]
TRIAL 9 sec 17.63381266593933 cost 1.7634981715334674 score 2.3676743529565725 vol 2148.7623998718173 cell [ 3.5    17.8319 34.4288 90.     90.     90.    ] zero 0.032336984262947524 best 1.689436309956956 diff [-0.2213  0.1846 -0.0104 -0.2342  0.0282 -0.0084  0.0694  0.0308 -0.0345
 -0.1118 -0.0102  0.126   0.0691 -0.1476  0.0014  0.5077 -0.0852 -0.1247
  0.0477 -0.002 ]
TRIAL 10 sec 18.696962118148804 cost 1.9855879301459232 score 2.106104683788998 vol 1924.6380964717366 cell [ 6.1808 13.1629 23.6567 90.     90.     90.    ] zero 0.01178079249463946 best 1.689436309956956 diff [ 9.504e-01 -2.543e-01 -4.820e-02 -2.716e-01  9.393e-01  1.570e-02
 -1.448e-01  5.357e-01  1.769e-01  4.780e-02 -3.700e-03  1.480e-02
  1.340e-02 -1.015e-01  3.410e-02 -2.200e-03 -6.700e-03 -1.056e-01
  5.000e-04 -5.850e-02]
TRIAL 11 sec 19.680449962615967 cost 1.9507149457537794 score 2.4407846063856793 vol 1995.2353763436226 cell [ 7.5741 13.5379 19.4588 90.     90.     90.    ] zero 0.03114280762646856 best 1.689436309956956 diff [ 0.7589 -0.4113  0.2432  0.012  -0.0471  0.0136 -0.1466 -0.0015  0.1877
 -0.0479 -0.1621  0.0428 -0.2256  0.0271 -0.0152  0.0372  0.0122  0.1079
 -0.0117 -0.4218]
TRIAL 12 sec 21.983606338500977 cost 1.6917354790334924 score 3.3680557806419054 vol 2693.249877770187 cell [ 7.0194 12.6728 30.2763 90.     90.     90.    ] zero 0.01297422125232175 best 1.689436309956956 diff [ 0.0101  0.0014 -0.1687 -0.3886 -0.0541  0.004  -0.1563  0.0499  0.036
 -0.0115 -0.0516 -0.0773 -0.0162  0.2838 -0.0219  0.0227  0.0169  0.0072
  0.0627 -0.0451]
TRIAL 13 sec 23.19980525970459 cost 1.967339372037926 score 1.914611522122524 vol 1872.1195377100125 cell [ 4.8317 12.7139 30.4758 90.     90.     90.    ] zero 0.09999999990000001 best 1.689436309956956 diff [ 0.0591  0.0659 -0.1091 -0.3283 -0.0085  0.0321 -0.1273 -0.8222  0.7398
  0.1    -0.0127 -0.1754 -0.201   0.2728 -0.0311 -0.0058  0.0195  0.0406
  0.04   -0.048 ]
TRIAL 14 sec 24.81254529953003 cost 1.797590733546322 score 2.3648572741139335 vol 1885.2624522856954 cell [ 3.5907 13.7337 38.2302 90.     90.     90.    ] zero 0.045477510316120906 best 1.689436309956956 diff [ 6.699e-01 -4.600e-03  2.279e-01 -2.400e-03  1.309e-01  1.079e-01
 -5.340e-02  3.674e-01  1.400e-02  1.310e-02  3.565e-01 -1.108e-01
 -2.990e-02 -1.670e-02  1.710e-02 -4.520e-02  3.596e-01  1.736e-01
 -5.000e-04  2.600e-03]
TRIAL 15 sec 27.31316113471985 cost 1.7975889853121763 score 2.366222624423519 vol 1885.2241471397388 cell [ 3.5906 13.734  38.2293 90.     90.     90.    ] zero 0.04526012616431581 best 1.689436309956956 diff [ 6.696e-01 -4.600e-03  2.276e-01 -2.700e-03  1.309e-01  1.078e-01
 -5.350e-02  3.669e-01  1.350e-02  1.320e-02  3.561e-01 -1.111e-01
 -2.990e-02 -1.700e-02  1.720e-02 -4.520e-02  3.598e-01  1.735e-01
 -4.000e-04  2.100e-03]
TRIAL 16 sec 28.732414722442627 cost 1.6894363099865477 score 3.4910333979414765 vol 2249.21714068172 cell [ 6.2267 15.2449 23.6945 90.     90.     90.    ] zero 0.09999999999999999 best 1.689436309956956 diff [ 0.0565  0.0086 -0.179  -0.3962  0.3905  0.086  -0.0743  0.1487 -0.1974
 -0.0159 -0.0211 -0.0009  0.0659 -0.0312  0.0025 -0.0138 -0.0131  0.0063
  0.0017  0.1375]
TRIAL 17 sec 30.103803873062134 cost 1.6894363099684062 score 3.4910333979626387 vol 2249.2171406802345 cell [ 6.2267 15.2449 23.6945 90.     90.     90.    ] zero 0.09999999999999999 best 1.689436309956956 diff [ 0.0565  0.0086 -0.179  -0.3962  0.3905  0.086  -0.0743  0.1487 -0.1974
 -0.0159 -0.0211 -0.0009  0.0659 -0.0312  0.0025 -0.0138 -0.0131  0.0063
  0.0017  0.1375]
TRIAL 18 sec 32.78372621536255 cost 1.7637377548092827 score 2.367686094272727 vol 2148.526463942308 cell [ 3.5    17.8307 34.4273 90.     90.     90.    ] zero 0.03158072312647616 best 1.689436309956956 diff [-0.2218  0.1842 -0.0108 -0.2347  0.0279 -0.0085  0.0692  0.0307 -0.0347
 -0.1119 -0.0102  0.1263  0.069  -0.1474  0.0014  0.5077 -0.0848 -0.1246
  0.048  -0.0018]
TRIAL 19 sec 34.00406837463379 cost 1.6894363099743697 score 3.491033397972095 vol 2249.2171406807915 cell [ 6.2267 15.2449 23.6945 90.     90.     90.    ] zero 0.09999999999999999 best 1.689436309956956 diff [ 0.0565  0.0086 -0.179  -0.3962  0.3905  0.086  -0.0743  0.1487 -0.1974
 -0.0159 -0.0211 -0.0009  0.0659 -0.0312  0.0025 -0.0138 -0.0131  0.0063
  0.0017  0.1375]
TRIAL 20 sec 35.721301317214966 cost 1.7976195932642065 score 2.363726058944778 vol 1885.4975293308903 cell [ 3.5912 13.7337 38.2296 90.     90.     90.    ] zero 0.04572236909409329 best 1.689436309956956 diff [ 0.6702 -0.0042  0.2282 -0.0021  0.1313  0.1083 -0.053   0.3676  0.0142
  0.0136  0.3567 -0.1105 -0.0295 -0.0164  0.0176 -0.0448  0.3601  0.174
 -0.      0.0029]
TRIAL 21 sec 37.685699701309204 cost 1.7726418085254516 score 2.529461743413613 vol 2190.865705565717 cell [ 6.2338 15.6354 22.4779 90.     90.     90.    ] zero 0.09997820021345888 best 1.689436309956956 diff [-0.0855  0.0007  0.2209 -0.0077  0.6381  0.202   0.0402 -0.4739  0.2803
 -0.032  -0.0371  0.0363 -0.0034 -0.0491  0.1017  0.0017  0.0462 -0.0047
  0.1324 -0.0014]
TRIAL 22 sec 38.635855197906494 cost 1.6894363099438552 score 3.491033397986784 vol 2249.2171406791754 cell [ 6.2267 15.2449 23.6945 90.     90.     90.    ] zero 0.09999999999999999 best 1.689436309956956 diff [ 0.0565  0.0086 -0.179  -0.3962  0.3905  0.086  -0.0743  0.1487 -0.1974
 -0.0159 -0.0211 -0.0009  0.0659 -0.0312  0.0025 -0.0138 -0.0131  0.0063
  0.0017  0.1375]
TRIAL 23 sec 39.99940824508667 cost 1.7975907535557538 score 2.36564450929869 vol 1885.093606799602 cell [ 3.5903 13.7339 38.23   90.     90.     90.    ] zero 0.04538319525322243 best 1.689436309956956 diff [ 6.698e-01 -4.600e-03  2.277e-01 -2.600e-03  1.308e-01  1.078e-01
 -5.350e-02  3.671e-01  1.370e-02  1.310e-02  3.562e-01 -1.110e-01
 -3.000e-02 -1.690e-02  1.700e-02 -4.530e-02  3.596e-01  1.735e-01
 -6.000e-04  2.400e-03]
TRIAL 24 sec 41.891639947891235 cost 1.7341090125446343 score 2.3903671377777767 vol 2154.654936647745 cell [ 3.5    17.9102 34.3718 90.     90.     90.    ] zero 0.028895034644508755 best 1.689436309956956 diff [-2.413e-01  1.720e-01 -1.100e-03 -2.253e-01  2.380e-02 -4.640e-02
  7.190e-02  9.000e-04 -1.670e-02 -1.032e-01 -3.150e-02  5.680e-02
  9.150e-02 -2.095e-01  1.580e-02  5.351e-01 -1.326e-01 -1.050e-01
  8.500e-03 -2.000e-04]
TRIAL 25 sec 42.996169328689575 cost 1.7975970237505272 score 2.3657544774210453 vol 1884.907051488562 cell [ 3.5902 13.7335 38.2285 90.     90.     90.    ] zero 0.04486856387617471 best 1.689436309956956 diff [ 6.694e-01 -4.900e-03  2.275e-01 -2.800e-03  1.307e-01  1.077e-01
 -5.360e-02  3.670e-01  1.360e-02  1.310e-02  3.562e-01 -1.110e-01
 -2.990e-02 -1.690e-02  1.720e-02 -4.510e-02  3.598e-01  1.736e-01
 -3.000e-04  2.500e-03]
TRIAL 26 sec 44.14012885093689 cost 1.689436309961279 score 3.4910333979730312 vol 2249.2171406800057 cell [ 6.2267 15.2449 23.6945 90.     90.     90.    ] zero 0.09999999999999999 best 1.689436309956956 diff [ 0.0565  0.0086 -0.179  -0.3962  0.3905  0.086  -0.0743  0.1487 -0.1974
 -0.0159 -0.0211 -0.0009  0.0659 -0.0312  0.0025 -0.0138 -0.0131  0.0063
  0.0017  0.1375]
TRIAL 27 sec 45.64320707321167 cost 1.6917174894650684 score 3.3660215235536532 vol 2693.3366476999186 cell [ 7.0199 12.672  30.277  90.     90.     90.    ] zero 0.013138010770038023 best 1.689436309956956 diff [ 0.0102  0.002  -0.1681 -0.388  -0.0536  0.0043 -0.156   0.0491  0.0352
 -0.0123 -0.0506 -0.0777 -0.0169  0.2839 -0.0218  0.0224  0.0176  0.0074
  0.0629 -0.0456]
TRIAL 28 sec 46.7950222492218 cost 1.689436309955332 score 3.4910333979805115 vol 2249.2171406797142 cell [ 6.2267 15.2449 23.6945 90.     90.     90.    ] zero 0.09999999999999999 best 1.689436309956956 diff [ 0.0565  0.0086 -0.179  -0.3962  0.3905  0.086  -0.0743  0.1487 -0.1974
 -0.0159 -0.0211 -0.0009  0.0659 -0.0312  0.0025 -0.0138 -0.0131  0.0063
  0.0017  0.1375]
TRIAL 29 sec 49.02869701385498 cost 1.7052696310805493 score 2.91727594987524 vol 1866.3892006113672 cell [ 6.8566 15.1615 17.9535 90.     90.     90.    ] zero 0.016034176717669758 best 1.689436309956956 diff [ 0.0042  0.6903 -0.0974 -0.3193  0.726   0.2572  0.0934  0.1179  0.0038
 -0.0893 -0.152   0.008  -0.0908 -0.017   0.0251 -0.0015 -0.0032  0.0356
 -0.0095 -0.0046]
TRIAL 30 sec 51.394538164138794 cost 1.8709448462543519 score 2.09054200131194 vol 1861.122135507485 cell [ 5.9873  8.1349 38.2116 90.     90.     90.    ] zero 0.02647722614170416 best 1.689436309956956 diff [-1.0624e+00 -2.0200e-02 -7.3760e-01 -9.4090e-01  1.1640e-01 -6.9600e-02
  2.2860e-01  3.6960e-01  1.5600e-02  9.0000e-04 -1.8500e-02  1.1600e-02
  1.3100e-01 -1.6300e-02  6.0000e-03 -5.8300e-02  1.7070e-01 -1.8000e-02
 -3.4000e-03  1.2000e-03]
TRIAL 31 sec 52.94466686248779 cost 1.705276192115332 score 2.916902583234151 vol 1866.472748233355 cell [ 6.8567 15.1616 17.9541 90.     90.     90.    ] zero 0.016210320931828105 best 1.689436309956956 diff [ 0.0044  0.6904 -0.0973 -0.3192  0.7259  0.2571  0.0933  0.118   0.0039
 -0.0893 -0.1519  0.0077 -0.0908 -0.0173  0.025  -0.0015 -0.0032  0.0354
 -0.0097 -0.0051]
TRIAL 32 sec 54.101747274398804 cost 1.8649852715121285 score 2.341246110511758 vol 1884.5942930514886 cell [ 3.5643 13.9676 37.8546 90.     90.     90.    ] zero -0.09998879097209529 best 1.689436309956956 diff [ 0.4067 -0.0813  0.0211 -0.2075  0.0787 -0.0228 -0.1843  0.0018 -0.1335
  0.0065  0.0513 -0.411  -0.0947 -0.2825  0.0341 -0.0797  0.4038 -0.0167
 -0.0054  0.016 ]
TRIAL 33 sec 56.075088024139404 cost 1.7726371638991365 score 2.529224759401917 vol 2190.952383619711 cell [ 6.2341 15.6353 22.4777 90.     90.     90.    ] zero 0.09999748600270136 best 1.689436309956956 diff [-0.0854  0.0007  0.221  -0.0076  0.6382  0.2021  0.0402 -0.4738  0.2804
 -0.0319 -0.0379  0.0355 -0.0041 -0.0498  0.1011  0.0018  0.0457 -0.0046
  0.1327 -0.0012]
TRIAL 34 sec 57.3523051738739 cost 1.991683098258036 score 2.140279641069472 vol 1957.005897896271 cell [ 7.4676 11.1829 23.4347 90.     90.     90.    ] zero 0.09999999999999999 best 1.689436309956956 diff [-1.6031  0.6797 -0.0988  0.0314 -0.2972 -0.1766  0.0491 -0.0325 -0.3738
 -0.0022  0.0166  0.0462 -0.1801 -0.0041 -0.0046  0.1087  0.0943  0.1616
 -0.0908 -0.0114]
TRIAL 35 sec 58.77744793891907 cost 1.6894363099337995 score 3.491033397988825 vol 2249.2171406782004 cell [ 6.2267 15.2449 23.6945 90.     90.     90.    ] zero 0.09999999999999999 best 1.689436309956956 diff [ 0.0565  0.0086 -0.179  -0.3962  0.3905  0.086  -0.0743  0.1487 -0.1974
 -0.0159 -0.0211 -0.0009  0.0659 -0.0312  0.0025 -0.0138 -0.0131  0.0063
  0.0017  0.1375]
TRIAL 36 sec 59.92447209358215 cost 1.8406812189734578 score 2.0331981683628455 vol 2016.3904697992298 cell [ 5.5158 12.2923 29.7393 90.     90.     90.    ] zero -0.09188945365220151 best 1.689436309956956 diff [ 0.0116  0.1155 -0.0558 -0.2819  0.0762  0.1612 -0.0027 -0.7441  0.942
 -0.1023 -0.0261 -0.0081  0.1047  0.0227 -0.0053 -0.0341  0.0605 -0.2321
 -0.0226  0.0321]
TRIAL 37 sec 61.24774193763733 cost 1.893230703676628 score 3.098498964262158 vol 2650.9947182798705 cell [ 6.6517 16.9969 23.448  90.     90.     90.    ] zero 0.06537475950117433 best 1.689436309956956 diff [-5.407e-01 -4.756e-01 -1.376e-01 -3.569e-01  6.090e-02 -7.660e-02
  8.000e-03 -4.290e-02  7.700e-03 -2.670e-02  1.870e-02  4.660e-02
 -2.450e-02  1.042e-01 -8.700e-03  6.900e-03  8.470e-02  1.161e-01
 -1.270e-02 -5.000e-04]
TRIAL 38 sec 62.45155358314514 cost 1.9385201840117154 score 1.9165624013922737 vol 1954.3356502217644 cell [ 5.0678 12.771  30.1966 90.     90.     90.    ] zero 0.06593989295125764 best 1.689436309956956 diff [ 7.860e-02  1.000e-03 -1.609e-01 -3.796e-01 -3.200e-02  4.180e-02
 -1.183e-01 -7.562e-01  7.863e-01  3.500e-03 -1.019e-01 -7.640e-02
 -2.711e-01  3.489e-01  4.300e-02 -1.000e-04  7.100e-03  3.210e-02
 -3.720e-02 -3.100e-03]
TRIAL 39 sec 63.93680548667908 cost 1.9207751984991581 score 1.8579922376585851 vol 1956.9323419871394 cell [ 5.1311 12.6097 30.2457 90.     90.     90.    ] zero -0.006734878782406906 best 1.689436309956956 diff [-0.0036  0.0166 -0.1557 -0.3766 -0.0433  0.0131 -0.1476 -0.8467  0.7443
  0.1093 -0.0021 -0.1727 -0.1857  0.2933 -0.013   0.0209 -0.0041  0.0218
 -0.1428 -0.004 ]
TRIAL 40 sec 65.17245149612427 cost 1.6894363099366163 score 3.49103339797688 vol 2249.217140678358 cell [ 6.2267 15.2449 23.6945 90.     90.     90.    ] zero 0.09999999999999999 best 1.689436309956956 diff [ 0.0565  0.0086 -0.179  -0.3962  0.3905  0.086  -0.0743  0.1487 -0.1974
 -0.0159 -0.0211 -0.0009  0.0659 -0.0312  0.0025 -0.0138 -0.0131  0.0063
  0.0017  0.1375]
TRIAL 41 sec 66.80202770233154 cost 1.8650213500693968 score 2.3403357958029627 vol 1884.5443904110932 cell [ 3.5639 13.9687 37.855  90.     90.     90.    ] zero -0.0995644158443611 best 1.689436309956956 diff [ 0.4066 -0.081   0.0211 -0.2075  0.079  -0.0227 -0.1842  0.0012 -0.134
  0.0068  0.0508 -0.4115 -0.0946 -0.2829  0.0344 -0.0795  0.4041 -0.017
 -0.0053  0.0157]
TRIAL 42 sec 68.53345704078674 cost 1.7975976832442007 score 2.3657413573497394 vol 1885.4255615701618 cell [ 3.5912 13.7338 38.2277 90.     90.     90.    ] zero 0.045002746165983744 best 1.689436309956956 diff [ 6.694e-01 -4.600e-03  2.275e-01 -2.800e-03  1.310e-01  1.079e-01
 -5.340e-02  3.668e-01  1.340e-02  1.360e-02  3.561e-01 -1.111e-01
 -2.960e-02 -1.690e-02  1.760e-02 -4.470e-02  3.604e-01  1.737e-01
  1.000e-04  2.200e-03]
TRIAL 43 sec 69.58571887016296 cost 1.7726482522400206 score 2.5291032227973105 vol 2190.8020924662737 cell [ 6.2337 15.6353 22.4775 90.     90.     90.    ] zero 0.09999996011646767 best 1.689436309956956 diff [-0.0854  0.0007  0.221  -0.0075  0.6383  0.2021  0.0402 -0.4738  0.2805
 -0.0318 -0.037   0.0364 -0.0033 -0.049   0.1019  0.0018  0.0463 -0.0046
  0.1328 -0.001 ]
TRIAL 44 sec 70.79689407348633 cost 1.6894363099435326 score 3.4910333979861567 vol 2249.2171406790453 cell [ 6.2267 15.2449 23.6945 90.     90.     90.    ] zero 0.09999999999999999 best 1.689436309956956 diff [ 0.0565  0.0086 -0.179  -0.3962  0.3905  0.086  -0.0743  0.1487 -0.1974
 -0.0159 -0.0211 -0.0009  0.0659 -0.0312  0.0025 -0.0138 -0.0131  0.0063
  0.0017  0.1375]
TRIAL 45 sec 73.08939957618713 cost 1.7975975895912355 score 2.364749313967532 vol 1884.923929220273 cell [ 3.59   13.734  38.2293 90.     90.     90.    ] zero 0.04565664346581018 best 1.689436309956956 diff [ 0.67   -0.0042  0.228  -0.0023  0.1313  0.1082 -0.0531  0.3673  0.0139
  0.0136  0.3565 -0.1108 -0.0295 -0.0166  0.0176 -0.0447  0.3602  0.1738
  0.      0.0025]
TRIAL 46 sec 74.48725128173828 cost 1.6894363099215717 score 3.4910333980159414 vol 2249.2171406780176 cell [ 6.2267 15.2449 23.6945 90.     90.     90.    ] zero 0.09999999999999999 best 1.689436309956956 diff [ 0.0565  0.0086 -0.179  -0.3962  0.3905  0.086  -0.0743  0.1487 -0.1974
 -0.0159 -0.0211 -0.0009  0.0659 -0.0312  0.0025 -0.0138 -0.0131  0.0063
  0.0017  0.1375]
TRIAL 47 sec 75.77396559715271 cost 1.772640359968731 score 2.5294298899184704 vol 2191.0206144442154 cell [ 6.2342 15.6352 22.4781 90.     90.     90.    ] zero 0.09999596086214294 best 1.689436309956956 diff [-0.0854  0.0007  0.2208 -0.0077  0.6381  0.2022  0.0403 -0.4737  0.2802
 -0.0319 -0.0382  0.0352 -0.0043 -0.0501  0.1008  0.0019  0.0455 -0.0045
  0.1322 -0.0016]
TRIAL 48 sec 77.32018423080444 cost 1.7975795110284192 score 2.3651307400643793 vol 1885.3000126974123 cell [ 3.5908 13.7338 38.2295 90.     90.     90.    ] zero 0.04537483140886183 best 1.689436309956956 diff [ 6.698e-01 -4.500e-03  2.278e-01 -2.500e-03  1.310e-01  1.079e-01
 -5.330e-02  3.672e-01  1.380e-02  1.330e-02  3.564e-01 -1.108e-01
 -2.980e-02 -1.670e-02  1.730e-02 -4.500e-02  3.599e-01  1.737e-01
 -3.000e-04  2.500e-03]
TRIAL 49 sec 78.62698578834534 cost 1.7975930571173044 score 2.3646901184116063 vol 1885.3291128302328 cell [ 3.591  13.7337 38.2278 90.     90.     90.    ] zero 0.04511959579634415 best 1.689436309956956 diff [ 6.696e-01 -4.500e-03  2.277e-01 -2.600e-03  1.311e-01  1.080e-01
 -5.330e-02  3.670e-01  1.360e-02  1.360e-02  3.563e-01 -1.109e-01
 -2.950e-02 -1.670e-02  1.770e-02 -4.460e-02  3.604e-01  1.739e-01
  2.000e-04  2.400e-03]
TRIAL 50 sec 80.21621990203857 cost 1.6894363099700926 score 3.4910333979637813 vol 2249.2171406805933 cell [ 6.2267 15.2449 23.6945 90.     90.     90.    ] zero 0.09999999999999999 best 1.689436309956956 diff [ 0.0565  0.0086 -0.179  -0.3962  0.3905  0.086  -0.0743  0.1487 -0.1974
 -0.0159 -0.0211 -0.0009  0.0659 -0.0312  0.0025 -0.0138 -0.0131  0.0063
  0.0017  0.1375]
TRIAL 51 sec 82.01057004928589 cost 1.797610355069041 score 2.366407601275891 vol 1885.3767928413918 cell [ 3.5906 13.7346 38.2307 90.     90.     90.    ] zero 0.04588334703010247 best 1.689436309956956 diff [ 6.699e-01 -4.200e-03  2.279e-01 -2.400e-03  1.312e-01  1.080e-01
 -5.330e-02  3.669e-01  1.360e-02  1.340e-02  3.561e-01 -1.111e-01
 -2.980e-02 -1.700e-02  1.730e-02 -4.520e-02  3.598e-01  1.733e-01
 -5.000e-04  1.800e-03]
TRIAL 52 sec 83.18934798240662 cost 1.7052728525000833 score 2.9177328716049513 vol 1866.3205048128207 cell [ 6.8565 15.1612 17.9535 90.     90.     90.    ] zero 0.015738921147231633 best 1.689436309956956 diff [ 0.004   0.6902 -0.0976 -0.3194  0.7258  0.257   0.0932  0.1179  0.0037
 -0.0895 -0.1521  0.0077 -0.0908 -0.0172  0.025  -0.0015 -0.0031  0.0356
 -0.0096 -0.0048]
TRIAL 53 sec 84.61969876289368 cost 1.689436309955415 score 3.4910333979710546 vol 2249.2171406797556 cell [ 6.2267 15.2449 23.6945 90.     90.     90.    ] zero 0.09999999999999999 best 1.689436309956956 diff [ 0.0565  0.0086 -0.179  -0.3962  0.3905  0.086  -0.0743  0.1487 -0.1974
 -0.0159 -0.0211 -0.0009  0.0659 -0.0312  0.0025 -0.0138 -0.0131  0.0063
  0.0017  0.1375]
TRIAL 54 sec 87.44770383834839 cost 1.882203038151251 score 2.8135336492680265 vol 2253.0176489749283 cell [ 6.2328 15.6331 23.1226 90.     90.     90.    ] zero 0.09999999990000001 best 1.689436309956956 diff [-0.0847 -0.0595  0.0011 -0.2212  0.4527  0.2037  0.0418  0.3337 -0.0174
 -0.1537 -0.0349  0.0095 -0.001  -0.0737 -0.0021 -0.0204  0.0491 -0.094
  0.1547  0.0157]
TRIAL 55 sec 88.68700909614563 cost 1.840681219018924 score 2.0331981683660314 vol 2016.3904698197748 cell [ 5.5158 12.2923 29.7393 90.     90.     90.    ] zero -0.09188945360322316 best 1.689436309956956 diff [ 0.0116  0.1155 -0.0558 -0.2819  0.0762  0.1612 -0.0027 -0.7441  0.942
 -0.1023 -0.0261 -0.0081  0.1047  0.0227 -0.0053 -0.0341  0.0605 -0.2321
 -0.0226  0.0321]
TRIAL 56 sec 89.60713243484497 cost 1.689436309932263 score 3.4910333980019077 vol 2249.2171406782168 cell [ 6.2267 15.2449 23.6945 90.     90.     90.    ] zero 0.09999999999999999 best 1.689436309956956 diff [ 0.0565  0.0086 -0.179  -0.3962  0.3905  0.086  -0.0743  0.1487 -0.1974
 -0.0159 -0.0211 -0.0009  0.0659 -0.0312  0.0025 -0.0138 -0.0131  0.0063
  0.0017  0.1375]
TRIAL 57 sec 90.88248825073242 cost 1.8650317915285812 score 2.3410466672518426 vol 1884.345634969861 cell [ 3.5635 13.9686 37.8556 90.     90.     90.    ] zero -0.09930946925112873 best 1.689436309956956 diff [ 0.4069 -0.0808  0.0213 -0.2072  0.0791 -0.0225 -0.184   0.0016 -0.1336
  0.0068  0.0511 -0.4112 -0.0945 -0.2826  0.0343 -0.0795  0.404  -0.0169
 -0.0053  0.0158]
TRIAL 58 sec 92.39447021484375 cost 1.6894363099835732 score 3.4910333979346144 vol 2249.2171406809834 cell [ 6.2267 15.2449 23.6945 90.     90.     90.    ] zero 0.09999999999999999 best 1.689436309956956 diff [ 0.0565  0.0086 -0.179  -0.3962  0.3905  0.086  -0.0743  0.1487 -0.1974
 -0.0159 -0.0211 -0.0009  0.0659 -0.0312  0.0025 -0.0138 -0.0131  0.0063
  0.0017  0.1375]
TRIAL 59 sec 93.63963842391968 cost 1.6894363099698995 score 3.4910333979326365 vol 2249.217140679689 cell [ 6.2267 15.2449 23.6945 90.     90.     90.    ] zero 0.09999999999999999 best 1.689436309956956 diff [ 0.0565  0.0086 -0.179  -0.3962  0.3905  0.086  -0.0743  0.1487 -0.1974
 -0.0159 -0.0211 -0.0009  0.0659 -0.0312  0.0025 -0.0138 -0.0131  0.0063
  0.0017  0.1375]
