METRIC_INDEX Xebbd488 MONOCLINIC P peaks [5.836258138777512, 6.981110237836135, 7.740072626106011, 7.9684171567337545, 9.160550771477233, 11.20774824492003, 11.36929120669826, 12.563551305697352, 12.913039611543208, 13.919688099278286, 14.333907025875984, 14.798712888990435, 15.392812097206953, 15.941212543813265, 16.244739982535606, 17.55170704104384, 18.240500556038125, 18.857431860796673, 19.699634296276873, 20.641624441326616] bounds [(0.02, 0.2857142857142857), (0.02, 0.2857142857142857), (0.02, 0.2857142857142857), (0.0, 0.7), (-0.1, 0.1)] volume 1900.0 3300.0
TRIAL 0 sec 13.004900693893433 cost 0.8643128933443345 score 3.68516739596296 vol 2530.5061822566336 cell [18.63    3.5    39.0147 90.     95.8967 90.    ] zero 0.056722656756373405 best 0.8643128933443345 diff [-2.818e-01 -3.700e-03  2.351e-01  4.900e-03  3.900e-03  3.000e-04
  7.870e-02 -3.200e-03 -5.610e-02  3.300e-03 -3.300e-03 -2.800e-03
 -1.010e-01 -1.340e-02 -1.700e-03  2.000e-04  8.960e-02  1.700e-03
  2.030e-02 -3.900e-03]
TRIAL 1 sec 17.407702207565308 cost 1.0254003932151126 score 3.576700997450439 vol 2047.5842729940332 cell [ 17.2982   3.5     38.5793  90.     118.7612  90.    ] zero -0.09935435888772705 best 0.8643128933443345 diff [-1.122e-01  9.130e-02 -2.800e-03 -2.306e-01 -6.330e-02  6.200e-03
  1.000e-04 -2.300e-03  6.690e-02 -1.506e-01 -6.650e-02  1.930e-02
 -1.300e-03  1.060e-02  6.000e-04 -1.200e-01  8.600e-03 -1.260e-02
  4.990e-02 -3.360e-02]
TRIAL 2 sec 21.0528621673584 cost 1.025408817060985 score 3.5767599959688257 vol 2047.5644730185109 cell [ 17.2981   3.5     37.4274  90.     115.3637  90.    ] zero -0.09952621407578605 best 0.8643128933443345 diff [-1.122e-01  9.110e-02 -2.900e-03 -2.307e-01 -6.350e-02  6.000e-03
 -2.000e-04 -2.500e-03  6.680e-02 -1.508e-01 -6.680e-02  1.950e-02
 -1.400e-03  1.040e-02  4.000e-04 -1.198e-01  8.600e-03 -1.230e-02
  4.960e-02 -3.390e-02]
TRIAL 3 sec 26.55395793914795 cost 1.0820015944725099 score 3.6167000312827002 vol 3026.3739423692064 cell [ 12.8705   4.8181  49.9759  90.     102.4327  90.    ] zero 0.09999999999999999 best 0.8643128933443345 diff [-0.294  -0.0114 -0.0137  0.0346 -0.0072  0.0248 -0.1345  0.1497 -0.1246
 -0.0156 -0.0582  0.0022 -0.0074  0.0026  0.0194  0.0067  0.0221  0.0006
  0.0072 -0.0007]
TRIAL 4 sec 29.26707887649536 cost 1.0111182359257707 score 2.6899747260570614 vol 2458.593041869083 cell [15.7264  3.5001 45.0517 90.     97.4971 90.    ] zero 0.06179619346669971 best 0.8643128933443345 diff [-0.0238  0.4088 -0.0276  0.0046  0.0135  0.1089  0.0335 -0.007   0.112
  0.0093  0.0118 -0.0663  0.0039 -0.0192 -0.0473  0.0085  0.1039 -0.0067
  0.1056 -0.0123]
TRIAL 5 sec 32.80351781845093 cost 1.0281417662680077 score 3.3120226936885406 vol 2050.508395783747 cell [ 17.387    3.5001  37.1894  90.     115.0387  90.    ] zero -0.0008479481220335594 best 0.8643128933443345 diff [-0.0038  0.1435  0.1254 -0.1033 -0.0029  0.016   0.07    0.0028  0.215
 -0.0699 -0.0179  0.196  -0.0022 -0.0111 -0.0078  0.0085 -0.0901  0.0155
  0.0072 -0.0027]
TRIAL 6 sec 38.89992141723633 cost 1.0247708523830499 score 4.218013828568915 vol 2302.0096418666835 cell [ 15.4197   7.6485  23.711   90.     124.5938  90.    ] zero 0.09081014938053697 best 0.8643128933443345 diff [ 0.0107  0.0679  0.0212 -0.2019 -0.0152  0.0942 -0.0663 -0.0525 -0.0189
  0.059  -0.0084 -0.0047 -0.0006  0.2811 -0.0231  0.0069 -0.0012 -0.0136
  0.0084  0.0061]
TRIAL 7 sec 42.56707525253296 cost 0.866355820857653 score 3.3362340001035515 vol 2259.8445036245125 cell [13.8755  3.5085 46.7325 90.     96.6293 90.    ] zero 0.0999981603106225 best 0.8643128933443345 diff [-0.0279  0.0115 -0.0273 -0.0442  0.0044 -0.2529  0.159  -0.0162  0.0227
 -0.01   -0.0752 -0.0473 -0.0349  0.0189  0.0489 -0.0096  0.0459  0.0483
  0.0052 -0.0022]
TRIAL 8 sec 46.110660791397095 cost 0.8656903240765867 score 3.337016493983891 vol 2258.025352286814 cell [13.8754  3.5057 46.7325 90.     96.6289 90.    ] zero 0.09999880200090906 best 0.8643128933443345 diff [-0.0279  0.0115 -0.0273 -0.0442  0.0044 -0.2529  0.159  -0.0162  0.0227
 -0.01   -0.0751 -0.0473 -0.0349  0.0189  0.049  -0.0095  0.0458  0.0483
  0.0051 -0.0021]
TRIAL 9 sec 52.75013065338135 cost 0.9921083559248581 score 2.623597086505064 vol 1891.413901586614 cell [ 13.7602   3.5262  46.5135  90.     123.0643  90.    ] zero 0.04794813263233229 best 0.8643128933443345 diff [ 6.695e-01 -6.000e-04 -3.160e-02  1.478e-01 -1.270e-02  1.816e-01
  1.930e-02  2.191e-01  1.110e-02  1.860e-02 -4.830e-02 -3.500e-03
  9.900e-03  8.700e-03 -2.100e-02 -8.500e-03 -8.000e-04  1.629e-01
 -5.000e-04 -1.044e-01]
TRIAL 10 sec 55.450881242752075 cost 1.1006909482886196 score 2.824245718374833 vol 1956.8915199971163 cell [16.1455  3.5    34.7395 90.     94.5614 90.    ] zero 0.07179084135173679 best 0.8643128933443345 diff [ 0.0993  0.2833 -0.0152 -0.1094 -0.0298 -0.0559 -0.0918 -0.0088  0.0488
  0.0474  0.0449 -0.3143  0.0186  0.013   0.0214  0.0522  0.0054 -0.0146
 -0.0154 -0.0685]
TRIAL 11 sec 60.650723457336426 cost 1.0111098266375274 score 2.6901405037347073 vol 2458.37702621768 cell [ 15.7258   3.5     45.7376  90.     102.4335  90.    ] zero 0.061348650372455404 best 0.8643128933443345 diff [-0.024   0.4087 -0.0277  0.0044  0.0134  0.1089  0.0335 -0.007   0.112
  0.0094  0.0119 -0.0662  0.004  -0.019  -0.0471  0.0088  0.1041 -0.0064
  0.106  -0.012 ]
TRIAL 12 sec 65.96505236625671 cost 0.8454822434643887 score 3.211225339823207 vol 2252.1918224573906 cell [ 13.887    3.5     47.1035  90.     100.3504  90.    ] zero 0.0999965965709087 best 0.8454822434643887 diff [-0.0179  0.0098 -0.0138 -0.0418  0.0113 -0.2462  0.1797 -0.0054  0.0133
 -0.0136 -0.0828 -0.0468 -0.0076  0.0375  0.0474 -0.0074  0.0599  0.0543
  0.0085 -0.0161]
TRIAL 13 sec 68.76380562782288 cost 0.8652232247198576 score 3.3387493554200676 vol 2256.846180800622 cell [ 13.8755   3.5039  47.1886  90.     100.3545  90.    ] zero 0.09999897617394811 best 0.8454822434643887 diff [-0.0279  0.0115 -0.0273 -0.0443  0.0043 -0.2528  0.159  -0.0161  0.0227
 -0.0101 -0.075  -0.0474 -0.0349  0.019   0.0491 -0.0094  0.0457  0.0485
  0.0049 -0.002 ]
TRIAL 14 sec 72.49248242378235 cost 0.8651503651002542 score 3.3387649925575102 vol 2256.627832483517 cell [ 13.8755   3.5035  47.1886  90.     100.3545  90.    ] zero 0.09999915616892417 best 0.8454822434643887 diff [-0.0279  0.0115 -0.0273 -0.0443  0.0043 -0.2528  0.159  -0.0161  0.0227
 -0.0101 -0.075  -0.0474 -0.0349  0.019   0.0491 -0.0094  0.0457  0.0485
  0.0049 -0.002 ]
TRIAL 15 sec 80.38250184059143 cost 0.9827639279618998 score 3.1428073055886925 vol 2439.0781283841065 cell [ 18.1697   3.5     45.1131  90.     121.7698  90.    ] zero 0.09999927113008446 best 0.8454822434643887 diff [-0.0185  0.0278  0.2418  0.0127 -0.0207 -0.0503 -0.0901  0.0157  0.0047
  0.0229 -0.1862  0.0699 -0.0167 -0.0418  0.0191 -0.0493 -0.0053  0.0081
  0.0091  0.0206]
TRIAL 16 sec 85.00832629203796 cost 0.8659962879381499 score 3.3390000915141034 vol 2258.973248905121 cell [ 13.8755   3.5072  47.1885  90.     100.3548  90.    ] zero 0.09999881836309124 best 0.8454822434643887 diff [-0.0279  0.0114 -0.0273 -0.0443  0.0043 -0.2528  0.159  -0.016   0.0227
 -0.0102 -0.075  -0.0475 -0.0349  0.0191  0.0492 -0.0093  0.0456  0.0485
  0.0049 -0.002 ]
TRIAL 17 sec 88.2125129699707 cost 0.8454920988099087 score 3.2108229325326842 vol 2252.2371482079993 cell [13.887   3.5    46.6542 90.     96.6767 90.    ] zero 0.09999640200565113 best 0.8454822434643887 diff [-0.018   0.0098 -0.014  -0.0418  0.0113 -0.2464  0.1795 -0.0056  0.0134
 -0.0135 -0.0829 -0.0468 -0.0079  0.0373  0.0473 -0.0076  0.0598  0.054
  0.0086 -0.0161]
TRIAL 18 sec 93.0861427783966 cost 1.2553899329230913 score 2.846211395640225 vol 1922.951491322065 cell [ 54.8385   3.5     11.4838  90.     119.2588  90.    ] zero -0.08420306615309132 best 0.8454822434643887 diff [-0.3756  0.3315 -0.0341  0.0256 -0.0094 -0.1827  0.1087 -0.1357  0.0065
  0.0188  0.1256 -0.0817 -0.0078 -0.0096 -0.1334  0.0556  0.0047  0.0034
  0.0038 -0.0567]
TRIAL 19 sec 97.01942753791809 cost 1.011110454819362 score 2.691805865990505 vol 2458.3982040204273 cell [15.726   3.5    45.0498 90.     97.4974 90.    ] zero 0.06119945610434403 best 0.8454822434643887 diff [-0.0243  0.4085 -0.0279  0.0043  0.0132  0.1086  0.0331 -0.0073  0.1117
  0.0093  0.0118 -0.0664  0.0037 -0.0191 -0.0472  0.0086  0.1039 -0.0068
  0.1056 -0.0123]
TRIAL 20 sec 99.95694994926453 cost 1.0218201094745094 score 3.2630769334499514 vol 2104.7645768947596 cell [ 17.4758   3.501   38.0477  90.     115.2905  90.    ] zero 0.06320464044295632 best 0.8454822434643887 diff [-0.0212  0.1611  0.0267 -0.1974 -0.03    0.046  -0.0091  0.011   0.0067
  0.1334 -0.0861 -0.0361  0.0042  0.0068  0.0516 -0.1748  0.014   0.0047
 -0.0294  0.001 ]
TRIAL 21 sec 107.98913168907166 cost 1.0701925000978474 score 3.36210702753956 vol 2213.6778502657894 cell [18.3919  3.5    34.4025 90.     91.621  90.    ] zero 0.04745745590710215 best 0.8454822434643887 diff [-2.696e-01 -2.000e-04  1.370e-02 -2.104e-01  8.600e-02  6.840e-02
 -9.230e-02 -1.360e-02 -4.500e-03 -9.000e-03  5.500e-03 -8.500e-03
  1.023e-01 -3.320e-02 -3.600e-03  1.440e-02 -1.499e-01  3.300e-03
  5.300e-03  4.800e-03]
TRIAL 22 sec 112.36524319648743 cost 0.8682415519730569 score 3.331165124791939 vol 2264.8926948843177 cell [13.8756  3.5164 46.7326 90.     96.6319 90.    ] zero 0.09999772704533444 best 0.8454822434643887 diff [-0.0279  0.0116 -0.0273 -0.0441  0.0046 -0.2532  0.159  -0.0165  0.0227
 -0.0099 -0.0755 -0.0471 -0.0349  0.0186  0.0485 -0.01    0.0463  0.0478
  0.0056 -0.0026]
TRIAL 23 sec 116.30852913856506 cost 0.8651259522927106 score 3.3387179424477993 vol 2256.5786264231015 cell [ 13.8755   3.5035  47.1886  90.     100.3545  90.    ] zero 0.09999903577202897 best 0.8454822434643887 diff [-0.0279  0.0115 -0.0273 -0.0443  0.0043 -0.2528  0.159  -0.0161  0.0227
 -0.0101 -0.075  -0.0474 -0.0349  0.019   0.0491 -0.0094  0.0457  0.0485
  0.0049 -0.002 ]
TRIAL 24 sec 121.97721982002258 cost 1.0568425922979687 score 4.070962250846884 vol 2240.6863873065936 cell [ 25.5116   6.4345  15.8078  90.     120.2892  90.    ] zero -0.05450687128292915 best 0.8454822434643887 diff [-0.2516  0.3109  0.2309 -0.0023 -0.0395  0.0232  0.0435 -0.0102 -0.0065
 -0.0055 -0.0598  0.0184 -0.0517 -0.057   0.0267 -0.0075  0.0228  0.0279
 -0.0178  0.0025]
TRIAL 25 sec 123.09165382385254 cost 1.2014085800545062 score 2.704620933067613 vol 1889.250822173339 cell [ 12.2817   4.0006  39.1881  90.     101.1337  90.    ] zero 0.099964596828318 best 0.8454822434643887 diff [-1.0116  0.0106  0.2249 -0.0037 -0.017  -0.1086  0.229  -0.0716  0.0184
 -0.0119  0.1007 -0.0083  0.0132 -0.0748 -0.0216 -0.0345  0.0023  0.0592
  0.0395  0.1146]
TRIAL 26 sec 128.24897074699402 cost 0.8763551275700653 score 3.6636151674787705 vol 2824.367011825513 cell [ 23.7248   3.5     45.4546  90.     131.5573  90.    ] zero 0.0023192290764703083 best 0.8454822434643887 diff [-0.0025 -0.0049  0.0538  0.0406  0.1208 -0.0154  0.0109 -0.0142 -0.0596
  0.0091 -0.1189  0.1301 -0.0183 -0.0537  0.0049  0.0061  0.0047 -0.0047
  0.0019  0.0115]
TRIAL 27 sec 132.3632001876831 cost 0.9921066118277063 score 2.6222775978524813 vol 1890.8264590176047 cell [ 13.7603   3.525   40.676   90.     106.5955  90.    ] zero 0.04803153452655132 best 0.8454822434643887 diff [ 6.695e-01 -6.000e-04 -3.150e-02  1.477e-01 -1.270e-02  1.815e-01
  1.920e-02  2.191e-01  1.110e-02  1.850e-02 -4.820e-02 -3.500e-03
  1.000e-02  8.500e-03 -2.120e-02 -8.900e-03 -1.000e-03  1.628e-01
 -5.000e-04 -1.046e-01]
TRIAL 28 sec 135.60493803024292 cost 0.845486657859138 score 3.2113791076759917 vol 2252.2089458941255 cell [ 13.8871   3.5     47.1033  90.     100.3507  90.    ] zero 0.09999898698975392 best 0.8454822434643887 diff [-0.0178  0.0097 -0.0138 -0.0419  0.0113 -0.2462  0.1797 -0.0054  0.0132
 -0.0136 -0.0828 -0.0469 -0.0076  0.0376  0.0474 -0.0074  0.0598  0.0543
  0.0084 -0.0162]
TRIAL 29 sec 139.7093870639801 cost 0.8652661249234612 score 3.3387803097878233 vol 2256.9361575227936 cell [ 13.8755   3.504   47.1886  90.     100.3545  90.    ] zero 0.0999994081583344 best 0.8454822434643887 diff [-0.0279  0.0115 -0.0273 -0.0443  0.0043 -0.2528  0.159  -0.0161  0.0227
 -0.0101 -0.075  -0.0474 -0.0349  0.019   0.0491 -0.0094  0.0457  0.0485
  0.0049 -0.002 ]
TRIAL 30 sec 151.7740626335144 cost 0.8652234852455045 score 3.3387497450110373 vol 2256.8471989598565 cell [ 47.1886   3.5039  13.8755  90.     100.3545  90.    ] zero 0.09999901557677664 best 0.8454822434643887 diff [-0.0279  0.0115 -0.0273 -0.0443  0.0043 -0.2528  0.159  -0.0161  0.0227
 -0.0101 -0.075  -0.0474 -0.0349  0.019   0.0491 -0.0094  0.0457  0.0485
  0.0049 -0.002 ]
TRIAL 31 sec 155.96938753128052 cost 1.0907961032191347 score 2.502033857357481 vol 2346.0623354393283 cell [ 14.6735   3.5016  46.8073  90.     102.7084  90.    ] zero 0.0036612517735040407 best 0.8454822434643887 diff [-0.0305 -0.116   0.0021  0.0082  0.2042 -0.2843  0.2559  0.0225  0.0151
  0.0138 -0.009  -0.016  -0.0054  0.0474 -0.0067  0.0529  0.0129 -0.0725
 -0.0455 -0.0104]
TRIAL 32 sec 159.20510029792786 cost 0.8653898047270513 score 3.3388194144610606 vol 2257.2696653043567 cell [ 13.8755   3.5045  47.1886  90.     100.3545  90.    ] zero 0.09999901241742412 best 0.8454822434643887 diff [-0.0279  0.0115 -0.0273 -0.0443  0.0043 -0.2528  0.159  -0.0161  0.0227
 -0.0101 -0.075  -0.0474 -0.0349  0.019   0.0491 -0.0094  0.0457  0.0485
  0.0049 -0.002 ]
TRIAL 33 sec 161.7542119026184 cost 1.084399039759483 score 3.256966032027576 vol 2079.8440057816188 cell [ 17.3025   3.5001  47.9143  90.     134.2115  90.    ] zero 0.03270961957493799 best 0.8454822434643887 diff [-0.0066  0.175   0.0091 -0.2154 -0.02    0.1132  0.0003  0.0728 -0.0023
  0.1399 -0.0294  0.0132 -0.0003  0.1274 -0.0256 -0.0683  0.0147 -0.0012
  0.0772 -0.0073]
TRIAL 34 sec 163.67229747772217 cost 0.9920963358872521 score 2.6242512145820633 vol 1891.0810758262248 cell [ 13.7598   3.5258  40.6742  90.     106.5956  90.    ] zero 0.04742064639532793 best 0.8454822434643887 diff [ 6.691e-01 -1.000e-03 -3.180e-02  1.475e-01 -1.290e-02  1.814e-01
  1.910e-02  2.190e-01  1.090e-02  1.840e-02 -4.830e-02 -3.400e-03
  1.000e-02  8.600e-03 -2.120e-02 -8.700e-03 -8.000e-04  1.630e-01
 -4.000e-04 -1.043e-01]
TRIAL 35 sec 165.27748823165894 cost 0.8228308633085039 score 3.638184502501353 vol 3128.8156605504187 cell [ 19.5971   3.5     48.0097  90.     108.1681  90.    ] zero 0.03700867073108245 best 0.8228308633085039 diff [ 0.0084  0.0525  0.0165 -0.1823 -0.0475 -0.0647 -0.0111 -0.0098  0.0316
 -0.007  -0.0383 -0.0121 -0.0101  0.0074  0.1453  0.0064  0.0053  0.0017
  0.0007  0.0078]
TRIAL 36 sec 172.05651926994324 cost 1.025175160157294 score 2.080535901245724 vol 2147.7966519653373 cell [24.3492  3.5    25.2159 90.     91.8772 90.    ] zero -0.03617610299090742 best 0.8228308633085039 diff [-0.7036 -0.008   0.0119 -0.005   0.7655  0.0016 -0.0656 -0.0032  0.0411
  0.0895  0.024   0.02   -0.0106 -0.023   0.0914 -0.0069 -0.0092 -0.0748
  0.0161 -0.071 ]
TRIAL 37 sec 175.89380288124084 cost 0.9953264570929146 score 2.4698184739877083 vol 1929.8588296734076 cell [ 13.6153   3.5034  42.2746  90.     106.8542  90.    ] zero 0.0421049694289372 best 0.8228308633085039 diff [ 0.7325 -0.0217  0.0032  0.0184 -0.0494 -0.1006 -0.259   0.0066  0.0336
 -0.018   0.0794  0.01   -0.033   0.0287  0.2459  0.0123 -0.0038  0.0059
 -0.0526 -0.0175]
TRIAL 38 sec 180.38905239105225 cost 1.160912089088886 score 1.5469605237449218 vol 1896.0759249944363 cell [23.6585  3.5    23.1752 90.     98.8699 90.    ] zero 0.03109506240060731 best 0.8228308633085039 diff [-0.0053  0.6314  0.0066  0.0012 -0.027   0.1712  0.0088  0.009  -0.0547
  0.8256  0.3947  0.0285 -0.0167  0.0053 -0.0052 -0.0611  0.0533 -0.0636
  0.0151 -0.0067]
TRIAL 39 sec 184.41495513916016 cost 0.9920968707038231 score 2.623410846801553 vol 1891.0688889938037 cell [39.0389  3.5258 13.7598 90.     93.1446 90.    ] zero 0.047467218521974865 best 0.8228308633085039 diff [ 6.692e-01 -1.000e-03 -3.170e-02  1.474e-01 -1.270e-02  1.813e-01
  1.910e-02  2.192e-01  1.090e-02  1.830e-02 -4.810e-02 -3.300e-03
  1.020e-02  8.600e-03 -2.140e-02 -8.900e-03 -9.000e-04  1.631e-01
 -2.000e-04 -1.044e-01]
TRIAL 40 sec 188.80236864089966 cost 0.9920948344302774 score 2.624451607364155 vol 1891.295568175174 cell [13.7597  3.5262 39.0388 90.     93.1463 90.    ] zero 0.04743775470481668 best 0.8228308633085039 diff [ 6.692e-01 -9.000e-04 -3.180e-02  1.475e-01 -1.290e-02  1.814e-01
  1.910e-02  2.190e-01  1.100e-02  1.850e-02 -4.820e-02 -3.400e-03
  1.000e-02  8.600e-03 -2.110e-02 -8.700e-03 -9.000e-04  1.630e-01
 -2.000e-04 -1.043e-01]
TRIAL 41 sec 192.09328150749207 cost 0.9921042028444567 score 2.6223342168685164 vol 1890.8761524023444 cell [13.76    3.5252 39.0399 90.     93.1449 90.    ] zero 0.04772466572281786 best 0.8228308633085039 diff [ 6.693e-01 -9.000e-04 -3.160e-02  1.475e-01 -1.270e-02  1.813e-01
  1.900e-02  2.191e-01  1.100e-02  1.830e-02 -4.820e-02 -3.400e-03
  1.010e-02  8.400e-03 -2.140e-02 -9.000e-03 -1.100e-03  1.629e-01
 -4.000e-04 -1.047e-01]
TRIAL 42 sec 198.96902894973755 cost 0.911781156971903 score 2.8452442873081742 vol 3145.0526044021562 cell [ 25.9354   3.5     48.0814  90.     133.8966  90.    ] zero 0.0999998660437139 best 0.8228308633085039 diff [-0.189   0.0177  0.0092  0.0342 -0.0148 -0.0147  0.0016  0.0455 -0.0475
  0.0024 -0.0277  0.0083  0.039   0.0018 -0.0501  0.0173  0.0067  0.0147
 -0.2061  0.0022]
TRIAL 43 sec 200.58716344833374 cost 1.0915587457805866 score 3.24091088224245 vol 1854.9517427790947 cell [ 14.217    3.5057  39.1473  90.     108.0641  90.    ] zero 0.09999906024829383 best 0.8228308633085039 diff [ 4.979e-01 -9.660e-02 -2.560e-02  1.670e-01  1.341e-01 -4.020e-02
 -1.987e-01 -1.800e-03  4.100e-03 -9.200e-02  3.330e-02  1.040e-02
 -3.150e-02  5.380e-02 -3.420e-02  1.660e-02 -1.470e-02  2.000e-04
 -6.000e-04  2.060e-02]
TRIAL 44 sec 204.01775527000427 cost 1.022256276547441 score 3.8800425884529144 vol 3047.445871345984 cell [ 25.7616   3.5     34.4988  90.     101.5662  90.    ] zero -0.014335525331119271 best 0.8228308633085039 diff [-0.1725  0.0037  0.0873 -0.0345  0.0333  0.1061 -0.0179  0.0713 -0.077
  0.0177 -0.0127 -0.035  -0.005  -0.0205  0.0182 -0.0104  0.014   0.0112
 -0.0019  0.0014]
TRIAL 45 sec 210.6939435005188 cost 1.0281163013980115 score 3.310864494988988 vol 2050.414291492907 cell [ 17.3871   3.5     38.6984  90.     119.4636  90.    ] zero -0.0008452180305944413 best 0.8228308633085039 diff [-0.0038  0.1435  0.1256 -0.1031 -0.0028  0.016   0.0703  0.0029  0.2154
 -0.0696 -0.0175  0.1962 -0.0023 -0.0112 -0.0076  0.0086 -0.0901  0.016
  0.0073 -0.0023]
TRIAL 46 sec 214.2134714126587 cost 0.9163243466131441 score 3.2356611317120687 vol 1921.9816098698218 cell [ 16.007    3.5004  39.0805  90.     118.6288  90.    ] zero -0.09269923111767035 best 0.8228308633085039 diff [-0.012   0.1883  0.0217 -0.2067 -0.1085  0.0123  0.1145 -0.0659  0.0034
  0.0044  0.0127 -0.3466  0.0014  0.0026  0.0111  0.0451  0.0155 -0.0165
 -0.0023 -0.0358]
TRIAL 47 sec 217.24919414520264 cost 0.8643014623861727 score 3.6846863632617257 vol 2530.4405163413658 cell [ 18.6298   3.5     44.9281  90.     120.2568  90.    ] zero 0.05663617110691293 best 0.8228308633085039 diff [-0.2818 -0.0037  0.235   0.0049  0.0039  0.0003  0.0787 -0.0032 -0.056
  0.0034 -0.0032 -0.0027 -0.1009 -0.0134 -0.0017  0.0003  0.0897  0.0017
  0.0204 -0.0037]
TRIAL 48 sec 220.79233288764954 cost 1.0111146768488655 score 2.690993969520854 vol 2458.295259627592 cell [15.7256  3.5    45.0489 90.     97.4975 90.    ] zero 0.061033823659591785 best 0.8228308633085039 diff [-0.0243  0.4085 -0.0279  0.0043  0.0133  0.1087  0.0333 -0.0071  0.1119
  0.0094  0.0119 -0.0662  0.0039 -0.0189 -0.0471  0.0088  0.1042 -0.0065
  0.106  -0.012 ]
TRIAL 49 sec 227.37162566184998 cost 0.9847870830971814 score 2.5574416388433963 vol 1942.766523805695 cell [ 43.2294   3.5     13.7075  90.     110.4919  90.    ] zero 0.08720989706360845 best 0.8228308633085039 diff [ 0.7296 -0.0145  0.0049  0.0311 -0.0455 -0.0796 -0.2377  0.0132  0.0563
 -0.0496  0.0348 -0.0159 -0.0012  0.0084  0.2525  0.0421 -0.0424 -0.0049
  0.0125 -0.0115]
TRIAL 50 sec 233.30836939811707 cost 0.867923086769644 score 3.3757625332237966 vol 2255.442282527754 cell [ 13.8811   3.5017  51.5109  90.     115.7349  90.    ] zero 0.09999972052786137 best 0.8228308633085039 diff [-0.0257  0.0095 -0.0243 -0.0453  0.0043 -0.2515  0.1636 -0.0137  0.0177
 -0.0141 -0.0785 -0.0505 -0.0289  0.0233  0.0476 -0.0099  0.0456  0.0491
  0.013  -0.0082]
TRIAL 51 sec 240.85880136489868 cost 1.1518884869074733 score 1.672093980696545 vol 1918.5219385575274 cell [23.225   3.5    23.8745 90.     98.6731 90.    ] zero 0.08228550633252232 best 0.8228308633085039 diff [ 0.0027  0.6046  0.0373 -0.0018 -0.0248  0.1125  0.0301 -0.0595 -0.0381
  0.7434  0.3163 -0.013   0.004  -0.0529 -0.0543  0.0571  0.0048  0.0089
  0.0263 -0.0123]
TRIAL 52 sec 244.26297736167908 cost 0.9921038590353671 score 2.682199795033515 vol 1891.5119387876268 cell [ 13.7597   3.5266  48.9817  90.     127.2685  90.    ] zero 0.04750840279750608 best 0.8228308633085039 diff [ 6.692e-01 -9.000e-04 -3.160e-02  1.474e-01 -1.270e-02  1.814e-01
  1.920e-02  2.193e-01  1.100e-02  1.840e-02 -4.800e-02 -3.200e-03
  1.030e-02  8.700e-03 -2.130e-02 -8.800e-03 -8.000e-04  1.633e-01
 -1.000e-04 -1.043e-01]
TRIAL 53 sec 248.9682171344757 cost 1.0180009531892218 score 3.2920340481422845 vol 2105.412346725855 cell [ 17.4802   3.5     39.1682  90.     118.5267  90.    ] zero 0.06518007608574874 best 0.8228308633085039 diff [-0.0206  0.1605  0.026  -0.198  -0.0313  0.0445 -0.0113  0.0088  0.0042
  0.1311 -0.0891 -0.0378  0.002   0.0041  0.0498 -0.1768  0.0093  0.0015
 -0.0342 -0.0021]
TRIAL 54 sec 256.0709812641144 cost 1.0900274439826985 score 2.902010251599606 vol 3290.312473406681 cell [ 25.9648   7.3836  19.4663  90.     118.1572  90.    ] zero 0.030625247538310463 best 0.8228308633085039 diff [-6.200e-01  1.730e-02  8.200e-03 -1.807e-01  3.500e-03 -5.270e-02
 -3.660e-02  5.360e-02  1.020e-02 -2.020e-02 -3.400e-03 -1.630e-02
 -4.130e-02 -5.400e-03  1.599e-01 -1.000e-03  5.600e-03  1.750e-02
 -6.000e-04  8.500e-03]
TRIAL 55 sec 258.4706916809082 cost 0.9596410694966939 score 2.483710660453168 vol 1921.818904292292 cell [ 13.5788   3.5     42.2659  90.     106.9164  90.    ] zero 0.021367854981997447 best 0.8228308633085039 diff [ 0.7308 -0.0298  0.0048  0.0064 -0.0471 -0.1169 -0.2754  0.0101  0.0165
 -0.0133  0.1023  0.0106 -0.0455  0.0257  0.2511  0.001   0.0224 -0.0026
 -0.0177 -0.0112]
TRIAL 56 sec 262.18141865730286 cost 0.9921015623541776 score 2.6232621718819105 vol 1891.4902152425304 cell [ 13.7601   3.5264  40.6753  90.     106.5957  90.    ] zero 0.04792853266651749 best 0.8228308633085039 diff [ 6.695e-01 -6.000e-04 -3.150e-02  1.477e-01 -1.260e-02  1.816e-01
  1.930e-02  2.192e-01  1.110e-02  1.850e-02 -4.810e-02 -3.300e-03
  1.010e-02  8.700e-03 -2.110e-02 -8.700e-03 -8.000e-04  1.630e-01
 -4.000e-04 -1.044e-01]
TRIAL 57 sec 268.66705894470215 cost 0.9920960103723699 score 2.6238038595458653 vol 1891.4259369315944 cell [ 13.7598   3.5264  46.5132  90.     123.0657  90.    ] zero 0.04752855608367852 best 0.8228308633085039 diff [ 6.692e-01 -9.000e-04 -3.170e-02  1.475e-01 -1.270e-02  1.814e-01
  1.910e-02  2.192e-01  1.100e-02  1.840e-02 -4.810e-02 -3.300e-03
  1.020e-02  8.600e-03 -2.120e-02 -8.800e-03 -9.000e-04  1.631e-01
 -2.000e-04 -1.044e-01]
TRIAL 58 sec 273.99881315231323 cost 0.8651058126162616 score 3.4641324604185018 vol 2256.475362566152 cell [ 13.8754   3.5033  50.2608  90.     112.544   90.    ] zero 0.09999924415557447 best 0.8228308633085039 diff [-0.0279  0.0115 -0.0273 -0.0443  0.0044 -0.2529  0.159  -0.0161  0.0227
 -0.0101 -0.0751 -0.0474 -0.0349  0.019   0.0491 -0.0094  0.0457  0.0484
  0.005  -0.002 ]
TRIAL 59 sec 278.22010254859924 cost 0.9596347724723135 score 2.4828663892359213 vol 1921.8188379685832 cell [ 13.5788   3.5     43.0808  90.     110.1758  90.    ] zero 0.02149632562644499 best 0.8228308633085039 diff [ 0.7309 -0.0297  0.0049  0.0065 -0.0469 -0.1169 -0.2754  0.0102  0.0165
 -0.0133  0.1025  0.0106 -0.0454  0.0257  0.2512  0.0011  0.0226 -0.0026
 -0.0175 -0.0111]
