ObjRegistry<T>::Find(ion_C): Not found !!
List of Crystal ScatteringPowers :0 object registered:
EXACT_PAWLEY nref 171 rank 165 cond 749.7534850566112 chi2 1463.486332301547 netRwp 0.21096768428794355
ZM Nc1ccccc1NC(=O)c1ccc(CNC(=O)OCc2cccnc2)cc1 n 28 torsions 7 max_distance_error 1.9039966048239876e-08
Total degrees of freedom: 14
Total external degrees of freedom: 7 (pos: 3 rot: 4 )
Total internal degrees of freedom: 7
PREPARED Xb7088cf Nref 171 PawleyRw 0.04499672792456591 SG P 21 21 21
ATTACHED_H_SCATTERING 28 heavy atoms 20 H atoms
  0%|          | 0/4 [00:00<?, ?it/s]100%|██████████| 4/4 [00:00<00:00, 1511.32it/s]
/opt/conda/lib/python3.11/site-packages/gallop/zm_to_cart.py:210: UserWarning: Using torch.cross without specifying the dim arg is deprecated.
Please either pass the dim explicitly or simply use torch.linalg.cross.
The default value of dim will change to agree with that of linalg.cross in a future release. (Triggered internally at /home/conda/feedstock_root/build_artifacts/libtorch_1786372131199/work/aten/src/ATen/native/Cross.cpp:63.)
  cart_coords = zm_to_cart(internal[:,torsion[i]], initial_D2[i],
GALLOP 0 Nref 171 seconds 67.0842809677124 best 148.42625 q25 215.87753 median 258.15967 total 67.09053254127502
GALLOP 1 Nref 171 seconds 58.95460247993469 best 129.27873 q25 183.5355 median 222.21582 total 126.1509280204773
GALLOP 2 Nref 171 seconds 57.56223464012146 best 125.88778 q25 199.63208 median 251.79958 total 183.76727437973022
GALLOP 3 Nref 171 seconds 62.771655797958374 best 125.88778 q25 195.1273 median 234.60507 total 246.56883215904236
GALLOP 4 Nref 171 seconds 71.08770823478699 best 125.88833 q25 187.01357 median 220.6969 total 317.67189860343933
GALLOP 5 Nref 171 seconds 73.58578491210938 best 124.32343 q25 180.95306 median 228.70786 total 391.2774660587311
GALLOP 6 Nref 171 seconds 70.62242412567139 best 123.719376 q25 182.24092 median 223.59897 total 461.97606778144836
GALLOP 7 Nref 171 seconds 62.896334409713745 best 123.71907 q25 178.12393 median 215.86224 total 524.9691181182861
GALLOP 8 Nref 171 seconds 61.31184983253479 best 123.719444 q25 167.94379 median 223.16971 total 586.3889429569244
GALLOP 9 Nref 171 seconds 70.22564840316772 best 115.63847 q25 176.61958 median 217.73787 total 656.6717216968536
GALLOP 10 Nref 171 seconds 47.8960862159729 best 115.6385 q25 192.49063 median 231.71292 total 704.6436364650726
GALLOP 11 Nref 171 seconds 44.19340467453003 best 115.6384 q25 176.69913 median 223.82744 total 748.8525822162628
  0%|          | 0/4 [00:00<?, ?it/s]100%|██████████| 4/4 [00:00<00:00, 1831.37it/s]
GALLOP 12 Nref 171 seconds 45.208306312561035 best 115.63852 q25 205.36108 median 251.3411 total 794.0946445465088
GALLOP 13 Nref 171 seconds 46.131394147872925 best 115.63836 q25 188.59273 median 225.31297 total 840.2753899097443
GALLOP 14 Nref 171 seconds 43.64851474761963 best 115.638374 q25 175.95361 median 222.84229 total 883.9533538818359
GALLOP 15 Nref 171 seconds 44.08227515220642 best 109.53481 q25 165.24944 median 217.17184 total 928.0498795509338
GALLOP 16 Nref 171 seconds 45.324206590652466 best 108.41164 q25 174.53517 median 219.93134 total 973.4041378498077
GALLOP 17 Nref 171 seconds 44.80148673057556 best 108.41136 q25 155.36618 median 225.63348 total 1018.2685463428497
GALLOP 18 Nref 171 seconds 54.949851274490356 best 108.41144 q25 170.17654 median 226.66498 total 1073.2507104873657
GALLOP 19 Nref 171 seconds 70.19984412193298 best 108.41166 q25 175.16907 median 222.07721 total 1143.4754841327667
GALLOP 20 Nref 171 seconds 70.19345736503601 best 108.06213 q25 159.0098 median 221.93936 total 1213.69793009758
GALLOP 21 Nref 171 seconds 65.90725636482239 best 106.66582 q25 168.45734 median 210.44318 total 1279.6777203083038
GALLOP 22 Nref 171 seconds 67.47576999664307 best 104.948326 q25 171.09525 median 221.50525 total 1347.2435121536255
GALLOP 23 Nref 171 seconds 69.4941017627716 best 104.92971 q25 156.88258 median 221.76117 total 1416.8047206401825
  0%|          | 0/4 [00:00<?, ?it/s]100%|██████████| 4/4 [00:00<00:00, 1582.91it/s]
GALLOP 24 Nref 171 seconds 63.298951864242554 best 104.9297 q25 189.16844 median 225.35254 total 1480.2001786231995
GALLOP 25 Nref 171 seconds 59.859830379486084 best 104.92963 q25 196.69644 median 242.20926 total 1540.1491792201996
GALLOP 26 Nref 171 seconds 47.08223223686218 best 104.92969 q25 189.49014 median 238.39743 total 1587.2838065624237
GALLOP 27 Nref 171 seconds 58.59946393966675 best 104.92984 q25 167.89603 median 219.50449 total 1645.896921634674
GALLOP 28 Nref 171 seconds 65.31285524368286 best 104.92928 q25 134.83458 median 185.96555 total 1711.2669982910156
GALLOP 29 Nref 171 seconds 64.01153087615967 best 104.9294 q25 127.839096 median 206.36789 total 1775.3606543540955
GALLOP 30 Nref 171 seconds 65.45630598068237 best 104.92944 q25 127.84177 median 204.94122 total 1840.8426785469055
GALLOP 31 Nref 171 seconds 66.69681644439697 best 104.92957 q25 127.87174 median 212.04996 total 1907.5681943893433
GALLOP 32 Nref 171 seconds 61.498613357543945 best 104.929436 q25 127.902626 median 208.05571 total 1969.0914268493652
GALLOP 33 Nref 171 seconds 59.23583149909973 best 104.92998 q25 118.04162 median 195.24847 total 2028.3869004249573
FINISHED Xb7088cf 104.92928314208984
