Xb7088cf MONOCLINIC C 4 peaks [2.09477, 4.22703, 6.02921, 8.65317, 8.86206, 9.14982, 9.33713, 9.62143, 10.10308, 10.56719, 11.10774, 11.74545, 12.50147, 12.91946, 13.2967, 13.99531, 14.5362, 15.22469] V 700.0 3200.0 Lmax 80.0
3->80,3.08001,24.9999
1.5708->2.44346,0.0766052,0.766044,11.3917
700->3200,500.01,4.9999
Starting: V=700->1200.01
      a=15.14-15.20 b= 4.76- 4.82 c=19.31-19.36 alpha= 90.00- 90.00 beta= 98.19- 98.26 gamma= 90.00- 90.00 V=1378.24-1404.76level=6, indexed=1(0 sol.)
      a=0.06675-0.06649 b=0.20994-0.20730 c=0.05231-0.05219 alpha=0.14244-0.14363 beta=0.00000-0.00000 gamma=0.00000-0.00000level=6, indexed=1(0 sol.)
 Solution ? a= 15.143 b=  4.771 c= 19.348 alpha= 90.000 beta= 98.360 gamma= 90.000 V= 1382.88 score=  3.58 #   0
      a=15.20-15.27 b= 4.76- 4.82 c=19.33-19.38 alpha= 90.00- 90.00 beta= 98.47- 98.54 gamma= 90.00- 90.00 V=1384.55-1411.23level=6, indexed=1(1 sol.)
      a=0.06649-0.06624 b=0.20994-0.20730 c=0.05231-0.05219 alpha=0.14723-0.14842 beta=0.00000-0.00000 gamma=0.00000-0.00000level=6, indexed=1(1 sol.)
 Solution ? a= 15.141 b=  4.764 c= 19.350 alpha= 90.000 beta= 98.392 gamma= 90.000 V= 1380.83 score=  3.53 #   1
      a=15.21-15.27 b= 4.76- 4.82 c=19.33-19.38 alpha= 90.00- 90.00 beta= 98.54- 98.60 gamma= 90.00- 90.00 V=1384.80-1411.48level=6, indexed=1(2 sol.)
      a=0.06649-0.06624 b=0.20994-0.20730 c=0.05231-0.05219 alpha=0.14842-0.14962 beta=0.00000-0.00000 gamma=0.00000-0.00000level=6, indexed=1(2 sol.)
 Solution ? a= 15.142 b=  4.748 c= 19.350 alpha= 90.000 beta= 98.361 gamma= 90.000 V= 1376.51 score=  3.44 #   2
     a=13.45-13.50 b= 5.12- 5.19 c=19.34-19.38 alpha= 90.00- 90.00 beta= 98.15- 98.22 gamma= 90.00- 90.00 V=1317.41-1343.46level=5, indexed=1(3 sol.)
     a=0.07512-0.07486 b=0.19539-0.19274 c=0.05225-0.05212 alpha=0.14184-0.14304 beta=0.00000-0.00000 gamma=0.00000-0.00000level=5, indexed=1(3 sol.)
 Solution ? a= 13.455 b=  5.110 c= 19.316 alpha= 90.000 beta= 98.205 gamma= 90.000 V= 1314.66 score=  4.49 #   3
    a= 4.68- 4.80 b=38.15-38.24 c= 7.03- 7.12 alpha= 90.00- 90.00 beta=100.27-100.41 gamma= 90.00- 90.00 V=1234.76-1285.20level=4, indexed=1(4 sol.)
    a=0.21717-0.21183 b=0.02622-0.02615 c=0.14457-0.14283 alpha=0.17835-0.18074 beta=0.00000-0.00000 gamma=0.00000-0.00000level=4, indexed=1(4 sol.)
 Solution ? a=  4.738 b= 38.408 c=  7.069 alpha= 90.000 beta=100.211 gamma= 90.000 V= 1265.91 score=  5.28 #   4
    a= 9.27- 9.35 b= 3.43- 3.49 c=38.72-38.83 alpha= 90.00- 90.00 beta=101.39-101.53 gamma= 90.00- 90.00 V=1205.28-1241.24level=4, indexed=1(5 sol.)
    a=0.11004-0.10917 b=0.29193-0.28659 c=0.02635-0.02628 alpha=0.19750-0.19989 beta=0.00000-0.00000 gamma=0.00000-0.00000level=4, indexed=1(5 sol.)
 Solution ? a=  9.310 b=  3.451 c= 38.660 alpha= 90.000 beta=101.336 gamma= 90.000 V= 1217.96 score=  5.14 #   5
      a= 4.78- 4.85 b=76.29-76.33 c= 4.55- 4.61 alpha= 90.00- 90.00 beta=103.64-103.71 gamma= 90.00- 90.00 V=1615.48-1657.49level=6, indexed=1(6 sol.)
      a=0.21508-0.21237 b=0.01311-0.01310 c=0.22593-0.22321 alpha=0.23580-0.23700 beta=0.00000-0.00000 gamma=0.00000-0.00000level=6, indexed=1(6 sol.)
 Solution ? a=  4.840 b= 76.680 c=  4.599 alpha= 90.000 beta=104.258 gamma= 90.000 V= 1654.08 score=  6.95 #   6
      a= 4.78- 4.85 b=76.24-76.29 c= 4.55- 4.61 alpha= 90.00- 90.00 beta=103.64-103.71 gamma= 90.00- 90.00 V=1614.49-1656.48level=6, indexed=1(7 sol.)
      a=0.21508-0.21237 b=0.01312-0.01311 c=0.22593-0.22321 alpha=0.23580-0.23700 beta=0.00000-0.00000 gamma=0.00000-0.00000level=6, indexed=1(7 sol.)
 Solution ? a=  4.840 b= 76.680 c=  4.599 alpha= 90.000 beta=104.258 gamma= 90.000 V= 1654.08 score=  6.95 #   7
      a= 4.79- 4.85 b=76.29-76.33 c= 4.56- 4.61 alpha= 90.00- 90.00 beta=103.71-103.78 gamma= 90.00- 90.00 V=1615.97-1657.99level=6, indexed=1(8 sol.)
      a=0.21508-0.21237 b=0.01311-0.01310 c=0.22593-0.22321 alpha=0.23700-0.23819 beta=0.00000-0.00000 gamma=0.00000-0.00000level=6, indexed=1(8 sol.)
 Solution ? a=  4.840 b= 76.680 c=  4.599 alpha= 90.000 beta=104.258 gamma= 90.000 V= 1654.08 score=  6.95 #   8
      a= 4.79- 4.85 b=76.29-76.33 c= 4.56- 4.61 alpha= 90.00- 90.00 beta=103.78-103.85 gamma= 90.00- 90.00 V=1616.46-1658.49level=6, indexed=1(9 sol.)
      a=0.21508-0.21237 b=0.01311-0.01310 c=0.22593-0.22321 alpha=0.23819-0.23939 beta=0.00000-0.00000 gamma=0.00000-0.00000level=6, indexed=1(9 sol.)
 Solution ? a=  4.838 b= 76.686 c=  4.602 alpha= 90.000 beta=104.261 gamma= 90.000 V= 1654.72 score=  6.87 #   9
      a= 4.79- 4.85 b=76.24-76.29 c= 4.56- 4.61 alpha= 90.00- 90.00 beta=103.71-103.78 gamma= 90.00- 90.00 V=1614.98-1656.97level=6, indexed=1(10 sol.)
      a=0.21508-0.21237 b=0.01312-0.01311 c=0.22593-0.22321 alpha=0.23700-0.23819 beta=0.00000-0.00000 gamma=0.00000-0.00000level=6, indexed=1(10 sol.)
 Solution ? a=  4.840 b= 76.680 c=  4.599 alpha= 90.000 beta=104.258 gamma= 90.000 V= 1654.08 score=  6.95 #  10
      a= 4.79- 4.85 b=76.24-76.29 c= 4.56- 4.61 alpha= 90.00- 90.00 beta=103.78-103.85 gamma= 90.00- 90.00 V=1615.47-1657.48level=6, indexed=1(11 sol.)
      a=0.21508-0.21237 b=0.01312-0.01311 c=0.22593-0.22321 alpha=0.23819-0.23939 beta=0.00000-0.00000 gamma=0.00000-0.00000level=6, indexed=1(11 sol.)
 Solution ? a=  4.840 b= 76.680 c=  4.599 alpha= 90.000 beta=104.258 gamma= 90.000 V= 1654.08 score=  6.95 #  11
      a= 4.79- 4.85 b=76.19-76.24 c= 4.56- 4.61 alpha= 90.00- 90.00 beta=103.71-103.78 gamma= 90.00- 90.00 V=1613.99-1655.96level=6, indexed=1(12 sol.)
      a=0.21508-0.21237 b=0.01312-0.01312 c=0.22593-0.22321 alpha=0.23700-0.23819 beta=0.00000-0.00000 gamma=0.00000-0.00000level=6, indexed=1(12 sol.)
 Solution ? a=  4.840 b= 76.680 c=  4.599 alpha= 90.000 beta=104.258 gamma= 90.000 V= 1654.08 score=  6.95 #  12
      a= 4.79- 4.85 b=76.19-76.24 c= 4.56- 4.61 alpha= 90.00- 90.00 beta=103.78-103.85 gamma= 90.00- 90.00 V=1614.48-1656.46level=6, indexed=1(13 sol.)
      a=0.21508-0.21237 b=0.01312-0.01312 c=0.22593-0.22321 alpha=0.23819-0.23939 beta=0.00000-0.00000 gamma=0.00000-0.00000level=6, indexed=1(13 sol.)
 Solution ? a=  4.840 b= 76.680 c=  4.599 alpha= 90.000 beta=104.258 gamma= 90.000 V= 1654.08 score=  6.95 #  13
      a= 4.79- 4.85 b=76.29-76.33 c= 4.56- 4.62 alpha= 90.00- 90.00 beta=103.85-103.92 gamma= 90.00- 90.00 V=1616.95-1659.00level=6, indexed=1(21 sol.)
      a=0.21508-0.21237 b=0.01311-0.01310 c=0.22593-0.22321 alpha=0.23939-0.24059 beta=0.00000-0.00000 gamma=0.00000-0.00000level=6, indexed=1(21 sol.)
 Solution ? a=  4.838 b= 76.686 c=  4.602 alpha= 90.000 beta=104.261 gamma= 90.000 V= 1654.72 score=  6.87 #  21
      a= 4.79- 4.85 b=76.29-76.33 c= 4.56- 4.62 alpha= 90.00- 90.00 beta=103.92-103.99 gamma= 90.00- 90.00 V=1617.44-1659.51level=6, indexed=1(22 sol.)
      a=0.21508-0.21237 b=0.01311-0.01310 c=0.22593-0.22321 alpha=0.24059-0.24179 beta=0.00000-0.00000 gamma=0.00000-0.00000level=6, indexed=1(22 sol.)
 Solution ? a=  4.838 b= 76.686 c=  4.602 alpha= 90.000 beta=104.261 gamma= 90.000 V= 1654.72 score=  6.87 #  22
      a= 4.79- 4.85 b=76.24-76.29 c= 4.56- 4.62 alpha= 90.00- 90.00 beta=103.85-103.92 gamma= 90.00- 90.00 V=1615.96-1657.98level=6, indexed=1(23 sol.)
      a=0.21508-0.21237 b=0.01312-0.01311 c=0.22593-0.22321 alpha=0.23939-0.24059 beta=0.00000-0.00000 gamma=0.00000-0.00000level=6, indexed=1(23 sol.)
 Solution ? a=  4.838 b= 76.686 c=  4.602 alpha= 90.000 beta=104.261 gamma= 90.000 V= 1654.72 score=  6.87 #  23
      a= 4.79- 4.85 b=76.24-76.29 c= 4.56- 4.62 alpha= 90.00- 90.00 beta=103.92-103.99 gamma= 90.00- 90.00 V=1616.45-1658.49level=6, indexed=1(24 sol.)
      a=0.21508-0.21237 b=0.01312-0.01311 c=0.22593-0.22321 alpha=0.24059-0.24179 beta=0.00000-0.00000 gamma=0.00000-0.00000level=6, indexed=1(24 sol.)
 Solution ? a=  4.838 b= 76.686 c=  4.602 alpha= 90.000 beta=104.261 gamma= 90.000 V= 1654.72 score=  6.87 #  24
      a= 4.79- 4.85 b=76.29-76.33 c= 4.56- 4.62 alpha= 90.00- 90.00 beta=103.99-104.06 gamma= 90.00- 90.00 V=1617.93-1660.02level=6, indexed=1(25 sol.)
      a=0.21508-0.21237 b=0.01311-0.01310 c=0.22593-0.22321 alpha=0.24179-0.24298 beta=0.00000-0.00000 gamma=0.00000-0.00000level=6, indexed=1(25 sol.)
 Solution ? a=  4.838 b= 76.686 c=  4.602 alpha= 90.000 beta=104.261 gamma= 90.000 V= 1654.72 score=  6.87 #  25
      a= 4.79- 4.86 b=76.29-76.33 c= 4.56- 4.62 alpha= 90.00- 90.00 beta=104.06-104.13 gamma= 90.00- 90.00 V=1618.43-1660.53level=6, indexed=1(26 sol.)
      a=0.21508-0.21237 b=0.01311-0.01310 c=0.22593-0.22321 alpha=0.24298-0.24418 beta=0.00000-0.00000 gamma=0.00000-0.00000level=6, indexed=1(26 sol.)
 Solution ? a=  4.838 b= 76.686 c=  4.602 alpha= 90.000 beta=104.261 gamma= 90.000 V= 1654.72 score=  6.87 #  26
      a= 4.79- 4.85 b=76.24-76.29 c= 4.56- 4.62 alpha= 90.00- 90.00 beta=103.99-104.06 gamma= 90.00- 90.00 V=1616.94-1659.00level=6, indexed=1(27 sol.)
      a=0.21508-0.21237 b=0.01312-0.01311 c=0.22593-0.22321 alpha=0.24179-0.24298 beta=0.00000-0.00000 gamma=0.00000-0.00000level=6, indexed=1(27 sol.)
 Solution ? a=  4.838 b= 76.686 c=  4.602 alpha= 90.000 beta=104.261 gamma= 90.000 V= 1654.72 score=  6.87 #  27
      a= 4.79- 4.86 b=76.24-76.29 c= 4.56- 4.62 alpha= 90.00- 90.00 beta=104.06-104.13 gamma= 90.00- 90.00 V=1617.44-1659.52level=6, indexed=1(28 sol.)
      a=0.21508-0.21237 b=0.01312-0.01311 c=0.22593-0.22321 alpha=0.24298-0.24418 beta=0.00000-0.00000 gamma=0.00000-0.00000level=6, indexed=1(28 sol.)
 Solution ? a=  4.838 b= 76.686 c=  4.602 alpha= 90.000 beta=104.261 gamma= 90.000 V= 1654.72 score=  6.87 #  28
      a= 4.79- 4.85 b=76.19-76.24 c= 4.56- 4.62 alpha= 90.00- 90.00 beta=103.85-103.92 gamma= 90.00- 90.00 V=1614.97-1656.97level=6, indexed=1(29 sol.)
      a=0.21508-0.21237 b=0.01312-0.01312 c=0.22593-0.22321 alpha=0.23939-0.24059 beta=0.00000-0.00000 gamma=0.00000-0.00000level=6, indexed=1(29 sol.)
 Solution ? a=  4.838 b= 76.686 c=  4.602 alpha= 90.000 beta=104.261 gamma= 90.000 V= 1654.72 score=  6.87 #  29
      a= 4.79- 4.85 b=76.19-76.24 c= 4.56- 4.62 alpha= 90.00- 90.00 beta=103.92-103.99 gamma= 90.00- 90.00 V=1615.46-1657.47level=6, indexed=1(30 sol.)
      a=0.21508-0.21237 b=0.01312-0.01312 c=0.22593-0.22321 alpha=0.24059-0.24179 beta=0.00000-0.00000 gamma=0.00000-0.00000level=6, indexed=1(30 sol.)
 Solution ? a=  4.838 b= 76.686 c=  4.602 alpha= 90.000 beta=104.261 gamma= 90.000 V= 1654.72 score=  6.87 #  30
      a= 4.79- 4.85 b=76.19-76.24 c= 4.56- 4.62 alpha= 90.00- 90.00 beta=103.99-104.06 gamma= 90.00- 90.00 V=1615.95-1657.99level=6, indexed=1(33 sol.)
      a=0.21508-0.21237 b=0.01312-0.01312 c=0.22593-0.22321 alpha=0.24179-0.24298 beta=0.00000-0.00000 gamma=0.00000-0.00000level=6, indexed=1(33 sol.)
 Solution ? a=  4.838 b= 76.686 c=  4.602 alpha= 90.000 beta=104.261 gamma= 90.000 V= 1654.72 score=  6.87 #  33
      a= 4.79- 4.86 b=76.19-76.24 c= 4.56- 4.62 alpha= 90.00- 90.00 beta=104.06-104.13 gamma= 90.00- 90.00 V=1616.45-1658.50level=6, indexed=1(34 sol.)
      a=0.21508-0.21237 b=0.01312-0.01312 c=0.22593-0.22321 alpha=0.24298-0.24418 beta=0.00000-0.00000 gamma=0.00000-0.00000level=6, indexed=1(34 sol.)
 Solution ? a=  4.838 b= 76.686 c=  4.602 alpha= 90.000 beta=104.261 gamma= 90.000 V= 1654.72 score=  6.87 #  34
      a= 4.79- 4.86 b=76.29-76.33 c= 4.56- 4.62 alpha= 90.00- 90.00 beta=104.13-104.20 gamma= 90.00- 90.00 V=1618.94-1661.05level=6, indexed=1(37 sol.)
      a=0.21508-0.21237 b=0.01311-0.01310 c=0.22593-0.22321 alpha=0.24418-0.24538 beta=0.00000-0.00000 gamma=0.00000-0.00000level=6, indexed=1(37 sol.)
 Solution ? a=  4.838 b= 76.686 c=  4.602 alpha= 90.000 beta=104.261 gamma= 90.000 V= 1654.72 score=  6.87 #  37
      a= 4.80- 4.86 b=76.29-76.33 c= 4.57- 4.62 alpha= 90.00- 90.00 beta=104.20-104.27 gamma= 90.00- 90.00 V=1619.44-1661.57level=6, indexed=1(38 sol.)
      a=0.21508-0.21237 b=0.01311-0.01310 c=0.22593-0.22321 alpha=0.24538-0.24657 beta=0.00000-0.00000 gamma=0.00000-0.00000level=6, indexed=1(38 sol.)
 Solution ? a=  4.838 b= 76.686 c=  4.602 alpha= 90.000 beta=104.261 gamma= 90.000 V= 1654.72 score=  6.87 #  38
      a= 4.79- 4.86 b=76.24-76.29 c= 4.56- 4.62 alpha= 90.00- 90.00 beta=104.13-104.20 gamma= 90.00- 90.00 V=1617.94-1660.03level=6, indexed=1(39 sol.)
      a=0.21508-0.21237 b=0.01312-0.01311 c=0.22593-0.22321 alpha=0.24418-0.24538 beta=0.00000-0.00000 gamma=0.00000-0.00000level=6, indexed=1(39 sol.)
 Solution ? a=  4.838 b= 76.686 c=  4.602 alpha= 90.000 beta=104.261 gamma= 90.000 V= 1654.72 score=  6.87 #  39
      a= 4.80- 4.86 b=76.24-76.29 c= 4.57- 4.62 alpha= 90.00- 90.00 beta=104.20-104.27 gamma= 90.00- 90.00 V=1618.45-1660.55level=6, indexed=1(40 sol.)
      a=0.21508-0.21237 b=0.01312-0.01311 c=0.22593-0.22321 alpha=0.24538-0.24657 beta=0.00000-0.00000 gamma=0.00000-0.00000level=6, indexed=1(40 sol.)
 Solution ? a=  4.838 b= 76.686 c=  4.602 alpha= 90.000 beta=104.261 gamma= 90.000 V= 1654.72 score=  6.87 #  40
      a= 4.80- 4.86 b=76.29-76.33 c= 4.57- 4.62 alpha= 90.00- 90.00 beta=104.27-104.35 gamma= 90.00- 90.00 V=1619.95-1662.10level=6, indexed=1(41 sol.)
      a=0.21508-0.21237 b=0.01311-0.01310 c=0.22593-0.22321 alpha=0.24657-0.24777 beta=0.00000-0.00000 gamma=0.00000-0.00000level=6, indexed=1(41 sol.)
 Solution ? a=  4.838 b= 76.686 c=  4.602 alpha= 90.000 beta=104.261 gamma= 90.000 V= 1654.72 score=  6.87 #  41
      a= 4.80- 4.86 b=76.29-76.33 c= 4.57- 4.63 alpha= 90.00- 90.00 beta=104.35-104.42 gamma= 90.00- 90.00 V=1620.46-1662.62level=6, indexed=1(42 sol.)
      a=0.21508-0.21237 b=0.01311-0.01310 c=0.22593-0.22321 alpha=0.24777-0.24897 beta=0.00000-0.00000 gamma=0.00000-0.00000level=6, indexed=1(42 sol.)
 Solution ? a=  4.838 b= 76.686 c=  4.602 alpha= 90.000 beta=104.261 gamma= 90.000 V= 1654.72 score=  6.87 #  42
      a= 4.80- 4.86 b=76.24-76.29 c= 4.57- 4.62 alpha= 90.00- 90.00 beta=104.27-104.35 gamma= 90.00- 90.00 V=1618.96-1661.08level=6, indexed=1(43 sol.)
      a=0.21508-0.21237 b=0.01312-0.01311 c=0.22593-0.22321 alpha=0.24657-0.24777 beta=0.00000-0.00000 gamma=0.00000-0.00000level=6, indexed=1(43 sol.)
 Solution ? a=  4.838 b= 76.686 c=  4.602 alpha= 90.000 beta=104.261 gamma= 90.000 V= 1654.72 score=  6.87 #  43
      a= 4.80- 4.86 b=76.24-76.29 c= 4.57- 4.63 alpha= 90.00- 90.00 beta=104.35-104.42 gamma= 90.00- 90.00 V=1619.47-1661.60level=6, indexed=1(44 sol.)
      a=0.21508-0.21237 b=0.01312-0.01311 c=0.22593-0.22321 alpha=0.24777-0.24897 beta=0.00000-0.00000 gamma=0.00000-0.00000level=6, indexed=1(44 sol.)
 Solution ? a=  4.838 b= 76.686 c=  4.602 alpha= 90.000 beta=104.261 gamma= 90.000 V= 1654.72 score=  6.87 #  44
      a= 4.79- 4.86 b=76.19-76.24 c= 4.56- 4.62 alpha= 90.00- 90.00 beta=104.13-104.20 gamma= 90.00- 90.00 V=1616.95-1659.02level=6, indexed=1(45 sol.)
      a=0.21508-0.21237 b=0.01312-0.01312 c=0.22593-0.22321 alpha=0.24418-0.24538 beta=0.00000-0.00000 gamma=0.00000-0.00000level=6, indexed=1(45 sol.)
 Solution ? a=  4.838 b= 76.686 c=  4.602 alpha= 90.000 beta=104.261 gamma= 90.000 V= 1654.72 score=  6.87 #  45
      a= 4.80- 4.86 b=76.19-76.24 c= 4.57- 4.62 alpha= 90.00- 90.00 beta=104.20-104.27 gamma= 90.00- 90.00 V=1617.46-1659.54level=6, indexed=1(46 sol.)
      a=0.21508-0.21237 b=0.01312-0.01312 c=0.22593-0.22321 alpha=0.24538-0.24657 beta=0.00000-0.00000 gamma=0.00000-0.00000level=6, indexed=1(46 sol.)
 Solution ? a=  4.838 b= 76.686 c=  4.602 alpha= 90.000 beta=104.261 gamma= 90.000 V= 1654.72 score=  6.87 #  46
      a= 4.80- 4.86 b=76.19-76.24 c= 4.57- 4.62 alpha= 90.00- 90.00 beta=104.27-104.35 gamma= 90.00- 90.00 V=1617.96-1660.06level=6, indexed=1(49 sol.)
      a=0.21508-0.21237 b=0.01312-0.01312 c=0.22593-0.22321 alpha=0.24657-0.24777 beta=0.00000-0.00000 gamma=0.00000-0.00000level=6, indexed=1(49 sol.)
 Solution ? a=  4.838 b= 76.686 c=  4.602 alpha= 90.000 beta=104.261 gamma= 90.000 V= 1654.72 score=  6.87 #  49
Finished: V=700->1200.01 A^3, 391487 unit cells tested, 958892 tests/s,   Elapsed time=0.408279s
Starting: V=1200.01->1700.02
      a= 5.72- 5.81 b= 8.88- 8.95 c=38.24-38.29 alpha= 90.00- 90.00 beta= 92.13- 92.20 gamma= 90.00- 90.00 V=1940.07-1987.56level=6, indexed=1(50 sol.)
      a=0.17502-0.17239 b=0.11262-0.11176 c=0.02617-0.02613 alpha=0.03711-0.03830 beta=0.00000-0.00000 gamma=0.00000-0.00000level=6, indexed=1(50 sol.)
 Solution ? a=  5.777 b=  8.912 c= 38.305 alpha= 90.000 beta= 92.336 gamma= 90.000 V= 1970.47 score=  8.31 #  50
      a= 5.72- 5.81 b= 8.88- 8.95 c=38.24-38.29 alpha= 90.00- 90.00 beta= 92.20- 92.26 gamma= 90.00- 90.00 V=1940.16-1987.65level=6, indexed=1(51 sol.)
      a=0.17502-0.17239 b=0.11262-0.11176 c=0.02617-0.02613 alpha=0.03830-0.03950 beta=0.00000-0.00000 gamma=0.00000-0.00000level=6, indexed=1(51 sol.)
 Solution ? a=  5.777 b=  8.912 c= 38.305 alpha= 90.000 beta= 92.336 gamma= 90.000 V= 1970.47 score=  8.31 #  51
      a= 5.72- 5.81 b= 8.88- 8.95 c=38.26-38.31 alpha= 90.00- 90.00 beta= 92.61- 92.68 gamma= 90.00- 90.00 V=1940.74-1988.27level=6, indexed=1(57 sol.)
      a=0.17502-0.17239 b=0.11262-0.11176 c=0.02617-0.02613 alpha=0.04548-0.04668 beta=0.00000-0.00000 gamma=0.00000-0.00000level=6, indexed=1(57 sol.)
 Solution ? a=  5.777 b=  8.912 c= 38.305 alpha= 90.000 beta= 92.336 gamma= 90.000 V= 1970.47 score=  8.31 #  57
     a= 5.00- 5.06 b= 9.40- 9.44 c=38.19-38.24 alpha= 90.00- 90.00 beta= 90.03- 90.10 gamma= 90.00- 90.00 V=1794.32-1827.95level=5, indexed=1(60 sol.)
     a=0.20009-0.19745 b=0.10638-0.10595 c=0.02618-0.02615 alpha=0.00060-0.00180 beta=0.00000-0.00000 gamma=0.00000-0.00000level=5, indexed=1(60 sol.)
 Solution ? a=  5.054 b=  9.442 c= 38.119 alpha= 90.000 beta= 90.378 gamma= 90.000 V= 1819.09 score=  9.18 #  60
     a= 5.00- 5.06 b= 9.40- 9.44 c=38.19-38.24 alpha= 90.00- 90.00 beta= 90.17- 90.24 gamma= 90.00- 90.00 V=1794.33-1827.96level=5, indexed=1(61 sol.)
     a=0.20009-0.19745 b=0.10638-0.10595 c=0.02618-0.02615 alpha=0.00299-0.00419 beta=0.00000-0.00000 gamma=0.00000-0.00000level=5, indexed=1(61 sol.)
 Solution ? a=  5.054 b=  9.442 c= 38.119 alpha= 90.000 beta= 90.378 gamma= 90.000 V= 1819.09 score=  9.18 #  61
      a= 5.03- 5.10 b= 9.38- 9.42 c=38.17-38.22 alpha= 90.00- 90.00 beta= 90.27- 90.34 gamma= 90.00- 90.00 V=1801.49-1835.41level=6, indexed=1(62 sol.)
      a=0.19877-0.19613 b=0.10659-0.10616 c=0.02620-0.02617 alpha=0.00479-0.00598 beta=0.00000-0.00000 gamma=0.00000-0.00000level=6, indexed=1(62 sol.)
 Solution ? a=  5.054 b=  9.440 c= 38.109 alpha= 90.000 beta= 90.373 gamma= 90.000 V= 1818.28 score=  9.77 #  62
      a= 5.03- 5.10 b= 9.38- 9.42 c=38.17-38.22 alpha= 90.00- 90.00 beta= 90.34- 90.41 gamma= 90.00- 90.00 V=1801.50-1835.42level=6, indexed=1(63 sol.)
      a=0.19877-0.19613 b=0.10659-0.10616 c=0.02620-0.02617 alpha=0.00598-0.00718 beta=0.00000-0.00000 gamma=0.00000-0.00000level=6, indexed=1(63 sol.)
 Solution ? a=  5.054 b=  9.440 c= 38.109 alpha= 90.000 beta= 90.373 gamma= 90.000 V= 1818.28 score=  9.77 #  63
      a= 8.88- 8.95 b= 5.55- 5.63 c=38.22-38.26 alpha= 90.00- 90.00 beta= 90.34- 90.41 gamma= 90.00- 90.00 V=1882.02-1927.16level=6, indexed=1(112 sol.)
      a=0.11262-0.11176 b=0.18030-0.17766 c=0.02617-0.02613 alpha=0.00598-0.00718 beta=0.00000-0.00000 gamma=0.00000-0.00000level=6, indexed=1(112 sol.)
 Solution ? a=  8.906 b=  5.564 c= 38.072 alpha= 90.000 beta= 90.345 gamma= 90.000 V= 1886.67 score= 11.75 # 112
      a= 8.88- 8.95 b= 5.55- 5.63 c=38.17-38.22 alpha= 90.00- 90.00 beta= 90.27- 90.34 gamma= 90.00- 90.00 V=1879.67-1924.74level=6, indexed=1(113 sol.)
      a=0.11262-0.11176 b=0.18030-0.17766 c=0.02620-0.02617 alpha=0.00479-0.00598 beta=0.00000-0.00000 gamma=0.00000-0.00000level=6, indexed=1(113 sol.)
 Solution ? a=  8.906 b=  5.564 c= 38.073 alpha= 90.000 beta= 90.344 gamma= 90.000 V= 1886.76 score= 11.82 # 113
      a= 8.88- 8.95 b= 5.55- 5.63 c=38.17-38.22 alpha= 90.00- 90.00 beta= 90.34- 90.41 gamma= 90.00- 90.00 V=1879.68-1924.76level=6, indexed=1(114 sol.)
      a=0.11262-0.11176 b=0.18030-0.17766 c=0.02620-0.02617 alpha=0.00598-0.00718 beta=0.00000-0.00000 gamma=0.00000-0.00000level=6, indexed=1(114 sol.)
 Solution ? a=  8.906 b=  5.564 c= 38.073 alpha= 90.000 beta= 90.344 gamma= 90.000 V= 1886.76 score= 11.82 # 114
      a= 8.88- 8.95 b= 5.55- 5.63 c=38.12-38.17 alpha= 90.00- 90.00 beta= 90.21- 90.27 gamma= 90.00- 90.00 V=1877.32-1922.33level=6, indexed=1(116 sol.)
      a=0.11262-0.11176 b=0.18030-0.17766 c=0.02623-0.02620 alpha=0.00359-0.00479 beta=0.00000-0.00000 gamma=0.00000-0.00000level=6, indexed=1(116 sol.)
 Solution ? a=  8.906 b=  5.564 c= 38.073 alpha= 90.000 beta= 90.344 gamma= 90.000 V= 1886.76 score= 11.82 # 116
Finished: V=1200.01->1700.02 A^3, 2182287 unit cells tested, 669619 tests/s,   Elapsed time=3.25901s
Starting: V=1700.02->2200.03
Finished: V=1700.02->2200.03 A^3, 6964876 unit cells tested, 454728 tests/s,   Elapsed time=15.3166s
Starting: V=2200.03->2700.04
Finished: V=2200.03->2700.04 A^3, 19562683 unit cells tested, 250503 tests/s,   Elapsed time=78.0936s
Starting: V=2700.04->3200
      a= 4.44- 4.50 b=18.82-18.87 c=38.38-38.43 alpha= 90.00- 90.00 beta= 91.85- 91.92 gamma= 90.00- 90.00 V=3208.43-3258.14level=6, indexed=1(1510 sol.)
      a=0.22516-0.22252 b=0.05313-0.05301 c=0.02607-0.02604 alpha=0.03232-0.03351 beta=0.00000-0.00000 gamma=0.00000-0.00000level=6, indexed=1(1510 sol.)
 Solution ? a=  4.472 b= 18.842 c= 38.001 alpha= 90.000 beta= 92.149 gamma= 90.000 V= 3200.02 score= 14.32 #1510
      a= 4.55- 4.60 b=18.82-18.87 c=38.07-38.12 alpha= 90.00- 90.00 beta= 90.00- 90.07 gamma= 90.00- 90.00 V=3259.22-3310.50level=6, indexed=1(1553 sol.)
      a=0.21988-0.21724 b=0.05313-0.05301 c=0.02626-0.02623 alpha=0.00000-0.00120 beta=0.00000-0.00000 gamma=0.00000-0.00000level=6, indexed=1(1553 sol.)
 Solution ? a=  4.579 b= 18.845 c= 38.041 alpha= 90.000 beta= 90.266 gamma= 90.000 V= 3282.78 score= 14.41 #1553
      a= 4.55- 4.60 b=18.82-18.87 c=38.07-38.12 alpha= 90.00- 90.00 beta= 90.07- 90.14 gamma= 90.00- 90.00 V=3259.22-3310.51level=6, indexed=1(1554 sol.)
      a=0.21988-0.21724 b=0.05313-0.05301 c=0.02626-0.02623 alpha=0.00120-0.00239 beta=0.00000-0.00000 gamma=0.00000-0.00000level=6, indexed=1(1554 sol.)
 Solution ? a=  4.579 b= 18.845 c= 38.041 alpha= 90.000 beta= 90.266 gamma= 90.000 V= 3282.78 score= 14.41 #1554
      a= 4.55- 4.60 b=18.87-18.91 c=38.03-38.07 alpha= 90.00- 90.00 beta= 90.07- 90.14 gamma= 90.00- 90.00 V=3262.65-3314.00level=6, indexed=1(1561 sol.)
      a=0.21988-0.21724 b=0.05301-0.05288 c=0.02630-0.02626 alpha=0.00120-0.00239 beta=0.00000-0.00000 gamma=0.00000-0.00000level=6, indexed=1(1561 sol.)
 Solution ? a=  4.581 b= 18.853 c= 38.047 alpha= 90.000 beta= 90.273 gamma= 90.000 V= 3286.26 score= 17.01 #1561
      a= 4.55- 4.60 b=18.82-18.87 c=38.03-38.07 alpha= 90.00- 90.00 beta= 90.00- 90.07 gamma= 90.00- 90.00 V=3255.17-3306.39level=6, indexed=1(1562 sol.)
      a=0.21988-0.21724 b=0.05313-0.05301 c=0.02630-0.02626 alpha=0.00000-0.00120 beta=0.00000-0.00000 gamma=0.00000-0.00000level=6, indexed=1(1562 sol.)
 Solution ? a=  4.581 b= 18.853 c= 38.047 alpha= 90.000 beta= 90.273 gamma= 90.000 V= 3286.26 score= 17.01 #1562
1698 solutions ! Redparing...
CellExplorer::ReduceSolutions(): update threshold for report from 8 to 8.42893
-> 100 remaining
