Xb7088cf TRICLINIC P 4 peaks [2.10557, 4.23509, 6.03983, 8.66822, 8.86935, 9.1628, 9.34578, 9.64089, 10.11432, 10.58917, 11.12731, 11.76686, 12.51769, 12.9366, 13.31801, 14.01909, 14.55873, 15.22467] V 327.6 471.1103820800781 Lmax 25.0
3->25,0.880004,24.9999
1.5708->2.35619,0.0785683,0.707107,9.99638
327.6->471.11,143.525,0.9999
Starting: V=327.6->471.11
    a=10.06-10.09 b= 8.58- 8.61 c= 5.61- 5.65 alpha= 92.34- 92.67 beta= 74.00- 74.01 gamma= 95.04- 95.43 V=463.82-469.64level=4, indexed=1(0 sol.)
    a=0.01077-0.01071 b=0.01369-0.01360 c=0.03434-0.03394 alpha=0.00194-0.00206 beta=0.00075-0.00092 gamma=-0.01051--0.01040level=4, indexed=1(0 sol.)
 Solution ? a= 10.181 b=  8.619 c=  5.673 alpha= 92.373 beta= 74.024 gamma= 95.240 V=  476.54 score=  5.79 #   0
      a=10.03-10.05 b= 8.63- 8.65 c= 5.61- 5.63 alpha= 92.08- 92.24 beta= 73.61- 73.61 gamma= 95.51- 95.70 V=463.43-466.32level=6, indexed=1(1 sol.)
      a=0.01089-0.01086 b=0.01356-0.01351 c=0.03454-0.03434 alpha=0.00217-0.00223 beta=0.00042-0.00050 gamma=-0.01087--0.01081level=6, indexed=1(1 sol.)
 Solution ? a= 10.010 b=  8.627 c=  5.599 alpha= 92.167 beta= 73.744 gamma= 95.664 V=  461.90 score= 12.17 #   1
      a=10.03-10.05 b= 8.63- 8.65 c= 5.61- 5.63 alpha= 92.20- 92.36 beta= 73.60- 73.60 gamma= 95.54- 95.74 V=463.47-466.36level=6, indexed=1(2 sol.)
      a=0.01089-0.01086 b=0.01356-0.01351 c=0.03454-0.03434 alpha=0.00217-0.00223 beta=0.00050-0.00059 gamma=-0.01087--0.01081level=6, indexed=1(2 sol.)
 Solution ? a= 10.037 b=  8.608 c=  5.600 alpha= 92.125 beta= 73.600 gamma= 95.854 V=  461.73 score= 10.22 #   2
      a=10.03-10.05 b= 8.63- 8.65 c= 5.61- 5.63 alpha= 92.12- 92.29 beta= 73.61- 73.61 gamma= 95.65- 95.85 V=463.55-466.44level=6, indexed=1(3 sol.)
      a=0.01089-0.01086 b=0.01356-0.01351 c=0.03454-0.03434 alpha=0.00223-0.00229 beta=0.00042-0.00050 gamma=-0.01087--0.01081level=6, indexed=1(3 sol.)
 Solution ? a= 10.010 b=  8.627 c=  5.599 alpha= 92.167 beta= 73.744 gamma= 95.664 V=  461.90 score= 12.17 #   3
      a=10.02-10.03 b= 8.63- 8.65 c= 5.61- 5.62 alpha= 92.12- 92.28 beta= 73.63- 73.63 gamma= 95.64- 95.84 V=462.85-465.74level=6, indexed=1(4 sol.)
      a=0.01092-0.01089 b=0.01356-0.01351 c=0.03454-0.03434 alpha=0.00223-0.00229 beta=0.00042-0.00050 gamma=-0.01087--0.01081level=6, indexed=1(4 sol.)
 Solution ? a= 10.010 b=  8.627 c=  5.599 alpha= 92.167 beta= 73.744 gamma= 95.664 V=  461.90 score= 12.17 #   4
      a=10.02-10.03 b= 8.63- 8.65 c= 5.61- 5.62 alpha= 92.04- 92.21 beta= 73.64- 73.64 gamma= 95.76- 95.95 V=462.94-465.83level=6, indexed=1(5 sol.)
      a=0.01092-0.01089 b=0.01356-0.01351 c=0.03454-0.03434 alpha=0.00229-0.00235 beta=0.00033-0.00042 gamma=-0.01087--0.01081level=6, indexed=1(5 sol.)
 Solution ? a= 10.037 b=  8.608 c=  5.600 alpha= 92.125 beta= 73.600 gamma= 95.854 V=  461.73 score= 10.22 #   5
      a=10.02-10.04 b= 8.63- 8.65 c= 5.61- 5.62 alpha= 92.16- 92.32 beta= 73.62- 73.63 gamma= 95.79- 95.98 V=462.97-465.86level=6, indexed=1(6 sol.)
      a=0.01092-0.01089 b=0.01356-0.01351 c=0.03454-0.03434 alpha=0.00229-0.00235 beta=0.00042-0.00050 gamma=-0.01087--0.01081level=6, indexed=1(6 sol.)
 Solution ? a= 10.037 b=  8.608 c=  5.600 alpha= 92.125 beta= 73.600 gamma= 95.854 V=  461.73 score= 10.22 #   6
      a=10.03-10.05 b= 8.63- 8.65 c= 5.61- 5.63 alpha= 92.24- 92.40 beta= 73.60- 73.60 gamma= 95.69- 95.88 V=463.58-466.48level=6, indexed=1(7 sol.)
      a=0.01089-0.01086 b=0.01356-0.01351 c=0.03454-0.03434 alpha=0.00223-0.00229 beta=0.00050-0.00059 gamma=-0.01087--0.01081level=6, indexed=1(7 sol.)
 Solution ? a= 10.010 b=  8.627 c=  5.599 alpha= 92.167 beta= 73.744 gamma= 95.664 V=  461.90 score= 12.17 #   7
      a=10.02-10.03 b= 8.63- 8.65 c= 5.61- 5.63 alpha= 92.23- 92.40 beta= 73.62- 73.62 gamma= 95.68- 95.87 V=462.89-465.78level=6, indexed=1(8 sol.)
      a=0.01092-0.01089 b=0.01356-0.01351 c=0.03454-0.03434 alpha=0.00223-0.00229 beta=0.00050-0.00059 gamma=-0.01087--0.01081level=6, indexed=1(8 sol.)
 Solution ? a= 10.010 b=  8.627 c=  5.599 alpha= 92.167 beta= 73.744 gamma= 95.664 V=  461.90 score= 12.17 #   8
     a=10.02-10.04 b= 8.66- 8.68 c= 5.58- 5.60 alpha= 92.00- 92.17 beta= 73.66- 73.66 gamma= 95.44- 95.63 V=462.86-465.74level=5, indexed=1(9 sol.)
     a=0.01090-0.01087 b=0.01345-0.01340 c=0.03485-0.03464 alpha=0.00214-0.00220 beta=0.00038-0.00046 gamma=-0.01090--0.01084level=5, indexed=1(9 sol.)
 Solution ? a= 10.010 b=  8.627 c=  5.599 alpha= 92.167 beta= 73.744 gamma= 95.664 V=  461.90 score= 12.17 #   9
      a=10.01-10.03 b= 8.66- 8.68 c= 5.59- 5.61 alpha= 92.12- 92.28 beta= 73.68- 73.68 gamma= 95.66- 95.86 V=462.94-465.83level=6, indexed=1(10 sol.)
      a=0.01092-0.01089 b=0.01347-0.01342 c=0.03475-0.03454 alpha=0.00223-0.00229 beta=0.00042-0.00050 gamma=-0.01087--0.01081level=6, indexed=1(10 sol.)
 Solution ? a= 10.037 b=  8.608 c=  5.600 alpha= 92.125 beta= 73.600 gamma= 95.854 V=  461.73 score= 10.22 #  10
      a=10.03-10.04 b= 8.63- 8.64 c= 5.59- 5.61 alpha= 91.96- 92.12 beta= 73.67- 73.67 gamma= 95.47- 95.67 V=461.94-464.81level=6, indexed=1(11 sol.)
      a=0.01089-0.01086 b=0.01356-0.01351 c=0.03475-0.03454 alpha=0.00217-0.00223 beta=0.00033-0.00042 gamma=-0.01087--0.01081level=6, indexed=1(11 sol.)
 Solution ? a= 10.010 b=  8.627 c=  5.599 alpha= 92.167 beta= 73.744 gamma= 95.664 V=  461.90 score= 12.17 #  11
      a=10.03-10.05 b= 8.63- 8.65 c= 5.59- 5.61 alpha= 92.01- 92.17 beta= 73.58- 73.58 gamma= 95.62- 95.82 V=462.26-465.14level=6, indexed=1(12 sol.)
      a=0.01089-0.01086 b=0.01356-0.01351 c=0.03475-0.03454 alpha=0.00223-0.00229 beta=0.00033-0.00042 gamma=-0.01092--0.01087level=6, indexed=1(12 sol.)
 Solution ? a= 10.010 b=  8.627 c=  5.599 alpha= 92.167 beta= 73.744 gamma= 95.664 V=  461.90 score= 12.17 #  12
      a=10.03-10.04 b= 8.63- 8.65 c= 5.59- 5.61 alpha= 92.00- 92.16 beta= 73.67- 73.67 gamma= 95.62- 95.81 V=462.05-464.93level=6, indexed=1(13 sol.)
      a=0.01089-0.01086 b=0.01356-0.01351 c=0.03475-0.03454 alpha=0.00223-0.00229 beta=0.00033-0.00042 gamma=-0.01087--0.01081level=6, indexed=1(13 sol.)
 Solution ? a= 10.010 b=  8.627 c=  5.599 alpha= 92.167 beta= 73.744 gamma= 95.664 V=  461.90 score= 12.17 #  13
      a=10.01-10.03 b= 8.64- 8.66 c= 5.59- 5.61 alpha= 92.00- 92.16 beta= 73.69- 73.69 gamma= 95.62- 95.81 V=462.13-465.01level=6, indexed=1(14 sol.)
      a=0.01092-0.01089 b=0.01351-0.01347 c=0.03475-0.03454 alpha=0.00223-0.00229 beta=0.00033-0.00042 gamma=-0.01087--0.01081level=6, indexed=1(14 sol.)
 Solution ? a= 10.010 b=  8.627 c=  5.599 alpha= 92.167 beta= 73.744 gamma= 95.664 V=  461.90 score= 12.17 #  14
      a=10.01-10.03 b= 8.64- 8.66 c= 5.59- 5.61 alpha= 92.11- 92.28 beta= 73.68- 73.68 gamma= 95.65- 95.85 V=462.16-465.04level=6, indexed=1(15 sol.)
      a=0.01092-0.01089 b=0.01351-0.01347 c=0.03475-0.03454 alpha=0.00223-0.00229 beta=0.00042-0.00050 gamma=-0.01087--0.01081level=6, indexed=1(15 sol.)
 Solution ? a= 10.037 b=  8.608 c=  5.600 alpha= 92.125 beta= 73.600 gamma= 95.854 V=  461.73 score= 10.22 #  15
      a=10.01-10.03 b= 8.63- 8.65 c= 5.59- 5.61 alpha= 92.00- 92.16 beta= 73.69- 73.69 gamma= 95.61- 95.80 V=461.36-464.23level=6, indexed=1(16 sol.)
      a=0.01092-0.01089 b=0.01356-0.01351 c=0.03475-0.03454 alpha=0.00223-0.00229 beta=0.00033-0.00042 gamma=-0.01087--0.01081level=6, indexed=1(16 sol.)
 Solution ? a= 10.010 b=  8.627 c=  5.599 alpha= 92.167 beta= 73.744 gamma= 95.664 V=  461.90 score= 12.17 #  16
      a=10.02-10.04 b= 8.63- 8.65 c= 5.59- 5.61 alpha= 92.05- 92.21 beta= 73.59- 73.60 gamma= 95.76- 95.95 V=461.69-464.56level=6, indexed=1(17 sol.)
      a=0.01092-0.01089 b=0.01356-0.01351 c=0.03475-0.03454 alpha=0.00229-0.00235 beta=0.00033-0.00042 gamma=-0.01092--0.01087level=6, indexed=1(17 sol.)
 Solution ? a= 10.037 b=  8.608 c=  5.600 alpha= 92.125 beta= 73.600 gamma= 95.854 V=  461.73 score= 10.22 #  17
      a=10.02-10.03 b= 8.63- 8.65 c= 5.59- 5.61 alpha= 92.04- 92.20 beta= 73.68- 73.69 gamma= 95.75- 95.95 V=461.47-464.35level=6, indexed=1(18 sol.)
      a=0.01092-0.01089 b=0.01356-0.01351 c=0.03475-0.03454 alpha=0.00229-0.00235 beta=0.00033-0.00042 gamma=-0.01087--0.01081level=6, indexed=1(18 sol.)
 Solution ? a= 10.010 b=  8.627 c=  5.599 alpha= 92.167 beta= 73.744 gamma= 95.664 V=  461.90 score= 12.17 #  18
      a=10.02-10.03 b= 8.63- 8.65 c= 5.59- 5.61 alpha= 92.15- 92.31 beta= 73.67- 73.67 gamma= 95.79- 95.98 V=461.51-464.38level=6, indexed=1(19 sol.)
      a=0.01092-0.01089 b=0.01356-0.01351 c=0.03475-0.03454 alpha=0.00229-0.00235 beta=0.00042-0.00050 gamma=-0.01087--0.01081level=6, indexed=1(19 sol.)
 Solution ? a= 10.037 b=  8.608 c=  5.600 alpha= 92.125 beta= 73.600 gamma= 95.854 V=  461.73 score= 10.22 #  19
     a=10.02-10.04 b= 8.64- 8.66 c= 5.58- 5.60 alpha= 92.31- 92.47 beta= 73.63- 73.63 gamma= 95.77- 95.97 V=461.61-464.49level=5, indexed=1(20 sol.)
     a=0.01090-0.01087 b=0.01354-0.01349 c=0.03485-0.03464 alpha=0.00226-0.00232 beta=0.00054-0.00063 gamma=-0.01090--0.01084level=5, indexed=1(20 sol.)
 Solution ? a= 10.010 b=  8.627 c=  5.599 alpha= 92.167 beta= 73.744 gamma= 95.664 V=  461.90 score= 12.17 #  20
      a=10.01-10.03 b= 8.63- 8.65 c= 5.60- 5.62 alpha= 91.92- 92.08 beta= 73.74- 73.74 gamma= 95.72- 95.92 V=462.69-465.58level=6, indexed=1(21 sol.)
      a=0.01092-0.01089 b=0.01356-0.01351 c=0.03454-0.03434 alpha=0.00229-0.00235 beta=0.00025-0.00033 gamma=-0.01081--0.01075level=6, indexed=1(21 sol.)
 Solution ? a= 10.010 b=  8.627 c=  5.599 alpha= 92.167 beta= 73.744 gamma= 95.664 V=  461.90 score= 12.17 #  21
      a=10.01-10.02 b= 8.63- 8.65 c= 5.60- 5.62 alpha= 91.91- 92.07 beta= 73.83- 73.83 gamma= 95.72- 95.91 V=462.48-465.36level=6, indexed=1(22 sol.)
      a=0.01092-0.01089 b=0.01356-0.01351 c=0.03454-0.03434 alpha=0.00229-0.00235 beta=0.00025-0.00033 gamma=-0.01075--0.01069level=6, indexed=1(22 sol.)
 Solution ? a= 10.010 b=  8.627 c=  5.599 alpha= 92.167 beta= 73.744 gamma= 95.664 V=  461.90 score= 12.17 #  22
      a=10.01-10.03 b= 8.63- 8.65 c= 5.60- 5.61 alpha= 91.85- 92.01 beta= 73.99- 74.00 gamma= 95.58- 95.77 V=462.63-465.51level=6, indexed=1(23 sol.)
      a=0.01089-0.01086 b=0.01356-0.01351 c=0.03454-0.03434 alpha=0.00223-0.00229 beta=0.00025-0.00033 gamma=-0.01063--0.01057level=6, indexed=1(23 sol.)
 Solution ? a= 10.010 b=  8.627 c=  5.599 alpha= 92.167 beta= 73.744 gamma= 95.664 V=  461.90 score= 12.17 #  23
      a=10.00-10.02 b= 8.63- 8.65 c= 5.60- 5.62 alpha= 91.86- 92.02 beta= 73.92- 73.93 gamma= 95.57- 95.76 V=462.15-465.03level=6, indexed=1(24 sol.)
      a=0.01092-0.01089 b=0.01356-0.01351 c=0.03454-0.03434 alpha=0.00223-0.00229 beta=0.00025-0.00033 gamma=-0.01069--0.01063level=6, indexed=1(24 sol.)
 Solution ? a=  9.986 b=  8.620 c=  5.597 alpha= 92.139 beta= 73.895 gamma= 95.541 V=  460.70 score= 10.66 #  24
      a=10.00-10.01 b= 8.63- 8.65 c= 5.60- 5.61 alpha= 91.85- 92.01 beta= 74.01- 74.02 gamma= 95.57- 95.76 V=461.94-464.81level=6, indexed=1(25 sol.)
      a=0.01092-0.01089 b=0.01356-0.01351 c=0.03454-0.03434 alpha=0.00223-0.00229 beta=0.00025-0.00033 gamma=-0.01063--0.01057level=6, indexed=1(25 sol.)
 Solution ? a=  9.986 b=  8.620 c=  5.597 alpha= 92.139 beta= 73.895 gamma= 95.541 V=  460.70 score= 10.66 #  25
      a=10.00-10.02 b= 8.63- 8.65 c= 5.60- 5.62 alpha= 91.90- 92.06 beta= 73.92- 73.92 gamma= 95.71- 95.91 V=462.27-465.15level=6, indexed=1(26 sol.)
      a=0.01092-0.01089 b=0.01356-0.01351 c=0.03454-0.03434 alpha=0.00229-0.00235 beta=0.00025-0.00033 gamma=-0.01069--0.01063level=6, indexed=1(26 sol.)
 Solution ? a= 10.010 b=  8.627 c=  5.599 alpha= 92.167 beta= 73.744 gamma= 95.664 V=  461.90 score= 12.17 #  26
      a=10.01-10.02 b= 8.63- 8.65 c= 5.60- 5.61 alpha= 91.84- 92.00 beta= 74.08- 74.09 gamma= 95.57- 95.77 V=462.42-465.30level=6, indexed=1(27 sol.)
      a=0.01089-0.01086 b=0.01356-0.01351 c=0.03454-0.03434 alpha=0.00223-0.00229 beta=0.00025-0.00033 gamma=-0.01057--0.01051level=6, indexed=1(27 sol.)
 Solution ? a=  9.986 b=  8.620 c=  5.597 alpha= 92.139 beta= 73.895 gamma= 95.541 V=  460.70 score= 10.66 #  27
     a=10.01-10.03 b= 8.67- 8.68 c= 5.61- 5.62 alpha= 92.06- 92.22 beta= 73.91- 73.92 gamma= 95.72- 95.91 V=465.17-468.09level=5, indexed=1(28 sol.)
     a=0.01090-0.01087 b=0.01345-0.01340 c=0.03444-0.03424 alpha=0.00226-0.00232 beta=0.00038-0.00046 gamma=-0.01066--0.01060level=5, indexed=1(28 sol.)
 Solution ? a= 10.012 b=  8.629 c=  5.600 alpha= 92.146 beta= 73.751 gamma= 95.700 V=  462.15 score= 11.25 #  28
      a=10.02-10.04 b= 8.63- 8.65 c= 5.61- 5.62 alpha= 92.07- 92.23 beta= 73.70- 73.70 gamma= 95.50- 95.70 V=463.22-466.11level=6, indexed=1(29 sol.)
      a=0.01089-0.01086 b=0.01356-0.01351 c=0.03454-0.03434 alpha=0.00217-0.00223 beta=0.00042-0.00050 gamma=-0.01081--0.01075level=6, indexed=1(29 sol.)
 Solution ? a= 10.010 b=  8.627 c=  5.599 alpha= 92.167 beta= 73.744 gamma= 95.664 V=  461.90 score= 12.17 #  29
      a=10.02-10.04 b= 8.63- 8.65 c= 5.60- 5.62 alpha= 92.06- 92.23 beta= 73.79- 73.80 gamma= 95.50- 95.69 V=463.00-465.89level=6, indexed=1(30 sol.)
      a=0.01089-0.01086 b=0.01356-0.01351 c=0.03454-0.03434 alpha=0.00217-0.00223 beta=0.00042-0.00050 gamma=-0.01075--0.01069level=6, indexed=1(30 sol.)
 Solution ? a= 10.010 b=  8.627 c=  5.599 alpha= 92.167 beta= 73.744 gamma= 95.664 V=  461.90 score= 12.17 #  30
      a=10.01-10.03 b= 8.63- 8.64 c= 5.60- 5.62 alpha= 91.94- 92.10 beta= 73.89- 73.90 gamma= 95.47- 95.66 V=462.76-465.64level=6, indexed=1(31 sol.)
      a=0.01089-0.01086 b=0.01356-0.01351 c=0.03454-0.03434 alpha=0.00217-0.00223 beta=0.00033-0.00042 gamma=-0.01069--0.01063level=6, indexed=1(31 sol.)
 Solution ? a= 10.010 b=  8.627 c=  5.599 alpha= 92.167 beta= 73.744 gamma= 95.664 V=  461.90 score= 12.17 #  31
      a=10.01-10.03 b= 8.63- 8.64 c= 5.60- 5.61 alpha= 91.93- 92.09 beta= 73.99- 73.99 gamma= 95.46- 95.66 V=462.55-465.43level=6, indexed=1(32 sol.)
      a=0.01089-0.01086 b=0.01356-0.01351 c=0.03454-0.03434 alpha=0.00217-0.00223 beta=0.00033-0.00042 gamma=-0.01063--0.01057level=6, indexed=1(32 sol.)
 Solution ? a= 10.010 b=  8.627 c=  5.599 alpha= 92.167 beta= 73.744 gamma= 95.664 V=  461.90 score= 12.17 #  32
      a=10.02-10.03 b= 8.63- 8.65 c= 5.60- 5.62 alpha= 92.05- 92.22 beta= 73.88- 73.89 gamma= 95.50- 95.69 V=462.79-465.68level=6, indexed=1(33 sol.)
      a=0.01089-0.01086 b=0.01356-0.01351 c=0.03454-0.03434 alpha=0.00217-0.00223 beta=0.00042-0.00050 gamma=-0.01069--0.01063level=6, indexed=1(33 sol.)
 Solution ? a= 10.010 b=  8.627 c=  5.599 alpha= 92.167 beta= 73.744 gamma= 95.664 V=  461.90 score= 12.17 #  33
      a=10.01-10.03 b= 8.63- 8.65 c= 5.60- 5.61 alpha= 92.04- 92.21 beta= 73.97- 73.98 gamma= 95.49- 95.69 V=462.58-465.46level=6, indexed=1(34 sol.)
      a=0.01089-0.01086 b=0.01356-0.01351 c=0.03454-0.03434 alpha=0.00217-0.00223 beta=0.00042-0.00050 gamma=-0.01063--0.01057level=6, indexed=1(34 sol.)
 Solution ? a= 10.010 b=  8.627 c=  5.599 alpha= 92.167 beta= 73.744 gamma= 95.664 V=  461.90 score= 12.17 #  34
      a=10.00-10.02 b= 8.64- 8.66 c= 5.60- 5.62 alpha= 92.05- 92.22 beta= 73.91- 73.91 gamma= 95.50- 95.69 V=462.87-465.76level=6, indexed=1(35 sol.)
      a=0.01092-0.01089 b=0.01351-0.01347 c=0.03454-0.03434 alpha=0.00217-0.00223 beta=0.00042-0.00050 gamma=-0.01069--0.01063level=6, indexed=1(35 sol.)
 Solution ? a= 10.010 b=  8.627 c=  5.599 alpha= 92.167 beta= 73.744 gamma= 95.664 V=  461.90 score= 12.17 #  35
      a=10.00-10.01 b= 8.64- 8.66 c= 5.60- 5.61 alpha= 92.04- 92.21 beta= 74.00- 74.00 gamma= 95.50- 95.69 V=462.66-465.55level=6, indexed=1(36 sol.)
      a=0.01092-0.01089 b=0.01351-0.01347 c=0.03454-0.03434 alpha=0.00217-0.00223 beta=0.00042-0.00050 gamma=-0.01063--0.01057level=6, indexed=1(36 sol.)
 Solution ? a=  9.990 b=  8.623 c=  5.598 alpha= 92.132 beta= 73.886 gamma= 95.596 V=  460.99 score= 10.11 #  36
      a=10.03-10.04 b= 8.63- 8.65 c= 5.61- 5.62 alpha= 92.19- 92.35 beta= 73.69- 73.69 gamma= 95.54- 95.73 V=463.25-466.15level=6, indexed=1(37 sol.)
      a=0.01089-0.01086 b=0.01356-0.01351 c=0.03454-0.03434 alpha=0.00217-0.00223 beta=0.00050-0.00059 gamma=-0.01081--0.01075level=6, indexed=1(37 sol.)
 Solution ? a= 10.010 b=  8.627 c=  5.599 alpha= 92.167 beta= 73.744 gamma= 95.664 V=  461.90 score= 12.17 #  37
      a=10.02-10.04 b= 8.63- 8.65 c= 5.60- 5.62 alpha= 92.18- 92.34 beta= 73.78- 73.78 gamma= 95.53- 95.73 V=463.04-465.93level=6, indexed=1(38 sol.)
      a=0.01089-0.01086 b=0.01356-0.01351 c=0.03454-0.03434 alpha=0.00217-0.00223 beta=0.00050-0.00059 gamma=-0.01075--0.01069level=6, indexed=1(38 sol.)
 Solution ? a= 10.010 b=  8.627 c=  5.599 alpha= 92.167 beta= 73.744 gamma= 95.664 V=  461.90 score= 12.17 #  38
      a=10.03-10.04 b= 8.63- 8.65 c= 5.61- 5.62 alpha= 92.30- 92.47 beta= 73.68- 73.68 gamma= 95.57- 95.76 V=463.29-466.19level=6, indexed=1(39 sol.)
      a=0.01089-0.01086 b=0.01356-0.01351 c=0.03454-0.03434 alpha=0.00217-0.00223 beta=0.00059-0.00067 gamma=-0.01081--0.01075level=6, indexed=1(39 sol.)
 Solution ? a= 10.037 b=  8.608 c=  5.600 alpha= 92.125 beta= 73.600 gamma= 95.854 V=  461.73 score= 10.22 #  39
      a=10.02-10.04 b= 8.63- 8.65 c= 5.60- 5.62 alpha= 92.29- 92.46 beta= 73.77- 73.77 gamma= 95.57- 95.76 V=463.08-465.97level=6, indexed=1(40 sol.)
      a=0.01089-0.01086 b=0.01356-0.01351 c=0.03454-0.03434 alpha=0.00217-0.00223 beta=0.00059-0.00067 gamma=-0.01075--0.01069level=6, indexed=1(40 sol.)
 Solution ? a= 10.010 b=  8.627 c=  5.599 alpha= 92.167 beta= 73.744 gamma= 95.664 V=  461.90 score= 12.17 #  40
      a=10.01-10.03 b= 8.64- 8.66 c= 5.61- 5.62 alpha= 92.19- 92.35 beta= 73.71- 73.72 gamma= 95.54- 95.73 V=463.33-466.23level=6, indexed=1(41 sol.)
      a=0.01092-0.01089 b=0.01351-0.01347 c=0.03454-0.03434 alpha=0.00217-0.00223 beta=0.00050-0.00059 gamma=-0.01081--0.01075level=6, indexed=1(41 sol.)
 Solution ? a= 10.037 b=  8.608 c=  5.600 alpha= 92.125 beta= 73.600 gamma= 95.854 V=  461.73 score= 10.22 #  41
      a=10.01-10.02 b= 8.64- 8.66 c= 5.60- 5.62 alpha= 92.18- 92.34 beta= 73.81- 73.81 gamma= 95.53- 95.73 V=463.12-466.01level=6, indexed=1(42 sol.)
      a=0.01092-0.01089 b=0.01351-0.01347 c=0.03454-0.03434 alpha=0.00217-0.00223 beta=0.00050-0.00059 gamma=-0.01075--0.01069level=6, indexed=1(42 sol.)
 Solution ? a= 10.012 b=  8.629 c=  5.600 alpha= 92.146 beta= 73.751 gamma= 95.700 V=  462.15 score= 11.25 #  42
      a=10.02-10.03 b= 8.63- 8.65 c= 5.60- 5.62 alpha= 92.17- 92.33 beta= 73.87- 73.88 gamma= 95.53- 95.72 V=462.83-465.71level=6, indexed=1(43 sol.)
      a=0.01089-0.01086 b=0.01356-0.01351 c=0.03454-0.03434 alpha=0.00217-0.00223 beta=0.00050-0.00059 gamma=-0.01069--0.01063level=6, indexed=1(43 sol.)
 Solution ? a= 10.010 b=  8.627 c=  5.599 alpha= 92.167 beta= 73.744 gamma= 95.664 V=  461.90 score= 12.17 #  43
      a=10.01-10.03 b= 8.63- 8.65 c= 5.60- 5.62 alpha= 92.16- 92.32 beta= 73.96- 73.97 gamma= 95.53- 95.72 V=462.62-465.50level=6, indexed=1(44 sol.)
      a=0.01089-0.01086 b=0.01356-0.01351 c=0.03454-0.03434 alpha=0.00217-0.00223 beta=0.00050-0.00059 gamma=-0.01063--0.01057level=6, indexed=1(44 sol.)
 Solution ? a= 10.010 b=  8.627 c=  5.599 alpha= 92.167 beta= 73.744 gamma= 95.664 V=  461.90 score= 12.17 #  44
      a=10.02-10.03 b= 8.63- 8.65 c= 5.60- 5.62 alpha= 92.29- 92.45 beta= 73.86- 73.86 gamma= 95.56- 95.76 V=462.86-465.75level=6, indexed=1(45 sol.)
      a=0.01089-0.01086 b=0.01356-0.01351 c=0.03454-0.03434 alpha=0.00217-0.00223 beta=0.00059-0.00067 gamma=-0.01069--0.01063level=6, indexed=1(45 sol.)
 Solution ? a= 10.010 b=  8.627 c=  5.599 alpha= 92.167 beta= 73.744 gamma= 95.664 V=  461.90 score= 12.17 #  45
      a=10.00-10.02 b= 8.64- 8.66 c= 5.60- 5.62 alpha= 92.17- 92.33 beta= 73.90- 73.90 gamma= 95.53- 95.72 V=462.91-465.80level=6, indexed=1(46 sol.)
      a=0.01092-0.01089 b=0.01351-0.01347 c=0.03454-0.03434 alpha=0.00217-0.00223 beta=0.00050-0.00059 gamma=-0.01069--0.01063level=6, indexed=1(46 sol.)
 Solution ? a= 10.010 b=  8.627 c=  5.599 alpha= 92.167 beta= 73.744 gamma= 95.664 V=  461.90 score= 12.17 #  46
      a=10.03-10.04 b= 8.63- 8.65 c= 5.61- 5.62 alpha= 92.00- 92.16 beta= 73.71- 73.71 gamma= 95.62- 95.81 V=463.30-466.19level=6, indexed=1(47 sol.)
      a=0.01089-0.01086 b=0.01356-0.01351 c=0.03454-0.03434 alpha=0.00223-0.00229 beta=0.00033-0.00042 gamma=-0.01081--0.01075level=6, indexed=1(47 sol.)
 Solution ? a= 10.010 b=  8.627 c=  5.599 alpha= 92.167 beta= 73.744 gamma= 95.664 V=  461.90 score= 12.17 #  47
      a=10.02-10.04 b= 8.63- 8.65 c= 5.60- 5.62 alpha= 91.99- 92.15 beta= 73.80- 73.80 gamma= 95.61- 95.81 V=463.09-465.97level=6, indexed=1(48 sol.)
      a=0.01089-0.01086 b=0.01356-0.01351 c=0.03454-0.03434 alpha=0.00223-0.00229 beta=0.00033-0.00042 gamma=-0.01075--0.01069level=6, indexed=1(48 sol.)
 Solution ? a= 10.010 b=  8.627 c=  5.599 alpha= 92.167 beta= 73.744 gamma= 95.664 V=  461.90 score= 12.17 #  48
      a=10.03-10.04 b= 8.63- 8.65 c= 5.61- 5.62 alpha= 92.11- 92.28 beta= 73.70- 73.70 gamma= 95.65- 95.84 V=463.33-466.23level=6, indexed=1(49 sol.)
      a=0.01089-0.01086 b=0.01356-0.01351 c=0.03454-0.03434 alpha=0.00223-0.00229 beta=0.00042-0.00050 gamma=-0.01081--0.01075level=6, indexed=1(49 sol.)
 Solution ? a= 10.010 b=  8.627 c=  5.599 alpha= 92.167 beta= 73.744 gamma= 95.664 V=  461.90 score= 12.17 #  49
      a=10.02-10.04 b= 8.63- 8.65 c= 5.60- 5.62 alpha= 92.10- 92.27 beta= 73.79- 73.79 gamma= 95.65- 95.84 V=463.12-466.01level=6, indexed=1(50 sol.)
      a=0.01089-0.01086 b=0.01356-0.01351 c=0.03454-0.03434 alpha=0.00223-0.00229 beta=0.00042-0.00050 gamma=-0.01075--0.01069level=6, indexed=1(50 sol.)
 Solution ? a= 10.010 b=  8.627 c=  5.599 alpha= 92.167 beta= 73.744 gamma= 95.664 V=  461.90 score= 12.17 #  50
      a=10.00-10.02 b= 8.64- 8.66 c= 5.60- 5.62 alpha= 92.09- 92.26 beta= 73.90- 73.90 gamma= 95.64- 95.84 V=462.99-465.88level=6, indexed=1(63 sol.)
      a=0.01092-0.01089 b=0.01351-0.01347 c=0.03454-0.03434 alpha=0.00223-0.00229 beta=0.00042-0.00050 gamma=-0.01069--0.01063level=6, indexed=1(63 sol.)
 Solution ? a= 10.010 b=  8.627 c=  5.599 alpha= 92.167 beta= 73.744 gamma= 95.664 V=  461.90 score= 12.17 #  63
     a=10.06-10.07 b= 8.58- 8.60 c= 5.62- 5.64 alpha= 91.86- 92.02 beta= 73.53- 73.53 gamma= 95.63- 95.82 V=462.73-465.61level=5, indexed=1(106 sol.)
     a=0.01084-0.01081 b=0.01372-0.01367 c=0.03444-0.03424 alpha=0.00226-0.00232 beta=0.00021-0.00029 gamma=-0.01090--0.01084level=5, indexed=1(106 sol.)
 Solution ? a= 10.061 b=  8.584 c=  5.655 alpha= 92.174 beta= 73.547 gamma= 95.811 V=  465.93 score= 12.38 # 106
     a=10.06-10.07 b= 8.58- 8.60 c= 5.62- 5.64 alpha= 92.09- 92.25 beta= 73.51- 73.51 gamma= 95.69- 95.89 V=462.79-465.68level=5, indexed=1(109 sol.)
     a=0.01084-0.01081 b=0.01372-0.01367 c=0.03444-0.03424 alpha=0.00226-0.00232 beta=0.00038-0.00046 gamma=-0.01090--0.01084level=5, indexed=1(109 sol.)
 Solution ? a= 10.061 b=  8.584 c=  5.655 alpha= 92.174 beta= 73.547 gamma= 95.811 V=  465.93 score= 12.38 # 109
     a=10.05-10.07 b= 8.58- 8.60 c= 5.65- 5.67 alpha= 91.85- 92.01 beta= 73.61- 73.61 gamma= 95.62- 95.82 V=465.26-468.18level=5, indexed=1(121 sol.)
     a=0.01084-0.01081 b=0.01372-0.01367 c=0.03404-0.03384 alpha=0.00226-0.00232 beta=0.00021-0.00029 gamma=-0.01078--0.01072level=5, indexed=1(121 sol.)
 Solution ? a= 10.061 b=  8.584 c=  5.655 alpha= 92.174 beta= 73.547 gamma= 95.811 V=  465.93 score= 12.38 # 121
     a=10.05-10.07 b= 8.58- 8.60 c= 5.65- 5.67 alpha= 92.08- 92.24 beta= 73.59- 73.59 gamma= 95.69- 95.88 V=465.33-468.25level=5, indexed=1(133 sol.)
     a=0.01084-0.01081 b=0.01372-0.01367 c=0.03404-0.03384 alpha=0.00226-0.00232 beta=0.00038-0.00046 gamma=-0.01078--0.01072level=5, indexed=1(133 sol.)
 Solution ? a= 10.061 b=  8.584 c=  5.655 alpha= 92.174 beta= 73.547 gamma= 95.811 V=  465.93 score= 12.38 # 133
     a=10.04-10.06 b= 8.58- 8.60 c= 5.65- 5.66 alpha= 92.06- 92.23 beta= 73.77- 73.77 gamma= 95.68- 95.88 V=464.89-467.81level=5, indexed=1(134 sol.)
     a=0.01084-0.01081 b=0.01372-0.01367 c=0.03404-0.03384 alpha=0.00226-0.00232 beta=0.00038-0.00046 gamma=-0.01066--0.01060level=5, indexed=1(134 sol.)
 Solution ? a= 10.061 b=  8.584 c=  5.655 alpha= 92.174 beta= 73.547 gamma= 95.811 V=  465.93 score= 12.38 # 134
     a=10.02-10.03 b= 8.56- 8.57 c= 5.64- 5.66 alpha= 91.90- 92.06 beta= 73.83- 73.83 gamma= 95.87- 96.06 V=462.15-465.04level=5, indexed=1(175 sol.)
     a=0.01090-0.01087 b=0.01381-0.01376 c=0.03404-0.03384 alpha=0.00238-0.00244 beta=0.00021-0.00029 gamma=-0.01066--0.01060level=5, indexed=1(175 sol.)
 Solution ? a= 10.033 b=  8.585 c=  5.652 alpha= 92.200 beta= 73.634 gamma= 95.655 V=  464.78 score= 12.47 # 175
Finished: V=327.6->471.11 A^3, 25181556 unit cells tested, 1.78887e+06 tests/s,   Elapsed time=14.0768s
build/fast-x86_64/objcryst/ObjCryst/ObjCryst/Indexing.cpp:2602 Solution ? a=10.0327, b=8.58462, c=5.65219, alpha=92.1998, beta=73.6335, gamma=95.6552, V=464.777, score=12.4713
build/fast-x86_64/objcryst/ObjCryst/ObjCryst/Indexing.cpp:2602 Solution ? a=10.0609, b=8.58358, c=5.65498, alpha=92.1743, beta=73.5473, gamma=95.8105, V=465.933, score=12.3786
build/fast-x86_64/objcryst/ObjCryst/ObjCryst/Indexing.cpp:2602 Solution ? a=10.0486, b=8.58358, c=5.65498, alpha=92.1743, beta=106.212, gamma=94.5893, V=465.933, score=12.3786
build/fast-x86_64/objcryst/ObjCryst/ObjCryst/Indexing.cpp:2602 Solution ? a=10.0101, b=8.62695, c=5.59911, alpha=92.1671, beta=73.7442, gamma=95.6636, V=461.898, score=12.1695
build/fast-x86_64/objcryst/ObjCryst/ObjCryst/Indexing.cpp:2602 Solution ? a=10.0087, b=8.62695, c=5.59911, alpha=92.1671, beta=106.228, gamma=94.4477, V=461.898, score=12.1694
build/fast-x86_64/objcryst/ObjCryst/ObjCryst/Indexing.cpp:2602 Solution ? a=19.2033, b=4.80276, c=4.45088, alpha=93.5652, beta=90.0529, gamma=92.4131, V=409.339, score=11.9539
build/fast-x86_64/objcryst/ObjCryst/ObjCryst/Indexing.cpp:2602 Solution ? a=19.2691, b=4.79839, c=4.45481, alpha=93.6033, beta=90.0852, gamma=92.3288, V=410.737, score=10.6883
build/fast-x86_64/objcryst/ObjCryst/ObjCryst/Indexing.cpp:2602 Solution ? a=9.98629, b=8.62026, c=5.59684, alpha=92.1393, beta=73.8947, gamma=95.5407, V=460.701, score=10.6628
build/fast-x86_64/objcryst/ObjCryst/ObjCryst/Indexing.cpp:2602 Solution ? a=10.0168, b=8.6074, c=5.59965, alpha=92.1157, beta=106.003, gamma=94.6773, V=461.649, score=10.3714
build/fast-x86_64/objcryst/ObjCryst/ObjCryst/Indexing.cpp:2602 Solution ? a=10.0375, b=8.60815, c=5.59983, alpha=92.1245, beta=73.6003, gamma=95.8542, V=461.725, score=10.2205
build/fast-x86_64/objcryst/ObjCryst/ObjCryst/Indexing.cpp:2602 Solution ? a=19.2319, b=5.12321, c=4.74153, alpha=110.583, beta=88.9446, gamma=92.4995, V=436.936, score=10.0891
build/fast-x86_64/objcryst/ObjCryst/ObjCryst/Indexing.cpp:2602 Solution ? a=19.2329, b=5.11497, c=4.73524, alpha=110.473, beta=88.9014, gamma=92.5582, V=435.971, score=9.26291
build/fast-x86_64/objcryst/ObjCryst/ObjCryst/Indexing.cpp:2602 Solution ? a=9.99193, b=8.59996, c=5.59628, alpha=92.0677, beta=105.936, gamma=94.7914, V=459.917, score=9.17544
build/fast-x86_64/objcryst/ObjCryst/ObjCryst/Indexing.cpp:2602 Solution ? a=19.2301, b=4.79289, c=4.44273, alpha=93.5134, beta=90.0398, gamma=92.4169, V=408.341, score=9.12566
build/fast-x86_64/objcryst/ObjCryst/ObjCryst/Indexing.cpp:2602 Solution ? a=9.99652, b=8.56621, c=5.63416, alpha=92.0583, beta=105.996, gamma=94.822, V=461.265, score=9.04065
build/fast-x86_64/objcryst/ObjCryst/ObjCryst/Indexing.cpp:2602 Solution ? a=10.0316, b=8.56621, c=5.63416, alpha=92.0583, beta=73.3192, gamma=95.966, V=461.265, score=9.04062
build/fast-x86_64/objcryst/ObjCryst/ObjCryst/Indexing.cpp:2602 Solution ? a=19.2967, b=5.12183, c=4.74668, alpha=110.596, beta=88.9483, gamma=92.3913, V=438.765, score=8.90148
build/fast-x86_64/objcryst/ObjCryst/ObjCryst/Indexing.cpp:2602 Solution ? a=10.0356, b=8.59016, c=5.64678, alpha=92.2479, beta=106.101, gamma=94.4245, V=465.367, score=8.70188
build/fast-x86_64/objcryst/ObjCryst/ObjCryst/Indexing.cpp:2602 Solution ? a=9.97649, b=8.62033, c=5.59649, alpha=92.1812, beta=105.827, gamma=94.5861, V=460.672, score=8.61554
build/fast-x86_64/objcryst/ObjCryst/ObjCryst/Indexing.cpp:2602 Solution ? a=19.2253, b=5.09665, c=4.80995, alpha=95.1561, beta=92.2936, gamma=91.1707, V=468.882, score=8.503
build/fast-x86_64/objcryst/ObjCryst/ObjCryst/Indexing.cpp:2602 Solution ? a=10.0318, b=8.57359, c=5.66421, alpha=92.0713, beta=73.2653, gamma=96.0116, V=463.963, score=8.1188
build/fast-x86_64/objcryst/ObjCryst/ObjCryst/Indexing.cpp:2602 Solution ? a=9.99987, b=8.57359, c=5.66421, alpha=92.0713, beta=106.115, gamma=94.8526, V=463.963, score=8.1188
build/fast-x86_64/objcryst/ObjCryst/ObjCryst/Indexing.cpp:2602 Solution ? a=10.1812, b=8.61925, c=5.67307, alpha=92.3725, beta=74.0237, gamma=95.2398, V=476.54, score=5.79373
build/fast-x86_64/objcryst/ObjCryst/ObjCryst/Indexing.cpp:2609 BEST ? a=10.0327, b=8.58462, c=5.65219, alpha=92.1998, beta=73.6335, gamma=95.6552, V=464.777, score=12.4713
25181556unit cells tested, 1.78777e+06 tests/s,   Elapsed time=14.0855s
DONE Xb7088cf TRICLINIC P 22 14.08596158027649 [{'cell': [10.032687187194824, 8.584617614746094, 5.652190685272217, 92.19981519084251, 73.63350321529362, 95.65521472214114], 'volume': 464.777099609375, 'score': 12.471327781677246, 'system': 'TRICLINIC', 'centering': 'P', 'mode': 4}, {'cell': [10.06093978881836, 8.583581924438477, 5.654977321624756, 92.17432492486003, 73.54730622796805, 95.81051273329972], 'volume': 465.9329528808594, 'score': 12.378645896911621, 'system': 'TRICLINIC', 'centering': 'P', 'mode': 4}, {'cell': [10.048562049865723, 8.583581924438477, 5.654977321624756, 92.17432492486003, 106.2120097448262, 94.58926807951227], 'volume': 465.9328918457031, 'score': 12.378631591796875, 'system': 'TRICLINIC', 'centering': 'P', 'mode': 4}, {'cell': [10.010108947753906, 8.626945495605469, 5.5991106033325195, 92.16705077339397, 73.74423424211786, 95.66364317557694], 'volume': 461.8979187011719, 'score': 12.169541358947754, 'system': 'TRICLINIC', 'centering': 'P', 'mode': 4}, {'cell': [10.00869369506836, 8.626945495605469, 5.5991106033325195, 92.16705077339397, 106.227951406349, 94.4476782580179], 'volume': 461.8979187011719, 'score': 12.16943073272705, 'system': 'TRICLINIC', 'centering': 'P', 'mode': 4}]
