Xb7088cf MONOCLINIC P 2 peaks [2.10557, 4.23509, 6.03983, 8.29694, 8.66822, 8.86935, 9.1628, 9.34578, 9.64089, 10.11432, 10.2458, 10.58917, 11.12731, 11.76686, 12.19657, 12.51769, 12.9366, 13.31801, 14.01909, 14.55873, 14.87013, 15.22467] V 327.6 1755.6666259765625 Lmax 33.77837212521343
3->33.7784,1.23114,24.9999
1.5708->2.44346,0.0766052,0.766044,11.3917
327.6->1755.67,476.038,2.9999
Starting: V=327.6->803.638
Finished: V=327.6->803.638 A^3, 24804 unit cells tested, 292028 tests/s,   Elapsed time=0.084946s
Starting: V=803.638->1279.68
Finished: V=803.638->1279.68 A^3, 157493 unit cells tested, 537526 tests/s,   Elapsed time=0.293005s
Starting: V=1279.68->1755.67
     a=10.23-10.25 b= 8.87- 8.89 c=19.21-19.23 alpha= 90.00- 90.00 beta= 92.09- 92.16 gamma= 90.00- 90.00 V=1741.51-1750.99level=5, indexed=1(0 sol.)
     a=0.09779-0.09759 b=0.11280-0.11253 c=0.05209-0.05204 alpha=0.03651-0.03770 beta=0.00000-0.00000 gamma=0.00000-0.00000level=5, indexed=1(0 sol.)
 Solution ? a= 10.230 b=  8.851 c= 19.201 alpha= 90.000 beta= 92.117 gamma= 90.000 V= 1737.34 score=  3.29 #   0
      a=16.16-16.19 b= 4.99- 5.01 c=19.53-19.55 alpha= 90.00- 90.00 beta=100.20-100.27 gamma= 90.00- 90.00 V=1550.04-1560.35level=6, indexed=1(1 sol.)
      a=0.06286-0.06278 b=0.20042-0.19958 c=0.05203-0.05198 alpha=0.17715-0.17835 beta=0.00000-0.00000 gamma=0.00000-0.00000level=6, indexed=1(1 sol.)
 Solution ? a= 16.193 b=  4.996 c= 19.502 alpha= 90.000 beta=100.363 gamma= 90.000 V= 1551.83 score=  4.64 #   1
      a=16.16-16.19 b= 4.99- 5.01 c=19.51-19.53 alpha= 90.00- 90.00 beta=100.20-100.27 gamma= 90.00- 90.00 V=1548.53-1558.83level=6, indexed=1(2 sol.)
      a=0.06286-0.06278 b=0.20042-0.19958 c=0.05208-0.05203 alpha=0.17715-0.17835 beta=0.00000-0.00000 gamma=0.00000-0.00000level=6, indexed=1(2 sol.)
 Solution ? a= 16.193 b=  4.996 c= 19.502 alpha= 90.000 beta=100.363 gamma= 90.000 V= 1551.83 score=  4.64 #   2
      a=16.17-16.19 b= 4.99- 5.01 c=19.51-19.54 alpha= 90.00- 90.00 beta=100.27-100.34 gamma= 90.00- 90.00 V=1548.87-1559.17level=6, indexed=1(3 sol.)
      a=0.06286-0.06278 b=0.20042-0.19958 c=0.05208-0.05203 alpha=0.17835-0.17954 beta=0.00000-0.00000 gamma=0.00000-0.00000level=6, indexed=1(3 sol.)
 Solution ? a= 16.193 b=  4.996 c= 19.502 alpha= 90.000 beta=100.363 gamma= 90.000 V= 1551.83 score=  4.64 #   3
      a=16.17-16.19 b= 4.99- 5.01 c=19.49-19.52 alpha= 90.00- 90.00 beta=100.27-100.34 gamma= 90.00- 90.00 V=1547.37-1557.66level=6, indexed=1(4 sol.)
      a=0.06286-0.06278 b=0.20042-0.19958 c=0.05213-0.05208 alpha=0.17835-0.17954 beta=0.00000-0.00000 gamma=0.00000-0.00000level=6, indexed=1(4 sol.)
 Solution ? a= 16.205 b=  5.001 c= 19.510 alpha= 90.000 beta=100.346 gamma= 90.000 V= 1555.52 score=  4.64 #   4
     a=16.18-16.21 b= 4.99- 5.01 c=23.01-23.05 alpha= 90.00- 90.00 beta=123.45-123.53 gamma= 90.00- 90.00 V=1549.88-1559.34level=5, indexed=1(5 sol.)
     a=0.07409-0.07400 b=0.20037-0.19975 c=0.05209-0.05205 alpha=0.55120-0.55240 beta=0.00000-0.00000 gamma=0.00000-0.00000level=5, indexed=1(5 sol.)
 Solution ? a= 16.193 b=  4.996 c= 22.998 alpha= 90.000 beta=123.473 gamma= 90.000 V= 1551.83 score=  4.64 #   5
Finished: V=1279.68->1755.67 A^3, 606386 unit cells tested, 795341 tests/s,   Elapsed time=0.762433s
build/fast-x86_64/objcryst/ObjCryst/ObjCryst/Indexing.cpp:2602 Solution ? a=16.1925, b=4.99566, c=19.502, alpha=90, beta=100.363, gamma=90, V=1551.83, score=4.63986
build/fast-x86_64/objcryst/ObjCryst/ObjCryst/Indexing.cpp:2602 Solution ? a=16.1925, b=4.99566, c=22.9983, alpha=90, beta=123.473, gamma=90, V=1551.83, score=4.63983
build/fast-x86_64/objcryst/ObjCryst/ObjCryst/Indexing.cpp:2602 Solution ? a=10.2299, b=8.85089, c=19.2009, alpha=90, beta=92.1165, gamma=90, V=1737.34, score=3.28623
build/fast-x86_64/objcryst/ObjCryst/ObjCryst/Indexing.cpp:2609 BEST ? a=16.1925, b=4.99566, c=19.502, alpha=90, beta=100.363, gamma=90, V=1551.83, score=4.63986
606386unit cells tested, 795049 tests/s,   Elapsed time=0.762709s
DONE Xb7088cf MONOCLINIC P 3 0.7630026340484619 [{'cell': [16.19253158569336, 4.995658874511719, 19.502002716064453, 90.00000250447816, 100.36252645660056, 90.00000250447816], 'volume': 1551.83203125, 'score': 4.639864444732666, 'system': 'MONOCLINIC', 'centering': 'P', 'mode': 2}, {'cell': [16.192529678344727, 4.995658874511719, 22.998291015625, 90.00000250447816, 123.47307256998566, 90.00000250447816], 'volume': 1551.8319091796875, 'score': 4.639828681945801, 'system': 'MONOCLINIC', 'centering': 'P', 'mode': 2}, {'cell': [10.229914665222168, 8.8508882522583, 19.20088768005371, 90.00000250447816, 92.11654835467088, 90.00000250447816], 'volume': 1737.3358154296875, 'score': 3.2862319946289062, 'system': 'MONOCLINIC', 'centering': 'P', 'mode': 2}]
