START 0.0612923750780878 3717.0787313194473
Imported powder pattern: 3721 points, 2theta=  1.876 ->  32.959, step= 0.008
EXTENDED 0.4 3721 Rw 0.05886890822397766
WITH_H 0.05886711310720597 16973.73580325766
Imported powder pattern: 3721 points, 2theta=  1.876 ->  32.959, step= 0.008
SCALED_SIGMA 2.135791648783564 3721.0000000000114
TIGHT_RESTRAINTS
FLEXIBLE_RINGS
AROMATIC_PLANARITY 0
LSQ_PACKING 28 atoms 2623 terms sigma 0.01 cost 126.03516699918333
EXTENDED_BACKGROUND 0.053673414214886195
CYCLE 0 0 Rw 0.053175956995705084 chi2 3036.3010011528518 geom 4.030271786527665 LSQ 3124.3634225784335
CYCLE 0 1 Rw 0.05312769879973604 chi2 3030.792499594881 geom 4.030271786527665 LSQ 3112.619408094898
CYCLE 0 2 Rw 0.0531179697569041 chi2 3029.6825697156164 geom 4.030271786527665 LSQ 3108.84171450571
PACKING_STAGE 0 4.675020697962275
CYCLE 1 0 Rw 0.05206111363083984 chi2 2910.322395357347 geom 7.190176205833118 LSQ 2982.7338866390182
CYCLE 1 1 Rw 0.05183602740844899 chi2 2885.211239515445 geom 2.4022151820293964 LSQ 2945.851801277141
CYCLE 1 2 Rw 0.051759035011172135 chi2 2876.646757684418 geom 2.2432717041914882 LSQ 2934.5086623099805
PACKING_STAGE 1 1.7923941372868721
CYCLE 2 0 Rw 0.051402137486095366 chi2 2837.112462596134 geom 2.2264592186315926 LSQ 2894.517684920531
CYCLE 2 1 Rw 0.050803010661082774 chi2 2771.360952638497 geom 2.5351297592073396 LSQ 2843.362168354067
CYCLE 2 2 Rw 0.05070816476006018 chi2 2761.0227124740068 geom 2.5619216301735235 LSQ 2828.651481758654
PACKING_STAGE 2 1.0999857378505702
CYCLE 3 0 Rw 0.0505087864978848 chi2 2739.353394032387 geom 2.5983933366826077 LSQ 2799.820330124753
CYCLE 3 1 Rw 0.05044724354821343 chi2 2732.6818744445504 geom 2.7333300603477477 LSQ 2793.7434575529087
CYCLE 3 2 Rw 0.05038643536964909 chi2 2726.097996042935 geom 2.85289587552549 LSQ 2787.5675700458405
PACKING_STAGE 3 0.49102067550590967
FINISHED Xb7088cf 0.05038643536964909
