START 0.05765374325585193 4735.151977520134
Imported powder pattern: 3721 points, 2theta=  1.876 ->  32.959, step= 0.008
EXTENDED 0.4 3721 Rw 0.056002419170523066
WITH_H 0.055963309614573284 15340.472709426549
Imported powder pattern: 3721 points, 2theta=  1.876 ->  32.959, step= 0.008
SCALED_SIGMA 2.0304370811495245 3721.0000000000123
TIGHT_RESTRAINTS
FLEXIBLE_RINGS
AROMATIC_PLANARITY 0
LSQ_PACKING 28 atoms 2623 terms sigma 0.01 cost 21.74521235186335
EXTENDED_BACKGROUND 0.05433583967604238
CYCLE 0 0 Rw 0.05326906920417415 chi2 3371.344288426072 geom 6.989512267975771 LSQ 3465.1131208195675
CYCLE 0 1 Rw 0.053261706031426576 chi2 3370.412337667 geom 6.989512267975771 LSQ 3460.9133251762673
CYCLE 0 2 Rw 0.05326303812710741 chi2 3370.5809303838705 geom 6.989512267975771 LSQ 3459.6856139019756
PACKING_STAGE 0 15.547540263657696
CYCLE 1 0 Rw 0.0519643551174522 chi2 3208.2187555237992 geom 83.49410290412298 LSQ 3403.742929033172
CYCLE 1 1 Rw 0.05172714497785664 chi2 3178.9954528706394 geom 5.594697298756414 LSQ 3259.0193100877473
CYCLE 1 2 Rw 0.05159804687327415 chi2 3163.1472881774075 geom 5.06840631005548 LSQ 3240.7918268775347
PACKING_STAGE 1 3.41356846168134
CYCLE 2 0 Rw 0.0515935042401661 chi2 3162.590352946254 geom 5.070384106705941 LSQ 3239.929689542985
CYCLE 2 1 Rw 0.051589661601923104 chi2 3162.1192766642594 geom 5.070715087017084 LSQ 3239.379554018124
CYCLE 2 2 Rw 0.051585892308528 chi2 3161.6572259542195 geom 5.069696354971145 LSQ 3238.884027254438
PACKING_STAGE 2 3.377374812648938
CYCLE 3 0 Rw 0.05156004644977001 chi2 3158.489876448285 geom 4.991174017769108 LSQ 3235.08846013917
CYCLE 3 1 Rw 0.05155799392241678 chi2 3158.238412057692 geom 4.884582252921582 LSQ 3234.265992604719
CYCLE 3 2 Rw 0.051554351975009655 chi2 3157.7922452821085 geom 4.814192845383143 LSQ 3233.6584784199413
PACKING_STAGE 3 3.8775293054322004
FINISHED Xb7088cf 0.051554351975009655
