LeBail Rwp=0.0607 chi2=28218.6 cell= 14.004727142110708 9.323490436406006 11.028649387905087 90.0
  conformers: 3 distinct; energies [114.0, 120.9, 120.9]; using rank 0 (E=114.0)
  molecule mol0_0: 12 atoms, 12 bonds, 18 angles, 24 dihedral restraints, 0 free torsions
run 0: cost=1692737.6 Rwp=0.5063 chi2=1933020.4 t=157s
ISO 0 P m n m Zp=1: 0.5063
LeBail Rwp=0.0607 chi2=28218.6 cell= 14.004727142110712 9.323490436405981 11.028649387905084 90.0
  conformers: 8 distinct; energies [108.8, 116.8, 117.0, 117.1, 121.8, 124.3]; using rank 0 (E=108.8)
  molecule mol0_0: 12 atoms, 12 bonds, 18 angles, 24 dihedral restraints, 0 free torsions
run 0: cost=1635021.3 Rwp=0.4934 chi2=1837819.8 t=113s
ISO 1 P m n m Zp=1: 0.4934
LeBail Rwp=0.0607 chi2=28218.6 cell= 14.004727142110678 9.323490436405981 11.028649387905066 90.0
  conformers: 4 distinct; energies [111.5, 111.5, 119.5, 121.9]; using rank 0 (E=111.5)
  molecule mol0_0: 12 atoms, 12 bonds, 18 angles, 24 dihedral restraints, 0 free torsions
run 0: cost=1805728.5 Rwp=0.5375 chi2=2116139.1 t=117s
ISO 2 P m n m Zp=1: 0.5375
LeBail Rwp=0.0607 chi2=28218.6 cell= 14.004727142110626 9.323490436405928 11.028649387905022 90.0
  conformers: 7 distinct; energies [104.4, 119.7, 120.0, 121.8, 122.8, 123.5]; using rank 0 (E=104.4)
  molecule mol0_0: 12 atoms, 12 bonds, 18 angles, 24 dihedral restraints, 0 free torsions
run 0: cost=1567693.8 Rwp=0.5023 chi2=1881183.6 t=138s
ISO 3 P m n m Zp=1: 0.5023
LeBail Rwp=0.0607 chi2=28218.6 cell= 14.00472714211073 9.323490436405983 11.028649387905087 90.0
  conformers: 5 distinct; energies [104.4, 117.6, 118.0, 118.2, 121.5]; using rank 0 (E=104.4)
  molecule mol0_0: 12 atoms, 12 bonds, 18 angles, 24 dihedral restraints, 0 free torsions
