111 unique extinction patterns
P m m m        # 47 Rwp=0.0551 nrefl= 132 t=4s
P 2 2 21       # 17 Rwp=0.0590 nrefl= 129 t=4s
P 21 2 2       # 17 Rwp=0.0563 nrefl= 129 t=4s
P 2 21 2       # 17 Rwp=0.0564 nrefl= 130 t=4s
P 21 21 2      # 18 Rwp=0.0596 nrefl= 127 t=4s
P 2 21 21      # 18 Rwp=0.0578 nrefl= 127 t=4s
P 21 2 21      # 18 Rwp=0.0510 nrefl= 126 t=4s
P 21 21 21     # 19 Rwp=0.0515 nrefl= 124 t=4s
C 2 2 21       # 20 Rwp=0.7094 nrefl=  64 t=4s
A 21 2 2       # 20 Rwp=0.4931 nrefl=  65 t=4s
B 2 21 2       # 20 Rwp=0.7113 nrefl=  65 t=4s
C m m m        # 65 Rwp=0.7406 nrefl=  67 t=4s
A m m m        # 65 Rwp=0.4603 nrefl=  68 t=3s
B m m m        # 65 Rwp=0.6738 nrefl=  67 t=2s
F m m m        # 69 Rwp=0.7847 nrefl=  35 t=2s
I m m m        # 71 Rwp=0.3909 nrefl=  65 t=2s
P m c m        # 51 Rwp=0.0669 nrefl= 116 t=2s
P c m m        # 51 Rwp=0.0600 nrefl= 121 t=2s
P m m a        # 51 Rwp=0.1448 nrefl= 118 t=2s
P m a m        # 51 Rwp=0.0604 nrefl= 117 t=2s
P b m m        # 51 Rwp=0.2372 nrefl= 121 t=2s
P m m b        # 51 Rwp=0.0853 nrefl= 119 t=2s
P c c m        # 49 Rwp=0.0721 nrefl= 108 t=2s
P m a a        # 49 Rwp=0.1444 nrefl= 106 t=2s
P b m b        # 49 Rwp=0.2436 nrefl= 110 t=2s
P c a m        # 57 Rwp=0.0604 nrefl= 106 t=2s
P b c m        # 57 Rwp=0.2397 nrefl= 105 t=2s
P m a b        # 57 Rwp=0.0758 nrefl= 104 t=2s
P m c a        # 57 Rwp=0.1491 nrefl= 102 t=3s
P c m b        # 57 Rwp=0.0865 nrefl= 108 t=4s
P b m a        # 57 Rwp=0.2665 nrefl= 107 t=4s
P n c m        # 53 Rwp=0.2417 nrefl= 107 t=4s
P c n m        # 53 Rwp=0.0615 nrefl= 107 t=4s
P m n a        # 53 Rwp=0.1511 nrefl= 104 t=4s
P m a n        # 53 Rwp=0.1352 nrefl= 105 t=4s
P b m n        # 53 Rwp=0.2624 nrefl= 108 t=4s
P n m b        # 53 Rwp=0.2428 nrefl= 109 t=4s
P m n m        # 59 Rwp=0.0564 nrefl= 115 t=4s
P n m m        # 59 Rwp=0.2396 nrefl= 120 t=4s
P m m n        # 59 Rwp=0.1346 nrefl= 117 t=4s
P b a m        # 55 Rwp=0.2495 nrefl= 106 t=4s
P m c b        # 55 Rwp=0.0779 nrefl= 103 t=4s
P c m a        # 55 Rwp=0.1465 nrefl= 107 t=4s
P n a m        # 62 Rwp=0.2477 nrefl= 105 t=4s
P b n m        # 62 Rwp=0.2504 nrefl= 104 t=4s
P m n b        # 62 Rwp=0.0896 nrefl= 102 t=4s
P m c n        # 62 Rwp=0.1321 nrefl= 101 t=4s
P c m n        # 62 Rwp=0.1292 nrefl= 106 t=4s
P n m a        # 62 Rwp=0.2686 nrefl= 106 t=4s
P n n m        # 58 Rwp=0.2474 nrefl= 106 t=4s
P m n n        # 58 Rwp=0.1317 nrefl= 103 t=4s
P n m n        # 58 Rwp=0.2624 nrefl= 107 t=4s
C m c m        # 63 Rwp=0.8741 nrefl=  58 t=4s
C c m m        # 63 Rwp=0.7503 nrefl=  61 t=4s
A m m a        # 63 Rwp=0.4849 nrefl=  60 t=4s
A m a m        # 63 Rwp=0.5053 nrefl=  60 t=4s
B b m m        # 63 Rwp=0.6936 nrefl=  61 t=4s
B m m b        # 63 Rwp=0.6978 nrefl=  60 t=3s
C c c m        # 66 Rwp=0.7415 nrefl=  55 t=3s
A m a a        # 66 Rwp=0.4889 nrefl=  55 t=3s
B b m b        # 66 Rwp=0.9272 nrefl=  56 t=3s
A b m m        # 67 Rwp=0.4663 nrefl=  63 t=3s
B m c m        # 67 Rwp=0.7009 nrefl=  60 t=3s
C m m a        # 67 Rwp=0.7275 nrefl=  61 t=3s
A c a m        # 64 Rwp=0.4915 nrefl=  55 t=3s
B b c m        # 64 Rwp=0.8232 nrefl=  54 t=3s
B m a b        # 64 Rwp=0.6996 nrefl=  53 t=3s
C m c a        # 64 Rwp=0.7318 nrefl=  52 t=3s
C c m b        # 64 Rwp=0.7320 nrefl=  55 t=3s
A b m a        # 64 Rwp=0.4691 nrefl=  55 t=3s
F d d 2        # 43 Rwp=1.2915 nrefl=  27 t=3s
F 2 d d        # 43 Rwp=1.8935 nrefl=  27 t=3s
F d 2 d        # 43 Rwp=1.3865 nrefl=  27 t=3s
I b a m        # 72 Rwp=0.4146 nrefl=  53 t=3s
I m c b        # 72 Rwp=0.4793 nrefl=  52 t=3s
I c m a        # 72 Rwp=0.4630 nrefl=  54 t=3s
I m c m        # 74 Rwp=0.3969 nrefl=  58 t=3s
I b m m        # 74 Rwp=0.4034 nrefl=  60 t=3s
I m m a        # 74 Rwp=0.4432 nrefl=  59 t=3s
P n n n        # 48 Rwp=0.2657 nrefl=  96 t=3s
P b a n        # 50 Rwp=0.2675 nrefl=  96 t=4s
P n c b        # 50 Rwp=0.2426 nrefl=  96 t=3s
P c n a        # 50 Rwp=0.1540 nrefl=  96 t=3s
P n n a        # 52 Rwp=0.2702 nrefl=  95 t=3s
P n n b        # 52 Rwp=0.2529 nrefl=  95 t=4s
P b n n        # 52 Rwp=0.2646 nrefl=  94 t=4s
P c n n        # 52 Rwp=0.1337 nrefl=  95 t=4s
P n c n        # 52 Rwp=0.2617 nrefl=  94 t=4s
P n a n        # 52 Rwp=0.2669 nrefl=  95 t=3s
P c c a        # 54 Rwp=0.1518 nrefl=  94 t=3s
P c c b        # 54 Rwp=0.0820 nrefl=  95 t=3s
P b a a        # 54 Rwp=0.2691 nrefl=  95 t=3s
P c a a        # 54 Rwp=0.1479 nrefl=  95 t=3s
P b c b        # 54 Rwp=0.2416 nrefl=  94 t=3s
P b a b        # 54 Rwp=0.2523 nrefl=  95 t=3s
P c c n        # 56 Rwp=0.1348 nrefl=  93 t=3s
P n a a        # 56 Rwp=0.2696 nrefl=  94 t=3s
P b n b        # 56 Rwp=0.2548 nrefl=  93 t=1s
P b c n        # 60 Rwp=0.2634 nrefl=  92 t=1s
P c a n        # 60 Rwp=0.1301 nrefl=  94 t=1s
P n c a        # 60 Rwp=0.2638 nrefl=  93 t=1s
P n a b        # 60 Rwp=0.2516 nrefl=  94 t=1s
P b n a        # 60 Rwp=0.2702 nrefl=  93 t=1s
P c n b        # 60 Rwp=0.0940 nrefl=  94 t=1s
P b c a        # 61 Rwp=0.2629 nrefl=  91 t=1s
P c a b        # 61 Rwp=0.0699 nrefl=  93 t=1s
C c c a        # 68 Rwp=0.7274 nrefl=  49 t=1s
A b a a        # 68 Rwp=0.4722 nrefl=  50 t=1s
B b c b        # 68 Rwp=0.7748 nrefl=  49 t=1s
F d d d        # 70 Rwp=1.1144 nrefl=  25 t=1s
I b c a        # 73 Rwp=0.4988 nrefl=  47 t=1s
--- sorted by Rwp (fewer reflections with same Rwp preferred)
P 21 2 21      # 18 Rwp=0.0510 nrefl= 126 cell=['14.0065', '9.3251', '11.0303', '90.0000', '90.0000', '90.0000']
P 21 21 21     # 19 Rwp=0.0515 nrefl= 124 cell=['14.0067', '9.3253', '11.0305', '90.0000', '90.0000', '90.0000']
P m m m        # 47 Rwp=0.0551 nrefl= 132 cell=['14.0076', '9.3233', '11.0308', '90.0000', '90.0000', '90.0000']
P 21 2 2       # 17 Rwp=0.0563 nrefl= 129 cell=['14.0062', '9.3249', '11.0302', '90.0000', '90.0000', '90.0000']
P m n m        # 59 Rwp=0.0564 nrefl= 115 cell=['14.0064', '9.3249', '11.0301', '90.0000', '90.0000', '90.0000']
P 2 21 2       # 17 Rwp=0.0564 nrefl= 130 cell=['14.0077', '9.3234', '11.0309', '90.0000', '90.0000', '90.0000']
P 2 21 21      # 18 Rwp=0.0578 nrefl= 127 cell=['14.0077', '9.3234', '11.0309', '90.0000', '90.0000', '90.0000']
P 2 2 21       # 17 Rwp=0.0590 nrefl= 129 cell=['14.0079', '9.3236', '11.0311', '90.0000', '90.0000', '90.0000']
P 21 21 2      # 18 Rwp=0.0596 nrefl= 127 cell=['14.0062', '9.3248', '11.0302', '90.0000', '90.0000', '90.0000']
P c m m        # 51 Rwp=0.0600 nrefl= 121 cell=['14.0075', '9.3235', '11.0309', '90.0000', '90.0000', '90.0000']
P c a m        # 57 Rwp=0.0604 nrefl= 106 cell=['14.0062', '9.3247', '11.0300', '90.0000', '90.0000', '90.0000']
P m a m        # 51 Rwp=0.0604 nrefl= 117 cell=['14.0061', '9.3246', '11.0299', '90.0000', '90.0000', '90.0000']
P c n m        # 53 Rwp=0.0615 nrefl= 107 cell=['14.0066', '9.3247', '11.0301', '90.0000', '90.0000', '90.0000']
P m c m        # 51 Rwp=0.0669 nrefl= 116 cell=['14.0076', '9.3232', '11.0307', '90.0000', '90.0000', '90.0000']
P c a b        # 61 Rwp=0.0699 nrefl=  93 cell=['14.0055', '9.3240', '11.0296', '90.0000', '90.0000', '90.0000']
P c c m        # 49 Rwp=0.0721 nrefl= 108 cell=['14.0080', '9.3229', '11.0309', '90.0000', '90.0000', '90.0000']
P m a b        # 57 Rwp=0.0758 nrefl= 104 cell=['14.0058', '9.3241', '11.0299', '90.0000', '90.0000', '90.0000']
P m c b        # 55 Rwp=0.0779 nrefl= 103 cell=['14.0072', '9.3222', '11.0307', '90.0000', '90.0000', '90.0000']
P c c b        # 54 Rwp=0.0820 nrefl=  95 cell=['14.0079', '9.3220', '11.0308', '90.0000', '90.0000', '90.0000']
P m m b        # 51 Rwp=0.0853 nrefl= 119 cell=['14.0071', '9.3220', '11.0304', '90.0000', '90.0000', '90.0000']
P c m b        # 57 Rwp=0.0865 nrefl= 108 cell=['14.0068', '9.3221', '11.0303', '90.0000', '90.0000', '90.0000']
P m n b        # 62 Rwp=0.0896 nrefl= 102 cell=['14.0057', '9.3239', '11.0297', '90.0000', '90.0000', '90.0000']
P c n b        # 60 Rwp=0.0940 nrefl=  94 cell=['14.0061', '9.3239', '11.0299', '90.0000', '90.0000', '90.0000']
P c m n        # 62 Rwp=0.1292 nrefl= 106 cell=['14.0039', '9.3244', '11.0271', '90.0000', '90.0000', '90.0000']
P c a n        # 60 Rwp=0.1301 nrefl=  94 cell=['14.0037', '9.3242', '11.0269', '90.0000', '90.0000', '90.0000']
P m n n        # 58 Rwp=0.1317 nrefl= 103 cell=['14.0038', '9.3245', '11.0269', '90.0000', '90.0000', '90.0000']
P m c n        # 62 Rwp=0.1321 nrefl= 101 cell=['14.0040', '9.3249', '11.0274', '90.0000', '90.0000', '90.0000']
P c n n        # 52 Rwp=0.1337 nrefl=  95 cell=['14.0039', '9.3243', '11.0267', '90.0000', '90.0000', '90.0000']
P m m n        # 59 Rwp=0.1346 nrefl= 117 cell=['14.0037', '9.3243', '11.0272', '90.0000', '90.0000', '90.0000']
P c c n        # 56 Rwp=0.1348 nrefl=  93 cell=['14.0041', '9.3246', '11.0272', '90.0000', '90.0000', '90.0000']
P m a n        # 53 Rwp=0.1352 nrefl= 105 cell=['14.0037', '9.3241', '11.0268', '90.0000', '90.0000', '90.0000']
P m a a        # 49 Rwp=0.1444 nrefl= 106 cell=['14.0071', '9.3242', '11.0273', '90.0000', '90.0000', '90.0000']
P m m a        # 51 Rwp=0.1448 nrefl= 118 cell=['14.0072', '9.3245', '11.0276', '90.0000', '90.0000', '90.0000']
P c m a        # 55 Rwp=0.1465 nrefl= 107 cell=['14.0071', '9.3243', '11.0275', '90.0000', '90.0000', '90.0000']
P c a a        # 54 Rwp=0.1479 nrefl=  95 cell=['14.0069', '9.3239', '11.0273', '90.0000', '90.0000', '90.0000']
P m c a        # 57 Rwp=0.1491 nrefl= 102 cell=['14.0073', '9.3244', '11.0277', '90.0000', '90.0000', '90.0000']
P m n a        # 53 Rwp=0.1511 nrefl= 104 cell=['14.0074', '9.3243', '11.0275', '90.0000', '90.0000', '90.0000']
P c c a        # 54 Rwp=0.1518 nrefl=  94 cell=['14.0075', '9.3241', '11.0276', '90.0000', '90.0000', '90.0000']
P c n a        # 50 Rwp=0.1540 nrefl=  96 cell=['14.0076', '9.3241', '11.0275', '90.0000', '90.0000', '90.0000']
P b m m        # 51 Rwp=0.2372 nrefl= 121 cell=['14.0031', '9.2987', '11.0251', '90.0000', '90.0000', '90.0000']
P n m m        # 59 Rwp=0.2396 nrefl= 120 cell=['14.0034', '9.2999', '11.0257', '90.0000', '90.0000', '90.0000']
P b c m        # 57 Rwp=0.2397 nrefl= 105 cell=['14.0031', '9.2997', '11.0251', '90.0000', '90.0000', '90.0000']
P b c b        # 54 Rwp=0.2416 nrefl=  94 cell=['14.0022', '9.2988', '11.0243', '90.0000', '90.0000', '90.0000']
P n c m        # 53 Rwp=0.2417 nrefl= 107 cell=['14.0031', '9.3010', '11.0250', '90.0000', '90.0000', '90.0000']
P n c b        # 50 Rwp=0.2426 nrefl=  96 cell=['14.0029', '9.2992', '11.0246', '90.0000', '90.0000', '90.0000']
P n m b        # 53 Rwp=0.2428 nrefl= 109 cell=['14.0025', '9.2987', '11.0247', '90.0000', '90.0000', '90.0000']
P b m b        # 49 Rwp=0.2436 nrefl= 110 cell=['14.0025', '9.2983', '11.0245', '90.0000', '90.0000', '90.0000']
P n n m        # 58 Rwp=0.2474 nrefl= 106 cell=['13.9926', '9.3033', '11.0096', '90.0000', '90.0000', '90.0000']
P n a m        # 62 Rwp=0.2477 nrefl= 105 cell=['13.9919', '9.3032', '11.0060', '90.0000', '90.0000', '90.0000']
P b a m        # 55 Rwp=0.2495 nrefl= 106 cell=['13.9916', '9.3021', '11.0089', '90.0000', '90.0000', '90.0000']
P b n m        # 62 Rwp=0.2504 nrefl= 104 cell=['13.9925', '9.3029', '11.0094', '90.0000', '90.0000', '90.0000']
P n a b        # 60 Rwp=0.2516 nrefl=  94 cell=['13.9918', '9.3027', '11.0082', '90.0000', '90.0000', '90.0000']
P b a b        # 54 Rwp=0.2523 nrefl=  95 cell=['13.9909', '9.3010', '11.0081', '90.0000', '90.0000', '90.0000']
P n n b        # 52 Rwp=0.2529 nrefl=  95 cell=['13.9913', '9.3021', '11.0081', '90.0000', '90.0000', '90.0000']
P b n b        # 56 Rwp=0.2548 nrefl=  93 cell=['13.9913', '9.3020', '11.0081', '90.0000', '90.0000', '90.0000']
P n c n        # 52 Rwp=0.2617 nrefl=  94 cell=['13.9924', '9.3049', '11.0063', '90.0000', '90.0000', '90.0000']
P b m n        # 53 Rwp=0.2624 nrefl= 108 cell=['13.9924', '9.3025', '11.0054', '90.0000', '90.0000', '90.0000']
P n m n        # 58 Rwp=0.2624 nrefl= 107 cell=['13.9911', '9.3043', '11.0042', '90.0000', '90.0000', '90.0000']
P b c a        # 61 Rwp=0.2629 nrefl=  91 cell=['13.9942', '9.3026', '11.0065', '90.0000', '90.0000', '90.0000']
P b c n        # 60 Rwp=0.2634 nrefl=  92 cell=['13.9932', '9.3030', '11.0056', '90.0000', '90.0000', '90.0000']
P n c a        # 60 Rwp=0.2638 nrefl=  93 cell=['13.9948', '9.3029', '11.0078', '90.0000', '90.0000', '90.0000']
P b n n        # 52 Rwp=0.2646 nrefl=  94 cell=['13.9901', '9.3039', '11.0044', '90.0000', '90.0000', '90.0000']
P n n n        # 48 Rwp=0.2657 nrefl=  96 cell=['13.9902', '9.3041', '11.0040', '90.0000', '90.0000', '90.0000']
P b m a        # 57 Rwp=0.2665 nrefl= 107 cell=['13.9940', '9.3022', '11.0065', '90.0000', '90.0000', '90.0000']
P n a n        # 52 Rwp=0.2669 nrefl=  95 cell=['13.9895', '9.3035', '11.0032', '90.0000', '90.0000', '90.0000']
P b a n        # 50 Rwp=0.2675 nrefl=  96 cell=['13.9898', '9.3009', '11.0039', '90.0000', '90.0000', '90.0000']
P n m a        # 62 Rwp=0.2686 nrefl= 106 cell=['13.9944', '9.3026', '11.0070', '90.0000', '90.0000', '90.0000']
P b a a        # 54 Rwp=0.2691 nrefl=  95 cell=['13.9908', '9.3008', '11.0039', '90.0000', '90.0000', '90.0000']
P n a a        # 56 Rwp=0.2696 nrefl=  94 cell=['13.9907', '9.3014', '11.0027', '90.0000', '90.0000', '90.0000']
P n n a        # 52 Rwp=0.2702 nrefl=  95 cell=['13.9913', '9.3015', '11.0039', '90.0000', '90.0000', '90.0000']
P b n a        # 60 Rwp=0.2702 nrefl=  93 cell=['13.9912', '9.3010', '11.0040', '90.0000', '90.0000', '90.0000']
I m m m        # 71 Rwp=0.3909 nrefl=  65 cell=['13.9839', '9.3075', '11.0087', '90.0000', '90.0000', '90.0000']
I m c m        # 74 Rwp=0.3969 nrefl=  58 cell=['13.9866', '9.3013', '11.0039', '90.0000', '90.0000', '90.0000']
I b m m        # 74 Rwp=0.4034 nrefl=  60 cell=['13.9811', '9.3047', '11.0038', '90.0000', '90.0000', '90.0000']
I b a m        # 72 Rwp=0.4146 nrefl=  53 cell=['13.9864', '9.3013', '11.0004', '90.0000', '90.0000', '90.0000']
I m m a        # 74 Rwp=0.4432 nrefl=  59 cell=['13.9825', '9.3072', '11.0098', '90.0000', '90.0000', '90.0000']
A m m m        # 65 Rwp=0.4603 nrefl=  68 cell=['13.9966', '9.3376', '11.0370', '90.0000', '90.0000', '90.0000']
I c m a        # 72 Rwp=0.4630 nrefl=  54 cell=['13.9848', '9.3066', '11.0076', '90.0000', '90.0000', '90.0000']
A b m m        # 67 Rwp=0.4663 nrefl=  63 cell=['13.9972', '9.3382', '11.0343', '90.0000', '90.0000', '90.0000']
A b m a        # 64 Rwp=0.4691 nrefl=  55 cell=['13.9881', '9.3260', '11.0256', '90.0000', '90.0000', '90.0000']
A b a a        # 68 Rwp=0.4722 nrefl=  50 cell=['13.9819', '9.3234', '11.0218', '90.0000', '90.0000', '90.0000']
I m c b        # 72 Rwp=0.4793 nrefl=  52 cell=['13.9821', '9.3004', '11.0040', '90.0000', '90.0000', '90.0000']
A m m a        # 63 Rwp=0.4849 nrefl=  60 cell=['13.9831', '9.3244', '11.0197', '90.0000', '90.0000', '90.0000']
A m a a        # 66 Rwp=0.4889 nrefl=  55 cell=['13.9809', '9.3232', '11.0230', '90.0000', '90.0000', '90.0000']
A c a m        # 64 Rwp=0.4915 nrefl=  55 cell=['13.9918', '9.3296', '11.0294', '90.0000', '90.0000', '90.0000']
A 21 2 2       # 20 Rwp=0.4931 nrefl=  65 cell=['14.0065', '9.3506', '11.0336', '90.0000', '90.0000', '90.0000']
I b c a        # 73 Rwp=0.4988 nrefl=  47 cell=['13.9839', '9.3000', '11.0011', '90.0000', '90.0000', '90.0000']
A m a m        # 63 Rwp=0.5053 nrefl=  60 cell=['13.9931', '9.3308', '11.0280', '90.0000', '90.0000', '90.0000']
B m m m        # 65 Rwp=0.6738 nrefl=  67 cell=['13.9996', '9.3201', '11.0328', '90.0000', '90.0000', '90.0000']
B b m m        # 63 Rwp=0.6936 nrefl=  61 cell=['13.9342', '9.3243', '10.9915', '90.0000', '90.0000', '90.0000']
B m m b        # 63 Rwp=0.6978 nrefl=  60 cell=['13.9961', '9.3153', '11.0301', '90.0000', '90.0000', '90.0000']
B m a b        # 64 Rwp=0.6996 nrefl=  53 cell=['13.9968', '9.3156', '11.0302', '90.0000', '90.0000', '90.0000']
B m c m        # 67 Rwp=0.7009 nrefl=  60 cell=['13.9998', '9.3188', '11.0322', '90.0000', '90.0000', '90.0000']
C 2 2 21       # 20 Rwp=0.7094 nrefl=  64 cell=['13.9818', '9.2972', '10.9836', '90.0000', '90.0000', '90.0000']
B 2 21 2       # 20 Rwp=0.7113 nrefl=  65 cell=['13.9994', '9.3191', '11.0339', '90.0000', '90.0000', '90.0000']
C c c a        # 68 Rwp=0.7274 nrefl=  49 cell=['13.9777', '9.2995', '10.9722', '90.0000', '90.0000', '90.0000']
C m m a        # 67 Rwp=0.7275 nrefl=  61 cell=['13.9837', '9.2969', '10.9871', '90.0000', '90.0000', '90.0000']
C m c a        # 64 Rwp=0.7318 nrefl=  52 cell=['13.9679', '9.2962', '10.9381', '90.0000', '90.0000', '90.0000']
C c m b        # 64 Rwp=0.7320 nrefl=  55 cell=['13.9785', '9.2954', '10.9733', '90.0000', '90.0000', '90.0000']
C m m m        # 65 Rwp=0.7406 nrefl=  67 cell=['13.9426', '9.2968', '10.8775', '90.0000', '90.0000', '90.0000']
C c c m        # 66 Rwp=0.7415 nrefl=  55 cell=['13.9866', '9.3386', '10.9636', '90.0000', '90.0000', '90.0000']
C c m m        # 63 Rwp=0.7503 nrefl=  61 cell=['13.9617', '9.2937', '10.9229', '90.0000', '90.0000', '90.0000']
B b c b        # 68 Rwp=0.7748 nrefl=  49 cell=['13.9626', '9.3296', '10.9926', '90.0000', '90.0000', '90.0000']
F m m m        # 69 Rwp=0.7847 nrefl=  35 cell=['13.9349', '9.3364', '10.9773', '90.0000', '90.0000', '90.0000']
B b c m        # 64 Rwp=0.8232 nrefl=  54 cell=['13.9355', '9.2886', '10.9668', '90.0000', '90.0000', '90.0000']
C m c m        # 63 Rwp=0.8741 nrefl=  58 cell=['13.9549', '9.2951', '10.9058', '90.0000', '90.0000', '90.0000']
B b m b        # 66 Rwp=0.9272 nrefl=  56 cell=['13.9317', '9.2941', '10.9807', '90.0000', '90.0000', '90.0000']
F d d d        # 70 Rwp=1.1144 nrefl=  25 cell=['13.9612', '9.3647', '10.9717', '90.0000', '90.0000', '90.0000']
F d d 2        # 43 Rwp=1.2915 nrefl=  27 cell=['13.9004', '9.3351', '10.9096', '90.0000', '90.0000', '90.0000']
F d 2 d        # 43 Rwp=1.3865 nrefl=  27 cell=['14.0004', '9.3701', '10.9564', '90.0000', '90.0000', '90.0000']
F 2 d d        # 43 Rwp=1.8935 nrefl=  27 cell=['13.9495', '9.3397', '10.9840', '90.0000', '90.0000', '90.0000']
