/app/work/submit.py:5: UserWarning: Issues encountered while parsing CIF: Skipping relative stoichiometry check because CIF does not contain formula keys.
  s=CifParser(f).parse_structures(primitive=False)[0];s.remove_species(['H']);r=np.array([Chem.GetPeriodicTable().GetRcovalent(x.specie.symbol) for x in s]);D=s.distance_matrix;A=(D>.3)&(D<(r[:,None]+r[None,:])*1.2);g=nx.from_numpy_array(A);cs=list(nx.connected_components(g));print(sid,'Nat',len(s),'molecule sizes',[len(c) for c in cs])
X13023e3 Nat 48 molecule sizes [15, 15, 9, 9]
  component CC(C)Cc1ccc([C@@H](C)C(=O)O)cc1 matches 2
  component NC(=O)c1cccnc1 matches 2
  bond range 1.213969647337677 1.5411433141524504
  min intermolecular distance 2.592053331515419
/app/work/check_stereo.py:5: UserWarning: Issues encountered while parsing CIF: Skipping relative stoichiometry check because CIF does not contain formula keys.
  s=CifParser(fn).parse_structures(primitive=False)[0];s.remove_species(['H']);rad=np.array([Chem.GetPeriodicTable().GetRcovalent(x.specie.symbol) for x in s]);D=s.distance_matrix;A=(D>.3)&(D<1.2*(rad[:,None]+rad[None,:]));g=nx.from_numpy_array(A)
X13023e3 root 0 expected {8: 'R'} actual {8: 'R'} OK True
X13023e3 root 1 expected {8: 'R'} actual {8: 'R'} OK True
/app/work/contacts.py:4: UserWarning: Issues encountered while parsing CIF: Skipping relative stoichiometry check because CIF does not contain formula keys.
  s=CifParser(sys.argv[1]).parse_structures(primitive=False)[0];s.remove_species(['H'])
Cell (6.02220737, 5.52861212, 27.99499229, 90.0, 93.11545829, 90.0) n 48 components [15, 15, 9, 9]
2.5921 41 N41 N 3 43 O12 O 1
2.6570 37 C42 C 3 45 O13 O 1
2.7404 38 N34 N 2 47 O36 O 3
3.1520 36 C42 C 2 42 O12 O 0
3.1550 41 N41 N 3 45 O13 O 1
3.2325 29 C37 C 3 38 N34 N 2
3.2592 20 C11 C 0 40 N41 N 2
3.2840 38 N34 N 2 39 N34 N 3
3.3024 26 C35 C 2 39 N34 N 3
3.3219 20 C11 C 0 36 C42 C 2
3.3342 37 C42 C 3 38 N34 N 2
3.3512 32 C39 C 2 39 N34 N 3
3.3861 33 C39 C 3 45 O13 O 1
3.4589 30 C38 C 2 39 N34 N 3
3.6223 26 C35 C 2 47 O36 O 3
3.6551 34 C40 C 2 42 O12 O 0
3.7192 28 C37 C 2 44 O13 O 0
3.7640 34 C40 C 2 44 O13 O 0
3.7652 31 C38 C 3 45 O13 O 1
3.8328 18 C10 C 0 34 C40 C 2
3.8533 4 C3 C 0 5 C3 C 1
3.9050 26 C35 C 2 27 C35 C 3
3.9807 20 C11 C 0 34 C40 C 2
3.9975 20 C11 C 0 32 C39 C 2
4.0182 26 C35 C 2 29 C37 C 3
