ATTACHED_H_SCATTERING 24 heavy atoms 24 H atoms
PACKING_ENABLED 24 atoms 769 pair terms coefficient 12.0
  0%|          | 0/4 [00:00<?, ?it/s]100%|██████████| 4/4 [00:00<00:00, 2644.58it/s]
/opt/conda/lib/python3.11/site-packages/gallop/zm_to_cart.py:210: UserWarning: Using torch.cross without specifying the dim arg is deprecated.
Please either pass the dim explicitly or simply use torch.linalg.cross.
The default value of dim will change to agree with that of linalg.cross in a future release. (Triggered internally at /home/conda/feedstock_root/build_artifacts/libtorch_1786372131199/work/aten/src/ATen/native/Cross.cpp:63.)
  cart_coords = zm_to_cart(internal[:,torsion[i]], initial_D2[i],
GALLOP 0 Nref 122 seconds 25.294883966445923 best 7.0457716 q25 23.480377 median 33.502094 total 25.300390481948853
GALLOP 1 Nref 122 seconds 22.66967511177063 best 6.069039 q25 7.076997 median 20.222187 total 47.98517942428589
GALLOP 2 Nref 122 seconds 28.26826024055481 best 5.668806 q25 7.0460796 median 19.69305 total 76.26985549926758
GALLOP 3 Nref 122 seconds 47.88656044006348 best 5.667485 q25 6.8762174 median 17.424793 total 124.17117285728455
GALLOP 4 Nref 122 seconds 44.65780234336853 best 5.606433 q25 6.8420696 median 16.26852 total 168.8998248577118
GALLOP 5 Nref 122 seconds 22.764365673065186 best 5.5907235 q25 14.718292 median 25.76476 total 191.68092131614685
GALLOP 6 Nref 122 seconds 23.97306227684021 best 5.590775 q25 13.191214 median 25.093752 total 215.66954827308655
GALLOP 7 Nref 122 seconds 25.594834804534912 best 5.5906196 q25 9.94394 median 25.098705 total 241.26752829551697
GALLOP 8 Nref 122 seconds 28.522099018096924 best 5.5905666 q25 7.990236 median 24.47059 total 269.80500054359436
GALLOP 9 Nref 122 seconds 24.179580450057983 best 5.5905805 q25 8.976745 median 22.718386 total 293.9989628791809
GALLOP 10 Nref 122 seconds 21.30340600013733 best 5.5905657 q25 5.8800197 median 21.172092 total 315.3053665161133
GALLOP 11 Nref 122 seconds 22.708993196487427 best 5.5906334 q25 5.679543 median 23.84047 total 338.03089594841003
  0%|          | 0/4 [00:00<?, ?it/s]100%|██████████| 4/4 [00:00<00:00, 1311.54it/s]
GALLOP 12 Nref 122 seconds 22.930692195892334 best 5.590628 q25 20.005875 median 30.420738 total 360.9710855484009
GALLOP 13 Nref 122 seconds 25.411165237426758 best 5.590688 q25 12.215967 median 24.595959 total 386.3853039741516
GALLOP 14 Nref 122 seconds 23.708518981933594 best 5.5906177 q25 11.94098 median 23.176798 total 410.0967261791229
GALLOP 15 Nref 122 seconds 23.348838329315186 best 5.590564 q25 16.847553 median 31.30458 total 433.44869780540466
GALLOP 16 Nref 122 seconds 23.395947217941284 best 5.5906153 q25 17.96648 median 30.416866 total 456.8604419231415
GALLOP 17 Nref 122 seconds 25.710814714431763 best 5.590672 q25 17.286655 median 25.489437 total 482.57407450675964
GALLOP 18 Nref 122 seconds 22.01477861404419 best 5.590673 q25 12.113607 median 23.600925 total 504.59178137779236
GALLOP 19 Nref 122 seconds 23.34502100944519 best 5.5907035 q25 16.91821 median 27.996773 total 527.9397060871124
GALLOP 20 Nref 122 seconds 25.88641047477722 best 5.5906205 q25 13.067678 median 29.223656 total 553.8291156291962
GALLOP 21 Nref 122 seconds 26.555549144744873 best 5.5905676 q25 13.350748 median 25.082825 total 580.3889808654785
GALLOP 22 Nref 122 seconds 29.118279457092285 best 4.9941936 q25 15.903206 median 28.00853 total 609.5105803012848
GALLOP 23 Nref 122 seconds 27.20602512359619 best 3.542864 q25 11.004066 median 25.055454 total 636.7541744709015
  0%|          | 0/4 [00:00<?, ?it/s]100%|██████████| 4/4 [00:00<00:00, 2372.68it/s]
GALLOP 24 Nref 122 seconds 34.517261028289795 best 3.5408618 q25 18.529541 median 28.85651 total 671.2911326885223
GALLOP 25 Nref 122 seconds 46.49087977409363 best 3.540164 q25 17.241545 median 28.362347 total 717.808153629303
GALLOP 26 Nref 122 seconds 42.801137924194336 best 3.540003 q25 17.372807 median 27.293232 total 760.6529552936554
GALLOP 27 Nref 122 seconds 42.832011699676514 best 3.5400264 q25 16.15636 median 26.189865 total 803.5130085945129
GALLOP 28 Nref 122 seconds 50.36752939224243 best 3.5407264 q25 12.391922 median 23.575459 total 853.8851315975189
GALLOP 29 Nref 122 seconds 54.653077125549316 best 3.5404472 q25 8.584182 median 24.729565 total 908.5442028045654
GALLOP 30 Nref 122 seconds 61.79410099983215 best 2.9254684 q25 9.619066 median 22.628828 total 970.3429620265961
GALLOP 31 Nref 122 seconds 60.20396399497986 best 2.8241265 q25 12.821206 median 22.555048 total 1030.5726408958435
GALLOP 32 Nref 122 seconds 52.097519874572754 best 2.8235338 q25 8.6866865 median 21.45766 total 1082.6967017650604
GALLOP 33 Nref 122 seconds 46.78615212440491 best 2.8233693 q25 10.458639 median 21.301125 total 1129.5453956127167
GALLOP 34 Nref 122 seconds 43.00663447380066 best 2.823632 q25 3.5938642 median 19.097317 total 1172.580461025238
GALLOP 35 Nref 122 seconds 28.8142831325531 best 2.8238451 q25 12.437424 median 20.880268 total 1201.3988337516785
  0%|          | 0/4 [00:00<?, ?it/s]100%|██████████| 4/4 [00:00<00:00, 2032.86it/s]
GALLOP 36 Nref 122 seconds 32.03418588638306 best 2.8239875 q25 20.027561 median 35.992798 total 1233.4439313411713
GALLOP 37 Nref 122 seconds 33.03802156448364 best 2.8234642 q25 14.241863 median 24.480503 total 1266.4864678382874
GALLOP 38 Nref 122 seconds 38.65714740753174 best 2.823716 q25 11.452173 median 28.630352 total 1305.1467490196228
GALLOP 39 Nref 122 seconds 53.236326456069946 best 2.8239875 q25 13.481684 median 23.027569 total 1358.3866953849792
GALLOP 40 Nref 122 seconds 54.790324449539185 best 2.8235385 q25 18.691078 median 29.211922 total 1413.1821029186249
GALLOP 41 Nref 122 seconds 51.079739570617676 best 2.8237252 q25 17.913918 median 29.058094 total 1464.2659695148468
GALLOP 42 Nref 122 seconds 33.41300296783447 best 2.8237586 q25 17.440166 median 26.102694 total 1497.682131767273
GALLOP 43 Nref 122 seconds 37.66922307014465 best 2.8235044 q25 14.449727 median 25.600555 total 1535.3559381961823
GALLOP 44 Nref 122 seconds 47.90459990501404 best 2.8235948 q25 13.344697 median 27.844883 total 1583.2647614479065
GALLOP 45 Nref 122 seconds 37.34176301956177 best 2.823797 q25 17.77861 median 28.20782 total 1620.6093385219574
GALLOP 46 Nref 122 seconds 33.93838095664978 best 2.8237708 q25 14.53466 median 26.698362 total 1654.5522520542145
GALLOP 47 Nref 122 seconds 29.217340230941772 best 2.823724 q25 18.250357 median 29.287464 total 1683.7725851535797
  0%|          | 0/4 [00:00<?, ?it/s]100%|██████████| 4/4 [00:00<00:00, 2732.00it/s]
GALLOP 48 Nref 122 seconds 35.77699518203735 best 2.8239875 q25 22.63051 median 33.743286 total 1719.5555851459503
GALLOP 49 Nref 122 seconds 28.396142959594727 best 2.823707 q25 16.94879 median 25.641483 total 1747.9546883106232
GALLOP 50 Nref 122 seconds 29.587369680404663 best 2.823355 q25 19.002138 median 29.533184 total 1777.54563331604
GALLOP 51 Nref 122 seconds 32.0285427570343 best 2.823688 q25 17.523035 median 28.373337 total 1809.5888967514038
GALLOP 52 Nref 122 seconds 33.85614848136902 best 2.823436 q25 17.935368 median 28.903965 total 1843.448175907135
GALLOP 53 Nref 122 seconds 31.333986043930054 best 2.8241477 q25 16.283081 median 24.994823 total 1874.7864832878113
FINISHED X13023e3 2.823354959487915
