X13023e3 MONOCLINIC P 2 peaks [4.47912, 5.97411, 6.94383, 6.971, 7.02382, 7.18273, 7.47072, 7.70586, 8.06047, 8.12532, 8.32126, 8.47015, 8.78611, 8.91681, 8.9676, 9.40937, 9.6363, 9.92688, 10.26824, 10.32207, 10.48001, 10.58823] V 723.0673217773438 3456 Lmax 42.33334727646773
3->42.3333,1.57334,24.9999
1.5708->2.44346,0.0766052,0.766044,11.3917
723.067->3456,455.496,5.9999
Starting: V=723.067->1178.56
Finished: V=723.067->1178.56 A^3, 134468 unit cells tested, 1.33142e+06 tests/s,   Elapsed time=0.101006s
Starting: V=1178.56->1634.06
    a=10.24-10.30 b= 5.91- 5.97 c=28.00-28.05 alpha= 90.00- 90.00 beta= 94.46- 94.60 gamma= 90.00- 90.00 V=1688.90-1718.61level=4, indexed=1(0 sol.)
    a=0.09791-0.09742 b=0.16931-0.16755 c=0.03583-0.03576 alpha=0.07780-0.08020 beta=0.00000-0.00000 gamma=0.00000-0.00000level=4, indexed=1(0 sol.)
 Solution ? a= 10.276 b=  5.934 c= 27.998 alpha= 90.000 beta= 94.773 gamma= 90.000 V= 1701.23 score=  4.52 #   0
    a=10.25-10.30 b= 5.91- 5.97 c=28.01-28.06 alpha= 90.00- 90.00 beta= 94.74- 94.88 gamma= 90.00- 90.00 V=1689.55-1719.30level=4, indexed=1(1 sol.)
    a=0.09791-0.09742 b=0.16931-0.16755 c=0.03583-0.03576 alpha=0.08259-0.08498 beta=0.00000-0.00000 gamma=0.00000-0.00000level=4, indexed=1(1 sol.)
 Solution ? a= 10.280 b=  5.935 c= 27.994 alpha= 90.000 beta= 94.786 gamma= 90.000 V= 1702.06 score=  4.46 #   1
Finished: V=1178.56->1634.06 A^3, 521228 unit cells tested, 1.50205e+06 tests/s,   Elapsed time=0.34702s
Starting: V=1634.06->2089.56
     a= 5.98- 6.01 b=11.05-11.07 c=28.01-28.04 alpha= 90.00- 90.00 beta= 92.78- 92.85 gamma= 90.00- 90.00 V=1848.53-1863.79level=5, indexed=1(2 sol.)
     a=0.16750-0.16662 b=0.09048-0.09029 c=0.03574-0.03571 alpha=0.04848-0.04967 beta=0.00000-0.00000 gamma=0.00000-0.00000level=5, indexed=1(2 sol.)
 Solution ? a=  6.021 b= 11.062 c= 28.004 alpha= 90.000 beta= 93.092 gamma= 90.000 V= 1862.51 score= 25.90 #   2
     a= 5.98- 6.01 b=11.05-11.07 c=28.02-28.04 alpha= 90.00- 90.00 beta= 92.92- 92.98 gamma= 90.00- 90.00 V=1848.75-1864.02level=5, indexed=1(3 sol.)
     a=0.16750-0.16662 b=0.09048-0.09029 c=0.03574-0.03571 alpha=0.05087-0.05207 beta=0.00000-0.00000 gamma=0.00000-0.00000level=5, indexed=1(3 sol.)
 Solution ? a=  6.023 b= 11.062 c= 28.007 alpha= 90.000 beta= 93.111 gamma= 90.000 V= 1863.14 score= 32.27 #   3
     a= 5.98- 6.01 b=11.05-11.07 c=28.02-28.05 alpha= 90.00- 90.00 beta= 93.05- 93.12 gamma= 90.00- 90.00 V=1848.98-1864.26level=5, indexed=1(4 sol.)
     a=0.16750-0.16662 b=0.09048-0.09029 c=0.03574-0.03571 alpha=0.05326-0.05446 beta=0.00000-0.00000 gamma=0.00000-0.00000level=5, indexed=1(4 sol.)
 Solution ? a=  6.023 b= 11.062 c= 28.007 alpha= 90.000 beta= 93.111 gamma= 90.000 V= 1863.14 score= 32.27 #   4
      a= 5.99- 6.03 b=11.06-11.09 c=27.98-28.01 alpha= 90.00- 90.00 beta= 92.95- 93.02 gamma= 90.00- 90.00 V=1852.96-1868.29level=6, indexed=1(5 sol.)
      a=0.16706-0.16618 b=0.09039-0.09020 c=0.03579-0.03576 alpha=0.05147-0.05267 beta=0.00000-0.00000 gamma=0.00000-0.00000level=6, indexed=1(5 sol.)
 Solution ? a=  6.023 b= 11.062 c= 28.007 alpha= 90.000 beta= 93.111 gamma= 90.000 V= 1863.14 score= 32.27 #   5
      a= 5.99- 6.03 b=11.06-11.09 c=27.95-27.98 alpha= 90.00- 90.00 beta= 92.95- 93.02 gamma= 90.00- 90.00 V=1851.26-1866.58level=6, indexed=1(6 sol.)
      a=0.16706-0.16618 b=0.09039-0.09020 c=0.03582-0.03579 alpha=0.05147-0.05267 beta=0.00000-0.00000 gamma=0.00000-0.00000level=6, indexed=1(6 sol.)
 Solution ? a=  6.023 b= 11.062 c= 28.007 alpha= 90.000 beta= 93.111 gamma= 90.000 V= 1863.14 score= 32.27 #   6
      a= 5.99- 6.03 b=11.04-11.06 c=27.98-28.01 alpha= 90.00- 90.00 beta= 92.95- 93.02 gamma= 90.00- 90.00 V=1849.24-1864.53level=6, indexed=1(7 sol.)
      a=0.16706-0.16618 b=0.09057-0.09039 c=0.03579-0.03576 alpha=0.05147-0.05267 beta=0.00000-0.00000 gamma=0.00000-0.00000level=6, indexed=1(7 sol.)
 Solution ? a=  6.023 b= 11.062 c= 28.007 alpha= 90.000 beta= 93.111 gamma= 90.000 V= 1863.14 score= 32.27 #   7
      a= 5.99- 6.03 b=11.04-11.06 c=27.95-27.98 alpha= 90.00- 90.00 beta= 92.95- 93.02 gamma= 90.00- 90.00 V=1847.54-1862.82level=6, indexed=1(8 sol.)
      a=0.16706-0.16618 b=0.09057-0.09039 c=0.03582-0.03579 alpha=0.05147-0.05267 beta=0.00000-0.00000 gamma=0.00000-0.00000level=6, indexed=1(8 sol.)
 Solution ? a=  6.023 b= 11.062 c= 28.007 alpha= 90.000 beta= 93.111 gamma= 90.000 V= 1863.14 score= 32.27 #   8
      a= 5.99- 6.03 b=11.06-11.09 c=27.98-28.01 alpha= 90.00- 90.00 beta= 93.02- 93.09 gamma= 90.00- 90.00 V=1853.07-1868.41level=6, indexed=1(9 sol.)
      a=0.16706-0.16618 b=0.09039-0.09020 c=0.03579-0.03576 alpha=0.05267-0.05386 beta=0.00000-0.00000 gamma=0.00000-0.00000level=6, indexed=1(9 sol.)
 Solution ? a=  6.023 b= 11.062 c= 28.007 alpha= 90.000 beta= 93.111 gamma= 90.000 V= 1863.14 score= 32.27 #   9
      a= 5.99- 6.03 b=11.06-11.09 c=27.98-28.01 alpha= 90.00- 90.00 beta= 93.09- 93.16 gamma= 90.00- 90.00 V=1853.19-1868.53level=6, indexed=1(10 sol.)
      a=0.16706-0.16618 b=0.09039-0.09020 c=0.03579-0.03576 alpha=0.05386-0.05506 beta=0.00000-0.00000 gamma=0.00000-0.00000level=6, indexed=1(10 sol.)
 Solution ? a=  6.023 b= 11.062 c= 28.007 alpha= 90.000 beta= 93.111 gamma= 90.000 V= 1863.14 score= 32.27 #  10
      a= 5.99- 6.03 b=11.06-11.09 c=27.96-27.98 alpha= 90.00- 90.00 beta= 93.02- 93.09 gamma= 90.00- 90.00 V=1851.37-1866.70level=6, indexed=1(11 sol.)
      a=0.16706-0.16618 b=0.09039-0.09020 c=0.03582-0.03579 alpha=0.05267-0.05386 beta=0.00000-0.00000 gamma=0.00000-0.00000level=6, indexed=1(11 sol.)
 Solution ? a=  6.022 b= 11.061 c= 28.002 alpha= 90.000 beta= 93.107 gamma= 90.000 V= 1862.39 score= 35.14 #  11
      a= 5.99- 6.03 b=11.06-11.09 c=27.96-27.98 alpha= 90.00- 90.00 beta= 93.09- 93.16 gamma= 90.00- 90.00 V=1851.49-1866.82level=6, indexed=1(12 sol.)
      a=0.16706-0.16618 b=0.09039-0.09020 c=0.03582-0.03579 alpha=0.05386-0.05506 beta=0.00000-0.00000 gamma=0.00000-0.00000level=6, indexed=1(12 sol.)
 Solution ? a=  6.022 b= 11.061 c= 28.002 alpha= 90.000 beta= 93.107 gamma= 90.000 V= 1862.39 score= 35.13 #  12
      a= 5.99- 6.03 b=11.04-11.06 c=27.98-28.01 alpha= 90.00- 90.00 beta= 93.02- 93.09 gamma= 90.00- 90.00 V=1849.35-1864.65level=6, indexed=1(13 sol.)
      a=0.16706-0.16618 b=0.09057-0.09039 c=0.03579-0.03576 alpha=0.05267-0.05386 beta=0.00000-0.00000 gamma=0.00000-0.00000level=6, indexed=1(13 sol.)
 Solution ? a=  6.023 b= 11.062 c= 28.007 alpha= 90.000 beta= 93.111 gamma= 90.000 V= 1863.14 score= 32.27 #  13
      a= 5.99- 6.03 b=11.04-11.06 c=27.98-28.01 alpha= 90.00- 90.00 beta= 93.09- 93.16 gamma= 90.00- 90.00 V=1849.47-1864.77level=6, indexed=1(14 sol.)
      a=0.16706-0.16618 b=0.09057-0.09039 c=0.03579-0.03576 alpha=0.05386-0.05506 beta=0.00000-0.00000 gamma=0.00000-0.00000level=6, indexed=1(14 sol.)
 Solution ? a=  6.023 b= 11.062 c= 28.007 alpha= 90.000 beta= 93.111 gamma= 90.000 V= 1863.14 score= 32.27 #  14
      a= 5.99- 6.03 b=11.04-11.06 c=27.96-27.98 alpha= 90.00- 90.00 beta= 93.02- 93.09 gamma= 90.00- 90.00 V=1847.66-1862.94level=6, indexed=1(15 sol.)
      a=0.16706-0.16618 b=0.09057-0.09039 c=0.03582-0.03579 alpha=0.05267-0.05386 beta=0.00000-0.00000 gamma=0.00000-0.00000level=6, indexed=1(15 sol.)
 Solution ? a=  6.023 b= 11.062 c= 28.007 alpha= 90.000 beta= 93.111 gamma= 90.000 V= 1863.14 score= 32.26 #  15
      a= 5.99- 6.03 b=11.04-11.06 c=27.96-27.98 alpha= 90.00- 90.00 beta= 93.09- 93.16 gamma= 90.00- 90.00 V=1847.78-1863.06level=6, indexed=1(16 sol.)
      a=0.16706-0.16618 b=0.09057-0.09039 c=0.03582-0.03579 alpha=0.05386-0.05506 beta=0.00000-0.00000 gamma=0.00000-0.00000level=6, indexed=1(16 sol.)
 Solution ? a=  6.022 b= 11.061 c= 28.002 alpha= 90.000 beta= 93.107 gamma= 90.000 V= 1862.39 score= 35.14 #  16
      a= 6.00- 6.03 b=11.06-11.09 c=27.98-28.01 alpha= 90.00- 90.00 beta= 93.16- 93.22 gamma= 90.00- 90.00 V=1853.31-1868.66level=6, indexed=1(17 sol.)
      a=0.16706-0.16618 b=0.09039-0.09020 c=0.03579-0.03576 alpha=0.05506-0.05626 beta=0.00000-0.00000 gamma=0.00000-0.00000level=6, indexed=1(17 sol.)
 Solution ? a=  6.023 b= 11.062 c= 28.007 alpha= 90.000 beta= 93.111 gamma= 90.000 V= 1863.14 score= 32.26 #  17
      a= 6.00- 6.03 b=11.06-11.09 c=27.99-28.01 alpha= 90.00- 90.00 beta= 93.22- 93.29 gamma= 90.00- 90.00 V=1853.44-1868.79level=6, indexed=1(18 sol.)
      a=0.16706-0.16618 b=0.09039-0.09020 c=0.03579-0.03576 alpha=0.05626-0.05745 beta=0.00000-0.00000 gamma=0.00000-0.00000level=6, indexed=1(18 sol.)
 Solution ? a=  6.023 b= 11.062 c= 28.007 alpha= 90.000 beta= 93.111 gamma= 90.000 V= 1863.14 score= 32.27 #  18
      a= 6.00- 6.03 b=11.06-11.09 c=27.96-27.99 alpha= 90.00- 90.00 beta= 93.16- 93.22 gamma= 90.00- 90.00 V=1851.61-1866.94level=6, indexed=1(19 sol.)
      a=0.16706-0.16618 b=0.09039-0.09020 c=0.03582-0.03579 alpha=0.05506-0.05626 beta=0.00000-0.00000 gamma=0.00000-0.00000level=6, indexed=1(19 sol.)
 Solution ? a=  6.023 b= 11.062 c= 28.007 alpha= 90.000 beta= 93.111 gamma= 90.000 V= 1863.14 score= 32.27 #  19
      a= 6.00- 6.03 b=11.06-11.09 c=27.96-27.99 alpha= 90.00- 90.00 beta= 93.22- 93.29 gamma= 90.00- 90.00 V=1851.74-1867.07level=6, indexed=1(20 sol.)
      a=0.16706-0.16618 b=0.09039-0.09020 c=0.03582-0.03579 alpha=0.05626-0.05745 beta=0.00000-0.00000 gamma=0.00000-0.00000level=6, indexed=1(20 sol.)
 Solution ? a=  6.023 b= 11.062 c= 28.007 alpha= 90.000 beta= 93.111 gamma= 90.000 V= 1863.14 score= 32.27 #  20
      a= 6.00- 6.03 b=11.04-11.06 c=27.98-28.01 alpha= 90.00- 90.00 beta= 93.16- 93.22 gamma= 90.00- 90.00 V=1849.59-1864.90level=6, indexed=1(21 sol.)
      a=0.16706-0.16618 b=0.09057-0.09039 c=0.03579-0.03576 alpha=0.05506-0.05626 beta=0.00000-0.00000 gamma=0.00000-0.00000level=6, indexed=1(21 sol.)
 Solution ? a=  6.023 b= 11.062 c= 28.007 alpha= 90.000 beta= 93.111 gamma= 90.000 V= 1863.14 score= 32.27 #  21
      a= 6.00- 6.03 b=11.04-11.06 c=27.99-28.01 alpha= 90.00- 90.00 beta= 93.22- 93.29 gamma= 90.00- 90.00 V=1849.71-1865.03level=6, indexed=1(22 sol.)
      a=0.16706-0.16618 b=0.09057-0.09039 c=0.03579-0.03576 alpha=0.05626-0.05745 beta=0.00000-0.00000 gamma=0.00000-0.00000level=6, indexed=1(22 sol.)
 Solution ? a=  6.022 b= 11.061 c= 28.002 alpha= 90.000 beta= 93.107 gamma= 90.000 V= 1862.39 score= 35.14 #  22
      a= 6.00- 6.03 b=11.04-11.06 c=27.96-27.99 alpha= 90.00- 90.00 beta= 93.16- 93.22 gamma= 90.00- 90.00 V=1847.90-1863.19level=6, indexed=1(23 sol.)
      a=0.16706-0.16618 b=0.09057-0.09039 c=0.03582-0.03579 alpha=0.05506-0.05626 beta=0.00000-0.00000 gamma=0.00000-0.00000level=6, indexed=1(23 sol.)
 Solution ? a=  6.022 b= 11.061 c= 28.002 alpha= 90.000 beta= 93.107 gamma= 90.000 V= 1862.39 score= 35.14 #  23
      a= 6.00- 6.03 b=11.04-11.06 c=27.96-27.99 alpha= 90.00- 90.00 beta= 93.22- 93.29 gamma= 90.00- 90.00 V=1848.02-1863.32level=6, indexed=1(24 sol.)
      a=0.16706-0.16618 b=0.09057-0.09039 c=0.03582-0.03579 alpha=0.05626-0.05745 beta=0.00000-0.00000 gamma=0.00000-0.00000level=6, indexed=1(24 sol.)
 Solution ? a=  6.022 b= 11.061 c= 28.002 alpha= 90.000 beta= 93.107 gamma= 90.000 V= 1862.39 score= 35.13 #  24
    a= 5.97- 6.04 b=11.03-11.08 c=28.23-28.29 alpha= 90.00- 90.00 beta= 98.60- 98.74 gamma= 90.00- 90.00 V=1839.27-1870.16level=4, indexed=1(34 sol.)
    a=0.16931-0.16755 b=0.09065-0.09029 c=0.03583-0.03576 alpha=0.14962-0.15201 beta=0.00000-0.00000 gamma=0.00000-0.00000level=4, indexed=1(34 sol.)
 Solution ? a=  6.022 b= 11.061 c= 28.321 alpha= 90.000 beta= 99.151 gamma= 90.000 V= 1862.39 score= 35.14 #  34
      a= 5.99- 6.02 b=11.07-11.09 c=28.28-28.31 alpha= 90.00- 90.00 beta= 99.02- 99.09 gamma= 90.00- 90.00 V=1851.53-1866.98level=6, indexed=1(44 sol.)
      a=0.16905-0.16817 b=0.09036-0.09018 c=0.03580-0.03577 alpha=0.15680-0.15800 beta=0.00000-0.00000 gamma=0.00000-0.00000level=6, indexed=1(44 sol.)
 Solution ? a=  6.023 b= 11.062 c= 28.326 alpha= 90.000 beta= 99.147 gamma= 90.000 V= 1863.14 score= 32.27 #  44
      a= 5.99- 6.02 b=11.04-11.07 c=28.30-28.33 alpha= 90.00- 90.00 beta= 98.95- 99.02 gamma= 90.00- 90.00 V=1848.95-1864.37level=6, indexed=1(45 sol.)
      a=0.16905-0.16817 b=0.09054-0.09036 c=0.03577-0.03574 alpha=0.15560-0.15680 beta=0.00000-0.00000 gamma=0.00000-0.00000level=6, indexed=1(45 sol.)
 Solution ? a=  6.023 b= 11.062 c= 28.326 alpha= 90.000 beta= 99.147 gamma= 90.000 V= 1863.14 score= 32.27 #  45
      a= 5.99- 6.02 b=11.04-11.07 c=28.31-28.34 alpha= 90.00- 90.00 beta= 99.02- 99.09 gamma= 90.00- 90.00 V=1849.30-1864.73level=6, indexed=1(46 sol.)
      a=0.16905-0.16817 b=0.09054-0.09036 c=0.03577-0.03574 alpha=0.15680-0.15800 beta=0.00000-0.00000 gamma=0.00000-0.00000level=6, indexed=1(46 sol.)
 Solution ? a=  6.023 b= 11.062 c= 28.326 alpha= 90.000 beta= 99.147 gamma= 90.000 V= 1863.14 score= 32.27 #  46
      a= 5.99- 6.02 b=11.04-11.07 c=28.28-28.31 alpha= 90.00- 90.00 beta= 99.02- 99.09 gamma= 90.00- 90.00 V=1847.77-1863.18level=6, indexed=1(47 sol.)
      a=0.16905-0.16817 b=0.09054-0.09036 c=0.03580-0.03577 alpha=0.15680-0.15800 beta=0.00000-0.00000 gamma=0.00000-0.00000level=6, indexed=1(47 sol.)
 Solution ? a=  6.022 b= 11.061 c= 28.321 alpha= 90.000 beta= 99.151 gamma= 90.000 V= 1862.39 score= 35.13 #  47
      a= 5.99- 6.02 b=11.02-11.04 c=28.31-28.34 alpha= 90.00- 90.00 beta= 99.02- 99.09 gamma= 90.00- 90.00 V=1845.55-1860.94level=6, indexed=1(48 sol.)
      a=0.16905-0.16817 b=0.09073-0.09054 c=0.03577-0.03574 alpha=0.15680-0.15800 beta=0.00000-0.00000 gamma=0.00000-0.00000level=6, indexed=1(48 sol.)
 Solution ? a=  6.023 b= 11.062 c= 28.326 alpha= 90.000 beta= 99.147 gamma= 90.000 V= 1863.14 score= 32.27 #  48
      a= 5.99- 6.02 b=11.07-11.09 c=28.29-28.32 alpha= 90.00- 90.00 beta= 99.09- 99.16 gamma= 90.00- 90.00 V=1851.89-1867.34level=6, indexed=1(49 sol.)
      a=0.16905-0.16817 b=0.09036-0.09018 c=0.03580-0.03577 alpha=0.15800-0.15920 beta=0.00000-0.00000 gamma=0.00000-0.00000level=6, indexed=1(49 sol.)
 Solution ? a=  6.023 b= 11.062 c= 28.326 alpha= 90.000 beta= 99.147 gamma= 90.000 V= 1863.14 score= 32.27 #  49
      a= 5.99- 6.02 b=11.07-11.09 c=28.27-28.30 alpha= 90.00- 90.00 beta= 99.16- 99.23 gamma= 90.00- 90.00 V=1850.71-1866.16level=6, indexed=1(62 sol.)
      a=0.16905-0.16817 b=0.09036-0.09018 c=0.03583-0.03580 alpha=0.15920-0.16039 beta=0.00000-0.00000 gamma=0.00000-0.00000level=6, indexed=1(62 sol.)
 Solution ? a=  6.022 b= 11.061 c= 28.321 alpha= 90.000 beta= 99.151 gamma= 90.000 V= 1862.39 score= 35.13 #  62
      a= 5.99- 6.02 b=11.04-11.07 c=28.27-28.29 alpha= 90.00- 90.00 beta= 99.09- 99.16 gamma= 90.00- 90.00 V=1846.59-1862.00level=6, indexed=1(63 sol.)
      a=0.16905-0.16817 b=0.09054-0.09036 c=0.03583-0.03580 alpha=0.15800-0.15920 beta=0.00000-0.00000 gamma=0.00000-0.00000level=6, indexed=1(63 sol.)
 Solution ? a=  6.022 b= 11.061 c= 28.321 alpha= 90.000 beta= 99.151 gamma= 90.000 V= 1862.39 score= 35.13 #  63
      a= 5.99- 6.02 b=11.04-11.07 c=28.27-28.30 alpha= 90.00- 90.00 beta= 99.16- 99.23 gamma= 90.00- 90.00 V=1846.95-1862.36level=6, indexed=1(64 sol.)
      a=0.16905-0.16817 b=0.09054-0.09036 c=0.03583-0.03580 alpha=0.15920-0.16039 beta=0.00000-0.00000 gamma=0.00000-0.00000level=6, indexed=1(64 sol.)
 Solution ? a=  6.022 b= 11.061 c= 28.321 alpha= 90.000 beta= 99.151 gamma= 90.000 V= 1862.39 score= 35.14 #  64
Finished: V=1634.06->2089.56 A^3, 1336815 unit cells tested, 1.50177e+06 tests/s,   Elapsed time=0.890169s
Starting: V=2089.56->2545.05
Finished: V=2089.56->2545.05 A^3, 2940388 unit cells tested, 1.59039e+06 tests/s,   Elapsed time=1.84885s
Starting: V=2545.05->3000.55
      a=18.05-18.08 b= 5.51- 5.54 c=28.31-28.34 alpha= 90.00- 90.00 beta= 99.02- 99.09 gamma= 90.00- 90.00 V=2780.65-2801.00level=6, indexed=1(78 sol.)
      a=0.05611-0.05603 b=0.18144-0.18056 c=0.03577-0.03574 alpha=0.15680-0.15800 beta=0.00000-0.00000 gamma=0.00000-0.00000level=6, indexed=1(78 sol.)
 Solution ? a= 18.061 b=  5.527 c= 28.303 alpha= 90.000 beta= 99.153 gamma= 90.000 V= 2789.61 score= 47.72 #  78
      a=18.05-18.08 b= 5.51- 5.54 c=28.31-28.34 alpha= 90.00- 90.00 beta= 99.09- 99.16 gamma= 90.00- 90.00 V=2781.18-2801.54level=6, indexed=1(82 sol.)
      a=0.05611-0.05603 b=0.18144-0.18056 c=0.03577-0.03574 alpha=0.15800-0.15920 beta=0.00000-0.00000 gamma=0.00000-0.00000level=6, indexed=1(82 sol.)
 Solution ? a= 18.061 b=  5.527 c= 28.303 alpha= 90.000 beta= 99.153 gamma= 90.000 V= 2789.61 score= 47.72 #  82
      a=18.05-18.08 b= 5.51- 5.54 c=28.32-28.35 alpha= 90.00- 90.00 beta= 99.16- 99.23 gamma= 90.00- 90.00 V=2781.72-2802.09level=6, indexed=1(83 sol.)
      a=0.05611-0.05603 b=0.18144-0.18056 c=0.03577-0.03574 alpha=0.15920-0.16039 beta=0.00000-0.00000 gamma=0.00000-0.00000level=6, indexed=1(83 sol.)
 Solution ? a= 18.061 b=  5.527 c= 28.303 alpha= 90.000 beta= 99.153 gamma= 90.000 V= 2789.61 score= 47.72 #  83
      a=18.05-18.08 b= 5.51- 5.54 c=28.29-28.32 alpha= 90.00- 90.00 beta= 99.09- 99.16 gamma= 90.00- 90.00 V=2778.88-2799.22level=6, indexed=1(84 sol.)
      a=0.05611-0.05603 b=0.18144-0.18056 c=0.03580-0.03577 alpha=0.15800-0.15920 beta=0.00000-0.00000 gamma=0.00000-0.00000level=6, indexed=1(84 sol.)
 Solution ? a= 18.061 b=  5.527 c= 28.303 alpha= 90.000 beta= 99.153 gamma= 90.000 V= 2789.61 score= 47.72 #  84
      a=18.03-18.05 b= 5.51- 5.54 c=28.29-28.32 alpha= 90.00- 90.00 beta= 99.09- 99.16 gamma= 90.00- 90.00 V=2775.05-2795.36level=6, indexed=1(88 sol.)
      a=0.05618-0.05611 b=0.18144-0.18056 c=0.03580-0.03577 alpha=0.15800-0.15920 beta=0.00000-0.00000 gamma=0.00000-0.00000level=6, indexed=1(88 sol.)
 Solution ? a= 18.064 b=  5.528 c= 28.308 alpha= 90.000 beta= 99.151 gamma= 90.000 V= 2790.61 score= 50.98 #  88
Finished: V=2545.05->3000.55 A^3, 5527846 unit cells tested, 1.60146e+06 tests/s,   Elapsed time=3.45176s
Starting: V=3000.55->3456
Finished: V=3000.55->3456 A^3, 9277476 unit cells tested, 1.57551e+06 tests/s,   Elapsed time=5.88856s
CellExplorer::ReduceSolutions(): update threshold for report from 8 to 10.1959
build/fast-x86_64/objcryst/ObjCryst/ObjCryst/Indexing.cpp:2602 Solution ? a=18.0637, b=5.52778, c=28.3077, alpha=90, beta=99.1508, gamma=90, V=2790.61, score=50.9797
build/fast-x86_64/objcryst/ObjCryst/ObjCryst/Indexing.cpp:2602 Solution ? a=18.0637, b=5.52778, c=31.0642, alpha=90, beta=115.886, gamma=90, V=2790.61, score=50.9795
build/fast-x86_64/objcryst/ObjCryst/ObjCryst/Indexing.cpp:2602 Solution ? a=6.02204, b=11.0605, c=28.002, alpha=90, beta=93.107, gamma=90, V=1862.39, score=35.136
build/fast-x86_64/objcryst/ObjCryst/ObjCryst/Indexing.cpp:2602 Solution ? a=6.02204, b=11.0605, c=28.3213, alpha=90, beta=99.1513, gamma=90, V=1862.39, score=35.1356
build/fast-x86_64/objcryst/ObjCryst/ObjCryst/Indexing.cpp:2602 Solution ? a=12.0413, b=5.53017, c=28.3139, alpha=90, beta=99.1515, gamma=90, V=1861.43, score=24.1721
build/fast-x86_64/objcryst/ObjCryst/ObjCryst/Indexing.cpp:2602 Solution ? a=12.0413, b=5.53017, c=28.9521, alpha=90, beta=105.092, gamma=90, V=1861.43, score=24.172
build/fast-x86_64/objcryst/ObjCryst/ObjCryst/Indexing.cpp:2602 Solution ? a=12.0466, b=5.53068, c=29.8833, alpha=90, beta=110.624, gamma=90, V=1863.4, score=23.4587
build/fast-x86_64/objcryst/ObjCryst/ObjCryst/Indexing.cpp:2602 Solution ? a=6.02187, b=22.121, c=28.0036, alpha=90, beta=93.1074, gamma=90, V=3724.87, score=21.1542
build/fast-x86_64/objcryst/ObjCryst/ObjCryst/Indexing.cpp:2602 Solution ? a=6.02041, b=11.0476, c=28.2835, alpha=90, beta=99.1596, gamma=90, V=1857.17, score=20.9422
build/fast-x86_64/objcryst/ObjCryst/ObjCryst/Indexing.cpp:2602 Solution ? a=18.0614, b=5.52622, c=31.0378, alpha=90, beta=115.914, gamma=90, V=2786.42, score=19.2255
build/fast-x86_64/objcryst/ObjCryst/ObjCryst/Indexing.cpp:2602 Solution ? a=12.0356, b=5.52868, c=28.2789, alpha=90, beta=99.1666, gamma=90, V=1857.68, score=18.3338
build/fast-x86_64/objcryst/ObjCryst/ObjCryst/Indexing.cpp:2602 Solution ? a=18.0598, b=5.52547, c=28.2681, alpha=90, beta=99.1582, gamma=90, V=2784.88, score=17.6632
build/fast-x86_64/objcryst/ObjCryst/ObjCryst/Indexing.cpp:2602 Solution ? a=12.047, b=5.53274, c=28.3523, alpha=90, beta=99.1765, gamma=90, V=1865.57, score=14.1892
build/fast-x86_64/objcryst/ObjCryst/ObjCryst/Indexing.cpp:2609 BEST ? a=18.0637, b=5.52778, c=28.3077, alpha=90, beta=99.1508, gamma=90, V=2790.61, score=50.9797
9277476unit cells tested, 1.57524e+06 tests/s,   Elapsed time=5.88957s
DONE X13023e3 MONOCLINIC P 13 5.889970064163208 [{'cell': [18.063705444335938, 5.527775287628174, 28.30770492553711, 90.00000250447816, 99.15076210538109, 90.00000250447816], 'volume': 2790.61083984375, 'score': 50.97972869873047, 'system': 'MONOCLINIC', 'centering': 'P', 'mode': 2}, {'cell': [18.063705444335938, 5.527775764465332, 31.064180374145508, 90.00000250447816, 115.88556568518024, 90.00000250447816], 'volume': 2790.611083984375, 'score': 50.979461669921875, 'system': 'MONOCLINIC', 'centering': 'P', 'mode': 2}, {'cell': [6.022037029266357, 11.060548782348633, 28.0019588470459, 90.00000250447816, 93.10701457678195, 90.00000250447816], 'volume': 1862.3856201171875, 'score': 35.135955810546875, 'system': 'MONOCLINIC', 'centering': 'P', 'mode': 2}, {'cell': [6.022037029266357, 11.060548782348633, 28.321279525756836, 90.00000250447816, 99.1513495016497, 90.00000250447816], 'volume': 1862.3856201171875, 'score': 35.135597229003906, 'system': 'MONOCLINIC', 'centering': 'P', 'mode': 2}, {'cell': [12.041277885437012, 5.530170440673828, 28.313920974731445, 90.00000250447816, 99.1515134261898, 90.00000250447816], 'volume': 1861.43359375, 'score': 24.172121047973633, 'system': 'MONOCLINIC', 'centering': 'P', 'mode': 2}]
