START 0.09498825626160325 5238.753168504524
ObjRegistry<T>::Find(H): Not found !!
List of Crystal ScatteringPowers :3 object registered:
#  0:ScatteringPowerAtom(C)
#  1:ScatteringPowerAtom(O)
#  2:ScatteringPowerAtom(N)
WITH_H 0.12370255349957332 8884.754569201004
Imported powder pattern: 4185 points, 2theta=  4.243 ->  20.979, step= 0.004
SCALED_SIGMA 1.4570517825599651 4184.999999999984
TIGHT_RESTRAINTS
FLEXIBLE_RINGS
CYCLE 0 0 Rw 0.1012413035362107 chi2 2803.196807282141 geom 0.0 LSQ 2958.8630602419476
CYCLE 0 1 Rw 0.09877817585460365 chi2 2668.4565566538927 geom 0.0 LSQ 2668.4669547834164
CYCLE 0 2 Rw 0.09864313381734806 chi2 2661.1653208639723 geom 0.0 LSQ 2662.4326674206486
CYCLE 1 0 Rw 0.08914963230848699 chi2 2173.5880905585145 geom 0.0 LSQ 2575.342378708751
CYCLE 1 1 Rw 0.08760609211013437 chi2 2098.9725026339925 geom 0.0 LSQ 2171.8930079996326
CYCLE 1 2 Rw 0.08633590842311753 chi2 2038.548550911673 geom 0.0 LSQ 2112.4778208128505
CYCLE 2 0 Rw 0.08489639918041518 chi2 1971.1363819809405 geom 0.0 LSQ 2047.9475694622265
CYCLE 2 1 Rw 0.08394115094445401 chi2 1927.0277671671438 geom 0.0 LSQ 1996.540826072162
CYCLE 2 2 Rw 0.08373025273622754 chi2 1917.3567974500872 geom 0.0 LSQ 1982.8893929348633
CYCLE 3 0 Rw 0.0823117962428774 chi2 1852.9439887310537 geom 0.0 LSQ 1926.6093566112113
CYCLE 3 1 Rw 0.08169019028404524 chi2 1825.0633697791013 geom 0.0 LSQ 1901.9131111172162
CYCLE 3 2 Rw 0.08133147956438783 chi2 1809.0704475310888 geom 0.0 LSQ 1884.3901326159878
FINISHED X13023e3 0.08133147956438783
