START 0.06292610953054872 2022.5401606553671
Imported powder pattern: 7408 points, 2theta=  4.243 ->  33.871, step= 0.004
EXTENDED 0.4 7408 Rw 0.06294618288215723
WITH_H 0.06294615929807641 266222005810.03735
Imported powder pattern: 7408 points, 2theta=  4.243 ->  33.871, step= 0.004
SCALED_SIGMA 5994.755692827665 7407.999999999939
TIGHT_RESTRAINTS
FLEXIBLE_RINGS
AROMATIC_PLANARITY 0
EXTENDED_BACKGROUND 0.054626335533493685
CYCLE 0 0 Rw 0.051650526976144855 chi2 4987.834265698261 geom 0.7130688759765964 LSQ 5068.679151358892
CYCLE 0 1 Rw 0.04949353260367786 chi2 4579.935967394984 geom 0.7130688759765964 LSQ 4626.0984545139045
CYCLE 0 2 Rw 0.049251099912388324 chi2 4535.178327137027 geom 0.7130688759765964 LSQ 4578.890018087637
CYCLE 1 0 Rw 0.04686045109210077 chi2 4105.588616664804 geom 50.15293825528306 LSQ 4347.503515044002
CYCLE 1 1 Rw 0.04651211432087122 chi2 4044.77776106358 geom 52.852566145343076 LSQ 4288.940654717997
CYCLE 1 2 Rw 0.0463570343693967 chi2 4017.850658680369 geom 58.88472117574842 LSQ 4270.018541209796
CYCLE 2 0 Rw 0.04614755605668014 chi2 3981.6209491230084 geom 56.20400681243784 LSQ 4239.538912713406
CYCLE 2 1 Rw 0.04609579922818545 chi2 3972.6947771736636 geom 57.90203674130461 LSQ 4216.437570269332
CYCLE 2 2 Rw 0.04606779657129825 chi2 3967.8695123858492 geom 59.01110671612595 LSQ 4213.525709185905
CYCLE 3 0 Rw 0.045183248351571614 chi2 3816.9581778175716 geom 54.616671290900506 LSQ 4147.960453603869
CYCLE 3 1 Rw 0.0450430481683295 chi2 3793.307466156636 geom 53.53114045335952 LSQ 4043.6838984950537
CYCLE 3 2 Rw 0.04498542127338241 chi2 3783.6075587834484 geom 53.6580207029369 LSQ 4016.259125077304
FINISHED X13023e3 0.04498542127338241
