START 0.22254309622697468 28753.654776524458
ObjRegistry<T>::Find(H): Not found !!
List of Crystal ScatteringPowers :3 object registered:
#  0:ScatteringPowerAtom(C)
#  1:ScatteringPowerAtom(O)
#  2:ScatteringPowerAtom(N)
WITH_H 0.27533847026111025 44017.147682169285
Imported powder pattern: 4185 points, 2theta=  4.243 ->  20.979, step= 0.004
SCALED_SIGMA 3.2431214841710485 4184.999999999991
CYCLE 0 0 Rw 0.12957310268655436 chi2 926.8114456075263
CYCLE 0 1 Rw 0.11619784770015117 chi2 745.3458531441436
CYCLE 0 2 Rw 0.11340337700194734 chi2 709.9269235340347
CYCLE 1 0 Rw 0.09458389814424217 chi2 493.851173055119
CYCLE 1 1 Rw 0.09509467370697387 chi2 499.19940278564496
CYCLE 1 2 Rw 0.09239216685719728 chi2 471.22896486901885
CYCLE 2 0 Rw 0.09137973811055429 chi2 460.95814158344444
CYCLE 2 1 Rw 0.09045746892632162 chi2 451.70046250167934
CYCLE 2 2 Rw 0.09149393352444529 chi2 462.11096162851135
CYCLE 3 0 Rw 0.08775107807976829 chi2 425.07600808214926
CYCLE 3 1 Rw 0.0864161100063492 chi2 412.23833259517176
CYCLE 3 2 Rw 0.08750586611841747 chi2 422.70100728022777
FINISHED X13023e3 0.08750586611841747
