START 0.09498825626160325 5238.753168504524
ObjRegistry<T>::Find(H): Not found !!
List of Crystal ScatteringPowers :3 object registered:
#  0:ScatteringPowerAtom(C)
#  1:ScatteringPowerAtom(O)
#  2:ScatteringPowerAtom(N)
WITH_H 0.12370255349957332 8884.754569201004
Imported powder pattern: 4185 points, 2theta=  4.243 ->  20.979, step= 0.004
SCALED_SIGMA 1.4570517825599651 4184.999999999984
TIGHT_RESTRAINTS
CYCLE 0 0 Rw 0.10124130353621628 chi2 2803.1968072824507
CYCLE 0 1 Rw 0.09877817585457435 chi2 2668.4565566523142
CYCLE 0 2 Rw 0.09864313381732713 chi2 2661.1653208628436
CYCLE 1 0 Rw 0.08639267108004887 chi2 2041.2299721833476
CYCLE 1 1 Rw 0.0821888205165887 chi2 1847.4114423938852
CYCLE 1 2 Rw 0.07984593911619335 chi2 1743.5877124695976
CYCLE 2 0 Rw 0.08591884488185111 chi2 2018.9008574088336
CYCLE 2 1 Rw 0.0840311393630504 chi2 1931.1616902998155
CYCLE 2 2 Rw 0.0917415594483989 chi2 2301.814754211443
CYCLE 3 0 Rw 0.17137924482910394 chi2 8032.571183047669
CYCLE 3 1 Rw 0.08327352009187529 chi2 1896.4962131327366
CYCLE 3 2 Rw 0.08357517579574283 chi2 1910.2610950888247
FINISHED X13023e3 0.08357517579574282
