START 0.09498825626160325 5238.753168504524
ObjRegistry<T>::Find(H): Not found !!
List of Crystal ScatteringPowers :3 object registered:
#  0:ScatteringPowerAtom(C)
#  1:ScatteringPowerAtom(O)
#  2:ScatteringPowerAtom(N)
WITH_H 0.12370255349957332 8884.754569201004
Imported powder pattern: 4185 points, 2theta=  4.243 ->  20.979, step= 0.004
SCALED_SIGMA 1.4570517825599651 4184.999999999984
CYCLE 0 0 Rw 0.10124130353621628 chi2 2803.1968072824507
CYCLE 0 1 Rw 0.09877817585457435 chi2 2668.4565566523142
CYCLE 0 2 Rw 0.09864313381732713 chi2 2661.1653208628436
CYCLE 1 0 Rw 0.08300453191905094 chi2 1884.2639660166265
CYCLE 1 1 Rw 0.07862924137519528 chi2 1690.8547597235388
CYCLE 1 2 Rw 0.07641499986438229 chi2 1596.9648845710458
CYCLE 2 0 Rw 0.08039093896026553 chi2 1767.4711583302626
CYCLE 2 1 Rw 0.07979186082105878 chi2 1741.2267077307229
CYCLE 2 2 Rw 0.08012022642655356 chi2 1755.5874565472168
CYCLE 3 0 Rw 0.0755349672874594 chi2 1560.3938292461328
CYCLE 3 1 Rw 0.07550645160807123 chi2 1559.2159035031777
CYCLE 3 2 Rw 0.07553607243406951 chi2 1560.4394895973098
FINISHED X13023e3 0.07553607243406942
