ObjRegistry<T>::Find(C): Not found !!
List of Crystal ScatteringPowers :0 object registered:
ObjRegistry<T>::Find(O): Not found !!
List of Crystal ScatteringPowers :1 object registered:
#  0:ScatteringPowerAtom(C)
ObjRegistry<T>::Find(N): Not found !!
List of Crystal ScatteringPowers :2 object registered:
#  0:ScatteringPowerAtom(C)
#  1:ScatteringPowerAtom(O)
Imported powder pattern: 4185 points, 2theta=  4.243 ->  20.979, step= 0.004
RESCALED_BASE 1.0 0.08488258664761984 4183.360749141605
INITIAL X13023e3 2 Rw 0.8190377261998859 LLK 18459.90367052231 Integrated 17274.626497113095 DOF -1
RUN 0 steps 100000 time 8.243419170379639 total 8.243496417999268 LLK 29789.981105425944 Rw 0.2328567931741872 Integrated 681.6905276021217
RUN 1 steps 1000000 time 174.72498655319214 total 183.01064729690552 LLK 13090.754589644603 Rw 0.1896736748040253 Integrated 1338.8438597643267
RUN 2 steps 1000000 time 145.8339958190918 total 328.9045977592468 LLK 8351.929643690664 Rw 0.22025584136493037 Integrated 383.53627257699
RUN 3 steps 1000000 time 145.93001461029053 total 474.9002454280853 LLK 10688.026551158733 Rw 0.24820608330485333 Integrated 582.6306827719
RUN 4 steps 1000000 time 149.63948488235474 total 624.5401554107666 LLK 13983.988718053788 Rw 0.21370912319628635 Integrated 314.3290290628575
RUN 5 steps 1000000 time 136.16411590576172 total 760.7055151462555 LLK 12510.522058753637 Rw 0.2066426168320129 Integrated 446.283464598129
RUN 6 steps 1000000 time 133.5933964252472 total 894.2992684841156 LLK 11706.936699429656 Rw 0.21988623351288328 Integrated 426.6746657971979
RUN 7 steps 1000000 time 134.25746250152588 total 1028.557023525238 LLK 5436.695968637989 Rw 0.2225391103838733 Integrated 545.7861700458997
RUN 8 steps 1000000 time 133.28524374961853 total 1161.8875014781952 LLK 9029.376949103638 Rw 0.21438315476891168 Integrated 531.9128981222186
RUN 9 steps 1000000 time 171.2124593257904 total 1333.1003370285034 LLK 54996.880165893555 Rw 0.2113137086984411 Integrated 350.60318322843784
FINISHED 5436.695968637989
