CELL [18.06863672  5.52680501 28.31660059 90.         99.14643617 90.        ] V 2791.7936479063364 zero 0.0024636343087370885
  1   3.47265 H    456.1 W 0.0295 diff  0.0180 ['?', [1, 0, -2]]
  2   4.47912 H  13980.5 W 0.0218 diff  0.0024 [[0, 0, 3]]
  3   5.97411 H  10719.4 W 0.0222 diff  0.0016 [[0, 0, 4]]
  4   6.94383 H   9875.0 W 0.0239 diff  0.0015 [[3, 0, -1]]
  5   6.97100 H   7566.5 W 0.0120 diff  0.0070 ['?', [2, 0, 3]]
  6   7.02382 H  30766.4 W 0.0211 diff  0.0006 [[3, 0, 0]]
  7   7.18273 H   9287.3 W 0.0225 diff  0.0006 [[3, 0, -2]]
  8   7.41019 H    604.4 W 0.0227 diff  0.0004 [[3, 0, 1]]
  9   7.47072 H   3497.7 W 0.0220 diff  0.0002 [[1, 0, -5], [0, 0, 5]]
 10   7.70586 H 105428.9 W 0.0243 diff -0.0012 [[0, 1, -1], [0, 1, 1], [3, 0, -3]]
 11   8.06047 H  29957.8 W 0.0210 diff -0.0004 [[3, 0, 2]]
 12   8.12532 H  57140.2 W 0.0221 diff  0.0029 [[1, -1, 1], [1, 1, 1], [0, 1, 2], [0, 1, -2]]
 13   8.32126 H   3925.4 W 0.0294 diff  0.0053 [[1, 1, -2], [1, -1, -2]]
 14   8.47015 H  82674.3 W 0.0225 diff  0.0001 [[3, 0, -4]]
 15   8.78611 H   1194.7 W 0.0221 diff  0.0032 [[0, 1, -3], [0, 1, 3]]
 16   8.91681 H   2829.7 W 0.0196 diff -0.0010 [[3, 0, 3]]
 17   8.96760 H   4977.0 W 0.0237 diff -0.0003 [[0, 0, 6]]
 18   9.18709 H    509.8 W 0.0235 diff -0.0445 ['?', [2, -1, -2]]
 19   9.40937 H  14850.1 W 0.0227 diff  0.0002 [[3, 0, -5]]
 20   9.63630 H   1299.0 W 0.0227 diff  0.0031 [[0, 1, -4], [0, 1, 4]]
 21   9.92688 H   5787.0 W 0.0218 diff -0.0018 [[3, 0, 4]]
 22  10.26824 H   5232.4 W 0.0244 diff  0.0022 [[3, 1, -1], [3, -1, -1]]
 23  10.32207 H   1317.6 W 0.0220 diff  0.0022 [[3, 1, 0], [3, -1, 0]]
 24  10.48001 H  28161.5 W 0.0228 diff -0.0001 [[3, 0, -6]]
 25  10.58823 H   1086.3 W 0.0179 diff  0.0033 [[3, 1, 1], [3, -1, 1]]
 26  10.63131 H  13255.5 W 0.0272 diff -0.0011 [[1, -1, -5], [1, 1, -5], [0, 1, 5], [0, 1, -5]]
 27  10.80097 H  16877.7 W 0.0261 diff  0.0024 [[3, -1, -3], [3, 1, -3]]
 28  10.96981 H    885.2 W 0.0232 diff  0.0460 ['?', [4, 0, 3]]
 29  11.05363 H  22008.2 W 0.0270 diff  0.0034 [[3, 0, 5], [3, 1, 2], [3, -1, 2]]
 30  11.35794 H  13846.3 W 0.0256 diff  0.0024 [[3, 1, -4], [3, -1, -4]]
 31  11.69531 H  39193.6 W 0.0272 diff  0.0019 [[3, 1, 3], [3, -1, 3]]
 32  11.90942 H   2173.6 W 0.0291 diff -0.0064 [[4, 0, -6]]
 33  12.07724 H    655.4 W 0.0184 diff  0.0016 [[3, -1, -5], [3, 1, -5]]
 34  12.12695 H   3304.1 W 0.0295 diff  0.0058 [[2, 0, 7]]
 35  12.25205 H   7421.6 W 0.0229 diff -0.0020 [[1, 1, 6], [1, -1, 6], [3, 0, 6]]
 36  12.48453 H  14152.5 W 0.0278 diff  0.0013 [[3, 1, 4], [3, -1, 4]]
 37  12.80827 H   4828.6 W 0.0229 diff  0.0224 ['?', [1, -1, -7]]
 38  12.88300 H   6656.9 W 0.0750 diff -0.0007 [[5, 0, -5], [3, 0, -8], [4, 0, 5], [4, 0, -7]]
 39  12.91900 H   6655.7 W 0.0190 diff  0.0017 [[0, 1, 7], [0, 1, -7]]
 40  13.39629 H   2725.0 W 0.0266 diff  0.0008 [[3, 1, 5], [3, -1, 5]]
UNINDEXED 6 of 82 best translations:
0.01831 4 (0.333333, 0.0, 0.0)
0.19347 25 (0.0, 0.5, 0.5)
0.23057 28 (0.333333, 0.333333, 0.0)
0.23057 28 (0.333333, 0.666667, 0.0)
0.2735 30 (0.333333, 0.5, 0.5)
0.2848 20 (0.0, 0.5, 0.0)
0.31094 36 (0.0, 0.25, 0.25)
0.31094 36 (0.0, 0.25, 0.75)
0.31541 28 (0.333333, 0.5, 0.0)
0.32834 32 (0.333333, 0.166667, 0.0)
0.32834 32 (0.333333, 0.833333, 0.0)
0.32949 31 (0.0, 0.333333, 0.0)
0.33055 32 (0.0, 0.166667, 0.0)
0.33055 32 (0.0, 0.2, 0.0)
0.33055 32 (0.0, 0.25, 0.0)
0.33055 32 (0.0, 0.4, 0.0)
0.37052 25 (0.5, 0.0, 0.5)
0.37355 28 (0.333333, 0.333333, 0.333333)
0.37355 28 (0.333333, 0.666667, 0.333333)
0.3888 25 (0.0, 0.0, 0.5)
0.39471 26 (0.0, 0.333333, 0.333333)
0.39471 26 (0.0, 0.333333, 0.666667)
0.40172 28 (0.333333, 0.0, 0.5)
0.4034 28 (0.333333, 0.333333, 0.666667)
