Imported powder pattern: 4025 points, 2theta=  7.744 ->  76.152, step= 0.017
STARTFIT X8a06d7a deh2 Rw 0.09722698000613894
Lookup of '' symbol failed, trying as Hall symbol.
Could not interpret Spacegroup Symbol:
ERRORSG A 1 Space group symbol '' not recognized
Lookup of '' symbol failed, trying as Hall symbol.
Could not interpret Spacegroup Symbol:
ERRORSG B 1 Space group symbol '' not recognized
Lookup of '' symbol failed, trying as Hall symbol.
Could not interpret Spacegroup Symbol:
ERRORSG C 1 Space group symbol '' not recognized
Lookup of '' symbol failed, trying as Hall symbol.
Could not interpret Spacegroup Symbol:
ERRORSG F 1 Space group symbol '' not recognized
Lookup of '' symbol failed, trying as Hall symbol.
Could not interpret Spacegroup Symbol:
ERRORSG I 1 Space group symbol '' not recognized
Lookup of '' symbol failed, trying as Hall symbol.
Could not interpret Spacegroup Symbol:
ERRORSG A -1 Space group symbol '' not recognized
Lookup of '' symbol failed, trying as Hall symbol.
Could not interpret Spacegroup Symbol:
ERRORSG B -1 Space group symbol '' not recognized
Lookup of '' symbol failed, trying as Hall symbol.
Could not interpret Spacegroup Symbol:
ERRORSG C -1 Space group symbol '' not recognized
Lookup of '' symbol failed, trying as Hall symbol.
Could not interpret Spacegroup Symbol:
ERRORSG F -1 Space group symbol '' not recognized
Lookup of '' symbol failed, trying as Hall symbol.
Could not interpret Spacegroup Symbol:
ERRORSG I -1 Space group symbol '' not recognized
GROUPS [{"sg": "P 1", "number": 1, "Rw": 12.627743248253662, "GoF": 4382.963270348384, "nGoF": 2029.0618370872885, "mult": 1}, {"sg": "P -1", "number": 2, "Rw": 12.627743248253662, "GoF": 4382.963270348384, "nGoF": 2029.061837087288, "mult": 2}]
DONE X8a06d7a deh2 0.08995672928398658 [6.6077267615283635, 12.3716960880876, 21.72420954079096, 94.83744528993684, 93.63433931542794, 72.91116168885118]
