Imported powder pattern: 2439 points, 2theta=  7.744 ->  49.190, step= 0.017
STARTFIT X8a06d7a de1 Rw 0.11917059036665613
Lookup of '' symbol failed, trying as Hall symbol.
Could not interpret Spacegroup Symbol:
ERRORSG A 1 Space group symbol '' not recognized
Lookup of '' symbol failed, trying as Hall symbol.
Could not interpret Spacegroup Symbol:
ERRORSG B 1 Space group symbol '' not recognized
Lookup of '' symbol failed, trying as Hall symbol.
Could not interpret Spacegroup Symbol:
ERRORSG C 1 Space group symbol '' not recognized
Lookup of '' symbol failed, trying as Hall symbol.
Could not interpret Spacegroup Symbol:
ERRORSG F 1 Space group symbol '' not recognized
Lookup of '' symbol failed, trying as Hall symbol.
Could not interpret Spacegroup Symbol:
ERRORSG I 1 Space group symbol '' not recognized
Lookup of '' symbol failed, trying as Hall symbol.
Could not interpret Spacegroup Symbol:
ERRORSG A -1 Space group symbol '' not recognized
Lookup of '' symbol failed, trying as Hall symbol.
Could not interpret Spacegroup Symbol:
ERRORSG B -1 Space group symbol '' not recognized
Lookup of '' symbol failed, trying as Hall symbol.
Could not interpret Spacegroup Symbol:
ERRORSG C -1 Space group symbol '' not recognized
Lookup of '' symbol failed, trying as Hall symbol.
Could not interpret Spacegroup Symbol:
ERRORSG F -1 Space group symbol '' not recognized
Lookup of '' symbol failed, trying as Hall symbol.
Could not interpret Spacegroup Symbol:
ERRORSG I -1 Space group symbol '' not recognized
GROUPS [{"sg": "P 1", "number": 1, "Rw": 13.979841779385533, "GoF": 6380.401902734982, "nGoF": 3365.67652713744, "mult": 1}, {"sg": "P -1", "number": 2, "Rw": 13.979841779385533, "GoF": 6380.401902734982, "nGoF": 3365.6765271374406, "mult": 2}]
DONE X8a06d7a de1 0.10621808922659663 [6.581412012866471, 12.206413564321087, 21.714779888666385, 87.00250646889323, 93.35707676144025, 75.64276218118695]
