X8a06d7a CUBIC P 0 peaks [7.45112, 8.23776, 8.72943, 10.65382, 11.43233, 11.83106, 12.23635, 13.88398, 14.78558, 15.24455, 16.55686, 17.58171, 18.15563, 19.22465, 19.55147, 20.03816, 20.47173, 21.49676, 22.55843, 23.20939, 23.81188, 24.19796] V 3907.680908203125 6840 Lmax 53.15083176496423
3->53.1508,2.00604,24.9999
1.5708->2.44346,0.0766052,0.766044,11.3917
3907.68->6840,488.728,5.9999
Starting: V=3907.68->4396.41
53.1508,3,2.00611
Finished: V=3907.68->4396.41 A^3, 1 unit cells tested, 13333.3 tests/s,   Elapsed time=8.1e-05s
Starting: V=4396.41->4885.14
53.1508,3,2.00611
Finished: V=4396.41->4885.14 A^3, 2 unit cells tested, 10929 tests/s,   Elapsed time=0.000189s
Starting: V=4885.14->5373.86
53.1508,3,2.00611
Finished: V=4885.14->5373.86 A^3, 4 unit cells tested, 14814.8 tests/s,   Elapsed time=0.000275s
Starting: V=5373.86->5862.59
53.1508,3,2.00611
Finished: V=5373.86->5862.59 A^3, 5 unit cells tested, 14749.3 tests/s,   Elapsed time=0.000344s
Starting: V=5862.59->6351.32
53.1508,3,2.00611
Finished: V=5862.59->6351.32 A^3, 6 unit cells tested, 14742 tests/s,   Elapsed time=0.000412s
Starting: V=6351.32->6840
53.1508,3,2.00611
Finished: V=6351.32->6840 A^3, 7 unit cells tested, 14736.8 tests/s,   Elapsed time=0.00048s
DONE X8a06d7a CUBIC P 0 0.0005853176116943359 []
