START 0.2484468977707704 48364257.39621011
ObjRegistry<T>::Find(H): Not found !!
List of Crystal ScatteringPowers :5 object registered:
#  0:ScatteringPowerAtom(ion_C)
#  1:ScatteringPowerAtom(C)
#  2:ScatteringPowerAtom(O)
#  3:ScatteringPowerAtom(N)
#  4:ScatteringPowerAtom(Cl)
Imported powder pattern: 4304 points, 2theta=  3.001 ->  76.152, step= 0.017
EXTENDED 0.4 4304 Rw 0.23599552738639912
WITH_H 0.23594471975057704 44278426.20321802
Imported powder pattern: 4303 points, 2theta=  3.001 ->  76.135, step= 0.017
SCALED_SIGMA 101.44027434606339 4302.9632652258515
TIGHT_RESTRAINTS
FLEXIBLE_RINGS
AROMATIC_PLANARITY 0
LSQ_PACKING 38 atoms 1996 terms sigma 0.01 cost 544.8008066966443
EXTENDED_BACKGROUND 0.1860868855548686
CYCLE 0 0 Rw 0.18616134082587646 chi2 2678.7354024409346 geom 47.4871798639984 LSQ 3090.0824957103587
CYCLE 0 1 Rw 0.18644587919880776 chi2 2686.930288707706 geom 47.4871798639984 LSQ 3065.208401464841
CYCLE 0 2 Rw 0.18647948397493708 chi2 2687.8989540214775 geom 47.4871798639984 LSQ 3063.225881260653
PACKING_STAGE 0 168.99534539900162
CYCLE 1 0 Rw 0.1757172726013986 chi2 2386.6005055785254 geom 320.0806469139906 LSQ 2925.9608347100634
CYCLE 1 1 Rw 0.17327633050333174 chi2 2320.7550563452783 geom 19.770995348885464 LSQ 2470.9646609896045
CYCLE 1 2 Rw 0.1723066611875324 chi2 2294.853441938822 geom 9.458952530354544 LSQ 2420.1814806350326
PACKING_STAGE 1 8.260705499451975
CYCLE 2 0 Rw 0.1672782410206776 chi2 2162.866564688936 geom 9.639837787464726 LSQ 2288.4245686220115
CYCLE 2 1 Rw 0.1664073491807585 chi2 2140.4043540908647 geom 9.515484624580697 LSQ 2261.6582643178
CYCLE 2 2 Rw 0.16584209459840907 chi2 2125.8879457877765 geom 9.588552535406539 LSQ 2245.9547456372466
PACKING_STAGE 2 6.426555933857712
CYCLE 3 0 Rw 0.1611397531062518 chi2 2007.0408346659265 geom 9.185078022566426 LSQ 2123.0529838566713
CYCLE 3 1 Rw 0.15895096030846362 chi2 1952.887083354028 geom 8.968138901509787 LSQ 2065.784156626385
CYCLE 3 2 Rw 0.15779251073523817 chi2 1924.5251634405247 geom 8.882672646664771 LSQ 2036.2480475531947
PACKING_STAGE 3 4.786941247480666
FINISHED X8a06d7a 0.15779251073523817
