START 0.04246775065060594 779.8768224060319
Imported powder pattern: 6080 points, 2theta= 10.870 ->  71.660, step= 0.010
EXTENDED 0.38 6080 Rw 0.06515590240485383
WITH_H 0.06448765079632549 38264.0020146131
Imported powder pattern: 6078 points, 2theta= 10.870 ->  71.640, step= 0.010
SCALED_SIGMA 2.509081957528972 6078.000000000006
EXTENDED_BACKGROUND 0.04174466250513511
CYCLE 0 0 Rw 0.04147238506469172 chi2 2513.770395970059
CYCLE 0 1 Rw 0.041463956996043924 chi2 2512.7487968175897
CYCLE 0 2 Rw 0.04146332773023497 chi2 2512.672529378559
CYCLE 1 0 Rw 0.03970003976674531 chi2 2303.5066293698155
CYCLE 1 1 Rw 0.03944990575008454 chi2 2274.571131439954
CYCLE 1 2 Rw 0.03923789711777326 chi2 2250.1891752656056
CYCLE 2 0 Rw 0.03923039512467116 chi2 2249.328818765385
CYCLE 2 1 Rw 0.038586328053841705 chi2 2176.078146063723
CYCLE 2 2 Rw 0.038560645977916204 chi2 2173.1824258037896
CYCLE 3 0 Rw 0.03755748696296425 chi2 2061.5820928259805
CYCLE 3 1 Rw 0.037065610537762826 chi2 2007.936152398193
CYCLE 3 2 Rw 0.037037713727486814 chi2 2004.914810852919
FINISHED X3c176e2 0.037037713727486814
