Imported powder pattern: 7120 points, 2theta=  3.810 ->  75.000, step= 0.010
STARTFIT X263b09a oldh0 Rw 0.07519572299793578
Lookup of '' symbol failed, trying as Hall symbol.
Could not interpret Spacegroup Symbol:
ERRORSG A 1 Space group symbol '' not recognized
Lookup of '' symbol failed, trying as Hall symbol.
Could not interpret Spacegroup Symbol:
ERRORSG B 1 Space group symbol '' not recognized
Lookup of '' symbol failed, trying as Hall symbol.
Could not interpret Spacegroup Symbol:
ERRORSG C 1 Space group symbol '' not recognized
Lookup of '' symbol failed, trying as Hall symbol.
Could not interpret Spacegroup Symbol:
ERRORSG F 1 Space group symbol '' not recognized
Lookup of '' symbol failed, trying as Hall symbol.
Could not interpret Spacegroup Symbol:
ERRORSG I 1 Space group symbol '' not recognized
Lookup of '' symbol failed, trying as Hall symbol.
Could not interpret Spacegroup Symbol:
ERRORSG A -1 Space group symbol '' not recognized
Lookup of '' symbol failed, trying as Hall symbol.
Could not interpret Spacegroup Symbol:
ERRORSG B -1 Space group symbol '' not recognized
Lookup of '' symbol failed, trying as Hall symbol.
Could not interpret Spacegroup Symbol:
ERRORSG C -1 Space group symbol '' not recognized
Lookup of '' symbol failed, trying as Hall symbol.
Could not interpret Spacegroup Symbol:
ERRORSG F -1 Space group symbol '' not recognized
Lookup of '' symbol failed, trying as Hall symbol.
Could not interpret Spacegroup Symbol:
ERRORSG I -1 Space group symbol '' not recognized
GROUPS [{"sg": "P 1", "number": 1, "Rw": 8.48640112611659, "GoF": 2761.26322614259, "nGoF": 1105.6126996122289, "mult": 1}, {"sg": "P -1", "number": 2, "Rw": 8.48640112611659, "GoF": 2761.26322614259, "nGoF": 1105.612699612229, "mult": 2}]
DONE X263b09a oldh0 0.07172324272875827 [5.440508188722138, 11.716576547273458, 20.71024607351225, 83.62765607161074, 84.2004672047387, 89.0220851726658]
