ObjRegistry<T>::Find(ion_C): Not found !!
List of Crystal ScatteringPowers :0 object registered:
EXACT_PAWLEY nref 333 rank 272 cond 930.6897311256085 chi2 3539.985754832832 netRwp 0.11127607831443284
ZM COc1ccc2c(c1)c(CC(=O)OCC(=O)O)c(C)n2C(=O)c1ccc(Cl)cc1 n 29 torsions 8 max_distance_error 1.6022254634151523e-08
ZM O=C1CCCCN1 n 7 torsions 0 max_distance_error 1.0273032202690047e-08
Total degrees of freedom: 22
Total external degrees of freedom: 14 (pos: 6 rot: 8 )
Total internal degrees of freedom: 8
PREPARED X263b09a Nref 333 PawleyRw 0.05168449132896688 SG P -1
ATTACHED_H_SCATTERING 36 heavy atoms 27 H atoms
  0%|          | 0/5 [00:00<?, ?it/s]100%|██████████| 5/5 [00:00<00:00, 2033.31it/s]
/opt/conda/lib/python3.11/site-packages/gallop/zm_to_cart.py:210: UserWarning: Using torch.cross without specifying the dim arg is deprecated.
Please either pass the dim explicitly or simply use torch.linalg.cross.
The default value of dim will change to agree with that of linalg.cross in a future release. (Triggered internally at /home/conda/feedstock_root/build_artifacts/libtorch_1786372131199/work/aten/src/ATen/native/Cross.cpp:63.)
  cart_coords = zm_to_cart(internal[:,torsion[i]], initial_D2[i],
GALLOP 0 Nref 333 seconds 60.795570850372314 best 189.51451 q25 289.3197 median 334.76215 total 60.800782203674316
GALLOP 1 Nref 333 seconds 77.88041472434998 best 189.35121 q25 251.89322 median 319.1447 total 138.77919125556946
GALLOP 2 Nref 333 seconds 51.21186399459839 best 183.15727 q25 221.45287 median 303.6683 total 190.12085795402527
GALLOP 3 Nref 333 seconds 41.824915170669556 best 182.90233 q25 238.29503 median 310.40894 total 232.023353099823
GALLOP 4 Nref 333 seconds 50.72075152397156 best 179.1871 q25 203.47249 median 304.05838 total 282.8396027088165
GALLOP 5 Nref 333 seconds 61.380632638931274 best 130.85904 q25 240.35011 median 329.80472 total 344.29928159713745
GALLOP 6 Nref 333 seconds 55.32442617416382 best 97.12958 q25 213.90063 median 311.70538 total 399.81452441215515
GALLOP 7 Nref 333 seconds 50.0227632522583 best 88.991264 q25 190.06508 median 293.20752 total 449.92222476005554
GALLOP 8 Nref 333 seconds 58.47956109046936 best 87.319595 q25 161.16484 median 278.67877 total 508.48222255706787
GALLOP 9 Nref 333 seconds 60.48459029197693 best 87.114975 q25 161.09912 median 262.79178 total 569.0868742465973
GALLOP 10 Nref 333 seconds 55.07151699066162 best 87.11344 q25 227.46043 median 314.0692 total 624.2835736274719
GALLOP 11 Nref 333 seconds 66.17394495010376 best 87.113396 q25 177.699 median 287.25586 total 690.5088245868683
  0%|          | 0/5 [00:00<?, ?it/s]100%|██████████| 5/5 [00:00<00:00, 1329.75it/s]
GALLOP 12 Nref 333 seconds 72.21029448509216 best 87.11344 q25 248.98715 median 323.11108 total 762.894148349762
GALLOP 13 Nref 333 seconds 70.5915801525116 best 87.11334 q25 219.65526 median 318.69327 total 833.5166344642639
GALLOP 14 Nref 333 seconds 70.84404349327087 best 87.113396 q25 214.98747 median 306.7359 total 904.4847555160522
GALLOP 15 Nref 333 seconds 63.88235092163086 best 87.11345 q25 187.9888 median 320.28857 total 968.3984718322754
GALLOP 16 Nref 333 seconds 73.5890486240387 best 87.11348 q25 218.90398 median 304.549 total 1042.017846107483
GALLOP 17 Nref 333 seconds 63.233392000198364 best 87.11351 q25 159.13708 median 273.6009 total 1105.3134083747864
GALLOP 18 Nref 333 seconds 76.9027202129364 best 87.113365 q25 130.42432 median 259.0086 total 1182.2790489196777
GALLOP 19 Nref 333 seconds 64.21060156822205 best 87.11332 q25 154.89423 median 286.79004 total 1246.5196936130524
GALLOP 20 Nref 333 seconds 52.54539132118225 best 87.11343 q25 153.17422 median 304.8069 total 1299.233293056488
GALLOP 21 Nref 333 seconds 60.072561264038086 best 87.11343 q25 144.95076 median 285.21637 total 1359.3245673179626
GALLOP 22 Nref 333 seconds 80.08880043029785 best 87.11345 q25 104.316826 median 275.60287 total 1439.4842686653137
GALLOP 23 Nref 333 seconds 49.66223645210266 best 87.11338 q25 117.683815 median 286.7347 total 1489.1737401485443
  0%|          | 0/5 [00:00<?, ?it/s]100%|██████████| 5/5 [00:00<00:00, 2442.81it/s]
GALLOP 24 Nref 333 seconds 74.48140978813171 best 87.11334 q25 212.67863 median 307.86688 total 1563.6766226291656
GALLOP 25 Nref 333 seconds 67.41137051582336 best 87.11347 q25 170.49565 median 290.09088 total 1631.121379852295
GALLOP 26 Nref 333 seconds 60.80160307884216 best 87.113594 q25 193.13489 median 282.96313 total 1691.9844269752502
GALLOP 27 Nref 333 seconds 58.883052110672 best 87.1135 q25 129.25113 median 280.74545 total 1750.8914637565613
GALLOP 28 Nref 333 seconds 82.58952617645264 best 87.11363 q25 90.94242 median 223.81873 total 1833.5079164505005
GALLOP 29 Nref 333 seconds 80.12707996368408 best 87.11363 q25 89.23677 median 216.58698 total 1913.7026624679565
GALLOP 30 Nref 333 seconds 77.40488266944885 best 87.11347 q25 87.51575 median 191.98203 total 1991.13716173172
GALLOP 31 Nref 333 seconds 53.789910316467285 best 87.1134 q25 87.1874 median 161.18784 total 2044.9759149551392
GALLOP 32 Nref 333 seconds 66.48466229438782 best 84.78317 q25 87.15518 median 105.93666 total 2111.486198425293
GALLOP 33 Nref 333 seconds 66.15522289276123 best 84.38112 q25 87.11435 median 155.42265 total 2177.692310333252
GALLOP 34 Nref 333 seconds 99.66177272796631 best 84.320244 q25 86.88376 median 130.47238 total 2277.4790127277374
GALLOP 35 Nref 333 seconds 78.01917123794556 best 84.27889 q25 86.311516 median 137.073 total 2355.709747314453
  0%|          | 0/5 [00:00<?, ?it/s]100%|██████████| 5/5 [00:00<00:00, 1394.57it/s]
GALLOP 36 Nref 333 seconds 85.80258345603943 best 84.27893 q25 233.87668 median 304.8279 total 2441.700075864792
FINISHED X263b09a 84.27889251708984
