X263b09a MONOCLINIC C 2 peaks [4.30763, 7.54847, 8.26594, 9.10319, 10.83771, 12.08277, 12.96455, 14.28784, 15.30806, 15.73831, 16.6286, 17.71368, 18.38244, 19.26, 19.71, 19.86, 20.73691, 21.07634, 21.58482, 21.81065, 22.07563, 22.33911] V 1550.7041015625 5184 Lmax 48.45958556232891
3->48.4596,1.81839,24.9999
1.5708->2.44346,0.0766052,0.766044,11.3917
1550.7->5184,454.168,7.9999
Starting: V=1550.7->2004.87
Finished: V=1550.7->2004.87 A^3, 4665 unit cells tested, 169476 tests/s,   Elapsed time=0.027534s
Starting: V=2004.87->2459.04
Finished: V=2004.87->2459.04 A^3, 10114 unit cells tested, 160219 tests/s,   Elapsed time=0.063134s
Starting: V=2459.04->2913.21
Finished: V=2459.04->2913.21 A^3, 16697 unit cells tested, 155154 tests/s,   Elapsed time=0.107624s
Starting: V=2913.21->3367.38
Finished: V=2913.21->3367.38 A^3, 23554 unit cells tested, 146596 tests/s,   Elapsed time=0.160681s
Starting: V=3367.38->3821.54
Finished: V=3367.38->3821.54 A^3, 31317 unit cells tested, 140367 tests/s,   Elapsed time=0.223116s
Starting: V=3821.54->4275.71
Finished: V=3821.54->4275.71 A^3, 39857 unit cells tested, 135868 tests/s,   Elapsed time=0.293359s
Starting: V=4275.71->4729.88
     a=23.51-23.54 b= 5.03- 5.05 c=41.14-41.17 alpha= 90.00- 90.00 beta= 96.08- 96.15 gamma= 90.00- 90.00 V=4837.39-4868.97level=5, indexed=1(0 sol.)
     a=0.04278-0.04273 b=0.19879-0.19790 c=0.02445-0.02443 alpha=0.10593-0.10713 beta=0.00000-0.00000 gamma=0.00000-0.00000level=5, indexed=1(0 sol.)
 Solution ? a= 23.504 b=  5.038 c= 41.015 alpha= 90.000 beta= 96.266 gamma= 90.000 V= 4827.21 score=  5.24 #   0
     a=23.52-23.55 b= 5.03- 5.05 c=41.15-41.18 alpha= 90.00- 90.00 beta= 96.22- 96.29 gamma= 90.00- 90.00 V=4838.64-4870.25level=5, indexed=1(1 sol.)
     a=0.04278-0.04273 b=0.19879-0.19790 c=0.02445-0.02443 alpha=0.10832-0.10952 beta=0.00000-0.00000 gamma=0.00000-0.00000level=5, indexed=1(1 sol.)
 Solution ? a= 23.501 b=  5.037 c= 41.009 alpha= 90.000 beta= 96.266 gamma= 90.000 V= 4825.48 score=  5.19 #   1
     a=23.51-23.54 b= 5.03- 5.05 c=41.08-41.11 alpha= 90.00- 90.00 beta= 96.08- 96.15 gamma= 90.00- 90.00 V=4830.44-4861.98level=5, indexed=1(2 sol.)
     a=0.04278-0.04273 b=0.19879-0.19790 c=0.02448-0.02446 alpha=0.10593-0.10713 beta=0.00000-0.00000 gamma=0.00000-0.00000level=5, indexed=1(2 sol.)
 Solution ? a= 23.504 b=  5.038 c= 41.015 alpha= 90.000 beta= 96.266 gamma= 90.000 V= 4827.21 score=  5.24 #   2
     a=23.52-23.55 b= 5.03- 5.05 c=41.09-41.12 alpha= 90.00- 90.00 beta= 96.22- 96.29 gamma= 90.00- 90.00 V=4831.69-4863.25level=5, indexed=1(3 sol.)
     a=0.04278-0.04273 b=0.19879-0.19790 c=0.02448-0.02446 alpha=0.10832-0.10952 beta=0.00000-0.00000 gamma=0.00000-0.00000level=5, indexed=1(3 sol.)
 Solution ? a= 23.501 b=  5.037 c= 41.009 alpha= 90.000 beta= 96.266 gamma= 90.000 V= 4825.48 score=  5.19 #   3
     a=23.52-23.55 b= 5.03- 5.05 c=41.16-41.19 alpha= 90.00- 90.00 beta= 96.36- 96.43 gamma= 90.00- 90.00 V=4839.93-4871.56level=5, indexed=1(4 sol.)
     a=0.04278-0.04273 b=0.19879-0.19790 c=0.02445-0.02443 alpha=0.11072-0.11192 beta=0.00000-0.00000 gamma=0.00000-0.00000level=5, indexed=1(4 sol.)
 Solution ? a= 23.501 b=  5.037 c= 41.009 alpha= 90.000 beta= 96.266 gamma= 90.000 V= 4825.48 score=  5.19 #   4
     a=23.52-23.55 b= 5.03- 5.05 c=41.10-41.13 alpha= 90.00- 90.00 beta= 96.36- 96.43 gamma= 90.00- 90.00 V=4832.98-4864.56level=5, indexed=1(5 sol.)
     a=0.04278-0.04273 b=0.19879-0.19790 c=0.02448-0.02446 alpha=0.11072-0.11192 beta=0.00000-0.00000 gamma=0.00000-0.00000level=5, indexed=1(5 sol.)
 Solution ? a= 23.501 b=  5.037 c= 41.009 alpha= 90.000 beta= 96.266 gamma= 90.000 V= 4825.48 score=  5.19 #   5
     a=23.46-23.49 b= 5.03- 5.05 c=41.21-41.24 alpha= 90.00- 90.00 beta= 96.22- 96.29 gamma= 90.00- 90.00 V=4834.33-4865.90level=5, indexed=1(6 sol.)
     a=0.04288-0.04283 b=0.19879-0.19790 c=0.02441-0.02439 alpha=0.10832-0.10952 beta=0.00000-0.00000 gamma=0.00000-0.00000level=5, indexed=1(6 sol.)
 Solution ? a= 23.501 b=  5.037 c= 41.009 alpha= 90.000 beta= 96.266 gamma= 90.000 V= 4825.48 score=  5.19 #   6
     a=23.46-23.49 b= 5.03- 5.05 c=41.15-41.18 alpha= 90.00- 90.00 beta= 96.22- 96.29 gamma= 90.00- 90.00 V=4827.38-4858.90level=5, indexed=1(8 sol.)
     a=0.04288-0.04283 b=0.19879-0.19790 c=0.02445-0.02443 alpha=0.10832-0.10952 beta=0.00000-0.00000 gamma=0.00000-0.00000level=5, indexed=1(8 sol.)
 Solution ? a= 23.501 b=  5.037 c= 41.009 alpha= 90.000 beta= 96.266 gamma= 90.000 V= 4825.48 score=  5.19 #   8
     a=23.46-23.49 b= 5.03- 5.05 c=41.09-41.12 alpha= 90.00- 90.00 beta= 96.22- 96.29 gamma= 90.00- 90.00 V=4820.45-4851.92level=5, indexed=1(9 sol.)
     a=0.04288-0.04283 b=0.19879-0.19790 c=0.02448-0.02446 alpha=0.10832-0.10952 beta=0.00000-0.00000 gamma=0.00000-0.00000level=5, indexed=1(9 sol.)
 Solution ? a= 23.504 b=  5.038 c= 41.015 alpha= 90.000 beta= 96.266 gamma= 90.000 V= 4827.21 score=  5.24 #   9
     a=23.47-23.50 b= 5.03- 5.05 c=41.16-41.19 alpha= 90.00- 90.00 beta= 96.36- 96.43 gamma= 90.00- 90.00 V=4828.66-4860.20level=5, indexed=1(10 sol.)
     a=0.04288-0.04283 b=0.19879-0.19790 c=0.02445-0.02443 alpha=0.11072-0.11192 beta=0.00000-0.00000 gamma=0.00000-0.00000level=5, indexed=1(10 sol.)
 Solution ? a= 23.501 b=  5.037 c= 41.009 alpha= 90.000 beta= 96.266 gamma= 90.000 V= 4825.48 score=  5.19 #  10
     a=23.47-23.50 b= 5.03- 5.05 c=41.10-41.13 alpha= 90.00- 90.00 beta= 96.36- 96.43 gamma= 90.00- 90.00 V=4821.73-4853.22level=5, indexed=1(11 sol.)
     a=0.04288-0.04283 b=0.19879-0.19790 c=0.02448-0.02446 alpha=0.11072-0.11192 beta=0.00000-0.00000 gamma=0.00000-0.00000level=5, indexed=1(11 sol.)
 Solution ? a= 23.501 b=  5.037 c= 41.009 alpha= 90.000 beta= 96.266 gamma= 90.000 V= 4825.48 score=  5.19 #  11
     a=23.48-23.52 b= 5.02- 5.04 c=45.09-45.15 alpha= 90.00- 90.00 beta=114.81-114.88 gamma= 90.00- 90.00 V=4824.37-4859.50level=5, indexed=1(13 sol.)
     a=0.04693-0.04687 b=0.19918-0.19822 c=0.02443-0.02441 alpha=0.41953-0.42073 beta=0.00000-0.00000 gamma=0.00000-0.00000level=5, indexed=1(13 sol.)
 Solution ? a= 23.501 b=  5.037 c= 44.985 alpha= 90.000 beta=115.020 gamma= 90.000 V= 4825.48 score=  5.19 #  13
     a=23.48-23.52 b= 5.02- 5.04 c=45.03-45.09 alpha= 90.00- 90.00 beta=114.81-114.88 gamma= 90.00- 90.00 V=4818.08-4853.15level=5, indexed=1(14 sol.)
     a=0.04693-0.04687 b=0.19918-0.19822 c=0.02446-0.02445 alpha=0.41953-0.42073 beta=0.00000-0.00000 gamma=0.00000-0.00000level=5, indexed=1(14 sol.)
 Solution ? a= 23.501 b=  5.037 c= 44.985 alpha= 90.000 beta=115.020 gamma= 90.000 V= 4825.48 score=  5.19 #  14
     a=23.50-23.55 b= 5.02- 5.04 c=45.09-45.15 alpha= 90.00- 90.00 beta=114.96-115.03 gamma= 90.00- 90.00 V=4823.98-4859.12level=5, indexed=1(15 sol.)
     a=0.04693-0.04687 b=0.19918-0.19822 c=0.02446-0.02445 alpha=0.42193-0.42312 beta=0.00000-0.00000 gamma=0.00000-0.00000level=5, indexed=1(15 sol.)
 Solution ? a= 23.501 b=  5.037 c= 44.985 alpha= 90.000 beta=115.020 gamma= 90.000 V= 4825.48 score=  5.19 #  15
     a=23.50-23.55 b= 5.02- 5.04 c=45.03-45.09 alpha= 90.00- 90.00 beta=114.96-115.03 gamma= 90.00- 90.00 V=4817.70-4852.78level=5, indexed=1(16 sol.)
     a=0.04693-0.04687 b=0.19918-0.19822 c=0.02449-0.02448 alpha=0.42193-0.42312 beta=0.00000-0.00000 gamma=0.00000-0.00000level=5, indexed=1(16 sol.)
 Solution ? a= 23.504 b=  5.038 c= 44.992 alpha= 90.000 beta=115.018 gamma= 90.000 V= 4827.22 score=  5.24 #  16
Finished: V=4275.71->4729.88 A^3, 51803 unit cells tested, 137046 tests/s,   Elapsed time=0.378003s
Starting: V=4729.88->5184
     a=23.51-23.54 b= 5.03- 5.05 c=41.14-41.17 alpha= 90.00- 90.00 beta= 96.08- 96.15 gamma= 90.00- 90.00 V=4837.39-4868.97level=5, indexed=1(17 sol.)
     a=0.04278-0.04273 b=0.19879-0.19790 c=0.02445-0.02443 alpha=0.10593-0.10713 beta=0.00000-0.00000 gamma=0.00000-0.00000level=5, indexed=1(17 sol.)
 Solution ? a= 23.504 b=  5.038 c= 41.015 alpha= 90.000 beta= 96.266 gamma= 90.000 V= 4827.21 score=  5.24 #  17
     a=23.52-23.55 b= 5.03- 5.05 c=41.15-41.18 alpha= 90.00- 90.00 beta= 96.22- 96.29 gamma= 90.00- 90.00 V=4838.64-4870.25level=5, indexed=1(18 sol.)
     a=0.04278-0.04273 b=0.19879-0.19790 c=0.02445-0.02443 alpha=0.10832-0.10952 beta=0.00000-0.00000 gamma=0.00000-0.00000level=5, indexed=1(18 sol.)
 Solution ? a= 23.501 b=  5.037 c= 41.009 alpha= 90.000 beta= 96.266 gamma= 90.000 V= 4825.48 score=  5.19 #  18
     a=23.51-23.54 b= 5.03- 5.05 c=41.08-41.11 alpha= 90.00- 90.00 beta= 96.08- 96.15 gamma= 90.00- 90.00 V=4830.44-4861.98level=5, indexed=1(19 sol.)
     a=0.04278-0.04273 b=0.19879-0.19790 c=0.02448-0.02446 alpha=0.10593-0.10713 beta=0.00000-0.00000 gamma=0.00000-0.00000level=5, indexed=1(19 sol.)
 Solution ? a= 23.504 b=  5.038 c= 41.015 alpha= 90.000 beta= 96.266 gamma= 90.000 V= 4827.21 score=  5.24 #  19
     a=23.52-23.55 b= 5.03- 5.05 c=41.09-41.12 alpha= 90.00- 90.00 beta= 96.22- 96.29 gamma= 90.00- 90.00 V=4831.69-4863.25level=5, indexed=1(20 sol.)
     a=0.04278-0.04273 b=0.19879-0.19790 c=0.02448-0.02446 alpha=0.10832-0.10952 beta=0.00000-0.00000 gamma=0.00000-0.00000level=5, indexed=1(20 sol.)
 Solution ? a= 23.501 b=  5.037 c= 41.009 alpha= 90.000 beta= 96.266 gamma= 90.000 V= 4825.48 score=  5.19 #  20
     a=23.52-23.55 b= 5.03- 5.05 c=41.16-41.19 alpha= 90.00- 90.00 beta= 96.36- 96.43 gamma= 90.00- 90.00 V=4839.93-4871.56level=5, indexed=1(21 sol.)
     a=0.04278-0.04273 b=0.19879-0.19790 c=0.02445-0.02443 alpha=0.11072-0.11192 beta=0.00000-0.00000 gamma=0.00000-0.00000level=5, indexed=1(21 sol.)
 Solution ? a= 23.501 b=  5.037 c= 41.009 alpha= 90.000 beta= 96.266 gamma= 90.000 V= 4825.48 score=  5.19 #  21
     a=23.52-23.55 b= 5.03- 5.05 c=41.10-41.13 alpha= 90.00- 90.00 beta= 96.36- 96.43 gamma= 90.00- 90.00 V=4832.98-4864.56level=5, indexed=1(22 sol.)
     a=0.04278-0.04273 b=0.19879-0.19790 c=0.02448-0.02446 alpha=0.11072-0.11192 beta=0.00000-0.00000 gamma=0.00000-0.00000level=5, indexed=1(22 sol.)
 Solution ? a= 23.501 b=  5.037 c= 41.009 alpha= 90.000 beta= 96.266 gamma= 90.000 V= 4825.48 score=  5.19 #  22
     a=23.46-23.49 b= 5.03- 5.05 c=41.21-41.24 alpha= 90.00- 90.00 beta= 96.22- 96.29 gamma= 90.00- 90.00 V=4834.33-4865.90level=5, indexed=1(23 sol.)
     a=0.04288-0.04283 b=0.19879-0.19790 c=0.02441-0.02439 alpha=0.10832-0.10952 beta=0.00000-0.00000 gamma=0.00000-0.00000level=5, indexed=1(23 sol.)
 Solution ? a= 23.501 b=  5.037 c= 41.009 alpha= 90.000 beta= 96.266 gamma= 90.000 V= 4825.48 score=  5.19 #  23
     a=23.46-23.49 b= 5.03- 5.05 c=41.15-41.18 alpha= 90.00- 90.00 beta= 96.22- 96.29 gamma= 90.00- 90.00 V=4827.38-4858.90level=5, indexed=1(25 sol.)
     a=0.04288-0.04283 b=0.19879-0.19790 c=0.02445-0.02443 alpha=0.10832-0.10952 beta=0.00000-0.00000 gamma=0.00000-0.00000level=5, indexed=1(25 sol.)
 Solution ? a= 23.501 b=  5.037 c= 41.009 alpha= 90.000 beta= 96.266 gamma= 90.000 V= 4825.48 score=  5.19 #  25
     a=23.46-23.49 b= 5.03- 5.05 c=41.09-41.12 alpha= 90.00- 90.00 beta= 96.22- 96.29 gamma= 90.00- 90.00 V=4820.45-4851.92level=5, indexed=1(26 sol.)
     a=0.04288-0.04283 b=0.19879-0.19790 c=0.02448-0.02446 alpha=0.10832-0.10952 beta=0.00000-0.00000 gamma=0.00000-0.00000level=5, indexed=1(26 sol.)
 Solution ? a= 23.504 b=  5.038 c= 41.015 alpha= 90.000 beta= 96.266 gamma= 90.000 V= 4827.21 score=  5.24 #  26
     a=23.47-23.50 b= 5.03- 5.05 c=41.16-41.19 alpha= 90.00- 90.00 beta= 96.36- 96.43 gamma= 90.00- 90.00 V=4828.66-4860.20level=5, indexed=1(27 sol.)
     a=0.04288-0.04283 b=0.19879-0.19790 c=0.02445-0.02443 alpha=0.11072-0.11192 beta=0.00000-0.00000 gamma=0.00000-0.00000level=5, indexed=1(27 sol.)
 Solution ? a= 23.501 b=  5.037 c= 41.009 alpha= 90.000 beta= 96.266 gamma= 90.000 V= 4825.48 score=  5.19 #  27
     a=23.47-23.50 b= 5.03- 5.05 c=41.10-41.13 alpha= 90.00- 90.00 beta= 96.36- 96.43 gamma= 90.00- 90.00 V=4821.73-4853.22level=5, indexed=1(28 sol.)
     a=0.04288-0.04283 b=0.19879-0.19790 c=0.02448-0.02446 alpha=0.11072-0.11192 beta=0.00000-0.00000 gamma=0.00000-0.00000level=5, indexed=1(28 sol.)
 Solution ? a= 23.501 b=  5.037 c= 41.009 alpha= 90.000 beta= 96.266 gamma= 90.000 V= 4825.48 score=  5.19 #  28
     a=23.48-23.52 b= 5.02- 5.04 c=45.09-45.15 alpha= 90.00- 90.00 beta=114.81-114.88 gamma= 90.00- 90.00 V=4824.37-4859.50level=5, indexed=1(30 sol.)
     a=0.04693-0.04687 b=0.19918-0.19822 c=0.02443-0.02441 alpha=0.41953-0.42073 beta=0.00000-0.00000 gamma=0.00000-0.00000level=5, indexed=1(30 sol.)
 Solution ? a= 23.501 b=  5.037 c= 44.985 alpha= 90.000 beta=115.020 gamma= 90.000 V= 4825.48 score=  5.19 #  30
     a=23.48-23.52 b= 5.02- 5.04 c=45.03-45.09 alpha= 90.00- 90.00 beta=114.81-114.88 gamma= 90.00- 90.00 V=4818.08-4853.15level=5, indexed=1(31 sol.)
     a=0.04693-0.04687 b=0.19918-0.19822 c=0.02446-0.02445 alpha=0.41953-0.42073 beta=0.00000-0.00000 gamma=0.00000-0.00000level=5, indexed=1(31 sol.)
 Solution ? a= 23.501 b=  5.037 c= 44.985 alpha= 90.000 beta=115.020 gamma= 90.000 V= 4825.48 score=  5.19 #  31
     a=23.50-23.55 b= 5.02- 5.04 c=45.09-45.15 alpha= 90.00- 90.00 beta=114.96-115.03 gamma= 90.00- 90.00 V=4823.98-4859.12level=5, indexed=1(32 sol.)
     a=0.04693-0.04687 b=0.19918-0.19822 c=0.02446-0.02445 alpha=0.42193-0.42312 beta=0.00000-0.00000 gamma=0.00000-0.00000level=5, indexed=1(32 sol.)
 Solution ? a= 23.501 b=  5.037 c= 44.985 alpha= 90.000 beta=115.020 gamma= 90.000 V= 4825.48 score=  5.19 #  32
     a=23.50-23.55 b= 5.02- 5.04 c=45.03-45.09 alpha= 90.00- 90.00 beta=114.96-115.03 gamma= 90.00- 90.00 V=4817.70-4852.78level=5, indexed=1(33 sol.)
     a=0.04693-0.04687 b=0.19918-0.19822 c=0.02449-0.02448 alpha=0.42193-0.42312 beta=0.00000-0.00000 gamma=0.00000-0.00000level=5, indexed=1(33 sol.)
 Solution ? a= 23.504 b=  5.038 c= 44.992 alpha= 90.000 beta=115.018 gamma= 90.000 V= 4827.22 score=  5.24 #  33
    a=23.37-23.48 b=10.31-10.35 c=24.74-24.84 alpha= 90.00- 90.00 beta=124.15-124.32 gamma= 90.00- 90.00 V=4932.77-4988.32level=4, indexed=1(34 sol.)
    a=0.05171-0.05157 b=0.09697-0.09657 c=0.04885-0.04873 alpha=0.56137-0.56377 beta=0.00000-0.00000 gamma=0.00000-0.00000level=4, indexed=1(34 sol.)
 Solution ? a= 23.495 b= 10.339 c= 24.811 alpha= 90.000 beta=124.485 gamma= 90.000 V= 4967.63 score=  5.79 #  34
     a=23.43-23.49 b=10.34-10.37 c=24.81-24.86 alpha= 90.00- 90.00 beta=124.44-124.52 gamma= 90.00- 90.00 V=4958.93-4986.84level=5, indexed=1(35 sol.)
     a=0.05175-0.05168 b=0.09667-0.09647 c=0.04888-0.04882 alpha=0.56556-0.56676 beta=0.00000-0.00000 gamma=0.00000-0.00000level=5, indexed=1(35 sol.)
 Solution ? a= 23.494 b= 10.330 c= 24.881 alpha= 90.000 beta=124.630 gamma= 90.000 V= 4968.61 score=  6.37 #  35
     a=23.43-23.49 b=10.30-10.32 c=24.87-24.92 alpha= 90.00- 90.00 beta=124.44-124.52 gamma= 90.00- 90.00 V=4950.42-4978.26level=5, indexed=1(36 sol.)
     a=0.05175-0.05168 b=0.09707-0.09687 c=0.04876-0.04870 alpha=0.56556-0.56676 beta=0.00000-0.00000 gamma=0.00000-0.00000level=5, indexed=1(36 sol.)
 Solution ? a= 23.504 b= 10.328 c= 24.945 alpha= 90.000 beta=124.639 gamma= 90.000 V= 4982.26 score=  5.24 #  36
     a=23.43-23.49 b=10.30-10.32 c=24.81-24.86 alpha= 90.00- 90.00 beta=124.44-124.52 gamma= 90.00- 90.00 V=4938.48-4966.23level=5, indexed=1(37 sol.)
     a=0.05175-0.05168 b=0.09707-0.09687 c=0.04888-0.04882 alpha=0.56556-0.56676 beta=0.00000-0.00000 gamma=0.00000-0.00000level=5, indexed=1(37 sol.)
 Solution ? a= 23.494 b= 10.330 c= 24.881 alpha= 90.000 beta=124.630 gamma= 90.000 V= 4968.61 score=  6.37 #  37
    a=23.46-23.57 b=10.31-10.35 c=24.71-24.82 alpha= 90.00- 90.00 beta=124.48-124.65 gamma= 90.00- 90.00 V=4928.54-4984.14level=4, indexed=1(38 sol.)
    a=0.05171-0.05157 b=0.09697-0.09657 c=0.04909-0.04897 alpha=0.56616-0.56855 beta=0.00000-0.00000 gamma=0.00000-0.00000level=4, indexed=1(38 sol.)
 Solution ? a= 23.494 b= 10.330 c= 24.881 alpha= 90.000 beta=124.630 gamma= 90.000 V= 4968.61 score=  6.37 #  38
Finished: V=4729.88->5184 A^3, 65561 unit cells tested, 138542 tests/s,   Elapsed time=0.47323s
build/fast-x86_64/objcryst/ObjCryst/ObjCryst/Indexing.cpp:2602 Solution ? a=23.4941, b=10.3299, c=24.8808, alpha=90, beta=124.63, gamma=90, V=4968.61, score=6.36902
build/fast-x86_64/objcryst/ObjCryst/ObjCryst/Indexing.cpp:2602 Solution ? a=23.4949, b=10.3387, c=24.8106, alpha=90, beta=124.485, gamma=90, V=4967.63, score=5.79397
build/fast-x86_64/objcryst/ObjCryst/ObjCryst/Indexing.cpp:2602 Solution ? a=23.5038, b=10.3285, c=24.9451, alpha=90, beta=124.639, gamma=90, V=4982.26, score=5.24177
build/fast-x86_64/objcryst/ObjCryst/ObjCryst/Indexing.cpp:2602 Solution ? a=23.5036, b=5.03753, c=41.0153, alpha=90, beta=96.2655, gamma=90, V=4827.21, score=5.23947
build/fast-x86_64/objcryst/ObjCryst/ObjCryst/Indexing.cpp:2602 Solution ? a=23.5036, b=5.03753, c=44.9918, alpha=90, beta=115.018, gamma=90, V=4827.22, score=5.23947
build/fast-x86_64/objcryst/ObjCryst/ObjCryst/Indexing.cpp:2602 Solution ? a=23.5083, b=4.88955, c=44.3206, alpha=90, beta=111.903, gamma=90, V=4726.71, score=4.05834
build/fast-x86_64/objcryst/ObjCryst/ObjCryst/Indexing.cpp:2602 Solution ? a=23.4513, b=5.04924, c=41.3211, alpha=90, beta=96.397, gamma=90, V=4862.44, score=3.7445
build/fast-x86_64/objcryst/ObjCryst/ObjCryst/Indexing.cpp:2609 BEST ? a=23.4941, b=10.3299, c=24.8808, alpha=90, beta=124.63, gamma=90, V=4968.61, score=6.36902
65561unit cells tested, 138395 tests/s,   Elapsed time=0.473729s
DONE X263b09a MONOCLINIC C 7 0.47403788566589355 [{'cell': [23.49406623840332, 10.329931259155273, 24.880849838256836, 90.00000250447816, 124.63016125689919, 90.00000250447816], 'volume': 4968.60986328125, 'score': 6.369017601013184, 'system': 'MONOCLINIC', 'centering': 'C', 'mode': 2}, {'cell': [23.494924545288086, 10.338712692260742, 24.810646057128906, 90.00000250447816, 124.48515634081981, 90.00000250447816], 'volume': 4967.63427734375, 'score': 5.7939677238464355, 'system': 'MONOCLINIC', 'centering': 'C', 'mode': 2}, {'cell': [23.5037784576416, 10.328492164611816, 24.94514274597168, 90.00000250447816, 124.63928638963033, 90.00000250447816], 'volume': 4982.2646484375, 'score': 5.241770267486572, 'system': 'MONOCLINIC', 'centering': 'C', 'mode': 2}, {'cell': [23.503616333007812, 5.037533283233643, 41.01530456542969, 90.00000250447816, 96.26554676599514, 90.00000250447816], 'volume': 4827.21484375, 'score': 5.239467144012451, 'system': 'MONOCLINIC', 'centering': 'C', 'mode': 2}, {'cell': [23.503616333007812, 5.037533283233643, 44.99176025390625, 90.00000250447816, 115.01828192475037, 90.00000250447816], 'volume': 4827.2158203125, 'score': 5.239466667175293, 'system': 'MONOCLINIC', 'centering': 'C', 'mode': 2}]
