START 0.06799819867933668 3302.6537863659896
Imported powder pattern: 7120 points, 2theta=  3.810 ->  75.000, step= 0.010
EXTENDED 0.4 7120 Rw 0.055590510547963295
WITH_H 0.05473225571090903 6810862.077867753
Imported powder pattern: 7120 points, 2theta=  3.810 ->  75.000, step= 0.010
SCALED_SIGMA 30.928655847118797 7120.000000000028
TIGHT_RESTRAINTS
FLEXIBLE_RINGS
AROMATIC_PLANARITY 0
LSQ_PACKING 36 atoms 1784 terms sigma 0.01 cost 0.0
EXTENDED_BACKGROUND 0.05346967709237035
CYCLE 0 0 Rw 0.05218965418747609 chi2 6473.842618990935 geom 47.98104954320966 LSQ 6695.224242850296
CYCLE 0 1 Rw 0.052156767125579796 chi2 6465.686267488412 geom 47.98104954320966 LSQ 6685.143665925938
CYCLE 0 2 Rw 0.05214801030354971 chi2 6463.515346471815 geom 47.98104954320966 LSQ 6681.963526789989
PACKING_STAGE 0 0.0
CYCLE 1 0 Rw 0.04543458998099724 chi2 4906.440372906909 geom 528.4462975084435 LSQ 5943.533855320047
CYCLE 1 1 Rw 0.04425890621618515 chi2 4655.803609963314 geom 655.8667132710837 LSQ 5843.377304519157
CYCLE 1 2 Rw 0.04389743445412925 chi2 4580.0643199593715 geom 418.17506389172974 LSQ 5477.638826787732
PACKING_STAGE 1 0.0
CYCLE 2 0 Rw 0.04369229013531402 chi2 4537.356642509869 geom 399.93654007646023 LSQ 5422.658802665084
CYCLE 2 1 Rw 0.0435104221026893 chi2 4499.661997243968 geom 393.2487573127978 LSQ 5364.728028186084
CYCLE 2 2 Rw 0.04341715838420167 chi2 4480.392800197711 geom 392.10506775562567 LSQ 5339.480267049863
PACKING_STAGE 2 0.0
CYCLE 3 0 Rw 0.04309818393086241 chi2 4414.802090312577 geom 392.56494423958316 LSQ 5261.937778357873
CYCLE 3 1 Rw 0.041368787763049225 chi2 4067.606088450373 geom 454.17349965534123 LSQ 5093.6394706953315
CYCLE 3 2 Rw 0.0406981080324283 chi2 3936.785383034463 geom 437.5016738831451 LSQ 4877.982955576502
PACKING_STAGE 3 0.0
FINISHED X263b09a 0.0406981080324283
