START 0.18525130851323418 85943.22572520422
ObjRegistry<T>::Find(H): Not found !!
List of Crystal ScatteringPowers :4 object registered:
#  0:ScatteringPowerAtom(C)
#  1:ScatteringPowerAtom(O)
#  2:ScatteringPowerAtom(N)
#  3:ScatteringPowerAtom(Cl)
Imported powder pattern: 6145 points, 2theta=  3.810 ->  65.250, step= 0.010
EXTENDED 0.35 6145 Rw 0.18521688570010716
WITH_H 0.18511976559823032 73595374.95456673
Imported powder pattern: 6145 points, 2theta=  3.810 ->  65.250, step= 0.010
SCALED_SIGMA 109.43703485555831 6145.000000000016
TIGHT_RESTRAINTS
FLEXIBLE_RINGS
AROMATIC_PLANARITY 0
LSQ_PACKING 36 atoms 1784 terms sigma 0.025 cost 106.39960671088477
EXTENDED_BACKGROUND 0.16156305482896108
CYCLE 0 0 Rw 0.1605237922688834 chi2 4620.565446389533 geom 249.50211079686122 LSQ 5143.155943304759
CYCLE 0 1 Rw 0.16042749653485608 chi2 4615.023498015845 geom 249.50211079686122 LSQ 5136.59646211256
CYCLE 0 2 Rw 0.16038648792140178 chi2 4612.664407087599 geom 249.50211079686122 LSQ 5134.792207446734
PACKING_STAGE 0 122.15774585780628
CYCLE 1 0 Rw 0.15259732122707667 chi2 4175.515724605843 geom 172.94994797822426 LSQ 4556.462515442932
CYCLE 1 1 Rw 0.14883154449798494 chi2 3971.9729405558483 geom 23.687049688138902 LSQ 4157.9569628966765
CYCLE 1 2 Rw 0.14670230419629915 chi2 3859.1368031035445 geom 10.59582733637702 LSQ 4006.152980801674
PACKING_STAGE 1 32.022585444891526
CYCLE 2 0 Rw 0.1455263311753711 chi2 3797.5147119359244 geom 9.626391308416691 LSQ 3940.1513009355167
CYCLE 2 1 Rw 0.1453977743564984 chi2 3790.808286059477 geom 10.16196230986265 LSQ 3935.2848413691645
CYCLE 2 2 Rw 0.14522370152837583 chi2 3781.7368719472406 geom 10.051480623453799 LSQ 3927.2644850720626
PACKING_STAGE 2 37.92770230384383
CYCLE 3 0 Rw 0.14080922196818413 chi2 3555.3184083369156 geom 10.282153803445384 LSQ 3711.030428748086
CYCLE 3 1 Rw 0.13910686100729142 chi2 3469.871607468113 geom 10.112536312044138 LSQ 3610.390825601563
CYCLE 3 2 Rw 0.1380131177595867 chi2 3415.5216103013345 geom 9.31579287310908 LSQ 3556.6593152177757
PACKING_STAGE 3 36.004148971834496
FINISHED X263b09a 0.1380131177595867
