START 0.12432256594155106 7494.064162513249
Imported powder pattern: 6786 points, 2theta=  3.810 ->  71.660, step= 0.010
EXTENDED 0.38 6786 Rw 0.118756085952402
WITH_H 0.11842364599965928 31280278.690587845
Imported powder pattern: 6786 points, 2theta=  3.810 ->  71.660, step= 0.010
SCALED_SIGMA 67.89352837490625 6786.000000000001
TIGHT_RESTRAINTS
FLEXIBLE_RINGS
AROMATIC_PLANARITY 0
LSQ_PACKING 36 atoms 1784 terms sigma 0.01 cost 857.6040695799638
EXTENDED_BACKGROUND 0.09489251560735681
CYCLE 0 0 Rw 0.09454428954514056 chi2 4325.214047700666 geom 13.913511489647885 LSQ 5192.664742796265
CYCLE 0 1 Rw 0.09464499951136147 chi2 4334.433518539668 geom 13.913511489647885 LSQ 5163.052411770841
CYCLE 0 2 Rw 0.09455182641051063 chi2 4325.903668522255 geom 13.913511489647885 LSQ 5156.409948162068
PACKING_STAGE 0 712.2801072657264
CYCLE 1 0 Rw 0.07582145967229552 chi2 2781.770398769663 geom 213.86263152774114 LSQ 3375.490946544219
CYCLE 1 1 Rw 0.0680186546558725 chi2 2238.685441505841 geom 56.60747724329289 LSQ 2538.653638843257
CYCLE 1 2 Rw 0.06264998578857299 chi2 1899.236084774744 geom 50.647943622522845 LSQ 2153.8918707003418
PACKING_STAGE 1 11.377441610746251
CYCLE 2 0 Rw 0.05955088373862511 chi2 1715.9847389028187 geom 128.42625407655768 LSQ 2025.134499913393
CYCLE 2 1 Rw 0.057666710634542796 chi2 1609.1160198697266 geom 35.01883970516661 LSQ 1812.9257860463633
CYCLE 2 2 Rw 0.05721839813098305 chi2 1584.1940945174413 geom 51.616285526353956 LSQ 1790.1763062082714
PACKING_STAGE 2 1.3504106673557403
CYCLE 3 0 Rw 0.05454810423344344 chi2 1439.7806180053965 geom 37.2402032054941 LSQ 1638.7241513588847
CYCLE 3 1 Rw 0.0533662055377462 chi2 1378.064828352057 geom 26.975818241684745 LSQ 1558.4994390342954
CYCLE 3 2 Rw 0.05228016132128406 chi2 1322.546155868128 geom 31.16942986839553 LSQ 1522.2849789545585
PACKING_STAGE 3 1.3125854100689294
FINISHED X263b09a 0.05228016132128406
