START 0.12071697741151241 36494.36295890721
ObjRegistry<T>::Find(H): Not found !!
List of Crystal ScatteringPowers :4 object registered:
#  0:ScatteringPowerAtom(C)
#  1:ScatteringPowerAtom(O)
#  2:ScatteringPowerAtom(N)
#  3:ScatteringPowerAtom(Cl)
WITH_H 0.11830365837361444 35049.79087766733
Imported powder pattern: 6786 points, 2theta=  3.810 ->  71.660, step= 0.010
SCALED_SIGMA 2.2726669059843845 6785.999999999992
TIGHT_RESTRAINTS
FLEXIBLE_RINGS
AROMATIC_PLANARITY 0
LSQ_PACKING 36 atoms 1784 terms sigma 0.01 cost 6430.8117969319555
CYCLE 0 0 Rw 0.12119198166536749 chi2 7121.398348495091 geom 314.7141508572974 LSQ 8059.274436793914
CYCLE 0 1 Rw 0.12170502158841214 chi2 7181.81975410482 geom 314.7141508572974 LSQ 7760.839200377616
CYCLE 0 2 Rw 0.12167179070238861 chi2 7177.898376853163 geom 314.7141508572974 LSQ 7746.872919152973
PACKING_STAGE 0 80.39090549792412
CYCLE 1 0 Rw 0.11627589539370208 chi2 6555.3651926096145 geom 19.9316675112093 LSQ 6760.510338012104
CYCLE 1 1 Rw 0.11316556144741637 chi2 6209.349004350665 geom 94.2383349231988 LSQ 6536.954115742717
CYCLE 1 2 Rw 0.11236823304886161 chi2 6122.159067080106 geom 21.133394342036475 LSQ 6340.15997326817
PACKING_STAGE 1 28.686478655820245
CYCLE 2 0 Rw 0.11027566711747849 chi2 5896.2636306748145 geom 28.02170446089745 LSQ 6121.005498609621
CYCLE 2 1 Rw 0.10481440739191643 chi2 5326.7151379253155 geom 44.44135389073673 LSQ 5674.030986983738
CYCLE 2 2 Rw 0.10316595293578673 chi2 5160.482313134296 geom 51.47507052531831 LSQ 5444.384865274025
PACKING_STAGE 2 20.742366962383706
CYCLE 3 0 Rw 0.09978861161135684 chi2 4828.135680372531 geom 21.528444455290547 LSQ 5035.903975192571
CYCLE 3 1 Rw 0.09814114601595116 chi2 4670.030917761506 geom 19.29303808685855 LSQ 4893.378179766962
CYCLE 3 2 Rw 0.09639882245640392 chi2 4505.686424715249 geom 17.65027226535637 LSQ 4695.001697659505
PACKING_STAGE 3 16.298782753444613
FINISHED X263b09a 0.09639882245640392
