START 0.10338924562115563 5182.8448692950415
Imported powder pattern: 7120 points, 2theta=  3.810 ->  75.000, step= 0.010
EXTENDED 0.4 7120 Rw 0.10010808664814898
WITH_H 0.09984029999724923 22663508.633647516
Imported powder pattern: 7120 points, 2theta=  3.810 ->  75.000, step= 0.010
SCALED_SIGMA 56.41876509892407 7120.000000000041
TIGHT_RESTRAINTS
FLEXIBLE_RINGS
AROMATIC_PLANARITY 0
LSQ_PACKING 36 atoms 1784 terms sigma 0.01 cost 2.4106545364421788
EXTENDED_BACKGROUND 0.0718731961210268
CYCLE 0 0 Rw 0.06703691315101407 chi2 3209.935126392024 geom 15.000824420537144 LSQ 3408.475443114519
CYCLE 0 1 Rw 0.06573863961586267 chi2 3086.8083352119957 geom 15.000824420537144 LSQ 3250.638146881657
CYCLE 0 2 Rw 0.06515978718792383 chi2 3032.6867479072102 geom 15.000824420537144 LSQ 3180.2294065170418
PACKING_STAGE 0 1.1011380152144383
CYCLE 1 0 Rw 0.060488751073968575 chi2 2613.469729663223 geom 37.84299439124423 LSQ 2811.385805411485
CYCLE 1 1 Rw 0.0559439201984877 chi2 2235.4966866174195 geom 288.69065013528325 LSQ 2768.408555957959
CYCLE 1 2 Rw 0.05425144874973536 chi2 2102.281746644937 geom 86.82126739149555 LSQ 2395.75987959818
PACKING_STAGE 1 0.0
CYCLE 2 0 Rw 0.05351049343456103 chi2 2045.248818837177 geom 119.28591351236638 LSQ 2381.4473757591536
CYCLE 2 1 Rw 0.053124883299039305 chi2 2015.8778692942165 geom 129.90955914994527 LSQ 2359.201376737473
CYCLE 2 2 Rw 0.05288308654577884 chi2 1997.5691813938267 geom 132.878515115797 LSQ 2345.74279421309
PACKING_STAGE 2 0.0
CYCLE 3 0 Rw 0.04980745151836155 chi2 1771.9721051965378 geom 122.20481735942171 LSQ 2125.521925458983
CYCLE 3 1 Rw 0.048766460769750414 chi2 1698.6766405203612 geom 160.05219826350063 LSQ 2101.9977699805017
CYCLE 3 2 Rw 0.04876846362676216 chi2 1698.8161739714778 geom 96.55233562264773 LSQ 2005.7209209956268
PACKING_STAGE 3 0.0
FINISHED X263b09a 0.04876846362676216
