START 0.04069775964095293 3936.7186745989725
Imported powder pattern: 7120 points, 2theta=  3.810 ->  75.000, step= 0.010
EXTENDED 0.4 7120 Rw 0.04069775658154327
WITH_H 0.04069775658154327 3765792.0206812816
Imported powder pattern: 7120 points, 2theta=  3.810 ->  75.000, step= 0.010
SCALED_SIGMA 22.99789933213882 7120.000000000056
TIGHT_RESTRAINTS
FLEXIBLE_RINGS
AROMATIC_PLANARITY 0
LSQ_PACKING 36 atoms 1784 terms sigma 0.01 cost 0.0
EXTENDED_BACKGROUND 0.040272487327953965
CYCLE 0 0 Rw 0.04014671499310453 chi2 6928.497804258882 geom 2353.540151162212 LSQ 10066.509503113408
CYCLE 0 1 Rw 0.040137333413748665 chi2 6925.260047083814 geom 2353.540151162212 LSQ 10062.079403598804
CYCLE 0 2 Rw 0.04013323439378581 chi2 6923.8456367447125 geom 2353.540151162212 LSQ 10060.094433379616
PACKING_STAGE 0 0.0
CYCLE 1 0 Rw 0.04090767037822253 chi2 7193.6375073246145 geom 1203.3496951224738 LSQ 9148.888701080552
CYCLE 1 1 Rw 0.04088004521670118 chi2 7183.9249866123 geom 1130.8104646505765 LSQ 9029.201530146445
CYCLE 1 2 Rw 0.04092714179008548 chi2 7200.48725520973 geom 1109.1352013070034 LSQ 9005.690136792056
PACKING_STAGE 1 0.0
CYCLE 2 0 Rw 0.04090239467274382 chi2 7191.782155248694 geom 1072.6997041724062 LSQ 8957.315407749124
CYCLE 2 1 Rw 0.040896045472182264 chi2 7189.54959533889 geom 1059.9344942555601 LSQ 8938.420118287355
CYCLE 2 2 Rw 0.040876676897382454 chi2 7182.741193575862 geom 1052.1684074353093 LSQ 8921.209224235372
PACKING_STAGE 2 0.0
CYCLE 3 0 Rw 0.04080970220042317 chi2 7159.22324390313 geom 1044.2475918607606 LSQ 8885.858766995287
CYCLE 3 1 Rw 0.040689486148869705 chi2 7117.106499112173 geom 1040.0830786165861 LSQ 8841.991958371342
CYCLE 3 2 Rw 0.040634815722110244 chi2 7097.994247174224 geom 1033.954213906093 LSQ 8814.354059576617
PACKING_STAGE 3 0.0
FINISHED X263b09a 0.040634815722110244
