Imported powder pattern: 3984 points, 2theta=  5.470 ->  45.300, step= 0.010
STARTFIT X4f6fe58 0 Rw 0.03424420122418922
Lookup of '' symbol failed, trying as Hall symbol.
Could not interpret Spacegroup Symbol:
ERRORSG A 1 Space group symbol '' not recognized
Lookup of '' symbol failed, trying as Hall symbol.
Could not interpret Spacegroup Symbol:
ERRORSG B 1 Space group symbol '' not recognized
Lookup of '' symbol failed, trying as Hall symbol.
Could not interpret Spacegroup Symbol:
ERRORSG C 1 Space group symbol '' not recognized
Lookup of '' symbol failed, trying as Hall symbol.
Could not interpret Spacegroup Symbol:
ERRORSG F 1 Space group symbol '' not recognized
Lookup of '' symbol failed, trying as Hall symbol.
Could not interpret Spacegroup Symbol:
ERRORSG I 1 Space group symbol '' not recognized
Lookup of '' symbol failed, trying as Hall symbol.
Could not interpret Spacegroup Symbol:
ERRORSG A -1 Space group symbol '' not recognized
Lookup of '' symbol failed, trying as Hall symbol.
Could not interpret Spacegroup Symbol:
ERRORSG B -1 Space group symbol '' not recognized
Lookup of '' symbol failed, trying as Hall symbol.
Could not interpret Spacegroup Symbol:
ERRORSG C -1 Space group symbol '' not recognized
Lookup of '' symbol failed, trying as Hall symbol.
Could not interpret Spacegroup Symbol:
ERRORSG F -1 Space group symbol '' not recognized
Lookup of '' symbol failed, trying as Hall symbol.
Could not interpret Spacegroup Symbol:
ERRORSG I -1 Space group symbol '' not recognized
GROUPS [{"sg": "P 1", "number": 1, "Rw": 4.216245368349747, "GoF": 1969.3661255173743, "nGoF": 1132.7470553562616, "mult": 1}, {"sg": "P -1", "number": 2, "Rw": 4.216245368349747, "GoF": 1969.3661255173743, "nGoF": 1132.7470553562612, "mult": 2}]
DONE X4f6fe58 0 0.0332905465894755 [7.555477033684864, 13.072865019837627, 15.417504879610412, 72.25496173074335, 83.44145094599322, 77.58872908217276]
