HEAVY 0 best 802.04248046875 q25 802.0426 elapsed 15.212662696838379
HEAVY 1 best 802.04248046875 q25 802.0426 elapsed 26.273374319076538
HEAVY 2 best 802.04248046875 q25 802.0426 elapsed 37.511559009552
HEAVY 3 best 802.04248046875 q25 802.0426 elapsed 49.398414850234985
HEAVY 4 best 802.04248046875 q25 802.0426 elapsed 62.081042528152466
HEAVY 5 best 802.04248046875 q25 802.0426 elapsed 74.57630562782288
HEAVY 6 best 802.04248046875 q25 802.0426 elapsed 85.18867301940918
HEAVY 7 best 802.04248046875 q25 802.0426 elapsed 95.03045463562012
HEAVY 8 best 802.04248046875 q25 802.0426 elapsed 105.33238482475281
HEAVY 9 best 802.04248046875 q25 802.0426 elapsed 115.79892778396606
HEAVY 10 best 802.04248046875 q25 802.0426 elapsed 126.2767744064331
HEAVY 11 best 802.04248046875 q25 802.0426 elapsed 136.8356535434723
HEAVY 12 best 802.04248046875 q25 802.0426 elapsed 147.20988583564758
HEAVY 13 best 802.04248046875 q25 802.0426 elapsed 158.38194632530212
HEAVY 14 best 802.04248046875 q25 802.0426 elapsed 169.4100706577301
HEAVY 15 best 802.04248046875 q25 802.0426 elapsed 175.9115114212036
HEAVY 16 best 802.04248046875 q25 802.0426 elapsed 182.19055819511414
HEAVY 17 best 802.04248046875 q25 802.0426 elapsed 188.41733932495117
HEAVY 18 best 802.04248046875 q25 802.0426 elapsed 194.69586277008057
HEAVY 19 best 802.04248046875 q25 802.0426 elapsed 201.0875279903412
HEAVY 20 best 802.04248046875 q25 802.0426 elapsed 207.23202562332153
HEAVY 21 best 802.04248046875 q25 802.0426 elapsed 213.5751187801361
HEAVY 22 best 802.04248046875 q25 802.0426 elapsed 220.33738470077515
HEAVY 23 best 802.04248046875 q25 802.0426 elapsed 228.10556936264038
HEAVY 24 best 802.04248046875 q25 802.0426 elapsed 237.03613662719727
HEAVY 25 best 802.04248046875 q25 802.0426 elapsed 246.01629376411438
HEAVY 26 best 802.04248046875 q25 802.0426 elapsed 255.126300573349
HEAVY 27 best 802.04248046875 q25 802.0426 elapsed 264.13280606269836
HEAVY 28 best 802.04248046875 q25 802.0426 elapsed 273.7945747375488
HEAVY 29 best 802.04248046875 q25 802.0426 elapsed 283.6157765388489
HEAVY 30 best 802.04248046875 q25 802.0426 elapsed 293.28786516189575
HEAVY 31 best 802.04248046875 q25 802.0426 elapsed 302.8175456523895
HEAVY 32 best 802.04248046875 q25 802.0426 elapsed 312.0981912612915
HEAVY 33 best 802.04248046875 q25 802.0426 elapsed 321.41639828681946
HEAVY 34 best 802.04248046875 q25 802.0426 elapsed 330.47555780410767
HEAVY 35 best 802.04248046875 q25 802.0426 elapsed 339.19559240341187
HEAVY 36 best 802.04248046875 q25 802.0426 elapsed 346.5164511203766
HEAVY 37 best 802.04248046875 q25 802.0426 elapsed 353.9077727794647
