X4f6fe58 TRICLINIC P 3 peaks [5.96476, 10.60037, 11.94569, 12.83632, 13.92251, 15.1214, 16.26958, 16.89549, 17.18998, 18.42582, 19.36, 19.55, 19.78922, 20.3318, 20.96698, 21.65464, 22.21993, 22.75842] V 365.3122253417969 1440 Lmax 31.61881057040255
3->31.6188,1.14476,24.9999
1.5708->2.35619,0.0785683,0.707107,9.99638
365.312->1440,358.241,2.9999
Starting: V=365.312->723.553
Finished: V=365.312->723.553 A^3, 146868 unit cells tested, 566942 tests/s,   Elapsed time=0.259061s
Starting: V=723.553->1081.79
    a=14.94-14.98 b= 8.33- 8.37 c= 6.89- 6.93 alpha= 92.80- 93.14 beta= 88.69- 88.77 gamma= 95.69- 95.88 V=852.24-863.77level=4, indexed=1(0 sol.)
    a=0.00453-0.00450 b=0.01459-0.01445 c=0.02110-0.02088 alpha=0.00160-0.00164 beta=0.00165-0.00184 gamma=-0.00036--0.00031level=4, indexed=1(0 sol.)
 Solution ? a= 14.998 b=  8.345 c=  6.873 alpha= 92.906 beta= 88.793 gamma= 95.801 V=  854.56 score=  4.18 #   0
    a=14.95-14.99 b= 8.33- 8.38 c= 6.89- 6.93 alpha= 92.81- 93.15 beta= 88.67- 88.76 gamma= 95.98- 96.18 V=852.68-864.25level=4, indexed=1(1 sol.)
    a=0.00453-0.00450 b=0.01459-0.01445 c=0.02110-0.02088 alpha=0.00168-0.00172 beta=0.00165-0.00184 gamma=-0.00036--0.00031level=4, indexed=1(1 sol.)
 Solution ? a= 14.998 b=  8.345 c=  6.873 alpha= 92.906 beta= 88.793 gamma= 95.801 V=  854.56 score=  4.18 #   1
     a=14.90-14.92 b= 8.54- 8.57 c= 7.97- 7.99 alpha=101.63-101.86 beta= 86.60- 86.62 gamma= 97.29- 97.39 V=984.14-991.00level=5, indexed=1(2 sol.)
     a=0.00458-0.00457 b=0.01449-0.01442 c=0.01645-0.01638 alpha=0.00192-0.00194 beta=0.00605-0.00615 gamma=-0.00060--0.00058level=5, indexed=1(2 sol.)
 Solution ? a= 14.904 b=  8.513 c=  7.971 alpha=101.824 beta= 86.613 gamma= 97.416 V=  981.10 score=  4.26 #   2
    a=15.48-15.54 b= 8.81- 8.89 c= 8.46- 8.51 alpha=102.80-103.33 beta= 80.83- 80.76 gamma=105.04-105.36 V=1080.35-1097.19level=4, indexed=1(3 sol.)
    a=0.00453-0.00450 b=0.01431-0.01417 c=0.01487-0.01473 alpha=0.00375-0.00379 beta=0.00552-0.00571 gamma=-0.00178--0.00173level=4, indexed=1(3 sol.)
 Solution ? a= 15.623 b=  8.870 c=  8.491 alpha=103.013 beta= 80.689 gamma=105.177 V= 1099.89 score=  4.97 #   3
    a=14.87-14.92 b=10.25-10.29 c= 6.90- 6.94 alpha= 93.35- 93.61 beta= 91.97- 92.11 gamma= 90.70- 90.86 V=1049.11-1061.76level=4, indexed=1(4 sol.)
    a=0.00453-0.00450 b=0.00956-0.00949 c=0.02110-0.02088 alpha=0.00019-0.00023 beta=0.00167-0.00179 gamma=0.00069-0.00073level=4, indexed=1(4 sol.)
 Solution ? a= 14.909 b= 10.291 c=  6.943 alpha= 93.476 beta= 92.069 gamma= 91.017 V= 1062.28 score=  4.17 #   4
    a=14.79-14.83 b=10.25-10.29 c= 6.90- 6.94 alpha= 93.34- 93.60 beta= 91.66- 91.80 gamma= 91.07- 91.24 V=1043.20-1055.75level=4, indexed=1(5 sol.)
    a=0.00458-0.00455 b=0.00956-0.00949 c=0.02110-0.02088 alpha=0.00027-0.00031 beta=0.00167-0.00179 gamma=0.00059-0.00064level=4, indexed=1(5 sol.)
 Solution ? a= 14.909 b= 10.291 c=  6.943 alpha= 93.476 beta= 92.069 gamma= 91.017 V= 1062.28 score=  4.17 #   5
    a=14.79-14.83 b=10.25-10.29 c= 6.90- 6.94 alpha= 93.34- 93.59 beta= 91.94- 92.08 gamma= 91.05- 91.22 V=1043.36-1055.92level=4, indexed=1(6 sol.)
    a=0.00458-0.00455 b=0.00956-0.00949 c=0.02110-0.02088 alpha=0.00027-0.00031 beta=0.00167-0.00179 gamma=0.00069-0.00073level=4, indexed=1(6 sol.)
 Solution ? a= 14.909 b= 10.291 c=  6.943 alpha= 93.476 beta= 92.069 gamma= 91.017 V= 1062.28 score=  4.17 #   6
    a=14.79-14.83 b=10.25-10.29 c= 6.90- 6.94 alpha= 93.33- 93.59 beta= 91.64- 91.77 gamma= 91.43- 91.60 V=1043.35-1055.91level=4, indexed=1(7 sol.)
    a=0.00458-0.00455 b=0.00956-0.00949 c=0.02110-0.02088 alpha=0.00035-0.00039 beta=0.00167-0.00179 gamma=0.00059-0.00064level=4, indexed=1(7 sol.)
 Solution ? a= 14.777 b= 10.306 c=  6.903 alpha= 93.462 beta= 91.496 gamma= 91.621 V= 1048.48 score=  3.88 #   7
    a=14.82-14.86 b=10.51-10.56 c= 6.91- 6.95 alpha= 95.00- 95.28 beta= 88.08- 88.17 gamma= 93.91- 94.12 V=1070.19-1083.45level=4, indexed=1(8 sol.)
    a=0.00458-0.00455 b=0.00915-0.00909 c=0.02110-0.02088 alpha=0.00085-0.00089 beta=0.00236-0.00248 gamma=-0.00054--0.00050level=4, indexed=1(8 sol.)
 Solution ? a= 14.858 b= 10.492 c=  6.917 alpha= 94.934 beta= 88.484 gamma= 93.822 V= 1071.64 score=  4.25 #   8
    a=14.82-14.86 b=10.51-10.56 c= 6.91- 6.95 alpha= 94.98- 95.26 beta= 88.36- 88.45 gamma= 93.89- 94.09 V=1070.03-1083.29level=4, indexed=1(9 sol.)
    a=0.00458-0.00455 b=0.00915-0.00909 c=0.02110-0.02088 alpha=0.00085-0.00089 beta=0.00236-0.00248 gamma=-0.00045--0.00040level=4, indexed=1(9 sol.)
 Solution ? a= 14.858 b= 10.492 c=  6.917 alpha= 94.934 beta= 88.484 gamma= 93.822 V= 1071.64 score=  4.25 #   9
    a=14.79-14.83 b=10.25-10.29 c= 6.90- 6.94 alpha= 93.35- 93.60 beta= 92.23- 92.38 gamma= 90.68- 90.84 V=1043.45-1056.00level=4, indexed=1(10 sol.)
    a=0.00458-0.00455 b=0.00956-0.00949 c=0.02110-0.02088 alpha=0.00019-0.00023 beta=0.00167-0.00179 gamma=0.00078-0.00083level=4, indexed=1(10 sol.)
 Solution ? a= 14.909 b= 10.291 c=  6.943 alpha= 93.476 beta= 92.069 gamma= 91.017 V= 1062.28 score=  4.17 #  10
Finished: V=723.553->1081.79 A^3, 3424514 unit cells tested, 1.85563e+06 tests/s,   Elapsed time=1.84548s
Starting: V=1081.79->1440
    a=15.07-15.12 b=10.55-10.65 c= 9.22- 9.31 alpha=114.95-115.56 beta= 87.34- 87.31 gamma= 99.39- 99.59 V=1310.83-1334.24level=4, indexed=1(11 sol.)
    a=0.00453-0.00450 b=0.01121-0.01112 c=0.01431-0.01417 alpha=0.00226-0.00230 beta=0.01065-0.01080 gamma=0.00040-0.00045level=4, indexed=1(11 sol.)
 Solution ? a= 15.233 b= 10.615 c=  9.280 alpha=115.139 beta= 87.714 gamma= 99.202 V= 1340.42 score=  5.69 #  11
    a=15.31-15.37 b= 9.74- 9.83 c= 8.35- 8.42 alpha=113.66-114.17 beta= 82.65- 82.57 gamma=103.78-104.05 V=1107.76-1124.78level=4, indexed=1(17 sol.)
    a=0.00453-0.00450 b=0.01311-0.01301 c=0.01711-0.01697 alpha=0.00317-0.00321 beta=0.01153-0.01168 gamma=-0.00064--0.00059level=4, indexed=1(17 sol.)
 Solution ? a= 15.347 b=  9.846 c=  8.474 alpha=114.305 beta= 82.570 gamma=103.720 V= 1133.06 score=  4.84 #  17
    a=15.30-15.35 b= 9.78- 9.86 c= 8.39- 8.46 alpha=114.25-114.76 beta= 82.63- 82.55 gamma=103.52-103.78 V=1111.55-1128.78level=4, indexed=1(18 sol.)
    a=0.00453-0.00450 b=0.01311-0.01301 c=0.01711-0.01697 alpha=0.00309-0.00313 beta=0.01183-0.01197 gamma=-0.00064--0.00059level=4, indexed=1(18 sol.)
 Solution ? a= 15.347 b=  9.846 c=  8.474 alpha=114.305 beta= 82.570 gamma=103.720 V= 1133.06 score=  4.84 #  18
     a=15.19-15.22 b=10.21-10.26 c= 9.98-10.03 alpha=116.65-116.94 beta=100.14-100.22 gamma= 91.41- 91.40 V=1352.81-1364.19level=5, indexed=1(19 sol.)
     a=0.00453-0.00452 b=0.01218-0.01214 c=0.01313-0.01309 alpha=0.00175-0.00177 beta=0.01164-0.01172 gamma=0.00323-0.00326level=5, indexed=1(19 sol.)
 Solution ? a= 15.168 b= 10.244 c= 10.016 alpha=116.902 beta=100.170 gamma= 91.660 V= 1355.63 score=  5.69 #  19
     a=15.19-15.22 b=10.21-10.26 c= 9.98-10.03 alpha=116.62-116.91 beta=100.06-100.14 gamma= 91.60- 91.59 V=1352.92-1364.30level=5, indexed=1(20 sol.)
     a=0.00453-0.00452 b=0.01218-0.01214 c=0.01313-0.01309 alpha=0.00179-0.00181 beta=0.01164-0.01172 gamma=0.00323-0.00326level=5, indexed=1(20 sol.)
 Solution ? a= 15.169 b= 10.229 c= 10.001 alpha=116.819 beta=100.152 gamma= 91.663 V= 1352.75 score=  4.89 #  20
      a=15.19-15.22 b=10.18-10.23 c= 9.96-10.01 alpha=116.46-116.75 beta=100.18-100.26 gamma= 91.60- 91.59 V=1348.22-1359.51level=6, indexed=1(21 sol.)
      a=0.00454-0.00453 b=0.01221-0.01216 c=0.01316-0.01311 alpha=0.00180-0.00182 beta=0.01161-0.01168 gamma=0.00327-0.00329level=6, indexed=1(21 sol.)
 Solution ? a= 15.169 b= 10.229 c= 10.001 alpha=116.819 beta=100.152 gamma= 91.663 V= 1352.75 score=  4.89 #  21
      a=15.18-15.21 b=10.18-10.23 c= 9.94- 9.98 alpha=116.41-116.69 beta=100.05-100.14 gamma= 91.67- 91.66 V=1344.63-1355.86level=6, indexed=1(22 sol.)
      a=0.00454-0.00453 b=0.01221-0.01216 c=0.01320-0.01316 alpha=0.00180-0.00182 beta=0.01161-0.01168 gamma=0.00324-0.00327level=6, indexed=1(22 sol.)
 Solution ? a= 15.169 b= 10.229 c= 10.001 alpha=116.819 beta=100.152 gamma= 91.663 V= 1352.75 score=  4.89 #  22
      a=15.18-15.21 b=10.20-10.24 c= 9.95-10.00 alpha=116.60-116.89 beta= 99.95-100.03 gamma= 91.68- 91.67 V=1346.45-1357.73level=6, indexed=1(23 sol.)
      a=0.00454-0.00453 b=0.01221-0.01216 c=0.01320-0.01316 alpha=0.00180-0.00182 beta=0.01168-0.01175 gamma=0.00322-0.00324level=6, indexed=1(23 sol.)
 Solution ? a= 15.169 b= 10.229 c= 10.001 alpha=116.819 beta=100.152 gamma= 91.663 V= 1352.75 score=  4.89 #  23
      a=15.18-15.21 b=10.20-10.24 c= 9.95-10.00 alpha=116.60-116.89 beta=100.05-100.13 gamma= 91.63- 91.62 V=1346.87-1358.16level=6, indexed=1(24 sol.)
      a=0.00454-0.00453 b=0.01221-0.01216 c=0.01320-0.01316 alpha=0.00180-0.00182 beta=0.01168-0.01175 gamma=0.00324-0.00327level=6, indexed=1(24 sol.)
 Solution ? a= 15.169 b= 10.229 c= 10.001 alpha=116.819 beta=100.152 gamma= 91.663 V= 1352.75 score=  4.89 #  24
     a=15.16-15.19 b=10.21-10.25 c= 9.99-10.04 alpha=116.65-116.94 beta=100.31-100.40 gamma= 91.32- 91.30 V=1349.71-1361.07level=5, indexed=1(25 sol.)
     a=0.00456-0.00455 b=0.01218-0.01214 c=0.01313-0.01309 alpha=0.00175-0.00177 beta=0.01164-0.01172 gamma=0.00328-0.00330level=5, indexed=1(25 sol.)
 Solution ? a= 15.168 b= 10.244 c= 10.016 alpha=116.902 beta=100.170 gamma= 91.660 V= 1355.63 score=  5.69 #  25
      a=15.16-15.19 b=10.20-10.25 c= 9.98-10.03 alpha=116.67-116.96 beta=100.10-100.18 gamma= 91.51- 91.50 V=1348.01-1359.33level=6, indexed=1(26 sol.)
      a=0.00455-0.00454 b=0.01221-0.01216 c=0.01316-0.01311 alpha=0.00178-0.00180 beta=0.01168-0.01175 gamma=0.00324-0.00327level=6, indexed=1(26 sol.)
 Solution ? a= 15.169 b= 10.229 c= 10.001 alpha=116.819 beta=100.152 gamma= 91.663 V= 1352.75 score=  4.89 #  26
     a=15.16-15.19 b=10.21-10.26 c= 9.99-10.04 alpha=116.62-116.91 beta=100.23-100.32 gamma= 91.50- 91.49 V=1349.82-1361.17level=5, indexed=1(27 sol.)
     a=0.00456-0.00455 b=0.01218-0.01214 c=0.01313-0.01309 alpha=0.00179-0.00181 beta=0.01164-0.01172 gamma=0.00328-0.00330level=5, indexed=1(27 sol.)
 Solution ? a= 15.168 b= 10.244 c= 10.016 alpha=116.902 beta=100.170 gamma= 91.660 V= 1355.63 score=  5.69 #  27
    a=15.62-15.68 b= 9.48- 9.54 c= 9.21- 9.26 alpha=102.05-102.53 beta= 75.25- 75.19 gamma=104.40-104.75 V=1261.50-1277.65level=4, indexed=1(28 sol.)
    a=0.00458-0.00455 b=0.01216-0.01207 c=0.01292-0.01282 alpha=0.00309-0.00313 beta=0.00389-0.00404 gamma=-0.00329--0.00324level=4, indexed=1(28 sol.)
 Solution ? a= 15.691 b=  9.525 c=  9.227 alpha=102.504 beta= 75.331 gamma=104.753 V= 1272.93 score=  6.91 #  28
      a=15.68-15.71 b= 9.51- 9.54 c= 9.19- 9.21 alpha=102.21-102.45 beta= 75.50- 75.47 gamma=104.63-104.80 V=1267.22-1275.33level=6, indexed=1(29 sol.)
      a=0.00454-0.00453 b=0.01211-0.01207 c=0.01297-0.01292 alpha=0.00313-0.00315 beta=0.00397-0.00404 gamma=-0.00320--0.00317level=6, indexed=1(29 sol.)
 Solution ? a= 15.794 b=  9.511 c=  9.235 alpha=102.494 beta= 75.193 gamma=104.722 V= 1280.01 score=  6.11 #  29
      a=15.67-15.70 b= 9.49- 9.52 c= 9.19- 9.21 alpha=102.32-102.56 beta= 75.50- 75.47 gamma=104.47-104.64 V=1264.40-1272.47level=6, indexed=1(30 sol.)
      a=0.00454-0.00453 b=0.01216-0.01211 c=0.01297-0.01292 alpha=0.00309-0.00311 beta=0.00404-0.00411 gamma=-0.00320--0.00317level=6, indexed=1(30 sol.)
 Solution ? a= 15.679 b=  9.521 c=  9.218 alpha=102.524 beta= 75.286 gamma=104.761 V= 1269.92 score=  7.54 #  30
      a=15.67-15.70 b= 9.49- 9.52 c= 9.18- 9.21 alpha=102.16-102.40 beta= 75.53- 75.50 gamma=104.51-104.68 V=1264.03-1272.08level=6, indexed=1(31 sol.)
      a=0.00454-0.00453 b=0.01216-0.01211 c=0.01297-0.01292 alpha=0.00311-0.00313 beta=0.00397-0.00404 gamma=-0.00320--0.00317level=6, indexed=1(31 sol.)
 Solution ? a= 15.691 b=  9.525 c=  9.227 alpha=102.504 beta= 75.331 gamma=104.753 V= 1272.93 score=  6.91 #  31
      a=15.68-15.71 b= 9.49- 9.52 c= 9.19- 9.21 alpha=102.34-102.58 beta= 75.48- 75.46 gamma=104.55-104.73 V=1264.89-1272.97level=6, indexed=1(32 sol.)
      a=0.00454-0.00453 b=0.01216-0.01211 c=0.01297-0.01292 alpha=0.00311-0.00313 beta=0.00404-0.00411 gamma=-0.00320--0.00317level=6, indexed=1(32 sol.)
 Solution ? a= 15.679 b=  9.521 c=  9.218 alpha=102.524 beta= 75.286 gamma=104.761 V= 1269.92 score=  7.54 #  32
     a=15.65-15.68 b= 9.52- 9.55 c= 9.20- 9.22 alpha=102.31-102.55 beta= 75.45- 75.42 gamma=104.60-104.77 V=1267.35-1275.46level=5, indexed=1(33 sol.)
     a=0.00456-0.00455 b=0.01209-0.01204 c=0.01294-0.01290 alpha=0.00312-0.00314 beta=0.00400-0.00408 gamma=-0.00321--0.00318level=5, indexed=1(33 sol.)
 Solution ? a= 15.679 b=  9.521 c=  9.218 alpha=102.524 beta= 75.286 gamma=104.761 V= 1269.92 score=  7.54 #  33
      a=15.65-15.68 b= 9.49- 9.52 c= 9.19- 9.22 alpha=102.33-102.57 beta= 75.43- 75.40 gamma=104.47-104.64 V=1262.97-1271.03level=6, indexed=1(34 sol.)
      a=0.00455-0.00454 b=0.01216-0.01211 c=0.01297-0.01292 alpha=0.00309-0.00311 beta=0.00404-0.00411 gamma=-0.00322--0.00320level=6, indexed=1(34 sol.)
 Solution ? a= 15.679 b=  9.521 c=  9.218 alpha=102.524 beta= 75.286 gamma=104.761 V= 1269.92 score=  7.54 #  34
      a=15.65-15.68 b= 9.49- 9.52 c= 9.19- 9.21 alpha=102.31-102.55 beta= 75.52- 75.50 gamma=104.45-104.62 V=1262.43-1270.48level=6, indexed=1(35 sol.)
      a=0.00455-0.00454 b=0.01216-0.01211 c=0.01297-0.01292 alpha=0.00309-0.00311 beta=0.00404-0.00411 gamma=-0.00320--0.00317level=6, indexed=1(35 sol.)
 Solution ? a= 15.679 b=  9.521 c=  9.218 alpha=102.524 beta= 75.286 gamma=104.761 V= 1269.92 score=  7.54 #  35
      a=15.66-15.69 b= 9.49- 9.52 c= 9.20- 9.22 alpha=102.46-102.69 beta= 75.50- 75.47 gamma=104.34-104.51 V=1264.30-1272.38level=6, indexed=1(36 sol.)
      a=0.00454-0.00453 b=0.01216-0.01211 c=0.01297-0.01292 alpha=0.00305-0.00307 beta=0.00411-0.00419 gamma=-0.00320--0.00317level=6, indexed=1(36 sol.)
 Solution ? a= 15.682 b=  9.523 c=  9.219 alpha=102.560 beta= 75.288 gamma=104.759 V= 1270.30 score=  7.47 #  36
      a=15.67-15.70 b= 9.49- 9.52 c= 9.20- 9.22 alpha=102.48-102.71 beta= 75.48- 75.45 gamma=104.43-104.60 V=1264.78-1272.87level=6, indexed=1(37 sol.)
      a=0.00454-0.00453 b=0.01216-0.01211 c=0.01297-0.01292 alpha=0.00307-0.00309 beta=0.00411-0.00419 gamma=-0.00320--0.00317level=6, indexed=1(37 sol.)
 Solution ? a= 15.682 b=  9.523 c=  9.219 alpha=102.560 beta= 75.288 gamma=104.759 V= 1270.30 score=  7.47 #  37
      a=15.67-15.70 b= 9.50- 9.53 c= 9.20- 9.22 alpha=102.50-102.74 beta= 75.46- 75.43 gamma=104.51-104.69 V=1265.27-1273.37level=6, indexed=1(38 sol.)
      a=0.00454-0.00453 b=0.01216-0.01211 c=0.01297-0.01292 alpha=0.00309-0.00311 beta=0.00411-0.00419 gamma=-0.00320--0.00317level=6, indexed=1(38 sol.)
 Solution ? a= 15.682 b=  9.523 c=  9.219 alpha=102.560 beta= 75.288 gamma=104.759 V= 1270.30 score=  7.47 #  38
      a=15.67-15.70 b= 9.48- 9.51 c= 9.20- 9.23 alpha=102.63-102.87 beta= 75.44- 75.41 gamma=104.44-104.61 V=1262.97-1271.05level=6, indexed=1(39 sol.)
      a=0.00454-0.00453 b=0.01221-0.01216 c=0.01297-0.01292 alpha=0.00307-0.00309 beta=0.00419-0.00426 gamma=-0.00320--0.00317level=6, indexed=1(39 sol.)
 Solution ? a= 15.697 b=  9.527 c=  9.228 alpha=102.533 beta= 75.335 gamma=104.745 V= 1273.79 score=  6.55 #  39
      a=15.67-15.70 b= 9.48- 9.51 c= 9.20- 9.22 alpha=102.47-102.71 beta= 75.47- 75.44 gamma=104.48-104.66 V=1262.57-1270.64level=6, indexed=1(40 sol.)
      a=0.00454-0.00453 b=0.01221-0.01216 c=0.01297-0.01292 alpha=0.00309-0.00311 beta=0.00411-0.00419 gamma=-0.00320--0.00317level=6, indexed=1(40 sol.)
 Solution ? a= 15.697 b=  9.527 c=  9.228 alpha=102.533 beta= 75.335 gamma=104.745 V= 1273.79 score=  6.55 #  40
      a=15.67-15.71 b= 9.48- 9.51 c= 9.20- 9.23 alpha=102.65-102.89 beta= 75.42- 75.39 gamma=104.53-104.70 V=1263.45-1271.55level=6, indexed=1(41 sol.)
      a=0.00454-0.00453 b=0.01221-0.01216 c=0.01297-0.01292 alpha=0.00309-0.00311 beta=0.00419-0.00426 gamma=-0.00320--0.00317level=6, indexed=1(41 sol.)
 Solution ? a= 15.682 b=  9.523 c=  9.219 alpha=102.560 beta= 75.288 gamma=104.759 V= 1270.30 score=  7.47 #  41
      a=15.68-15.71 b= 9.50- 9.53 c= 9.20- 9.22 alpha=102.52-102.76 beta= 75.44- 75.41 gamma=104.60-104.77 V=1265.76-1273.87level=6, indexed=1(42 sol.)
      a=0.00454-0.00453 b=0.01216-0.01211 c=0.01297-0.01292 alpha=0.00311-0.00313 beta=0.00411-0.00419 gamma=-0.00320--0.00317level=6, indexed=1(42 sol.)
 Solution ? a= 15.682 b=  9.523 c=  9.219 alpha=102.560 beta= 75.288 gamma=104.759 V= 1270.30 score=  7.47 #  42
     a=15.63-15.66 b= 9.48- 9.51 c= 9.21- 9.23 alpha=102.53-102.77 beta= 75.46- 75.43 gamma=104.29-104.46 V=1261.74-1269.80level=5, indexed=1(43 sol.)
     a=0.00456-0.00455 b=0.01218-0.01214 c=0.01294-0.01290 alpha=0.00303-0.00306 beta=0.00415-0.00422 gamma=-0.00321--0.00318level=5, indexed=1(43 sol.)
 Solution ? a= 15.682 b=  9.523 c=  9.219 alpha=102.560 beta= 75.288 gamma=104.759 V= 1270.30 score=  7.47 #  43
      a=15.65-15.68 b= 9.49- 9.52 c= 9.20- 9.22 alpha=102.49-102.73 beta= 75.40- 75.38 gamma=104.43-104.60 V=1263.35-1271.43level=6, indexed=1(44 sol.)
      a=0.00455-0.00454 b=0.01216-0.01211 c=0.01297-0.01292 alpha=0.00307-0.00309 beta=0.00411-0.00419 gamma=-0.00322--0.00320level=6, indexed=1(44 sol.)
 Solution ? a= 15.682 b=  9.523 c=  9.219 alpha=102.560 beta= 75.288 gamma=104.759 V= 1270.30 score=  7.47 #  44
      a=15.64-15.67 b= 9.49- 9.52 c= 9.20- 9.22 alpha=102.47-102.71 beta= 75.50- 75.47 gamma=104.41-104.58 V=1262.81-1270.88level=6, indexed=1(45 sol.)
      a=0.00455-0.00454 b=0.01216-0.01211 c=0.01297-0.01292 alpha=0.00307-0.00309 beta=0.00411-0.00419 gamma=-0.00320--0.00317level=6, indexed=1(45 sol.)
 Solution ? a= 15.682 b=  9.523 c=  9.219 alpha=102.560 beta= 75.288 gamma=104.759 V= 1270.30 score=  7.47 #  45
      a=15.66-15.69 b= 9.50- 9.53 c= 9.20- 9.22 alpha=102.51-102.75 beta= 75.39- 75.36 gamma=104.51-104.68 V=1263.84-1271.93level=6, indexed=1(46 sol.)
      a=0.00455-0.00454 b=0.01216-0.01211 c=0.01297-0.01292 alpha=0.00309-0.00311 beta=0.00411-0.00419 gamma=-0.00322--0.00320level=6, indexed=1(46 sol.)
 Solution ? a= 15.682 b=  9.523 c=  9.219 alpha=102.560 beta= 75.288 gamma=104.759 V= 1270.30 score=  7.47 #  46
      a=15.65-15.68 b= 9.49- 9.53 c= 9.20- 9.22 alpha=102.49-102.73 beta= 75.48- 75.45 gamma=104.49-104.66 V=1263.30-1271.38level=6, indexed=1(47 sol.)
      a=0.00455-0.00454 b=0.01216-0.01211 c=0.01297-0.01292 alpha=0.00309-0.00311 beta=0.00411-0.00419 gamma=-0.00320--0.00317level=6, indexed=1(47 sol.)
 Solution ? a= 15.682 b=  9.523 c=  9.219 alpha=102.560 beta= 75.288 gamma=104.759 V= 1270.30 score=  7.47 #  47
      a=15.65-15.68 b= 9.48- 9.51 c= 9.20- 9.23 alpha=102.65-102.88 beta= 75.37- 75.34 gamma=104.44-104.61 V=1261.54-1269.61level=6, indexed=1(48 sol.)
      a=0.00455-0.00454 b=0.01221-0.01216 c=0.01297-0.01292 alpha=0.00307-0.00309 beta=0.00419-0.00426 gamma=-0.00322--0.00320level=6, indexed=1(48 sol.)
 Solution ? a= 15.682 b=  9.523 c=  9.219 alpha=102.560 beta= 75.288 gamma=104.759 V= 1270.30 score=  7.47 #  48
      a=15.64-15.67 b= 9.49- 9.53 c= 9.19- 9.22 alpha=102.47-102.70 beta= 75.57- 75.55 gamma=104.47-104.64 V=1262.76-1270.83level=6, indexed=1(49 sol.)
      a=0.00455-0.00454 b=0.01216-0.01211 c=0.01297-0.01292 alpha=0.00309-0.00311 beta=0.00411-0.00419 gamma=-0.00317--0.00315level=6, indexed=1(49 sol.)
 Solution ? a= 15.682 b=  9.523 c=  9.219 alpha=102.560 beta= 75.288 gamma=104.759 V= 1270.30 score=  7.47 #  49
    a=14.81-14.85 b=10.61-10.67 c= 9.28- 9.33 alpha= 99.77-100.17 beta= 87.47- 87.59 gamma= 92.69- 92.88 V=1434.61-1451.50level=4, indexed=1(50 sol.)
    a=0.00458-0.00455 b=0.00915-0.00909 c=0.01197-0.01188 alpha=0.00052-0.00056 beta=0.00352-0.00363 gamma=-0.00054--0.00050level=4, indexed=1(50 sol.)
 Solution ? a= 14.810 b= 10.655 c=  9.295 alpha=100.026 beta= 87.765 gamma= 92.791 V= 1442.06 score=  8.80 #  50
      a=14.81-14.83 b=10.65-10.67 c= 9.29- 9.31 alpha=100.12-100.32 beta= 87.57- 87.63 gamma= 93.05- 93.14 V=1439.01-1447.51level=6, indexed=1(51 sol.)
      a=0.00458-0.00457 b=0.00912-0.00909 c=0.01197-0.01192 alpha=0.00060-0.00062 beta=0.00363-0.00369 gamma=-0.00050--0.00047level=6, indexed=1(51 sol.)
 Solution ? a= 14.810 b= 10.655 c=  9.295 alpha=100.026 beta= 87.765 gamma= 92.791 V= 1442.06 score=  8.80 #  51
      a=14.78-14.81 b=10.64-10.66 c= 9.28- 9.30 alpha= 99.78- 99.98 beta= 87.87- 87.93 gamma= 92.98- 93.08 V=1435.32-1443.76level=6, indexed=1(54 sol.)
      a=0.00459-0.00458 b=0.00912-0.00909 c=0.01197-0.01192 alpha=0.00060-0.00062 beta=0.00352-0.00357 gamma=-0.00043--0.00040level=6, indexed=1(54 sol.)
 Solution ? a= 14.810 b= 10.655 c=  9.295 alpha=100.026 beta= 87.765 gamma= 92.791 V= 1442.06 score=  8.80 #  54
      a=14.81-14.83 b=10.64-10.67 c= 9.26- 9.29 alpha= 99.93-100.13 beta= 87.77- 87.83 gamma= 93.01- 93.10 V=1435.18-1443.62level=6, indexed=1(57 sol.)
      a=0.00458-0.00457 b=0.00912-0.00909 c=0.01202-0.01197 alpha=0.00060-0.00062 beta=0.00357-0.00363 gamma=-0.00045--0.00043level=6, indexed=1(57 sol.)
 Solution ? a= 14.810 b= 10.655 c=  9.295 alpha=100.026 beta= 87.765 gamma= 92.791 V= 1442.06 score=  8.80 #  57
      a=14.79-14.81 b=10.66-10.69 c= 9.28- 9.31 alpha= 99.97-100.17 beta= 87.75- 87.81 gamma= 93.10- 93.20 V=1438.98-1447.47level=6, indexed=1(73 sol.)
      a=0.00459-0.00458 b=0.00909-0.00905 c=0.01197-0.01192 alpha=0.00062-0.00064 beta=0.00357-0.00363 gamma=-0.00045--0.00043level=6, indexed=1(73 sol.)
 Solution ? a= 14.810 b= 10.655 c=  9.295 alpha=100.026 beta= 87.765 gamma= 92.791 V= 1442.06 score=  8.80 #  73
     a=15.55-15.59 b=13.11-13.15 c= 7.49- 7.52 alpha=102.64-102.77 beta= 83.64- 83.63 gamma=107.59-107.76 V=1419.71-1429.72level=5, indexed=1(147 sol.)
     a=0.00456-0.00455 b=0.00666-0.00664 c=0.01874-0.01864 alpha=0.00316-0.00318 beta=0.00437-0.00440 gamma=-0.00089--0.00086level=5, indexed=1(147 sol.)
 Solution ? a= 15.479 b= 13.115 c=  7.534 alpha=102.564 beta= 83.443 gamma=108.034 V= 1417.68 score= 10.00 # 147
     a=15.56-15.60 b=13.12-13.16 c= 7.50- 7.53 alpha=102.85-102.98 beta= 83.43- 83.42 gamma=107.64-107.81 V=1421.03-1431.08level=5, indexed=1(148 sol.)
     a=0.00456-0.00455 b=0.00666-0.00664 c=0.01874-0.01864 alpha=0.00316-0.00318 beta=0.00443-0.00446 gamma=-0.00094--0.00091level=5, indexed=1(148 sol.)
 Solution ? a= 15.479 b= 13.115 c=  7.534 alpha=102.564 beta= 83.443 gamma=108.034 V= 1417.68 score= 10.00 # 148
     a=15.55-15.59 b=13.08-13.12 c= 7.50- 7.53 alpha=102.92-103.05 beta= 83.56- 83.55 gamma=107.57-107.74 V=1416.93-1426.93level=5, indexed=1(153 sol.)
     a=0.00456-0.00455 b=0.00670-0.00668 c=0.01874-0.01864 alpha=0.00316-0.00318 beta=0.00449-0.00452 gamma=-0.00089--0.00086level=5, indexed=1(153 sol.)
 Solution ? a= 15.479 b= 13.115 c=  7.534 alpha=102.564 beta= 83.443 gamma=108.034 V= 1417.68 score= 10.00 # 153
     a=15.49-15.52 b=13.12-13.16 c= 7.56- 7.58 alpha=102.27-102.39 beta= 82.89- 82.89 gamma=107.67-107.83 V=1427.65-1436.12level=5, indexed=1(156 sol.)
     a=0.00461-0.00460 b=0.00662-0.00660 c=0.01841-0.01834 alpha=0.00316-0.00318 beta=0.00409-0.00411 gamma=-0.00117--0.00115level=5, indexed=1(156 sol.)
 Solution ? a= 15.461 b= 13.119 c=  7.564 alpha=102.500 beta= 83.355 gamma=107.965 V= 1422.83 score= 13.46 # 156
     a=15.48-15.52 b=13.12-13.16 c= 7.59- 7.60 alpha=102.27-102.39 beta= 83.02- 83.02 gamma=107.64-107.81 V=1432.90-1441.43level=5, indexed=1(165 sol.)
     a=0.00461-0.00460 b=0.00662-0.00660 c=0.01827-0.01820 alpha=0.00316-0.00318 beta=0.00409-0.00411 gamma=-0.00112--0.00110level=5, indexed=1(165 sol.)
 Solution ? a= 15.461 b= 13.119 c=  7.564 alpha=102.500 beta= 83.355 gamma=107.965 V= 1422.83 score= 13.46 # 165
      a=15.52-15.55 b=13.11-13.15 c= 7.58- 7.59 alpha=102.30-102.42 beta= 83.44- 83.44 gamma=107.73-107.89 V=1432.22-1440.77level=6, indexed=1(216 sol.)
      a=0.00459-0.00458 b=0.00665-0.00663 c=0.01830-0.01823 alpha=0.00319-0.00321 beta=0.00416-0.00419 gamma=-0.00097--0.00095level=6, indexed=1(216 sol.)
 Solution ? a= 15.461 b= 13.119 c=  7.564 alpha=102.500 beta= 83.355 gamma=107.965 V= 1422.83 score= 13.46 # 216
      a=15.49-15.53 b=13.12-13.16 c= 7.58- 7.60 alpha=102.30-102.41 beta= 83.26- 83.25 gamma=107.66-107.82 V=1431.68-1440.20level=6, indexed=1(999 sol.)
      a=0.00460-0.00459 b=0.00663-0.00661 c=0.01830-0.01823 alpha=0.00317-0.00319 beta=0.00413-0.00416 gamma=-0.00104--0.00102level=6, indexed=1(999 sol.)
 Solution ? a= 15.461 b= 13.119 c=  7.564 alpha=102.500 beta= 83.355 gamma=107.965 V= 1422.83 score= 13.46 # 999
Finished: V=1081.79->1440 A^3, 28230626 unit cells tested, 1.91872e+06 tests/s,   Elapsed time=14.7133s
build/fast-x86_64/objcryst/ObjCryst/ObjCryst/Indexing.cpp:2602 Solution ? a=15.4613, b=13.1186, c=7.56396, alpha=102.5, beta=83.3546, gamma=107.965, V=1422.83, score=13.4565
build/fast-x86_64/objcryst/ObjCryst/ObjCryst/Indexing.cpp:2602 Solution ? a=15.4613, b=13.1186, c=7.56396, alpha=102.5, beta=83.3545, gamma=107.965, V=1422.83, score=13.4565
build/fast-x86_64/objcryst/ObjCryst/ObjCryst/Indexing.cpp:2602 Solution ? a=15.4726, b=13.121, c=7.54958, alpha=102.485, beta=83.4106, gamma=108.01, V=1421.23, score=11.5798
build/fast-x86_64/objcryst/ObjCryst/ObjCryst/Indexing.cpp:2602 Solution ? a=15.4734, b=13.1201, c=7.54607, alpha=102.483, beta=83.4136, gamma=108.005, V=1420.59, score=11.4362
build/fast-x86_64/objcryst/ObjCryst/ObjCryst/Indexing.cpp:2602 Solution ? a=15.4579, b=13.1087, c=7.54774, alpha=102.581, beta=83.4055, gamma=108.022, V=1417.61, score=10.8167
build/fast-x86_64/objcryst/ObjCryst/ObjCryst/Indexing.cpp:2602 Solution ? a=15.4885, b=13.1165, c=7.56074, alpha=102.473, beta=83.4605, gamma=107.93, V=1425.05, score=9.85333
build/fast-x86_64/objcryst/ObjCryst/ObjCryst/Indexing.cpp:2602 Solution ? a=15.4942, b=13.1354, c=7.54811, alpha=102.447, beta=83.4128, gamma=107.969, V=1425.01, score=9.7718
build/fast-x86_64/objcryst/ObjCryst/ObjCryst/Indexing.cpp:2602 Solution ? a=15.5119, b=13.1382, c=7.52952, alpha=102.483, beta=83.4885, gamma=108.033, V=1422.85, score=9.50296
build/fast-x86_64/objcryst/ObjCryst/ObjCryst/Indexing.cpp:2602 Solution ? a=15.4945, b=13.1111, c=7.53676, alpha=102.56, beta=83.5095, gamma=107.984, V=1419.69, score=9.11557
build/fast-x86_64/objcryst/ObjCryst/ObjCryst/Indexing.cpp:2602 Solution ? a=14.8102, b=10.6552, c=9.29544, alpha=100.026, beta=87.765, gamma=92.7913, V=1442.06, score=8.80417
build/fast-x86_64/objcryst/ObjCryst/ObjCryst/Indexing.cpp:2602 Solution ? a=15.5562, b=10.6319, c=9.13801, alpha=90.544, beta=100.542, gamma=103.79, V=1440.78, score=8.67284
build/fast-x86_64/objcryst/ObjCryst/ObjCryst/Indexing.cpp:2602 Solution ? a=15.5106, b=13.1444, c=7.54071, alpha=102.435, beta=83.4583, gamma=108.009, V=1425.9, score=8.57223
build/fast-x86_64/objcryst/ObjCryst/ObjCryst/Indexing.cpp:2602 Solution ? a=15.5336, b=13.1593, c=7.51649, alpha=102.353, beta=83.5165, gamma=108.014, V=1425.5, score=8.16289
build/fast-x86_64/objcryst/ObjCryst/ObjCryst/Indexing.cpp:2602 Solution ? a=15.6794, b=9.52146, c=9.21769, alpha=102.524, beta=75.286, gamma=104.761, V=1269.92, score=7.53551
build/fast-x86_64/objcryst/ObjCryst/ObjCryst/Indexing.cpp:2602 Solution ? a=15.6966, b=9.52684, c=9.2283, alpha=102.533, beta=75.3353, gamma=104.745, V=1273.79, score=6.55166
build/fast-x86_64/objcryst/ObjCryst/ObjCryst/Indexing.cpp:2602 Solution ? a=15.7935, b=9.51135, c=9.23478, alpha=102.494, beta=75.1926, gamma=104.722, V=1280.01, score=6.11457
build/fast-x86_64/objcryst/ObjCryst/ObjCryst/Indexing.cpp:2602 Solution ? a=15.168, b=10.2445, c=10.0162, alpha=116.902, beta=100.17, gamma=91.6595, V=1355.63, score=5.69176
build/fast-x86_64/objcryst/ObjCryst/ObjCryst/Indexing.cpp:2602 Solution ? a=15.2331, b=10.6154, c=9.28044, alpha=115.139, beta=87.7144, gamma=99.2024, V=1340.42, score=5.69015
build/fast-x86_64/objcryst/ObjCryst/ObjCryst/Indexing.cpp:2602 Solution ? a=15.6228, b=8.87039, c=8.49135, alpha=103.013, beta=80.6889, gamma=105.177, V=1099.89, score=4.96983
build/fast-x86_64/objcryst/ObjCryst/ObjCryst/Indexing.cpp:2602 Solution ? a=15.1689, b=10.2292, c=10.001, alpha=116.819, beta=100.152, gamma=91.6632, V=1352.75, score=4.8863
build/fast-x86_64/objcryst/ObjCryst/ObjCryst/Indexing.cpp:2602 Solution ? a=15.3472, b=9.84634, c=8.47435, alpha=114.305, beta=82.5698, gamma=103.72, V=1133.06, score=4.83557
build/fast-x86_64/objcryst/ObjCryst/ObjCryst/Indexing.cpp:2602 Solution ? a=14.9043, b=8.51291, c=7.97135, alpha=101.824, beta=86.6131, gamma=97.4164, V=981.102, score=4.25551
build/fast-x86_64/objcryst/ObjCryst/ObjCryst/Indexing.cpp:2602 Solution ? a=14.858, b=10.4918, c=6.91692, alpha=94.9337, beta=88.4844, gamma=93.8222, V=1071.64, score=4.24643
build/fast-x86_64/objcryst/ObjCryst/ObjCryst/Indexing.cpp:2602 Solution ? a=14.9977, b=8.34474, c=6.87302, alpha=92.9063, beta=88.7927, gamma=95.8011, V=854.556, score=4.18305
build/fast-x86_64/objcryst/ObjCryst/ObjCryst/Indexing.cpp:2602 Solution ? a=14.9085, b=10.2909, c=6.94256, alpha=93.4762, beta=92.0692, gamma=91.0174, V=1062.28, score=4.1745
build/fast-x86_64/objcryst/ObjCryst/ObjCryst/Indexing.cpp:2602 Solution ? a=14.7772, b=10.3057, c=6.90286, alpha=93.4616, beta=91.4963, gamma=91.621, V=1048.48, score=3.88371
build/fast-x86_64/objcryst/ObjCryst/ObjCryst/Indexing.cpp:2602 Solution ? a=16.2492, b=10.6191, c=9.39435, alpha=113.583, beta=69.5202, gamma=110.003, V=1352.63, score=3.70087
build/fast-x86_64/objcryst/ObjCryst/ObjCryst/Indexing.cpp:2602 Solution ? a=16.2338, b=10.6368, c=9.40484, alpha=113.637, beta=69.5934, gamma=109.99, V=1355.21, score=3.51364
build/fast-x86_64/objcryst/ObjCryst/ObjCryst/Indexing.cpp:2609 BEST ? a=15.4613, b=13.1186, c=7.56396, alpha=102.5, beta=83.3546, gamma=107.965, V=1422.83, score=13.4565
28230626unit cells tested, 1.91715e+06 tests/s,   Elapsed time=14.7254s
DONE X4f6fe58 TRICLINIC P 25 14.726052284240723 [{'cell': [15.461310386657715, 13.118569374084473, 7.563961029052734, 102.50036200643622, 83.35455629113592, 107.96464311604065], 'volume': 1422.8258056640625, 'score': 13.456541061401367, 'system': 'TRICLINIC', 'centering': 'P', 'mode': 3}, {'cell': [15.472616195678711, 13.121030807495117, 7.549579620361328, 102.48472087323688, 83.4105706725192, 108.00995459099451], 'volume': 1421.230224609375, 'score': 11.579842567443848, 'system': 'TRICLINIC', 'centering': 'P', 'mode': 3}, {'cell': [15.45785140991211, 13.108701705932617, 7.547740936279297, 102.58052793672465, 83.4054685212092, 108.02169568617776], 'volume': 1417.607177734375, 'score': 10.816740036010742, 'system': 'TRICLINIC', 'centering': 'P', 'mode': 3}, {'cell': [15.48849868774414, 13.116496086120605, 7.560735702514648, 102.4729661176753, 83.46045837421697, 107.93047167962307], 'volume': 1425.04736328125, 'score': 9.853328704833984, 'system': 'TRICLINIC', 'centering': 'P', 'mode': 3}, {'cell': [15.49419116973877, 13.135428428649902, 7.548113822937012, 102.44651279501983, 83.4127563330536, 107.96898711635278], 'volume': 1425.0146484375, 'score': 9.771800994873047, 'system': 'TRICLINIC', 'centering': 'P', 'mode': 3}]
