START 0.14113706824406352 94267.83903347068
ObjRegistry<T>::Find(H): Not found !!
List of Crystal ScatteringPowers :5 object registered:
#  0:ScatteringPowerAtom(O)
#  1:ScatteringPowerAtom(C)
#  2:ScatteringPowerAtom(N)
#  3:ScatteringPowerAtom(Cl)
#  4:ScatteringPowerAtom(Br)
WITH_H 0.13987492048770284 92589.35808586604
Imported powder pattern: 4954 points, 2theta=  5.470 ->  55.000, step= 0.010
SCALED_SIGMA 4.323172208256552 4953.599253463367
TIGHT_RESTRAINTS
FLEXIBLE_RINGS
AROMATIC_PLANARITY 0
CYCLE 0 0 Rw 0.13778088891169754 chi2 4806.7801781945955 geom 594.6185689076649 LSQ 5626.815251628479
CYCLE 0 1 Rw 0.13741621135208437 chi2 4781.368743216211 geom 594.6185689076649 LSQ 5599.615006232341
CYCLE 0 2 Rw 0.13725594646130326 chi2 4770.222479138532 geom 594.6185689076649 LSQ 5588.803145896847
CYCLE 1 0 Rw 0.13581711687124995 chi2 4670.735894955979 geom 273.74704200422013 LSQ 5096.8331316170625
CYCLE 1 1 Rw 0.13790295467792232 chi2 4815.301000206903 geom 8.904092438102992 LSQ 4897.539797538781
CYCLE 1 2 Rw 0.13653419565686983 chi2 4720.186617752419 geom 2.4105002733794745 LSQ 4784.607649868509
CYCLE 2 0 Rw 0.13163045599781728 chi2 4387.216520750949 geom 1.569695487627996 LSQ 4559.511641696329
CYCLE 2 1 Rw 0.12886740460285268 chi2 4204.965730110497 geom 2.209205321677137 LSQ 4280.254501125051
CYCLE 2 2 Rw 0.12846956160442727 chi2 4179.042435650407 geom 1.9843154978869542 LSQ 4256.759453313363
CYCLE 3 0 Rw 0.12349029644509837 chi2 3860.5757861749134 geom 3.9365786940133063 LSQ 3936.264518181241
CYCLE 3 1 Rw 0.1217505921819509 chi2 3752.176488472264 geom 2.4105612648239743 LSQ 3822.426284771078
CYCLE 3 2 Rw 0.12030859104183994 chi2 3663.822072490737 geom 2.5110617634827164 LSQ 3736.767153447386
FINISHED X4f6fe58 0.12030859104183994
