START 0.15913909291387476 22557.380108982554
Imported powder pattern: 7062 points, 2theta=  5.470 ->  76.080, step= 0.010
EXTENDED 0.4 7062 Rw 0.16002228317127914
WITH_H 0.1600122691615056 137773649.56377715
Imported powder pattern: 7061 points, 2theta=  5.470 ->  76.070, step= 0.010
SCALED_SIGMA 139.6850654638321 7061.000000000033
TIGHT_RESTRAINTS
FLEXIBLE_RINGS
AROMATIC_PLANARITY 0
LSQ_PACKING 40 atoms 2204 terms sigma 0.01 cost 29938.461217171684
EXTENDED_BACKGROUND 0.12617165132454247
CYCLE 0 0 Rw 0.13123052454682826 chi2 4749.2974770539 geom 311.22277233214686 LSQ 13591.971346096961
CYCLE 0 1 Rw 0.13120326115443162 chi2 4747.324330773956 geom 311.22277233214686 LSQ 9026.66695404144
CYCLE 0 2 Rw 0.13646449225833507 chi2 5135.692006702405 geom 311.22277233214686 LSQ 6916.366775715216
PACKING_STAGE 0 1219.712104779542
CYCLE 1 0 Rw 0.13315603815654578 chi2 4889.690528837027 geom 109.72376566317425 LSQ 5538.68422922889
CYCLE 1 1 Rw 0.12528588046636507 chi2 4328.763930597458 geom 177.0557542080357 LSQ 5015.674373413531
CYCLE 1 2 Rw 0.11952939163199183 chi2 3940.1164859928926 geom 51.78594531173828 LSQ 4341.253080182307
PACKING_STAGE 1 75.9108256210088
CYCLE 2 0 Rw 0.11777900181542955 chi2 3825.5632081670988 geom 42.31365360587827 LSQ 4125.469749482723
CYCLE 2 1 Rw 0.1138694878124326 chi2 3575.8095320636207 geom 37.370279738552654 LSQ 3882.5556552147154
CYCLE 2 2 Rw 0.1124531339121853 chi2 3487.4080814572985 geom 35.651728244249 LSQ 3735.3658581138316
PACKING_STAGE 2 21.443237460353426
CYCLE 3 0 Rw 0.11024231618402822 chi2 3351.6317951548613 geom 35.879431661076836 LSQ 3596.323417375889
CYCLE 3 1 Rw 0.10917023232890258 chi2 3286.760904436613 geom 35.65427390088585 LSQ 3525.393333640658
CYCLE 3 2 Rw 0.10869475589166756 chi2 3258.193151175201 geom 35.50661851111943 LSQ 3493.77493119876
PACKING_STAGE 3 14.486431634199558
FINISHED X4f6fe58 0.10869475589166756
