START 0.15787784446094266 117957.00699434453
ObjRegistry<T>::Find(H): Not found !!
List of Crystal ScatteringPowers :5 object registered:
#  0:ScatteringPowerAtom(O)
#  1:ScatteringPowerAtom(C)
#  2:ScatteringPowerAtom(N)
#  3:ScatteringPowerAtom(Cl)
#  4:ScatteringPowerAtom(Br)
Imported powder pattern: 6620 points, 2theta=  5.470 ->  71.660, step= 0.010
EXTENDED 0.38 6620 Rw 0.15109831912455746
WITH_H 0.15102395509302508 118774108.27994874
Imported powder pattern: 6615 points, 2theta=  5.470 ->  71.610, step= 0.010
SCALED_SIGMA 133.99727452917458 6614.994918822661
TIGHT_RESTRAINTS
FLEXIBLE_RINGS
AROMATIC_PLANARITY 0
LSQ_PACKING 40 atoms 2204 terms sigma 0.01 cost 4691.210914642314
EXTENDED_BACKGROUND 0.13332375024668677
CYCLE 0 0 Rw 0.14142562652922377 chi2 5800.886819472749 geom 594.672552257731 LSQ 8586.476425815816
CYCLE 0 1 Rw 0.14012633527338092 chi2 5694.789785563745 geom 594.672552257731 LSQ 8285.560489305597
CYCLE 0 2 Rw 0.140506401206802 chi2 5725.723740215315 geom 594.672552257731 LSQ 7892.425933306265
PACKING_STAGE 0 1348.7666874926686
CYCLE 1 0 Rw 0.13871381083557074 chi2 5580.557348790531 geom 163.24617878053354 LSQ 6303.60447392688
CYCLE 1 1 Rw 0.13675386628396444 chi2 5423.9714674210445 geom 41.28936131645385 LSQ 5812.346882431129
CYCLE 1 2 Rw 0.13588846730488235 chi2 5355.5412628795975 geom 31.822459487698893 LSQ 5700.523434856357
PACKING_STAGE 1 164.6824055480107
CYCLE 2 0 Rw 0.13551794412272217 chi2 5326.375478731144 geom 29.708704046944863 LSQ 5587.204407634039
CYCLE 2 1 Rw 0.13475223007045437 chi2 5266.354522780699 geom 29.013333380805626 LSQ 5522.734593184323
CYCLE 2 2 Rw 0.13479974022454733 chi2 5270.068738459654 geom 28.259030773369908 LSQ 5519.827948481876
PACKING_STAGE 2 78.38088658473161
CYCLE 3 0 Rw 0.13178924104214967 chi2 5036.916754553852 geom 25.88154704126229 LSQ 5285.669929745916
CYCLE 3 1 Rw 0.129166990984399 chi2 4838.839915117716 geom 23.341133870728253 LSQ 5066.947992019401
CYCLE 3 2 Rw 0.12726668790064039 chi2 4697.509346793549 geom 21.946715612970518 LSQ 4925.8964650293165
PACKING_STAGE 3 71.26000623617549
FINISHED X4f6fe58 0.12726668790064039
