START 0.12860265744237664 66347143.52719884
ObjRegistry<T>::Find(H): Not found !!
List of Crystal ScatteringPowers :5 object registered:
#  0:ScatteringPowerAtom(O)
#  1:ScatteringPowerAtom(C)
#  2:ScatteringPowerAtom(N)
#  3:ScatteringPowerAtom(Cl)
#  4:ScatteringPowerAtom(Br)
WITH_H 0.128584502666721 66389722.579880856
Imported powder pattern: 3981 points, 2theta=  5.470 ->  45.270, step= 0.010
SCALED_SIGMA 129.1380838766397 3980.928918975551
CYCLE 0 0 Rw 0.12832558641411662 chi2 3964.9839509177073
CYCLE 0 1 Rw 0.1283090602642358 chi2 3963.962771875118
CYCLE 0 2 Rw 0.12831393434647012 chi2 3964.2639360711837
CYCLE 1 0 Rw 0.12149439347443644 chi2 3554.0815873313236
CYCLE 1 1 Rw 0.12344057519057026 chi2 3668.8570624840577
CYCLE 1 2 Rw 0.12661454349321252 chi2 3859.9537913627073
CYCLE 2 0 Rw 0.1270026914605123 chi2 3883.6561190595876
CYCLE 2 1 Rw 0.11686907124481231 chi2 3288.6231081403894
CYCLE 2 2 Rw 0.12259076652719161 chi2 3618.5155212153672
CYCLE 3 0 Rw 0.12276239043710147 chi2 3628.6542699655465
CYCLE 3 1 Rw 0.13731135181444673 chi2 4539.706795769457
CYCLE 3 2 Rw 0.12362736751289517 chi2 3679.969014035107
FINISHED X4f6fe58 0.12362736751289517
