START 0.13590114038889486 87403.2476307915
ObjRegistry<T>::Find(H): Not found !!
List of Crystal ScatteringPowers :5 object registered:
#  0:ScatteringPowerAtom(O)
#  1:ScatteringPowerAtom(C)
#  2:ScatteringPowerAtom(N)
#  3:ScatteringPowerAtom(Cl)
#  4:ScatteringPowerAtom(Br)
WITH_H 0.1357327849746464 87186.83008637883
Imported powder pattern: 4954 points, 2theta=  5.470 ->  55.000, step= 0.010
SCALED_SIGMA 4.195149507185897 4953.998695353443
TIGHT_RESTRAINTS
FLEXIBLE_RINGS
AROMATIC_PLANARITY 0
CYCLE 0 0 Rw 0.13544335909306193 chi2 4932.895487338934 geom 594.6210701131058 LSQ 5751.373946782485
CYCLE 0 1 Rw 0.13541795196804163 chi2 4931.044987792487 geom 594.6210701131058 LSQ 5748.814453521794
CYCLE 0 2 Rw 0.1354146549880621 chi2 4930.804881389153 geom 594.6210701131058 LSQ 5748.638944882066
CYCLE 1 0 Rw 0.13381122126230233 chi2 4814.725711064916 geom 290.5216493010932 LSQ 5270.00394166924
CYCLE 1 1 Rw 0.13367477592253382 chi2 4804.911706831343 geom 13.93542204831407 LSQ 4902.701741904166
CYCLE 1 2 Rw 0.13337240430769076 chi2 4783.1989235305555 geom 7.995545779479215 LSQ 4875.19188375989
CYCLE 2 0 Rw 0.12877638386370469 chi2 4459.220350360467 geom 3.195711697544912 LSQ 4643.839982763276
CYCLE 2 1 Rw 0.1268896203125275 chi2 4329.509309637321 geom 4.299228213595666 LSQ 4418.083537979477
CYCLE 2 2 Rw 0.12680285308187234 chi2 4323.590289723585 geom 3.4976442441791464 LSQ 4407.893201379915
CYCLE 3 0 Rw 0.12258021726359902 chi2 4039.1692552686777 geom 3.6225416211888284 LSQ 4125.352607552424
CYCLE 3 1 Rw 0.1214824693972838 chi2 3967.14889859898 geom 3.653236933616233 LSQ 4048.287402073587
CYCLE 3 2 Rw 0.12020455070426371 chi2 3884.124100440605 geom 3.7657529429254413 LSQ 3965.742503231124
FINISHED X4f6fe58 0.12020455070426371
