START 0.09117775449446845 7295.256991966129
Imported powder pattern: 7062 points, 2theta=  5.470 ->  76.080, step= 0.010
EXTENDED 0.4 7062 Rw 0.08938686464266311
WITH_H 0.08922636304121062 42836621.54860277
Imported powder pattern: 7060 points, 2theta=  5.470 ->  76.060, step= 0.010
SCALED_SIGMA 77.89422401155942 7060.00066752557
TIGHT_RESTRAINTS
FLEXIBLE_RINGS
AROMATIC_PLANARITY 0
LSQ_PACKING 40 atoms 2204 terms sigma 0.01 cost 372.75833953886666
EXTENDED_BACKGROUND 0.08881449140689539
CYCLE 0 0 Rw 0.08917290158900901 chi2 7051.542302843853 geom 179.1899003427519 LSQ 7828.352205970503
CYCLE 0 1 Rw 0.08909011310768168 chi2 7038.455020205036 geom 179.1899003427519 LSQ 7825.135764026694
CYCLE 0 2 Rw 0.08910020555900591 chi2 7040.049793985823 geom 179.1899003427519 LSQ 7824.264099271175
PACKING_STAGE 0 276.86631158880164
CYCLE 1 0 Rw 0.08794732558921102 chi2 6859.044078777906 geom 245.82913677419432 LSQ 7658.774442727956
CYCLE 1 1 Rw 0.08748890309874452 chi2 6787.7253623955685 geom 195.26253750048264 LSQ 7516.824399978177
CYCLE 1 2 Rw 0.08680756998855799 chi2 6682.416138376757 geom 242.94530384827 LSQ 7497.878376622233
PACKING_STAGE 1 153.78060518781882
CYCLE 2 0 Rw 0.08690004249791398 chi2 6696.660723769279 geom 216.0043645795727 LSQ 7470.686075266982
CYCLE 2 1 Rw 0.08688454522382734 chi2 6694.272445698429 geom 214.30149786238562 LSQ 7463.282573592183
CYCLE 2 2 Rw 0.08687582953810045 chi2 6692.929462357564 geom 213.34163780272465 LSQ 7460.422306876466
PACKING_STAGE 2 151.99714561197231
CYCLE 3 0 Rw 0.08689601696978567 chi2 6696.040310454238 geom 209.4277255746535 LSQ 7453.035951733496
CYCLE 3 1 Rw 0.08694642238659403 chi2 6703.81085289226 geom 205.3279553540311 LSQ 7450.665957373562
CYCLE 3 2 Rw 0.08699679011147869 chi2 6711.580085777662 geom 201.44230631290677 LSQ 7448.629481471706
PACKING_STAGE 3 141.49519349273166
FINISHED X4f6fe58 0.08699679011147869
