START 0.1357748274662021 73920332.309964
ObjRegistry<T>::Find(H): Not found !!
List of Crystal ScatteringPowers :5 object registered:
#  0:ScatteringPowerAtom(O)
#  1:ScatteringPowerAtom(C)
#  2:ScatteringPowerAtom(N)
#  3:ScatteringPowerAtom(Cl)
#  4:ScatteringPowerAtom(Br)
WITH_H 0.13425461358427665 72373909.46214098
Imported powder pattern: 3981 points, 2theta=  5.470 ->  45.270, step= 0.010
SCALED_SIGMA 134.832605720839 3980.819686818688
CYCLE 0 0 Rw 0.13392443181369554 chi2 3961.4425750487726
CYCLE 0 1 Rw 0.13388734651791281 chi2 3959.2489360408917
CYCLE 0 2 Rw 0.13387436769350317 chi2 3958.4813667759136
CYCLE 1 0 Rw 0.12468473516755843 chi2 3433.683915521557
CYCLE 1 1 Rw 0.12486872757678776 chi2 3443.825299962971
CYCLE 1 2 Rw 0.13458613546332981 chi2 4000.6852544049875
CYCLE 2 0 Rw 0.1394857023194312 chi2 4297.274800824733
CYCLE 2 1 Rw 0.13578083737192723 chi2 4072.027526367378
CYCLE 2 2 Rw 0.1379261025980841 chi2 4201.715750139867
CYCLE 3 0 Rw 0.12784319581930764 chi2 3609.848511058077
CYCLE 3 1 Rw 0.1428709958825629 chi2 4508.39421394678
CYCLE 3 2 Rw 0.1306628374975749 chi2 3770.8383051098012
FINISHED X4f6fe58 0.1306628374975749
