START 0.09103416349977668 7348.98059102583
Imported powder pattern: 7062 points, 2theta=  5.470 ->  76.080, step= 0.010
EXTENDED 0.4 7062 Rw 0.08920585620310985
WITH_H 0.08903599938653108 42657055.14094585
Imported powder pattern: 7061 points, 2theta=  5.470 ->  76.070, step= 0.010
SCALED_SIGMA 77.72528611785559 7060.999999999963
TIGHT_RESTRAINTS
FLEXIBLE_RINGS
AROMATIC_PLANARITY 0
LSQ_PACKING 40 atoms 2204 terms sigma 0.01 cost 332.0889245427287
EXTENDED_BACKGROUND 0.08867831095268705
CYCLE 0 0 Rw 0.0888817363840247 chi2 7036.553541158374 geom 175.85852176918783 LSQ 7786.4165310489325
CYCLE 0 1 Rw 0.0887914437844164 chi2 7022.26430648783 geom 175.85852176918783 LSQ 7783.8355285741345
CYCLE 0 2 Rw 0.08880428757774038 chi2 7024.296012039712 geom 175.85852176918783 LSQ 7783.176067165154
PACKING_STAGE 0 255.22537603077993
CYCLE 1 0 Rw 0.08763293202160169 chi2 6840.212927415304 geom 235.0131013241628 LSQ 7626.894465213252
CYCLE 1 1 Rw 0.0871749847463764 chi2 6768.90931834899 geom 192.63624468954598 LSQ 7496.339771618098
CYCLE 1 2 Rw 0.08650322390982533 chi2 6664.990320969385 geom 236.468278333193 LSQ 7474.1415898825635
PACKING_STAGE 1 155.2719643866969
CYCLE 2 0 Rw 0.0865865805538413 chi2 6677.841608621103 geom 213.06908086776792 LSQ 7449.592124820949
CYCLE 2 1 Rw 0.08657090938794436 chi2 6675.424603749574 geom 211.715682265385 LSQ 7442.354504028349
CYCLE 2 2 Rw 0.08656184312784178 chi2 6674.026490524323 geom 210.9402706619478 LSQ 7439.7370201278345
PACKING_STAGE 2 152.83849580948615
CYCLE 3 0 Rw 0.08651069319419105 chi2 6666.14137303519 geom 210.14846013218488 LSQ 7430.320934554629
CYCLE 3 1 Rw 0.08648596681441283 chi2 6662.331300974289 geom 209.21254063962198 LSQ 7424.324537890218
CYCLE 3 2 Rw 0.08646378488878859 chi2 6658.914229023637 geom 208.34091160724589 LSQ 7420.228924759122
PACKING_STAGE 3 152.47704890250174
FINISHED X4f6fe58 0.08646378488878859
