START 0.10001631493766075 5162.6127307896695
Imported powder pattern: 7062 points, 2theta=  5.470 ->  76.080, step= 0.010
EXTENDED 0.4 7062 Rw 0.09637990897339094
WITH_H 0.09622898707344113 49820681.44723728
Imported powder pattern: 7059 points, 2theta=  5.470 ->  76.050, step= 0.010
SCALED_SIGMA 84.01043642224609 7058.416405662607
TIGHT_RESTRAINTS
FLEXIBLE_RINGS
AROMATIC_PLANARITY 0
LSQ_PACKING 40 atoms 2204 terms sigma 0.01 cost 744.3580530875845
EXTENDED_BACKGROUND 0.09255295099021807
CYCLE 0 0 Rw 0.0936176702010308 chi2 6681.085215185029 geom 71.42937013110458 LSQ 7375.428445366442
CYCLE 0 1 Rw 0.09364581198217134 chi2 6685.102531507101 geom 71.42937013110458 LSQ 7373.629048727824
CYCLE 0 2 Rw 0.09367723440619258 chi2 6689.589595362203 geom 71.42937013110458 LSQ 7373.5726689751555
PACKING_STAGE 0 406.17247009614397
CYCLE 1 0 Rw 0.09175593712543016 chi2 6417.999862712781 geom 201.05165824123802 LSQ 7104.597046049968
CYCLE 1 1 Rw 0.09087482033380492 chi2 6295.329753670582 geom 152.16366896243392 LSQ 6912.240027641605
CYCLE 1 2 Rw 0.08956915278101932 chi2 6115.729748081242 geom 231.79562487410027 LSQ 6867.259046273168
PACKING_STAGE 1 119.44473329826711
CYCLE 2 0 Rw 0.08969847905724247 chi2 6133.403144033572 geom 182.6109868150482 LSQ 6812.749694117181
CYCLE 2 1 Rw 0.08980051952187168 chi2 6147.365728412289 geom 176.02104426040253 LSQ 6811.414770308734
CYCLE 2 2 Rw 0.0897202804070628 chi2 6136.384972018412 geom 175.23042633604325 LSQ 6800.596364184621
PACKING_STAGE 2 118.4384370712437
CYCLE 3 0 Rw 0.0899479797683072 chi2 6167.571320526745 geom 155.0097312578228 LSQ 6787.364194078393
CYCLE 3 1 Rw 0.08998589880704012 chi2 6172.77249729376 geom 145.08613275554075 LSQ 6763.480175430939
CYCLE 3 2 Rw 0.08970171338165658 chi2 6133.845465316698 geom 140.80319983831748 LSQ 6709.157845273663
PACKING_STAGE 3 90.0616512606651
FINISHED X4f6fe58 0.08970171338165658
