ObjRegistry<T>::Find(m0_0_0_O0): Not found !!
List of Crystal ScatteringPowers :0 object registered:
ObjRegistry<T>::Find(m0_0_0_C1): Not found !!
List of Crystal ScatteringPowers :1 object registered:
#  0:ScatteringPowerAtom(m0_0_0_O0)
ObjRegistry<T>::Find(m0_0_0_C2): Not found !!
List of Crystal ScatteringPowers :2 object registered:
#  0:ScatteringPowerAtom(m0_0_0_O0)
#  1:ScatteringPowerAtom(m0_0_0_C1)
ObjRegistry<T>::Find(m0_0_0_N3): Not found !!
List of Crystal ScatteringPowers :3 object registered:
#  0:ScatteringPowerAtom(m0_0_0_O0)
#  1:ScatteringPowerAtom(m0_0_0_C1)
#  2:ScatteringPowerAtom(m0_0_0_C2)
ObjRegistry<T>::Find(m0_0_0_C4): Not found !!
List of Crystal ScatteringPowers :4 object registered:
#  0:ScatteringPowerAtom(m0_0_0_O0)
#  1:ScatteringPowerAtom(m0_0_0_C1)
#  2:ScatteringPowerAtom(m0_0_0_C2)
#  3:ScatteringPowerAtom(m0_0_0_N3)
ObjRegistry<T>::Find(m0_0_0_C5): Not found !!
List of Crystal ScatteringPowers :5 object registered:
#  0:ScatteringPowerAtom(m0_0_0_O0)
#  1:ScatteringPowerAtom(m0_0_0_C1)
#  2:ScatteringPowerAtom(m0_0_0_C2)
#  3:ScatteringPowerAtom(m0_0_0_N3)
#  4:ScatteringPowerAtom(m0_0_0_C4)
ObjRegistry<T>::Find(m0_0_0_C6): Not found !!
List of Crystal ScatteringPowers :6 object registered:
#  0:ScatteringPowerAtom(m0_0_0_O0)
#  1:ScatteringPowerAtom(m0_0_0_C1)
#  2:ScatteringPowerAtom(m0_0_0_C2)
#  3:ScatteringPowerAtom(m0_0_0_N3)
#  4:ScatteringPowerAtom(m0_0_0_C4)
#  5:ScatteringPowerAtom(m0_0_0_C5)
ObjRegistry<T>::Find(m0_0_0_C7): Not found !!
List of Crystal ScatteringPowers :7 object registered:
#  0:ScatteringPowerAtom(m0_0_0_O0)
#  1:ScatteringPowerAtom(m0_0_0_C1)
#  2:ScatteringPowerAtom(m0_0_0_C2)
#  3:ScatteringPowerAtom(m0_0_0_N3)
#  4:ScatteringPowerAtom(m0_0_0_C4)
#  5:ScatteringPowerAtom(m0_0_0_C5)
#  6:ScatteringPowerAtom(m0_0_0_C6)
ObjRegistry<T>::Find(m0_0_0_C8): Not found !!
List of Crystal ScatteringPowers :8 object registered:
#  0:ScatteringPowerAtom(m0_0_0_O0)
#  1:ScatteringPowerAtom(m0_0_0_C1)
#  2:ScatteringPowerAtom(m0_0_0_C2)
#  3:ScatteringPowerAtom(m0_0_0_N3)
#  4:ScatteringPowerAtom(m0_0_0_C4)
#  5:ScatteringPowerAtom(m0_0_0_C5)
#  6:ScatteringPowerAtom(m0_0_0_C6)
#  7:ScatteringPowerAtom(m0_0_0_C7)
ObjRegistry<T>::Find(m0_0_0_C9): Not found !!
List of Crystal ScatteringPowers :9 object registered:
#  0:ScatteringPowerAtom(m0_0_0_O0)
#  1:ScatteringPowerAtom(m0_0_0_C1)
#  2:ScatteringPowerAtom(m0_0_0_C2)
#  3:ScatteringPowerAtom(m0_0_0_N3)
#  4:ScatteringPowerAtom(m0_0_0_C4)
#  5:ScatteringPowerAtom(m0_0_0_C5)
#  6:ScatteringPowerAtom(m0_0_0_C6)
#  7:ScatteringPowerAtom(m0_0_0_C7)
#  8:ScatteringPowerAtom(m0_0_0_C8)
ObjRegistry<T>::Find(m0_0_0_C10): Not found !!
List of Crystal ScatteringPowers :10 object registered:
#  0:ScatteringPowerAtom(m0_0_0_O0)
#  1:ScatteringPowerAtom(m0_0_0_C1)
#  2:ScatteringPowerAtom(m0_0_0_C2)
#  3:ScatteringPowerAtom(m0_0_0_N3)
#  4:ScatteringPowerAtom(m0_0_0_C4)
#  5:ScatteringPowerAtom(m0_0_0_C5)
#  6:ScatteringPowerAtom(m0_0_0_C6)
#  7:ScatteringPowerAtom(m0_0_0_C7)
#  8:ScatteringPowerAtom(m0_0_0_C8)
#  9:ScatteringPowerAtom(m0_0_0_C9)
ObjRegistry<T>::Find(m0_0_0_Cl11): Not found !!
List of Crystal ScatteringPowers :11 object registered:
#  0:ScatteringPowerAtom(m0_0_0_O0)
#  1:ScatteringPowerAtom(m0_0_0_C1)
#  2:ScatteringPowerAtom(m0_0_0_C2)
#  3:ScatteringPowerAtom(m0_0_0_N3)
#  4:ScatteringPowerAtom(m0_0_0_C4)
#  5:ScatteringPowerAtom(m0_0_0_C5)
#  6:ScatteringPowerAtom(m0_0_0_C6)
#  7:ScatteringPowerAtom(m0_0_0_C7)
#  8:ScatteringPowerAtom(m0_0_0_C8)
#  9:ScatteringPowerAtom(m0_0_0_C9)
# 10:ScatteringPowerAtom(m0_0_0_C10)
ObjRegistry<T>::Find(m0_0_0_C12): Not found !!
List of Crystal ScatteringPowers :12 object registered:
#  0:ScatteringPowerAtom(m0_0_0_O0)
#  1:ScatteringPowerAtom(m0_0_0_C1)
#  2:ScatteringPowerAtom(m0_0_0_C2)
#  3:ScatteringPowerAtom(m0_0_0_N3)
#  4:ScatteringPowerAtom(m0_0_0_C4)
#  5:ScatteringPowerAtom(m0_0_0_C5)
#  6:ScatteringPowerAtom(m0_0_0_C6)
#  7:ScatteringPowerAtom(m0_0_0_C7)
#  8:ScatteringPowerAtom(m0_0_0_C8)
#  9:ScatteringPowerAtom(m0_0_0_C9)
# 10:ScatteringPowerAtom(m0_0_0_C10)
# 11:ScatteringPowerAtom(m0_0_0_Cl11)
ObjRegistry<T>::Find(m0_0_0_C13): Not found !!
List of Crystal ScatteringPowers :13 object registered:
#  0:ScatteringPowerAtom(m0_0_0_O0)
#  1:ScatteringPowerAtom(m0_0_0_C1)
#  2:ScatteringPowerAtom(m0_0_0_C2)
#  3:ScatteringPowerAtom(m0_0_0_N3)
#  4:ScatteringPowerAtom(m0_0_0_C4)
#  5:ScatteringPowerAtom(m0_0_0_C5)
#  6:ScatteringPowerAtom(m0_0_0_C6)
#  7:ScatteringPowerAtom(m0_0_0_C7)
#  8:ScatteringPowerAtom(m0_0_0_C8)
#  9:ScatteringPowerAtom(m0_0_0_C9)
# 10:ScatteringPowerAtom(m0_0_0_C10)
# 11:ScatteringPowerAtom(m0_0_0_Cl11)
# 12:ScatteringPowerAtom(m0_0_0_C12)
ObjRegistry<T>::Find(m0_0_0_C14): Not found !!
List of Crystal ScatteringPowers :14 object registered:
#  0:ScatteringPowerAtom(m0_0_0_O0)
#  1:ScatteringPowerAtom(m0_0_0_C1)
#  2:ScatteringPowerAtom(m0_0_0_C2)
#  3:ScatteringPowerAtom(m0_0_0_N3)
#  4:ScatteringPowerAtom(m0_0_0_C4)
#  5:ScatteringPowerAtom(m0_0_0_C5)
#  6:ScatteringPowerAtom(m0_0_0_C6)
#  7:ScatteringPowerAtom(m0_0_0_C7)
#  8:ScatteringPowerAtom(m0_0_0_C8)
#  9:ScatteringPowerAtom(m0_0_0_C9)
# 10:ScatteringPowerAtom(m0_0_0_C10)
# 11:ScatteringPowerAtom(m0_0_0_Cl11)
# 12:ScatteringPowerAtom(m0_0_0_C12)
# 13:ScatteringPowerAtom(m0_0_0_C13)
ObjRegistry<T>::Find(m0_0_0_Br15): Not found !!
List of Crystal ScatteringPowers :15 object registered:
#  0:ScatteringPowerAtom(m0_0_0_O0)
#  1:ScatteringPowerAtom(m0_0_0_C1)
#  2:ScatteringPowerAtom(m0_0_0_C2)
#  3:ScatteringPowerAtom(m0_0_0_N3)
#  4:ScatteringPowerAtom(m0_0_0_C4)
#  5:ScatteringPowerAtom(m0_0_0_C5)
#  6:ScatteringPowerAtom(m0_0_0_C6)
#  7:ScatteringPowerAtom(m0_0_0_C7)
#  8:ScatteringPowerAtom(m0_0_0_C8)
#  9:ScatteringPowerAtom(m0_0_0_C9)
# 10:ScatteringPowerAtom(m0_0_0_C10)
# 11:ScatteringPowerAtom(m0_0_0_Cl11)
# 12:ScatteringPowerAtom(m0_0_0_C12)
# 13:ScatteringPowerAtom(m0_0_0_C13)
# 14:ScatteringPowerAtom(m0_0_0_C14)
ObjRegistry<T>::Find(m0_0_0_C16): Not found !!
List of Crystal ScatteringPowers :16 object registered:
#  0:ScatteringPowerAtom(m0_0_0_O0)
#  1:ScatteringPowerAtom(m0_0_0_C1)
#  2:ScatteringPowerAtom(m0_0_0_C2)
#  3:ScatteringPowerAtom(m0_0_0_N3)
#  4:ScatteringPowerAtom(m0_0_0_C4)
#  5:ScatteringPowerAtom(m0_0_0_C5)
#  6:ScatteringPowerAtom(m0_0_0_C6)
#  7:ScatteringPowerAtom(m0_0_0_C7)
#  8:ScatteringPowerAtom(m0_0_0_C8)
#  9:ScatteringPowerAtom(m0_0_0_C9)
# 10:ScatteringPowerAtom(m0_0_0_C10)
# 11:ScatteringPowerAtom(m0_0_0_Cl11)
# 12:ScatteringPowerAtom(m0_0_0_C12)
# 13:ScatteringPowerAtom(m0_0_0_C13)
# 14:ScatteringPowerAtom(m0_0_0_C14)
# 15:ScatteringPowerAtom(m0_0_0_Br15)
ObjRegistry<T>::Find(m0_0_0_C17): Not found !!
List of Crystal ScatteringPowers :17 object registered:
#  0:ScatteringPowerAtom(m0_0_0_O0)
#  1:ScatteringPowerAtom(m0_0_0_C1)
#  2:ScatteringPowerAtom(m0_0_0_C2)
#  3:ScatteringPowerAtom(m0_0_0_N3)
#  4:ScatteringPowerAtom(m0_0_0_C4)
#  5:ScatteringPowerAtom(m0_0_0_C5)
#  6:ScatteringPowerAtom(m0_0_0_C6)
#  7:ScatteringPowerAtom(m0_0_0_C7)
#  8:ScatteringPowerAtom(m0_0_0_C8)
#  9:ScatteringPowerAtom(m0_0_0_C9)
# 10:ScatteringPowerAtom(m0_0_0_C10)
# 11:ScatteringPowerAtom(m0_0_0_Cl11)
# 12:ScatteringPowerAtom(m0_0_0_C12)
# 13:ScatteringPowerAtom(m0_0_0_C13)
# 14:ScatteringPowerAtom(m0_0_0_C14)
# 15:ScatteringPowerAtom(m0_0_0_Br15)
# 16:ScatteringPowerAtom(m0_0_0_C16)
ObjRegistry<T>::Find(m0_0_0_C18): Not found !!
List of Crystal ScatteringPowers :18 object registered:
#  0:ScatteringPowerAtom(m0_0_0_O0)
#  1:ScatteringPowerAtom(m0_0_0_C1)
#  2:ScatteringPowerAtom(m0_0_0_C2)
#  3:ScatteringPowerAtom(m0_0_0_N3)
#  4:ScatteringPowerAtom(m0_0_0_C4)
#  5:ScatteringPowerAtom(m0_0_0_C5)
#  6:ScatteringPowerAtom(m0_0_0_C6)
#  7:ScatteringPowerAtom(m0_0_0_C7)
#  8:ScatteringPowerAtom(m0_0_0_C8)
#  9:ScatteringPowerAtom(m0_0_0_C9)
# 10:ScatteringPowerAtom(m0_0_0_C10)
# 11:ScatteringPowerAtom(m0_0_0_Cl11)
# 12:ScatteringPowerAtom(m0_0_0_C12)
# 13:ScatteringPowerAtom(m0_0_0_C13)
# 14:ScatteringPowerAtom(m0_0_0_C14)
# 15:ScatteringPowerAtom(m0_0_0_Br15)
# 16:ScatteringPowerAtom(m0_0_0_C16)
# 17:ScatteringPowerAtom(m0_0_0_C17)
ObjRegistry<T>::Find(m0_0_0_N19): Not found !!
List of Crystal ScatteringPowers :19 object registered:
#  0:ScatteringPowerAtom(m0_0_0_O0)
#  1:ScatteringPowerAtom(m0_0_0_C1)
#  2:ScatteringPowerAtom(m0_0_0_C2)
#  3:ScatteringPowerAtom(m0_0_0_N3)
#  4:ScatteringPowerAtom(m0_0_0_C4)
#  5:ScatteringPowerAtom(m0_0_0_C5)
#  6:ScatteringPowerAtom(m0_0_0_C6)
#  7:ScatteringPowerAtom(m0_0_0_C7)
#  8:ScatteringPowerAtom(m0_0_0_C8)
#  9:ScatteringPowerAtom(m0_0_0_C9)
# 10:ScatteringPowerAtom(m0_0_0_C10)
# 11:ScatteringPowerAtom(m0_0_0_Cl11)
# 12:ScatteringPowerAtom(m0_0_0_C12)
# 13:ScatteringPowerAtom(m0_0_0_C13)
# 14:ScatteringPowerAtom(m0_0_0_C14)
# 15:ScatteringPowerAtom(m0_0_0_Br15)
# 16:ScatteringPowerAtom(m0_0_0_C16)
# 17:ScatteringPowerAtom(m0_0_0_C17)
# 18:ScatteringPowerAtom(m0_0_0_C18)
ObjRegistry<T>::Find(m1_0_0_O0): Not found !!
List of Crystal ScatteringPowers :20 object registered:
#  0:ScatteringPowerAtom(m0_0_0_O0)
#  1:ScatteringPowerAtom(m0_0_0_C1)
#  2:ScatteringPowerAtom(m0_0_0_C2)
#  3:ScatteringPowerAtom(m0_0_0_N3)
#  4:ScatteringPowerAtom(m0_0_0_C4)
#  5:ScatteringPowerAtom(m0_0_0_C5)
#  6:ScatteringPowerAtom(m0_0_0_C6)
#  7:ScatteringPowerAtom(m0_0_0_C7)
#  8:ScatteringPowerAtom(m0_0_0_C8)
#  9:ScatteringPowerAtom(m0_0_0_C9)
# 10:ScatteringPowerAtom(m0_0_0_C10)
# 11:ScatteringPowerAtom(m0_0_0_Cl11)
# 12:ScatteringPowerAtom(m0_0_0_C12)
# 13:ScatteringPowerAtom(m0_0_0_C13)
# 14:ScatteringPowerAtom(m0_0_0_C14)
# 15:ScatteringPowerAtom(m0_0_0_Br15)
# 16:ScatteringPowerAtom(m0_0_0_C16)
# 17:ScatteringPowerAtom(m0_0_0_C17)
# 18:ScatteringPowerAtom(m0_0_0_C18)
# 19:ScatteringPowerAtom(m0_0_0_N19)
ObjRegistry<T>::Find(m1_0_0_C1): Not found !!
List of Crystal ScatteringPowers :21 object registered:
#  0:ScatteringPowerAtom(m0_0_0_O0)
#  1:ScatteringPowerAtom(m0_0_0_C1)
#  2:ScatteringPowerAtom(m0_0_0_C2)
#  3:ScatteringPowerAtom(m0_0_0_N3)
#  4:ScatteringPowerAtom(m0_0_0_C4)
#  5:ScatteringPowerAtom(m0_0_0_C5)
#  6:ScatteringPowerAtom(m0_0_0_C6)
#  7:ScatteringPowerAtom(m0_0_0_C7)
#  8:ScatteringPowerAtom(m0_0_0_C8)
#  9:ScatteringPowerAtom(m0_0_0_C9)
# 10:ScatteringPowerAtom(m0_0_0_C10)
# 11:ScatteringPowerAtom(m0_0_0_Cl11)
# 12:ScatteringPowerAtom(m0_0_0_C12)
# 13:ScatteringPowerAtom(m0_0_0_C13)
# 14:ScatteringPowerAtom(m0_0_0_C14)
# 15:ScatteringPowerAtom(m0_0_0_Br15)
# 16:ScatteringPowerAtom(m0_0_0_C16)
# 17:ScatteringPowerAtom(m0_0_0_C17)
# 18:ScatteringPowerAtom(m0_0_0_C18)
# 19:ScatteringPowerAtom(m0_0_0_N19)
# 20:ScatteringPowerAtom(m1_0_0_O0)
ObjRegistry<T>::Find(m1_0_0_C2): Not found !!
List of Crystal ScatteringPowers :22 object registered:
#  0:ScatteringPowerAtom(m0_0_0_O0)
#  1:ScatteringPowerAtom(m0_0_0_C1)
#  2:ScatteringPowerAtom(m0_0_0_C2)
#  3:ScatteringPowerAtom(m0_0_0_N3)
#  4:ScatteringPowerAtom(m0_0_0_C4)
#  5:ScatteringPowerAtom(m0_0_0_C5)
#  6:ScatteringPowerAtom(m0_0_0_C6)
#  7:ScatteringPowerAtom(m0_0_0_C7)
#  8:ScatteringPowerAtom(m0_0_0_C8)
#  9:ScatteringPowerAtom(m0_0_0_C9)
# 10:ScatteringPowerAtom(m0_0_0_C10)
# 11:ScatteringPowerAtom(m0_0_0_Cl11)
# 12:ScatteringPowerAtom(m0_0_0_C12)
# 13:ScatteringPowerAtom(m0_0_0_C13)
# 14:ScatteringPowerAtom(m0_0_0_C14)
# 15:ScatteringPowerAtom(m0_0_0_Br15)
# 16:ScatteringPowerAtom(m0_0_0_C16)
# 17:ScatteringPowerAtom(m0_0_0_C17)
# 18:ScatteringPowerAtom(m0_0_0_C18)
# 19:ScatteringPowerAtom(m0_0_0_N19)
# 20:ScatteringPowerAtom(m1_0_0_O0)
# 21:ScatteringPowerAtom(m1_0_0_C1)
ObjRegistry<T>::Find(m1_0_0_N3): Not found !!
List of Crystal ScatteringPowers :23 object registered:
#  0:ScatteringPowerAtom(m0_0_0_O0)
#  1:ScatteringPowerAtom(m0_0_0_C1)
#  2:ScatteringPowerAtom(m0_0_0_C2)
#  3:ScatteringPowerAtom(m0_0_0_N3)
#  4:ScatteringPowerAtom(m0_0_0_C4)
#  5:ScatteringPowerAtom(m0_0_0_C5)
#  6:ScatteringPowerAtom(m0_0_0_C6)
#  7:ScatteringPowerAtom(m0_0_0_C7)
#  8:ScatteringPowerAtom(m0_0_0_C8)
#  9:ScatteringPowerAtom(m0_0_0_C9)
# 10:ScatteringPowerAtom(m0_0_0_C10)
# 11:ScatteringPowerAtom(m0_0_0_Cl11)
# 12:ScatteringPowerAtom(m0_0_0_C12)
# 13:ScatteringPowerAtom(m0_0_0_C13)
# 14:ScatteringPowerAtom(m0_0_0_C14)
# 15:ScatteringPowerAtom(m0_0_0_Br15)
# 16:ScatteringPowerAtom(m0_0_0_C16)
# 17:ScatteringPowerAtom(m0_0_0_C17)
# 18:ScatteringPowerAtom(m0_0_0_C18)
# 19:ScatteringPowerAtom(m0_0_0_N19)
# 20:ScatteringPowerAtom(m1_0_0_O0)
# 21:ScatteringPowerAtom(m1_0_0_C1)
# 22:ScatteringPowerAtom(m1_0_0_C2)
ObjRegistry<T>::Find(m1_0_0_C4): Not found !!
List of Crystal ScatteringPowers :24 object registered:
#  0:ScatteringPowerAtom(m0_0_0_O0)
#  1:ScatteringPowerAtom(m0_0_0_C1)
#  2:ScatteringPowerAtom(m0_0_0_C2)
#  3:ScatteringPowerAtom(m0_0_0_N3)
#  4:ScatteringPowerAtom(m0_0_0_C4)
#  5:ScatteringPowerAtom(m0_0_0_C5)
#  6:ScatteringPowerAtom(m0_0_0_C6)
#  7:ScatteringPowerAtom(m0_0_0_C7)
#  8:ScatteringPowerAtom(m0_0_0_C8)
#  9:ScatteringPowerAtom(m0_0_0_C9)
# 10:ScatteringPowerAtom(m0_0_0_C10)
# 11:ScatteringPowerAtom(m0_0_0_Cl11)
# 12:ScatteringPowerAtom(m0_0_0_C12)
# 13:ScatteringPowerAtom(m0_0_0_C13)
# 14:ScatteringPowerAtom(m0_0_0_C14)
# 15:ScatteringPowerAtom(m0_0_0_Br15)
# 16:ScatteringPowerAtom(m0_0_0_C16)
# 17:ScatteringPowerAtom(m0_0_0_C17)
# 18:ScatteringPowerAtom(m0_0_0_C18)
# 19:ScatteringPowerAtom(m0_0_0_N19)
# 20:ScatteringPowerAtom(m1_0_0_O0)
# 21:ScatteringPowerAtom(m1_0_0_C1)
# 22:ScatteringPowerAtom(m1_0_0_C2)
# 23:ScatteringPowerAtom(m1_0_0_N3)
ObjRegistry<T>::Find(m1_0_0_C5): Not found !!
List of Crystal ScatteringPowers :25 object registered:
#  0:ScatteringPowerAtom(m0_0_0_O0)
#  1:ScatteringPowerAtom(m0_0_0_C1)
#  2:ScatteringPowerAtom(m0_0_0_C2)
#  3:ScatteringPowerAtom(m0_0_0_N3)
#  4:ScatteringPowerAtom(m0_0_0_C4)
#  5:ScatteringPowerAtom(m0_0_0_C5)
#  6:ScatteringPowerAtom(m0_0_0_C6)
#  7:ScatteringPowerAtom(m0_0_0_C7)
#  8:ScatteringPowerAtom(m0_0_0_C8)
#  9:ScatteringPowerAtom(m0_0_0_C9)
# 10:ScatteringPowerAtom(m0_0_0_C10)
# 11:ScatteringPowerAtom(m0_0_0_Cl11)
# 12:ScatteringPowerAtom(m0_0_0_C12)
# 13:ScatteringPowerAtom(m0_0_0_C13)
# 14:ScatteringPowerAtom(m0_0_0_C14)
# 15:ScatteringPowerAtom(m0_0_0_Br15)
# 16:ScatteringPowerAtom(m0_0_0_C16)
# 17:ScatteringPowerAtom(m0_0_0_C17)
# 18:ScatteringPowerAtom(m0_0_0_C18)
# 19:ScatteringPowerAtom(m0_0_0_N19)
# 20:ScatteringPowerAtom(m1_0_0_O0)
# 21:ScatteringPowerAtom(m1_0_0_C1)
# 22:ScatteringPowerAtom(m1_0_0_C2)
# 23:ScatteringPowerAtom(m1_0_0_N3)
# 24:ScatteringPowerAtom(m1_0_0_C4)
ObjRegistry<T>::Find(m1_0_0_C6): Not found !!
List of Crystal ScatteringPowers :26 object registered:
#  0:ScatteringPowerAtom(m0_0_0_O0)
#  1:ScatteringPowerAtom(m0_0_0_C1)
#  2:ScatteringPowerAtom(m0_0_0_C2)
#  3:ScatteringPowerAtom(m0_0_0_N3)
#  4:ScatteringPowerAtom(m0_0_0_C4)
#  5:ScatteringPowerAtom(m0_0_0_C5)
#  6:ScatteringPowerAtom(m0_0_0_C6)
#  7:ScatteringPowerAtom(m0_0_0_C7)
#  8:ScatteringPowerAtom(m0_0_0_C8)
#  9:ScatteringPowerAtom(m0_0_0_C9)
# 10:ScatteringPowerAtom(m0_0_0_C10)
# 11:ScatteringPowerAtom(m0_0_0_Cl11)
# 12:ScatteringPowerAtom(m0_0_0_C12)
# 13:ScatteringPowerAtom(m0_0_0_C13)
# 14:ScatteringPowerAtom(m0_0_0_C14)
# 15:ScatteringPowerAtom(m0_0_0_Br15)
# 16:ScatteringPowerAtom(m0_0_0_C16)
# 17:ScatteringPowerAtom(m0_0_0_C17)
# 18:ScatteringPowerAtom(m0_0_0_C18)
# 19:ScatteringPowerAtom(m0_0_0_N19)
# 20:ScatteringPowerAtom(m1_0_0_O0)
# 21:ScatteringPowerAtom(m1_0_0_C1)
# 22:ScatteringPowerAtom(m1_0_0_C2)
# 23:ScatteringPowerAtom(m1_0_0_N3)
# 24:ScatteringPowerAtom(m1_0_0_C4)
# 25:ScatteringPowerAtom(m1_0_0_C5)
ObjRegistry<T>::Find(m1_0_0_C7): Not found !!
List of Crystal ScatteringPowers :27 object registered:
#  0:ScatteringPowerAtom(m0_0_0_O0)
#  1:ScatteringPowerAtom(m0_0_0_C1)
#  2:ScatteringPowerAtom(m0_0_0_C2)
#  3:ScatteringPowerAtom(m0_0_0_N3)
#  4:ScatteringPowerAtom(m0_0_0_C4)
#  5:ScatteringPowerAtom(m0_0_0_C5)
#  6:ScatteringPowerAtom(m0_0_0_C6)
#  7:ScatteringPowerAtom(m0_0_0_C7)
#  8:ScatteringPowerAtom(m0_0_0_C8)
#  9:ScatteringPowerAtom(m0_0_0_C9)
# 10:ScatteringPowerAtom(m0_0_0_C10)
# 11:ScatteringPowerAtom(m0_0_0_Cl11)
# 12:ScatteringPowerAtom(m0_0_0_C12)
# 13:ScatteringPowerAtom(m0_0_0_C13)
# 14:ScatteringPowerAtom(m0_0_0_C14)
# 15:ScatteringPowerAtom(m0_0_0_Br15)
# 16:ScatteringPowerAtom(m0_0_0_C16)
# 17:ScatteringPowerAtom(m0_0_0_C17)
# 18:ScatteringPowerAtom(m0_0_0_C18)
# 19:ScatteringPowerAtom(m0_0_0_N19)
# 20:ScatteringPowerAtom(m1_0_0_O0)
# 21:ScatteringPowerAtom(m1_0_0_C1)
# 22:ScatteringPowerAtom(m1_0_0_C2)
# 23:ScatteringPowerAtom(m1_0_0_N3)
# 24:ScatteringPowerAtom(m1_0_0_C4)
# 25:ScatteringPowerAtom(m1_0_0_C5)
# 26:ScatteringPowerAtom(m1_0_0_C6)
ObjRegistry<T>::Find(m1_0_0_C8): Not found !!
List of Crystal ScatteringPowers :28 object registered:
#  0:ScatteringPowerAtom(m0_0_0_O0)
#  1:ScatteringPowerAtom(m0_0_0_C1)
#  2:ScatteringPowerAtom(m0_0_0_C2)
#  3:ScatteringPowerAtom(m0_0_0_N3)
#  4:ScatteringPowerAtom(m0_0_0_C4)
#  5:ScatteringPowerAtom(m0_0_0_C5)
#  6:ScatteringPowerAtom(m0_0_0_C6)
#  7:ScatteringPowerAtom(m0_0_0_C7)
#  8:ScatteringPowerAtom(m0_0_0_C8)
#  9:ScatteringPowerAtom(m0_0_0_C9)
# 10:ScatteringPowerAtom(m0_0_0_C10)
# 11:ScatteringPowerAtom(m0_0_0_Cl11)
# 12:ScatteringPowerAtom(m0_0_0_C12)
# 13:ScatteringPowerAtom(m0_0_0_C13)
# 14:ScatteringPowerAtom(m0_0_0_C14)
# 15:ScatteringPowerAtom(m0_0_0_Br15)
# 16:ScatteringPowerAtom(m0_0_0_C16)
# 17:ScatteringPowerAtom(m0_0_0_C17)
# 18:ScatteringPowerAtom(m0_0_0_C18)
# 19:ScatteringPowerAtom(m0_0_0_N19)
# 20:ScatteringPowerAtom(m1_0_0_O0)
# 21:ScatteringPowerAtom(m1_0_0_C1)
# 22:ScatteringPowerAtom(m1_0_0_C2)
# 23:ScatteringPowerAtom(m1_0_0_N3)
# 24:ScatteringPowerAtom(m1_0_0_C4)
# 25:ScatteringPowerAtom(m1_0_0_C5)
# 26:ScatteringPowerAtom(m1_0_0_C6)
# 27:ScatteringPowerAtom(m1_0_0_C7)
ObjRegistry<T>::Find(m1_0_0_C9): Not found !!
List of Crystal ScatteringPowers :29 object registered:
#  0:ScatteringPowerAtom(m0_0_0_O0)
#  1:ScatteringPowerAtom(m0_0_0_C1)
#  2:ScatteringPowerAtom(m0_0_0_C2)
#  3:ScatteringPowerAtom(m0_0_0_N3)
#  4:ScatteringPowerAtom(m0_0_0_C4)
#  5:ScatteringPowerAtom(m0_0_0_C5)
#  6:ScatteringPowerAtom(m0_0_0_C6)
#  7:ScatteringPowerAtom(m0_0_0_C7)
#  8:ScatteringPowerAtom(m0_0_0_C8)
#  9:ScatteringPowerAtom(m0_0_0_C9)
# 10:ScatteringPowerAtom(m0_0_0_C10)
# 11:ScatteringPowerAtom(m0_0_0_Cl11)
# 12:ScatteringPowerAtom(m0_0_0_C12)
# 13:ScatteringPowerAtom(m0_0_0_C13)
# 14:ScatteringPowerAtom(m0_0_0_C14)
# 15:ScatteringPowerAtom(m0_0_0_Br15)
# 16:ScatteringPowerAtom(m0_0_0_C16)
# 17:ScatteringPowerAtom(m0_0_0_C17)
# 18:ScatteringPowerAtom(m0_0_0_C18)
# 19:ScatteringPowerAtom(m0_0_0_N19)
# 20:ScatteringPowerAtom(m1_0_0_O0)
# 21:ScatteringPowerAtom(m1_0_0_C1)
# 22:ScatteringPowerAtom(m1_0_0_C2)
# 23:ScatteringPowerAtom(m1_0_0_N3)
# 24:ScatteringPowerAtom(m1_0_0_C4)
# 25:ScatteringPowerAtom(m1_0_0_C5)
# 26:ScatteringPowerAtom(m1_0_0_C6)
# 27:ScatteringPowerAtom(m1_0_0_C7)
# 28:ScatteringPowerAtom(m1_0_0_C8)
ObjRegistry<T>::Find(m1_0_0_C10): Not found !!
List of Crystal ScatteringPowers :30 object registered:
#  0:ScatteringPowerAtom(m0_0_0_O0)
#  1:ScatteringPowerAtom(m0_0_0_C1)
#  2:ScatteringPowerAtom(m0_0_0_C2)
#  3:ScatteringPowerAtom(m0_0_0_N3)
#  4:ScatteringPowerAtom(m0_0_0_C4)
#  5:ScatteringPowerAtom(m0_0_0_C5)
#  6:ScatteringPowerAtom(m0_0_0_C6)
#  7:ScatteringPowerAtom(m0_0_0_C7)
#  8:ScatteringPowerAtom(m0_0_0_C8)
#  9:ScatteringPowerAtom(m0_0_0_C9)
# 10:ScatteringPowerAtom(m0_0_0_C10)
# 11:ScatteringPowerAtom(m0_0_0_Cl11)
# 12:ScatteringPowerAtom(m0_0_0_C12)
# 13:ScatteringPowerAtom(m0_0_0_C13)
# 14:ScatteringPowerAtom(m0_0_0_C14)
# 15:ScatteringPowerAtom(m0_0_0_Br15)
# 16:ScatteringPowerAtom(m0_0_0_C16)
# 17:ScatteringPowerAtom(m0_0_0_C17)
# 18:ScatteringPowerAtom(m0_0_0_C18)
# 19:ScatteringPowerAtom(m0_0_0_N19)
# 20:ScatteringPowerAtom(m1_0_0_O0)
# 21:ScatteringPowerAtom(m1_0_0_C1)
# 22:ScatteringPowerAtom(m1_0_0_C2)
# 23:ScatteringPowerAtom(m1_0_0_N3)
# 24:ScatteringPowerAtom(m1_0_0_C4)
# 25:ScatteringPowerAtom(m1_0_0_C5)
# 26:ScatteringPowerAtom(m1_0_0_C6)
# 27:ScatteringPowerAtom(m1_0_0_C7)
# 28:ScatteringPowerAtom(m1_0_0_C8)
# 29:ScatteringPowerAtom(m1_0_0_C9)
ObjRegistry<T>::Find(m1_0_0_Cl11): Not found !!
List of Crystal ScatteringPowers :31 object registered:
#  0:ScatteringPowerAtom(m0_0_0_O0)
#  1:ScatteringPowerAtom(m0_0_0_C1)
#  2:ScatteringPowerAtom(m0_0_0_C2)
#  3:ScatteringPowerAtom(m0_0_0_N3)
#  4:ScatteringPowerAtom(m0_0_0_C4)
#  5:ScatteringPowerAtom(m0_0_0_C5)
#  6:ScatteringPowerAtom(m0_0_0_C6)
#  7:ScatteringPowerAtom(m0_0_0_C7)
#  8:ScatteringPowerAtom(m0_0_0_C8)
#  9:ScatteringPowerAtom(m0_0_0_C9)
# 10:ScatteringPowerAtom(m0_0_0_C10)
# 11:ScatteringPowerAtom(m0_0_0_Cl11)
# 12:ScatteringPowerAtom(m0_0_0_C12)
# 13:ScatteringPowerAtom(m0_0_0_C13)
# 14:ScatteringPowerAtom(m0_0_0_C14)
# 15:ScatteringPowerAtom(m0_0_0_Br15)
# 16:ScatteringPowerAtom(m0_0_0_C16)
# 17:ScatteringPowerAtom(m0_0_0_C17)
# 18:ScatteringPowerAtom(m0_0_0_C18)
# 19:ScatteringPowerAtom(m0_0_0_N19)
# 20:ScatteringPowerAtom(m1_0_0_O0)
# 21:ScatteringPowerAtom(m1_0_0_C1)
# 22:ScatteringPowerAtom(m1_0_0_C2)
# 23:ScatteringPowerAtom(m1_0_0_N3)
# 24:ScatteringPowerAtom(m1_0_0_C4)
# 25:ScatteringPowerAtom(m1_0_0_C5)
# 26:ScatteringPowerAtom(m1_0_0_C6)
# 27:ScatteringPowerAtom(m1_0_0_C7)
# 28:ScatteringPowerAtom(m1_0_0_C8)
# 29:ScatteringPowerAtom(m1_0_0_C9)
# 30:ScatteringPowerAtom(m1_0_0_C10)
ObjRegistry<T>::Find(m1_0_0_C12): Not found !!
List of Crystal ScatteringPowers :32 object registered:
#  0:ScatteringPowerAtom(m0_0_0_O0)
#  1:ScatteringPowerAtom(m0_0_0_C1)
#  2:ScatteringPowerAtom(m0_0_0_C2)
#  3:ScatteringPowerAtom(m0_0_0_N3)
#  4:ScatteringPowerAtom(m0_0_0_C4)
#  5:ScatteringPowerAtom(m0_0_0_C5)
#  6:ScatteringPowerAtom(m0_0_0_C6)
#  7:ScatteringPowerAtom(m0_0_0_C7)
#  8:ScatteringPowerAtom(m0_0_0_C8)
#  9:ScatteringPowerAtom(m0_0_0_C9)
# 10:ScatteringPowerAtom(m0_0_0_C10)
# 11:ScatteringPowerAtom(m0_0_0_Cl11)
# 12:ScatteringPowerAtom(m0_0_0_C12)
# 13:ScatteringPowerAtom(m0_0_0_C13)
# 14:ScatteringPowerAtom(m0_0_0_C14)
# 15:ScatteringPowerAtom(m0_0_0_Br15)
# 16:ScatteringPowerAtom(m0_0_0_C16)
# 17:ScatteringPowerAtom(m0_0_0_C17)
# 18:ScatteringPowerAtom(m0_0_0_C18)
# 19:ScatteringPowerAtom(m0_0_0_N19)
# 20:ScatteringPowerAtom(m1_0_0_O0)
# 21:ScatteringPowerAtom(m1_0_0_C1)
# 22:ScatteringPowerAtom(m1_0_0_C2)
# 23:ScatteringPowerAtom(m1_0_0_N3)
# 24:ScatteringPowerAtom(m1_0_0_C4)
# 25:ScatteringPowerAtom(m1_0_0_C5)
# 26:ScatteringPowerAtom(m1_0_0_C6)
# 27:ScatteringPowerAtom(m1_0_0_C7)
# 28:ScatteringPowerAtom(m1_0_0_C8)
# 29:ScatteringPowerAtom(m1_0_0_C9)
# 30:ScatteringPowerAtom(m1_0_0_C10)
# 31:ScatteringPowerAtom(m1_0_0_Cl11)
ObjRegistry<T>::Find(m1_0_0_C13): Not found !!
List of Crystal ScatteringPowers :33 object registered:
#  0:ScatteringPowerAtom(m0_0_0_O0)
#  1:ScatteringPowerAtom(m0_0_0_C1)
#  2:ScatteringPowerAtom(m0_0_0_C2)
#  3:ScatteringPowerAtom(m0_0_0_N3)
#  4:ScatteringPowerAtom(m0_0_0_C4)
#  5:ScatteringPowerAtom(m0_0_0_C5)
#  6:ScatteringPowerAtom(m0_0_0_C6)
#  7:ScatteringPowerAtom(m0_0_0_C7)
#  8:ScatteringPowerAtom(m0_0_0_C8)
#  9:ScatteringPowerAtom(m0_0_0_C9)
# 10:ScatteringPowerAtom(m0_0_0_C10)
# 11:ScatteringPowerAtom(m0_0_0_Cl11)
# 12:ScatteringPowerAtom(m0_0_0_C12)
# 13:ScatteringPowerAtom(m0_0_0_C13)
# 14:ScatteringPowerAtom(m0_0_0_C14)
# 15:ScatteringPowerAtom(m0_0_0_Br15)
# 16:ScatteringPowerAtom(m0_0_0_C16)
# 17:ScatteringPowerAtom(m0_0_0_C17)
# 18:ScatteringPowerAtom(m0_0_0_C18)
# 19:ScatteringPowerAtom(m0_0_0_N19)
# 20:ScatteringPowerAtom(m1_0_0_O0)
# 21:ScatteringPowerAtom(m1_0_0_C1)
# 22:ScatteringPowerAtom(m1_0_0_C2)
# 23:ScatteringPowerAtom(m1_0_0_N3)
# 24:ScatteringPowerAtom(m1_0_0_C4)
# 25:ScatteringPowerAtom(m1_0_0_C5)
# 26:ScatteringPowerAtom(m1_0_0_C6)
# 27:ScatteringPowerAtom(m1_0_0_C7)
# 28:ScatteringPowerAtom(m1_0_0_C8)
# 29:ScatteringPowerAtom(m1_0_0_C9)
# 30:ScatteringPowerAtom(m1_0_0_C10)
# 31:ScatteringPowerAtom(m1_0_0_Cl11)
# 32:ScatteringPowerAtom(m1_0_0_C12)
ObjRegistry<T>::Find(m1_0_0_C14): Not found !!
List of Crystal ScatteringPowers :34 object registered:
#  0:ScatteringPowerAtom(m0_0_0_O0)
#  1:ScatteringPowerAtom(m0_0_0_C1)
#  2:ScatteringPowerAtom(m0_0_0_C2)
#  3:ScatteringPowerAtom(m0_0_0_N3)
#  4:ScatteringPowerAtom(m0_0_0_C4)
#  5:ScatteringPowerAtom(m0_0_0_C5)
#  6:ScatteringPowerAtom(m0_0_0_C6)
#  7:ScatteringPowerAtom(m0_0_0_C7)
#  8:ScatteringPowerAtom(m0_0_0_C8)
#  9:ScatteringPowerAtom(m0_0_0_C9)
# 10:ScatteringPowerAtom(m0_0_0_C10)
# 11:ScatteringPowerAtom(m0_0_0_Cl11)
# 12:ScatteringPowerAtom(m0_0_0_C12)
# 13:ScatteringPowerAtom(m0_0_0_C13)
# 14:ScatteringPowerAtom(m0_0_0_C14)
# 15:ScatteringPowerAtom(m0_0_0_Br15)
# 16:ScatteringPowerAtom(m0_0_0_C16)
# 17:ScatteringPowerAtom(m0_0_0_C17)
# 18:ScatteringPowerAtom(m0_0_0_C18)
# 19:ScatteringPowerAtom(m0_0_0_N19)
# 20:ScatteringPowerAtom(m1_0_0_O0)
# 21:ScatteringPowerAtom(m1_0_0_C1)
# 22:ScatteringPowerAtom(m1_0_0_C2)
# 23:ScatteringPowerAtom(m1_0_0_N3)
# 24:ScatteringPowerAtom(m1_0_0_C4)
# 25:ScatteringPowerAtom(m1_0_0_C5)
# 26:ScatteringPowerAtom(m1_0_0_C6)
# 27:ScatteringPowerAtom(m1_0_0_C7)
# 28:ScatteringPowerAtom(m1_0_0_C8)
# 29:ScatteringPowerAtom(m1_0_0_C9)
# 30:ScatteringPowerAtom(m1_0_0_C10)
# 31:ScatteringPowerAtom(m1_0_0_Cl11)
# 32:ScatteringPowerAtom(m1_0_0_C12)
# 33:ScatteringPowerAtom(m1_0_0_C13)
ObjRegistry<T>::Find(m1_0_0_Br15): Not found !!
List of Crystal ScatteringPowers :35 object registered:
#  0:ScatteringPowerAtom(m0_0_0_O0)
#  1:ScatteringPowerAtom(m0_0_0_C1)
#  2:ScatteringPowerAtom(m0_0_0_C2)
#  3:ScatteringPowerAtom(m0_0_0_N3)
#  4:ScatteringPowerAtom(m0_0_0_C4)
#  5:ScatteringPowerAtom(m0_0_0_C5)
#  6:ScatteringPowerAtom(m0_0_0_C6)
#  7:ScatteringPowerAtom(m0_0_0_C7)
#  8:ScatteringPowerAtom(m0_0_0_C8)
#  9:ScatteringPowerAtom(m0_0_0_C9)
# 10:ScatteringPowerAtom(m0_0_0_C10)
# 11:ScatteringPowerAtom(m0_0_0_Cl11)
# 12:ScatteringPowerAtom(m0_0_0_C12)
# 13:ScatteringPowerAtom(m0_0_0_C13)
# 14:ScatteringPowerAtom(m0_0_0_C14)
# 15:ScatteringPowerAtom(m0_0_0_Br15)
# 16:ScatteringPowerAtom(m0_0_0_C16)
# 17:ScatteringPowerAtom(m0_0_0_C17)
# 18:ScatteringPowerAtom(m0_0_0_C18)
# 19:ScatteringPowerAtom(m0_0_0_N19)
# 20:ScatteringPowerAtom(m1_0_0_O0)
# 21:ScatteringPowerAtom(m1_0_0_C1)
# 22:ScatteringPowerAtom(m1_0_0_C2)
# 23:ScatteringPowerAtom(m1_0_0_N3)
# 24:ScatteringPowerAtom(m1_0_0_C4)
# 25:ScatteringPowerAtom(m1_0_0_C5)
# 26:ScatteringPowerAtom(m1_0_0_C6)
# 27:ScatteringPowerAtom(m1_0_0_C7)
# 28:ScatteringPowerAtom(m1_0_0_C8)
# 29:ScatteringPowerAtom(m1_0_0_C9)
# 30:ScatteringPowerAtom(m1_0_0_C10)
# 31:ScatteringPowerAtom(m1_0_0_Cl11)
# 32:ScatteringPowerAtom(m1_0_0_C12)
# 33:ScatteringPowerAtom(m1_0_0_C13)
# 34:ScatteringPowerAtom(m1_0_0_C14)
ObjRegistry<T>::Find(m1_0_0_C16): Not found !!
List of Crystal ScatteringPowers :36 object registered:
#  0:ScatteringPowerAtom(m0_0_0_O0)
#  1:ScatteringPowerAtom(m0_0_0_C1)
#  2:ScatteringPowerAtom(m0_0_0_C2)
#  3:ScatteringPowerAtom(m0_0_0_N3)
#  4:ScatteringPowerAtom(m0_0_0_C4)
#  5:ScatteringPowerAtom(m0_0_0_C5)
#  6:ScatteringPowerAtom(m0_0_0_C6)
#  7:ScatteringPowerAtom(m0_0_0_C7)
#  8:ScatteringPowerAtom(m0_0_0_C8)
#  9:ScatteringPowerAtom(m0_0_0_C9)
# 10:ScatteringPowerAtom(m0_0_0_C10)
# 11:ScatteringPowerAtom(m0_0_0_Cl11)
# 12:ScatteringPowerAtom(m0_0_0_C12)
# 13:ScatteringPowerAtom(m0_0_0_C13)
# 14:ScatteringPowerAtom(m0_0_0_C14)
# 15:ScatteringPowerAtom(m0_0_0_Br15)
# 16:ScatteringPowerAtom(m0_0_0_C16)
# 17:ScatteringPowerAtom(m0_0_0_C17)
# 18:ScatteringPowerAtom(m0_0_0_C18)
# 19:ScatteringPowerAtom(m0_0_0_N19)
# 20:ScatteringPowerAtom(m1_0_0_O0)
# 21:ScatteringPowerAtom(m1_0_0_C1)
# 22:ScatteringPowerAtom(m1_0_0_C2)
# 23:ScatteringPowerAtom(m1_0_0_N3)
# 24:ScatteringPowerAtom(m1_0_0_C4)
# 25:ScatteringPowerAtom(m1_0_0_C5)
# 26:ScatteringPowerAtom(m1_0_0_C6)
# 27:ScatteringPowerAtom(m1_0_0_C7)
# 28:ScatteringPowerAtom(m1_0_0_C8)
# 29:ScatteringPowerAtom(m1_0_0_C9)
# 30:ScatteringPowerAtom(m1_0_0_C10)
# 31:ScatteringPowerAtom(m1_0_0_Cl11)
# 32:ScatteringPowerAtom(m1_0_0_C12)
# 33:ScatteringPowerAtom(m1_0_0_C13)
# 34:ScatteringPowerAtom(m1_0_0_C14)
# 35:ScatteringPowerAtom(m1_0_0_Br15)
ObjRegistry<T>::Find(m1_0_0_C17): Not found !!
List of Crystal ScatteringPowers :37 object registered:
#  0:ScatteringPowerAtom(m0_0_0_O0)
#  1:ScatteringPowerAtom(m0_0_0_C1)
#  2:ScatteringPowerAtom(m0_0_0_C2)
#  3:ScatteringPowerAtom(m0_0_0_N3)
#  4:ScatteringPowerAtom(m0_0_0_C4)
#  5:ScatteringPowerAtom(m0_0_0_C5)
#  6:ScatteringPowerAtom(m0_0_0_C6)
#  7:ScatteringPowerAtom(m0_0_0_C7)
#  8:ScatteringPowerAtom(m0_0_0_C8)
#  9:ScatteringPowerAtom(m0_0_0_C9)
# 10:ScatteringPowerAtom(m0_0_0_C10)
# 11:ScatteringPowerAtom(m0_0_0_Cl11)
# 12:ScatteringPowerAtom(m0_0_0_C12)
# 13:ScatteringPowerAtom(m0_0_0_C13)
# 14:ScatteringPowerAtom(m0_0_0_C14)
# 15:ScatteringPowerAtom(m0_0_0_Br15)
# 16:ScatteringPowerAtom(m0_0_0_C16)
# 17:ScatteringPowerAtom(m0_0_0_C17)
# 18:ScatteringPowerAtom(m0_0_0_C18)
# 19:ScatteringPowerAtom(m0_0_0_N19)
# 20:ScatteringPowerAtom(m1_0_0_O0)
# 21:ScatteringPowerAtom(m1_0_0_C1)
# 22:ScatteringPowerAtom(m1_0_0_C2)
# 23:ScatteringPowerAtom(m1_0_0_N3)
# 24:ScatteringPowerAtom(m1_0_0_C4)
# 25:ScatteringPowerAtom(m1_0_0_C5)
# 26:ScatteringPowerAtom(m1_0_0_C6)
# 27:ScatteringPowerAtom(m1_0_0_C7)
# 28:ScatteringPowerAtom(m1_0_0_C8)
# 29:ScatteringPowerAtom(m1_0_0_C9)
# 30:ScatteringPowerAtom(m1_0_0_C10)
# 31:ScatteringPowerAtom(m1_0_0_Cl11)
# 32:ScatteringPowerAtom(m1_0_0_C12)
# 33:ScatteringPowerAtom(m1_0_0_C13)
# 34:ScatteringPowerAtom(m1_0_0_C14)
# 35:ScatteringPowerAtom(m1_0_0_Br15)
# 36:ScatteringPowerAtom(m1_0_0_C16)
ObjRegistry<T>::Find(m1_0_0_C18): Not found !!
List of Crystal ScatteringPowers :38 object registered:
#  0:ScatteringPowerAtom(m0_0_0_O0)
#  1:ScatteringPowerAtom(m0_0_0_C1)
#  2:ScatteringPowerAtom(m0_0_0_C2)
#  3:ScatteringPowerAtom(m0_0_0_N3)
#  4:ScatteringPowerAtom(m0_0_0_C4)
#  5:ScatteringPowerAtom(m0_0_0_C5)
#  6:ScatteringPowerAtom(m0_0_0_C6)
#  7:ScatteringPowerAtom(m0_0_0_C7)
#  8:ScatteringPowerAtom(m0_0_0_C8)
#  9:ScatteringPowerAtom(m0_0_0_C9)
# 10:ScatteringPowerAtom(m0_0_0_C10)
# 11:ScatteringPowerAtom(m0_0_0_Cl11)
# 12:ScatteringPowerAtom(m0_0_0_C12)
# 13:ScatteringPowerAtom(m0_0_0_C13)
# 14:ScatteringPowerAtom(m0_0_0_C14)
# 15:ScatteringPowerAtom(m0_0_0_Br15)
# 16:ScatteringPowerAtom(m0_0_0_C16)
# 17:ScatteringPowerAtom(m0_0_0_C17)
# 18:ScatteringPowerAtom(m0_0_0_C18)
# 19:ScatteringPowerAtom(m0_0_0_N19)
# 20:ScatteringPowerAtom(m1_0_0_O0)
# 21:ScatteringPowerAtom(m1_0_0_C1)
# 22:ScatteringPowerAtom(m1_0_0_C2)
# 23:ScatteringPowerAtom(m1_0_0_N3)
# 24:ScatteringPowerAtom(m1_0_0_C4)
# 25:ScatteringPowerAtom(m1_0_0_C5)
# 26:ScatteringPowerAtom(m1_0_0_C6)
# 27:ScatteringPowerAtom(m1_0_0_C7)
# 28:ScatteringPowerAtom(m1_0_0_C8)
# 29:ScatteringPowerAtom(m1_0_0_C9)
# 30:ScatteringPowerAtom(m1_0_0_C10)
# 31:ScatteringPowerAtom(m1_0_0_Cl11)
# 32:ScatteringPowerAtom(m1_0_0_C12)
# 33:ScatteringPowerAtom(m1_0_0_C13)
# 34:ScatteringPowerAtom(m1_0_0_C14)
# 35:ScatteringPowerAtom(m1_0_0_Br15)
# 36:ScatteringPowerAtom(m1_0_0_C16)
# 37:ScatteringPowerAtom(m1_0_0_C17)
ObjRegistry<T>::Find(m1_0_0_N19): Not found !!
List of Crystal ScatteringPowers :39 object registered:
#  0:ScatteringPowerAtom(m0_0_0_O0)
#  1:ScatteringPowerAtom(m0_0_0_C1)
#  2:ScatteringPowerAtom(m0_0_0_C2)
#  3:ScatteringPowerAtom(m0_0_0_N3)
#  4:ScatteringPowerAtom(m0_0_0_C4)
#  5:ScatteringPowerAtom(m0_0_0_C5)
#  6:ScatteringPowerAtom(m0_0_0_C6)
#  7:ScatteringPowerAtom(m0_0_0_C7)
#  8:ScatteringPowerAtom(m0_0_0_C8)
#  9:ScatteringPowerAtom(m0_0_0_C9)
# 10:ScatteringPowerAtom(m0_0_0_C10)
# 11:ScatteringPowerAtom(m0_0_0_Cl11)
# 12:ScatteringPowerAtom(m0_0_0_C12)
# 13:ScatteringPowerAtom(m0_0_0_C13)
# 14:ScatteringPowerAtom(m0_0_0_C14)
# 15:ScatteringPowerAtom(m0_0_0_Br15)
# 16:ScatteringPowerAtom(m0_0_0_C16)
# 17:ScatteringPowerAtom(m0_0_0_C17)
# 18:ScatteringPowerAtom(m0_0_0_C18)
# 19:ScatteringPowerAtom(m0_0_0_N19)
# 20:ScatteringPowerAtom(m1_0_0_O0)
# 21:ScatteringPowerAtom(m1_0_0_C1)
# 22:ScatteringPowerAtom(m1_0_0_C2)
# 23:ScatteringPowerAtom(m1_0_0_N3)
# 24:ScatteringPowerAtom(m1_0_0_C4)
# 25:ScatteringPowerAtom(m1_0_0_C5)
# 26:ScatteringPowerAtom(m1_0_0_C6)
# 27:ScatteringPowerAtom(m1_0_0_C7)
# 28:ScatteringPowerAtom(m1_0_0_C8)
# 29:ScatteringPowerAtom(m1_0_0_C9)
# 30:ScatteringPowerAtom(m1_0_0_C10)
# 31:ScatteringPowerAtom(m1_0_0_Cl11)
# 32:ScatteringPowerAtom(m1_0_0_C12)
# 33:ScatteringPowerAtom(m1_0_0_C13)
# 34:ScatteringPowerAtom(m1_0_0_C14)
# 35:ScatteringPowerAtom(m1_0_0_Br15)
# 36:ScatteringPowerAtom(m1_0_0_C16)
# 37:ScatteringPowerAtom(m1_0_0_C17)
# 38:ScatteringPowerAtom(m1_0_0_C18)
ANTIBUMP 820 Scale 10.0 Initial cost 219857.78609105927
Imported powder pattern: 3981 points, 2theta=  5.470 ->  45.270, step= 0.010
RESCALED_BASE 219.19006609942804 0.21823912129475445 3980.58624839309
INITIAL X4f6fe58 3 Rw 0.22692746012579085 LLK 254651.88217952673 Integrated 3770.758318089708 DOF -1
RUN 0 steps 100000 time 168.0830636024475 total 168.08313369750977 LLK 32559.317611797156 Rw 0.15623395948638966 Integrated 1853.8059584078503
RUN 1 steps 3000000 time 600.247579574585 total 768.4235572814941 LLK 32713.37811390812 Rw 0.1619604530191945 Integrated 1992.263011733783
FINISHED 32559.317611797156
