N.B. Configuration file /root/.GSASII/config.ini does not exist
======================================================================
Module pyspg in '/opt/g2/GSAS-II/GSASII-bin/linux_64_p3.13_n2.2' could not be loaded
error msg: /lib/x86_64-linux-gnu/libm.so.6: version `GLIBC_2.38' not found (required by /opt/g2/GSAS-II/GSASII-bin/linux_64_p3.13_n2.2/pyspg.cpython-313-x86_64-linux-gnu.so)
======================================================================
*** ERROR: Unable to find GSAS-II binaries. Much of GSAS-II cannot function
binary load error: pyspg not found
pypowder is not available - profile calcs. not allowed
pydiffax is not available for this platform
pypowder is not available - profile calcs. not allowed
peaks used: [np.float64(4.217), np.float64(7.211), np.float64(8.101), np.float64(8.58), np.float64(9.415), np.float64(12.882), np.float64(13.936), np.float64(14.546), np.float64(15.315), np.float64(16.355), np.float64(17.255), np.float64(17.609), np.float64(18.61), np.float64(19.02), np.float64(19.435), np.float64(20.986), np.float64(21.904), np.float64(22.554), np.float64(23.764), np.float64(24.72)]
lattice parameter range =     2.500  104.690
Zero = 0.0000 Nc/No max = 4  Max Nc = 80
cell search for  Monoclinic-C
      M20  X20  Nc       a          b          c        alpha       beta      gamma     volume      V-test
     2.286  13  10    9.74787   21.75677    4.02300     90.000    132.195     90.000     632.11     718.43 Monoclinic-C
     2.358  12   8    8.94755    1.16865   12.20717     90.000     93.130     90.000     127.45    1148.52 Monoclinic-C
     2.151   1  37   42.18513    3.94881   12.27826     90.000     93.887     90.000    2040.62    1299.45 Monoclinic-C
     2.083   1  32   47.36750    3.63802   21.09589     90.000    148.856     90.000    1880.16    1399.36 Monoclinic-C
     2.083   1  32   47.36750    3.61178   12.27681     90.000    117.288     90.000    1866.60    1434.35 Monoclinic-C
     2.242   1  38   24.55490    4.06934   21.09424     90.000     93.870     90.000    2102.98    1470.20 Monoclinic-C
     2.430   1  43   24.50031    4.66158   21.02500     90.000     94.207     90.000    2394.80    1544.63 Monoclinic-C
     2.653   1  43   24.50971    4.74582   21.06494     90.000     93.984     90.000    2444.32    1583.25 Monoclinic-C
     2.083   1  35   50.22322    3.78689   12.27681     90.000    123.051     90.000    1957.10    1663.40 Monoclinic-C
     2.105   1  39   24.55885    4.11079   21.09454     90.000     93.867     90.000    2124.77    1704.99 Monoclinic-C
     3.155   1  66   18.20214    1.95486   41.68483     90.000     90.589     90.000    1483.18    1747.61 Monoclinic-C
     3.940   0  47   26.19665    1.82435   21.36951     90.000    100.194     90.000    1005.17    1791.30 Monoclinic-C
     2.536   1  45   24.54727    4.67120   23.57809     90.000    117.042     90.000    2408.02    1836.08 Monoclinic-C
     4.858   0  69   27.28980    1.84287   24.24486     90.000    120.465     90.000    1050.97    1881.99 Monoclinic-C
     6.115   0  72   42.01992    9.63126   12.25574     90.000     93.965     90.000    4948.09    1929.04 Monoclinic-C
     3.634   1  49   50.11015    5.44514   12.28205     90.000    123.423     90.000    2797.04    1977.26 Monoclinic-C
     4.315   0  68   18.25248    2.05104   42.09638     90.000     94.333     90.000    1571.44    2026.69 Monoclinic-C
     2.928   1  49   24.56904    5.57737   23.53728     90.000    117.162     90.000    2869.65    2077.36 Monoclinic-C
     3.487   1  66   16.66810    1.96675   41.67715     90.000     90.466     90.000    1366.22    2129.29 Monoclinic-C
     2.928   1  49   24.56904    5.57737   23.53728     90.000    117.162     90.000    2869.65    2182.53 Monoclinic-C
     3.940   0  47   26.19665    2.07649   21.36951     90.000    100.194     90.000    1144.09    2237.09 Monoclinic-C
Restart search, new Max Nc = 100
     2.726  10  12    7.88582    9.51245    9.35241     90.000     91.575     90.000     701.29     680.72 Monoclinic-C
     4.433  14   9    4.39691   18.70563    9.18397     90.000    109.169     90.000     713.47     751.38 Monoclinic-C
     4.433  14   9    4.39691   18.70563    8.78408     90.000     99.048     90.000     713.47     751.38 Monoclinic-C
     2.657  11  13   13.60927   13.75356    5.79751     90.000    110.837     90.000    1014.18     829.39 Monoclinic-C
     2.358  12   8    8.55228    0.99786   12.72058     90.000    106.623     90.000     104.02    1010.53 Monoclinic-C
     2.358  12   8    8.55228    1.08883   12.72058     90.000    106.623     90.000     113.50    1115.43 Monoclinic-C
     2.358  12   8    8.55228    1.00399   12.72058     90.000    106.623     90.000     104.66    1171.90 Monoclinic-C
     2.083   1  32   42.19177    3.64851   23.68375     90.000    148.856     90.000    1885.58    1359.05 Monoclinic-C
     2.358  12   8    8.55228    1.21416   12.72058     90.000    106.623     90.000     126.57    1393.02 Monoclinic-C
     2.083   1  33   24.55363    3.65486   23.68375     90.000    117.288     90.000    1888.86    1463.54 Monoclinic-C
     2.221   1  41   24.56121    4.28381   21.06892     90.000     93.880     90.000    2211.70    1537.64 Monoclinic-C
     2.077   5  29   13.51843   13.77086   12.95545     90.000    109.201     90.000    2277.62    1615.48 Monoclinic-C
     2.653   1  43   24.50971    4.74582   21.06494     90.000     93.984     90.000    2444.32    1655.87 Monoclinic-C
     2.150   1  43   47.12428    4.57225   12.25858     90.000    117.136     90.000    2350.55    1697.26 Monoclinic-C
     2.721   1  62    9.82379   41.79155   12.69917     90.000    101.490     90.000    5109.18    1739.69 Monoclinic-C
     2.536   1  45   24.54727    4.67120   23.57809     90.000    117.042     90.000    2408.02    1783.19 Monoclinic-C
     3.940   0  47   24.28246    1.91840   22.73599     90.000    112.323     90.000     979.75    1827.77 Monoclinic-C
     2.662   1  47   24.50912    5.26656   21.02622     90.000     93.831     90.000    2707.97    1873.46 Monoclinic-C
     9.569   0  95   30.08661    1.85567   37.14199     90.000    100.475     90.000    2039.11    1920.30 Monoclinic-C
     4.315   0  68   19.49250    1.31216   42.11325     90.000     94.626     90.000    1073.63    1920.30 Monoclinic-C
     4.858   0  69   39.01914    1.88258   20.98684     90.000     95.287     90.000    1535.06    1968.30 Monoclinic-C
     7.502   0  76   41.85608   10.55297   23.54389     90.000    148.633     90.000    5413.15    2017.51 Monoclinic-C
     2.627   1  44  106.90823   12.78247    6.08591     90.000    157.046     90.000    3243.40    2067.95 Monoclinic-C
     2.430   1  43   24.50031    4.66158   21.02500     90.000     94.207     90.000    2394.80    2119.65 Monoclinic-C
     3.940   0  47   26.19665    2.20792   21.36951     90.000    100.194     90.000    1216.50    2172.64 Monoclinic-C
     9.569   0  95   36.14500    1.97642   25.98337     90.000    126.378     90.000    1494.47    2226.96 Monoclinic-C
     2.809  13  10   11.21728    0.68409   11.66292     90.000    118.004     90.000      79.02    2226.96 Monoclinic-C
     4.858   0  69   29.93688    1.96707   24.87065     90.000    122.833     90.000    1230.62    2282.63 Monoclinic-C
     4.619   0  56   21.50829    1.89341   21.12664     90.000    108.104     90.000     817.77    2339.69 Monoclinic-C
     5.529   0  61   26.00299    1.88513   27.19637     90.000    115.929     90.000    1198.94    2398.19 Monoclinic-C
     5.235   0  65   23.47843    1.79873   25.48733     90.000    107.303     90.000    1027.65    2458.14 Monoclinic-C
     4.334   1  47   24.53555    5.14295   20.93566     90.000     94.152     90.000    2634.83    2519.60 Monoclinic-C
     5.529   0  61   29.71672    2.08799   24.49162     90.000     92.968     90.000    1517.62    2582.59 Monoclinic-C
     4.858   0  69   39.01914    1.47643   20.98684     90.000     95.287     90.000    1203.89    2582.59 Monoclinic-C
     9.569   0  95   36.14500    2.47834   25.98337     90.000    126.378     90.000    1873.99    2647.15 Monoclinic-C
     5.235   0  65   28.67874    2.11586   26.03613     90.000    110.833     90.000    1476.59    2713.33 Monoclinic-C
     5.284   0  62    9.65716   41.89676   12.45818     90.000     94.479     90.000    5025.24    2781.16 Monoclinic-C
     5.862   0  78   29.95097    1.91580   30.79445     90.000     91.390     90.000    1766.47    2850.69 Monoclinic-C
     3.487   1  66   18.11596    1.35467   41.67740     90.000     90.506     90.000    1022.77    2850.69 Monoclinic-C
     6.115   0  72   42.01992    9.63126   12.25574     90.000     93.965     90.000    4948.09    2921.96 Monoclinic-C
     5.862   0  78   29.95097    1.88091   30.79445     90.000     91.390     90.000    1734.30    2995.01 Monoclinic-C
     3.487   1  66   18.11596    1.33000   41.67740     90.000     90.506     90.000    1004.15    2995.01 Monoclinic-C
     7.107   0  90   24.50442    4.78654   41.81415     90.000     93.670     90.000    4894.38    3069.88 Monoclinic-C
    11.210   0  75   24.52876   10.10744   20.99834     90.000     93.665     90.000    5195.32    3146.63 Monoclinic-C
     7.322   0  73   11.31690   24.88897   23.34374     90.000    116.477     90.000    5885.51    3305.93 Monoclinic-C
     7.322   0  73   11.31690   24.88897   20.91513     90.000     92.492     90.000    5885.51    3305.93 Monoclinic-C
    11.210   0  75   47.26175   10.10744   20.99834     90.000    148.806     90.000    5195.32    3388.58 Monoclinic-C
Restart search, new Max Nc = 120
     2.397   9  14    9.19068    9.20138   11.37165     90.000    107.443     90.000     917.44     915.49 Monoclinic-C
     2.578  10  13   12.66890    6.23463   12.23562     90.000     94.366     90.000     963.64     938.37 Monoclinic-C
     2.358  12   8    8.55228    1.04170   12.72058     90.000    106.623     90.000     108.59     961.83 Monoclinic-C
     2.083   1  39   42.19177    4.05566   23.68375     90.000    148.856     90.000    2095.99    1463.54 Monoclinic-C
     2.242   1  38   24.55490    4.06934   21.09424     90.000     93.870     90.000    2102.98    1500.13 Monoclinic-C
     2.150   1  43   47.12428    4.57225   12.25858     90.000    117.136     90.000    2350.55    1537.64 Monoclinic-C
     2.071   1  37   50.23934    4.02558   21.09892     90.000    150.836     90.000    2079.41    1576.08 Monoclinic-C
     2.077   5  29   13.51843   13.77086   12.95545     90.000    109.201     90.000    2277.62    1615.48 Monoclinic-C
     2.372   1  54   15.02198    1.80545   42.27277     90.000     96.813     90.000    1138.40    1655.87 Monoclinic-C
     2.083   1  33   42.19177    3.72307   12.27681     90.000     93.856     90.000    1924.11    1697.26 Monoclinic-C
     2.653   1  43   24.50971    4.74582   21.06494     90.000     93.984     90.000    2444.32    1739.69 Monoclinic-C
     2.691   1  48   47.15022    5.10288   12.25774     90.000    117.183     90.000    2623.50    1783.19 Monoclinic-C
     3.890   1  49   41.89254    5.48167   12.28147     90.000     94.305     90.000    2812.37    1827.77 Monoclinic-C
     3.890   1  49   46.94498    5.48167   12.28147     90.000    117.145     90.000    2812.37    1873.46 Monoclinic-C
     2.621   0  39    1.83695   17.54732   48.52840     90.000    120.763     90.000    1344.13    1920.30 Monoclinic-C
     9.569   0  95   30.12447    1.85325   24.54807     90.000    121.548     90.000    1167.92    1968.30 Monoclinic-C
     3.940   0  47   24.28246    1.88531   22.73599     90.000    112.323     90.000     962.85    2017.51 Monoclinic-C
     3.940   0  47   32.15355    2.00516   17.17029     90.000    112.323     90.000    1024.06    2067.95 Monoclinic-C
     2.928   1  49   41.99629    5.57737   23.53728     90.000    148.633     90.000    2869.65    2119.65 Monoclinic-C
     5.529   0  61   29.71672    1.77517   24.49162     90.000     92.968     90.000    1290.26    2172.64 Monoclinic-C
     4.858   0  69   39.01914    1.93608   20.98684     90.000     95.287     90.000    1578.69    2226.96 Monoclinic-C
     5.235   0  65   35.23770    1.81634   21.39042     90.000    102.418     90.000    1337.03    2282.63 Monoclinic-C
     4.619   0  56   31.02121    1.83506   20.44991     90.000    113.730     90.000    1065.71    2339.69 Monoclinic-C
     4.619   0  56   29.63354    1.96448   21.73244     90.000    106.600     90.000    1212.41    2398.19 Monoclinic-C
finished cell search for Monoclinic-C, elapsed time = 0: 1:30.03
elapsed 90.03285217285156 ncells 92
M20=   11.2 X20= 0 Nc= 75 Monoclinic-C     a= 47.2618 b= 10.1074 c= 20.9983 al= 90.000 be=148.806 ga= 90.000 V=  5195.3 Z~7.60
M20=   11.2 X20= 0 Nc= 75 Monoclinic-C     a= 24.5288 b= 10.1074 c= 20.9983 al= 90.000 be= 93.665 ga= 90.000 V=  5195.3 Z~7.60
M20=    9.6 X20= 0 Nc= 95 Monoclinic-C     a= 36.1450 b=  1.9764 c= 25.9834 al= 90.000 be=126.378 ga= 90.000 V=  1494.5 Z~2.18
M20=    9.6 X20= 0 Nc= 95 Monoclinic-C     a= 36.1450 b=  2.4783 c= 25.9834 al= 90.000 be=126.378 ga= 90.000 V=  1874.0 Z~2.74
M20=    9.6 X20= 0 Nc= 95 Monoclinic-C     a= 30.0866 b=  1.8557 c= 37.1420 al= 90.000 be=100.475 ga= 90.000 V=  2039.1 Z~2.98
M20=    9.6 X20= 0 Nc= 95 Monoclinic-C     a= 30.1245 b=  1.8533 c= 24.5481 al= 90.000 be=121.548 ga= 90.000 V=  1167.9 Z~1.71
M20=    7.5 X20= 0 Nc= 76 Monoclinic-C     a= 41.8561 b= 10.5530 c= 23.5439 al= 90.000 be=148.633 ga= 90.000 V=  5413.1 Z~7.91
M20=    7.3 X20= 0 Nc= 73 Monoclinic-C     a= 11.3169 b= 24.8890 c= 23.3437 al= 90.000 be=116.477 ga= 90.000 V=  5885.5 Z~8.60
M20=    7.3 X20= 0 Nc= 73 Monoclinic-C     a= 11.3169 b= 24.8890 c= 20.9151 al= 90.000 be= 92.492 ga= 90.000 V=  5885.5 Z~8.60
M20=    7.1 X20= 0 Nc= 90 Monoclinic-C     a= 24.5044 b=  4.7865 c= 41.8141 al= 90.000 be= 93.670 ga= 90.000 V=  4894.4 Z~7.16
M20=    6.1 X20= 0 Nc= 72 Monoclinic-C     a= 42.0199 b=  9.6313 c= 12.2557 al= 90.000 be= 93.965 ga= 90.000 V=  4948.1 Z~7.23
M20=    6.1 X20= 0 Nc= 72 Monoclinic-C     a= 42.0199 b=  9.6313 c= 12.2557 al= 90.000 be= 93.965 ga= 90.000 V=  4948.1 Z~7.23
M20=    5.9 X20= 0 Nc= 78 Monoclinic-C     a= 29.9510 b=  1.8809 c= 30.7945 al= 90.000 be= 91.390 ga= 90.000 V=  1734.3 Z~2.54
M20=    5.9 X20= 0 Nc= 78 Monoclinic-C     a= 29.9510 b=  1.9158 c= 30.7945 al= 90.000 be= 91.390 ga= 90.000 V=  1766.5 Z~2.58
M20=    5.5 X20= 0 Nc= 61 Monoclinic-C     a= 29.7167 b=  2.0880 c= 24.4916 al= 90.000 be= 92.968 ga= 90.000 V=  1517.6 Z~2.22
M20=    5.5 X20= 0 Nc= 61 Monoclinic-C     a= 29.7167 b=  1.7752 c= 24.4916 al= 90.000 be= 92.968 ga= 90.000 V=  1290.3 Z~1.89
M20=    5.5 X20= 0 Nc= 61 Monoclinic-C     a= 26.0030 b=  1.8851 c= 27.1964 al= 90.000 be=115.929 ga= 90.000 V=  1198.9 Z~1.75
M20=    5.3 X20= 0 Nc= 62 Monoclinic-C     a=  9.6572 b= 41.8968 c= 12.4582 al= 90.000 be= 94.479 ga= 90.000 V=  5025.2 Z~7.35
M20=    5.2 X20= 0 Nc= 65 Monoclinic-C     a= 23.4784 b=  1.7987 c= 25.4873 al= 90.000 be=107.303 ga= 90.000 V=  1027.7 Z~1.50
M20=    5.2 X20= 0 Nc= 65 Monoclinic-C     a= 35.2377 b=  1.8163 c= 21.3904 al= 90.000 be=102.418 ga= 90.000 V=  1337.0 Z~1.95
M20=    5.2 X20= 0 Nc= 65 Monoclinic-C     a= 28.6787 b=  2.1159 c= 26.0361 al= 90.000 be=110.833 ga= 90.000 V=  1476.6 Z~2.16
M20=    4.9 X20= 0 Nc= 69 Monoclinic-C     a= 39.0191 b=  1.8826 c= 20.9868 al= 90.000 be= 95.287 ga= 90.000 V=  1535.1 Z~2.24
M20=    4.9 X20= 0 Nc= 69 Monoclinic-C     a= 39.0191 b=  1.4764 c= 20.9868 al= 90.000 be= 95.287 ga= 90.000 V=  1203.9 Z~1.76
M20=    4.9 X20= 0 Nc= 69 Monoclinic-C     a= 39.0191 b=  1.9361 c= 20.9868 al= 90.000 be= 95.287 ga= 90.000 V=  1578.7 Z~2.31
M20=    4.9 X20= 0 Nc= 69 Monoclinic-C     a= 29.9369 b=  1.9671 c= 24.8706 al= 90.000 be=122.833 ga= 90.000 V=  1230.6 Z~1.80
M20=    4.9 X20= 0 Nc= 69 Monoclinic-C     a= 27.2898 b=  1.8429 c= 24.2449 al= 90.000 be=120.465 ga= 90.000 V=  1051.0 Z~1.54
M20=    4.6 X20= 0 Nc= 56 Monoclinic-C     a= 21.5083 b=  1.8934 c= 21.1266 al= 90.000 be=108.104 ga= 90.000 V=   817.8 Z~1.20
M20=    4.6 X20= 0 Nc= 56 Monoclinic-C     a= 29.6335 b=  1.9645 c= 21.7324 al= 90.000 be=106.600 ga= 90.000 V=  1212.4 Z~1.77
M20=    4.6 X20= 0 Nc= 56 Monoclinic-C     a= 31.0212 b=  1.8351 c= 20.4499 al= 90.000 be=113.730 ga= 90.000 V=  1065.7 Z~1.56
M20=    4.4 X20=14 Nc=  9 Monoclinic-C     a=  4.3969 b= 18.7056 c=  9.1840 al= 90.000 be=109.169 ga= 90.000 V=   713.5 Z~1.04
