N.B. Configuration file /root/.GSASII/config.ini does not exist
======================================================================
Module pyspg in '/opt/g2/GSAS-II/GSASII-bin/linux_64_p3.13_n2.2' could not be loaded
error msg: /lib/x86_64-linux-gnu/libm.so.6: version `GLIBC_2.38' not found (required by /opt/g2/GSAS-II/GSASII-bin/linux_64_p3.13_n2.2/pyspg.cpython-313-x86_64-linux-gnu.so)
======================================================================
*** ERROR: Unable to find GSAS-II binaries. Much of GSAS-II cannot function
binary load error: pyspg not found
pypowder is not available - profile calcs. not allowed
pydiffax is not available for this platform
pypowder is not available - profile calcs. not allowed
peaks used: [np.float64(7.447), np.float64(8.222), np.float64(8.74), np.float64(10.651), np.float64(11.418), np.float64(11.854), np.float64(12.22), np.float64(13.882), np.float64(14.78), np.float64(15.234), np.float64(16.552), np.float64(17.571), np.float64(18.144), np.float64(19.531), np.float64(20.029), np.float64(20.515), np.float64(21.497), np.float64(22.553), np.float64(23.21), np.float64(23.808)]
lattice parameter range =     2.500   59.350
Zero = 0.0000 Nc/No max = 4  Max Nc = 80
cell search for  Monoclinic-C
      M20  X20  Nc       a          b          c        alpha       beta      gamma     volume      V-test
     2.189  12  10    5.78904   10.71115   12.03813     90.000     98.837     90.000     737.59     919.65 Monoclinic-C
     2.573  12  11    7.10970   14.40914   10.09509     90.000     90.691     90.000    1034.11     966.21 Monoclinic-C
     3.139  10  13    6.66218   16.57900   10.47354     90.000    105.194     90.000    1116.39    1015.13 Monoclinic-C
     3.139  10  13    6.66218   16.57900   10.83996     90.000    111.184     90.000    1116.39    1093.18 Monoclinic-C
     3.139  10  13    6.66218   16.57900   10.47354     90.000    105.194     90.000    1116.39    1093.18 Monoclinic-C
     3.914  11  15   12.74983    8.84450   10.73108     90.000     90.784     90.000    1209.99    1148.52 Monoclinic-C
     3.219  12  13   10.54453   21.46546    6.69593     90.000    133.295     90.000    1103.08    1206.67 Monoclinic-C
     3.139  10  13    6.66218   16.57900   10.47354     90.000    105.194     90.000    1116.39    1236.83 Monoclinic-C
     2.057   2  29   15.88152    1.93797   22.86102     90.000    107.782     90.000     670.00    1331.93 Monoclinic-C
     2.057   2  29   13.58318    1.89753   21.78431     90.000     92.158     90.000     561.08    1365.23 Monoclinic-C
     2.704   9  18    5.05233   20.20545   18.16578     90.000    127.533     90.000    1470.59    1399.36 Monoclinic-C
     2.704   9  18    5.05233   20.20545   15.61074     90.000    112.661     90.000    1470.59    1399.36 Monoclinic-C
     2.057   2  29   15.39438    2.23244   22.79653     90.000    107.269     90.000     748.13    1506.96 Monoclinic-C
     2.057   2  29   15.88152    2.15136   22.86102     90.000    107.782     90.000     743.77    1583.25 Monoclinic-C
     2.057   2  29   15.39438    2.63989   22.79653     90.000    107.269     90.000     884.68    1663.40 Monoclinic-C
     2.057   2  29   33.11516    2.47726   10.88547     90.000    111.618     90.000     830.17    1704.99 Monoclinic-C
     2.057   2  29   15.88152    2.31570   22.86102     90.000    107.782     90.000     800.59    1747.61 Monoclinic-C
     2.057   2  29   15.39438    2.63388   22.79653     90.000    107.269     90.000     882.66    1836.08 Monoclinic-C
     3.192   1  39   23.70409    4.64821   24.16426     90.000    115.536     90.000    2402.38    1929.04 Monoclinic-C
     6.555   1  41   62.13914    4.91904   11.88153     90.000    135.713     90.000    2535.88    2077.36 Monoclinic-C
     2.014   2  38   28.15206    2.21936   17.17414     90.000    105.148     90.000    1035.75    2129.29 Monoclinic-C
     3.070   1  40   23.76411    4.61392   21.80428     90.000     93.741     90.000    2385.65    2182.53 Monoclinic-C
     3.890   1  45   43.45976    5.36475   11.88832     90.000     94.073     90.000    2764.77    2237.09 Monoclinic-C
     4.969   0  57   25.31328    1.85242   26.38230     90.000    116.416     90.000    1107.92    2293.02 Monoclinic-C
     3.714   0  47   29.74006    2.03822   19.51490     90.000    104.689     90.000    1144.27    2409.10 Monoclinic-C
     3.873   1  43   23.72138    5.38271   24.06275     90.000    115.540     90.000    2772.24    2469.33 Monoclinic-C
     6.240   0  61   21.42468    1.84819   36.13066     90.000    100.695     90.000    1405.81    2594.34 Monoclinic-C
     2.707   1  38   22.42728    9.05487   15.84445     90.000    115.906     90.000    2894.28    2659.20 Monoclinic-C
     4.415   1  45   23.72594    5.66768   21.75272     90.000     93.882     90.000    2918.40    2725.68 Monoclinic-C
     3.030   0  58   22.97845    1.98085   31.65273     90.000    107.389     90.000    1374.89    2793.82 Monoclinic-C
     5.944   1  46   23.77146    6.08041   24.06554     90.000    115.475     90.000    3140.24    2863.66 Monoclinic-C
     6.240   0  61   21.67467    2.00003   35.73365     90.000     96.514     90.000    1539.05    2935.26 Monoclinic-C
     3.846   0  47   17.97406    2.50589   31.04175     90.000    102.435     90.000    1365.35    3008.64 Monoclinic-C
     5.944   1  46   23.77146    6.08041   24.06554     90.000    115.475     90.000    3140.24    3083.85 Monoclinic-C
     6.240   0  61   21.42468    2.06386   36.13066     90.000    100.695     90.000    1569.85    3160.95 Monoclinic-C
     5.353   0  70   10.29900   50.35803   11.89897     90.000     92.098     90.000    6167.11    3239.97 Monoclinic-C
     4.969   0  57   26.43959    2.36461   26.61875     90.000    117.423     90.000    1477.18    3320.97 Monoclinic-C
     4.851   0  60   27.83656    2.22936   27.60649     90.000    113.737     90.000    1568.26    3404.00 Monoclinic-C
     4.032   0  59   21.49949    8.61365   25.13222     90.000    109.453     90.000    4388.53    3489.10 Monoclinic-C
     6.240   0  61   21.42468    2.48377   36.13066     90.000    100.695     90.000    1889.25    3576.32 Monoclinic-C
     3.030   0  58   24.13516    1.72716   30.28133     90.000     94.037     90.000    1259.15    3665.73 Monoclinic-C
Restart search, new Max Nc = 100
     2.655  12  10    6.07801   20.19015    7.75948     90.000    111.847     90.000     883.82     876.76 Monoclinic-C
     3.702  13  11   14.94975    8.21039   10.09710     90.000    134.249     90.000     887.76     921.15 Monoclinic-C
     3.702  13  11   14.49075    8.21039   10.09710     90.000    132.354     90.000     887.76     967.78 Monoclinic-C
     2.489  12  12   13.65424   10.92200    6.23696     90.000    110.905     90.000     868.90     991.98 Monoclinic-C
     3.139  10  13    6.66218   16.57900   10.47354     90.000    105.194     90.000    1116.39    1068.25 Monoclinic-C
     2.087  10  14   25.32292   12.70115    4.35636     90.000    126.928     90.000    1120.05    1150.39 Monoclinic-C
     2.057   2  29   13.58318    1.84823   21.78431     90.000     92.158     90.000     546.50    1334.10 Monoclinic-C
     2.057   2  29   16.74913    1.95601   21.79235     90.000     92.660     90.000     713.18    1367.45 Monoclinic-C
     2.057   2  29   16.74913    1.99420   21.79235     90.000     92.660     90.000     727.11    1401.64 Monoclinic-C
     2.057   2  29   30.81904    2.18148   11.84342     90.000     92.660     90.000     795.39    1436.68 Monoclinic-C
     2.189  12  10    5.78904   10.71115   12.03813     90.000     98.837     90.000     737.59    1509.41 Monoclinic-C
     2.057   2  29   15.39438    2.44459   22.79653     90.000    107.269     90.000     819.23    1585.82 Monoclinic-C
     2.057   2  29   16.74913    2.28970   21.79235     90.000     92.660     90.000     834.85    1625.47 Monoclinic-C
     2.057   2  29   13.58318    1.88794   21.78431     90.000     92.158     90.000     558.25    1666.11 Monoclinic-C
     2.057   2  29   16.74913    2.53571   21.79235     90.000     92.660     90.000     924.54    1707.76 Monoclinic-C
     2.057   2  29   32.33037    2.25010   11.22993     90.000    107.782     90.000     777.91    1750.45 Monoclinic-C
     2.057   2  29   16.74913    2.46482   21.79235     90.000     92.660     90.000     898.70    1839.07 Monoclinic-C
     2.057   2  29   15.88152    2.56816   22.86102     90.000    107.782     90.000     887.87    1885.05 Monoclinic-C
     3.033   1  38   48.21066    4.55553   11.88012     90.000    115.479     90.000    2355.42    2029.99 Monoclinic-C
     3.846   0  47   19.30286    1.80447   30.41430     90.000     94.664     90.000    1055.87    2080.74 Monoclinic-C
     3.310   0  50   29.52183    1.84738   20.21614     90.000    116.828     90.000     983.88    2132.76 Monoclinic-C
     3.846   0  47   18.84289    1.96714   31.11292     90.000    103.016     90.000    1123.62    2186.08 Monoclinic-C
     3.075   2  38   23.75395    4.40862   24.14982     90.000    115.479     90.000    2283.06    2296.75 Monoclinic-C
     3.033   1  38   43.62670    4.55553   11.88012     90.000     93.971     90.000    2355.42    2354.16 Monoclinic-C
     4.969   0  57   33.45218    1.92158   21.84512     90.000     92.719     90.000    1402.64    2473.34 Monoclinic-C
     3.555   2  38   23.74341    4.40226   21.84102     90.000     93.862     90.000    2277.74    2535.18 Monoclinic-C
     4.787   0  55   28.32448    1.81865   24.55876     90.000    110.674     90.000    1183.61    2598.56 Monoclinic-C
     6.240   0  61   20.09945    1.80947   36.05599     90.000    100.048     90.000    1291.22    2663.52 Monoclinic-C
     5.944   1  46   23.77146    6.08041   24.06554     90.000    115.475     90.000    3140.24    2730.11 Monoclinic-C
     4.969   0  57   30.89366    2.23457   23.65426     90.000     92.719     90.000    1631.11    2798.36 Monoclinic-C
     4.969   0  57   25.31328    2.30854   26.38230     90.000    116.416     90.000    1380.72    2868.32 Monoclinic-C
     3.030   0  58   21.88686    2.29720   31.52136     90.000    106.609     90.000    1518.72    2940.03 Monoclinic-C
     6.240   0  61   21.67467    2.09228   35.73365     90.000     96.514     90.000    1610.04    3013.53 Monoclinic-C
     7.805   1  47   23.76192    6.17060   24.04824     90.000    115.494     90.000    3182.75    3088.87 Monoclinic-C
     6.240   0  61   21.67467    1.93612   35.73365     90.000     96.514     90.000    1489.87    3166.09 Monoclinic-C
     6.240   0  61   21.67467    2.29254   35.73365     90.000     96.514     90.000    1764.15    3245.24 Monoclinic-C
     4.969   0  57   25.31328    2.51556   26.38230     90.000    116.416     90.000    1504.54    3326.37 Monoclinic-C
     6.921   0  79   23.87425   36.30041    8.34874     90.000     96.031     90.000    7195.35    3409.53 Monoclinic-C
     7.793   0  58   23.76787    8.00430   24.02554     90.000    115.270     90.000    4133.35    3494.77 Monoclinic-C
     4.490   0  68   43.46260    4.92748   20.26511     90.000    111.009     90.000    4051.50    3582.14 Monoclinic-C
     8.814   0  59   43.35684    8.69749   11.85267     90.000     93.692     90.000    4460.31    3671.69 Monoclinic-C
     6.098   0  73   20.03848    2.08422   40.65360     90.000     93.014     90.000    1695.53    3763.48 Monoclinic-C
     6.947   0  67   23.80389    4.04449   43.70269     90.000     94.403     90.000    4195.05    3857.57 Monoclinic-C
Restart search, new Max Nc = 120
finished cell search for Monoclinic-C, elapsed time = 0: 1:30.70
elapsed 90.70109391212463 ncells 84
M20=    8.8 X20= 0 Nc= 59 Monoclinic-C     a= 43.3568 b=  8.6975 c= 11.8527 al= 90.000 be= 93.692 ga= 90.000 V=  4460.3 Z~6.52
M20=    7.8 X20= 1 Nc= 47 Monoclinic-C     a= 23.7619 b=  6.1706 c= 24.0482 al= 90.000 be=115.494 ga= 90.000 V=  3182.7 Z~4.65
M20=    7.8 X20= 0 Nc= 58 Monoclinic-C     a= 23.7679 b=  8.0043 c= 24.0255 al= 90.000 be=115.270 ga= 90.000 V=  4133.3 Z~6.04
M20=    6.9 X20= 0 Nc= 67 Monoclinic-C     a= 23.8039 b=  4.0445 c= 43.7027 al= 90.000 be= 94.403 ga= 90.000 V=  4195.0 Z~6.13
M20=    6.9 X20= 0 Nc= 79 Monoclinic-C     a= 23.8742 b= 36.3004 c=  8.3487 al= 90.000 be= 96.031 ga= 90.000 V=  7195.3 Z~10.52
M20=    6.6 X20= 1 Nc= 41 Monoclinic-C     a= 62.1391 b=  4.9190 c= 11.8815 al= 90.000 be=135.713 ga= 90.000 V=  2535.9 Z~3.71
M20=    6.2 X20= 0 Nc= 61 Monoclinic-C     a= 21.4247 b=  1.8482 c= 36.1307 al= 90.000 be=100.695 ga= 90.000 V=  1405.8 Z~2.06
M20=    6.2 X20= 0 Nc= 61 Monoclinic-C     a= 21.4247 b=  2.0639 c= 36.1307 al= 90.000 be=100.695 ga= 90.000 V=  1569.9 Z~2.30
M20=    6.2 X20= 0 Nc= 61 Monoclinic-C     a= 21.4247 b=  2.4838 c= 36.1307 al= 90.000 be=100.695 ga= 90.000 V=  1889.3 Z~2.76
M20=    6.2 X20= 0 Nc= 61 Monoclinic-C     a= 20.0995 b=  1.8095 c= 36.0560 al= 90.000 be=100.048 ga= 90.000 V=  1291.2 Z~1.89
M20=    6.2 X20= 0 Nc= 61 Monoclinic-C     a= 21.6747 b=  2.0000 c= 35.7337 al= 90.000 be= 96.514 ga= 90.000 V=  1539.1 Z~2.25
M20=    6.2 X20= 0 Nc= 61 Monoclinic-C     a= 21.6747 b=  2.0923 c= 35.7337 al= 90.000 be= 96.514 ga= 90.000 V=  1610.0 Z~2.35
M20=    6.2 X20= 0 Nc= 61 Monoclinic-C     a= 21.6747 b=  1.9361 c= 35.7337 al= 90.000 be= 96.514 ga= 90.000 V=  1489.9 Z~2.18
M20=    6.2 X20= 0 Nc= 61 Monoclinic-C     a= 21.6747 b=  2.2925 c= 35.7337 al= 90.000 be= 96.514 ga= 90.000 V=  1764.1 Z~2.58
M20=    6.1 X20= 0 Nc= 73 Monoclinic-C     a= 20.0385 b=  2.0842 c= 40.6536 al= 90.000 be= 93.014 ga= 90.000 V=  1695.5 Z~2.48
M20=    5.9 X20= 1 Nc= 46 Monoclinic-C     a= 23.7715 b=  6.0804 c= 24.0655 al= 90.000 be=115.475 ga= 90.000 V=  3140.2 Z~4.59
M20=    5.9 X20= 1 Nc= 46 Monoclinic-C     a= 23.7715 b=  6.0804 c= 24.0655 al= 90.000 be=115.475 ga= 90.000 V=  3140.2 Z~4.59
M20=    5.9 X20= 1 Nc= 46 Monoclinic-C     a= 23.7715 b=  6.0804 c= 24.0655 al= 90.000 be=115.475 ga= 90.000 V=  3140.2 Z~4.59
M20=    5.4 X20= 0 Nc= 70 Monoclinic-C     a= 10.2990 b= 50.3580 c= 11.8990 al= 90.000 be= 92.098 ga= 90.000 V=  6167.1 Z~9.02
M20=    5.0 X20= 0 Nc= 57 Monoclinic-C     a= 25.3133 b=  1.8524 c= 26.3823 al= 90.000 be=116.416 ga= 90.000 V=  1107.9 Z~1.62
M20=    5.0 X20= 0 Nc= 57 Monoclinic-C     a= 25.3133 b=  2.5156 c= 26.3823 al= 90.000 be=116.416 ga= 90.000 V=  1504.5 Z~2.20
M20=    5.0 X20= 0 Nc= 57 Monoclinic-C     a= 26.4396 b=  2.3646 c= 26.6187 al= 90.000 be=117.423 ga= 90.000 V=  1477.2 Z~2.16
M20=    5.0 X20= 0 Nc= 57 Monoclinic-C     a= 33.4522 b=  1.9216 c= 21.8451 al= 90.000 be= 92.719 ga= 90.000 V=  1402.6 Z~2.05
M20=    5.0 X20= 0 Nc= 57 Monoclinic-C     a= 30.8937 b=  2.2346 c= 23.6543 al= 90.000 be= 92.719 ga= 90.000 V=  1631.1 Z~2.38
M20=    5.0 X20= 0 Nc= 57 Monoclinic-C     a= 25.3133 b=  2.3085 c= 26.3823 al= 90.000 be=116.416 ga= 90.000 V=  1380.7 Z~2.02
M20=    4.9 X20= 0 Nc= 60 Monoclinic-C     a= 27.8366 b=  2.2294 c= 27.6065 al= 90.000 be=113.737 ga= 90.000 V=  1568.3 Z~2.29
M20=    4.8 X20= 0 Nc= 55 Monoclinic-C     a= 28.3245 b=  1.8187 c= 24.5588 al= 90.000 be=110.674 ga= 90.000 V=  1183.6 Z~1.73
M20=    4.5 X20= 0 Nc= 68 Monoclinic-C     a= 43.4626 b=  4.9275 c= 20.2651 al= 90.000 be=111.009 ga= 90.000 V=  4051.5 Z~5.92
M20=    4.4 X20= 1 Nc= 45 Monoclinic-C     a= 23.7259 b=  5.6677 c= 21.7527 al= 90.000 be= 93.882 ga= 90.000 V=  2918.4 Z~4.27
M20=    4.0 X20= 0 Nc= 59 Monoclinic-C     a= 21.4995 b=  8.6137 c= 25.1322 al= 90.000 be=109.453 ga= 90.000 V=  4388.5 Z~6.42
