Xe1fb77b MONOCLINIC C 2 peaks [1.89676, 2.55344, 3.41773, 3.79629, 3.90974, 4.16379, 4.92482, 5.01239, 5.10964, 5.21378, 5.46831, 5.5036, 5.69691, 5.79036, 5.82228, 5.94774, 5.99619, 6.03799, 6.25007, 6.30541, 6.38247, 6.64498] V 1524.30908203125 5472 Lmax 49.34086144349788
3->49.3409,1.85364,24.9999
1.5708->2.44346,0.0766052,0.766044,11.3917
1524.31->5472,493.468,7.9999
Starting: V=1524.31->2017.78
Finished: V=1524.31->2017.78 A^3, 5409 unit cells tested, 181157 tests/s,   Elapsed time=0.029866s
Starting: V=2017.78->2511.24
Finished: V=2017.78->2511.24 A^3, 15117 unit cells tested, 212802 tests/s,   Elapsed time=0.071046s
Starting: V=2511.24->3004.71
Finished: V=2511.24->3004.71 A^3, 30080 unit cells tested, 241281 tests/s,   Elapsed time=0.124677s
Starting: V=3004.71->3498.18
Finished: V=3004.71->3498.18 A^3, 52167 unit cells tested, 272242 tests/s,   Elapsed time=0.191628s
Starting: V=3498.18->3991.65
Finished: V=3498.18->3991.65 A^3, 80879 unit cells tested, 295765 tests/s,   Elapsed time=0.273466s
Starting: V=3991.65->4485.11
    a= 5.55- 5.61 b=27.68-27.74 c=30.74-30.80 alpha= 90.00- 90.00 beta= 92.26- 92.40 gamma= 90.00- 90.00 V=4720.73-4787.58level=4, indexed=1(0 sol.)
    a=0.18023-0.17845 b=0.03613-0.03605 c=0.03256-0.03249 alpha=0.03950-0.04189 beta=0.00000-0.00000 gamma=0.00000-0.00000level=4, indexed=1(0 sol.)
 Solution ? a=  5.563 b= 27.654 c= 30.683 alpha= 90.000 beta= 92.620 gamma= 90.000 V= 4714.99 score=  6.58 #   0
    a= 5.55- 5.61 b=27.68-27.74 c=30.74-30.81 alpha= 90.00- 90.00 beta= 92.54- 92.68 gamma= 90.00- 90.00 V=4721.67-4788.60level=4, indexed=1(1 sol.)
    a=0.18023-0.17845 b=0.03613-0.03605 c=0.03256-0.03249 alpha=0.04429-0.04668 beta=0.00000-0.00000 gamma=0.00000-0.00000level=4, indexed=1(1 sol.)
 Solution ? a=  5.563 b= 27.657 c= 30.687 alpha= 90.000 beta= 92.620 gamma= 90.000 V= 4716.78 score=  6.59 #   1
    a= 5.55- 5.61 b=27.57-27.62 c=30.74-30.80 alpha= 90.00- 90.00 beta= 92.26- 92.40 gamma= 90.00- 90.00 V=4701.51-4768.05level=4, indexed=1(2 sol.)
    a=0.18023-0.17845 b=0.03628-0.03620 c=0.03256-0.03249 alpha=0.03950-0.04189 beta=0.00000-0.00000 gamma=0.00000-0.00000level=4, indexed=1(2 sol.)
 Solution ? a=  5.563 b= 27.654 c= 30.683 alpha= 90.000 beta= 92.620 gamma= 90.000 V= 4714.99 score=  6.58 #   2
    a= 5.55- 5.61 b=27.57-27.62 c=30.74-30.81 alpha= 90.00- 90.00 beta= 92.54- 92.68 gamma= 90.00- 90.00 V=4702.45-4769.06level=4, indexed=1(3 sol.)
    a=0.18023-0.17845 b=0.03628-0.03620 c=0.03256-0.03249 alpha=0.04429-0.04668 beta=0.00000-0.00000 gamma=0.00000-0.00000level=4, indexed=1(3 sol.)
 Solution ? a=  5.562 b= 27.652 c= 30.699 alpha= 90.000 beta= 92.601 gamma= 90.000 V= 4716.34 score=  6.81 #   3
    a= 5.56- 5.61 b=27.68-27.74 c=30.75-30.82 alpha= 90.00- 90.00 beta= 92.81- 92.95 gamma= 90.00- 90.00 V=4722.73-4789.72level=4, indexed=1(4 sol.)
    a=0.18023-0.17845 b=0.03613-0.03605 c=0.03256-0.03249 alpha=0.04908-0.05147 beta=0.00000-0.00000 gamma=0.00000-0.00000level=4, indexed=1(4 sol.)
 Solution ? a=  5.565 b= 27.663 c= 30.678 alpha= 90.000 beta= 92.642 gamma= 90.000 V= 4717.69 score=  6.34 #   4
    a= 5.56- 5.61 b=27.68-27.74 c=30.76-30.82 alpha= 90.00- 90.00 beta= 93.09- 93.22 gamma= 90.00- 90.00 V=4723.90-4790.96level=4, indexed=1(5 sol.)
    a=0.18023-0.17845 b=0.03613-0.03605 c=0.03256-0.03249 alpha=0.05386-0.05626 beta=0.00000-0.00000 gamma=0.00000-0.00000level=4, indexed=1(5 sol.)
 Solution ? a=  5.586 b= 27.656 c= 30.716 alpha= 90.000 beta= 93.014 gamma= 90.000 V= 4738.98 score=  5.48 #   5
    a= 5.56- 5.61 b=27.57-27.62 c=30.75-30.82 alpha= 90.00- 90.00 beta= 92.81- 92.95 gamma= 90.00- 90.00 V=4703.51-4770.19level=4, indexed=1(6 sol.)
    a=0.18023-0.17845 b=0.03628-0.03620 c=0.03256-0.03249 alpha=0.04908-0.05147 beta=0.00000-0.00000 gamma=0.00000-0.00000level=4, indexed=1(6 sol.)
 Solution ? a=  5.586 b= 27.656 c= 30.716 alpha= 90.000 beta= 93.014 gamma= 90.000 V= 4738.98 score=  5.48 #   6
    a= 5.56- 5.61 b=27.57-27.62 c=30.76-30.82 alpha= 90.00- 90.00 beta= 93.09- 93.22 gamma= 90.00- 90.00 V=4704.67-4771.42level=4, indexed=1(7 sol.)
    a=0.18023-0.17845 b=0.03628-0.03620 c=0.03256-0.03249 alpha=0.05386-0.05626 beta=0.00000-0.00000 gamma=0.00000-0.00000level=4, indexed=1(7 sol.)
 Solution ? a=  5.586 b= 27.656 c= 30.716 alpha= 90.000 beta= 93.014 gamma= 90.000 V= 4738.98 score=  5.48 #   7
    a= 5.45- 5.50 b=30.71-30.77 c=27.71-27.77 alpha= 90.00- 90.00 beta= 92.54- 92.68 gamma= 90.00- 90.00 V=4630.25-4694.97level=4, indexed=1(8 sol.)
    a=0.18379-0.18201 b=0.03256-0.03249 c=0.03613-0.03605 alpha=0.04429-0.04668 beta=0.00000-0.00000 gamma=0.00000-0.00000level=4, indexed=1(8 sol.)
 Solution ? a=  5.492 b= 30.794 c= 27.744 alpha= 90.000 beta= 92.870 gamma= 90.000 V= 4686.22 score=  5.02 #   8
    a= 5.45- 5.50 b=30.71-30.77 c=27.59-27.65 alpha= 90.00- 90.00 beta= 92.54- 92.68 gamma= 90.00- 90.00 V=4611.40-4675.81level=4, indexed=1(9 sol.)
    a=0.18379-0.18201 b=0.03256-0.03249 c=0.03628-0.03620 alpha=0.04429-0.04668 beta=0.00000-0.00000 gamma=0.00000-0.00000level=4, indexed=1(9 sol.)
 Solution ? a=  5.473 b= 30.758 c= 27.590 alpha= 90.000 beta= 92.552 gamma= 90.000 V= 4639.81 score=  4.68 #   9
    a= 5.45- 5.50 b=30.71-30.77 c=27.71-27.77 alpha= 90.00- 90.00 beta= 92.81- 92.95 gamma= 90.00- 90.00 V=4631.28-4696.07level=4, indexed=1(10 sol.)
    a=0.18379-0.18201 b=0.03256-0.03249 c=0.03613-0.03605 alpha=0.04908-0.05147 beta=0.00000-0.00000 gamma=0.00000-0.00000level=4, indexed=1(10 sol.)
 Solution ? a=  5.496 b= 30.755 c= 27.739 alpha= 90.000 beta= 92.986 gamma= 90.000 V= 4682.03 score=  5.24 #  10
    a= 5.45- 5.50 b=30.71-30.77 c=27.72-27.78 alpha= 90.00- 90.00 beta= 93.09- 93.22 gamma= 90.00- 90.00 V=4632.43-4697.29level=4, indexed=1(11 sol.)
    a=0.18379-0.18201 b=0.03256-0.03249 c=0.03613-0.03605 alpha=0.05386-0.05626 beta=0.00000-0.00000 gamma=0.00000-0.00000level=4, indexed=1(11 sol.)
 Solution ? a=  5.496 b= 30.755 c= 27.739 alpha= 90.000 beta= 92.986 gamma= 90.000 V= 4682.03 score=  5.24 #  11
    a= 5.45- 5.50 b=30.71-30.77 c=27.60-27.66 alpha= 90.00- 90.00 beta= 92.81- 92.95 gamma= 90.00- 90.00 V=4612.43-4676.92level=4, indexed=1(12 sol.)
    a=0.18379-0.18201 b=0.03256-0.03249 c=0.03628-0.03620 alpha=0.04908-0.05147 beta=0.00000-0.00000 gamma=0.00000-0.00000level=4, indexed=1(12 sol.)
 Solution ? a=  5.484 b= 30.788 c= 27.643 alpha= 90.000 beta= 92.696 gamma= 90.000 V= 4662.33 score=  4.27 #  12
    a= 5.45- 5.50 b=30.71-30.77 c=27.73-27.79 alpha= 90.00- 90.00 beta= 93.36- 93.50 gamma= 90.00- 90.00 V=4633.68-4698.61level=4, indexed=1(13 sol.)
    a=0.18379-0.18201 b=0.03256-0.03249 c=0.03613-0.03605 alpha=0.05865-0.06104 beta=0.00000-0.00000 gamma=0.00000-0.00000level=4, indexed=1(13 sol.)
 Solution ? a=  5.468 b= 30.706 c= 27.713 alpha= 90.000 beta= 93.338 gamma= 90.000 V= 4645.04 score=  4.85 #  13
    a= 5.45- 5.50 b=30.71-30.77 c=27.61-27.67 alpha= 90.00- 90.00 beta= 93.36- 93.50 gamma= 90.00- 90.00 V=4614.82-4679.44level=4, indexed=1(14 sol.)
    a=0.18379-0.18201 b=0.03256-0.03249 c=0.03628-0.03620 alpha=0.05865-0.06104 beta=0.00000-0.00000 gamma=0.00000-0.00000level=4, indexed=1(14 sol.)
 Solution ? a=  5.467 b= 30.707 c= 27.702 alpha= 90.000 beta= 93.419 gamma= 90.000 V= 4642.12 score=  5.40 #  14
    a= 5.58- 5.63 b=27.71-27.77 c=30.87-30.94 alpha= 90.00- 90.00 beta= 97.22- 97.36 gamma= 90.00- 90.00 V=4732.29-4800.36level=4, indexed=1(15 sol.)
    a=0.18076-0.17897 b=0.03609-0.03601 c=0.03265-0.03259 alpha=0.12568-0.12807 beta=0.00000-0.00000 gamma=0.00000-0.00000level=4, indexed=1(15 sol.)
 Solution ? a=  5.610 b= 27.732 c= 30.923 alpha= 90.000 beta= 97.287 gamma= 90.000 V= 4772.32 score=  4.41 #  15
    a= 5.57- 5.63 b=27.60-27.65 c=30.85-30.92 alpha= 90.00- 90.00 beta= 96.94- 97.08 gamma= 90.00- 90.00 V=4710.13-4777.78level=4, indexed=1(16 sol.)
    a=0.18076-0.17897 b=0.03623-0.03616 c=0.03265-0.03259 alpha=0.12089-0.12329 beta=0.00000-0.00000 gamma=0.00000-0.00000level=4, indexed=1(16 sol.)
 Solution ? a=  5.596 b= 27.664 c= 30.937 alpha= 90.000 beta= 97.216 gamma= 90.000 V= 4751.36 score=  4.73 #  16
    a= 5.58- 5.63 b=27.60-27.65 c=30.87-30.94 alpha= 90.00- 90.00 beta= 97.22- 97.36 gamma= 90.00- 90.00 V=4712.95-4780.70level=4, indexed=1(17 sol.)
    a=0.18076-0.17897 b=0.03623-0.03616 c=0.03265-0.03259 alpha=0.12568-0.12807 beta=0.00000-0.00000 gamma=0.00000-0.00000level=4, indexed=1(17 sol.)
 Solution ? a=  5.600 b= 27.678 c= 30.952 alpha= 90.000 beta= 97.219 gamma= 90.000 V= 4759.16 score=  4.51 #  17
    a= 5.57- 5.63 b=27.60-27.65 c=30.97-31.03 alpha= 90.00- 90.00 beta= 96.94- 97.08 gamma= 90.00- 90.00 V=4728.46-4795.32level=4, indexed=1(18 sol.)
    a=0.18076-0.17897 b=0.03623-0.03616 c=0.03253-0.03247 alpha=0.12089-0.12329 beta=0.00000-0.00000 gamma=0.00000-0.00000level=4, indexed=1(18 sol.)
 Solution ? a=  5.616 b= 27.700 c= 31.027 alpha= 90.000 beta= 96.963 gamma= 90.000 V= 4790.84 score=  3.97 #  18
    a= 5.58- 5.63 b=27.60-27.65 c=30.99-31.05 alpha= 90.00- 90.00 beta= 97.22- 97.36 gamma= 90.00- 90.00 V=4731.29-4798.25level=4, indexed=1(19 sol.)
    a=0.18076-0.17897 b=0.03623-0.03616 c=0.03253-0.03247 alpha=0.12568-0.12807 beta=0.00000-0.00000 gamma=0.00000-0.00000level=4, indexed=1(19 sol.)
 Solution ? a=  5.616 b= 27.700 c= 31.027 alpha= 90.000 beta= 96.963 gamma= 90.000 V= 4790.85 score=  3.97 #  19
     a= 5.47- 5.50 b=30.67-30.70 c=27.93-27.97 alpha= 90.00- 90.00 beta= 98.29- 98.36 gamma= 90.00- 90.00 V=4636.34-4669.10level=5, indexed=1(20 sol.)
     a=0.18477-0.18388 b=0.03261-0.03257 c=0.03618-0.03614 alpha=0.14423-0.14543 beta=0.00000-0.00000 gamma=0.00000-0.00000level=5, indexed=1(20 sol.)
 Solution ? a=  5.496 b= 30.755 c= 27.996 alpha= 90.000 beta= 98.319 gamma= 90.000 V= 4682.03 score=  5.24 #  20
    a= 5.48- 5.53 b=30.74-30.80 c=27.87-27.94 alpha= 90.00- 90.00 beta= 98.05- 98.19 gamma= 90.00- 90.00 V=4648.70-4713.75level=4, indexed=1(21 sol.)
    a=0.18433-0.18254 b=0.03253-0.03247 c=0.03623-0.03616 alpha=0.14004-0.14244 beta=0.00000-0.00000 gamma=0.00000-0.00000level=4, indexed=1(21 sol.)
 Solution ? a=  5.496 b= 30.755 c= 27.996 alpha= 90.000 beta= 98.319 gamma= 90.000 V= 4682.03 score=  5.24 #  21
     a= 5.47- 5.50 b=30.73-30.76 c=27.93-27.97 alpha= 90.00- 90.00 beta= 98.29- 98.36 gamma= 90.00- 90.00 V=4645.36-4677.66level=5, indexed=1(22 sol.)
     a=0.18477-0.18388 b=0.03254-0.03251 c=0.03618-0.03614 alpha=0.14423-0.14543 beta=0.00000-0.00000 gamma=0.00000-0.00000level=5, indexed=1(22 sol.)
 Solution ? a=  5.496 b= 30.781 c= 27.982 alpha= 90.000 beta= 98.370 gamma= 90.000 V= 4683.57 score=  5.16 #  22
    a= 5.49- 5.54 b=30.74-30.80 c=27.91-27.98 alpha= 90.00- 90.00 beta= 98.60- 98.74 gamma= 90.00- 90.00 V=4655.29-4720.55level=4, indexed=1(23 sol.)
    a=0.18433-0.18254 b=0.03253-0.03247 c=0.03623-0.03616 alpha=0.14962-0.15201 beta=0.00000-0.00000 gamma=0.00000-0.00000level=4, indexed=1(23 sol.)
 Solution ? a=  5.504 b= 30.778 c= 27.977 alpha= 90.000 beta= 98.547 gamma= 90.000 V= 4686.51 score=  5.33 #  23
    a=10.09-10.16 b=30.62-30.68 c=13.96-14.03 alpha= 90.00- 90.00 beta= 97.22- 97.36 gamma= 90.00- 90.00 V=4280.76-4338.97level=4, indexed=1(24 sol.)
    a=0.09988-0.09923 b=0.03265-0.03259 c=0.07219-0.07186 alpha=0.12568-0.12807 beta=0.00000-0.00000 gamma=0.00000-0.00000level=4, indexed=1(24 sol.)
 Solution ? a= 10.103 b= 30.668 c= 13.940 alpha= 90.000 beta= 97.423 gamma= 90.000 V= 4282.75 score=  5.87 #  24
    a=10.10-10.17 b=30.62-30.68 c=13.97-14.04 alpha= 90.00- 90.00 beta= 97.50- 97.64 gamma= 90.00- 90.00 V=4283.43-4341.73level=4, indexed=1(25 sol.)
    a=0.09988-0.09923 b=0.03265-0.03259 c=0.07219-0.07186 alpha=0.13047-0.13286 beta=0.00000-0.00000 gamma=0.00000-0.00000level=4, indexed=1(25 sol.)
 Solution ? a= 10.139 b= 30.697 c= 13.953 alpha= 90.000 beta= 97.823 gamma= 90.000 V= 4302.02 score=  6.99 #  25
    a=10.10-10.17 b=30.62-30.68 c=13.98-14.05 alpha= 90.00- 90.00 beta= 97.77- 97.91 gamma= 90.00- 90.00 V=4286.20-4344.59level=4, indexed=1(26 sol.)
    a=0.09988-0.09923 b=0.03265-0.03259 c=0.07219-0.07186 alpha=0.13526-0.13765 beta=0.00000-0.00000 gamma=0.00000-0.00000level=4, indexed=1(26 sol.)
 Solution ? a= 10.139 b= 30.697 c= 13.953 alpha= 90.000 beta= 97.823 gamma= 90.000 V= 4302.02 score=  6.99 #  26
    a=10.10-10.17 b=30.74-30.80 c=13.97-14.04 alpha= 90.00- 90.00 beta= 97.50- 97.64 gamma= 90.00- 90.00 V=4300.10-4357.66level=4, indexed=1(27 sol.)
    a=0.09988-0.09923 b=0.03253-0.03247 c=0.07219-0.07186 alpha=0.13047-0.13286 beta=0.00000-0.00000 gamma=0.00000-0.00000level=4, indexed=1(27 sol.)
 Solution ? a= 10.122 b= 30.746 c= 13.939 alpha= 90.000 beta= 97.776 gamma= 90.000 V= 4298.04 score=  5.70 #  27
     a=11.17-11.20 b=30.67-30.70 c=13.88-13.91 alpha= 90.00- 90.00 beta= 94.57- 94.63 gamma= 90.00- 90.00 V=4739.25-4767.54level=5, indexed=1(28 sol.)
     a=0.08982-0.08959 b=0.03261-0.03257 c=0.07228-0.07211 alpha=0.07960-0.08079 beta=0.00000-0.00000 gamma=0.00000-0.00000level=5, indexed=1(28 sol.)
 Solution ? a= 11.186 b= 30.727 c= 13.879 alpha= 90.000 beta= 94.947 gamma= 90.000 V= 4752.87 score= 65.32 #  28
     a=11.17-11.20 b=30.67-30.70 c=13.88-13.92 alpha= 90.00- 90.00 beta= 94.70- 94.77 gamma= 90.00- 90.00 V=4740.17-4768.49level=5, indexed=1(29 sol.)
     a=0.08982-0.08959 b=0.03261-0.03257 c=0.07228-0.07211 alpha=0.08199-0.08319 beta=0.00000-0.00000 gamma=0.00000-0.00000level=5, indexed=1(29 sol.)
 Solution ? a= 11.187 b= 30.727 c= 13.882 alpha= 90.000 beta= 94.962 gamma= 90.000 V= 4753.97 score=102.86 #  29
      a=11.19-11.22 b=30.68-30.72 c=13.87-13.90 alpha= 90.00- 90.00 beta= 94.81- 94.88 gamma= 90.00- 90.00 V=4743.76-4772.11level=6, indexed=1(30 sol.)
      a=0.08971-0.08948 b=0.03259-0.03256 c=0.07236-0.07219 alpha=0.08379-0.08498 beta=0.00000-0.00000 gamma=0.00000-0.00000level=6, indexed=1(30 sol.)
 Solution ? a= 11.185 b= 30.722 c= 13.880 alpha= 90.000 beta= 94.981 gamma= 90.000 V= 4751.79 score=221.41 #  30
      a=11.19-11.22 b=30.68-30.72 c=13.87-13.90 alpha= 90.00- 90.00 beta= 94.88- 94.94 gamma= 90.00- 90.00 V=4744.24-4772.60level=6, indexed=1(31 sol.)
      a=0.08971-0.08948 b=0.03259-0.03256 c=0.07236-0.07219 alpha=0.08498-0.08618 beta=0.00000-0.00000 gamma=0.00000-0.00000level=6, indexed=1(31 sol.)
 Solution ? a= 11.185 b= 30.722 c= 13.880 alpha= 90.000 beta= 94.981 gamma= 90.000 V= 4751.79 score=221.40 #  31
      a=11.16-11.19 b=30.68-30.72 c=13.87-13.90 alpha= 90.00- 90.00 beta= 94.88- 94.94 gamma= 90.00- 90.00 V=4732.25-4760.51level=6, indexed=1(33 sol.)
      a=0.08993-0.08971 b=0.03259-0.03256 c=0.07236-0.07219 alpha=0.08498-0.08618 beta=0.00000-0.00000 gamma=0.00000-0.00000level=6, indexed=1(33 sol.)
 Solution ? a= 11.185 b= 30.722 c= 13.880 alpha= 90.000 beta= 94.981 gamma= 90.000 V= 4751.79 score=221.41 #  33
      a=11.19-11.22 b=30.68-30.72 c=13.87-13.91 alpha= 90.00- 90.00 beta= 94.94- 95.01 gamma= 90.00- 90.00 V=4744.73-4773.10level=6, indexed=1(34 sol.)
      a=0.08971-0.08948 b=0.03259-0.03256 c=0.07236-0.07219 alpha=0.08618-0.08738 beta=0.00000-0.00000 gamma=0.00000-0.00000level=6, indexed=1(34 sol.)
 Solution ? a= 11.185 b= 30.722 c= 13.880 alpha= 90.000 beta= 94.981 gamma= 90.000 V= 4751.79 score=221.39 #  34
      a=11.19-11.22 b=30.68-30.72 c=13.87-13.91 alpha= 90.00- 90.00 beta= 95.01- 95.08 gamma= 90.00- 90.00 V=4745.23-4773.61level=6, indexed=1(35 sol.)
      a=0.08971-0.08948 b=0.03259-0.03256 c=0.07236-0.07219 alpha=0.08738-0.08857 beta=0.00000-0.00000 gamma=0.00000-0.00000level=6, indexed=1(35 sol.)
 Solution ? a= 11.185 b= 30.722 c= 13.880 alpha= 90.000 beta= 94.981 gamma= 90.000 V= 4751.79 score=221.39 #  35
      a=11.16-11.19 b=30.68-30.72 c=13.87-13.91 alpha= 90.00- 90.00 beta= 94.94- 95.01 gamma= 90.00- 90.00 V=4732.73-4761.01level=6, indexed=1(36 sol.)
      a=0.08993-0.08971 b=0.03259-0.03256 c=0.07236-0.07219 alpha=0.08618-0.08738 beta=0.00000-0.00000 gamma=0.00000-0.00000level=6, indexed=1(36 sol.)
 Solution ? a= 11.185 b= 30.722 c= 13.880 alpha= 90.000 beta= 94.981 gamma= 90.000 V= 4751.79 score=221.40 #  36
      a=11.16-11.19 b=30.68-30.72 c=13.87-13.91 alpha= 90.00- 90.00 beta= 95.01- 95.08 gamma= 90.00- 90.00 V=4733.23-4761.51level=6, indexed=1(37 sol.)
      a=0.08993-0.08971 b=0.03259-0.03256 c=0.07236-0.07219 alpha=0.08738-0.08857 beta=0.00000-0.00000 gamma=0.00000-0.00000level=6, indexed=1(37 sol.)
 Solution ? a= 11.185 b= 30.722 c= 13.880 alpha= 90.000 beta= 94.981 gamma= 90.000 V= 4751.79 score=221.38 #  37
      a=11.16-11.19 b=30.68-30.72 c=13.87-13.91 alpha= 90.00- 90.00 beta= 95.08- 95.15 gamma= 90.00- 90.00 V=4733.73-4762.02level=6, indexed=1(38 sol.)
      a=0.08993-0.08971 b=0.03259-0.03256 c=0.07236-0.07219 alpha=0.08857-0.08977 beta=0.00000-0.00000 gamma=0.00000-0.00000level=6, indexed=1(38 sol.)
 Solution ? a= 11.185 b= 30.722 c= 13.880 alpha= 90.000 beta= 94.981 gamma= 90.000 V= 4751.79 score=221.42 #  38
      a=11.16-11.19 b=30.68-30.72 c=13.88-13.91 alpha= 90.00- 90.00 beta= 95.15- 95.22 gamma= 90.00- 90.00 V=4734.24-4762.54level=6, indexed=1(39 sol.)
      a=0.08993-0.08971 b=0.03259-0.03256 c=0.07236-0.07219 alpha=0.08977-0.09097 beta=0.00000-0.00000 gamma=0.00000-0.00000level=6, indexed=1(39 sol.)
 Solution ? a= 11.185 b= 30.722 c= 13.880 alpha= 90.000 beta= 94.981 gamma= 90.000 V= 4751.79 score=221.40 #  39
Finished: V=3991.65->4485.11 A^3, 128973 unit cells tested, 334796 tests/s,   Elapsed time=0.385237s
Starting: V=4485.11->4978.58
      a=11.19-11.22 b=30.68-30.72 c=13.87-13.90 alpha= 90.00- 90.00 beta= 94.81- 94.88 gamma= 90.00- 90.00 V=4743.76-4772.11level=6, indexed=1(51 sol.)
      a=0.08971-0.08948 b=0.03259-0.03256 c=0.07236-0.07219 alpha=0.08379-0.08498 beta=0.00000-0.00000 gamma=0.00000-0.00000level=6, indexed=1(51 sol.)
 Solution ? a= 11.185 b= 30.722 c= 13.880 alpha= 90.000 beta= 94.981 gamma= 90.000 V= 4751.79 score=221.41 #  51
      a=11.16-11.19 b=30.68-30.72 c=13.87-13.91 alpha= 90.00- 90.00 beta= 95.08- 95.15 gamma= 90.00- 90.00 V=4733.73-4762.02level=6, indexed=1(59 sol.)
      a=0.08993-0.08971 b=0.03259-0.03256 c=0.07236-0.07219 alpha=0.08857-0.08977 beta=0.00000-0.00000 gamma=0.00000-0.00000level=6, indexed=1(59 sol.)
 Solution ? a= 11.185 b= 30.722 c= 13.880 alpha= 90.000 beta= 94.981 gamma= 90.000 V= 4751.79 score=221.42 #  59
      a=11.19-11.22 b=30.74-30.77 c=13.87-13.91 alpha= 90.00- 90.00 beta= 94.94- 95.01 gamma= 90.00- 90.00 V=4753.69-4781.58level=6, indexed=1(68 sol.)
      a=0.08971-0.08948 b=0.03253-0.03250 c=0.07236-0.07219 alpha=0.08618-0.08738 beta=0.00000-0.00000 gamma=0.00000-0.00000level=6, indexed=1(68 sol.)
 Solution ? a= 11.185 b= 30.722 c= 13.880 alpha= 90.000 beta= 94.981 gamma= 90.000 V= 4751.79 score=221.42 #  68
      a=11.19-11.22 b=30.72-30.74 c=13.87-13.91 alpha= 90.00- 90.00 beta= 95.01- 95.08 gamma= 90.00- 90.00 V=4749.97-4777.85level=6, indexed=1(71 sol.)
      a=0.08971-0.08948 b=0.03256-0.03253 c=0.07236-0.07219 alpha=0.08738-0.08857 beta=0.00000-0.00000 gamma=0.00000-0.00000level=6, indexed=1(71 sol.)
 Solution ? a= 11.185 b= 30.722 c= 13.880 alpha= 90.000 beta= 94.981 gamma= 90.000 V= 4751.79 score=221.47 #  71
     a=11.16-11.19 b=30.76-30.79 c=14.46-14.49 alpha= 90.00- 90.00 beta=107.30-107.38 gamma= 90.00- 90.00 V=4737.93-4764.58level=5, indexed=1(81 sol.)
     a=0.09388-0.09365 b=0.03251-0.03248 c=0.07243-0.07230 alpha=0.29744-0.29864 beta=0.00000-0.00000 gamma=0.00000-0.00000level=5, indexed=1(81 sol.)
 Solution ? a= 11.185 b= 30.722 c= 14.507 alpha= 90.000 beta=107.604 gamma= 90.000 V= 4751.79 score=230.84 #  81
      a=11.19-11.22 b=30.74-30.77 c=14.49-14.53 alpha= 90.00- 90.00 beta=107.56-107.63 gamma= 90.00- 90.00 V=4752.53-4779.31level=6, indexed=1(84 sol.)
      a=0.09377-0.09353 b=0.03253-0.03250 c=0.07236-0.07223 alpha=0.30163-0.30283 beta=0.00000-0.00000 gamma=0.00000-0.00000level=6, indexed=1(84 sol.)
 Solution ? a= 11.185 b= 30.722 c= 14.507 alpha= 90.000 beta=107.604 gamma= 90.000 V= 4751.79 score=230.86 #  84
Finished: V=4485.11->4978.58 A^3, 194339 unit cells tested, 369930 tests/s,   Elapsed time=0.525347s
Starting: V=4978.58->5472
Finished: V=4978.58->5472 A^3, 270015 unit cells tested, 402406 tests/s,   Elapsed time=0.67101s
CellExplorer::ReduceSolutions(): update threshold for report from 8 to 46.1712
build/fast-x86_64/objcryst/ObjCryst/ObjCryst/Indexing.cpp:2602 Solution ? a=11.1855, b=30.722, c=14.5072, alpha=90, beta=107.604, gamma=90, V=4751.79, score=230.856
build/fast-x86_64/objcryst/ObjCryst/ObjCryst/Indexing.cpp:2602 Solution ? a=11.1855, b=30.722, c=15.4084, alpha=90, beta=116.179, gamma=90, V=4751.79, score=230.848
build/fast-x86_64/objcryst/ObjCryst/ObjCryst/Indexing.cpp:2602 Solution ? a=11.1855, b=30.722, c=13.8802, alpha=90, beta=94.981, gamma=90, V=4751.79, score=221.465
build/fast-x86_64/objcryst/ObjCryst/ObjCryst/Indexing.cpp:2609 BEST ? a=11.1855, b=30.722, c=14.5072, alpha=90, beta=107.604, gamma=90, V=4751.79, score=230.856
270015unit cells tested, 402223 tests/s,   Elapsed time=0.671312s
DONE Xe1fb77b MONOCLINIC C 3 0.6715545654296875 [{'cell': [11.185470581054688, 30.722026824951172, 14.50720500946045, 90.00000250447816, 107.60431648637662, 90.00000250447816], 'volume': 4751.79052734375, 'score': 230.85597229003906, 'system': 'MONOCLINIC', 'centering': 'C', 'mode': 2}, {'cell': [11.185471534729004, 30.72202491760254, 15.40842056274414, 90.00000250447816, 116.17919551759908, 90.00000250447816], 'volume': 4751.79150390625, 'score': 230.84808349609375, 'system': 'MONOCLINIC', 'centering': 'C', 'mode': 2}, {'cell': [11.185470581054688, 30.722023010253906, 13.880219459533691, 90.00000250447816, 94.98099308879084, 90.00000250447816], 'volume': 4751.78955078125, 'score': 221.46505737304688, 'system': 'MONOCLINIC', 'centering': 'C', 'mode': 2}]
