START 0.23952245789189763 315493.0308241445
ObjRegistry<T>::Find(H): Not found !!
List of Crystal ScatteringPowers :2 object registered:
#  0:ScatteringPowerAtom(O)
#  1:ScatteringPowerAtom(C)
WITH_H 0.235517962914981 308232.49708240124
Imported powder pattern: 6336 points, 2theta=  0.500 ->  13.151, step= 0.002
SCALED_SIGMA 6.9747978986053125 6336.00000000002
CYCLE 0 0 Rw 0.2333075988407005 chi2 6217.629851646909
CYCLE 0 1 Rw 0.2332739202167699 chi2 6215.834915650648
CYCLE 0 2 Rw 0.23326983211616578 chi2 6215.617053870099
CYCLE 1 0 Rw 0.19913162568736065 chi2 4529.471950565563
CYCLE 1 1 Rw 0.18146815298823513 chi2 3761.5594828101466
CYCLE 1 2 Rw 0.17591187095839517 chi2 3534.73932333578
CYCLE 2 0 Rw 0.1685694817234121 chi2 3245.824238753977
CYCLE 2 1 Rw 0.17658039806084938 chi2 3561.6568846398086
CYCLE 2 2 Rw 0.16966714728615265 chi2 3288.2332134200133
CYCLE 3 0 Rw 0.17299292367344438 chi2 3418.407031154272
CYCLE 3 1 Rw 0.17225578009745593 chi2 3389.3366157419737
CYCLE 3 2 Rw 0.16908457550395772 chi2 3265.6909223266675
FINISHED Xe1fb77b 0.1690845755039577
