START 0.2878224151172021 406524.5340755742
ObjRegistry<T>::Find(H): Not found !!
List of Crystal ScatteringPowers :3 object registered:
#  0:ScatteringPowerAtom(O)
#  1:ScatteringPowerAtom(C)
#  2:ScatteringPowerAtom(ion_O)
WITH_H 0.2825502372836097 391767.93494034273
Imported powder pattern: 11370 points, 2theta=  1.801 ->  13.152, step= 0.001
SCALED_SIGMA 5.869947423649259 11370.000000000027
TIGHT_RESTRAINTS
FLEXIBLE_RINGS
AROMATIC_PLANARITY 0
LSQ_PACKING 38 atoms 1992 terms sigma 0.01 cost 207.10403149070135
CYCLE 0 0 Rw 0.28119590989676835 chi2 11261.26324720791 geom 0.6482203143728802 LSQ 11498.853252187673
CYCLE 0 1 Rw 0.28093063019894354 chi2 11240.025560173694 geom 0.6482203143728802 LSQ 11420.864254199558
CYCLE 0 2 Rw 0.2807950273058241 chi2 11229.177244138607 geom 0.6482203143728802 LSQ 11411.799463335876
PACKING_STAGE 0 167.45080775167395
CYCLE 1 0 Rw 0.2566109297759114 chi2 9378.198319772124 geom 1030.7278129752253 LSQ 11069.844312927971
CYCLE 1 1 Rw 0.24701309994444598 chi2 8689.786051490997 geom 190.36510358293208 LSQ 9280.86617426039
CYCLE 1 2 Rw 0.24428679468976242 chi2 8499.024755793656 geom 253.52112159609445 LSQ 9152.012295078124
PACKING_STAGE 1 40.513859508449464
CYCLE 2 0 Rw 0.23275498793873448 chi2 7715.5538255495185 geom 344.45224223471996 LSQ 8473.194478446698
CYCLE 2 1 Rw 0.22950939409221355 chi2 7501.878824309667 geom 345.60364388226884 LSQ 8239.633588761419
CYCLE 2 2 Rw 0.22757305412770354 chi2 7375.828123117261 geom 233.54863008223188 LSQ 7984.88584242533
PACKING_STAGE 2 4.622838611984568
CYCLE 3 0 Rw 0.22391235894320993 chi2 7140.444413338662 geom 299.7239219990607 LSQ 7833.0587418713185
CYCLE 3 1 Rw 0.22132582232907172 chi2 6976.4307070895475 geom 246.91027987744476 LSQ 7602.706695128062
CYCLE 3 2 Rw 0.22025131616057378 chi2 6908.855932476514 geom 250.8203489674422 LSQ 7538.10348113482
PACKING_STAGE 3 4.846982639611437
FINISHED Xe1fb77b 0.22025131616057378
