START 0.2933600971775367 195051.85004811536
ObjRegistry<T>::Find(H): Not found !!
List of Crystal ScatteringPowers :3 object registered:
#  0:ScatteringPowerAtom(O)
#  1:ScatteringPowerAtom(C)
#  2:ScatteringPowerAtom(ion_O)
WITH_H 0.2970757395939842 202417.4352967024
Imported powder pattern: 11370 points, 2theta=  1.801 ->  13.152, step= 0.001
SCALED_SIGMA 4.219332264451973 11369.999999999975
FLEXIBLE_RINGS
CYCLE 0 0 Rw 0.29279330604136583 chi2 11044.55895170785 geom 160.74416890390313 LSQ 11362.889473294406
CYCLE 0 1 Rw 0.29252852851891403 chi2 11024.59245228618 geom 160.74416890390313 LSQ 11330.193587377667
CYCLE 0 2 Rw 0.2924021177304986 chi2 11015.066363902506 geom 160.74416890390313 LSQ 11320.605448040687
CYCLE 1 0 Rw 0.2377754120360623 chi2 7283.832942471557 geom 661.1339853943547 LSQ 8623.806816874321
CYCLE 1 1 Rw 0.218563812248876 chi2 6154.355865036217 geom 608.9425866825794 LSQ 7321.026359905086
CYCLE 1 2 Rw 0.21174651658901958 chi2 5776.418360894796 geom 619.6060584647475 LSQ 6934.300152188056
CYCLE 2 0 Rw 0.20610446772089944 chi2 5472.690687309145 geom 509.57315110315113 LSQ 6530.370514813223
CYCLE 2 1 Rw 0.20295288607898868 chi2 5306.6024571494545 geom 532.0696205530686 LSQ 6401.084609648843
CYCLE 2 2 Rw 0.19976992659535672 chi2 5141.458216461182 geom 575.96257880191 LSQ 6302.502645396081
CYCLE 3 0 Rw 0.19515528398748472 chi2 4906.6685273617295 geom 553.5810058763715 LSQ 6032.860876916345
CYCLE 3 1 Rw 0.19400691825310798 chi2 4849.093126771856 geom 574.369143850644 LSQ 5992.504423247231
CYCLE 3 2 Rw 0.19097255385349643 chi2 4698.594894872138 geom 516.0452752173262 LSQ 5757.02474269456
FINISHED Xe1fb77b 0.19097255385349643
