START 0.03570166526184844 2015.3676392807765
WITH_H 0.03570166504061131 2015.3676392807765
Imported powder pattern: 3119 points, 2theta=  9.260 ->  71.620, step= 0.020
SCALED_SIGMA 1.0 2015.3676392807702
TIGHT_RESTRAINTS
FLEXIBLE_RINGS
AROMATIC_PLANARITY 26
CYCLE 0 0 Rw 0.035701633307708314 chi2 2015.3640566222425 geom 1071.167344767627 LSQ 3419.7123630069364
CYCLE 0 1 Rw 0.03570163329800895 chi2 2015.3640555271822 geom 1071.167344767627 LSQ 3419.712316701027
CYCLE 0 2 Rw 0.0357016332980163 chi2 2015.364055528012 geom 1071.167344767627 LSQ 3419.7123166877755
CYCLE 1 0 Rw 0.035885676861486915 chi2 2036.1962018198467 geom 36.10638832013607 LSQ 2173.7644367251396
CYCLE 1 1 Rw 0.035948752810504685 chi2 2043.3605020989085 geom 25.47368974635615 LSQ 2163.758963628378
CYCLE 1 2 Rw 0.03594139720033221 chi2 2042.5243882183968 geom 26.356644991973912 LSQ 2163.3958908951518
CYCLE 2 0 Rw 0.035920712012741454 chi2 2040.1740153645521 geom 25.83894674312987 LSQ 2161.924812327759
CYCLE 2 1 Rw 0.03593252992215698 chi2 2041.51667014754 geom 25.29617143215068 LSQ 2161.444904621002
CYCLE 2 2 Rw 0.03593493611840321 chi2 2041.7900967185535 geom 24.8456010465472 LSQ 2161.1648953521617
CYCLE 3 0 Rw 0.03593791106683426 chi2 2042.1281783925142 geom 24.353255202833378 LSQ 2160.333692874643
CYCLE 3 1 Rw 0.035953002527999114 chi2 2043.8436464347049 geom 22.930752318807453 LSQ 2158.969499679606
CYCLE 3 2 Rw 0.0359575070166674 chi2 2044.3558176932265 geom 22.696281268686477 LSQ 2158.892153144702
FINISHED Xbfc6d2c 0.0359575070166674
