START 0.24919391758056594 3912184.424781875
ObjRegistry<T>::Find(H): Not found !!
List of Crystal ScatteringPowers :5 object registered:
#  0:ScatteringPowerAtom(ion_C)
#  1:ScatteringPowerAtom(O)
#  2:ScatteringPowerAtom(C)
#  3:ScatteringPowerAtom(N)
#  4:ScatteringPowerAtom(ion_Cl)
Imported powder pattern: 3539 points, 2theta=  5.380 ->  76.140, step= 0.020
EXTENDED 0.4 3539 Rw 0.23651199602994466
WITH_H 0.23225779348663936 3808774.850810085
Imported powder pattern: 3539 points, 2theta=  5.380 ->  76.140, step= 0.020
SCALED_SIGMA 32.80593115008213 3538.999999999998
TIGHT_RESTRAINTS
FLEXIBLE_RINGS
AROMATIC_PLANARITY 0
LSQ_PACKING 23 atoms 1751 terms sigma 0.01 cost 87.13627693952081
EXTENDED_BACKGROUND 0.21264936910211635
CYCLE 0 0 Rw 0.20788777932499702 chi2 2835.292644578451 geom 0.0 LSQ 2933.2226458326613
CYCLE 0 1 Rw 0.20695556962552702 chi2 2809.921636711057 geom 0.0 LSQ 2899.3190618081744
CYCLE 0 2 Rw 0.20678899422624117 chi2 2805.4001304697895 geom 0.0 LSQ 2892.105413506325
PACKING_STAGE 0 83.81670080980358
CYCLE 1 0 Rw 0.20542208306776213 chi2 2768.434346753936 geom 9.35423683536428 LSQ 2844.7262113603265
CYCLE 1 1 Rw 0.2012022566928733 chi2 2655.862983781456 geom 0.8533841522998447 LSQ 2698.7881633049415
CYCLE 1 2 Rw 0.19630855359758753 chi2 2528.2406942258804 geom 59.006757138246286 LSQ 2672.6713120471413
PACKING_STAGE 1 0.24913786750950737
CYCLE 2 0 Rw 0.19492870357272982 chi2 2492.823670505954 geom 23.02366221291567 LSQ 2654.0221047959294
CYCLE 2 1 Rw 0.1912660644585181 chi2 2400.0252710133113 geom 110.81413654878176 LSQ 2617.128690792389
CYCLE 2 2 Rw 0.18871565213511377 chi2 2336.4463622542953 geom 47.35734121472351 LSQ 2488.4380803588783
PACKING_STAGE 2 0.6434457711833792
CYCLE 3 0 Rw 0.187439191624694 chi2 2304.9461113285493 geom 16.2338018802054 LSQ 2422.3248651174304
CYCLE 3 1 Rw 0.18716296742833716 chi2 2298.1576403468557 geom 15.879381228316912 LSQ 2403.813548740628
CYCLE 3 2 Rw 0.18704665876076051 chi2 2295.302240008381 geom 16.163679668398895 LSQ 2398.7668601282276
PACKING_STAGE 3 0.5251230781819632
FINISHED X1a56c78 0.18704665876076051
