START 0.24500791521321727 3781853.263289517
ObjRegistry<T>::Find(H): Not found !!
List of Crystal ScatteringPowers :5 object registered:
#  0:ScatteringPowerAtom(ion_C)
#  1:ScatteringPowerAtom(O)
#  2:ScatteringPowerAtom(C)
#  3:ScatteringPowerAtom(N)
#  4:ScatteringPowerAtom(ion_Cl)
Imported powder pattern: 3539 points, 2theta=  5.380 ->  76.140, step= 0.020
EXTENDED 0.4 3539 Rw 0.2480306206485045
WITH_H 0.2404947112944656 4083718.238935844
Imported powder pattern: 3539 points, 2theta=  5.380 ->  76.140, step= 0.020
SCALED_SIGMA 33.96937869014496 3538.9999999999764
TIGHT_RESTRAINTS
FLEXIBLE_RINGS
AROMATIC_PLANARITY 0
LSQ_PACKING 23 atoms 1751 terms sigma 0.01 cost 175.83599258648846
EXTENDED_BACKGROUND 0.21800687403549948
CYCLE 0 0 Rw 0.21445779273465806 chi2 2814.188381259687 geom 0.0 LSQ 3000.855602721806
CYCLE 0 1 Rw 0.2141779227807277 chi2 2806.848075789713 geom 0.0 LSQ 2986.5631093000266
CYCLE 0 2 Rw 0.21413740089547603 chi2 2805.7860800934914 geom 0.0 LSQ 2984.3274919957666
PACKING_STAGE 0 175.83599258648496
CYCLE 1 0 Rw 0.21273912666206526 chi2 2769.263274463567 geom 6.318166461579822 LSQ 2916.385504546446
CYCLE 1 1 Rw 0.20688950942704795 chi2 2619.0659941294866 geom 0.3292193853771658 LSQ 2689.2984548223103
CYCLE 1 2 Rw 0.1981777357087937 chi2 2403.1408516384836 geom 122.46948850864499 LSQ 2647.94984143862
PACKING_STAGE 1 2.565236091336795
CYCLE 2 0 Rw 0.1953494240117266 chi2 2335.0370300297964 geom 15.085733641160344 LSQ 2455.4185876895826
CYCLE 2 1 Rw 0.19282370844571625 chi2 2275.046953613183 geom 31.09988642970128 LSQ 2422.684965786416
CYCLE 2 2 Rw 0.19066676566365798 chi2 2224.433880531048 geom 28.23051693843827 LSQ 2360.7178540131154
PACKING_STAGE 2 2.3162576555199355
CYCLE 3 0 Rw 0.18927374157080865 chi2 2192.0488934565465 geom 24.785824623347043 LSQ 2327.5652700461374
CYCLE 3 1 Rw 0.1875006466079005 chi2 2151.171530480355 geom 24.995783007342624 LSQ 2275.182408275099
CYCLE 3 2 Rw 0.18692558986030142 chi2 2137.996656237285 geom 25.304456222127737 LSQ 2262.494954178911
PACKING_STAGE 3 1.7562238866471696
FINISHED X1a56c78 0.18692558986030142
