START 0.15693615433993646 4173.072818939345
Imported powder pattern: 3539 points, 2theta=  5.380 ->  76.140, step= 0.020
EXTENDED 0.4 3539 Rw 0.14293142569759967
WITH_H 0.138080954706835 1346208.3237558173
Imported powder pattern: 3539 points, 2theta=  5.380 ->  76.140, step= 0.020
SCALED_SIGMA 19.503648188712386 3539.000000000006
TIGHT_RESTRAINTS
FLEXIBLE_RINGS
AROMATIC_PLANARITY 0
LSQ_PACKING 46 atoms 2973 terms sigma 0.01 cost 0.0
EXTENDED_BACKGROUND 0.13787404757623425
CYCLE 0 0 Rw 0.1374667021068206 chi2 3507.58357770351 geom 363.70374794189433 LSQ 4265.559957459374
CYCLE 0 1 Rw 0.13729628667253127 chi2 3498.8923694199093 geom 363.70374794189433 LSQ 4256.373950185991
CYCLE 0 2 Rw 0.1370980473639094 chi2 3488.795705182165 geom 363.70374794189433 LSQ 4246.781926709423
PACKING_STAGE 0 0.5463227297184026
CYCLE 1 0 Rw 0.1366894297242239 chi2 3468.0301431034673 geom 317.9857830608529 LSQ 4166.026166108837
CYCLE 1 1 Rw 0.13609133347674807 chi2 3437.7472183026784 geom 269.9096958473604 LSQ 4076.814638297338
CYCLE 1 2 Rw 0.1355933368245022 chi2 3412.6338735965373 geom 249.6252725342078 LSQ 4025.368881220586
PACKING_STAGE 1 0.05321410814991272
CYCLE 2 0 Rw 0.1346744075563272 chi2 3366.5351074355885 geom 227.00611889415143 LSQ 4013.7271551731646
CYCLE 2 1 Rw 0.1341800810868751 chi2 3341.8665270307692 geom 203.6182930157924 LSQ 3935.6406133455866
CYCLE 2 2 Rw 0.1336853140650798 chi2 3317.2667961124316 geom 192.3462160833753 LSQ 3848.3319755356024
PACKING_STAGE 2 0.32284051865757724
CYCLE 3 0 Rw 0.1331799713477724 chi2 3292.2350529056894 geom 180.82287199125201 LSQ 3799.444333454784
CYCLE 3 1 Rw 0.133088046622226 chi2 3287.6918268355225 geom 180.7651348952012 LSQ 3799.7448868051433
CYCLE 3 2 Rw 0.13289107365079528 chi2 3277.9673290422297 geom 181.30607659441876 LSQ 3786.943098662528
PACKING_STAGE 3 1.1179517601264548
FINISHED X1a56c78 0.13289107365079528
