START 0.21458688683962646 4385.49221363547
Imported powder pattern: 3539 points, 2theta=  5.380 ->  76.140, step= 0.020
EXTENDED 0.4 3539 Rw 0.2145868813854289
WITH_H 0.21458688138542711 3251255.093336923
Imported powder pattern: 3539 points, 2theta=  5.380 ->  76.140, step= 0.020
SCALED_SIGMA 30.309951501567717 3538.9999999999845
TIGHT_RESTRAINTS
FLEXIBLE_RINGS
AROMATIC_PLANARITY 0
LSQ_PACKING 23 atoms 1751 terms sigma 0.01 cost 2506.293804366537
EXTENDED_BACKGROUND 0.20715392235876748
CYCLE 0 0 Rw 0.17957575006983 chi2 2478.389751467939 geom 97.67821526931033 LSQ 2937.3481389859953
CYCLE 0 1 Rw 0.16740872945176083 chi2 2153.9242558704696 geom 97.67821526931033 LSQ 2428.003107862545
CYCLE 0 2 Rw 0.1665009461287638 chi2 2130.6280374262906 geom 97.67821526931033 LSQ 2394.602733553398
PACKING_STAGE 0 0.0
CYCLE 1 0 Rw 0.15413754460325985 chi2 1825.9593258656125 geom 46.91773956340558 LSQ 2008.8566971928217
CYCLE 1 1 Rw 0.1494924578480769 chi2 1717.5634549689346 geom 39.4491974334976 LSQ 1877.5079515338543
CYCLE 1 2 Rw 0.14736291090186232 chi2 1668.977991195673 geom 36.29769035871714 LSQ 1820.4174483990546
PACKING_STAGE 1 0.0
CYCLE 2 0 Rw 0.14665813062237304 chi2 1653.052003291721 geom 34.690776516161264 LSQ 1797.7097553946041
CYCLE 2 1 Rw 0.14597580247438974 chi2 1637.7061091424564 geom 34.97268666649774 LSQ 1782.533933579161
CYCLE 2 2 Rw 0.14546985132464563 chi2 1626.3732263624263 geom 35.543266128661536 LSQ 1771.2821270767686
PACKING_STAGE 2 0.0
CYCLE 3 0 Rw 0.14537579545175952 chi2 1624.270790710517 geom 35.58610441811227 LSQ 1769.4575639998036
CYCLE 3 1 Rw 0.14535626447286792 chi2 1623.8343842588813 geom 35.592396459859565 LSQ 1769.1313859948314
CYCLE 3 2 Rw 0.14524132185751779 chi2 1621.267257558751 geom 35.65182880905584 LSQ 1766.680817276629
PACKING_STAGE 3 0.0
FINISHED X1a56c78 0.14524132185751779
