START 0.22584883345803544 3213513.640846045
ObjRegistry<T>::Find(H): Not found !!
List of Crystal ScatteringPowers :4 object registered:
#  0:ScatteringPowerAtom(O)
#  1:ScatteringPowerAtom(C)
#  2:ScatteringPowerAtom(N)
#  3:ScatteringPowerAtom(ion_Cl)
WITH_H 0.21689814364989884 2963849.2779120514
Imported powder pattern: 2487 points, 2theta=  5.380 ->  55.100, step= 0.020
SCALED_SIGMA 34.52154026436809 2486.9999999999945
TIGHT_RESTRAINTS
FLEXIBLE_RINGS
AROMATIC_PLANARITY 0
LSQ_PACKING 23 atoms 1751 terms sigma 0.01 cost 0.0
CYCLE 0 0 Rw 0.21476754529756614 chi2 2438.380192837967 geom 0.0 LSQ 2442.448549069774
CYCLE 0 1 Rw 0.21299326520172465 chi2 2398.25775714048 geom 0.0 LSQ 2421.1559168803465
CYCLE 0 2 Rw 0.21302330500717942 chi2 2398.9342881729713 geom 0.0 LSQ 2402.0882551115837
PACKING_STAGE 0 0.26988716327795037
CYCLE 1 0 Rw 0.20991423628063763 chi2 2329.420545214156 geom 3.083474557663199 LSQ 2349.030623925446
CYCLE 1 1 Rw 0.20166857089177007 chi2 2150.010379597771 geom 97.65172944846104 LSQ 2335.005341301395
CYCLE 1 2 Rw 0.19933089061013878 chi2 2100.4547477222095 geom 25.453664961709627 LSQ 2216.350417036577
PACKING_STAGE 1 0.0
CYCLE 2 0 Rw 0.19770581503016058 chi2 2066.3457986935387 geom 18.57523391937471 LSQ 2183.848187053317
CYCLE 2 1 Rw 0.1941325320094094 chi2 1992.3276077233631 geom 12.450711485924908 LSQ 2103.0165843144578
CYCLE 2 2 Rw 0.19283953036114573 chi2 1965.8765644691043 geom 12.682103366067192 LSQ 2076.0759143059395
PACKING_STAGE 2 0.0
CYCLE 3 0 Rw 0.19146151506424855 chi2 1937.8809683443428 geom 10.971052242882992 LSQ 2041.9649971867916
CYCLE 3 1 Rw 0.1912307968636318 chi2 1933.2133460160865 geom 10.892290335338787 LSQ 2034.3879067240287
CYCLE 3 2 Rw 0.19071146168060674 chi2 1922.7273527990162 geom 10.91946294320226 LSQ 2022.602027872868
PACKING_STAGE 3 0.0
FINISHED X1a56c78 0.19071146168060674
