START 0.35823570829171086 12222.209751420101
Imported powder pattern: 3539 points, 2theta=  5.380 ->  76.140, step= 0.020
EXTENDED 0.4 3539 Rw 0.358235648057701
WITH_H 0.3582356480576717 9061128.928638248
Imported powder pattern: 3539 points, 2theta=  5.380 ->  76.140, step= 0.020
SCALED_SIGMA 50.60004157131135 3539.000000000039
TIGHT_RESTRAINTS
FLEXIBLE_RINGS
AROMATIC_PLANARITY 0
LSQ_PACKING 23 atoms 1751 terms sigma 0.01 cost 2507.8697706329367
EXTENDED_BACKGROUND 0.3095154939182508
CYCLE 0 0 Rw 0.29020185896725825 chi2 2322.433793042629 geom 97.13781593747845 LSQ 2725.892229855992
CYCLE 0 1 Rw 0.2776384461351432 chi2 2125.700977151831 geom 97.13781593747845 LSQ 2578.099498088711
CYCLE 0 2 Rw 0.27384187961703604 chi2 2067.962676345336 geom 97.13781593747845 LSQ 2346.5834783556925
PACKING_STAGE 0 1.7210028001605935
CYCLE 1 0 Rw 0.2654450433794541 chi2 1943.0868041496196 geom 20.18642255053678 LSQ 2047.726275717992
CYCLE 1 1 Rw 0.25498388696684976 chi2 1792.9510643534827 geom 9.634222346951578 LSQ 1872.250199838138
CYCLE 1 2 Rw 0.24334399013390104 chi2 1632.9925816784012 geom 7.7410939143317306 LSQ 1711.0816411131377
PACKING_STAGE 1 1.4345092746056696
CYCLE 2 0 Rw 0.23233641738349525 chi2 1488.5983679131052 geom 8.920099651376333 LSQ 1572.825355999496
CYCLE 2 1 Rw 0.2219210035569375 chi2 1358.1251051810152 geom 12.883712234603099 LSQ 1441.9653116098189
CYCLE 2 2 Rw 0.21252195284098457 chi2 1245.5195761258851 geom 17.735285061364635 LSQ 1334.7151934311
PACKING_STAGE 2 0.05327907645789019
CYCLE 3 0 Rw 0.2102985880180759 chi2 1219.595113103838 geom 17.981732602500326 LSQ 1303.2541917667986
CYCLE 3 1 Rw 0.20935809652495824 chi2 1208.7110267496291 geom 18.291718047209244 LSQ 1293.3015586692034
CYCLE 3 2 Rw 0.2086690420666626 chi2 1200.7677263620553 geom 18.62671677714472 LSQ 1286.2134908201936
PACKING_STAGE 3 0.19989295341441626
FINISHED X1a56c78 0.2086690420666626
