START 0.24305110346375702 3721685.227311832
ObjRegistry<T>::Find(H): Not found !!
List of Crystal ScatteringPowers :5 object registered:
#  0:ScatteringPowerAtom(ion_C)
#  1:ScatteringPowerAtom(O)
#  2:ScatteringPowerAtom(C)
#  3:ScatteringPowerAtom(N)
#  4:ScatteringPowerAtom(ion_Cl)
Imported powder pattern: 3539 points, 2theta=  5.380 ->  76.140, step= 0.020
EXTENDED 0.4 3539 Rw 0.24231775044849266
WITH_H 0.2358407375234756 3927194.020675958
Imported powder pattern: 3539 points, 2theta=  5.380 ->  76.140, step= 0.020
SCALED_SIGMA 33.31201455689712 3539.0000000000086
TIGHT_RESTRAINTS
FLEXIBLE_RINGS
AROMATIC_PLANARITY 0
LSQ_PACKING 23 atoms 1751 terms sigma 0.01 cost 163.16187517000105
EXTENDED_BACKGROUND 0.20960087144415857
CYCLE 0 0 Rw 0.206099004422918 chi2 2702.6804602279744 geom 0.20309382944180585 LSQ 2760.267512331018
CYCLE 0 1 Rw 0.20544170755626004 chi2 2685.4690173197987 geom 0.20309382944180585 LSQ 2736.9154101859267
CYCLE 0 2 Rw 0.20534788522910385 chi2 2683.0167458398155 geom 0.20309382944180585 LSQ 2732.1368371046824
PACKING_STAGE 0 43.856945998612574
CYCLE 1 0 Rw 0.20061809215953533 chi2 2560.843899234138 geom 0.4133559155670935 LSQ 2609.5629225971525
CYCLE 1 1 Rw 0.19507213086369946 chi2 2421.2150791851936 geom 64.61068408792723 LSQ 2605.3442320965396
CYCLE 1 2 Rw 0.19116303957904093 chi2 2325.148894216098 geom 31.80234845502009 LSQ 2486.9744274842087
PACKING_STAGE 1 10.034201327107663
CYCLE 2 0 Rw 0.18920608449485235 chi2 2277.787003827271 geom 28.899192154974696 LSQ 2435.2702101806435
CYCLE 2 1 Rw 0.18869921281482022 chi2 2265.5992430656993 geom 29.43638634221643 LSQ 2421.161107034243
CYCLE 2 2 Rw 0.18829645326517394 chi2 2255.9381755268637 geom 30.959680159535633 LSQ 2409.6295048208235
PACKING_STAGE 2 11.361876889251702
CYCLE 3 0 Rw 0.18624479924711881 chi2 2207.045174190469 geom 31.381233319343554 LSQ 2366.3329927127243
CYCLE 3 1 Rw 0.18535255786051744 chi2 2185.949282131033 geom 31.41402518379895 LSQ 2341.074559540313
CYCLE 3 2 Rw 0.18497000493369165 chi2 2176.93534309856 geom 31.843368007474773 LSQ 2332.953347292471
PACKING_STAGE 3 11.513696269194645
FINISHED X1a56c78 0.18497000493369165
