ObjRegistry<T>::Find(ion_C): Not found !!
List of Crystal ScatteringPowers :5 object registered:
#  0:ScatteringPowerAtom(O)
#  1:ScatteringPowerAtom(C)
#  2:ScatteringPowerAtom(N)
#  3:ScatteringPowerAtom(ion_Cl)
#  4:ScatteringPowerAtom(H)
/opt/conda/lib/python3.11/site-packages/monty/design_patterns.py:76: UserWarning: Full symbol not available, falling back to short Hermann Mauguin symbol P22_12_1 instead
  orig_init(instance, *args, **kwargs)
EXACT_PAWLEY nref 252 rank 239 cond 948.7211834550742 chi2 238.75190189443705 netRwp 0.11781108629142936
ZM O[C@](CC[NH+]1CCCCC1)(c1ccccc1)C1CCCCC1 n 22 torsions 5 max_distance_error 1.2167039820099035e-08
ZM [Cl-] n 1 torsions 0 max_distance_error 0.0
GENERIC_SYMMETRY P 2 21 21
Total degrees of freedom: 15
Total external degrees of freedom: 10 (pos: 6 rot: 4 )
Total internal degrees of freedom: 5
PREPARED X1a56c78 Nref 252 PawleyRw 0.07197708854366519 SG P 2 21 21
/opt/conda/lib/python3.11/site-packages/gallop/zm_to_cart.py:210: UserWarning: Using torch.cross without specifying the dim arg is deprecated.
Please either pass the dim explicitly or simply use torch.linalg.cross.
The default value of dim will change to agree with that of linalg.cross in a future release. (Triggered internally at /home/conda/feedstock_root/build_artifacts/libtorch_1786372131199/work/aten/src/ATen/native/Cross.cpp:63.)
  cart_coords = zm_to_cart(internal[:,torsion[i]], initial_D2[i],
RESTART_ERROR max/rms 1.4569850909372543e-06 7.33317580954205e-07
WARM_READY /app/work/X1a56c78/gallop_82
