N.B. Configuration file /root/.GSASII/config.ini does not exist
======================================================================
Module pyspg in '/opt/g2/GSAS-II/GSASII-bin/linux_64_p3.13_n2.2' could not be loaded
error msg: /lib/x86_64-linux-gnu/libm.so.6: version `GLIBC_2.38' not found (required by /opt/g2/GSAS-II/GSASII-bin/linux_64_p3.13_n2.2/pyspg.cpython-313-x86_64-linux-gnu.so)
======================================================================
*** ERROR: Unable to find GSAS-II binaries. Much of GSAS-II cannot function
binary load error: pyspg not found
pypowder is not available - profile calcs. not allowed
pydiffax is not available for this platform
pypowder is not available - profile calcs. not allowed
lattice parameter range =     2.500   42.232
Zero = 0.0000 Nc/No max = 4  Max Nc = 80
cell search for  Orthorhombic-F
      M20  X20  Nc       a          b          c        alpha       beta      gamma     volume      V-test
     9.754   9  11    8.21936   11.23554   16.88939     90.000     90.000     90.000    1559.72    1369.09 Orthorhombic-F
    13.313  13   8    4.08554   16.89632   16.43942     90.000     90.000     90.000    1134.82    2204.94 Orthorhombic-F
     2.260   8  26   10.39045   19.72611   21.30314     90.000     90.000     90.000    4366.36    3906.18 Orthorhombic-F
     2.145   9  14    2.27493   11.61464   23.89878     90.000     90.000     90.000     631.47    4296.80 Orthorhombic-F
     2.605   2  32    4.56455   32.79614   33.75213     90.000     90.000     90.000    5052.68    4726.48 Orthorhombic-F
     3.309   1  40    4.70991   33.70360   37.30055     90.000     90.000     90.000    5921.12    5719.04 Orthorhombic-F
     3.101   1  40    6.22690   24.61050   46.55565     90.000     90.000     90.000    7134.52    6290.94 Orthorhombic-F
     2.290   1  45    4.33487   36.88041   42.40744     90.000     90.000     90.000    6779.76    6920.04 Orthorhombic-F
     4.804   0  49   10.85687   13.66886   58.84283     90.000     90.000     90.000    8732.33    7612.04 Orthorhombic-F
     6.062   0  52    7.72344   16.96713   64.88806     90.000     90.000     90.000    8503.23    8373.25 Orthorhombic-F
     3.117   3  55    5.08176   23.79309   71.96910     90.000     90.000     90.000    8701.84    9210.57 Orthorhombic-F
     5.649   0  68    4.66040   46.68380   49.00017     90.000     90.000     90.000   10660.74   10131.63 Orthorhombic-F
     4.163   1  62   13.13299   26.64060   36.48363     90.000     90.000     90.000   12764.55   11144.79 Orthorhombic-F
    52.341   0  63   16.44031   22.47331   33.78293     90.000     90.000     90.000   12481.72   12259.27 Orthorhombic-F
     8.511   0  67   12.75854   20.07973   50.58876     90.000     90.000     90.000   12960.23   13485.19 Orthorhombic-F
     5.165   0  77   16.88077   24.87810   37.24378     90.000     90.000     90.000   15640.95   14833.71 Orthorhombic-F
     8.174   0  78   23.10064   24.25987   29.38638     90.000     90.000     90.000   16468.67   16317.09 Orthorhombic-F
Restart search, new Max Nc = 100
     9.754   9  11    8.21936   11.23554   16.88939     90.000     90.000     90.000    1559.72    1715.69 Orthorhombic-F
     2.272  11  11    6.40793   16.45492   16.88803     90.000     90.000     90.000    1780.71    1887.26 Orthorhombic-F
     9.754   9  11    8.21936   11.23554   16.88939     90.000     90.000     90.000    1559.72    2075.98 Orthorhombic-F
     3.707   9  16    7.09852   11.23421   33.76406     90.000     90.000     90.000    2692.56    2511.94 Orthorhombic-F
     9.754   9  11    8.21936   11.23554   16.88939     90.000     90.000     90.000    1559.72    3343.39 Orthorhombic-F
     3.840   1  51   32.90182   16.91491   18.05906     90.000     90.000     90.000   10050.43    4895.06 Orthorhombic-F
     2.474   2  37    4.55666   33.76322   35.50321     90.000     90.000     90.000    5462.08    5384.57 Orthorhombic-F
     3.101   1  40    6.22690   24.61050   46.55565     90.000     90.000     90.000    7134.52    5923.02 Orthorhombic-F
     9.754   9  11    8.21936   16.88939   11.23554     90.000     90.000     90.000    1559.72    6515.32 Orthorhombic-F
     3.311   1  38    6.39105   32.78656   33.81236     90.000     90.000     90.000    7085.06    7166.86 Orthorhombic-F
     5.521   0  43   11.45770   12.85201   53.76283     90.000     90.000     90.000    7916.82    7883.54 Orthorhombic-F
     5.352   0  66    4.34428   49.00713   46.73129     90.000     90.000     90.000    9949.12    8671.90 Orthorhombic-F
     3.752   1  54   18.60664   22.15687   26.11749     90.000     90.000     90.000   10767.33    9539.09 Orthorhombic-F
     9.754   9  11    8.21936   11.23554   16.88939     90.000     90.000     90.000    1559.72    9539.09 Orthorhombic-F
     4.124   1  59    5.82040   23.81263   71.95649     90.000     90.000     90.000    9973.10   10493.00 Orthorhombic-F
     6.406   0  58   16.87191   23.53464   27.94465     90.000     90.000     90.000   11096.10   11542.29 Orthorhombic-F
     6.495   0  68   10.67906   33.74831   36.19192     90.000     90.000     90.000   13043.57   12696.52 Orthorhombic-F
     3.845   2  66   13.61735   29.33733   33.74621     90.000     90.000     90.000   13481.50   13966.18 Orthorhombic-F
    10.314   0  78   13.83703   25.67929   44.82567     90.000     90.000     90.000   15927.69   15362.79 Orthorhombic-F
    14.082   0  83   23.36216   25.39087   29.07690     90.000     90.000     90.000   17247.99   16899.07 Orthorhombic-F
finished cell search for Orthorhombic-F, elapsed time = 0: 0:9.65
cell search for  Orthorhombic-I
      M20  X20  Nc       a          b          c        alpha       beta      gamma     volume      V-test
     3.448  14   8    1.77270    9.37349   19.39911     90.000     90.000     90.000     322.34     436.24 Orthorhombic-I
     3.448  14   8    1.25349    9.37349   19.39911     90.000     90.000     90.000     227.93     436.24 Orthorhombic-I
     3.694  13  10    3.76306    9.37349   19.39911     90.000     90.000     90.000     684.27     638.69 Orthorhombic-I
     2.903  11  11    3.59703    6.00552   33.75467     90.000     90.000     90.000     729.17     702.56 Orthorhombic-I
     2.838  12   8    4.23482    6.63619   16.88407     90.000     90.000     90.000     474.49     850.10 Orthorhombic-I
     4.234  13   8    7.71584    8.44161    8.22441     90.000     90.000     90.000     535.69    1506.00 Orthorhombic-I
     4.234  13   8    7.71584    8.22441    8.44161     90.000     90.000     90.000     535.69    1656.60 Orthorhombic-I
     3.694  13  10    3.76306    9.37349   19.39911     90.000     90.000     90.000     684.27    1822.26 Orthorhombic-I
     3.010   2  32    6.33024   11.99789   33.81050     90.000     90.000     90.000    2567.89    2004.49 Orthorhombic-I
     2.550   1  42    5.05556   20.09892   31.14124     90.000     90.000     90.000    3164.30    2934.77 Orthorhombic-I
     3.531   0  45    4.33664   26.60587   28.29564     90.000     90.000     90.000    3264.75    3228.25 Orthorhombic-I
     3.182   1  48    7.34220   24.66491   23.31950     90.000     90.000     90.000    4223.04    3551.07 Orthorhombic-I
     5.892   0  45   12.57144   17.00847   19.91900     90.000     90.000     90.000    4259.10    3906.18 Orthorhombic-I
     7.445   0  53    7.10613   19.88737   31.93655     90.000     90.000     90.000    4513.34    4296.80 Orthorhombic-I
     7.043   0  60    9.58769   23.61121   24.28660     90.000     90.000     90.000    5497.93    5199.13 Orthorhombic-I
     4.352   1  70   13.93729   19.24319   25.43968     90.000     90.000     90.000    6822.87    5719.04 Orthorhombic-I
    12.091   0  76    7.95127   12.00739   67.55399     90.000     90.000     90.000    6449.65    6290.94 Orthorhombic-I
     7.561   0  77   15.41292   16.59865   29.45751     90.000     90.000     90.000    7536.22    6920.04 Orthorhombic-I
    15.460   0  88    6.75266   36.00604   33.78209     90.000     90.000     90.000    8213.66    7612.04 Orthorhombic-I
     4.875   1  80   18.49277   19.37275   21.82518     90.000     90.000     90.000    7819.00    8373.25 Orthorhombic-I
     4.907   1  98    8.69918   29.92776   36.17587     90.000     90.000     90.000    9418.28    9210.57 Orthorhombic-I
Restart search, new Max Nc = 120
     3.448  14   8    1.62861    9.37349   19.39911     90.000     90.000     90.000     296.14    1715.69 Orthorhombic-I
     2.838  12   8    4.23482    6.63619   16.88407     90.000     90.000     90.000     474.49    1887.26 Orthorhombic-I
     3.448  14   8    1.56382    9.37349   19.39911     90.000     90.000     90.000     284.36    2283.58 Orthorhombic-I
     3.448  14   8    1.10578    9.37349   19.39911     90.000     90.000     90.000     201.07    2283.58 Orthorhombic-I
     2.299   2  35    6.32032   15.93446   29.87735     90.000     90.000     90.000    3008.98    2511.94 Orthorhombic-I
     3.694  13  10    3.76306    9.37349   19.39911     90.000     90.000     90.000     684.27    2511.94 Orthorhombic-I
     2.377   2  31    9.29405   16.90103   17.91790     90.000     90.000     90.000    2814.53    2763.13 Orthorhombic-I
     2.480   1  43    4.62244   25.14950   26.98632     90.000     90.000     90.000    3137.22    3039.45 Orthorhombic-I
     3.075   1  42    9.89832   16.37211   23.63164     90.000     90.000     90.000    3829.66    3677.73 Orthorhombic-I
     5.892   0  45   12.57144   17.00847   19.91900     90.000     90.000     90.000    4259.10    4045.50 Orthorhombic-I
     7.445   0  53    7.10613   19.88737   31.93655     90.000     90.000     90.000    4513.34    4450.05 Orthorhombic-I
     6.889   0  76   12.34616   20.14958   28.27867     90.000     90.000     90.000    7034.88    4895.06 Orthorhombic-I
     7.043   0  60    9.58769   23.61121   24.28660     90.000     90.000     90.000    5497.93    5384.57 Orthorhombic-I
     4.352   1  70   13.93729   19.24319   25.43968     90.000     90.000     90.000    6822.87    5923.02 Orthorhombic-I
     8.755   0  75   13.32254   21.35406   25.32418     90.000     90.000     90.000    7204.49    6515.32 Orthorhombic-I
    11.050   0  76    8.39355   26.28194   31.81510     90.000     90.000     90.000    7018.37    7166.86 Orthorhombic-I
     9.475   0  82   16.86746   18.15126   26.39286     90.000     90.000     90.000    8080.59    7883.54 Orthorhombic-I
    11.376   0  87   11.41641   25.76766   28.74939     90.000     90.000     90.000    8457.33    8671.90 Orthorhombic-I
    15.193   0  95    9.99596   26.07257   36.57305     90.000     90.000     90.000    9531.68    9539.09 Orthorhombic-I
    11.100   0 116    6.95310   17.72331   84.69386     90.000     90.000     90.000   10436.99   10493.00 Orthorhombic-I
    12.499   0 111   10.23796   24.23539   44.78911     90.000     90.000     90.000   11113.12   11542.29 Orthorhombic-I
finished cell search for Orthorhombic-I, elapsed time = 0: 0:9.04
cell search for  Orthorhombic-A
      M20  X20  Nc       a          b          c        alpha       beta      gamma     volume      V-test
     3.335  13   7    8.43897   11.23929    6.03072     90.000     90.000     90.000     572.00     638.69 Orthorhombic-A
     2.008  11  12   16.86859    4.27407   10.62889     90.000     90.000     90.000     766.32     772.82 Orthorhombic-A
     2.203  12  13    5.62608   10.02267   16.87547     90.000     90.000     90.000     951.58     935.11 Orthorhombic-A
     3.341   9  17   16.87243   13.27041    5.79827     90.000     90.000     90.000    1298.26    1244.63 Orthorhombic-A
     2.615   4  21   16.89487    4.84280   16.43608     90.000     90.000     90.000    1344.78    1369.09 Orthorhombic-A
     3.804   4  22   11.24660    8.21596   16.90847     90.000     90.000     90.000    1562.37    1656.60 Orthorhombic-A
     3.300  12   9   16.87718    5.80335    2.53233     90.000     90.000     90.000     248.03    2004.49 Orthorhombic-A
     4.129   2  29   16.87908   13.27350   10.62467     90.000     90.000     90.000    2380.40    2204.94 Orthorhombic-A
     4.171   0  41   12.34274   22.38681   13.54531     90.000     90.000     90.000    3742.77    2425.43 Orthorhombic-A
     2.249   6  29   11.27042   33.75707    5.98228     90.000     90.000     90.000    2276.00    2667.97 Orthorhombic-A
     2.594   2  40   12.00968   23.82026   12.48015     90.000     90.000     90.000    3570.24    2934.77 Orthorhombic-A
     4.106   0  40   23.25827    5.74331   24.59491     90.000     90.000     90.000    3285.37    3228.25 Orthorhombic-A
     2.210   1  43    6.84624   28.51399   18.12824     90.000     90.000     90.000    3538.88    3551.07 Orthorhombic-A
     4.719   0  43   11.70237   15.00521   21.33586     90.000     90.000     90.000    3746.50    3906.18 Orthorhombic-A
     6.775   0  47   12.20143   13.29850   25.42453     90.000     90.000     90.000    4125.40    4296.80 Orthorhombic-A
     7.954   0  65   35.58088    4.01361   33.70569     90.000     90.000     90.000    4813.44    4726.48 Orthorhombic-A
     9.251   0  59   16.42613    9.72260   33.77653     90.000     90.000     90.000    5394.27    5199.13 Orthorhombic-A
     9.389   0  81   33.76805    3.67022   49.28379     90.000     90.000     90.000    6108.04    5719.04 Orthorhombic-A
    46.996   0  66   16.88995   11.62460   15.89025     90.000     90.000     90.000    3119.87    6290.94 Orthorhombic-A
    11.843   0  86   30.80072   40.39490    5.93889     90.000     90.000     90.000    7389.12    6920.04 Orthorhombic-A
    12.314   0  85   15.19045   40.66112   13.48598     90.000     90.000     90.000    8329.76    7612.04 Orthorhombic-A
    13.549   0  97   21.67385   46.90102    8.58924     90.000     90.000     90.000    8731.19    8373.25 Orthorhombic-A
    14.625   0 107    5.62251   48.26180   33.68846     90.000     90.000     90.000    9141.44    9210.57 Orthorhombic-A
    15.705   0 101   19.86647   24.66145   21.07056     90.000     90.000     90.000   10323.22   10131.63 Orthorhombic-A
Restart search, new Max Nc = 140
     2.316   1  27   16.89722    7.31648   16.46951     90.000     90.000     90.000    2036.10    2075.98 Orthorhombic-A
     3.165  12  11    5.31341    3.59705   33.74039     90.000     90.000     90.000     644.87    2511.94 Orthorhombic-A
     4.171   0  41   12.34274   22.38681   13.54531     90.000     90.000     90.000    3742.77    2763.13 Orthorhombic-A
     2.600   1  43   11.77605   14.45784   22.43693     90.000     90.000     90.000    3820.03    3039.45 Orthorhombic-A
     2.936   2  44    6.64030   24.09228   23.70429     90.000     90.000     90.000    3792.21    3343.39 Orthorhombic-A
     2.268   1  52    4.45754   33.74351   24.95230     90.000     90.000     90.000    3753.15    3677.73 Orthorhombic-A
     2.939  13   9   16.87019    7.51430    1.61884     90.000     90.000     90.000     205.22    4045.50 Orthorhombic-A
     4.910   0  63   28.42049   36.68636    4.37014     90.000     90.000     90.000    4556.50    4450.05 Orthorhombic-A
     4.746   0  57   25.24185   26.63352    7.32018     90.000     90.000     90.000    4921.21    4895.06 Orthorhombic-A
     6.680   0  61   21.23791    7.36367   33.76044     90.000     90.000     90.000    5279.76    5384.57 Orthorhombic-A
     8.903   0  66   13.38818   10.63012   41.79908     90.000     90.000     90.000    5948.76    5923.02 Orthorhombic-A
     7.073   0  85    4.10883   31.17274   50.80077     90.000     90.000     90.000    6506.73    6515.32 Orthorhombic-A
    10.051   0  80    8.45578   28.39029   30.08128     90.000     90.000     90.000    7221.37    7166.86 Orthorhombic-A
    11.163   0  77   21.37063   20.93493   16.92352     90.000     90.000     90.000    7571.46    7883.54 Orthorhombic-A
    14.977   0  95    6.86852   36.25459   35.45849     90.000     90.000     90.000    8829.71    8671.90 Orthorhombic-A
    19.658   0 124    5.36823   32.53878   59.22771     90.000     90.000     90.000   10345.63    9539.09 Orthorhombic-A
    16.368   0 106   18.94077   20.02699   27.96173     90.000     90.000     90.000   10606.63   10493.00 Orthorhombic-A
    16.679   0 113   15.69724   40.05063   17.71745     90.000     90.000     90.000   11138.69   11542.29 Orthorhombic-A
    20.709   0 136   36.16600   40.63990    8.64234     90.000     90.000     90.000   12702.36   12696.52 Orthorhombic-A
    12.841   0 133   21.90014   44.67676   13.87794     90.000     90.000     90.000   13578.56   13966.18 Orthorhombic-A
finished cell search for Orthorhombic-A, elapsed time = 0: 0:10.12
cell search for  Orthorhombic-B
      M20  X20  Nc       a          b          c        alpha       beta      gamma     volume      V-test
     7.331  12   8    5.61585    5.61619   16.88951     90.000     90.000     90.000     532.69     580.63 Orthorhombic-B
     2.195  12   8    6.63936    4.69845   16.89498     90.000     90.000     90.000     527.03     638.69 Orthorhombic-B
     3.335  13   7    6.62088    8.43897   10.62811     90.000     90.000     90.000     593.83     702.56 Orthorhombic-B
     8.881  10  11    5.61807    8.21972   16.89369     90.000     90.000     90.000     780.13     772.82 Orthorhombic-B
     3.804   4  22    8.21596   11.24660   16.90847     90.000     90.000     90.000    1562.37    1656.60 Orthorhombic-B
     2.497   7  22   16.88981    7.54151   13.90438     90.000     90.000     90.000    1771.06    1822.26 Orthorhombic-B
     2.316   1  27   16.46951   16.89722    7.31648     90.000     90.000     90.000    2036.10    2004.49 Orthorhombic-B
     4.861   0  33    3.78892   17.81788   33.74792     90.000     90.000     90.000    2278.34    2204.94 Orthorhombic-B
     4.171   0  41   22.38681   12.34274   13.54531     90.000     90.000     90.000    3742.77    2425.43 Orthorhombic-B
     4.129   2  29   10.62467   16.87908   13.27350     90.000     90.000     90.000    2380.40    2667.97 Orthorhombic-B
     2.760   8  19    4.24784    8.22410   33.79054     90.000     90.000     90.000    1180.46    2934.77 Orthorhombic-B
     3.648   2  37   16.43058    8.45227   22.40058     90.000     90.000     90.000    3110.90    3228.25 Orthorhombic-B
     3.273   0  45   16.82442   29.17238    7.48425     90.000     90.000     90.000    3673.33    3551.07 Orthorhombic-B
     6.775   0  47   25.42453   12.20143   13.29850     90.000     90.000     90.000    4125.40    3906.18 Orthorhombic-B
     4.269   1  58    4.51840   29.78817   31.91025     90.000     90.000     90.000    4294.95    4296.80 Orthorhombic-B
     5.371   0  66    4.18351   23.29833   48.98582     90.000     90.000     90.000    4774.59    4726.48 Orthorhombic-B
     9.251   0  59   33.77653   16.42613    9.72260     90.000     90.000     90.000    5394.27    5199.13 Orthorhombic-B
     5.227   1  61   21.18444   28.14871    8.92269     90.000     90.000     90.000    5320.73    5719.04 Orthorhombic-B
     5.387   0  65   24.24426   11.02249   23.61993     90.000     90.000     90.000    6312.00    6290.94 Orthorhombic-B
    10.764   0  80    5.67401   35.58544   33.78008     90.000     90.000     90.000    6820.61    6920.04 Orthorhombic-B
     9.945   0  83   12.07427   12.56901   50.60637     90.000     90.000     90.000    7680.11    7612.04 Orthorhombic-B
    12.220   0  91   16.40687   16.89855   32.47131     90.000     90.000     90.000    9002.74    8373.25 Orthorhombic-B
    17.034   0 103   49.40009    8.44449   22.46488     90.000     90.000     90.000    9371.41    9210.57 Orthorhombic-B
    17.161   0 106   23.44926    8.23087   50.68121     90.000     90.000     90.000    9781.87   10131.63 Orthorhombic-B
    17.886   0 139    4.84832   47.98671   47.68091     90.000     90.000     90.000   11093.19   11144.79 Orthorhombic-B
Restart search, new Max Nc = 160
     4.129   2  29   13.27350   16.87908   10.62467     90.000     90.000     90.000    2380.40    2075.98 Orthorhombic-B
     3.339   1  35    3.98648   16.85040   35.55981     90.000     90.000     90.000    2388.68    2283.58 Orthorhombic-B
     4.129   2  29   13.27350   16.87908   10.62467     90.000     90.000     90.000    2380.40    2511.94 Orthorhombic-B
     4.106   0  40    5.74331   23.25827   24.59491     90.000     90.000     90.000    3285.37    2763.13 Orthorhombic-B
     3.892   0  47   24.70691   23.00079    7.10311     90.000     90.000     90.000    4036.54    3343.39 Orthorhombic-B
     4.903   0  54   26.52410    5.58149   30.22016     90.000     90.000     90.000    4473.91    4045.50 Orthorhombic-B
     8.212   0  64    5.23883   29.81295   31.90708     90.000     90.000     90.000    4983.40    4450.05 Orthorhombic-B
     5.899   0  56   12.41537   11.82654   33.76542     90.000     90.000     90.000    4957.80    4895.06 Orthorhombic-B
    10.472   0  74    4.72490   50.70925   23.57890     90.000     90.000     90.000    5649.41    5384.57 Orthorhombic-B
    46.680   0  72   22.47426    8.21941   33.77852     90.000     90.000     90.000    6239.74    6515.32 Orthorhombic-B
    13.762   0  95    4.84286   41.25414   37.10708     90.000     90.000     90.000    7413.55    7166.86 Orthorhombic-B
    10.672   0  83   34.78971   16.87131   13.49289     90.000     90.000     90.000    7919.63    7883.54 Orthorhombic-B
    16.790   0  98   56.06924   18.07354    8.53685     90.000     90.000     90.000    8650.98    8671.90 Orthorhombic-B
    12.931   0  98   33.81320   10.51683   26.53297     90.000     90.000     90.000    9435.33    9539.09 Orthorhombic-B
    15.388   0 110    9.43222   33.81053   32.87433     90.000     90.000     90.000   10483.90   10493.00 Orthorhombic-B
    15.648   0 121   13.33024   42.39214   21.10137     90.000     90.000     90.000   11924.33   11542.29 Orthorhombic-B
    15.096   0 130   24.36156   20.19560   27.01997     90.000     90.000     90.000   13293.72   12696.52 Orthorhombic-B
    20.458   0 131   18.95604   37.11496   19.34076     90.000     90.000     90.000   13607.24   13966.18 Orthorhombic-B
Restart search, new Max Nc = 180
     2.497   7  22   16.88981    7.54151   13.90438     90.000     90.000     90.000    1771.06    1559.72 Orthorhombic-B
     2.145   7  26    6.49943   33.75316    9.30315     90.000     90.000     90.000    2040.89    1887.26 Orthorhombic-B
     4.129   2  29   10.62467   16.87908   13.27350     90.000     90.000     90.000    2380.40    2283.58 Orthorhombic-B
     2.073   3  35   33.82561   13.29079    6.70739     90.000     90.000     90.000    3015.44    2763.13 Orthorhombic-B
     5.120   1  35   11.25026   16.47383   16.87350     90.000     90.000     90.000    3127.25    3039.45 Orthorhombic-B
     4.719   0  43   21.33586   11.70237   15.00521     90.000     90.000     90.000    3746.50    3343.39 Orthorhombic-B
     4.719   0  43   15.00521   11.70237   21.33586     90.000     90.000     90.000    3746.50    3677.73 Orthorhombic-B
     7.165   0  57   27.83698   33.84518    4.29800     90.000     90.000     90.000    4049.35    4045.50 Orthorhombic-B
     3.731   1  50   16.90776   28.06545    9.42763     90.000     90.000     90.000    4473.64    4450.05 Orthorhombic-B
     2.985   0  45   20.55135   29.97186    5.86259     90.000     90.000     90.000    3611.13    4895.06 Orthorhombic-B
     2.939  13   9    7.51430   16.87019    2.09486     90.000     90.000     90.000     265.56    4895.06 Orthorhombic-B
     5.590   0  74   41.89794   28.59674    4.75105     90.000     90.000     90.000    5692.44    5384.57 Orthorhombic-B
     7.258   0  67    6.26491   26.90712   35.46542     90.000     90.000     90.000    5978.42    5923.02 Orthorhombic-B
    46.680   0  72   33.77852    8.21941   22.47426     90.000     90.000     90.000    6239.74    6515.32 Orthorhombic-B
     9.663   0  93   33.67596   47.98442    2.25204     90.000     90.000     90.000    3639.12    7166.86 Orthorhombic-B
     2.527   2  65   23.89935   46.65125    1.59243     90.000     90.000     90.000    1775.46    7166.86 Orthorhombic-B
    10.176   0  90   39.68919    7.90259   25.90527     90.000     90.000     90.000    8125.12    7883.54 Orthorhombic-B
    12.595   0  88    6.39486   32.00471   39.75851     90.000     90.000     90.000    8137.19    8671.90 Orthorhombic-B
    17.416   0 108   14.30363   33.77415   22.46925     90.000     90.000     90.000   10854.74    9539.09 Orthorhombic-B
    11.990   0 115    8.93637   23.55736   50.72862     90.000     90.000     90.000   10679.26   10493.00 Orthorhombic-B
    22.098   0 117   33.78971   25.06996   13.75847     90.000     90.000     90.000   11654.89   11542.29 Orthorhombic-B
    16.603   0 147   71.58225    7.88844   23.90669     90.000     90.000     90.000   13499.45   12696.52 Orthorhombic-B
    22.230   0 145   61.78968   13.60833   16.88780     90.000     90.000     90.000   14200.17   13966.18 Orthorhombic-B
    20.571   0 148   18.38739   21.31437   38.74786     90.000     90.000     90.000   15185.90   15362.79 Orthorhombic-B
    24.096   0 111   16.84798   19.23798   35.34332     90.000     90.000     90.000   11455.51   15362.79 Orthorhombic-B
    24.677   0 168   14.86269   25.92027   44.51889     90.000     90.000     90.000   17150.68   16899.07 Orthorhombic-B
finished cell search for Orthorhombic-B, elapsed time = 0: 0:15.91
cell search for  Orthorhombic-C
      M20  X20  Nc       a          b          c        alpha       beta      gamma     volume      V-test
     2.243  14   8    4.74073    7.94486   11.77414     90.000     90.000     90.000     443.47     436.24 Orthorhombic-C
     3.335  13   7   10.62811    6.62088    8.43897     90.000     90.000     90.000     593.83     702.56 Orthorhombic-C
     2.145   9  14   11.61464    2.07532   16.89899     90.000     90.000     90.000     407.34     772.82 Orthorhombic-C
     2.145   9  14    2.16145   11.61464   16.89899     90.000     90.000     90.000     424.24     850.10 Orthorhombic-C
     2.939  13   9    1.37614    7.51430   16.87019     90.000     90.000     90.000     174.45     850.10 Orthorhombic-C
     2.134  11  15    9.37399   19.42632    5.62453     90.000     90.000     90.000    1024.24     935.11 Orthorhombic-C
     2.008  11  12    4.27407   10.62889   16.86859     90.000     90.000     90.000     766.32    1028.62 Orthorhombic-C
     3.341   9  17    5.79827   13.27041   16.87243     90.000     90.000     90.000    1298.26    1244.63 Orthorhombic-C
     4.129   2  29   13.27350   10.62467   16.87908     90.000     90.000     90.000    2380.40    2204.94 Orthorhombic-C
     2.297   4  39   24.60385   23.37425    5.61297     90.000     90.000     90.000    3228.00    2667.97 Orthorhombic-C
     4.980   0  49   35.48998   19.21330    6.17817     90.000     90.000     90.000    4212.77    2934.77 Orthorhombic-C
     3.002   1  51   37.00058   33.68403    1.81080     90.000     90.000     90.000    2256.85    3228.25 Orthorhombic-C
     3.002   1  51   37.00058   33.68403    1.28043     90.000     90.000     90.000    1595.83    3228.25 Orthorhombic-C
     2.936   2  44   23.70429   24.09228    6.64030     90.000     90.000     90.000    3792.21    3551.07 Orthorhombic-C
     5.012   1  57    5.20642   67.44118   12.30089     90.000     90.000     90.000    4319.18    3906.18 Orthorhombic-C
    13.313  13   8   16.89632    3.40690    8.21971     90.000     90.000     90.000     473.16    4296.80 Orthorhombic-C
     5.983   0  62    5.23310   27.80550   33.86071     90.000     90.000     90.000    4927.03    4726.48 Orthorhombic-C
     8.154   0  57   25.65185    8.70371   22.45187     90.000     90.000     90.000    5012.74    5199.13 Orthorhombic-C
    11.082   0  66   27.74927    8.87950   23.42542     90.000     90.000     90.000    5772.01    5719.04 Orthorhombic-C
     9.291   0  71   10.91767   67.49036    8.20526     90.000     90.000     90.000    6045.94    6290.94 Orthorhombic-C
    12.960   0  74   19.36175    9.40319   37.09950     90.000     90.000     90.000    6754.42    6920.04 Orthorhombic-C
    12.022   0  96   42.26857   36.91552    4.84278     90.000     90.000     90.000    7556.51    7612.04 Orthorhombic-C
    26.562   0 110   67.51839    5.34963   24.67210     90.000     90.000     90.000    8911.53    8373.25 Orthorhombic-C
    20.690   0  99   23.64088   16.89366   24.63964     90.000     90.000     90.000    9840.60    9210.57 Orthorhombic-C
    16.509   0  99   18.21790   24.24530   22.49449     90.000     90.000     90.000    9935.78   10131.63 Orthorhombic-C
    14.929   0 116    6.02603   46.21545   37.07516     90.000     90.000     90.000   10325.27   11144.79 Orthorhombic-C
    17.640   0 121   35.72998   13.27577   25.80681     90.000     90.000     90.000   12241.28   12259.27 Orthorhombic-C
    20.998   0 147   90.73155    6.54604   23.20809     90.000     90.000     90.000   13784.04   13485.19 Orthorhombic-C
Restart search, new Max Nc = 200
     2.316   1  27    7.31648   16.46951   16.89722     90.000     90.000     90.000    2036.10    2075.98 Orthorhombic-C
     4.129   2  29   10.62467   13.27350   16.87908     90.000     90.000     90.000    2380.40    2283.58 Orthorhombic-C
    13.313  13   8    3.44178   16.89632    8.21971     90.000     90.000     90.000     478.01    2511.94 Orthorhombic-C
     5.120   1  35   16.87350   11.25026   16.47383     90.000     90.000     90.000    3127.25    3039.45 Orthorhombic-C
     3.741   1  42   30.84506   13.51361    8.43915     90.000     90.000     90.000    3517.68    3343.39 Orthorhombic-C
     4.171   0  41   13.54531   22.38681   12.34274     90.000     90.000     90.000    3742.77    3677.73 Orthorhombic-C
     6.775   0  47   25.42453   13.29850   12.20143     90.000     90.000     90.000    4125.40    4045.50 Orthorhombic-C
     5.142   1  51   31.75302    8.52683   16.89658     90.000     90.000     90.000    4574.80    4450.05 Orthorhombic-C
     4.854   0  54   11.78214   24.83659   16.85025     90.000     90.000     90.000    4930.86    4895.06 Orthorhombic-C
     7.554   0  74    4.07395   53.80543   24.71153     90.000     90.000     90.000    5416.78    5384.57 Orthorhombic-C
     9.003   0  58   23.68171   33.74004    6.19793     90.000     90.000     90.000    4952.28    5923.02 Orthorhombic-C
     9.750   0  83    6.46931   46.90096   24.27554     90.000     90.000     90.000    7365.61    6515.32 Orthorhombic-C
    14.543   0  83   25.98517   37.38167    7.57849     90.000     90.000     90.000    7361.51    7166.86 Orthorhombic-C
    18.425   0  90    8.60595   27.53623   33.80554     90.000     90.000     90.000    8011.08    7883.54 Orthorhombic-C
    14.977   0  94   22.99000   27.28105   14.59745     90.000     90.000     90.000    9155.39    8671.90 Orthorhombic-C
    14.298   0  98   30.95525   29.78422   10.25342     90.000     90.000     90.000    9453.43    9539.09 Orthorhombic-C
    14.422   0 117   35.43293   43.49815    6.89515     90.000     90.000     90.000   10627.28   10493.00 Orthorhombic-C
    16.035   0 118   16.91494   21.63491   32.85688     90.000     90.000     90.000   12024.07   11542.29 Orthorhombic-C
    13.058   0 122   12.80581   41.01999   23.34187     90.000     90.000     90.000   12261.35   12696.52 Orthorhombic-C
    14.901   0 135   21.27287   19.67958   32.96726     90.000     90.000     90.000   13801.45   13966.18 Orthorhombic-C
    19.276   0 151   22.49209   24.05107   29.58171     90.000     90.000     90.000   16002.49   15362.79 Orthorhombic-C
    14.487   0 150   54.42459   46.18091    4.85547     90.000     90.000     90.000   12203.63   16899.07 Orthorhombic-C
    18.218   0 185   13.55569   47.68083   29.40849     90.000     90.000     90.000   19008.08   18588.98 Orthorhombic-C
finished cell search for Orthorhombic-C, elapsed time = 0: 0:11.67
cell search for  Orthorhombic-P
      M20  X20  Nc       a          b          c        alpha       beta      gamma     volume      V-test
     3.300  12   9    2.24233    4.10359   16.87718     90.000     90.000     90.000     155.30     223.86 Orthorhombic-P
     3.300  12   9    1.58557    4.10359   16.87718     90.000     90.000     90.000     109.81     223.86 Orthorhombic-P
     3.165  12  11    3.56004    5.31341   16.87019     90.000     90.000     90.000     319.12     327.75 Orthorhombic-P
     2.145   9  14    1.82831    8.21279   16.89899     90.000     90.000     90.000     253.75     360.52 Orthorhombic-P
     2.145   9  14    1.29281    8.21279   16.89899     90.000     90.000     90.000     179.43     360.52 Orthorhombic-P
     2.140  10  15    4.65360    5.32773   16.86669     90.000     90.000     90.000     418.18     479.86 Orthorhombic-P
    12.425  14   7    2.22920    8.44816    8.21971     90.000     90.000     90.000     154.80     638.69 Orthorhombic-P
     4.306   4  24    5.61653    8.22991   16.89644     90.000     90.000     90.000     781.01     702.56 Orthorhombic-P
     9.777  12  10    3.97480    8.21934    8.44824     90.000     90.000     90.000     276.01     772.82 Orthorhombic-P
     2.074   4  32    7.69398    8.23711   16.84413     90.000     90.000     90.000    1067.52     935.11 Orthorhombic-P
     3.055   1  39    4.19088   16.87824   17.78555     90.000     90.000     90.000    1258.06    1244.63 Orthorhombic-P
     3.316   0  48    1.85660   23.28196   24.51984     90.000     90.000     90.000    1059.88    1369.09 Orthorhombic-P
     3.316   0  48    1.31281   23.28196   24.51984     90.000     90.000     90.000     749.45    1369.09 Orthorhombic-P
    46.996   0  42    8.21983   11.23610   16.88995     90.000     90.000     90.000    1559.94    1506.00 Orthorhombic-P
     3.491   2  45    6.82482    8.44197   29.46035     90.000     90.000     90.000    1697.36    1656.60 Orthorhombic-P
     4.152   1  55    3.89681   13.91886   33.84706     90.000     90.000     90.000    1835.84    1822.26 Orthorhombic-P
    10.444  13  10    3.69571    8.44800    8.22239     90.000     90.000     90.000     256.71    2004.49 Orthorhombic-P
     6.409   0  55    7.24570   16.92714   17.77206     90.000     90.000     90.000    2179.73    2204.94 Orthorhombic-P
     6.618   0  70    4.86180   18.36548   28.41439     90.000     90.000     90.000    2537.10    2425.43 Orthorhombic-P
     9.486   0  80    5.37988    7.40516   67.56785     90.000     90.000     90.000    2691.82    2667.97 Orthorhombic-P
     6.878   0  84    4.52822   24.78980   26.92666     90.000     90.000     90.000    3022.62    2934.77 Orthorhombic-P
     8.778   0  86    3.99651   18.46837   42.20709     90.000     90.000     90.000    3115.27    3228.25 Orthorhombic-P
    17.548   0  99    5.72179   11.26025   59.06172     90.000     90.000     90.000    3805.28    3551.07 Orthorhombic-P
    14.644   0  88   14.54224   16.43021   16.88456     90.000     90.000     90.000    4034.26    3906.18 Orthorhombic-P
    14.644   0  88   14.54224   16.88456   16.43021     90.000     90.000     90.000    4034.26    4296.80 Orthorhombic-P
    14.428   0 101   11.25160   18.28382   22.13649     90.000     90.000     90.000    4553.97    4726.48 Orthorhombic-P
    19.258   0 110   16.44072   16.90041   18.73699     90.000     90.000     90.000    5206.16    5199.13 Orthorhombic-P
    46.996   0  42    8.21983   11.23610   16.88995     90.000     90.000     90.000    1559.94    5719.04 Orthorhombic-P
    20.445   0 170    4.04420   33.77706   47.13615     90.000     90.000     90.000    6438.85    6290.94 Orthorhombic-P
    21.971   0 138   12.34237   15.97788   33.59815     90.000     90.000     90.000    6625.72    6920.04 Orthorhombic-P
    14.284   0 184    5.67340   30.85916   44.54260     90.000     90.000     90.000    7798.36    7612.04 Orthorhombic-P
    18.427   0 167   16.18847   21.79975   23.55434     90.000     90.000     90.000    8312.43    8373.25 Orthorhombic-P
Restart search, new Max Nc = 220
    11.776   2  41    5.61844   16.43806   16.88552     90.000     90.000     90.000    1559.48    1559.72 Orthorhombic-P
     3.967   0  45    6.41688   12.15266   23.42291     90.000     90.000     90.000    1826.57    1715.69 Orthorhombic-P
     5.482   0  65    4.02869   24.53273   23.28945     90.000     90.000     90.000    2301.81    1887.26 Orthorhombic-P
    13.313  13   8    3.57678    8.21971    8.44816     90.000     90.000     90.000     248.38    2075.98 Orthorhombic-P
     7.804   1  56   10.54393   13.25328   16.90019     90.000     90.000     90.000    2361.66    2283.58 Orthorhombic-P
     8.499   0  59    9.32050   16.88693   16.44845     90.000     90.000     90.000    2588.90    2511.94 Orthorhombic-P
     9.668   0  65    8.77062    9.86787   31.78004     90.000     90.000     90.000    2750.48    2763.13 Orthorhombic-P
    50.226   0  75    8.22010   16.88957   22.47938     90.000     90.000     90.000    3120.90    3039.45 Orthorhombic-P
    13.313  13   8    3.37253    8.44816    8.21971     90.000     90.000     90.000     234.19    3343.39 Orthorhombic-P
    11.417   0  83   10.88509   13.39093   24.75806     90.000     90.000     90.000    3608.77    3677.73 Orthorhombic-P
    14.644   0  88   14.54224   16.43021   16.88456     90.000     90.000     90.000    4034.26    4045.50 Orthorhombic-P
    20.830   0 103   11.58989   13.65219   29.10255     90.000     90.000     90.000    4604.82    4450.05 Orthorhombic-P
    13.517   0 111    8.29958   21.34688   27.58746     90.000     90.000     90.000    4887.68    4895.06 Orthorhombic-P
    46.996   0  42    8.21983   11.23610   16.88995     90.000     90.000     90.000    1559.94    5384.57 Orthorhombic-P
    19.201   0 138    8.67862   11.25892   59.04682     90.000     90.000     90.000    5769.58    5923.02 Orthorhombic-P
    17.058   0 142   11.05297   14.91005   39.30629     90.000     90.000     90.000    6477.69    6515.32 Orthorhombic-P
    15.774   0 162    8.45088   14.05488   60.07102     90.000     90.000     90.000    7135.00    7166.86 Orthorhombic-P
    19.073   0 170   11.77954   19.07401   36.32628     90.000     90.000     90.000    8161.90    7883.54 Orthorhombic-P
    21.882   0 173   18.73665   19.62756   23.56335     90.000     90.000     90.000    8665.53    8671.90 Orthorhombic-P
    18.290   0 218   10.40565   10.79443   86.78702     90.000     90.000     90.000    9748.18    9539.09 Orthorhombic-P
Restart search, new Max Nc = 240
     2.737   2  41    8.26022    9.20899   21.40007     90.000     90.000     90.000    1627.87    1559.72 Orthorhombic-P
    10.291   0  49    5.89992   16.90070   18.52799     90.000     90.000     90.000    1847.48    1715.69 Orthorhombic-P
     5.385   0  54    9.12745   10.75134   22.57706     90.000     90.000     90.000    2215.54    2075.98 Orthorhombic-P
     7.996   0  64    3.78325   16.85298   35.58001     90.000     90.000     90.000    2268.55    2283.58 Orthorhombic-P
    11.561   0  80    5.61615   24.57636   23.24796     90.000     90.000     90.000    3208.79    2511.94 Orthorhombic-P
    10.290   0  65   12.36222   13.41720   16.87451     90.000     90.000     90.000    2798.92    2763.13 Orthorhombic-P
     9.379   0  51    7.25678   16.41835   16.89472     90.000     90.000     90.000    2012.91    3039.45 Orthorhombic-P
    47.854   0  71   11.23636   16.89170   16.44072     90.000     90.000     90.000    3120.47    3343.39 Orthorhombic-P
    16.887   0  85   11.80837   16.87455   18.52636     90.000     90.000     90.000    3691.58    3677.73 Orthorhombic-P
    14.644   0  88   14.54224   16.43021   16.88456     90.000     90.000     90.000    4034.26    4045.50 Orthorhombic-P
    15.105   0  93   12.82051   15.07276   22.44925     90.000     90.000     90.000    4338.10    4450.05 Orthorhombic-P
    15.806   0 106   13.52504   18.73150   19.62828     90.000     90.000     90.000    4972.71    4895.06 Orthorhombic-P
    19.001   0 124    5.93079   25.33687   35.32153     90.000     90.000     90.000    5307.68    5384.57 Orthorhombic-P
    18.564   0 155    3.70773   36.59956   43.79789     90.000     90.000     90.000    5943.43    5923.02 Orthorhombic-P
    17.633   0 180    4.33543   31.51161   50.05415     90.000     90.000     90.000    6838.21    6515.32 Orthorhombic-P
    22.137   0 151   11.12685   24.69520   25.98184     90.000     90.000     90.000    7139.29    7166.86 Orthorhombic-P
    23.562   0 161   11.41330   21.59363   30.85663     90.000     90.000     90.000    7604.76    7883.54 Orthorhombic-P
    36.233   0 187   11.79137   15.20750   48.38742     90.000     90.000     90.000    8676.70    8671.90 Orthorhombic-P
    31.274   0 212    7.79613   24.23187   50.69094     90.000     90.000     90.000    9576.27    9539.09 Orthorhombic-P
    35.930   0 200   16.88860   20.43300   29.41163     90.000     90.000     90.000   10149.51   10493.00 Orthorhombic-P
    25.057   0 198    6.03239   38.60896   37.57240     90.000     90.000     90.000    8750.77   11542.29 Orthorhombic-P
finished cell search for Orthorhombic-P, elapsed time = 0: 0:14.94
elapsed 71.32947731018066 ncells 316
M20=   52.3 X20= 0 Nc= 63 Orthorhombic-F   a= 16.4403 b= 22.4733 c= 33.7829 al= 90.000 be= 90.000 ga= 90.000 V= 12481.7 Z~69.34
M20=   50.2 X20= 0 Nc= 75 Orthorhombic-P   a=  8.2201 b= 16.8896 c= 22.4794 al= 90.000 be= 90.000 ga= 90.000 V=  3120.9 Z~17.34
M20=   47.9 X20= 0 Nc= 71 Orthorhombic-P   a= 11.2364 b= 16.8917 c= 16.4407 al= 90.000 be= 90.000 ga= 90.000 V=  3120.5 Z~17.34
M20=   47.0 X20= 0 Nc= 66 Orthorhombic-A   a= 16.8900 b= 11.6246 c= 15.8903 al= 90.000 be= 90.000 ga= 90.000 V=  3119.9 Z~17.33
M20=   47.0 X20= 0 Nc= 42 Orthorhombic-P   a=  8.2198 b= 11.2361 c= 16.8900 al= 90.000 be= 90.000 ga= 90.000 V=  1559.9 Z~8.67
M20=   47.0 X20= 0 Nc= 42 Orthorhombic-P   a=  8.2198 b= 11.2361 c= 16.8900 al= 90.000 be= 90.000 ga= 90.000 V=  1559.9 Z~8.67
M20=   47.0 X20= 0 Nc= 42 Orthorhombic-P   a=  8.2198 b= 11.2361 c= 16.8900 al= 90.000 be= 90.000 ga= 90.000 V=  1559.9 Z~8.67
M20=   46.7 X20= 0 Nc= 72 Orthorhombic-B   a= 22.4743 b=  8.2194 c= 33.7785 al= 90.000 be= 90.000 ga= 90.000 V=  6239.7 Z~34.67
M20=   46.7 X20= 0 Nc= 72 Orthorhombic-B   a= 33.7785 b=  8.2194 c= 22.4743 al= 90.000 be= 90.000 ga= 90.000 V=  6239.7 Z~34.67
M20=   36.2 X20= 0 Nc=187 Orthorhombic-P   a= 11.7914 b= 15.2075 c= 48.3874 al= 90.000 be= 90.000 ga= 90.000 V=  8676.7 Z~48.20
M20=   35.9 X20= 0 Nc=200 Orthorhombic-P   a= 16.8886 b= 20.4330 c= 29.4116 al= 90.000 be= 90.000 ga= 90.000 V= 10149.5 Z~56.39
M20=   31.3 X20= 0 Nc=212 Orthorhombic-P   a=  7.7961 b= 24.2319 c= 50.6909 al= 90.000 be= 90.000 ga= 90.000 V=  9576.3 Z~53.20
M20=   26.6 X20= 0 Nc=110 Orthorhombic-C   a= 67.5184 b=  5.3496 c= 24.6721 al= 90.000 be= 90.000 ga= 90.000 V=  8911.5 Z~49.51
M20=   25.1 X20= 0 Nc=198 Orthorhombic-P   a=  6.0324 b= 38.6090 c= 37.5724 al= 90.000 be= 90.000 ga= 90.000 V=  8750.8 Z~48.62
M20=   24.7 X20= 0 Nc=168 Orthorhombic-B   a= 14.8627 b= 25.9203 c= 44.5189 al= 90.000 be= 90.000 ga= 90.000 V= 17150.7 Z~95.28
M20=   24.1 X20= 0 Nc=111 Orthorhombic-B   a= 16.8480 b= 19.2380 c= 35.3433 al= 90.000 be= 90.000 ga= 90.000 V= 11455.5 Z~63.64
M20=   23.6 X20= 0 Nc=161 Orthorhombic-P   a= 11.4133 b= 21.5936 c= 30.8566 al= 90.000 be= 90.000 ga= 90.000 V=  7604.8 Z~42.25
M20=   22.2 X20= 0 Nc=145 Orthorhombic-B   a= 61.7897 b= 13.6083 c= 16.8878 al= 90.000 be= 90.000 ga= 90.000 V= 14200.2 Z~78.89
M20=   22.1 X20= 0 Nc=151 Orthorhombic-P   a= 11.1269 b= 24.6952 c= 25.9818 al= 90.000 be= 90.000 ga= 90.000 V=  7139.3 Z~39.66
M20=   22.1 X20= 0 Nc=117 Orthorhombic-B   a= 33.7897 b= 25.0700 c= 13.7585 al= 90.000 be= 90.000 ga= 90.000 V= 11654.9 Z~64.75
M20=   22.0 X20= 0 Nc=138 Orthorhombic-P   a= 12.3424 b= 15.9779 c= 33.5981 al= 90.000 be= 90.000 ga= 90.000 V=  6625.7 Z~36.81
M20=   21.9 X20= 0 Nc=173 Orthorhombic-P   a= 18.7366 b= 19.6276 c= 23.5634 al= 90.000 be= 90.000 ga= 90.000 V=  8665.5 Z~48.14
M20=   21.0 X20= 0 Nc=147 Orthorhombic-C   a= 90.7315 b=  6.5460 c= 23.2081 al= 90.000 be= 90.000 ga= 90.000 V= 13784.0 Z~76.58
M20=   20.8 X20= 0 Nc=103 Orthorhombic-P   a= 11.5899 b= 13.6522 c= 29.1026 al= 90.000 be= 90.000 ga= 90.000 V=  4604.8 Z~25.58
M20=   20.7 X20= 0 Nc=136 Orthorhombic-A   a= 36.1660 b= 40.6399 c=  8.6423 al= 90.000 be= 90.000 ga= 90.000 V= 12702.4 Z~70.57
M20=   20.7 X20= 0 Nc= 99 Orthorhombic-C   a= 23.6409 b= 16.8937 c= 24.6396 al= 90.000 be= 90.000 ga= 90.000 V=  9840.6 Z~54.67
M20=   20.6 X20= 0 Nc=148 Orthorhombic-B   a= 18.3874 b= 21.3144 c= 38.7479 al= 90.000 be= 90.000 ga= 90.000 V= 15185.9 Z~84.37
M20=   20.5 X20= 0 Nc=131 Orthorhombic-B   a= 18.9560 b= 37.1150 c= 19.3408 al= 90.000 be= 90.000 ga= 90.000 V= 13607.2 Z~75.60
M20=   20.4 X20= 0 Nc=170 Orthorhombic-P   a=  4.0442 b= 33.7771 c= 47.1362 al= 90.000 be= 90.000 ga= 90.000 V=  6438.8 Z~35.77
M20=   19.7 X20= 0 Nc=124 Orthorhombic-A   a=  5.3682 b= 32.5388 c= 59.2277 al= 90.000 be= 90.000 ga= 90.000 V= 10345.6 Z~57.48
