ATTACHED_H_SCATTERING 20 heavy atoms 16 H atoms
PACKING_ENABLED 20 atoms 519 pair terms coefficient 200.0
  0%|          | 0/3 [00:00<?, ?it/s]100%|██████████| 3/3 [00:00<00:00, 81.67it/s]
/opt/conda/lib/python3.11/site-packages/gallop/zm_to_cart.py:210: UserWarning: Using torch.cross without specifying the dim arg is deprecated.
Please either pass the dim explicitly or simply use torch.linalg.cross.
The default value of dim will change to agree with that of linalg.cross in a future release. (Triggered internally at /home/conda/feedstock_root/build_artifacts/libtorch_1786372131199/work/aten/src/ATen/native/Cross.cpp:63.)
  cart_coords = zm_to_cart(internal[:,torsion[i]], initial_D2[i],
GALLOP 0 Nref 169 seconds 28.758858919143677 best 144.39806 q25 153.02042 median 224.28383 total 28.799994230270386
GALLOP 1 Nref 169 seconds 39.79027485847473 best 144.39816 q25 150.56494 median 267.95386 total 68.67758083343506
GALLOP 2 Nref 169 seconds 39.058329582214355 best 144.39789 q25 149.10852 median 182.07031 total 107.75715351104736
GALLOP 3 Nref 169 seconds 28.791028261184692 best 144.398 q25 150.00565 median 196.15607 total 136.59070491790771
GALLOP 4 Nref 169 seconds 24.95668601989746 best 144.39795 q25 144.39926 median 153.80365 total 161.55861687660217
GALLOP 5 Nref 169 seconds 25.3280348777771 best 144.39798 q25 144.3991 median 160.10907 total 186.8976640701294
GALLOP 6 Nref 169 seconds 24.81807017326355 best 144.39795 q25 144.39981 median 171.86642 total 211.759596824646
GALLOP 7 Nref 169 seconds 25.60652804374695 best 144.39792 q25 144.39908 median 156.56607 total 237.37810468673706
GALLOP 8 Nref 169 seconds 25.107056140899658 best 144.39784 q25 144.3989 median 153.99773 total 262.49759316444397
GALLOP 9 Nref 169 seconds 25.191474199295044 best 144.39796 q25 144.39868 median 153.8038 total 287.7465269565582
GALLOP 10 Nref 169 seconds 24.791282415390015 best 144.39804 q25 144.39932 median 190.589 total 312.55035495758057
GALLOP 11 Nref 169 seconds 22.430399179458618 best 144.39787 q25 147.93047 median 155.18231 total 334.99223709106445
  0%|          | 0/3 [00:00<?, ?it/s]100%|██████████| 3/3 [00:00<00:00, 2315.16it/s]
GALLOP 12 Nref 169 seconds 25.32931137084961 best 144.39784 q25 153.80362 median 354.57166 total 360.3695800304413
GALLOP 13 Nref 169 seconds 25.780165910720825 best 144.39798 q25 153.80365 median 212.27638 total 386.1625409126282
GALLOP 14 Nref 169 seconds 25.46658682823181 best 144.3979 q25 149.12291 median 186.15222 total 411.64246678352356
GALLOP 15 Nref 169 seconds 38.88486075401306 best 144.3979 q25 150.5659 median 181.10898 total 450.5388469696045
GALLOP 16 Nref 169 seconds 46.09873414039612 best 144.39795 q25 147.92929 median 181.36862 total 496.6558449268341
GALLOP 17 Nref 169 seconds 48.603551626205444 best 144.39796 q25 149.10727 median 176.46906 total 545.2777969837189
GALLOP 18 Nref 169 seconds 49.10483431816101 best 144.39803 q25 147.93044 median 153.80444 total 594.4436948299408
GALLOP 19 Nref 169 seconds 50.81384754180908 best 144.39798 q25 144.40292 median 153.80365 total 645.2788910865784
GALLOP 20 Nref 169 seconds 42.346914768218994 best 144.39772 q25 144.39877 median 153.80359 total 687.6924848556519
GALLOP 21 Nref 169 seconds 40.7636559009552 best 144.39809 q25 147.93394 median 153.8038 total 728.5420572757721
FINISHED X7e382cb 144.39772033691406
