X7e382cb CUBIC I 0 peaks [2.81427, 5.64669, 7.74083, 8.28811, 8.68868, 11.31925, 11.7493, 12.12244, 12.69069, 13.37346, 13.83107, 14.15203, 14.45814, 14.98562, 15.51435, 18.76215, 19.17249, 19.82779, 21.84252] V 1003.3812255859375 3600 Lmax 42.91332821403896
3->42.9133,1.59654,24.9999
1.5708->2.44346,0.0766052,0.766044,11.3917
1003.38->3600,432.777,5.9999
Starting: V=1003.38->1436.16
42.9133,3,1.5966
Finished: V=1003.38->1436.16 A^3, 2 unit cells tested, 25000 tests/s,   Elapsed time=8.6e-05s
Starting: V=1436.16->1868.94
42.9133,3,1.5966
Finished: V=1436.16->1868.94 A^3, 3 unit cells tested, 18292.7 tests/s,   Elapsed time=0.00017s
Starting: V=1868.94->2301.71
42.9133,3,1.5966
Finished: V=1868.94->2301.71 A^3, 5 unit cells tested, 18939.4 tests/s,   Elapsed time=0.000269s
Starting: V=2301.71->2734.49
42.9133,3,1.5966
Finished: V=2301.71->2734.49 A^3, 6 unit cells tested, 17857.1 tests/s,   Elapsed time=0.000341s
Starting: V=2734.49->3167.27
42.9133,3,1.5966
Finished: V=2734.49->3167.27 A^3, 8 unit cells tested, 18433.2 tests/s,   Elapsed time=0.000439s
Starting: V=3167.27->3600
42.9133,3,1.5966
Finished: V=3167.27->3600 A^3, 9 unit cells tested, 17647.1 tests/s,   Elapsed time=0.000515s
DONE X7e382cb CUBIC I 0 0.0006186962127685547 []
