X7e382cb MONOCLINIC C 4 peaks [2.80807, 5.63519, 7.73199, 8.27692, 8.66969, 11.30106, 11.74531, 12.68431, 13.33839, 13.85071, 14.1362, 15.48786, 19.1501] V 250.0 1800.0 Lmax 80.0
3->80,3.08001,24.9999
1.5708->2.44346,0.0766052,0.766044,11.3917
250->1800,387.51,3.9999
Starting: V=250->637.51
     a= 4.42- 4.47 b=10.50-10.55 c=14.35-14.41 alpha= 90.00- 90.00 beta= 93.05- 93.12 gamma= 90.00- 90.00 V=665.66-679.10level=5, indexed=1(0 sol.)
     a=0.22647-0.22384 b=0.09522-0.09479 c=0.06976-0.06951 alpha=0.05326-0.05446 beta=0.00000-0.00000 gamma=0.00000-0.00000level=5, indexed=1(0 sol.)
 Solution ? a=  4.502 b= 10.569 c= 14.512 alpha= 90.000 beta= 93.398 gamma= 90.000 V=  689.26 score=  4.60 #   0
     a= 4.42- 4.47 b=10.50-10.55 c=14.36-14.41 alpha= 90.00- 90.00 beta= 93.19- 93.26 gamma= 90.00- 90.00 V=665.75-679.19level=5, indexed=1(1 sol.)
     a=0.22647-0.22384 b=0.09522-0.09479 c=0.06976-0.06951 alpha=0.05566-0.05686 beta=0.00000-0.00000 gamma=0.00000-0.00000level=5, indexed=1(1 sol.)
 Solution ? a=  4.502 b= 10.569 c= 14.512 alpha= 90.000 beta= 93.398 gamma= 90.000 V=  689.26 score=  4.60 #   1
     a= 4.42- 4.48 b=10.50-10.55 c=14.36-14.41 alpha= 90.00- 90.00 beta= 93.33- 93.40 gamma= 90.00- 90.00 V=665.84-679.29level=5, indexed=1(2 sol.)
     a=0.22647-0.22384 b=0.09522-0.09479 c=0.06976-0.06951 alpha=0.05805-0.05925 beta=0.00000-0.00000 gamma=0.00000-0.00000level=5, indexed=1(2 sol.)
 Solution ? a=  4.482 b= 10.588 c= 14.471 alpha= 90.000 beta= 93.539 gamma= 90.000 V=  685.47 score=  5.18 #   2
     a= 4.42- 4.48 b=10.50-10.55 c=14.36-14.41 alpha= 90.00- 90.00 beta= 93.47- 93.53 gamma= 90.00- 90.00 V=665.93-679.38level=5, indexed=1(3 sol.)
     a=0.22647-0.22384 b=0.09522-0.09479 c=0.06976-0.06951 alpha=0.06045-0.06164 beta=0.00000-0.00000 gamma=0.00000-0.00000level=5, indexed=1(3 sol.)
 Solution ? a=  4.482 b= 10.588 c= 14.471 alpha= 90.000 beta= 93.539 gamma= 90.000 V=  685.47 score=  5.18 #   3
     a= 4.42- 4.48 b=10.50-10.55 c=14.36-14.42 alpha= 90.00- 90.00 beta= 93.60- 93.67 gamma= 90.00- 90.00 V=666.03-679.49level=5, indexed=1(4 sol.)
     a=0.22647-0.22384 b=0.09522-0.09479 c=0.06976-0.06951 alpha=0.06284-0.06404 beta=0.00000-0.00000 gamma=0.00000-0.00000level=5, indexed=1(4 sol.)
 Solution ? a=  4.502 b= 10.569 c= 14.512 alpha= 90.000 beta= 93.398 gamma= 90.000 V=  689.26 score=  4.60 #   4
     a= 4.42- 4.48 b=10.50-10.55 c=14.36-14.42 alpha= 90.00- 90.00 beta= 93.74- 93.81 gamma= 90.00- 90.00 V=666.14-679.59level=5, indexed=1(5 sol.)
     a=0.22647-0.22384 b=0.09522-0.09479 c=0.06976-0.06951 alpha=0.06523-0.06643 beta=0.00000-0.00000 gamma=0.00000-0.00000level=5, indexed=1(5 sol.)
 Solution ? a=  4.502 b= 10.569 c= 14.512 alpha= 90.000 beta= 93.398 gamma= 90.000 V=  689.26 score=  4.60 #   5
     a= 4.43- 4.48 b=10.50-10.55 c=14.37-14.42 alpha= 90.00- 90.00 beta= 93.88- 93.95 gamma= 90.00- 90.00 V=666.24-679.70level=5, indexed=1(6 sol.)
     a=0.22647-0.22384 b=0.09522-0.09479 c=0.06976-0.06951 alpha=0.06763-0.06882 beta=0.00000-0.00000 gamma=0.00000-0.00000level=5, indexed=1(6 sol.)
 Solution ? a=  4.502 b= 10.569 c= 14.512 alpha= 90.000 beta= 93.398 gamma= 90.000 V=  689.26 score=  4.60 #   6
     a= 4.42- 4.47 b=10.41-10.46 c=14.35-14.41 alpha= 90.00- 90.00 beta= 93.05- 93.12 gamma= 90.00- 90.00 V=659.71-673.01level=5, indexed=1(7 sol.)
     a=0.22647-0.22384 b=0.09608-0.09565 c=0.06976-0.06951 alpha=0.05326-0.05446 beta=0.00000-0.00000 gamma=0.00000-0.00000level=5, indexed=1(7 sol.)
 Solution ? a=  4.464 b= 10.261 c= 14.353 alpha= 90.000 beta= 93.385 gamma= 90.000 V=  656.29 score=  5.27 #   7
     a= 4.42- 4.47 b=10.41-10.46 c=14.36-14.41 alpha= 90.00- 90.00 beta= 93.19- 93.26 gamma= 90.00- 90.00 V=659.80-673.10level=5, indexed=1(8 sol.)
     a=0.22647-0.22384 b=0.09608-0.09565 c=0.06976-0.06951 alpha=0.05566-0.05686 beta=0.00000-0.00000 gamma=0.00000-0.00000level=5, indexed=1(8 sol.)
 Solution ? a=  4.464 b= 10.261 c= 14.353 alpha= 90.000 beta= 93.385 gamma= 90.000 V=  656.29 score=  5.27 #   8
     a= 4.42- 4.48 b=10.41-10.46 c=14.36-14.41 alpha= 90.00- 90.00 beta= 93.33- 93.40 gamma= 90.00- 90.00 V=659.89-673.19level=5, indexed=1(9 sol.)
     a=0.22647-0.22384 b=0.09608-0.09565 c=0.06976-0.06951 alpha=0.05805-0.05925 beta=0.00000-0.00000 gamma=0.00000-0.00000level=5, indexed=1(9 sol.)
 Solution ? a=  4.464 b= 10.261 c= 14.353 alpha= 90.000 beta= 93.385 gamma= 90.000 V=  656.29 score=  5.27 #   9
      a= 4.45- 4.50 b=10.43-10.48 c=14.39-14.44 alpha= 90.00- 90.00 beta= 93.43- 93.50 gamma= 90.00- 90.00 V=666.54-680.03level=6, indexed=1(10 sol.)
      a=0.22516-0.22252 b=0.09586-0.09543 c=0.06963-0.06938 alpha=0.05985-0.06104 beta=0.00000-0.00000 gamma=0.00000-0.00000level=6, indexed=1(10 sol.)
 Solution ? a=  4.497 b= 10.298 c= 14.432 alpha= 90.000 beta= 93.756 gamma= 90.000 V=  666.95 score=  4.69 #  10
      a= 4.45- 4.50 b=10.43-10.48 c=14.39-14.44 alpha= 90.00- 90.00 beta= 93.50- 93.57 gamma= 90.00- 90.00 V=666.59-680.08level=6, indexed=1(11 sol.)
      a=0.22516-0.22252 b=0.09586-0.09543 c=0.06963-0.06938 alpha=0.06104-0.06224 beta=0.00000-0.00000 gamma=0.00000-0.00000level=6, indexed=1(11 sol.)
 Solution ? a=  4.497 b= 10.298 c= 14.432 alpha= 90.000 beta= 93.756 gamma= 90.000 V=  666.95 score=  4.69 #  11
      a= 4.45- 4.50 b=10.43-10.48 c=14.39-14.44 alpha= 90.00- 90.00 beta= 93.57- 93.64 gamma= 90.00- 90.00 V=666.64-680.13level=6, indexed=1(12 sol.)
      a=0.22516-0.22252 b=0.09586-0.09543 c=0.06963-0.06938 alpha=0.06224-0.06344 beta=0.00000-0.00000 gamma=0.00000-0.00000level=6, indexed=1(12 sol.)
 Solution ? a=  4.497 b= 10.298 c= 14.432 alpha= 90.000 beta= 93.756 gamma= 90.000 V=  666.95 score=  4.69 #  12
      a= 4.45- 4.50 b=10.43-10.48 c=14.39-14.44 alpha= 90.00- 90.00 beta= 93.64- 93.71 gamma= 90.00- 90.00 V=666.69-680.19level=6, indexed=1(13 sol.)
      a=0.22516-0.22252 b=0.09586-0.09543 c=0.06963-0.06938 alpha=0.06344-0.06464 beta=0.00000-0.00000 gamma=0.00000-0.00000level=6, indexed=1(13 sol.)
 Solution ? a=  4.497 b= 10.298 c= 14.432 alpha= 90.000 beta= 93.756 gamma= 90.000 V=  666.95 score=  4.69 #  13
      a= 4.45- 4.50 b=10.43-10.48 c=14.39-14.45 alpha= 90.00- 90.00 beta= 93.71- 93.77 gamma= 90.00- 90.00 V=666.74-680.24level=6, indexed=1(14 sol.)
      a=0.22516-0.22252 b=0.09586-0.09543 c=0.06963-0.06938 alpha=0.06464-0.06583 beta=0.00000-0.00000 gamma=0.00000-0.00000level=6, indexed=1(14 sol.)
 Solution ? a=  4.497 b= 10.298 c= 14.432 alpha= 90.000 beta= 93.756 gamma= 90.000 V=  666.95 score=  4.69 #  14
      a= 4.45- 4.50 b=10.43-10.48 c=14.39-14.45 alpha= 90.00- 90.00 beta= 93.77- 93.84 gamma= 90.00- 90.00 V=666.79-680.29level=6, indexed=1(15 sol.)
      a=0.22516-0.22252 b=0.09586-0.09543 c=0.06963-0.06938 alpha=0.06583-0.06703 beta=0.00000-0.00000 gamma=0.00000-0.00000level=6, indexed=1(15 sol.)
 Solution ? a=  4.497 b= 10.298 c= 14.432 alpha= 90.000 beta= 93.756 gamma= 90.000 V=  666.95 score=  4.69 #  15
     a= 3.65- 3.69 b=10.50-10.55 c=14.35-14.40 alpha= 90.00- 90.00 beta= 92.64- 92.71 gamma= 90.00- 90.00 V=550.07-560.03level=5, indexed=1(16 sol.)
     a=0.27397-0.27133 b=0.09522-0.09479 c=0.06976-0.06951 alpha=0.04608-0.04728 beta=0.00000-0.00000 gamma=0.00000-0.00000level=5, indexed=1(16 sol.)
 Solution ? a=  3.708 b= 10.579 c= 14.522 alpha= 90.000 beta= 93.930 gamma= 90.000 V=  568.38 score=  6.63 #  16
     a= 3.65- 3.69 b=10.50-10.55 c=14.35-14.40 alpha= 90.00- 90.00 beta= 92.78- 92.85 gamma= 90.00- 90.00 V=550.13-560.09level=5, indexed=1(17 sol.)
     a=0.27397-0.27133 b=0.09522-0.09479 c=0.06976-0.06951 alpha=0.04848-0.04967 beta=0.00000-0.00000 gamma=0.00000-0.00000level=5, indexed=1(17 sol.)
 Solution ? a=  3.708 b= 10.579 c= 14.522 alpha= 90.000 beta= 93.930 gamma= 90.000 V=  568.38 score=  6.63 #  17
     a= 3.65- 3.69 b=10.50-10.55 c=14.35-14.41 alpha= 90.00- 90.00 beta= 92.92- 92.98 gamma= 90.00- 90.00 V=550.20-560.16level=5, indexed=1(18 sol.)
     a=0.27397-0.27133 b=0.09522-0.09479 c=0.06976-0.06951 alpha=0.05087-0.05207 beta=0.00000-0.00000 gamma=0.00000-0.00000level=5, indexed=1(18 sol.)
 Solution ? a=  3.708 b= 10.579 c= 14.522 alpha= 90.000 beta= 93.930 gamma= 90.000 V=  568.38 score=  6.63 #  18
     a= 3.66- 3.69 b=10.50-10.55 c=14.35-14.41 alpha= 90.00- 90.00 beta= 93.05- 93.12 gamma= 90.00- 90.00 V=550.27-560.23level=5, indexed=1(19 sol.)
     a=0.27397-0.27133 b=0.09522-0.09479 c=0.06976-0.06951 alpha=0.05326-0.05446 beta=0.00000-0.00000 gamma=0.00000-0.00000level=5, indexed=1(19 sol.)
 Solution ? a=  3.708 b= 10.579 c= 14.522 alpha= 90.000 beta= 93.930 gamma= 90.000 V=  568.38 score=  6.63 #  19
     a= 3.66- 3.69 b=10.50-10.55 c=14.36-14.41 alpha= 90.00- 90.00 beta= 93.19- 93.26 gamma= 90.00- 90.00 V=550.34-560.31level=5, indexed=1(20 sol.)
     a=0.27397-0.27133 b=0.09522-0.09479 c=0.06976-0.06951 alpha=0.05566-0.05686 beta=0.00000-0.00000 gamma=0.00000-0.00000level=5, indexed=1(20 sol.)
 Solution ? a=  3.708 b= 10.579 c= 14.522 alpha= 90.000 beta= 93.930 gamma= 90.000 V=  568.38 score=  6.63 #  20
     a= 3.66- 3.69 b=10.50-10.55 c=14.36-14.41 alpha= 90.00- 90.00 beta= 93.33- 93.40 gamma= 90.00- 90.00 V=550.42-560.39level=5, indexed=1(21 sol.)
     a=0.27397-0.27133 b=0.09522-0.09479 c=0.06976-0.06951 alpha=0.05805-0.05925 beta=0.00000-0.00000 gamma=0.00000-0.00000level=5, indexed=1(21 sol.)
 Solution ? a=  3.708 b= 10.579 c= 14.522 alpha= 90.000 beta= 93.930 gamma= 90.000 V=  568.38 score=  6.63 #  21
     a= 3.66- 3.69 b=10.50-10.55 c=14.36-14.41 alpha= 90.00- 90.00 beta= 93.47- 93.53 gamma= 90.00- 90.00 V=550.49-560.47level=5, indexed=1(22 sol.)
     a=0.27397-0.27133 b=0.09522-0.09479 c=0.06976-0.06951 alpha=0.06045-0.06164 beta=0.00000-0.00000 gamma=0.00000-0.00000level=5, indexed=1(22 sol.)
 Solution ? a=  3.708 b= 10.579 c= 14.522 alpha= 90.000 beta= 93.930 gamma= 90.000 V=  568.38 score=  6.63 #  22
     a= 3.66- 3.69 b=10.50-10.55 c=14.36-14.42 alpha= 90.00- 90.00 beta= 93.60- 93.67 gamma= 90.00- 90.00 V=550.58-560.55level=5, indexed=1(23 sol.)
     a=0.27397-0.27133 b=0.09522-0.09479 c=0.06976-0.06951 alpha=0.06284-0.06404 beta=0.00000-0.00000 gamma=0.00000-0.00000level=5, indexed=1(23 sol.)
 Solution ? a=  3.708 b= 10.579 c= 14.522 alpha= 90.000 beta= 93.930 gamma= 90.000 V=  568.38 score=  6.63 #  23
     a= 3.66- 3.69 b=10.50-10.55 c=14.36-14.42 alpha= 90.00- 90.00 beta= 93.74- 93.81 gamma= 90.00- 90.00 V=550.66-560.64level=5, indexed=1(24 sol.)
     a=0.27397-0.27133 b=0.09522-0.09479 c=0.06976-0.06951 alpha=0.06523-0.06643 beta=0.00000-0.00000 gamma=0.00000-0.00000level=5, indexed=1(24 sol.)
 Solution ? a=  3.708 b= 10.579 c= 14.522 alpha= 90.000 beta= 93.930 gamma= 90.000 V=  568.38 score=  6.63 #  24
      a= 3.64- 3.68 b=10.48-10.53 c=14.34-14.39 alpha= 90.00- 90.00 beta= 93.84- 93.91 gamma= 90.00- 90.00 V=545.85-555.71level=6, indexed=1(25 sol.)
      a=0.27529-0.27265 b=0.09543-0.09500 c=0.06989-0.06963 alpha=0.06703-0.06823 beta=0.00000-0.00000 gamma=0.00000-0.00000level=6, indexed=1(25 sol.)
 Solution ? a=  3.663 b= 10.474 c= 14.196 alpha= 90.000 beta= 93.758 gamma= 90.000 V=  543.51 score=  5.56 #  25
      a= 3.64- 3.68 b=10.48-10.53 c=14.34-14.40 alpha= 90.00- 90.00 beta= 93.91- 93.98 gamma= 90.00- 90.00 V=545.89-555.75level=6, indexed=1(26 sol.)
      a=0.27529-0.27265 b=0.09543-0.09500 c=0.06989-0.06963 alpha=0.06823-0.06942 beta=0.00000-0.00000 gamma=0.00000-0.00000level=6, indexed=1(26 sol.)
 Solution ? a=  3.663 b= 10.474 c= 14.196 alpha= 90.000 beta= 93.758 gamma= 90.000 V=  543.51 score=  5.56 #  26
      a= 3.64- 3.68 b=10.48-10.53 c=14.34-14.40 alpha= 90.00- 90.00 beta= 93.98- 94.05 gamma= 90.00- 90.00 V=545.94-555.80level=6, indexed=1(27 sol.)
      a=0.27529-0.27265 b=0.09543-0.09500 c=0.06989-0.06963 alpha=0.06942-0.07062 beta=0.00000-0.00000 gamma=0.00000-0.00000level=6, indexed=1(27 sol.)
 Solution ? a=  3.663 b= 10.474 c= 14.196 alpha= 90.000 beta= 93.758 gamma= 90.000 V=  543.51 score=  5.56 #  27
     a= 3.66- 3.70 b=10.50-10.55 c=14.37-14.43 alpha= 90.00- 90.00 beta= 94.15- 94.22 gamma= 90.00- 90.00 V=550.93-560.92level=5, indexed=1(28 sol.)
     a=0.27397-0.27133 b=0.09522-0.09479 c=0.06976-0.06951 alpha=0.07242-0.07361 beta=0.00000-0.00000 gamma=0.00000-0.00000level=5, indexed=1(28 sol.)
 Solution ? a=  3.708 b= 10.579 c= 14.522 alpha= 90.000 beta= 93.930 gamma= 90.000 V=  568.38 score=  6.63 #  28
     a= 3.66- 3.70 b=10.50-10.55 c=14.37-14.43 alpha= 90.00- 90.00 beta= 94.29- 94.36 gamma= 90.00- 90.00 V=551.03-561.02level=5, indexed=1(29 sol.)
     a=0.27397-0.27133 b=0.09522-0.09479 c=0.06976-0.06951 alpha=0.07481-0.07601 beta=0.00000-0.00000 gamma=0.00000-0.00000level=5, indexed=1(29 sol.)
 Solution ? a=  3.711 b= 10.570 c= 14.516 alpha= 90.000 beta= 94.110 gamma= 90.000 V=  567.89 score=  6.51 #  29
    a= 3.34- 3.41 b= 9.82- 9.90 c=14.26-14.36 alpha= 90.00- 90.00 beta= 91.17- 91.30 gamma= 90.00- 90.00 V=468.06-484.09level=4, indexed=1(30 sol.)
    a=0.29903-0.29376 b=0.10187-0.10101 c=0.07015-0.06963 alpha=0.02035-0.02274 beta=0.00000-0.00000 gamma=0.00000-0.00000level=4, indexed=1(30 sol.)
 Solution ? a=  3.361 b=  9.909 c= 14.498 alpha= 90.000 beta= 91.523 gamma= 90.000 V=  482.64 score=  5.27 #  30
    a= 3.35- 3.41 b= 9.82- 9.90 c=14.26-14.37 alpha= 90.00- 90.00 beta= 91.44- 91.58 gamma= 90.00- 90.00 V=468.12-484.15level=4, indexed=1(31 sol.)
    a=0.29903-0.29376 b=0.10187-0.10101 c=0.07015-0.06963 alpha=0.02514-0.02753 beta=0.00000-0.00000 gamma=0.00000-0.00000level=4, indexed=1(31 sol.)
 Solution ? a=  3.361 b=  9.909 c= 14.498 alpha= 90.000 beta= 91.523 gamma= 90.000 V=  482.64 score=  5.27 #  31
    a= 3.35- 3.41 b= 9.82- 9.90 c=14.26-14.37 alpha= 90.00- 90.00 beta= 91.71- 91.85 gamma= 90.00- 90.00 V=468.18-484.22level=4, indexed=1(32 sol.)
    a=0.29903-0.29376 b=0.10187-0.10101 c=0.07015-0.06963 alpha=0.02992-0.03232 beta=0.00000-0.00000 gamma=0.00000-0.00000level=4, indexed=1(32 sol.)
 Solution ? a=  3.361 b=  9.909 c= 14.498 alpha= 90.000 beta= 91.523 gamma= 90.000 V=  482.64 score=  5.27 #  32
    a= 4.44- 4.55 b=28.77-28.86 c= 5.17- 5.31 alpha= 90.00- 90.00 beta= 90.07- 90.21 gamma= 90.00- 90.00 V=660.32-697.40level=4, indexed=1(33 sol.)
    a=0.22516-0.21988 b=0.03476-0.03465 c=0.19349-0.18822 alpha=0.00120-0.00359 beta=0.00000-0.00000 gamma=0.00000-0.00000level=4, indexed=1(33 sol.)
 Solution ? a=  4.575 b= 28.925 c=  5.295 alpha= 90.000 beta= 88.918 gamma= 90.000 V=  700.50 score=  7.11 #  33
    a= 4.44- 4.55 b=28.77-28.86 c= 5.17- 5.31 alpha= 90.00- 90.00 beta= 90.34- 90.48 gamma= 90.00- 90.00 V=660.33-697.42level=4, indexed=1(34 sol.)
    a=0.22516-0.21988 b=0.03476-0.03465 c=0.19349-0.18822 alpha=0.00598-0.00838 beta=0.00000-0.00000 gamma=0.00000-0.00000level=4, indexed=1(34 sol.)
 Solution ? a=  4.575 b= 28.925 c=  5.295 alpha= 90.000 beta= 88.918 gamma= 90.000 V=  700.50 score=  7.11 #  34
      a= 4.55- 4.60 b=28.81-28.86 c= 5.17- 5.24 alpha= 90.00- 90.00 beta= 90.62- 90.69 gamma= 90.00- 90.00 V=677.31-696.16level=6, indexed=1(35 sol.)
      a=0.21988-0.21724 b=0.03470-0.03465 c=0.19349-0.19086 alpha=0.01077-0.01197 beta=0.00000-0.00000 gamma=0.00000-0.00000level=6, indexed=1(35 sol.)
 Solution ? a=  4.581 b= 28.972 c=  5.337 alpha= 90.000 beta= 91.412 gamma= 90.000 V=  708.11 score=  5.82 #  35
      a= 4.55- 4.60 b=28.81-28.86 c= 5.17- 5.24 alpha= 90.00- 90.00 beta= 90.69- 90.75 gamma= 90.00- 90.00 V=677.32-696.17level=6, indexed=1(36 sol.)
      a=0.21988-0.21724 b=0.03470-0.03465 c=0.19349-0.19086 alpha=0.01197-0.01317 beta=0.00000-0.00000 gamma=0.00000-0.00000level=6, indexed=1(36 sol.)
 Solution ? a=  4.581 b= 28.972 c=  5.337 alpha= 90.000 beta= 91.412 gamma= 90.000 V=  708.11 score=  5.82 #  36
      a= 4.55- 4.60 b=28.81-28.86 c= 5.17- 5.24 alpha= 90.00- 90.00 beta= 90.75- 90.82 gamma= 90.00- 90.00 V=677.33-696.18level=6, indexed=1(37 sol.)
      a=0.21988-0.21724 b=0.03470-0.03465 c=0.19349-0.19086 alpha=0.01317-0.01436 beta=0.00000-0.00000 gamma=0.00000-0.00000level=6, indexed=1(37 sol.)
 Solution ? a=  4.581 b= 28.972 c=  5.337 alpha= 90.000 beta= 91.412 gamma= 90.000 V=  708.11 score=  5.82 #  37
      a= 4.55- 4.60 b=28.77-28.81 c= 5.17- 5.24 alpha= 90.00- 90.00 beta= 90.62- 90.69 gamma= 90.00- 90.00 V=676.21-695.03level=6, indexed=1(38 sol.)
      a=0.21988-0.21724 b=0.03476-0.03470 c=0.19349-0.19086 alpha=0.01077-0.01197 beta=0.00000-0.00000 gamma=0.00000-0.00000level=6, indexed=1(38 sol.)
 Solution ? a=  4.581 b= 28.972 c=  5.337 alpha= 90.000 beta= 91.412 gamma= 90.000 V=  708.11 score=  5.82 #  38
      a= 4.55- 4.60 b=28.77-28.81 c= 5.17- 5.24 alpha= 90.00- 90.00 beta= 90.69- 90.75 gamma= 90.00- 90.00 V=676.22-695.04level=6, indexed=1(39 sol.)
      a=0.21988-0.21724 b=0.03476-0.03470 c=0.19349-0.19086 alpha=0.01197-0.01317 beta=0.00000-0.00000 gamma=0.00000-0.00000level=6, indexed=1(39 sol.)
 Solution ? a=  4.581 b= 28.972 c=  5.337 alpha= 90.000 beta= 91.412 gamma= 90.000 V=  708.11 score=  5.82 #  39
      a= 4.55- 4.60 b=28.77-28.81 c= 5.17- 5.24 alpha= 90.00- 90.00 beta= 90.75- 90.82 gamma= 90.00- 90.00 V=676.23-695.05level=6, indexed=1(40 sol.)
      a=0.21988-0.21724 b=0.03476-0.03470 c=0.19349-0.19086 alpha=0.01317-0.01436 beta=0.00000-0.00000 gamma=0.00000-0.00000level=6, indexed=1(40 sol.)
 Solution ? a=  4.581 b= 28.972 c=  5.337 alpha= 90.000 beta= 91.412 gamma= 90.000 V=  708.11 score=  5.82 #  40
      a= 4.55- 4.60 b=28.72-28.77 c= 5.17- 5.24 alpha= 90.00- 90.00 beta= 90.69- 90.75 gamma= 90.00- 90.00 V=675.12-693.90level=6, indexed=1(41 sol.)
      a=0.21988-0.21724 b=0.03482-0.03476 c=0.19349-0.19086 alpha=0.01197-0.01317 beta=0.00000-0.00000 gamma=0.00000-0.00000level=6, indexed=1(41 sol.)
 Solution ? a=  4.581 b= 28.972 c=  5.337 alpha= 90.000 beta= 91.412 gamma= 90.000 V=  708.11 score=  5.82 #  41
      a= 4.55- 4.60 b=28.72-28.77 c= 5.17- 5.24 alpha= 90.00- 90.00 beta= 90.75- 90.82 gamma= 90.00- 90.00 V=675.13-693.91level=6, indexed=1(42 sol.)
      a=0.21988-0.21724 b=0.03482-0.03476 c=0.19349-0.19086 alpha=0.01317-0.01436 beta=0.00000-0.00000 gamma=0.00000-0.00000level=6, indexed=1(42 sol.)
 Solution ? a=  4.581 b= 28.972 c=  5.337 alpha= 90.000 beta= 91.412 gamma= 90.000 V=  708.11 score=  5.82 #  42
      a= 4.55- 4.60 b=28.81-28.86 c= 5.17- 5.24 alpha= 90.00- 90.00 beta= 90.82- 90.89 gamma= 90.00- 90.00 V=677.34-696.20level=6, indexed=1(43 sol.)
      a=0.21988-0.21724 b=0.03470-0.03465 c=0.19349-0.19086 alpha=0.01436-0.01556 beta=0.00000-0.00000 gamma=0.00000-0.00000level=6, indexed=1(43 sol.)
 Solution ? a=  4.581 b= 28.972 c=  5.337 alpha= 90.000 beta= 91.412 gamma= 90.000 V=  708.11 score=  5.82 #  43
      a= 4.55- 4.60 b=28.81-28.86 c= 5.17- 5.24 alpha= 90.00- 90.00 beta= 90.89- 90.96 gamma= 90.00- 90.00 V=677.35-696.21level=6, indexed=1(44 sol.)
      a=0.21988-0.21724 b=0.03470-0.03465 c=0.19349-0.19086 alpha=0.01556-0.01676 beta=0.00000-0.00000 gamma=0.00000-0.00000level=6, indexed=1(44 sol.)
 Solution ? a=  4.581 b= 28.972 c=  5.337 alpha= 90.000 beta= 91.412 gamma= 90.000 V=  708.11 score=  5.82 #  44
      a= 4.55- 4.60 b=28.81-28.86 c= 5.17- 5.24 alpha= 90.00- 90.00 beta= 90.96- 91.03 gamma= 90.00- 90.00 V=677.37-696.22level=6, indexed=1(45 sol.)
      a=0.21988-0.21724 b=0.03470-0.03465 c=0.19349-0.19086 alpha=0.01676-0.01795 beta=0.00000-0.00000 gamma=0.00000-0.00000level=6, indexed=1(45 sol.)
 Solution ? a=  4.571 b= 28.801 c=  5.248 alpha= 90.000 beta= 91.079 gamma= 90.000 V=  690.69 score= 11.61 #  45
      a= 4.55- 4.60 b=28.81-28.86 c= 5.17- 5.24 alpha= 90.00- 90.00 beta= 91.03- 91.10 gamma= 90.00- 90.00 V=677.38-696.24level=6, indexed=1(46 sol.)
      a=0.21988-0.21724 b=0.03470-0.03465 c=0.19349-0.19086 alpha=0.01795-0.01915 beta=0.00000-0.00000 gamma=0.00000-0.00000level=6, indexed=1(46 sol.)
 Solution ? a=  4.571 b= 28.801 c=  5.248 alpha= 90.000 beta= 91.079 gamma= 90.000 V=  690.69 score= 11.61 #  46
      a= 4.55- 4.60 b=28.77-28.81 c= 5.17- 5.24 alpha= 90.00- 90.00 beta= 91.03- 91.10 gamma= 90.00- 90.00 V=676.28-695.10level=6, indexed=1(50 sol.)
      a=0.21988-0.21724 b=0.03476-0.03470 c=0.19349-0.19086 alpha=0.01795-0.01915 beta=0.00000-0.00000 gamma=0.00000-0.00000level=6, indexed=1(50 sol.)
 Solution ? a=  4.571 b= 28.801 c=  5.248 alpha= 90.000 beta= 91.079 gamma= 90.000 V=  690.69 score= 11.61 #  50
      a= 4.55- 4.60 b=28.81-28.86 c= 5.17- 5.24 alpha= 90.00- 90.00 beta= 91.23- 91.30 gamma= 90.00- 90.00 V=677.43-696.29level=6, indexed=1(53 sol.)
      a=0.21988-0.21724 b=0.03470-0.03465 c=0.19349-0.19086 alpha=0.02155-0.02274 beta=0.00000-0.00000 gamma=0.00000-0.00000level=6, indexed=1(53 sol.)
 Solution ? a=  4.571 b= 28.801 c=  5.248 alpha= 90.000 beta= 91.079 gamma= 90.000 V=  690.69 score= 11.61 #  53
      a= 4.45- 4.50 b=28.81-28.86 c= 4.91- 4.97 alpha= 90.00- 90.00 beta= 92.40- 92.47 gamma= 90.00- 90.00 V=627.74-644.59level=6, indexed=1(164 sol.)
      a=0.22516-0.22252 b=0.03470-0.03465 c=0.20405-0.20141 alpha=0.04189-0.04309 beta=0.00000-0.00000 gamma=0.00000-0.00000level=6, indexed=1(164 sol.)
 Solution ? a=  4.471 b= 28.845 c=  4.980 alpha= 90.000 beta= 93.365 gamma= 90.000 V=  641.05 score= 12.35 # 164
      a= 4.45- 4.50 b=28.81-28.86 c= 4.91- 4.97 alpha= 90.00- 90.00 beta= 92.47- 92.54 gamma= 90.00- 90.00 V=627.77-644.62level=6, indexed=1(173 sol.)
      a=0.22516-0.22252 b=0.03470-0.03465 c=0.20405-0.20141 alpha=0.04309-0.04429 beta=0.00000-0.00000 gamma=0.00000-0.00000level=6, indexed=1(173 sol.)
 Solution ? a=  4.471 b= 28.845 c=  4.980 alpha= 90.000 beta= 93.365 gamma= 90.000 V=  641.05 score= 12.35 # 173
      a= 4.45- 4.50 b=28.77-28.81 c= 4.91- 4.97 alpha= 90.00- 90.00 beta= 92.54- 92.61 gamma= 90.00- 90.00 V=626.78-643.61level=6, indexed=1(177 sol.)
      a=0.22516-0.22252 b=0.03476-0.03470 c=0.20405-0.20141 alpha=0.04429-0.04548 beta=0.00000-0.00000 gamma=0.00000-0.00000level=6, indexed=1(177 sol.)
 Solution ? a=  4.471 b= 28.845 c=  4.980 alpha= 90.000 beta= 93.365 gamma= 90.000 V=  641.05 score= 12.35 # 177
      a= 4.30- 4.35 b=28.81-28.86 c= 5.18- 5.25 alpha= 90.00- 90.00 beta= 93.29- 93.36 gamma= 90.00- 90.00 V=639.99-657.39level=6, indexed=1(313 sol.)
      a=0.23307-0.23043 b=0.03470-0.03465 c=0.19349-0.19086 alpha=0.05745-0.05865 beta=0.00000-0.00000 gamma=0.00000-0.00000level=6, indexed=1(313 sol.)
 Solution ? a=  4.304 b= 28.751 c=  5.222 alpha= 90.000 beta= 93.523 gamma= 90.000 V=  644.93 score= 12.91 # 313
      a= 4.30- 4.35 b=28.81-28.86 c= 5.18- 5.25 alpha= 90.00- 90.00 beta= 93.36- 93.43 gamma= 90.00- 90.00 V=640.04-657.44level=6, indexed=1(314 sol.)
      a=0.23307-0.23043 b=0.03470-0.03465 c=0.19349-0.19086 alpha=0.05865-0.05985 beta=0.00000-0.00000 gamma=0.00000-0.00000level=6, indexed=1(314 sol.)
 Solution ? a=  4.304 b= 28.751 c=  5.222 alpha= 90.000 beta= 93.523 gamma= 90.000 V=  644.93 score= 12.91 # 314
      a= 4.30- 4.35 b=28.81-28.86 c= 5.18- 5.25 alpha= 90.00- 90.00 beta= 93.43- 93.50 gamma= 90.00- 90.00 V=640.08-657.49level=6, indexed=1(315 sol.)
      a=0.23307-0.23043 b=0.03470-0.03465 c=0.19349-0.19086 alpha=0.05985-0.06104 beta=0.00000-0.00000 gamma=0.00000-0.00000level=6, indexed=1(315 sol.)
 Solution ? a=  4.304 b= 28.751 c=  5.222 alpha= 90.000 beta= 93.523 gamma= 90.000 V=  644.93 score= 12.91 # 315
      a= 3.95- 3.99 b=28.77-28.81 c= 4.91- 4.98 alpha= 90.00- 90.00 beta= 94.32- 94.39 gamma= 90.00- 90.00 V=556.25-570.43level=6, indexed=1(428 sol.)
      a=0.25418-0.25154 b=0.03476-0.03470 c=0.20405-0.20141 alpha=0.07541-0.07661 beta=0.00000-0.00000 gamma=0.00000-0.00000level=6, indexed=1(428 sol.)
 Solution ? a=  3.945 b= 28.805 c=  4.975 alpha= 90.000 beta= 95.070 gamma= 90.000 V=  563.18 score= 16.82 # 428
      a= 5.34- 5.42 b=28.68-28.73 c= 4.00- 4.04 alpha= 90.00- 90.00 beta= 97.50- 97.57 gamma= 90.00- 90.00 V=607.48-623.77level=6, indexed=1(569 sol.)
      a=0.18877-0.18613 b=0.03486-0.03481 c=0.25228-0.24964 alpha=0.13047-0.13167 beta=0.00000-0.00000 gamma=0.00000-0.00000level=6, indexed=1(569 sol.)
 Solution ? a=  5.423 b= 28.846 c=  3.995 alpha= 90.000 beta= 97.857 gamma= 90.000 V=  619.10 score= 19.35 # 569
      a= 5.34- 5.42 b=28.68-28.73 c= 4.00- 4.04 alpha= 90.00- 90.00 beta= 97.57- 97.64 gamma= 90.00- 90.00 V=607.58-623.87level=6, indexed=1(570 sol.)
      a=0.18877-0.18613 b=0.03486-0.03481 c=0.25228-0.24964 alpha=0.13167-0.13286 beta=0.00000-0.00000 gamma=0.00000-0.00000level=6, indexed=1(570 sol.)
 Solution ? a=  5.423 b= 28.846 c=  3.995 alpha= 90.000 beta= 97.857 gamma= 90.000 V=  619.10 score= 19.35 # 570
      a= 5.34- 5.42 b=28.68-28.73 c= 4.00- 4.04 alpha= 90.00- 90.00 beta= 97.64- 97.70 gamma= 90.00- 90.00 V=607.68-623.97level=6, indexed=1(571 sol.)
      a=0.18877-0.18613 b=0.03486-0.03481 c=0.25228-0.24964 alpha=0.13286-0.13406 beta=0.00000-0.00000 gamma=0.00000-0.00000level=6, indexed=1(571 sol.)
 Solution ? a=  5.423 b= 28.846 c=  3.995 alpha= 90.000 beta= 97.857 gamma= 90.000 V=  619.10 score= 19.35 # 571
      a= 5.35- 5.43 b=28.73-28.78 c= 3.96- 4.00 alpha= 90.00- 90.00 beta= 98.05- 98.12 gamma= 90.00- 90.00 V=602.95-619.06level=6, indexed=1(587 sol.)
      a=0.18877-0.18613 b=0.03481-0.03475 c=0.25493-0.25228 alpha=0.14004-0.14124 beta=0.00000-0.00000 gamma=0.00000-0.00000level=6, indexed=1(587 sol.)
 Solution ? a=  5.423 b= 28.846 c=  3.995 alpha= 90.000 beta= 97.857 gamma= 90.000 V=  619.10 score= 19.35 # 587
      a= 5.36- 5.43 b=28.78-28.82 c= 3.97- 4.01 alpha= 90.00- 90.00 beta= 98.54- 98.60 gamma= 90.00- 90.00 V=604.68-620.84level=6, indexed=1(602 sol.)
      a=0.18877-0.18613 b=0.03475-0.03469 c=0.25493-0.25228 alpha=0.14842-0.14962 beta=0.00000-0.00000 gamma=0.00000-0.00000level=6, indexed=1(602 sol.)
 Solution ? a=  5.423 b= 28.846 c=  3.995 alpha= 90.000 beta= 97.857 gamma= 90.000 V=  619.10 score= 19.35 # 602
      a=11.04-11.10 b= 3.68- 3.71 c=14.77-14.83 alpha= 90.00- 90.00 beta=103.71-103.78 gamma= 90.00- 90.00 V=582.46-593.54level=6, indexed=1(837 sol.)
      a=0.09321-0.09276 b=0.27201-0.26930 c=0.06970-0.06944 alpha=0.23700-0.23819 beta=0.00000-0.00000 gamma=0.00000-0.00000level=6, indexed=1(837 sol.)
 Solution ? a= 11.058 b=  3.696 c= 14.834 alpha= 90.000 beta=104.089 gamma= 90.000 V=  588.06 score= 39.58 # 837
      a=11.05-11.10 b= 3.68- 3.71 c=14.77-14.83 alpha= 90.00- 90.00 beta=103.78-103.85 gamma= 90.00- 90.00 V=582.63-593.72level=6, indexed=1(838 sol.)
      a=0.09321-0.09276 b=0.27201-0.26930 c=0.06970-0.06944 alpha=0.23819-0.23939 beta=0.00000-0.00000 gamma=0.00000-0.00000level=6, indexed=1(838 sol.)
 Solution ? a= 11.058 b=  3.696 c= 14.834 alpha= 90.000 beta=104.089 gamma= 90.000 V=  588.06 score= 39.59 # 838
      a=10.99-11.05 b= 3.68- 3.71 c=14.83-14.89 alpha= 90.00- 90.00 beta=103.78-103.85 gamma= 90.00- 90.00 V=582.09-593.16level=6, indexed=1(839 sol.)
      a=0.09365-0.09321 b=0.27201-0.26930 c=0.06944-0.06918 alpha=0.23819-0.23939 beta=0.00000-0.00000 gamma=0.00000-0.00000level=6, indexed=1(839 sol.)
 Solution ? a= 11.058 b=  3.696 c= 14.834 alpha= 90.000 beta=104.089 gamma= 90.000 V=  588.06 score= 39.59 # 839
      a=11.06-11.12 b= 3.68- 3.71 c=14.85-14.91 alpha= 90.00- 90.00 beta=104.06-104.13 gamma= 90.00- 90.00 V=585.56-596.72level=6, indexed=1(848 sol.)
      a=0.09321-0.09276 b=0.27201-0.26930 c=0.06944-0.06918 alpha=0.24298-0.24418 beta=0.00000-0.00000 gamma=0.00000-0.00000level=6, indexed=1(848 sol.)
 Solution ? a= 11.058 b=  3.696 c= 14.834 alpha= 90.000 beta=104.089 gamma= 90.000 V=  588.06 score= 39.59 # 848
      a=11.00-11.06 b= 3.64- 3.68 c=14.84-14.90 alpha= 90.00- 90.00 beta=103.99-104.06 gamma= 90.00- 90.00 V=576.87-587.79level=6, indexed=1(858 sol.)
      a=0.09365-0.09321 b=0.27472-0.27201 c=0.06944-0.06918 alpha=0.24179-0.24298 beta=0.00000-0.00000 gamma=0.00000-0.00000level=6, indexed=1(858 sol.)
 Solution ? a= 11.058 b=  3.696 c= 14.834 alpha= 90.000 beta=104.089 gamma= 90.000 V=  588.06 score= 39.59 # 858
Finished: V=250->637.51 A^3, 334695 unit cells tested, 457455 tests/s,   Elapsed time=0.731654s
Starting: V=637.51->1025.02
      a= 7.00- 7.04 b= 7.91- 7.96 c=14.42-14.47 alpha= 90.00- 90.00 beta= 91.51- 91.58 gamma= 90.00- 90.00 V=798.13-811.54level=6, indexed=1(1172 sol.)
      a=0.14287-0.14200 b=0.12645-0.12559 c=0.06938-0.06912 alpha=0.02633-0.02753 beta=0.00000-0.00000 gamma=0.00000-0.00000level=6, indexed=1(1172 sol.)
 Solution ? a=  7.051 b=  7.899 c= 14.403 alpha= 90.000 beta= 91.847 gamma= 90.000 V=  801.80 score= 48.46 #1172
      a= 7.00- 7.04 b= 7.91- 7.96 c=14.42-14.47 alpha= 90.00- 90.00 beta= 91.58- 91.65 gamma= 90.00- 90.00 V=798.16-811.57level=6, indexed=1(1173 sol.)
      a=0.14287-0.14200 b=0.12645-0.12559 c=0.06938-0.06912 alpha=0.02753-0.02873 beta=0.00000-0.00000 gamma=0.00000-0.00000level=6, indexed=1(1173 sol.)
 Solution ? a=  7.051 b=  7.899 c= 14.403 alpha= 90.000 beta= 91.847 gamma= 90.000 V=  801.80 score= 48.46 #1173
      a= 7.04- 7.09 b= 7.85- 7.91 c=14.42-14.47 alpha= 90.00- 90.00 beta= 91.37- 91.44 gamma= 90.00- 90.00 V=797.49-810.88level=6, indexed=1(1175 sol.)
      a=0.14200-0.14114 b=0.12731-0.12645 c=0.06938-0.06912 alpha=0.02394-0.02514 beta=0.00000-0.00000 gamma=0.00000-0.00000level=6, indexed=1(1175 sol.)
 Solution ? a=  7.051 b=  7.899 c= 14.403 alpha= 90.000 beta= 91.847 gamma= 90.000 V=  801.80 score= 48.46 #1175
      a= 7.04- 7.09 b= 7.80- 7.85 c=14.42-14.47 alpha= 90.00- 90.00 beta= 91.51- 91.58 gamma= 90.00- 90.00 V=792.16-805.43level=6, indexed=1(1180 sol.)
      a=0.14200-0.14114 b=0.12818-0.12731 c=0.06938-0.06912 alpha=0.02633-0.02753 beta=0.00000-0.00000 gamma=0.00000-0.00000level=6, indexed=1(1180 sol.)
 Solution ? a=  7.051 b=  7.899 c= 14.403 alpha= 90.000 beta= 91.847 gamma= 90.000 V=  801.80 score= 48.46 #1180
      a= 7.04- 7.09 b= 7.85- 7.91 c=14.42-14.47 alpha= 90.00- 90.00 beta= 91.65- 91.71 gamma= 90.00- 90.00 V=797.59-810.99level=6, indexed=1(1192 sol.)
      a=0.14200-0.14114 b=0.12731-0.12645 c=0.06938-0.06912 alpha=0.02873-0.02992 beta=0.00000-0.00000 gamma=0.00000-0.00000level=6, indexed=1(1192 sol.)
 Solution ? a=  7.051 b=  7.899 c= 14.403 alpha= 90.000 beta= 91.847 gamma= 90.000 V=  801.80 score= 48.47 #1192
      a= 7.04- 7.09 b= 7.85- 7.91 c=14.37-14.42 alpha= 90.00- 90.00 beta= 91.58- 91.65 gamma= 90.00- 90.00 V=794.63-807.96level=6, indexed=1(1211 sol.)
      a=0.14200-0.14114 b=0.12731-0.12645 c=0.06963-0.06938 alpha=0.02753-0.02873 beta=0.00000-0.00000 gamma=0.00000-0.00000level=6, indexed=1(1211 sol.)
 Solution ? a=  7.051 b=  7.899 c= 14.403 alpha= 90.000 beta= 91.847 gamma= 90.000 V=  801.80 score= 48.47 #1211
2820 solutions ! Redparing...
CellExplorer::ReduceSolutions(): update threshold for report from 8 to 9.69306
CellExplorer::ReduceSolutions(): update threshold for report from 9.69306 to 10.6021
-> 100 remaining
1274 solutions ! Redparing...
CellExplorer::ReduceSolutions(): update threshold for report from 10.6021 to 16.3742
-> 100 remaining
Finished: V=637.51->1025.02 A^3, 4474284 unit cells tested, 150104 tests/s,   Elapsed time=29.808s
Starting: V=1025.02->1412.53
4471 solutions ! Redparing...
CellExplorer::ReduceSolutions(): update threshold for report from 16.3742 to 19.3599
-> 100 remaining
1380 solutions ! Redparing...
CellExplorer::ReduceSolutions(): update threshold for report from 19.3599 to 20.4596
-> 100 remaining
