X7e382cb CUBIC F 0 peaks [2.81427, 5.64669, 7.74083, 8.28811, 8.68868, 11.31925, 11.7493, 12.12244, 12.69069, 13.37346, 13.83107, 14.15203, 14.45814, 14.98562, 15.51435, 18.76215, 19.17249, 19.82779, 21.84252] V 1559.5577392578125 3600 Lmax 42.91332821403896
3->42.9133,1.59654,24.9999
1.5708->2.44346,0.0766052,0.766044,11.3917
1559.56->3600,408.097,4.9999
Starting: V=1559.56->1967.65
42.9133,3,1.5966
Finished: V=1559.56->1967.65 A^3, 1 unit cells tested, 14285.7 tests/s,   Elapsed time=7.5e-05s
Starting: V=1967.65->2375.75
42.9133,3,1.5966
Finished: V=1967.65->2375.75 A^3, 3 unit cells tested, 20547.9 tests/s,   Elapsed time=0.000151s
Starting: V=2375.75->2783.85
42.9133,3,1.5966
Finished: V=2375.75->2783.85 A^3, 4 unit cells tested, 19047.6 tests/s,   Elapsed time=0.000216s
Starting: V=2783.85->3191.94
42.9133,3,1.5966
Finished: V=2783.85->3191.94 A^3, 6 unit cells tested, 20979 tests/s,   Elapsed time=0.000292s
Starting: V=3191.94->3600
42.9133,3,1.5966
Finished: V=3191.94->3600 A^3, 7 unit cells tested, 19886.4 tests/s,   Elapsed time=0.000357s
DONE X7e382cb CUBIC F 0 0.00046634674072265625 []
