START 0.06994335570932135 3191.563530125632
Imported powder pattern: 3705 points, 2theta=  2.007 ->  32.957, step= 0.008
EXTENDED 0.4 3705 Rw 0.06594121538776782
WITH_H 0.06560767630646451 73498.27393428984
Imported powder pattern: 3705 points, 2theta=  2.007 ->  32.957, step= 0.008
SCALED_SIGMA 4.453941041984766 3705.0000000000064
TIGHT_RESTRAINTS
FLEXIBLE_RINGS
AROMATIC_PLANARITY 0
LSQ_PACKING 20 atoms 519 terms sigma 0.008 cost 536.9147772539295
EXTENDED_BACKGROUND 0.06250250592494822
CYCLE 0 0 Rw 0.06412201357929541 chi2 3539.103009508865 geom 9.250619615164188 LSQ 3638.986019526781
CYCLE 0 1 Rw 0.0636292023152195 chi2 3484.9123335772206 geom 9.250619615164188 LSQ 3610.6806809303466
CYCLE 0 2 Rw 0.06267706879762244 chi2 3381.397719455603 geom 9.250619615164188 LSQ 3512.3898534385253
PACKING_STAGE 0 71.91997035748686
CYCLE 1 0 Rw 0.0618838244334787 chi2 3296.349033278564 geom 23.63677292761063 LSQ 3413.0290015309365
CYCLE 1 1 Rw 0.061692919094070806 chi2 3276.042596571331 geom 6.797640982139721 LSQ 3360.7945671820207
CYCLE 1 2 Rw 0.06134628259539734 chi2 3239.331556069011 geom 6.256334818547181 LSQ 3329.693552681546
PACKING_STAGE 1 30.703631269802045
CYCLE 2 0 Rw 0.061444611280290426 chi2 3249.724181900058 geom 4.541277523585697 LSQ 3327.1825683260613
CYCLE 2 1 Rw 0.0613863484494987 chi2 3243.564215733455 geom 4.588314314636087 LSQ 3318.6528839209286
CYCLE 2 2 Rw 0.060965854073225925 chi2 3199.2798036346326 geom 4.802646839369129 LSQ 3274.2744501323587
PACKING_STAGE 2 19.86339481064656
CYCLE 3 0 Rw 0.06005239079016 chi2 3104.127162937029 geom 5.263478552863883 LSQ 3177.983533135909
CYCLE 3 1 Rw 0.05988193389490201 chi2 3086.5302304472402 geom 5.131431085538549 LSQ 3159.2159504136234
CYCLE 3 2 Rw 0.059852253892207774 chi2 3083.4713605291854 geom 5.002849356441322 LSQ 3153.69528685235
PACKING_STAGE 3 16.02147003385265
FINISHED X7e382cb 0.059852253892207774
