START 0.08266880134861526 98665.59576776384
ObjRegistry<T>::Find(H): Not found !!
List of Crystal ScatteringPowers :3 object registered:
#  0:ScatteringPowerAtom(O)
#  1:ScatteringPowerAtom(C)
#  2:ScatteringPowerAtom(ion_N)
WITH_H 0.0832156062011559 99975.14065366948
Imported powder pattern: 2900 points, 2theta=  2.007 ->  26.231, step= 0.008
SCALED_SIGMA 5.871472254239121 2900.0000000000027
TIGHT_RESTRAINTS
FLEXIBLE_RINGS
AROMATIC_PLANARITY 0
CYCLE 0 0 Rw 0.08070266136723721 chi2 2727.4961685402654 geom 0.0 LSQ 2793.6933671308398
CYCLE 0 1 Rw 0.07892414551963342 chi2 2608.6043414902156 geom 0.0 LSQ 2608.9823686511386
CYCLE 0 2 Rw 0.07778194352383326 chi2 2533.6464740977385 geom 0.0 LSQ 2552.2297003642952
CYCLE 1 0 Rw 0.07672176309012482 chi2 2465.0491581643914 geom 0.00542004401270864 LSQ 2471.96853621495
CYCLE 1 1 Rw 0.07600576765224386 chi2 2419.254373544899 geom 0.0 LSQ 2434.5898088491576
CYCLE 1 2 Rw 0.07528230948934739 chi2 2373.4183894856806 geom 0.0003178657251103802 LSQ 2384.94144314104
CYCLE 2 0 Rw 0.07341891274671089 chi2 2257.3782330582967 geom 0.030484992665035623 LSQ 2283.747836361674
CYCLE 2 1 Rw 0.07299896942012749 chi2 2231.628469807235 geom 0.04736619420403609 LSQ 2258.049351029853
CYCLE 2 2 Rw 0.07271367611600511 chi2 2214.2193322242047 geom 0.04160389475153994 LSQ 2237.990667390715
CYCLE 3 0 Rw 0.07188063779265508 chi2 2163.7758996685384 geom 0.08997389864342578 LSQ 2193.477730038026
CYCLE 3 1 Rw 0.07148365615848852 chi2 2139.9417396498925 geom 0.08415069614896367 LSQ 2169.1567968017634
CYCLE 3 2 Rw 0.07043545310601168 chi2 2077.643649591874 geom 0.13444386296657754 LSQ 2111.9518313208823
FINISHED X7e382cb 0.07043545310601168
