START 0.05985238752694704 3083.4850475961784
Imported powder pattern: 3705 points, 2theta=  2.007 ->  32.957, step= 0.008
EXTENDED 0.4 3705 Rw 0.05985231813712701
WITH_H 0.05985231813694172 61168.77442611651
Imported powder pattern: 3705 points, 2theta=  2.007 ->  32.957, step= 0.008
SCALED_SIGMA 4.063224171556074 3705.0000000000114
TIGHT_RESTRAINTS
FLEXIBLE_RINGS
AROMATIC_PLANARITY 0
LSQ_PACKING 20 atoms 519 terms sigma 0.008 cost 16.013412744002416
CELL_BOUNDS .004 .25
EXTENDED_BACKGROUND 0.059743270820373444
CYCLE 0 0 Rw 0.05974394560036491 chi2 3691.595114406835 geom 5.001895124443498 LSQ 3761.64178868754
CYCLE 0 1 Rw 0.059675059289105256 chi2 3683.087013373445 geom 5.001895124443498 LSQ 3752.244771654084
CYCLE 0 2 Rw 0.05950107490558621 chi2 3661.642024594057 geom 5.001895124443498 LSQ 3730.9213259523103
PACKING_STAGE 0 15.230726411533128
CYCLE 1 0 Rw 0.05942988566030648 chi2 3652.8854232928284 geom 5.048994756511361 LSQ 3723.063749087609
CYCLE 1 1 Rw 0.05940919379303691 chi2 3650.3421957174396 geom 5.229182073866531 LSQ 3722.372351752978
CYCLE 1 2 Rw 0.05937274639741319 chi2 3645.8646175466874 geom 5.274665274827826 LSQ 3718.1677556996597
PACKING_STAGE 1 16.575214481024375
CYCLE 2 0 Rw 0.05935501559291057 chi2 3643.687374141644 geom 5.320562723009752 LSQ 3716.439148162651
CYCLE 2 1 Rw 0.059335206269206145 chi2 3641.255669345203 geom 5.536720036823343 LSQ 3715.368254651742
CYCLE 2 2 Rw 0.059310205646333616 chi2 3638.1878623151993 geom 5.573333252191881 LSQ 3712.34400447808
PACKING_STAGE 2 17.144710471481595
CYCLE 3 0 Rw 0.05921782383006518 chi2 3626.8629767662237 geom 5.875934241222522 LSQ 3697.1540575026806
CYCLE 3 1 Rw 0.059169392160864705 chi2 3620.9328973986962 geom 5.6317130089728895 LSQ 3689.1169791407597
CYCLE 3 2 Rw 0.05914277320061181 chi2 3617.6756799576183 geom 6.101216455122223 LSQ 3684.977036465229
PACKING_STAGE 3 10.244147730985295
FINISHED X7e382cb 0.05914277320061181
