START 0.05157332326696353 3391.080511597142
Imported powder pattern: 3705 points, 2theta=  2.007 ->  32.957, step= 0.008
EXTENDED 0.4 3705 Rw 0.050398242295061464
WITH_H 0.05010171780359201 42862.06204712675
Imported powder pattern: 3705 points, 2theta=  2.007 ->  32.957, step= 0.008
SCALED_SIGMA 3.401280303801417 3705.000000000005
TIGHT_RESTRAINTS
FLEXIBLE_RINGS
AROMATIC_PLANARITY 0
LSQ_PACKING 40 atoms 638 terms sigma 0.01 cost 60.677542645196276
EXTENDED_BACKGROUND 0.04951475258588216
CYCLE 0 0 Rw 0.04958712641624544 chi2 3629.283234481708 geom 9.804207911868918 LSQ 3756.930944999213
CYCLE 0 1 Rw 0.04908651317372989 chi2 3556.373341546787 geom 9.804207911868918 LSQ 3682.7313312818637
CYCLE 0 2 Rw 0.048916374406635404 chi2 3531.7625754553105 geom 9.804207911868918 LSQ 3656.8857505328633
PACKING_STAGE 0 31.83003179677634
CYCLE 1 0 Rw 0.04880493841963853 chi2 3515.6895461635672 geom 13.026681270799834 LSQ 3651.9266173829997
CYCLE 1 1 Rw 0.04841439989191607 chi2 3459.6493657293627 geom 13.232744096947206 LSQ 3594.1247260039904
CYCLE 1 2 Rw 0.04834818419683977 chi2 3450.192409488177 geom 13.443696853938313 LSQ 3584.9247731199775
PACKING_STAGE 1 23.39221675992577
CYCLE 2 0 Rw 0.04828122938299241 chi2 3440.6430524755783 geom 13.651775228629237 LSQ 3575.9411311178333
CYCLE 2 1 Rw 0.04824075675293048 chi2 3434.877105336576 geom 13.846716203231573 LSQ 3570.698988853555
CYCLE 2 2 Rw 0.04820583918354434 chi2 3429.9064472791974 geom 14.038869985227485 LSQ 3566.210606809015
PACKING_STAGE 2 22.380587930017448
CYCLE 3 0 Rw 0.04817210093744017 chi2 3425.1070895605776 geom 14.649468266270802 LSQ 3563.7784639156894
CYCLE 3 1 Rw 0.04802755579066512 chi2 3404.583183597139 geom 14.781403458519494 LSQ 3541.86353415208
CYCLE 3 2 Rw 0.047938637713328465 chi2 3391.9883825479665 geom 14.915091060754166 LSQ 3529.095243989555
PACKING_STAGE 3 20.271265218208036
FINISHED X7e382cb 0.047938637713328465
