START 0.07695884352258878 2480.3072131729773
Imported powder pattern: 3503 points, 2theta=  2.007 ->  31.270, step= 0.008
EXTENDED 0.38 3503 Rw 0.07318538465248803
WITH_H 0.07318527702571945 87961.98297131924
Imported powder pattern: 3503 points, 2theta=  2.007 ->  31.270, step= 0.008
SCALED_SIGMA 5.011035010160792 3503.0000000000055
TIGHT_RESTRAINTS
FLEXIBLE_RINGS
AROMATIC_PLANARITY 0
LSQ_PACKING 40 atoms 638 terms sigma 0.01 cost 331.3798366424264
EXTENDED_BACKGROUND 0.06070906833645028
CYCLE 0 0 Rw 0.060664230028873015 chi2 2406.9001536514006 geom 18.529294423039275 LSQ 2737.025720233606
CYCLE 0 1 Rw 0.060322746871117654 chi2 2379.879203949067 geom 18.529294423039275 LSQ 2612.184134272063
CYCLE 0 2 Rw 0.06011729387867294 chi2 2363.695569502197 geom 18.529294423039275 LSQ 2549.3182516810903
PACKING_STAGE 0 54.21278697119303
CYCLE 1 0 Rw 0.060007140485848376 chi2 2355.0414691049878 geom 17.599854797153853 LSQ 2542.6207324276193
CYCLE 1 1 Rw 0.059638148121191135 chi2 2326.167553920686 geom 8.55689933731616 LSQ 2487.945372924719
CYCLE 1 2 Rw 0.05940886763313099 chi2 2308.315906293752 geom 6.890230582900917 LSQ 2414.2596659974015
PACKING_STAGE 1 23.52750238663466
CYCLE 2 0 Rw 0.05939991137162924 chi2 2307.61997239197 geom 6.0581712996756325 LSQ 2394.470141641448
CYCLE 2 1 Rw 0.05937725170068744 chi2 2305.8597025754084 geom 5.721489843047611 LSQ 2388.735286624028
CYCLE 2 2 Rw 0.05933631902779697 chi2 2302.6816347019967 geom 5.405871161534524 LSQ 2383.570644733814
PACKING_STAGE 2 3.6964068824833456
CYCLE 3 0 Rw 0.05892898553548892 chi2 2271.175134012897 geom 5.103702039748457 LSQ 2349.125800845779
CYCLE 3 1 Rw 0.05873541741059713 chi2 2256.279066443634 geom 4.8071035308425545 LSQ 2333.128210966778
CYCLE 3 2 Rw 0.05860661356792875 chi2 2246.3941019048025 geom 4.531022804198338 LSQ 2320.774289206298
PACKING_STAGE 3 3.117343899849672
FINISHED X7e382cb 0.05860661356792875
