START 0.08266880134861526 98665.59576776384
ObjRegistry<T>::Find(H): Not found !!
List of Crystal ScatteringPowers :3 object registered:
#  0:ScatteringPowerAtom(O)
#  1:ScatteringPowerAtom(C)
#  2:ScatteringPowerAtom(ion_N)
WITH_H 0.0832156062011559 99975.14065366948
Imported powder pattern: 2900 points, 2theta=  2.007 ->  26.231, step= 0.008
SCALED_SIGMA 5.871472254239121 2900.0000000000027
TIGHT_RESTRAINTS
FLEXIBLE_RINGS
AROMATIC_PLANARITY 0
LSQ_PACKING 20 atoms 519 terms sigma 0.03 cost 42.800131517096666
CYCLE 0 0 Rw 0.08134807538041053 chi2 2771.296544251077 geom 0.0 LSQ 2943.0031824456173
CYCLE 0 1 Rw 0.0811668219084524 chi2 2758.9607264153774 geom 0.0 LSQ 2861.6897618093417
CYCLE 0 2 Rw 0.08095447697989272 chi2 2744.5438756412495 geom 0.0 LSQ 2819.9736195256146
PACKING_STAGE 0 75.3409345280557
CYCLE 1 0 Rw 0.07935434710572684 chi2 2637.119930603288 geom 22.7344176017265 LSQ 2749.6821753359777
CYCLE 1 1 Rw 0.07818724327578343 chi2 2560.119499793138 geom 5.080046031965091 LSQ 2657.7996786451745
CYCLE 1 2 Rw 0.07771429892762208 chi2 2529.241519434232 geom 5.4338808483627385 LSQ 2630.4034340846038
PACKING_STAGE 1 40.28547388809797
CYCLE 2 0 Rw 0.0765689529939643 chi2 2455.239444353483 geom 8.447116783015334 LSQ 2576.1532423518975
CYCLE 2 1 Rw 0.07617833431873193 chi2 2430.252396736258 geom 11.280457713788172 LSQ 2565.0941910361043
CYCLE 2 2 Rw 0.07596491889043665 chi2 2416.6546500581026 geom 10.921583256375431 LSQ 2545.461029871264
PACKING_STAGE 2 48.146398232087115
CYCLE 3 0 Rw 0.07550179251861289 chi2 2387.277805624171 geom 10.0469004662225 LSQ 2510.0635948418662
CYCLE 3 1 Rw 0.07534759464591136 chi2 2377.5366525525546 geom 9.22935112548168 LSQ 2497.5327994238987
CYCLE 3 2 Rw 0.07474245645768131 chi2 2339.50064704967 geom 9.268411813687598 LSQ 2459.6146296964102
PACKING_STAGE 3 46.39829905757982
FINISHED X7e382cb 0.07474245645768131
