START 0.06075794096609737 2414.3422042912043
Imported powder pattern: 3705 points, 2theta=  2.007 ->  32.957, step= 0.008
EXTENDED 0.4 3705 Rw 0.06068467489903351
WITH_H 0.06064607806453744 62801.970263610434
Imported powder pattern: 3705 points, 2theta=  2.007 ->  32.957, step= 0.008
SCALED_SIGMA 4.117110547633293 3705.0
TIGHT_RESTRAINTS
FLEXIBLE_RINGS
AROMATIC_PLANARITY 0
LSQ_PACKING 40 atoms 638 terms sigma 0.01 cost 53.202226994826596
EXTENDED_BACKGROUND 0.058973965231858244
CYCLE 0 0 Rw 0.05794256010252901 chi2 3382.035258632861 geom 4.5300192683287435 LSQ 3524.6380276486275
CYCLE 0 1 Rw 0.057744763846618405 chi2 3358.984426242844 geom 4.5300192683287435 LSQ 3448.5325702843757
CYCLE 0 2 Rw 0.05755587007771107 chi2 3337.044654845975 geom 4.5300192683287435 LSQ 3436.590219706165
PACKING_STAGE 0 32.50471113565795
CYCLE 1 0 Rw 0.05722236563912093 chi2 3298.4840414108794 geom 6.087345000719515 LSQ 3398.1205355075995
CYCLE 1 1 Rw 0.05666425016431437 chi2 3234.454627984976 geom 8.852711465489492 LSQ 3336.553793836945
CYCLE 1 2 Rw 0.05636755545590205 chi2 3200.6720150691885 geom 9.411370389805302 LSQ 3304.983792830692
PACKING_STAGE 1 11.671763680251
CYCLE 2 0 Rw 0.0563380938754747 chi2 3197.327104607712 geom 9.485253263981003 LSQ 3302.292035897041
CYCLE 2 1 Rw 0.056313511193315235 chi2 3194.5374565181846 geom 9.555215265303206 LSQ 3299.7700956846697
CYCLE 2 2 Rw 0.05628924870840553 chi2 3191.78533830405 geom 9.621075096055531 LSQ 3297.328642272165
PACKING_STAGE 2 11.752640794058948
CYCLE 3 0 Rw 0.05619474552385537 chi2 3181.0770527446007 geom 9.91977032890547 LSQ 3289.5737726978896
CYCLE 3 1 Rw 0.05613002877699666 chi2 3173.754289314526 geom 10.09937772743627 LSQ 3282.285785625284
CYCLE 3 2 Rw 0.0560384533362169 chi2 3163.4068561060253 geom 10.108311373070348 LSQ 3271.968705703922
PACKING_STAGE 3 10.880214316362673
FINISHED X7e382cb 0.0560384533362169
