START 0.08355623833324229 100795.28596392025
Imported powder pattern: 3705 points, 2theta=  2.007 ->  32.957, step= 0.008
EXTENDED 0.4 3705 Rw 0.07536299748835028
WITH_H 0.07535964092037367 96971.80255299734
Imported powder pattern: 3705 points, 2theta=  2.007 ->  32.957, step= 0.008
SCALED_SIGMA 5.1159775273341666 3705.0000000000105
TIGHT_RESTRAINTS
FLEXIBLE_RINGS
AROMATIC_PLANARITY 0
LSQ_PACKING 20 atoms 519 terms sigma 0.01 cost 344.5926242586917
EXTENDED_BACKGROUND 0.06356016455441871
CYCLE 0 0 Rw 0.06542943672091545 chi2 2792.9099576807307 geom 0.0 LSQ 2871.3834218190837
CYCLE 0 1 Rw 0.0655158081181231 chi2 2800.288494497205 geom 0.0 LSQ 2859.6480253001155
CYCLE 0 2 Rw 0.06421397175963724 chi2 2690.107509829978 geom 0.0 LSQ 2734.7350233741668
PACKING_STAGE 0 40.57531671944013
CYCLE 1 0 Rw 0.06262474982533393 chi2 2558.6010828811686 geom 2.360050470374274 LSQ 2649.5638918121094
CYCLE 1 1 Rw 0.06196870954218676 chi2 2505.275412591069 geom 0.707443464602813 LSQ 2590.7899562367747
CYCLE 1 2 Rw 0.060884425569200935 chi2 2418.371395150996 geom 2.14605653638667 LSQ 2466.5678974408193
PACKING_STAGE 1 7.746363080363335
CYCLE 2 0 Rw 0.05968881202023594 chi2 2324.322797987011 geom 4.107837073290744 LSQ 2425.2995822454427
CYCLE 2 1 Rw 0.059542385627002294 chi2 2312.932899778603 geom 3.4167554758445395 LSQ 2386.741554744864
CYCLE 2 2 Rw 0.059497169334829 chi2 2309.421366306634 geom 3.1362011621770867 LSQ 2370.2127827323106
PACKING_STAGE 2 12.071801768433398
CYCLE 3 0 Rw 0.05925620238616455 chi2 2290.7526696519003 geom 2.5152323422936043 LSQ 2348.337457240847
CYCLE 3 1 Rw 0.05845281795346029 chi2 2229.058556061014 geom 3.8641388136880535 LSQ 2311.0052866632896
CYCLE 3 2 Rw 0.057651337099127495 chi2 2168.349778753847 geom 3.143701517529635 LSQ 2213.608406363649
PACKING_STAGE 3 4.856842564150556
FINISHED X7e382cb 0.057651337099127495
