ObjRegistry<T>::Find(ion_C): Not found !!
List of Crystal ScatteringPowers :0 object registered:
LEBAIL_RW 0.0349046370636744
EXACT_PAWLEY nref 169 rank 159 cond 678.8512065931548 chi2 14383.732396127314 netRwp 0.16434835026190112
TWO_CENTRES [6.95088005065918, 6.971439838409424, 15.760000228881836, 65.62010192871094, 82.98049926757812, 67.39070129394531] Nref 169 Nparticle 192
BATCH 0 best 197.3004913330078 diffraction 178.7236328125 p25 514.7010498046875 seconds 47.60124349594116 centre [0.  0.5 0.5]
BATCH 1 best 196.6064453125 diffraction 184.9296875 p25 443.92193603515625 seconds 109.55877017974854 centre [0.  0.5 0.5]
BATCH 2 best 196.606201171875 diffraction 184.92950439453125 p25 464.58599853515625 seconds 172.60234594345093 centre [0.  0.5 0.5]
BATCH 3 best 196.60629272460938 diffraction 184.92962646484375 p25 436.03271484375 seconds 235.1004741191864 centre [0.  0.5 0.5]
BATCH 4 best 196.6062469482422 diffraction 184.929443359375 p25 434.4493103027344 seconds 297.19496965408325 centre [0.  0.5 0.5]
BATCH 5 best 164.8101806640625 diffraction 156.396484375 p25 498.6982421875 seconds 349.065123796463 centre [0.  0.5 0.5]
BATCH 6 best 164.80992126464844 diffraction 156.39532470703125 p25 428.84368896484375 seconds 408.1730511188507 centre [0.  0.5 0.5]
BATCH 7 best 155.0325927734375 diffraction 146.5526123046875 p25 453.666259765625 seconds 475.66691637039185 centre [0.  0.5 0.5]
BATCH 8 best 155.0325164794922 diffraction 146.55255126953125 p25 464.62847900390625 seconds 538.3997128009796 centre [0.  0.5 0.5]
BATCH 9 best 155.0325164794922 diffraction 146.552490234375 p25 437.2877197265625 seconds 601.2653486728668 centre [0.  0.5 0.5]
BATCH 10 best 241.47352600097656 diffraction 230.96832275390625 p25 486.0748596191406 seconds 677.5586700439453 centre [0.  0.5 0.5]
BATCH 11 best 155.03265380859375 diffraction 146.55267333984375 p25 445.56927490234375 seconds 728.1047239303589 centre [0.  0.5 0.5]
BATCH 12 best 155.0325164794922 diffraction 146.55255126953125 p25 443.9252624511719 seconds 779.9874613285065 centre [0.  0.5 0.5]
BATCH 13 best 155.03260803222656 diffraction 146.55096435546875 p25 417.85211181640625 seconds 834.6184883117676 centre [0.  0.5 0.5]
BATCH 14 best 155.03245544433594 diffraction 146.55242919921875 p25 453.1072692871094 seconds 897.3774268627167 centre [0.  0.5 0.5]
BATCH 15 best 155.50880432128906 diffraction 144.99151611328125 p25 527.4254150390625 seconds 947.404007434845 centre [0.  0.5 0.5]
BATCH 16 best 155.03250122070312 diffraction 146.55255126953125 p25 428.306884765625 seconds 990.4656229019165 centre [0.  0.5 0.5]
