ObjRegistry<T>::Find(ion_C): Not found !!
List of Crystal ScatteringPowers :4 object registered:
#  0:ScatteringPowerAtom(O)
#  1:ScatteringPowerAtom(C)
#  2:ScatteringPowerAtom(ion_N)
#  3:ScatteringPowerAtom(H)
EXACT_PAWLEY nref 259 rank 223 cond 948.035442267355 chi2 781.5658929738678 netRwp 0.18555290581802095
ZM O=C([O-])c1ccc(-c2ccc(C(=O)[O-])cc2)cc1 n 18 torsions 3 max_distance_error 5.849079887099151e-09
ZM [NH4+] n 1 torsions 0 max_distance_error 0.0
ZM [NH4+] n 1 torsions 0 max_distance_error 0.0
ZM O=C([O-])c1ccc(-c2ccc(C(=O)[O-])cc2)cc1 n 18 torsions 3 max_distance_error 1.1489627027572169e-08
ZM [NH4+] n 1 torsions 0 max_distance_error 0.0
ZM [NH4+] n 1 torsions 0 max_distance_error 0.0
Total degrees of freedom: 32
Total external degrees of freedom: 26 (pos: 18 rot: 8 )
Total internal degrees of freedom: 6
PREPARED X7e382cb Nref 259 PawleyRw 0.039169059303758615 SG P 1
/opt/conda/lib/python3.11/site-packages/gallop/zm_to_cart.py:210: UserWarning: Using torch.cross without specifying the dim arg is deprecated.
Please either pass the dim explicitly or simply use torch.linalg.cross.
The default value of dim will change to agree with that of linalg.cross in a future release. (Triggered internally at /home/conda/feedstock_root/build_artifacts/libtorch_1786372131199/work/aten/src/ATen/native/Cross.cpp:63.)
  cart_coords = zm_to_cart(internal[:,torsion[i]], initial_D2[i],
RESTART_ERROR max/rms 1.8848834746856212e-06 9.917095521688208e-07
WARM_READY /app/work/X7e382cb/gallop_41
