ObjRegistry<T>::Find(ion_C): Not found !!
List of Crystal ScatteringPowers :5 object registered:
#  0:ScatteringPowerAtom(O)
#  1:ScatteringPowerAtom(C)
#  2:ScatteringPowerAtom(ion_N)
#  3:ScatteringPowerAtom(H)
#  4:ScatteringPowerAtom(ammonium_N)
EXACT_PAWLEY nref 259 rank 221 cond 880.6268568964274 chi2 1038.1512904855435 netRwp 0.14923596385803756
ZM O=C([O-])c1ccc(-c2ccc(C(=O)[O-])cc2)cc1 n 18 torsions 3 max_distance_error 1.0557039686887038e-08
ZM [NH4+] n 1 torsions 0 max_distance_error 0.0
ZM [NH4+] n 1 torsions 0 max_distance_error 0.0
ZM O=C([O-])c1ccc(-c2ccc(C(=O)[O-])cc2)cc1 n 18 torsions 3 max_distance_error 1.0784039439215576e-08
ZM [NH4+] n 1 torsions 0 max_distance_error 0.0
ZM [NH4+] n 1 torsions 0 max_distance_error 0.0
Total degrees of freedom: 32
Total external degrees of freedom: 26 (pos: 18 rot: 8 )
Total internal degrees of freedom: 6
PREPARED X7e382cb Nref 259 PawleyRw 0.032759552484898855 SG P 1
/opt/conda/lib/python3.11/site-packages/gallop/zm_to_cart.py:210: UserWarning: Using torch.cross without specifying the dim arg is deprecated.
Please either pass the dim explicitly or simply use torch.linalg.cross.
The default value of dim will change to agree with that of linalg.cross in a future release. (Triggered internally at /home/conda/feedstock_root/build_artifacts/libtorch_1786372131199/work/aten/src/ATen/native/Cross.cpp:63.)
  cart_coords = zm_to_cart(internal[:,torsion[i]], initial_D2[i],
RESTART_ERROR max/rms 2.171942436283809e-06 9.349744798517024e-07
WARM_READY /app/work/X7e382cb/gallop_84
