X9af54a2 CUBIC F 0 peaks [0.539, 0.556, 0.59975, 0.65267, 0.79468, 1.6309, 3.26451, 3.35531, 3.64098, 4.07311, 4.61049, 4.89791, 5.19448, 5.22115, 5.36935, 5.88179, 6.00152, 6.13077, 6.27753, 6.40867, 6.50884, 6.53222] V 20600.287109375 22660.315820312502 Lmax 60
3->60,2.28001,24.9999
1.5708->2.44346,0.0766052,0.766044,11.3917
20600.3->22660.3,412.014,4.9999
Starting: V=20600.3->21012.3
60,3,2.28009
Finished: V=20600.3->21012.3 A^3, 1 unit cells tested, 16666.7 tests/s,   Elapsed time=6.6e-05s
Starting: V=21012.3->21424.3
60,3,2.28009
Finished: V=21012.3->21424.3 A^3, 2 unit cells tested, 16260.2 tests/s,   Elapsed time=0.000129s
Starting: V=21424.3->21836.3
60,3,2.28009
Finished: V=21424.3->21836.3 A^3, 3 unit cells tested, 15706.8 tests/s,   Elapsed time=0.000196s
Starting: V=21836.3->22248.3
60,3,2.28009
Finished: V=21836.3->22248.3 A^3, 5 unit cells tested, 19157.1 tests/s,   Elapsed time=0.000266s
Starting: V=22248.3->22660.3
60,3,2.28009
Finished: V=22248.3->22660.3 A^3, 6 unit cells tested, 18575.9 tests/s,   Elapsed time=0.000328s
DONE X9af54a2 CUBIC F 0 0.0004341602325439453 []
