START 0.3267889811251925 13054.3670055523
Imported powder pattern: 10067 points, 2theta=  1.480 ->  21.611, step= 0.002
EXTENDED 0.4 10067 Rw 0.32014776908063086
WITH_H 0.31898457759832627 217256.01307075124
Imported powder pattern: 10066 points, 2theta=  1.480 ->  21.610, step= 0.002
SCALED_SIGMA 4.645767159530421 10065.999999999993
TIGHT_RESTRAINTS
FLEXIBLE_RINGS
AROMATIC_PLANARITY 0
LSQ_PACKING 38 atoms 2015 terms sigma 0.01 cost 397.95628370839677
EXTENDED_BACKGROUND 0.3011329126008283
CYCLE 0 0 Rw 0.30144721773777694 chi2 8989.594734559996 geom 466.7683736449746 LSQ 10289.311408818925
CYCLE 0 1 Rw 0.301367545998226 chi2 8984.843508069338 geom 466.7683736449746 LSQ 10283.24644120628
CYCLE 0 2 Rw 0.3013600515288083 chi2 8984.396639794937 geom 466.7683736449746 LSQ 10282.635642614725
PACKING_STAGE 0 295.11945913553257
CYCLE 1 0 Rw 0.302135920300743 chi2 9030.71788245752 geom 329.08171253893215 LSQ 10046.683649175298
CYCLE 1 1 Rw 0.30189765362125576 chi2 9016.480113376116 geom 324.58947829771586 LSQ 9998.254563373048
CYCLE 1 2 Rw 0.30139352330280084 chi2 8986.39252739055 geom 281.55031793399996 LSQ 9901.195691252873
PACKING_STAGE 1 237.18431113039537
CYCLE 2 0 Rw 0.29914984456816524 chi2 8853.094844306439 geom 248.76007210625824 LSQ 9761.007914552594
CYCLE 2 1 Rw 0.2984354212277643 chi2 8810.859788794258 geom 232.20744815013973 LSQ 9628.796413527998
CYCLE 2 2 Rw 0.2976945829537815 chi2 8767.169798704259 geom 236.3485512906659 LSQ 9579.612828524329
PACKING_STAGE 2 184.01961593617233
CYCLE 3 0 Rw 0.2967269224935558 chi2 8710.266811915288 geom 231.09550907867506 LSQ 9511.714821710888
CYCLE 3 1 Rw 0.2956176117457978 chi2 8645.262051792199 geom 226.637733209269 LSQ 9442.412272250984
CYCLE 3 2 Rw 0.29533114247120956 chi2 8628.514727746642 geom 225.39015746665066 LSQ 9419.109983121507
PACKING_STAGE 3 174.32705725143333
FINISHED X9af54a2 0.29533114247120956
