N.B. Configuration file /root/.GSASII/config.ini does not exist
======================================================================
Module pyspg in '/opt/g2/GSAS-II/GSASII-bin/linux_64_p3.13_n2.2' could not be loaded
error msg: /lib/x86_64-linux-gnu/libm.so.6: version `GLIBC_2.38' not found (required by /opt/g2/GSAS-II/GSASII-bin/linux_64_p3.13_n2.2/pyspg.cpython-313-x86_64-linux-gnu.so)
======================================================================
*** ERROR: Unable to find GSAS-II binaries. Much of GSAS-II cannot function
binary load error: pyspg not found
pypowder is not available - profile calcs. not allowed
pydiffax is not available for this platform
pypowder is not available - profile calcs. not allowed
peaks used: [np.float64(4.297), np.float64(7.53), np.float64(8.263), np.float64(9.09), np.float64(10.827), np.float64(12.069), np.float64(12.954), np.float64(14.284), np.float64(15.311), np.float64(15.723), np.float64(16.614), np.float64(17.703), np.float64(18.374), np.float64(19.161), np.float64(20.75), np.float64(21.079), np.float64(22.061), np.float64(22.797), np.float64(23.655), np.float64(24.343)]
lattice parameter range =     2.500  102.729
Zero = 0.0000 Nc/No max = 4  Max Nc = 80
cell search for  Monoclinic-C
      M20  X20  Nc       a          b          c        alpha       beta      gamma     volume      V-test
     2.100  13  10    9.27811   10.68335    8.12456     90.000    122.880     90.000     676.31     667.14 Monoclinic-C
     2.721  13  11   21.36219    6.56003    7.09896     90.000    114.308     90.000     906.63     833.16 Monoclinic-C
     3.417   1  29   31.72595    2.10805   10.56801     90.000    113.475     90.000     648.29     919.65 Monoclinic-C
     3.417   1  29   16.54031    1.97396   20.64055     90.000     94.501     90.000     671.83     942.65 Monoclinic-C
     3.417   1  29   16.54031    1.78204   20.64055     90.000     94.501     90.000     606.51     966.21 Monoclinic-C
     3.417   1  29   29.19015    1.88873   11.69576     90.000     94.501     90.000     642.83     990.37 Monoclinic-C
     3.417   1  29   29.19015    1.33554   11.69576     90.000     94.501     90.000     454.55     990.37 Monoclinic-C
     3.417   1  29   15.78309    2.16108   21.53317     90.000    107.139     90.000     701.85    1015.13 Monoclinic-C
     3.417   1  29   15.78309    2.01944   21.53317     90.000    107.139     90.000     655.85    1040.50 Monoclinic-C
     3.601   1  30   45.26067    3.77386   11.73310     90.000    114.629     90.000    1821.78    1066.52 Monoclinic-C
     3.417   1  29   16.54031    1.82019   20.64055     90.000     94.501     90.000     619.50    1093.18 Monoclinic-C
     3.417   1  29   15.78309    1.98326   21.53317     90.000    107.139     90.000     644.10    1120.51 Monoclinic-C
     3.417   1  29   15.78309    1.79772   21.53317     90.000    107.139     90.000     583.84    1148.52 Monoclinic-C
     3.417   1  29   15.78309    2.30669   21.53317     90.000    107.139     90.000     749.14    1177.23 Monoclinic-C
     3.417   1  29   13.41782    2.02273   20.61881     90.000     93.654     90.000     558.47    1206.67 Monoclinic-C
     5.495   0  36   49.77959    4.23355   11.74355     90.000    124.183     90.000    2047.34    1236.83 Monoclinic-C
     2.145   0  33   39.51551   24.61981    1.85084     90.000     90.430     90.000    1800.57    1267.75 Monoclinic-C
     2.145   0  33   39.51495   24.61981    1.30872     90.000     90.304     90.000    1273.18    1267.75 Monoclinic-C
     6.834   0  38   23.46435    4.38525   22.63651     90.000    114.631     90.000    2117.30    1299.45 Monoclinic-C
     6.834   0  38   23.46435    4.36587   22.63651     90.000    114.631     90.000    2107.94    1331.93 Monoclinic-C
     3.621   1  31   23.46593    3.77275   20.70726     90.000     96.349     90.000    1821.99    1365.23 Monoclinic-C
     3.417   1  29   15.78309    2.25185   21.53317     90.000    107.139     90.000     731.33    1399.36 Monoclinic-C
    11.952   0  43   41.29582    5.03765   11.75769     90.000     96.380     90.000    2430.85    1434.35 Monoclinic-C
     6.834   0  38   23.46435    4.38525   22.63651     90.000    114.631     90.000    2117.30    1470.20 Monoclinic-C
     9.445   0  42   49.60749    5.11798   20.62740     90.000    151.906     90.000    2466.27    1506.96 Monoclinic-C
    10.124   0  43   23.51544    5.12216   22.59235     90.000    114.790     90.000    2470.49    1544.63 Monoclinic-C
     6.834   0  38   23.46435    4.36587   22.63651     90.000    114.631     90.000    2107.94    1583.25 Monoclinic-C
     8.383   0  46   45.31611    5.58733   11.77619     90.000    114.983     90.000    2702.71    1622.83 Monoclinic-C
     5.495   0  36   41.42304    4.23355   11.74355     90.000     96.210     90.000    2047.34    1663.40 Monoclinic-C
    10.124   0  43   41.27481    5.12216   22.59235     90.000    148.853     90.000    2470.49    1704.99 Monoclinic-C
     7.844   0  48   23.48995    6.33557   24.80698     90.000    124.206     90.000    3053.21    1747.61 Monoclinic-C
     7.844   0  48   23.48995    6.33557   22.62714     90.000    114.948     90.000    3053.21    1747.61 Monoclinic-C
    11.952   0  43   49.74078    5.03765   11.75769     90.000    124.404     90.000    2430.85    1791.30 Monoclinic-C
     8.337   0  43   41.45722    4.99746   22.64528     90.000    148.939     90.000    2420.69    1836.08 Monoclinic-C
    10.910   0  45   23.52027    5.81128   20.64870     90.000     96.399     90.000    2804.74    1881.99 Monoclinic-C
    10.124   0  43   23.51544    5.12216   22.59235     90.000    114.790     90.000    2470.49    1929.04 Monoclinic-C
     8.125   0  49   41.27706    6.53610   22.64222     90.000    148.817     90.000    3162.87    1977.26 Monoclinic-C
     8.865   0  46   45.30399    5.61286   11.77890     90.000    114.999     90.000    2714.59    2026.69 Monoclinic-C
    10.215   0  43   45.21643    5.24241   20.65448     90.000    148.888     90.000    2529.84    2077.36 Monoclinic-C
     8.125   0  49   23.58346    6.53610   22.64222     90.000    115.011     90.000    3162.87    2129.29 Monoclinic-C
    11.712   0  46   45.22581    5.36500   11.76408     90.000    114.833     90.000    2590.47    2182.53 Monoclinic-C
    11.091   0  53   45.17622    7.70007   20.66440     90.000    148.891     90.000    3713.96    2237.09 Monoclinic-C
    10.910   0  45   23.52027    5.81128   20.64870     90.000     96.399     90.000    2804.74    2293.02 Monoclinic-C
    10.393   0  43   23.51654    5.36425   20.65539     90.000     96.357     90.000    2589.62    2350.34 Monoclinic-C
    13.516   0  67   41.26841   10.02121   11.78612     90.000     96.241     90.000    4845.37    2409.10 Monoclinic-C
     8.842   0  52   23.52948    7.14309   22.62311     90.000    114.793     90.000    3451.87    2469.33 Monoclinic-C
    11.828   0  57   45.18975    8.11681   11.76914     90.000    114.749     90.000    3920.38    2531.06 Monoclinic-C
    13.516   0  67   41.26841   10.02121   11.78612     90.000     96.241     90.000    4845.37    2594.34 Monoclinic-C
     9.216   0  47   23.55988    6.05526   22.63917     90.000    114.587     90.000    2936.89    2659.20 Monoclinic-C
     6.292   0  58   41.29191    7.85830   22.65482     90.000    148.864     90.000    3801.08    2725.68 Monoclinic-C
    11.828   0  57   45.18975    8.11681   11.76914     90.000    114.749     90.000    3920.38    2793.82 Monoclinic-C
    13.516   0  67   41.26841   10.02121   11.78612     90.000     96.241     90.000    4845.37    2863.66 Monoclinic-C
    13.219   0  73   41.23606   11.07015   11.79911     90.000     96.398     90.000    5352.62    2935.26 Monoclinic-C
Restart search, new Max Nc = 100
     3.417   1  29   17.55776    1.78790   14.26983     90.000    125.206     90.000     366.01     865.74 Monoclinic-C
     3.417   1  29   15.78309    1.88042   21.53317     90.000    107.139     90.000     610.70     932.30 Monoclinic-C
     3.417   1  29   16.54031    1.78245   20.64055     90.000     94.501     90.000     606.65     955.61 Monoclinic-C
     3.417   1  29   14.94542    2.15566   21.43634     90.000    106.279     90.000     662.93     979.50 Monoclinic-C
     3.417   1  29   31.72595    2.41831   10.56801     90.000    113.475     90.000     743.70    1003.99 Monoclinic-C
     3.417   1  29   18.96183    2.09916   14.65897     90.000    127.307     90.000     464.10    1029.09 Monoclinic-C
     3.417   1  29   15.78309    2.07275   21.53317     90.000    107.139     90.000     673.16    1054.82 Monoclinic-C
     3.417   1  29   15.78309    1.91861   21.53317     90.000    107.139     90.000     623.10    1081.19 Monoclinic-C
     3.417   1  29   14.94542    1.86588   21.43634     90.000    106.279     90.000     573.81    1108.22 Monoclinic-C
     3.417   1  29   30.45251    2.05654   11.16033     90.000    107.139     90.000     667.90    1135.92 Monoclinic-C
     3.417   1  34   30.45251    2.84842   11.16033     90.000    107.139     90.000     925.07    1164.32 Monoclinic-C
     3.621   1  31   41.41451    3.85092   11.73296     90.000     96.349     90.000    1859.74    1193.43 Monoclinic-C
     3.417   1  29   16.54031    2.53964   20.64055     90.000     94.501     90.000     864.36    1223.26 Monoclinic-C
     3.728   1  36   41.41964    4.17367   11.72493     90.000     96.375     90.000    2014.37    1253.85 Monoclinic-C
     3.417   1  29   15.78309    2.39225   21.53317     90.000    107.139     90.000     776.93    1285.19 Monoclinic-C
     6.834   0  38   23.46435    4.38525   22.63651     90.000    114.631     90.000    2117.30    1317.32 Monoclinic-C
     3.417   1  29   20.73091    2.16901   13.40804     90.000    127.307     90.000     479.54    1350.25 Monoclinic-C
     5.656   0  37   45.38630    4.28260   20.71820     90.000    149.031     90.000    2072.20    1384.01 Monoclinic-C
     3.601   1  32   23.46621    3.88837   20.69993     90.000     96.385     90.000    1877.06    1418.61 Monoclinic-C
     3.417   1  29   16.54031    2.61535   20.64055     90.000     94.501     90.000     890.13    1454.08 Monoclinic-C
     7.951   0  41   45.25293    4.74032   20.72477     90.000    148.936     90.000    2293.98    1490.43 Monoclinic-C
     7.951   0  41   23.50432    4.74032   20.72477     90.000     96.563     90.000    2293.98    1527.69 Monoclinic-C
     4.319   1  60   16.50969    1.77075   41.43832     90.000     96.949     90.000    1202.53    1565.88 Monoclinic-C
    10.124   0  43   23.51544    5.12216   22.59235     90.000    114.790     90.000    2470.49    1605.03 Monoclinic-C
     5.722   0  44   41.26139    5.49724   22.65226     90.000    148.942     90.000    2650.72    1645.15 Monoclinic-C
    11.952   0  43   41.29582    5.03765   11.75769     90.000     96.380     90.000    2430.85    1686.28 Monoclinic-C
     9.445   0  42   23.49551    5.11798   20.62740     90.000     96.127     90.000    2466.27    1728.44 Monoclinic-C
     7.787   0  42   23.51758    5.14766   20.66373     90.000     96.370     90.000    2486.12    1771.65 Monoclinic-C
     8.865   0  46   41.29602    5.61286   11.77890     90.000     96.133     90.000    2714.59    1815.94 Monoclinic-C
     9.445   0  42   23.49551    5.11798   20.62740     90.000     96.127     90.000    2466.27    1861.34 Monoclinic-C
     9.783   0  38   45.24410    4.65478   11.74778     90.000    114.480     90.000    2251.69    1907.87 Monoclinic-C
    10.124   0  43   41.27481    5.12216   22.59235     90.000    148.853     90.000    2470.49    1955.57 Monoclinic-C
    10.393   0  43   23.51654    5.36425   20.65539     90.000     96.357     90.000    2589.62    2004.46 Monoclinic-C
     9.216   0  47   41.44268    6.05526   22.63917     90.000    148.872     90.000    2936.89    2054.57 Monoclinic-C
     8.337   0  43   23.51890    4.99746   22.64528     90.000    114.566     90.000    2420.69    2105.94 Monoclinic-C
     9.277   0  48   49.69976    6.18657   11.76760     90.000    124.337     90.000    2987.67    2158.58 Monoclinic-C
     8.125   0  49   23.58346    6.53610   22.64222     90.000    115.011     90.000    3162.87    2212.55 Monoclinic-C
     8.011   0  57   31.68140    1.85359   21.49508     90.000    107.219     90.000    1205.71    2267.86 Monoclinic-C
    11.712   0  46   45.22581    5.36500   11.76408     90.000    114.833     90.000    2590.47    2324.56 Monoclinic-C
    10.910   0  45   23.52027    5.81128   20.64870     90.000     96.399     90.000    2804.74    2382.67 Monoclinic-C
     9.230   0  48   23.53267    6.09016   22.63919     90.000    114.634     90.000    2949.30    2442.24 Monoclinic-C
     9.082   0  71   23.52308   10.66611   20.72032     90.000     96.569     90.000    5164.59    2503.30 Monoclinic-C
     8.125   0  49   23.58346    6.53610   22.64222     90.000    115.011     90.000    3162.87    2565.88 Monoclinic-C
     9.230   0  48   23.53267    6.09016   22.63919     90.000    114.634     90.000    2949.30    2630.03 Monoclinic-C
     8.125   0  49   41.27706    6.53610   22.64222     90.000    148.817     90.000    3162.87    2695.78 Monoclinic-C
     8.125   0  49   23.58346    6.53610   22.64222     90.000    115.011     90.000    3162.87    2763.17 Monoclinic-C
     7.062   0  59   41.34387    8.41431   11.77927     90.000     96.266     90.000    4073.29    2832.25 Monoclinic-C
    10.774   0  73   18.09668   15.54303   20.80994     90.000     99.449     90.000    5773.95    2903.06 Monoclinic-C
     9.418   0  77   19.73669   14.76146   20.83151     90.000    100.094     90.000    5975.16    2975.63 Monoclinic-C
    12.198   0  79   23.61834   11.98475   20.66282     90.000     96.650     90.000    5809.46    3050.02 Monoclinic-C
finished cell search for Monoclinic-C, elapsed time = 0: 1:2.56
elapsed 62.56188416481018 ncells 103
M20=   13.5 X20= 0 Nc= 67 Monoclinic-C     a= 41.2684 b= 10.0212 c= 11.7861 al= 90.000 be= 96.241 ga= 90.000 V=  4845.4 Z~7.48
M20=   13.5 X20= 0 Nc= 67 Monoclinic-C     a= 41.2684 b= 10.0212 c= 11.7861 al= 90.000 be= 96.241 ga= 90.000 V=  4845.4 Z~7.48
M20=   13.5 X20= 0 Nc= 67 Monoclinic-C     a= 41.2684 b= 10.0212 c= 11.7861 al= 90.000 be= 96.241 ga= 90.000 V=  4845.4 Z~7.48
M20=   13.2 X20= 0 Nc= 73 Monoclinic-C     a= 41.2361 b= 11.0701 c= 11.7991 al= 90.000 be= 96.398 ga= 90.000 V=  5352.6 Z~8.26
M20=   12.2 X20= 0 Nc= 79 Monoclinic-C     a= 23.6183 b= 11.9847 c= 20.6628 al= 90.000 be= 96.650 ga= 90.000 V=  5809.5 Z~8.97
M20=   12.0 X20= 0 Nc= 43 Monoclinic-C     a= 41.2958 b=  5.0376 c= 11.7577 al= 90.000 be= 96.380 ga= 90.000 V=  2430.8 Z~3.75
M20=   12.0 X20= 0 Nc= 43 Monoclinic-C     a= 49.7408 b=  5.0376 c= 11.7577 al= 90.000 be=124.404 ga= 90.000 V=  2430.8 Z~3.75
M20=   12.0 X20= 0 Nc= 43 Monoclinic-C     a= 41.2958 b=  5.0376 c= 11.7577 al= 90.000 be= 96.380 ga= 90.000 V=  2430.8 Z~3.75
M20=   11.8 X20= 0 Nc= 57 Monoclinic-C     a= 45.1898 b=  8.1168 c= 11.7691 al= 90.000 be=114.749 ga= 90.000 V=  3920.4 Z~6.05
M20=   11.8 X20= 0 Nc= 57 Monoclinic-C     a= 45.1898 b=  8.1168 c= 11.7691 al= 90.000 be=114.749 ga= 90.000 V=  3920.4 Z~6.05
M20=   11.7 X20= 0 Nc= 46 Monoclinic-C     a= 45.2258 b=  5.3650 c= 11.7641 al= 90.000 be=114.833 ga= 90.000 V=  2590.5 Z~4.00
M20=   11.7 X20= 0 Nc= 46 Monoclinic-C     a= 45.2258 b=  5.3650 c= 11.7641 al= 90.000 be=114.833 ga= 90.000 V=  2590.5 Z~4.00
M20=   11.1 X20= 0 Nc= 53 Monoclinic-C     a= 45.1762 b=  7.7001 c= 20.6644 al= 90.000 be=148.891 ga= 90.000 V=  3714.0 Z~5.73
M20=   10.9 X20= 0 Nc= 45 Monoclinic-C     a= 23.5203 b=  5.8113 c= 20.6487 al= 90.000 be= 96.399 ga= 90.000 V=  2804.7 Z~4.33
M20=   10.9 X20= 0 Nc= 45 Monoclinic-C     a= 23.5203 b=  5.8113 c= 20.6487 al= 90.000 be= 96.399 ga= 90.000 V=  2804.7 Z~4.33
M20=   10.9 X20= 0 Nc= 45 Monoclinic-C     a= 23.5203 b=  5.8113 c= 20.6487 al= 90.000 be= 96.399 ga= 90.000 V=  2804.7 Z~4.33
M20=   10.8 X20= 0 Nc= 73 Monoclinic-C     a= 18.0967 b= 15.5430 c= 20.8099 al= 90.000 be= 99.449 ga= 90.000 V=  5773.9 Z~8.91
M20=   10.4 X20= 0 Nc= 43 Monoclinic-C     a= 23.5165 b=  5.3642 c= 20.6554 al= 90.000 be= 96.357 ga= 90.000 V=  2589.6 Z~4.00
M20=   10.4 X20= 0 Nc= 43 Monoclinic-C     a= 23.5165 b=  5.3642 c= 20.6554 al= 90.000 be= 96.357 ga= 90.000 V=  2589.6 Z~4.00
M20=   10.2 X20= 0 Nc= 43 Monoclinic-C     a= 45.2164 b=  5.2424 c= 20.6545 al= 90.000 be=148.888 ga= 90.000 V=  2529.8 Z~3.90
M20=   10.1 X20= 0 Nc= 43 Monoclinic-C     a= 23.5154 b=  5.1222 c= 22.5924 al= 90.000 be=114.790 ga= 90.000 V=  2470.5 Z~3.81
M20=   10.1 X20= 0 Nc= 43 Monoclinic-C     a= 23.5154 b=  5.1222 c= 22.5924 al= 90.000 be=114.790 ga= 90.000 V=  2470.5 Z~3.81
M20=   10.1 X20= 0 Nc= 43 Monoclinic-C     a= 23.5154 b=  5.1222 c= 22.5924 al= 90.000 be=114.790 ga= 90.000 V=  2470.5 Z~3.81
M20=   10.1 X20= 0 Nc= 43 Monoclinic-C     a= 41.2748 b=  5.1222 c= 22.5924 al= 90.000 be=148.853 ga= 90.000 V=  2470.5 Z~3.81
M20=   10.1 X20= 0 Nc= 43 Monoclinic-C     a= 41.2748 b=  5.1222 c= 22.5924 al= 90.000 be=148.853 ga= 90.000 V=  2470.5 Z~3.81
M20=    9.8 X20= 0 Nc= 38 Monoclinic-C     a= 45.2441 b=  4.6548 c= 11.7478 al= 90.000 be=114.480 ga= 90.000 V=  2251.7 Z~3.47
M20=    9.4 X20= 0 Nc= 42 Monoclinic-C     a= 23.4955 b=  5.1180 c= 20.6274 al= 90.000 be= 96.127 ga= 90.000 V=  2466.3 Z~3.81
M20=    9.4 X20= 0 Nc= 42 Monoclinic-C     a= 23.4955 b=  5.1180 c= 20.6274 al= 90.000 be= 96.127 ga= 90.000 V=  2466.3 Z~3.81
M20=    9.4 X20= 0 Nc= 42 Monoclinic-C     a= 49.6075 b=  5.1180 c= 20.6274 al= 90.000 be=151.906 ga= 90.000 V=  2466.3 Z~3.81
M20=    9.4 X20= 0 Nc= 77 Monoclinic-C     a= 19.7367 b= 14.7615 c= 20.8315 al= 90.000 be=100.094 ga= 90.000 V=  5975.2 Z~9.22
