kill 556: python idx_test.py 
     7.366   0  59   14.94853    7.80732   10.67414     90.000     94.988     90.000    1241.04     835.74 Monoclinic-P
     7.204   0  53   14.95705    6.92631   10.66716     90.000     94.970     90.000    1100.93     856.63 Monoclinic-P
     7.204   0  53   17.60277    6.92631   10.66716     90.000    122.167     90.000    1100.93     878.05 Monoclinic-P
     7.204   0  53   14.95705    6.92631   10.66716     90.000     94.970     90.000    1100.93     878.05 Monoclinic-P
     7.366   0  59   10.67414    7.80732   14.94853     90.000     94.988     90.000    1241.04     945.56 Monoclinic-P
     7.366   0  59   14.94853    7.80732   10.67414     90.000     94.988     90.000    1241.04     969.20 Monoclinic-P
     7.366   0  59   10.67414    7.80732   14.94853     90.000     94.988     90.000    1241.04     993.43 Monoclinic-P
     7.204   0  53   10.66716    6.92631   14.95705     90.000     94.970     90.000    1100.93    1018.27 Monoclinic-P
     7.204   0  53   14.95705    6.92631   10.66716     90.000     94.970     90.000    1100.93    1043.73 Monoclinic-P
     8.156   0  65   17.88437    4.46789   15.21929     90.000    102.519     90.000    1187.19    1069.82 Monoclinic-P
     7.366   0  59   10.67414    7.80732   17.59681     90.000    122.190     90.000    1241.04    1096.56 Monoclinic-P
     7.366   0  59   10.67414    7.80732   14.94853     90.000     94.988     90.000    1241.04    1096.56 Monoclinic-P
     7.204   0  53   14.95705    6.92631   10.66716     90.000     94.970     90.000    1100.93    1123.98 Monoclinic-P
     6.646   0  62   16.73358   14.89465    6.34402     90.000     92.425     90.000    1579.77    1152.08 Monoclinic-P
    11.138   0  69   15.18848   12.77152    8.94205     90.000    102.640     90.000    1692.54    1180.88 Monoclinic-P
    13.185   0  78   15.14569   14.84497    8.95273     90.000    102.260     90.000    1967.00    1210.40 Monoclinic-P
    13.185   0  78    8.95273   14.84497   15.14569     90.000    102.260     90.000    1967.00    1240.66 Monoclinic-P
    13.185   0  78   15.14569   14.84497    8.95273     90.000    102.260     90.000    1967.00    1271.68 Monoclinic-P
    13.009   0  71   17.74014    5.14702   15.86307     90.000    110.609     90.000    1355.74    1303.47 Monoclinic-P
     9.615   0  97   29.70658    7.02718    9.85613     90.000     91.563     90.000    2056.74    1336.06 Monoclinic-P
