['AnnealingSchedule', 'GlobalOptimType', 'MethodType', 'MonteCarlo', 'MonteCarlo_orig', 'OptimizationObjRegistry', 'OptimizationObjRegistryWrapper', '__all__', '__builtins__', '__cached__', '__doc__', '__file__', '__loader__', '__name__', '__package__', '__spec__', 'refpartype_scattdata_background', 'refpartype_scattdata_corr', 'refpartype_scattdata_profile', 'refpartype_scattdata_radiation', 'refpartype_scattdata_scale', 'refpartype_unitcell', 'warnings', 'widgets', 'wrap_boost_montecarlo', 'wrap_boost_optimizationobjregistry']
['AddRefinableObj', 'FixAllPar', 'GetClassName', 'GetFullRefinableObj', 'GetLSQObj', 'GetLastOptimElapsedTime', 'GetLogLikelihood', 'GetName', 'GetNbOption', 'GetNbParamSet', 'GetOption', 'GetParamSetCost', 'GetParamSetIndex', 'InitLSQ', 'IsOptimizing', 'MultiRunOptimize', 'Optimize', 'Print', 'RandomizeStartingConfig', 'RestoreBestConfiguration', 'RestoreParamSet', 'RunParallelTempering', 'RunSimulatedAnnealing', 'SetAlgorithmParallTempering', 'SetAlgorithmSimulAnnealing', 'SetLimitsAbsolute', 'SetLimitsRelative', 'SetName', 'SetParIsFixed', 'SetParIsUsed', 'StopAfterCycle', 'UnFixAllPar', 'UpdateDisplay', 'disable_display_update', 'enable_display_update', 'llk', 'run', 'trial', 'widget']
Help on function Optimize in module pyobjcryst.globaloptim:
Optimize(self, nb_step: int, final_cost=0, max_time=-1)
    Optimize( (MonteCarlo)arg1, (int)nbSteps [, (bool)silent=False [, (float)finalcost=0.0 [, (float)maxTime=-1]]]) -> None :
            void Optimize(ObjCryst::MonteCarloObj {lvalue},long [,bool=False [,double=0.0 [,double=-1]]])
Help on built-in function SetAlgorithmParallTempering in module pyobjcryst._pyobjcryst:
SetAlgorithmParallTempering(...)
    SetAlgorithmParallTempering( (MonteCarlo)arg1, (AnnealingSchedule)scheduleTemp, (float)tMax, (float)tMin [, (AnnealingSchedule)scheduleMutation=pyobjcryst._pyobjcryst.AnnealingSchedule.SMART [, (float)mutMax=16 [, (float)mutMin=0.125]]]) -> None :
            void SetAlgorithmParallTempering(ObjCryst::MonteCarloObj {lvalue},ObjCryst::AnnealingSchedule,double,double [,ObjCryst::AnnealingSchedule=pyobjcryst._pyobjcryst.AnnealingSchedule.SMART [,double=16 [,double=0.125]]])
Help on function MultiRunOptimize in module pyobjcryst.globaloptim:
MultiRunOptimize(self, nb_run: int, nb_step: int, final_cost=0, max_time=-1)
    MultiRunOptimize( (MonteCarlo)arg1, (int)nbCycle, (int)nbSteps [, (bool)silent=False [, (float)finalcost=0.0 [, (float)maxTime=-1]]]) -> None :
            void MultiRunOptimize(ObjCryst::MonteCarloObj {lvalue},long,long [,bool=False [,double=0.0 [,double=-1]]])
Help on function RunParallelTempering in module pyobjcryst.globaloptim:
RunParallelTempering(self, nb_step: int, final_cost=0, max_time=-1)
    RunParallelTempering( (MonteCarlo)arg1, (int)nbSteps [, (bool)silent=False [, (float)finalcost=0.0 [, (float)maxTime=-1]]]) -> None :
            void RunParallelTempering(ObjCryst::MonteCarloObj {lvalue},long [,bool=False [,double=0.0 [,double=-1]]])
Help on built-in function SetAlgorithmSimulAnnealing in module pyobjcryst._pyobjcryst:
SetAlgorithmSimulAnnealing(...)
    SetAlgorithmSimulAnnealing( (MonteCarlo)arg1, (AnnealingSchedule)scheduleTemp, (float)tMax, (float)tMin [, (AnnealingSchedule)scheduleMutation=pyobjcryst._pyobjcryst.AnnealingSchedule.SMART [, (float)mutMax=16 [, (float)mutMin=0.125 [, (int)nbTrialRetry=0 [, (float)minCostRetry=0.0]]]]]) -> None :
            void SetAlgorithmSimulAnnealing(ObjCryst::MonteCarloObj {lvalue},ObjCryst::AnnealingSchedule,double,double [,ObjCryst::AnnealingSchedule=pyobjcryst._pyobjcryst.AnnealingSchedule.SMART [,double=16 [,double=0.125 [,long=0 [,double=0.0]]]]])
Help on built-in function AddRefinableObj in module pyobjcryst._pyobjcryst:
AddRefinableObj(...)
    AddRefinableObj( (MonteCarlo)arg1, (RefinableObj)obj) -> None :
            void AddRefinableObj(ObjCryst::MonteCarloObj {lvalue},ObjCryst::RefinableObj {lvalue})
Help on built-in function __init__ in module pyobjcryst._pyobjcryst:
__init__(...)
    __init__( (object)arg1) -> None :
            void __init__(_object*)
    __init__( (object)arg1) -> None :
            void __init__(_object*)
    __init__( (object)arg1, (MonteCarlo)old) -> None :
            void __init__(_object*,ObjCryst::MonteCarloObj)
    __init__( (object)arg1, (str)name) -> None :
            void __init__(_object*,std::__cxx11::basic_string<char, std::char_traits<char>, std::allocator<char> >)
Help on built-in function __init__ in module pyobjcryst._pyobjcryst:
__init__(...)
    __init__( (object)arg1, (Molecule)oldMolecule) -> None :
            void __init__(_object*,ObjCryst::Molecule)
    __init__( (object)arg1, (Crystal)cryst [, (str)name='']) -> None :
            void __init__(_object*,ObjCryst::Crystal {lvalue} [,std::__cxx11::basic_string<char, std::char_traits<char>, std::allocator<char> >=''])
Help on built-in function AddAtom in module pyobjcryst._pyobjcryst:
AddAtom(...)
    AddAtom( (Molecule)arg1, (float)x, (float)y, (float)z, (ScatteringPower)pPow, (str)name [, (bool)updateDisplay=True]) -> MolAtom :
            ObjCryst::MolAtom {lvalue} AddAtom(ObjCryst::Molecule {lvalue},double,double,double,ObjCryst::ScatteringPower const*,std::__cxx11::basic_string<char, std::char_traits<char>, std::allocator<char> > [,bool=True])
Help on built-in function AddBond in module pyobjcryst._pyobjcryst:
AddBond(...)
    AddBond( (Molecule)arg1, (MolAtom)atom1, (MolAtom)atom2, (float)length, (float)sigma, (float)delta [, (float)bondOrder=1 [, (bool)updateDisplay=True]]) -> MolBond :
            ObjCryst::MolBond {lvalue} AddBond(ObjCryst::Molecule {lvalue},ObjCryst::MolAtom {lvalue},ObjCryst::MolAtom {lvalue},double,double,double [,double=1 [,bool=True]])
Help on built-in function AddDihedralAngle in module pyobjcryst._pyobjcryst:
AddDihedralAngle(...)
    AddDihedralAngle( (Molecule)arg1, (MolAtom)atom1, (MolAtom)atom2, (MolAtom)atom3, (MolAtom)atom4, (float)angle, (float)sigma, (float)delta [, (bool)updateDisplay=True]) -> MolDihedralAngle :
            ObjCryst::MolDihedralAngle {lvalue} AddDihedralAngle(ObjCryst::Molecule {lvalue},ObjCryst::MolAtom {lvalue},ObjCryst::MolAtom {lvalue},ObjCryst::MolAtom {lvalue},ObjCryst::MolAtom {lvalue},double,double,double [,bool=True])
