P1 LeBail Rwp=0.1230 chi2=3256316.5
X07806d9 cell=[8.2184, 16.8866, 11.238, 90.0, 90.0, 90.0] V=1554.0 V/18/nheavy=8.63  t=7s
 HM                  Rwp     GoF    nGoF
P 1                 12.9356     335.67      70.37
P -1                12.9356     335.67      70.37
P c c b             29.8435    1707.15     266.81
P c c n             30.1477    1741.67     274.94
P c a n             30.2283    1751.00     276.26
P c a b             30.1801    1745.42     276.56
F d d d :1          49.2646    4605.45     276.83
F d d d :2          49.2646    4605.45     276.83
P c c a             30.3322    1763.51     276.88
P c a a             30.4123    1772.83     278.30
P c n n             30.1770    1745.37     278.47
P c n b             30.1415    1741.26     278.95
P c n a :1          30.3680    1767.98     280.48
P c n a :2          30.3680    1767.98     280.48
P c 21 b            29.8915    1714.41     282.34
P c m b             29.8915    1714.41     282.34
F d 2 d             49.2574    4604.89     287.12
P c 21 n            30.1949    1748.94     291.25
P c m n             30.1949    1748.94     291.25
P c c 2             29.9703    1725.11     291.66
P c c m             29.9703    1725.11     291.66
P c 2 a             30.3906    1772.15     293.24
P c m a             30.3906    1772.15     293.24
F d d 2             49.1923    4593.51     296.39
P 2 c b             29.7779    1703.62     298.75
P m c b             29.7779    1703.62     298.75
A b a a :1          38.5259    2819.87     300.82
A b a a :2          38.5259    2819.87     300.82
A c a a :1          38.5259    2819.87     300.82
A c a a :2          38.5259    2819.87     300.82
F 2 d d             49.2188    4598.87     302.04
P c a 21            30.2897    1761.62     302.32
P c a m             30.2897    1761.62     302.32
P c n 2             30.2390    1756.03     304.45
P c n m             30.2390    1756.03     304.45
P c m 21            30.0208    1732.73     307.14
P c 2 m             30.0208    1732.73     307.14
P c m m             30.0208    1732.73     307.14
P 21 c n            30.0718    1736.96     308.52
P m c n             30.0718    1736.96     308.52
