X07806d9: nheavy=10 fwhm=0.044 npk=30
M20=  10.5 Nc= 13 Monoclinic-C     a=  5.6171 b= 16.8951 c=  8.2192 al= 90.000 be= 90.094 ga= 90.000 V=   780.0 Z~ 4.33 | idx 15/30 Ncalc=  21 M(30)=  43.5
M20=  15.1 Nc=  9 Monoclinic-C     a=  6.0606 b= 11.2373 c=  8.4460 al= 90.000 be= 91.155 ga= 90.000 V=   575.1 Z~ 3.20 | idx 10/30 Ncalc=  18 M(30)=  49.7
M20=  16.3 Nc=  9 Monoclinic-P     a=  6.0167 b=  8.4440 c=  6.3393 al= 90.000 be=117.583 ga= 90.000 V=   285.5 Z~ 1.59 | idx 11/30 Ncalc=  19 M(30)=  41.6
M20=  71.5 Nc= 57 Monoclinic-P     a=  8.2184 b= 16.8866 c= 11.2380 al= 90.000 be= 90.059 ga= 90.000 V=  1559.6 Z~ 8.66 | idx 30/30 Ncalc=  82 M(30)=  13.1
M20=  27.0 Nc= 10 Monoclinic-C     a=  7.7687 b= 16.8934 c=  4.4034 al= 90.000 be=121.364 ga= 90.000 V=   493.5 Z~ 2.74 | idx 10/30 Ncalc=  15 M(30)=  36.0
M20=  14.3 Nc= 11 Monoclinic-P     a=  8.4491 b=  8.2197 c=  3.9767 al= 90.000 be= 90.870 ga= 90.000 V=   276.1 Z~ 1.53 | idx 14/30 Ncalc=  18 M(30)=  18.7
M20=  52.3 Nc= 63 Orthorhombic-F   a= 16.4403 b= 22.4733 c= 33.7829 al= 90.000 be= 90.000 ga= 90.000 V= 12481.7 Z~69.34 | idx 30/30 Ncalc=  96 M(30)=   8.1
X4f6fe58: nheavy=20 fwhm=0.303 npk=30
M20=  20.3 Nc= 93 Monoclinic-P     a= 10.7163 b= 13.8242 c= 14.8907 al= 90.000 be= 94.832 ga= 90.000 V=  2198.1 Z~ 6.11 | idx 30/30 Ncalc= 243 M(30)=   2.5
M20=  19.0 Nc=121 Monoclinic-P     a= 10.8109 b= 19.0394 c= 14.9724 al= 90.000 be= 97.477 ga= 90.000 V=  3055.6 Z~ 8.49 | idx 30/30 Ncalc= 328 M(30)=   2.5
M20=  26.7 Nc=134 Monoclinic-P     a= 21.8891 b= 15.6066 c= 14.5346 al= 90.000 be=137.306 ga= 90.000 V=  3366.8 Z~ 9.35 | idx 30/30 Ncalc= 372 M(30)=   2.5
M20=  17.4 Nc=137 Monoclinic-P     a= 24.7288 b=  8.3361 c= 14.8978 al= 90.000 be= 93.512 ga= 90.000 V=  3065.3 Z~ 8.51 | idx 30/30 Ncalc= 365 M(30)=   2.2
M20=  16.0 Nc=102 Monoclinic-P     a=  5.2865 b= 27.7971 c= 17.6463 al= 90.000 be= 96.332 ga= 90.000 V=  2577.3 Z~ 7.16 | idx 30/30 Ncalc= 280 M(30)=   2.1
M20=  20.9 Nc=110 Monoclinic-P     a= 20.8315 b= 14.8422 c=  8.7596 al= 90.000 be= 95.792 ga= 90.000 V=  2694.5 Z~ 7.48 | idx 30/30 Ncalc= 293 M(30)=   2.1
M20=  30.5 Nc=122 Monoclinic-P     a= 10.5197 b= 14.8446 c= 19.3852 al= 90.000 be=101.918 ga= 90.000 V=  2962.0 Z~ 8.23 | idx 30/30 Ncalc= 331 M(30)=   1.9
M20=  15.0 Nc=119 Monoclinic-P     a= 29.9559 b=  4.1111 c= 16.8961 al= 90.000 be= 98.743 ga= 90.000 V=  2056.6 Z~ 5.71 | idx 30/30 Ncalc= 280 M(30)=   1.8
M20=  14.5 Nc= 95 Monoclinic-P     a= 10.0978 b= 14.8361 c= 15.6104 al= 90.000 be= 93.646 ga= 90.000 V=  2333.9 Z~ 6.48 | idx 30/30 Ncalc= 262 M(30)=   1.8
M20=  15.7 Nc=128 Monoclinic-P     a= 11.3681 b=  8.2215 c= 30.0103 al= 90.000 be= 98.891 ga= 90.000 V=  2771.1 Z~ 7.70 | idx 30/30 Ncalc= 336 M(30)=   1.7
M20=  19.0 Nc=136 Monoclinic-P     a= 10.6552 b=  9.7788 c= 29.8152 al= 90.000 be= 94.614 ga= 90.000 V=  3096.5 Z~ 8.60 | idx 30/30 Ncalc= 363 M(30)=   1.7
