X07806d9: nheavy=10 fwhm=0.044 npk=30
M20=  71.5 Nc= 57 Monoclinic-P     a=  8.2184 b= 16.8866 c= 11.2380 al= 90.000 be= 90.059 ga= 90.000 V=  1559.6 Z~ 8.66 | idx 0/30 Ncalc=  82 M(30)=   0.0
M20=  25.5 Nc=  8 Monoclinic-P     a=  5.6210 b=  3.5768 c=  8.4456 al= 90.000 be= 90.084 ga= 90.000 V=   169.8 Z~ 0.94 | idx 0/30 Ncalc=  14 M(30)=   0.0
M20=  24.8 Nc= 77 Monoclinic-P     a= 17.3635 b= 24.6998 c=  5.3518 al= 90.000 be=103.525 ga= 90.000 V=  2231.6 Z~12.40 | idx 0/30 Ncalc= 113 M(30)=   0.0
M20=  19.6 Nc= 79 Monoclinic-P     a=  7.2421 b= 16.8899 c= 23.2012 al= 90.000 be=125.670 ga= 90.000 V=  2305.5 Z~12.81 | idx 0/30 Ncalc= 126 M(30)=   0.0
M20=  17.9 Nc= 97 Monoclinic-P     a= 12.3489 b=  6.7231 c= 36.0024 al= 90.000 be=123.294 ga= 90.000 V=  2498.4 Z~13.88 | idx 0/30 Ncalc= 157 M(30)=   0.0
M20=  17.1 Nc= 73 Monoclinic-P     a=  7.4004 b= 16.8713 c= 17.7775 al= 90.000 be=112.192 ga= 90.000 V=  2055.2 Z~11.42 | idx 0/30 Ncalc= 113 M(30)=   0.0
M20=  16.5 Nc= 80 Monoclinic-P     a= 14.5008 b=  7.5561 c= 19.0105 al= 90.000 be= 98.415 ga= 90.000 V=  2060.5 Z~11.45 | idx 0/30 Ncalc= 128 M(30)=   0.0
M20=  16.3 Nc=  9 Monoclinic-P     a=  6.0167 b=  8.4440 c=  6.3393 al= 90.000 be=117.583 ga= 90.000 V=   285.5 Z~ 1.59 | idx 0/30 Ncalc=  19 M(30)=   0.0
M20=  15.8 Nc= 62 Monoclinic-P     a= 12.1426 b= 16.8945 c=  9.3431 al= 90.000 be=104.413 ga= 90.000 V=  1856.3 Z~10.31 | idx 0/30 Ncalc= 102 M(30)=   0.0
M20=  15.1 Nc=100 Monoclinic-P     a= 17.9608 b= 10.3334 c= 16.0999 al= 90.000 be=113.855 ga= 90.000 V=  2732.8 Z~15.18 | idx 0/30 Ncalc= 158 M(30)=   0.0
M20=  15.0 Nc= 76 Monoclinic-P     a=  7.9297 b= 16.8857 c= 16.6343 al= 90.000 be= 99.053 ga= 90.000 V=  2199.6 Z~12.22 | idx 0/30 Ncalc= 119 M(30)=   0.0
X4f6fe58: nheavy=20 fwhm=0.303 npk=30
M20=  30.5 Nc=122 Monoclinic-P     a= 10.5197 b= 14.8446 c= 19.3852 al= 90.000 be=101.918 ga= 90.000 V=  2962.0 Z~ 8.23 | idx 0/30 Ncalc= 331 M(30)=   0.0
M20=  26.7 Nc=134 Monoclinic-P     a= 21.8891 b= 15.6066 c= 14.5346 al= 90.000 be=137.306 ga= 90.000 V=  3366.8 Z~ 9.35 | idx 0/30 Ncalc= 372 M(30)=   0.0
M20=  20.9 Nc=110 Monoclinic-P     a= 20.8315 b= 14.8422 c=  8.7596 al= 90.000 be= 95.792 ga= 90.000 V=  2694.5 Z~ 7.48 | idx 0/30 Ncalc= 293 M(30)=   0.0
M20=  20.4 Nc=119 Monoclinic-P     a= 20.6036 b=  9.2288 c= 15.5527 al= 90.000 be=107.318 ga= 90.000 V=  2823.2 Z~ 7.84 | idx 0/30 Ncalc= 330 M(30)=   0.0
M20=  20.3 Nc= 93 Monoclinic-P     a= 10.7163 b= 13.8242 c= 14.8907 al= 90.000 be= 94.832 ga= 90.000 V=  2198.1 Z~ 6.11 | idx 0/30 Ncalc= 243 M(30)=   0.0
M20=  19.0 Nc=121 Monoclinic-P     a= 10.8109 b= 19.0394 c= 14.9724 al= 90.000 be= 97.477 ga= 90.000 V=  3055.6 Z~ 8.49 | idx 0/30 Ncalc= 328 M(30)=   0.0
M20=  19.0 Nc=136 Monoclinic-P     a= 10.6552 b=  9.7788 c= 29.8152 al= 90.000 be= 94.614 ga= 90.000 V=  3096.5 Z~ 8.60 | idx 0/30 Ncalc= 363 M(30)=   0.0
M20=  18.0 Nc= 98 Monoclinic-P     a= 12.5195 b= 12.7623 c= 15.5284 al= 90.000 be=107.000 ga= 90.000 V=  2372.7 Z~ 6.59 | idx 0/30 Ncalc= 267 M(30)=   0.0
M20=  17.4 Nc=137 Monoclinic-P     a= 24.7288 b=  8.3361 c= 14.8978 al= 90.000 be= 93.512 ga= 90.000 V=  3065.3 Z~ 8.51 | idx 0/30 Ncalc= 365 M(30)=   0.0
M20=  16.2 Nc=131 Monoclinic-P     a=  9.8894 b= 10.1722 c= 29.7043 al= 90.000 be= 91.672 ga= 90.000 V=  2986.9 Z~ 8.30 | idx 0/30 Ncalc= 349 M(30)=   0.0
M20=  16.0 Nc=102 Monoclinic-P     a=  5.2865 b= 27.7971 c= 17.6463 al= 90.000 be= 96.332 ga= 90.000 V=  2577.3 Z~ 7.16 | idx 0/30 Ncalc= 280 M(30)=   0.0
