    1   0   0    6.304        55.1
    0   0   1    8.008        19.6
    0   1   0    9.477        18.3
    1   0   1   10.198        34.1
    1   1   0   11.390       104.8
    0   1   1   12.419        10.2
    2   0   0   12.627        22.6
    1   1   1   13.939       350.7
    2   0   1   14.970        13.0
    2   1   0   15.811        57.8
    0   0   2   16.055      1829.1
    1   0   2   17.264         0.0
    2   1   1   17.747      4593.9
    0   1   2   18.675      2481.6
    3   0   0   18.990      1487.0
    0   2   0   19.020      6833.8
    1   1   2   19.729      1543.1
    1   2   0   20.056       531.3
    2   0   2   20.478       142.4
    3   0   1   20.638        10.5
    0   2   1   20.666       207.3
    3   1   0   21.263        29.6
    1   2   1   21.626      1197.7
    2   1   2   22.608        28.9
    3   1   1   22.753       386.0
    2   2   0   22.895        21.9
    0   0   3   24.183        44.5
    2   2   1   24.291       168.2
    3   0   2   24.964       218.1
    0   2   2   24.987        10.2
    1   0   3   25.015       163.0
    4   0   0   25.412       382.4
    1   2   2   25.795       759.8
    0   1   3   26.026       167.1
    4   0   1   26.684       175.7
    3   1   2   26.757       176.7
    1   1   3   26.805      1487.0
    3   2   0   27.003      3174.0
    4   1   0   27.177         0.0
    2   0   3   27.370       202.4
