--- absences : 85 reflections used (stol<=0.174)
class                     nAbs   <I>abs nPres  <I>pres   ratio
0k0: k odd (2_1 b)           6    0.021     5    1.151   0.018 <== ABSENT?
00l: l odd (2_1 c)           2    0.406     2    1.452   0.279
0kl: k odd (b_a)            24    0.517    25    0.848   0.610
0kl: l odd (c_a)            21    0.887    28    0.535   1.660
0kl: k+l odd (n_a)          25    0.564    24    0.813   0.694
h0l: h odd (a_b)             4    0.521     4    0.929   0.561
h0l: l odd (c_b)             4    0.254     4    1.195   0.213
h0l: h+l odd (n_b)           4    0.672     4    0.777   0.865
hk0: h odd (a_c)            10    1.202    11    0.535   2.249
hk0: k odd (b_c)            11    0.636    10    1.091   0.583
hk0: h+k odd (n_c)          11    0.480    10    1.262   0.380
hkl: h+k odd (C)            43    0.927    42    1.074   0.863
hkl: h+l odd (B)            40    1.218    45    0.807   1.510
hkl: k+l odd (A)            43    0.819    42    1.185   0.691
hkl: h+k+l odd (I)          43    1.032    42    0.967   1.067
lowest-angle reflections (h k l  2theta  I):
    0   1   0    1.210         0.0
    0   2   0    2.420        62.6
    0   0   1    3.141         0.1
    0   1   1    3.366       146.2
    0   3   0    3.630         1.5
    0   2   1    3.965       941.6
    0   3   1    4.801        53.7
    0   4   0    4.841         6.7
    0   4   1    5.771        18.2
    0   5   0    6.052         0.0
    0   0   2    6.284       769.7
    0   1   2    6.399         0.0
