Sun Sep  6 04:56:49 UTC 2026
X07806d9.cif
X07806d9.json
X35b7fbc.json
X9af54a2.json
Xd4c1a35.json
Xd8634a2.json
Xe1fb77b.json
Xe3a2935.json
Xf8ac963.json

X019b9a4
X07806d9
X13023e3
X14a2b08
X1a56c78
X1db5091
X2327841
X238783d
X263b09a
X35b7fbc
X3c176e2
X3f4781b
X4f6fe58
X7e382cb
X8a06d7a
X8a6f5a8
X9af54a2
Xb7088cf
Xbfc6d2c
Xbfeeda9
Xd4c1a35
Xd8634a2
Xdcc971e
Xe1fb77b
Xe3a2935
Xeb393f9
Xebbd488
Xedd9c7b
Xf8ac963
Xfca9f3c
__pycache__
absences.py
all_patterns.png
batch_index.log
batch_index.py
check_structure.py
clean_peaks.py
dbg.py
dbg2.py
dbg_polish.py
dbg_polish2.py
dbg_polish3.py
dbg_polish4.py
finalize.py
fitplot.py
g2index.py
idx_test.log
idx_test.py
idx_test2.log
idx_test2.py
index1.py
killpy.sh
lebail.py
lowangle.png
peaks.py
peaks_all.log
plotall.py
rank.py
sgscan.py
solve.py
spgexplore.py
submit_cell.py
ticks.py
todo.txt

python solve.py Xf8ac963 16.26352 9.32080 11.39244 90 90 90 P 21 21 21 --nsteps 2000000 --nruns 2 --ttmax 16 --tag a 
