lam 0.46873 295.0
1.651 100
2.358 001
2.879 101
2.882 010
3.303 200
3.321 110
3.723 011
4.059 201
4.073 111
4.384 210
4.716 002
4.955 300
4.978 211
4.997 102
5.488 301
5.528 012
5.733 310
5.759 202
5.765 020
5.769 112
5.997 120
6.200 311
6.229 021
6.441 212
6.445 121
6.609 400
6.646 220
6.843 302
7.018 401
7.052 221
7.077 003
7.211 410
7.267 103
7.426 312
7.451 022
7.588 411
7.605 320
7.632 122
7.642 013
7.811 203
7.819 113
7.963 321
8.122 402
8.152 222
8.264 500
8.327 213
8.595 501
8.620 412
8.643 303
8.652 030
8.753 510
8.774 420
8.809 130
8.952 322
8.969 031
