g2_monoC.log
g2_monoP.log
g2index_monoC_20.txt
g2index_monoP_20.txt
peaks.png
peaks.txt
# fwhm_typ 0.04842 noise 48.786
4.94324 776.306 14517.774 0.0535 287.3
5.27666 255.571 5176.449 0.0494 87.8
6.68987 1499.712 35431.562 0.0423 738.8
6.82157 734.688 10545.112 0.0697 115.6
6.92699 566.612 12277.923 0.0461 196.7
7.08931 156.673 3424.250 0.0458 63.6
7.71343 3126.802 61964.109 0.0505 1257.6
9.40747 1195.030 16905.660 0.0707 261.5
9.71225 2437.626 43821.664 0.0556 748.2
10.35611 5915.665 100367.584 0.0589 2009.4
10.49359 4663.083 91037.946 0.0512 1554.6
10.59353 2483.640 47297.088 0.0525 559.1
11.58192 1058.232 24244.466 0.0436 418.1
11.72950 2112.741 36649.517 0.0576 706.3
12.27544 398.295 9040.452 0.0441 175.5
12.57872 307.093 7758.912 0.0396 146.9
12.88504 2145.663 33062.518 0.0649 644.8
13.12384 135.450 1630.997 0.0830 21.6
13.41145 2082.307 50637.066 0.0411 997.2
13.50150 1330.024 14286.953 0.0931 96.9
13.68830 710.237 5969.879 0.1190 69.5
13.85541 801.876 15702.380 0.0511 303.3
14.85685 350.987 5418.746 0.0648 43.6
14.95039 809.012 8165.352 0.0991 159.6
15.06296 411.265 4554.406 0.0903 12.1
15.38858 268.791 3117.218 0.0862 49.9
16.05984 224.421 4810.262 0.0467 84.1
16.45042 131.768 1739.097 0.0758 33.8
16.86673 144.474 2215.173 0.0652 37.7
M20=   11.4 X20= 0 Nc= 64 Monoclinic-P     a= 14.0846 b=  4.9771 c= 24.2825 al= 90.000 be= 93.926 ga= 90.000 V=  1698.2 Z~2.55
M20=    9.0 X20=11 Nc= 17 Monoclinic-P     a=  7.1744 b= 12.1842 c=  6.9346 al= 90.000 be=101.999 ga= 90.000 V=   592.9 Z~0.89
M20=    8.7 X20= 0 Nc= 82 Monoclinic-P     a= 33.8501 b=  1.8923 c= 20.5407 al= 90.000 be=111.822 ga= 90.000 V=  1221.5 Z~1.83
M20=    8.7 X20= 0 Nc= 82 Monoclinic-P     a= 32.4165 b=  1.3381 c= 20.5407 al= 90.000 be=104.211 ga= 90.000 V=   863.7 Z~1.30
M20=    8.6 X20= 0 Nc= 60 Monoclinic-P     a= 29.1289 b=  4.0107 c= 13.5839 al= 90.000 be=101.822 ga= 90.000 V=  1553.3 Z~2.33
