#  Dynamical occupancy corrections found by ObjCryst++:
#  values below 1. (100%) indicate a correction,
#  which means either that the atom is on a special position,
#  or that it is overlapping with another identical atom.
#   C1               : 1.0000
#   O1               : 1.0000
#   C2               : 1.0000
#   C3               : 1.0000
#   C4               : 1.0000
#   C5               : 1.0000
#   N1               : 1.0000
#   C6               : 1.0000
#   O2               : 1.0000
#   C7               : 1.0000
#   C8               : 1.0000
#   C9               : 1.0000
#   C10              : 1.0000
#   C11              : 1.0000
#   C12              : 1.0000
#   C13              : 1.0000
#   C14              : 1.0000
#   C15              : 1.0000
#   C16              : 1.0000
#   C17              : 1.0000
#   C18              : 1.0000
#
