P 21 2 21      # 18 Rwp=0.0510 nrefl= 126 cell=['14.0065', '9.3251', '11.0303', '90.0000', '90.0000', '90.0000']
P 21 21 21     # 19 Rwp=0.0515 nrefl= 124 cell=['14.0067', '9.3253', '11.0305', '90.0000', '90.0000', '90.0000']
P m m m        # 47 Rwp=0.0551 nrefl= 132 cell=['14.0076', '9.3233', '11.0308', '90.0000', '90.0000', '90.0000']
P 21 2 2       # 17 Rwp=0.0563 nrefl= 129 cell=['14.0062', '9.3249', '11.0302', '90.0000', '90.0000', '90.0000']
P 2 21 2       # 17 Rwp=0.0564 nrefl= 130 cell=['14.0077', '9.3234', '11.0309', '90.0000', '90.0000', '90.0000']
P m n m        # 59 Rwp=0.0564 nrefl= 115 cell=['14.0064', '9.3249', '11.0301', '90.0000', '90.0000', '90.0000']
P 2 21 21      # 18 Rwp=0.0578 nrefl= 127 cell=['14.0077', '9.3234', '11.0309', '90.0000', '90.0000', '90.0000']
P 2 2 21       # 17 Rwp=0.0590 nrefl= 129 cell=['14.0079', '9.3236', '11.0311', '90.0000', '90.0000', '90.0000']
P 21 21 2      # 18 Rwp=0.0596 nrefl= 127 cell=['14.0062', '9.3248', '11.0302', '90.0000', '90.0000', '90.0000']
P c m m        # 51 Rwp=0.0600 nrefl= 121 cell=['14.0075', '9.3235', '11.0309', '90.0000', '90.0000', '90.0000']
P c a m        # 57 Rwp=0.0604 nrefl= 106 cell=['14.0062', '9.3247', '11.0300', '90.0000', '90.0000', '90.0000']
P m a m        # 51 Rwp=0.0604 nrefl= 117 cell=['14.0061', '9.3246', '11.0299', '90.0000', '90.0000', '90.0000']
P c n m        # 53 Rwp=0.0615 nrefl= 107 cell=['14.0066', '9.3247', '11.0301', '90.0000', '90.0000', '90.0000']
P m c m        # 51 Rwp=0.0669 nrefl= 116 cell=['14.0076', '9.3232', '11.0307', '90.0000', '90.0000', '90.0000']
P c a b        # 61 Rwp=0.0699 nrefl=  93 cell=['14.0055', '9.3240', '11.0296', '90.0000', '90.0000', '90.0000']
P c c m        # 49 Rwp=0.0721 nrefl= 108 cell=['14.0080', '9.3229', '11.0309', '90.0000', '90.0000', '90.0000']
P m a b        # 57 Rwp=0.0758 nrefl= 104 cell=['14.0058', '9.3241', '11.0299', '90.0000', '90.0000', '90.0000']
P m c b        # 55 Rwp=0.0779 nrefl= 103 cell=['14.0072', '9.3222', '11.0307', '90.0000', '90.0000', '90.0000']
P c c b        # 54 Rwp=0.0820 nrefl=  95 cell=['14.0079', '9.3220', '11.0308', '90.0000', '90.0000', '90.0000']
P m m b        # 51 Rwp=0.0853 nrefl= 119 cell=['14.0071', '9.3220', '11.0304', '90.0000', '90.0000', '90.0000']
P c m b        # 57 Rwp=0.0865 nrefl= 108 cell=['14.0068', '9.3221', '11.0303', '90.0000', '90.0000', '90.0000']
P m n b        # 62 Rwp=0.0896 nrefl= 102 cell=['14.0057', '9.3239', '11.0297', '90.0000', '90.0000', '90.0000']
P c n b        # 60 Rwp=0.0940 nrefl=  94 cell=['14.0061', '9.3239', '11.0299', '90.0000', '90.0000', '90.0000']
P c m n        # 62 Rwp=0.1292 nrefl= 106 cell=['14.0039', '9.3244', '11.0271', '90.0000', '90.0000', '90.0000']
P c a n        # 60 Rwp=0.1301 nrefl=  94 cell=['14.0037', '9.3242', '11.0269', '90.0000', '90.0000', '90.0000']
P m n n        # 58 Rwp=0.1317 nrefl= 103 cell=['14.0038', '9.3245', '11.0269', '90.0000', '90.0000', '90.0000']
P m c n        # 62 Rwp=0.1321 nrefl= 101 cell=['14.0040', '9.3249', '11.0274', '90.0000', '90.0000', '90.0000']
P c n n        # 52 Rwp=0.1337 nrefl=  95 cell=['14.0039', '9.3243', '11.0267', '90.0000', '90.0000', '90.0000']
P m m n        # 59 Rwp=0.1346 nrefl= 117 cell=['14.0037', '9.3243', '11.0272', '90.0000', '90.0000', '90.0000']
P c c n        # 56 Rwp=0.1348 nrefl=  93 cell=['14.0041', '9.3246', '11.0272', '90.0000', '90.0000', '90.0000']
