=== Xe3a2935/sol_c2/P212121_run1_lsq_rw0.146.cif
N56 - N71  3.07  image (np.float64(0.0), np.float64(0.0), np.float64(0.0))
N56 - O80  2.22  image (np.float64(0.0), np.float64(0.0), np.float64(0.0))
N56 - N67  3.24  image (np.float64(0.0), np.float64(0.0), np.float64(0.0))
N56 - N74  3.25  image (np.float64(0.0), np.float64(1.0), np.float64(-1.0))
N57 - O81  2.22  image (np.float64(0.0), np.float64(0.0), np.float64(0.0))
N57 - N70  3.07  image (np.float64(0.0), np.float64(1.0), np.float64(0.0))
N57 - N75  3.25  image (np.float64(0.0), np.float64(0.0), np.float64(1.0))
N57 - N66  3.24  image (np.float64(0.0), np.float64(1.0), np.float64(0.0))
N58 - N72  3.25  image (np.float64(0.0), np.float64(-1.0), np.float64(0.0))
N58 - N65  3.24  image (np.float64(0.0), np.float64(0.0), np.float64(0.0))
N58 - O82  2.22  image (np.float64(0.0), np.float64(0.0), np.float64(0.0))
N58 - N69  3.07  image (np.float64(0.0), np.float64(0.0), np.float64(0.0))
N59 - N64  3.24  image (np.float64(0.0), np.float64(-1.0), np.float64(0.0))
N59 - N73  3.25  image (np.float64(0.0), np.float64(0.0), np.float64(0.0))
N59 - N68  3.07  image (np.float64(0.0), np.float64(-1.0), np.float64(0.0))
N59 - O83  2.22  image (np.float64(0.0), np.float64(0.0), np.float64(0.0))
N60 - N67  3.39  image (np.float64(0.0), np.float64(0.0), np.float64(0.0))
N61 - N66  3.39  image (np.float64(0.0), np.float64(1.0), np.float64(0.0))
N62 - N65  3.39  image (np.float64(0.0), np.float64(0.0), np.float64(0.0))
N63 - N64  3.39  image (np.float64(0.0), np.float64(-1.0), np.float64(0.0))
N64 - O82  2.86  image (np.float64(-1.0), np.float64(1.0), np.float64(0.0))
N65 - O83  2.86  image (np.float64(0.0), np.float64(0.0), np.float64(0.0))
N66 - O80  2.86  image (np.float64(0.0), np.float64(-1.0), np.float64(1.0))
N67 - O81  2.86  image (np.float64(1.0), np.float64(0.0), np.float64(-1.0))
N68 - N72  3.32  image (np.float64(0.0), np.float64(0.0), np.float64(0.0))
N69 - N73  3.32  image (np.float64(1.0), np.float64(0.0), np.float64(0.0))
N70 - N74  3.32  image (np.float64(-1.0), np.float64(0.0), np.float64(0.0))
N71 - N75  3.32  image (np.float64(0.0), np.float64(0.0), np.float64(0.0))
N76 - O82  3.37  image (np.float64(-1.0), np.float64(1.0), np.float64(0.0))
N77 - O83  3.37  image (np.float64(0.0), np.float64(0.0), np.float64(0.0))
N78 - O80  3.37  image (np.float64(0.0), np.float64(-1.0), np.float64(0.0))
N79 - O81  3.37  image (np.float64(1.0), np.float64(0.0), np.float64(0.0))
shortest non-bonded contact: 2.22 (57, np.int64(81), (np.float64(0.0), np.float64(0.0), np.float64(0.0)))
=== Xe3a2935/sol_c2b/P212121_run0_lsq_rw0.149.cif
N56 - N71  2.96  image (np.float64(0.0), np.float64(0.0), np.float64(0.0))
N56 - O80  2.24  image (np.float64(0.0), np.float64(0.0), np.float64(0.0))
N56 - N67  3.08  image (np.float64(0.0), np.float64(0.0), np.float64(0.0))
N56 - N74  3.40  image (np.float64(0.0), np.float64(1.0), np.float64(0.0))
N57 - O81  2.24  image (np.float64(0.0), np.float64(0.0), np.float64(0.0))
N57 - N70  2.96  image (np.float64(0.0), np.float64(1.0), np.float64(0.0))
N57 - N75  3.40  image (np.float64(0.0), np.float64(0.0), np.float64(0.0))
N57 - N66  3.08  image (np.float64(0.0), np.float64(1.0), np.float64(0.0))
N58 - N72  3.40  image (np.float64(0.0), np.float64(-1.0), np.float64(1.0))
N58 - N65  3.08  image (np.float64(0.0), np.float64(0.0), np.float64(0.0))
N58 - O82  2.24  image (np.float64(0.0), np.float64(0.0), np.float64(0.0))
N58 - N69  2.96  image (np.float64(0.0), np.float64(0.0), np.float64(0.0))
N59 - N64  3.08  image (np.float64(0.0), np.float64(-1.0), np.float64(0.0))
N59 - N73  3.40  image (np.float64(0.0), np.float64(0.0), np.float64(-1.0))
N59 - N68  2.96  image (np.float64(0.0), np.float64(-1.0), np.float64(0.0))
N59 - O83  2.24  image (np.float64(0.0), np.float64(0.0), np.float64(0.0))
N60 - N71  3.29  image (np.float64(0.0), np.float64(0.0), np.float64(0.0))
N60 - N67  3.20  image (np.float64(0.0), np.float64(0.0), np.float64(0.0))
N61 - N70  3.29  image (np.float64(0.0), np.float64(1.0), np.float64(0.0))
N61 - N66  3.20  image (np.float64(0.0), np.float64(1.0), np.float64(0.0))
N62 - N65  3.20  image (np.float64(0.0), np.float64(0.0), np.float64(0.0))
N62 - N69  3.29  image (np.float64(0.0), np.float64(0.0), np.float64(0.0))
N63 - N64  3.20  image (np.float64(0.0), np.float64(-1.0), np.float64(0.0))
N63 - N68  3.29  image (np.float64(0.0), np.float64(-1.0), np.float64(0.0))
N64 - O82  3.02  image (np.float64(0.0), np.float64(1.0), np.float64(-1.0))
N65 - O83  3.02  image (np.float64(-1.0), np.float64(0.0), np.float64(1.0))
N66 - O80  3.02  image (np.float64(1.0), np.float64(-1.0), np.float64(0.0))
N67 - O81  3.02  image (np.float64(0.0), np.float64(0.0), np.float64(0.0))
N68 - N72  3.37  image (np.float64(1.0), np.float64(0.0), np.float64(0.0))
N69 - N73  3.37  image (np.float64(0.0), np.float64(0.0), np.float64(0.0))
N70 - N74  3.37  image (np.float64(0.0), np.float64(0.0), np.float64(0.0))
N71 - N75  3.37  image (np.float64(-1.0), np.float64(0.0), np.float64(0.0))
N72 - N77  3.19  image (np.float64(0.0), np.float64(0.0), np.float64(0.0))
N73 - N76  3.19  image (np.float64(0.0), np.float64(0.0), np.float64(0.0))
N74 - N79  3.19  image (np.float64(0.0), np.float64(0.0), np.float64(0.0))
N75 - N78  3.19  image (np.float64(0.0), np.float64(0.0), np.float64(0.0))
shortest non-bonded contact: 2.24 (81, np.int64(57), (np.float64(0.0), np.float64(0.0), np.float64(0.0)))
