=== Xe3a2935/sol_c2/P212121_run1_lsq_rw0.146.cif
Traceback (most recent call last):
  File "/app/work/hbonds.py", line 12, in <module>
    sg = StructureGraph.from_local_env_strategy(s, JmolNN())
         ^^^^^^^^^^^^^^^^^^^^^^^^^^^^^^^^^^^^^^^^^^^^^^^^^^^
  File "/opt/conda/lib/python3.11/site-packages/pymatgen/core/graphs.py", line 294, in from_local_env_strategy
    for idx, neighbors in enumerate(strategy.get_all_nn_info(structure)):
                                    ^^^^^^^^^^^^^^^^^^^^^^^^^^^^^^^^^^^
  File "/opt/conda/lib/python3.11/site-packages/pymatgen/core/local_env.py", line 432, in get_all_nn_info
    return [self.get_nn_info(structure, n) for n in range(len(structure))]
           ^^^^^^^^^^^^^^^^^^^^^^^^^^^^^^^^^^^^^^^^^^^^^^^^^^^^^^^^^^^^^^^
  File "/opt/conda/lib/python3.11/site-packages/pymatgen/core/local_env.py", line 432, in <listcomp>
    return [self.get_nn_info(structure, n) for n in range(len(structure))]
            ^^^^^^^^^^^^^^^^^^^^^^^^^^^^^^
  File "/opt/conda/lib/python3.11/site-packages/pymatgen/core/local_env.py", line 1306, in get_nn_info
    bonds[site.specie, el] = self.get_max_bond_distance(site.specie.symbol, el.symbol)
                                                        ^^^^^^^^^^^
  File "/opt/conda/lib/python3.11/site-packages/pymatgen/core/sites.py", line 87, in __getattr__
    raise AttributeError(f"{attr=} not found on {type(self).__name__}")
AttributeError: attr='specie' not found on PeriodicSite. Did you mean: 'species'?
=== Xe3a2935/sol_c2b/P212121_run0_lsq_rw0.149.cif
Traceback (most recent call last):
  File "/app/work/hbonds.py", line 12, in <module>
    sg = StructureGraph.from_local_env_strategy(s, JmolNN())
         ^^^^^^^^^^^^^^^^^^^^^^^^^^^^^^^^^^^^^^^^^^^^^^^^^^^
  File "/opt/conda/lib/python3.11/site-packages/pymatgen/core/graphs.py", line 294, in from_local_env_strategy
    for idx, neighbors in enumerate(strategy.get_all_nn_info(structure)):
                                    ^^^^^^^^^^^^^^^^^^^^^^^^^^^^^^^^^^^
  File "/opt/conda/lib/python3.11/site-packages/pymatgen/core/local_env.py", line 432, in get_all_nn_info
    return [self.get_nn_info(structure, n) for n in range(len(structure))]
           ^^^^^^^^^^^^^^^^^^^^^^^^^^^^^^^^^^^^^^^^^^^^^^^^^^^^^^^^^^^^^^^
  File "/opt/conda/lib/python3.11/site-packages/pymatgen/core/local_env.py", line 432, in <listcomp>
    return [self.get_nn_info(structure, n) for n in range(len(structure))]
            ^^^^^^^^^^^^^^^^^^^^^^^^^^^^^^
  File "/opt/conda/lib/python3.11/site-packages/pymatgen/core/local_env.py", line 1306, in get_nn_info
    bonds[site.specie, el] = self.get_max_bond_distance(site.specie.symbol, el.symbol)
                                                        ^^^^^^^^^^^
  File "/opt/conda/lib/python3.11/site-packages/pymatgen/core/sites.py", line 87, in __getattr__
    raise AttributeError(f"{attr=} not found on {type(self).__name__}")
AttributeError: attr='specie' not found on PeriodicSite. Did you mean: 'species'?
