import sys, os, json, numpy as np, time
sys.path.insert(0, '/app/work')
from lebail import make_pattern, fit_sequence
from pyobjcryst.crystal import create_crystal_from_cif
from pyobjcryst.powderpattern import ReflectionProfileType
from pyobjcryst.lsq import LSQ
import warnings; warnings.filterwarnings('ignore')
# usage: fitplot.py <id> <cif> <ttmax> [out.png]
iid, cif, ttmax = sys.argv[1], sys.argv[2], float(sys.argv[3])
out = sys.argv[4] if len(sys.argv) > 4 else cif.replace('.cif', '_fit.png')
p, ins = make_pattern(iid, tt_max=ttmax)
cr = create_crystal_from_cif(open(cif, 'rb'))
cr.SetUseDynPopCorr(1)
pd = p.AddPowderPatternDiffraction(cr)
pd.SetReflectionProfilePar(ReflectionProfileType.PROFILE_PSEUDO_VOIGT, 1e-7)
pd.SetExtractionMode(False)
p.FitScaleFactorForRw()
lsq = LSQ(); lsq.SetRefinedObj(p, 0, True, True); lsq.PrepareRefParList(True)
lsqr = lsq.GetCompiledRefinedObj(); lsqr.FixAllPar()
from pyobjcryst.powderpattern import refpartype_scattdata_background
for names in [['Zero'], ['W'], ['U', 'V'], ['Eta0'], ['background'], ['Zero', 'W', 'U', 'V', 'Eta0', 'background']]:
    for n in names:
        try:
            if n == 'background': lsq.SetParIsFixed(refpartype_scattdata_background, False)
            else: lsq.SetParIsFixed(n, False)
        except Exception as e: pass
    try:
        lsq.SafeRefine(nbCycle=8, useLevenbergMarquardt=True, silent=True)
    except Exception as e:
        print('fail', names, e)

import sys, warnings; warnings.filterwarnings('ignore')
from pymatgen.io.cif import CifParser
from pymatgen.analysis.structure_matcher import StructureMatcher
import numpy as np
def load(f):
    s = CifParser(f).parse_structures(primitive=False)[0]
    s.remove_species(['H'])
    return s
a = load(sys.argv[1]); b = load(sys.argv[2])
sm = StructureMatcher(ltol=0.2, stol=0.5, angle_tol=5, primitive_cell=True, scale=False, attempt_supercell=False)
print('fit:', sm.fit(a, b))
r = sm.get_rms_dist(a, b)
print('rms(normalized), max:', r)
if r is not None:
    # convert normalized to Å: pymatgen normalizes by (V/N)^(1/3)
    n = (a.volume/len(a))**(1/3)
    print('approx rms Å = %.3f  max Å = %.3f' % (r[0]*n, r[1]*n))
