LeBail Rwp 0.0848
R(F2) = 0.501
 h  k  l   2th    Fobs2    Fcalc2   ratio
 0  1  5   7.775        23         2  13.62
 1  4  1  15.938         2        22   0.09
 1  0  2   3.746        54        34   1.60
 1  0  6   8.481        25         5   4.78
 0  1  8  11.454        21         2  13.61
 3  0  2   8.284        25         5   5.14
 0  2  6  11.240        20         1  20.26
 4  1  1  11.242         6        24   0.26
 3  0  6  11.255        18         1  24.36
 1  0  7   9.772        33        18   1.81
 1  3  2  12.318         3        16   0.17
 0  0  4   5.376        14         1  10.14
 2  0  5   8.514        23        10   2.19
 2  2  0   9.401        10         1  17.14
 0  0  6   8.068         0         9   0.00
 3  3  0  14.121         0         9   0.00
 2  1  0   6.520        10         1   9.42
 1  1  7  10.526         9         0  29.74
 4  0  5  12.437         1         9   0.08
 3  1  0   8.756        20        29   0.71
 2  1  2   7.054        31        23   1.36
 2  0 10  14.451         5        13   0.36
 0  4  1  15.720         2        10   0.21
 1  3  3  12.682         0         8   0.00
 0  3  3  12.408         0         8   0.06
--- strongest obs
 0  2  0   7.813       345       344   1.00
 1  2  1   8.347        56        61   0.91
 0  2  1   7.928        55        48   1.15
 1  0  2   3.746        54        34   1.60
 1  1  2   5.412        48        45   1.07
 1  2  2   8.667        39        37   1.07
 1  0  7   9.772        33        18   1.81
 2  1  2   7.054        31        23   1.36
 1  1  3   6.191        31        25   1.24
 2  0  8  11.970        30        23   1.28
 1  0  6   8.481        25         5   4.78
 3  0  2   8.284        25         5   5.14
 0  1  5   7.775        23         2  13.62
 2  0  5   8.514        23        10   2.19
 0  1  8  11.454        21         2  13.61
