=== Xe3a2935/sol_c2/P212121_run1_lsq_rw0.146.cif
components 4 sizes [21 21 21 21]
1.14 C41(m1) N73(m1)
1.14 C42(m2) N74(m2)
1.37 C20(m0) C24(m0)
1.37 C22(m2) C26(m2)
1.40 C28(m0) C32(m0)
1.40 C31(m3) C35(m3)
1.40 C30(m2) C34(m2)
1.42 C20(m0) C52(m0)
1.42 C23(m3) C55(m3)
1.43 C38(m2) C46(m2)
1.43 C39(m3) C47(m3)
1.48 C4(m0) C8(m0)
1.48 C6(m2) C10(m2)
1.51 C4(m0) C16(m0)
1.51 C6(m2) C18(m2)
2.40 C22(m2) C30(m2)
2.40 C20(m0) C28(m0)
2.41 C30(m2) C50(m2)
2.41 C28(m0) C48(m0)
2.41 C31(m3) C51(m3)
2.41 C28(m0) N64(m0)
2.41 C30(m2) N66(m2)
2.41 C31(m3) N67(m3)
2.42 C24(m0) C52(m0)
2.42 C27(m3) C55(m3)
2.42 C26(m2) C54(m2)
2.43 C20(m0) C48(m0)
2.43 C23(m3) C51(m3)
2.43 C47(m3) N71(m3)
=== Xe3a2935/sol_c2b/P212121_run0_lsq_rw0.149.cif
components 4 sizes [21 21 21 21]
1.15 C40(m0) N72(m0)
1.15 C43(m3) N75(m3)
1.38 C22(m2) C26(m2)
1.38 C21(m1) C25(m1)
1.40 C32(m0) C48(m0)
1.40 C33(m1) C49(m1)
1.40 C34(m2) C50(m2)
1.41 C20(m0) C52(m0)
1.41 C22(m2) C54(m2)
1.45 C37(m1) C45(m1)
1.45 C36(m0) C44(m0)
1.50 C6(m2) C10(m2)
1.50 C4(m0) C8(m0)
1.51 C0(m0) C4(m0)
1.51 C2(m2) C6(m2)
1.54 C8(m0) C12(m0)
1.54 C10(m2) C14(m2)
2.41 C45(m1) N69(m1)
2.41 C44(m0) N68(m0)
2.41 C29(m1) C49(m1)
2.41 C28(m0) C48(m0)
2.41 C30(m2) C50(m2)
2.41 C21(m1) C29(m1)
2.41 C22(m2) C30(m2)
2.41 C8(m0) O80(m0)
2.41 C10(m2) O82(m2)
2.42 C48(m0) N64(m0)
2.42 C50(m2) N66(m2)
2.42 C49(m1) N65(m1)
