=== Xe3a2935/sol_c2/P212121_run1_lsq_rw0.146.cif
2.86  O1   N3   op1 (0, 1, 0)
2.86  N3   O1   op1 (0, 1, -1)
2.87  C3   N6   op1 (0, 1, 0)
2.87  N6   C3   op1 (0, 1, -1)
3.07  N1   N4   op0 (0, -1, 0)
3.07  N4   N1   op0 (0, 0, 0)
3.10  O1   C8   op1 (0, 1, 0)
3.10  C8   O1   op1 (0, 1, -1)
3.23  C6   C14  op0 (0, 0, 0)
3.23  C14  C6   op0 (0, -1, 0)
3.24  N3   N1   op0 (0, 0, 0)
3.24  N1   N3   op0 (0, -1, 0)
3.25  N5   N1   op1 (-1, 1, -1)
3.25  N1   N5   op1 (-1, 1, 0)
3.31  C13  C5   op0 (0, -1, 0)
3.31  C5   C13  op0 (0, 0, 0)
3.31  C9   N2   op0 (0, 0, 0)
3.31  N2   C9   op0 (0, -1, 0)
3.32  C13  C6   op0 (0, -1, 0)
3.32  C6   C13  op0 (0, 0, 0)
3.35  O1   C11  op0 (0, -1, 0)
3.35  C11  O1   op0 (0, 0, 0)
3.35  C7   C14  op0 (0, 0, 0)
3.35  C14  C7   op0 (0, -1, 0)
3.37  N6   O1   op1 (0, 1, -1)
3.37  O1   N6   op1 (0, 1, 0)
3.39  C12  N5   op2 (0, 0, 0)
3.39  N5   C12  op2 (-1, 0, 0)
3.39  N3   N2   op0 (0, 0, 0)
3.39  N2   N3   op0 (0, -1, 0)
=== Xe3a2935/sol_c2b/P212121_run0_lsq_rw0.149.cif
2.96  N4   N1   op0 (1, 0, 0)
2.96  N1   N4   op0 (1, -1, 0)
2.96  C13  O1   op1 (1, 1, 0)
2.96  O1   C13  op1 (1, 1, -1)
3.02  N3   O1   op1 (1, 1, 0)
3.02  O1   N3   op1 (1, 1, -1)
3.08  N3   N1   op0 (1, 0, 0)
3.08  N1   N3   op0 (1, -1, 0)
3.09  C9   N2   op0 (1, 0, 0)
3.09  N2   C9   op0 (1, -1, 0)
3.11  C3   N6   op1 (1, 1, -1)
3.11  N6   C3   op1 (1, 1, 0)
3.19  N6   N5   op2 (0, 0, 1)
3.19  N5   N6   op2 (-1, 0, 1)
3.20  N3   N2   op0 (1, 0, 0)
3.20  N2   N3   op0 (1, -1, 0)
3.27  C10  O1   op0 (1, 0, 0)
3.27  O1   C10  op0 (1, -1, 0)
3.29  C12  N5   op2 (0, 0, 1)
3.29  N5   C12  op2 (-1, 0, 1)
3.29  N4   N2   op0 (1, 0, 0)
3.29  N2   N4   op0 (1, -1, 0)
3.31  C10  N1   op0 (1, 0, 0)
3.31  N1   C10  op0 (1, -1, 0)
3.34  O1   C11  op0 (1, -1, 0)
3.34  C11  O1   op0 (1, 0, 0)
3.37  N2   C8   op0 (1, -1, 0)
3.37  C8   N2   op0 (1, 0, 0)
3.40  N1   N5   op1 (0, 1, -1)
3.40  N5   N1   op1 (0, 1, 0)
