=== Xe3a2935/sol_c2/P212121_run1_lsq_rw0.146.cif
0.00  C1   C1   op3 (0, 0, 0)
0.00  C2   C2   op3 (0, 0, 0)
0.00  C3   C3   op3 (0, 0, 0)
0.00  C4   C4   op3 (0, 0, 0)
0.00  O1   O1   op3 (0, 0, 0)
0.00  N1   N1   op3 (0, 0, 0)
0.00  N2   N2   op3 (0, 0, 0)
0.00  C5   C5   op3 (0, 0, 0)
0.00  C6   C6   op3 (0, 0, 0)
0.00  C7   C7   op3 (0, 0, 0)
0.00  C8   C8   op3 (0, 0, 0)
0.00  C9   C9   op3 (0, 0, 0)
0.00  N3   N3   op3 (0, 0, 0)
0.00  N4   N4   op3 (0, 0, 0)
0.00  C10  C10  op3 (0, 0, 0)
0.00  C11  C11  op3 (0, 0, 0)
0.00  N5   N5   op3 (0, 0, 0)
0.00  C12  C12  op3 (0, 0, 0)
0.00  N6   N6   op3 (0, 0, 0)
0.00  C13  C13  op3 (0, 0, 0)
0.00  C14  C14  op3 (0, 0, 0)
1.14  C11  N5   op3 (0, 0, 0)
1.14  N5   C11  op3 (0, 0, 0)
1.18  C12  N6   op3 (0, 0, 0)
1.18  N6   C12  op3 (0, 0, 0)
1.21  C4   O1   op3 (0, 0, 0)
1.21  O1   C4   op3 (0, 0, 0)
1.28  N2   C5   op3 (0, 0, 0)
1.28  C5   N2   op3 (0, 0, 0)
1.32  N4   C10  op3 (0, 0, 0)
1.32  C10  N4   op3 (0, 0, 0)
1.34  N1   N2   op3 (0, 0, 0)
1.34  N2   N1   op3 (0, 0, 0)
1.34  N3   N4   op3 (0, 0, 0)
1.34  N4   N3   op3 (0, 0, 0)
1.35  C4   N1   op3 (0, 0, 0)
1.35  N1   C4   op3 (0, 0, 0)
1.37  C6   C7   op3 (0, 0, 0)
1.37  C7   C6   op3 (0, 0, 0)
1.40  C7   C8   op3 (0, 0, 0)
=== Xe3a2935/sol_c2b/P212121_run0_lsq_rw0.149.cif
0.00  C1   C1   op3 (0, 0, 0)
0.00  C2   C2   op3 (0, 0, 0)
0.00  C3   C3   op3 (0, 0, 0)
0.00  C4   C4   op3 (0, 0, 0)
0.00  O1   O1   op3 (0, 0, 0)
0.00  N1   N1   op3 (0, 0, 0)
0.00  N2   N2   op3 (0, 0, 0)
0.00  C5   C5   op3 (0, 0, 0)
0.00  C6   C6   op3 (0, 0, 0)
0.00  C7   C7   op3 (0, 0, 0)
0.00  C8   C8   op3 (0, 0, 0)
0.00  C9   C9   op3 (0, 0, 0)
0.00  N3   N3   op3 (0, 0, 0)
0.00  N4   N4   op3 (0, 0, 0)
0.00  C10  C10  op3 (0, 0, 0)
0.00  C11  C11  op3 (0, 0, 0)
0.00  N5   N5   op3 (0, 0, 0)
0.00  C12  C12  op3 (0, 0, 0)
0.00  N6   N6   op3 (0, 0, 0)
0.00  C13  C13  op3 (0, 0, 0)
0.00  C14  C14  op3 (0, 0, 0)
1.15  C11  N5   op3 (0, 0, 0)
1.15  N5   C11  op3 (0, 0, 0)
1.19  C12  N6   op3 (0, 0, 0)
1.19  N6   C12  op3 (0, 0, 0)
1.23  C4   O1   op3 (0, 0, 0)
1.23  O1   C4   op3 (0, 0, 0)
1.27  N2   C5   op3 (0, 0, 0)
1.27  C5   N2   op3 (0, 0, 0)
1.29  N4   C10  op3 (0, 0, 0)
1.29  C10  N4   op3 (0, 0, 0)
1.33  N1   N2   op3 (0, 0, 0)
1.33  N2   N1   op3 (0, 0, 0)
1.35  N3   N4   op3 (0, 0, 0)
1.35  N4   N3   op3 (0, 0, 0)
1.35  C4   N1   op3 (0, 0, 0)
1.35  N1   C4   op3 (0, 0, 0)
1.38  C6   C7   op3 (0, 0, 0)
1.38  C7   C6   op3 (0, 0, 0)
1.38  C9   N3   op3 (0, 0, 0)
