#!/bin/bash
# kill python processes (argv0 is python) whose cmdline contains $1
for p in /proc/[0-9]*; do
  pid=${p#/proc/}
  [ "$pid" = "$$" ] && continue
  cl=$(tr '\0' ' ' < $p/cmdline 2>/dev/null)
  first=${cl%% *}
  case "$first" in
    *python*) case "$cl" in *"$1"*) echo "kill $pid: ${cl:0:80}"; kill -9 $pid;; esac;;
  esac
done
kill 9989: python inositol_scan.py P 21 21 21 2 8,3,1,0 1500000 1 p19x_a 
kill 9990: python inositol_scan.py P 21 21 21 2 4,5,2 1500000 1 p19x_b 
269:    ap.add_argument('--zprime', type=int, default=1)
279:    if a.zprime > 1:
280:        comps = [dict(c, count=c['count']*a.zprime) for c in json.load(open(f'/app/data/instances/{a.iid}/composition.json'))['components']]
1:10:def make_pattern(iid, tt_max=None, tt_min=None, nbg=24):
6:15-    if tt_max is not None:
7:16-        m = tt <= tt_max
19:28-    excl = os.environ.get('EXCLUDE')
