LeBail Rwp 0.0884
R(F2) = 0.213
 h  k  l   2th    Fobs2    Fcalc2   ratio
-1 -1  2   5.005        88       142   0.62
 0 -1  2   5.006        85        36   2.37
-2 -2  4  10.020        19        47   0.40
-1 -1  5  10.353        10        37   0.26
 0  2  3   8.959        56        30   1.84
 0  2  2   7.603       429       409   1.05
 2  4  1  11.985        12        31   0.39
 0 -2  4  10.021        20         2   8.83
 0 -2  3   8.495       259       241   1.07
 2  0  0   6.609        41        23   1.73
 3  1  1   9.678        32        16   2.01
-1  1  2   6.601       117       132   0.88
--- strongest obs
  principal axes (cart, columns long->short): [[-0.837  0.048 -0.546]
 [ 0.531  0.317 -0.786]
 [-0.135  0.947  0.291]] eig [943.4  39.8  28.5]
Traceback (most recent call last):
  File "/app/work/molgeom.py", line 24, in <module>
    print('  O1-C1 vector (cart):', np.round(cart[idx['O1']] - cart[idx['C1']], 2), ' N5-N6:', np.round(cart[idx['N5']] - cart[idx['N6']], 2))
                                                                                                                               ~~~^^^^^^
KeyError: 'N6'
  principal axes (cart, columns long->short): [[-0.837  0.045 -0.545]
 [ 0.523  0.357 -0.774]
 [-0.16   0.933  0.323]] eig [945.7  39.9  29.5]
Traceback (most recent call last):
  File "/app/work/molgeom.py", line 24, in <module>
    print('  O1-C1 vector (cart):', np.round(cart[idx['O1']] - cart[idx['C1']], 2), ' N5-N6:', np.round(cart[idx['N5']] - cart[idx['N6']], 2))
                                                                                                                               ~~~^^^^^^
KeyError: 'N6'
