LeBail Rwp 0.0843
R(F2) = 0.501
 h  k  l   2th    Fobs2    Fcalc2   ratio
 1  0  2   3.746        55        32   1.71
 0  1  5   7.775        22         1  24.73
 1  0  6   8.480        25         5   5.31
 3  0  2   8.283        24         4   5.96
 4  1  1  11.242         6        25   0.24
 3  0  6  11.254        19         0  45.27
 0  1  8  11.453        20         2  12.94
 1  4  1  15.938         2        20   0.08
 0  2  6  11.239        19         1  16.72
 1  0  7   9.771        32        17   1.89
 1  3  2  12.318         3        16   0.17
 2  0  5   8.514        23        10   2.31
 0  0  4   5.376        12         1   8.83
 3  1  0   8.755        20        30   0.67
--- strongest obs
rms(normalized), max: None
rms(normalized), max: None
