P212121_run0_lsq_rw0.228.cif
P212121_run0_rw0.239.cif
P212121_run1_lsq_rw0.226.cif
P212121_run1_rw0.229.cif
LeBail Rwp 0.0672
R(F2) = 0.431
 h  k  l   2th    Fobs2    Fcalc2   ratio
 0  2  1   6.229       291       254   1.15
 0  0  4   9.440        52        75   0.69
 0  4  0  11.544         4        26   0.15
 0  4  2  12.477         5        27   0.18
 4  0  0   6.609        51        32   1.60
 2  1  2   6.440        24        42   0.58
 1  4  0  11.663        47        30   1.58
 2  1  0   4.384        38        21   1.80
 1  0  3   7.267        29        45   0.65
 2  0  6  14.564         9        24   0.37
 1  0  2   4.997        71        83   0.85
 1  0  1   2.878        56        68   0.82
 2  2  2   8.152        14         2   6.13
 0  1  6  14.473         7        17   0.40
--- strongest obs
