# fwhm_typ 0.01200 noise 4.722
2.87897 134.774 24708.876 0.0055 3115.0
3.32194 12.135 2223.082 0.0055 280.2
3.70700 1.739 76.059 0.0229 9.0
3.72362 18.796 3068.164 0.0061 408.0
2.879 I=135 nearest 0.0005
3.322 I=12 nearest 0.0005
3.707 I=2 nearest 0.0165  <-- UNINDEXED?
3.724 I=19 nearest 0.0002
4.059 I=18 nearest 0.0001
4.074 I=30 nearest 0.0002
4.368 I=2 nearest 0.0159  <-- UNINDEXED?
4.384 I=41 nearest 0.0003
4.716 I=8 nearest 0.0001
4.979 I=30 nearest 0.0006
4.997 I=57 nearest 0.0003
5.489 I=3 nearest 0.0006
5.734 I=5 nearest 0.0006
5.765 I=29 nearest 0.0001
5.781 I=3 nearest 0.0116
5.998 I=8 nearest 0.0003
6.200 I=16 nearest 0.0005
6.220 I=16 nearest 0.0092
6.230 I=148 nearest 0.0004
6.444 I=86 nearest 0.0008
6.454 I=9 nearest 0.0093
6.609 I=12 nearest 0.0004
6.646 I=3 nearest 0.0000
7.043 I=5 nearest 0.0091
7.053 I=36 nearest 0.0002
7.062 I=5 nearest 0.0092
7.211 I=6 nearest 0.0004
7.268 I=11 nearest 0.0003
7.427 I=6 nearest 0.0005
7.451 I=17 nearest 0.0004
7.588 I=15 nearest 0.0004
7.632 I=30 nearest 0.0002
7.819 I=13 nearest 0.0004
7.963 I=18 nearest 0.0003
8.122 I=2 nearest 0.0003
8.152 I=9 nearest 0.0002
8.328 I=5 nearest 0.0003
8.620 I=5 nearest 0.0002
8.643 I=3 nearest 0.0003
8.776 I=1 nearest 0.0014
8.952 I=1 nearest 0.0001
8.969 I=1 nearest 0.0002
9.067 I=1 nearest 0.0002
9.087 I=2 nearest 0.0005
9.118 I=7 nearest 0.0019
9.264 I=1 nearest 0.0003
9.281 I=1 nearest 0.0000
9.440 I=5 nearest 0.0001
9.584 I=1 nearest 0.0000
9.689 I=3 nearest 0.0001
9.713 I=1 nearest 0.0003
9.863 I=3 nearest 0.0044
9.921 I=1 nearest 0.0002
9.947 I=2 nearest 0.0000
9.966 I=2 nearest 0.0001
9.997 I=6 nearest 0.0002
10.110 I=1 nearest 0.0004
10.198 I=1 nearest 0.0001
10.252 I=2 nearest 0.0001
10.355 I=3 nearest 0.0000
10.398 I=3 nearest 0.0020
10.599 I=2 nearest 0.0002
10.889 I=1 nearest 0.0009
10.989 I=2 nearest 0.0001
11.039 I=3 nearest 0.0001
11.143 I=2 nearest 0.0056
11.190 I=1 nearest 0.0014
11.265 I=8 nearest 0.0001
11.281 I=4 nearest 0.0005
11.308 I=1 nearest 0.0002
11.363 I=1 nearest 0.0001
11.481 I=2 nearest 0.0002
11.532 I=2 nearest 0.0000
11.552 I=2 nearest 0.0013
11.663 I=7 nearest 0.0001
11.818 I=2 nearest 0.0001
11.900 I=5 nearest 0.0003
11.975 I=2 nearest 0.0000
12.011 I=2 nearest 0.0001
12.133 I=3 nearest 0.0003
12.161 I=5 nearest 0.0047
12.207 I=2 nearest 0.0002
12.242 I=5 nearest 0.0003
12.265 I=2 nearest 0.0009
12.328 I=1 nearest 0.0005
12.418 I=2 nearest 0.0000
12.477 I=1 nearest 0.0003
12.509 I=3 nearest 0.0000
12.534 I=3 nearest 0.0000
12.586 I=1 nearest 0.0002
12.791 I=1 nearest 0.0003
12.839 I=2 nearest 0.0003
12.886 I=7 nearest 0.0015
12.910 I=4 nearest 0.0003
13.003 I=1 nearest 0.0004
13.157 I=7 nearest 0.0018
13.240 I=3 nearest 0.0003
13.314 I=1 nearest 0.0001
13.388 I=1 nearest 0.0006
13.450 I=1 nearest 0.0004
13.499 I=2 nearest 0.0003
13.522 I=1 nearest 0.0003
13.553 I=2 nearest 0.0003
13.582 I=1 nearest 0.0009
13.756 I=1 nearest 0.0018
13.783 I=1 nearest 0.0003
13.849 I=1 nearest 0.0001
13.923 I=1 nearest 0.0002
13.954 I=3 nearest 0.0005
14.006 I=4 nearest 0.0029
14.277 I=1 nearest 0.0004
14.357 I=1 nearest 0.0004
14.410 I=1 nearest 0.0000
14.437 I=4 nearest 0.0018
14.473 I=1 nearest 0.0004
14.564 I=1 nearest 0.0001
14.644 I=1 nearest 0.0002
14.665 I=2 nearest 0.0005
14.728 I=3 nearest 0.0020
14.766 I=1 nearest 0.0004
14.848 I=1 nearest 0.0009
14.883 I=0 nearest 0.0007
14.975 I=2 nearest 0.0031
15.010 I=1 nearest 0.0003
15.092 I=1 nearest 0.0004
15.182 I=0 nearest 0.0006
15.271 I=0 nearest 0.0006
15.367 I=1 nearest 0.0003
15.426 I=1 nearest 0.0006
15.462 I=1 nearest 0.0006
15.675 I=1 nearest 0.0003
15.714 I=1 nearest 0.0005
15.964 I=1 nearest 0.0006
15.999 I=1 nearest 0.0009
