LeBail Rwp 0.0666
R(F2) = 0.411
 h  k  l   2th    Fobs2    Fcalc2   ratio
 0  2  1   6.229       291       265   1.10
 0  4  0  11.545         4        29   0.14
 0  4  2  12.477         5        29   0.16
 4  0  0   6.609        51        28   1.82
 1  4  0  11.663        48        30   1.61
 2  1  0   4.384        38        21   1.79
 0  0  4   9.440        52        68   0.76
 2  0  6  14.563         9        25   0.35
 2  1  2   6.440        25        39   0.65
 1  0  3   7.267        29        42   0.70
 2  2  2   8.152        14         2   5.85
 7  0  2  12.508        26        36   0.71
 1  0  2   4.997        71        81   0.87
 1  1  3   7.819        19        28   0.67
 1  2  0   5.997        14         4   3.04
 0  1  6  14.473         7        16   0.44
--- strongest obs
Xf8ac963/sol_L0/fit_L0.png
