X019b9a4 2 8.935885429382324 [8.7488, 25.4475, 26.6694, 90.0, 95.0748, 90.0] P2/m
X07806d9 1 27.31411361694336 [8.2075, 11.2238, 16.8582, 90.0, 90.0, 90.0] Pmmm
X13023e3 1 11.58378791809082 [24.0913, 5.5302, 29.884, 90.0, 110.6261, 90.0] P2/m
X1a56c78 1 21.92359161376953 [5.8914, 11.2261, 30.0056, 90.0, 90.1262, 90.0] P2/m
X2327841 2 42.48623275756836 [25.0395, 4.9337, 37.1712, 90.0, 90.8, 90.0] P2/m
X238783d 2 21.981035232543945 [8.8588, 20.1621, 23.9799, 90.0, 90.0637, 90.0] P2/m
X3c176e2 1 38.57901382446289 [9.336, 11.0416, 14.0247, 90.0, 90.0, 90.0] Pmmm
X3f4781b 1 23.59385871887207 [10.4229, 15.3261, 12.6246, 90.0, 113.2857, 90.0] P2/m
X8a06d7a 1 15.222075462341309 [11.8491, 7.6029, 43.4738, 90.0, 94.0344, 90.0] P2/m
Xbfc6d2c 3 21.74545669555664 [7.6169, 14.6345, 11.9125, 90.0, 105.5408, 90.0] P2/m
Xbfeeda9 1 21.83531951904297 [13.2255, 12.3868, 16.7165, 90.0, 101.6758, 90.0] P2/m
Xd4c1a35 1 72.69881439208984 [11.7638, 12.0, 24.2724, 90.0, 90.0, 90.0] Pmmm
Xdcc971e 2 23.858112335205078 [11.045, 7.1854, 36.2337, 90.0, 95.334, 90.0] P2/m
Xf8ac963 1 416.0635986328125 [9.321, 11.3921, 16.2626, 90.0, 90.0, 90.0] Pmmm
979
980
981
STARTFIT Xbfc6d2c 0 Rw 0.04995688614250545
GROUPS [{"sg": "P 1 21/a 1", "number": 14, "Rw": 5.342286277223955, "GoF": 19.589074655521667, "nGoF": 0.0, "mult": 4}, {"sg": "P 1 a 1", "number": 7, "Rw": 5.342346607185945, "GoF": 19.625395329797115, "nGoF": 0.0, "mult": 2}, {"sg": "P 1 2/a 1", "number": 13, "Rw": 5.342346607185945, "GoF": 19.625395329797115, "nGoF": 0.0, "mult": 4}, {"sg": "P 1 21/n 1", "number": 14, "Rw": 5.46245219288249, "GoF": 20.53027692482325, "nGoF": 0.0, "mult": 4}, {"sg": "P 1 n 1", "number": 7, "Rw": 5.462571246537209, "GoF": 20.568866775606285, "nGoF": 0.0, "mult": 2}, {"sg": "P 1 2/n 1", "number": 13, "Rw": 5.462571246537209, "GoF": 20.568866775606285, "nGoF": 0.0, "mult": 4}, {"sg": "P 1 21 1", "number": 4, "Rw": 5.573166712422988, "GoF": 21.555283434147118, "nGoF": 0.0, "mult": 2}, {"sg": "P 1 21/m 1", "number": 11, "Rw": 5.573166712422988, "GoF": 21.555283434147118, "nGoF": 0.0, "mult": 4}, {"sg": "P 1 2 1", "number": 3, "Rw": 5.57333570669725, "GoF": 21.5965103014208, "nGoF": 0.0, "mult": 2}, {"sg": "P 1 m 1", "number": 6, "Rw": 5.57333570669725, "GoF": 21.5965103014208, "nGoF": 0.0, "mult": 2}, {"sg": "P 1 2/m 1", "number": 10, "Rw": 5.57333570669725, "GoF": 21.5965103014208, "nGoF": 0.0, "mult": 4}, {"sg": "P 1 21/c 1", "number": 14, "Rw": 5.707103637142309, "GoF": 22.41047323662831, "nGoF": 0.0, "mult": 4}, {"sg": "P 1 c 1", "number": 7, "Rw": 5.707378744489687, "GoF": 22.45378312084702, "nGoF": 0.0, "mult": 2}, {"sg": "P 1 2/c 1", "number": 13, "Rw": 5.707378744489687, "GoF": 22.45378312084702, "nGoF": 0.0, "mult": 4}]
DONE Xbfc6d2c 0 0.3620061030299637 [7.610624684453831, 14.617334487459166, 11.907455601176052, 90.0, 105.53191644650948, 90.0]
