DONE X1a56c78 0
DONE X13023e3 0
DONE X2327841 0
DONE X2327841 1
DONE X238783d 0
DONE X3f4781b 0
DONE X238783d 1
DONE X8a06d7a 0
DONE Xbfc6d2c 1
DONE Xbfeeda9 0
DONE Xd4c1a35 0
DONE Xdcc971e 1
DONE Xf8ac963 0
DONE Xdcc971e 0
X07806d9 fit_0.json [8.21, 11.224, 16.861, 90.0, 90.0, 90.0] SG [('P b c a', 13.04), ('P b c 21', 13.08), ('P b c m', 13.08), ('P 21 21 21', 13.1), ('P b 21 a', 13.11)]
X13023e3 fit_0.json [24.084, 5.527, 29.867, 90.0, 110.618, 90.0] SG [('P 1 2 1', 9.13), ('P 1 21 1', 9.13)]
X1a56c78 fit_0.json [5.9, 11.25, 30.078, 90.0, 90.125, 90.0] SG [('P 1 2 1', 8.81), ('P 1 21 1', 8.86)]
X2327841 fit_0.json [25.052, 4.934, 37.19, 90.0, 90.775, 90.0] SG [('P 1 2 1', 6.97), ('P 1 21 1', 6.97)]
X2327841 fit_1.json [24.794, 4.934, 27.784, 90.0, 115.709, 90.0] SG [('P 1 21 1', 6.85), ('P 1 2 1', 6.85)]
X238783d fit_0.json [8.849, 20.134, 23.939, 90.0, 90.101, 90.0] SG [('P 1 2 1', 8.25), ('P 1 21 1', 8.25)]
X238783d fit_1.json [8.845, 23.961, 40.305, 90.0, 90.0, 90.0] SG [('P 21 21 21', 9.47), ('P 2 21 21', 9.47), ('P 21 21 2', 9.5), ('P 2 21 2', 9.5), ('P 21 2 21', 9.54)]
X3c176e2 fit_0.json [9.33, 11.038, 14.015, 90.0, 90.0, 90.0] SG [('P 2 21 21', 5.19), ('P 21 21 21', 5.19), ('P 2 2 21', 5.19), ('P 21 2 21', 5.19), ('P 2 21 2', 5.5)]
X3f4781b fit_0.json [10.431, 15.333, 12.629, 90.0, 113.331, 90.0] SG [('P 1 2 1', 8.44), ('P 1 21 1', 8.45)]
X8a06d7a fit_0.json [11.831, 7.587, 43.439, 90.0, 94.027, 90.0] SG [('P 1 21 1', 15.62), ('P 1 21/m 1', 15.62), ('P 1 2 1', 15.63), ('P 1 m 1', 15.63), ('P 1 2/m 1', 15.63)]
Xbfc6d2c fit_0.json [7.611, 14.617, 11.907, 90.0, 105.532, 90.0] SG [('P 1 21/a 1', 5.34), ('P 1 a 1', 5.34), ('P 1 2/a 1', 5.34), ('P 1 21/n 1', 5.46), ('P 1 n 1', 5.46)]
Xbfc6d2c fit_1.json [7.614, 29.261, 11.917, 90.0, 105.575, 90.0] SG [('P 1 a 1', 5.72), ('P 1 2/a 1', 5.72), ('P 1 21/a 1', 5.73), ('P 1 n 1', 5.73), ('P 1 2/n 1', 5.73)]
Xbfeeda9 fit_0.json [13.202, 12.369, 16.685, 90.0, 101.654, 90.0] SG [('P 1 a 1', 6.6), ('P 1 2/a 1', 6.6), ('P 1 21/a 1', 6.61), ('P 1 2 1', 6.67), ('P 1 m 1', 6.67)]
Xd4c1a35 fit_0.json [11.763, 12.006, 24.279, 90.0, 90.0, 90.0] SG [('P 21 2 21', 15.76), ('P 21 2 2', 15.76), ('P 2 2 21', 15.76), ('P 2 2 2', 15.76), ('P 2 21 21', 15.8)]
Xdcc971e fit_0.json [11.039, 7.183, 36.273, 90.0, 95.379, 90.0] SG [('P 1 21 1', 8.11), ('P 1 2 1', 8.11)]
Xdcc971e fit_1.json [11.048, 7.18, 18.489, 90.0, 101.994, 90.0] SG [('P 1 2 1', 6.39), ('P 1 21 1', 6.39)]
Xf8ac963 fit_0.json [9.322, 11.393, 16.265, 90.0, 90.0, 90.0] SG [('P 21 21 21', 7.53), ('P 21 2 21', 7.54), ('P 21 21 2', 7.56), ('P 21 2 2', 7.56), ('P 2 21 21', 8.65)]
