AddBondValenceRo 
AddBondValenceRo( (Crystal)arg1, (ScatteringPower)arg2, (ScatteringPower)arg3, (float)arg4) -> None :

    C++ signature :
        void AddBondValenceRo(ObjCryst::Crystal {lvalue},ObjCryst::ScatteringPower,ObjCryst::ScatteringPower,double)
GetBondValenceCost 
GetBondValenceCost( (Crystal)arg1) -> float :

    C++ signature :
        double GetBondValenceCost(ObjCryst::Crystal {lvalue})
GetBondValenceRoList 
GetBondValenceRoList( (Crystal)arg1) -> mapsppairtodouble :

    C++ signature :
        std::map<std::pair<ObjCryst::ScatteringPower const*, ObjCryst::ScatteringPower const*>, double, std::less<std::pair<ObjCryst::ScatteringPower const*, ObjCryst::ScatteringPower const*> >, std::allocator<std::pair<std::pair<ObjCryst::ScatteringPower const*, ObjCryst::ScatteringPower const*> const, double> > > {lvalue} GetBondValenceRoList(ObjCryst::Crystal {lvalue})
GetBumpMergeCost 
GetBumpMergeCost( (Crystal)arg1) -> float :

    C++ signature :
        double GetBumpMergeCost(ObjCryst::Crystal {lvalue})
GetBumpMergeParList 
GetBumpMergeParList( (Crystal)arg1) -> mapsppairtobmp :

    C++ signature :
        std::map<std::pair<ObjCryst::ScatteringPower const*, ObjCryst::ScatteringPower const*>, ObjCryst::Crystal::BumpMergePar, std::less<std::pair<ObjCryst::ScatteringPower const*, ObjCryst::ScatteringPower const*> >, std::allocator<std::pair<std::pair<ObjCryst::ScatteringPower const*, ObjCryst::ScatteringPower const*> const, ObjCryst::Crystal::BumpMergePar> > > {lvalue} GetBumpMergeParList(ObjCryst::Crystal {lvalue})
RemoveBondValenceRo 
RemoveBondValenceRo( (Crystal)arg1, (ScatteringPower)arg2, (ScatteringPower)arg3, (float)arg4) -> None :

    C++ signature :
        void RemoveBondValenceRo(ObjCryst::Crystal {lvalue},ObjCryst::ScatteringPower,ObjCryst::ScatteringPower,double)
RemoveBumpMergeDistance 
RemoveBumpMergeDistance( (Crystal)arg1, (ScatteringPower)arg2, (ScatteringPower)arg3) -> None :

    C++ signature :
        void RemoveBumpMergeDistance(ObjCryst::Crystal {lvalue},ObjCryst::ScatteringPower,ObjCryst::ScatteringPower)
SetBumpMergeDistance 
SetBumpMergeDistance( (Crystal)arg1, (ScatteringPower)scatt1, (ScatteringPower)scatt2 [, (float)dist=1.5]) -> None :

    C++ signature :
        void SetBumpMergeDistance(ObjCryst::Crystal {lvalue},ObjCryst::ScatteringPower,ObjCryst::ScatteringPower [,double=1.5])

SetBumpMergeDistance( (Crystal)arg1, (ScatteringPower)scatt1, (ScatteringPower)scatt2, (float)dist, (bool)allowMerge) -> None :

    C++ signature :
        void SetBumpMergeDistance(ObjCryst::Crystal {lvalue},ObjCryst::ScatteringPower,ObjCryst::ScatteringPower,double,bool)
['refpartype_crystal', 'refpartype_objcryst', 'refpartype_scatt', 'refpartype_scatt_transl', 'refpartype_scatt_transl_x', 'refpartype_scatt_transl_y', 'refpartype_scatt_transl_z', 'refpartype_scatt_orient', 'refpartype_scatt_conform', 'refpartype_scatt_conform_bondlength', 'refpartype_scatt_conform_bondangle', 'refpartype_scatt_conform_dihedangle', 'refpartype_scatt_conform_x', 'refpartype_scatt_conform_y', 'refpartype_scatt_conform_z', 'refpartype_scatt_occup', 'refpartype_scattdata', 'refpartype_scattdata_background', 'refpartype_scattdata_scale', 'refpartype_scattdata_profile', 'refpartype_scattdata_profile_type', 'refpartype_scattdata_profile_width', 'refpartype_scattdata_profile_asym', 'refpartype_scattdata_corr', 'refpartype_scattdata_corr_pos', 'refpartype_scattdata_radiation', 'refpartype_scattdata_radiation_wavelength', 'refpartype_scattpow', 'refpartype_scattpow_temperature', 'refpartype_unitcell', 'refpartype_unitcell_length', 'refpartype_unitcell_angle']
