DONE X3c176e2 0
DONE X1a56c78 0
DONE X1a56c78 1
DONE X238783d 0
DONE X238783d 1
DONE X238783d 2
DONE Xd4c1a35 0
DONE X3f4781b 0
DONE Xbfeeda9 0
DONE X2327841 0
Xf8ac963
ObjRegistry<T>::Find(N): Not found !!
List of Crystal ScatteringPowers :2 object registered:
#  0:ScatteringPowerAtom(C)
#  1:ScatteringPowerAtom(O)
INITIAL Xf8ac963 1 Rw 0.7462516201360422 LLK 668254.0053330073 Integrated 667601.2162749476 DOF -1
RUN 0 steps 100000 time 8.412759780883789 total 8.412807703018188 LLK 259314.93068270577 Rw 0.4623728782149336 Integrated 258583.28647322388
X07806d9
#  1:ScatteringPowerAtom(C)
#  2:ScatteringPowerAtom(O)
INITIAL X07806d9 1 Rw 0.6135751688392688 LLK 38468715.58202615 Integrated 38468054.692767054 DOF -1
RUN 0 steps 100000 time 3.5733768939971924 total 3.5734317302703857 LLK 10301314.14571428 Rw 0.33743675342377355 Integrated 10300611.956608878
RUN 1 steps 1000000 time 36.09014439582825 total 39.734132528305054 LLK 678160.058518731 Rw 0.14639774868575253 Integrated 677448.5660753286
RUN 2 steps 1000000 time 36.33644771575928 total 76.1403455734253 LLK 659418.6463768844 Rw 0.14611084650359238 Integrated 658698.3205791346
Xbfc6d2c
ObjRegistry<T>::Find(N): Not found !!
List of Crystal ScatteringPowers :1 object registered:
#  0:ScatteringPowerAtom(C)
INITIAL Xbfc6d2c 1 Rw 0.3506237454008389 LLK 1109027.3090033797 Integrated 1108363.9135321772 DOF -1
RUN 0 steps 100000 time 4.565965414047241 total 4.566027402877808 LLK 24480.99402765851 Rw 0.06660667793509663 Integrated 23815.125592606124
FINISHED 24480.99402765851
X35b7fbc fit_0.json V 2417 Rw 0.399 [5.707, 12.764, 33.133, 90.0, 90.0, 90.0] SG [('P 21 21 21', 25.67), ('P 21 2 21', 25.67), ('P 2 21 21', 25.67), ('P 2 2 21', 25.67), ('P 21 21 2', 35.2), ('P 21 2 2', 35.2)]
X35b7fbc fit_1.json V 2566 Rw 0.357 [6.055, 33.126, 12.848, 90.0, 96.74, 90.0] SG [('P 1 21 1', 28.98), ('P 1 2 1', 32.56), ('I 1 2 1', 56.99), ('C 1 2 1', 57.28), ('A 1 2 1', 63.23)]
X35b7fbc fit_2.json V 3011 Rw 0.392 [7.11, 33.129, 12.981, 90.0, 100.526, 90.0] SG [('P 1 21 1', 29.4), ('P 1 2 1', 35.2), ('C 1 2 1', 53.29), ('I 1 2 1', 59.46), ('A 1 2 1', 60.5)]
X9af54a2 fit_0.json V 1407 Rw 0.097 [5.179, 8.254, 32.952, 90.0, 92.752, 90.0] SG [('P 1 21 1', 10.64), ('P 1 2 1', 10.65), ('A 1 2 1', 47.53), ('C 1 2 1', 54.05), ('I 1 2 1', 62.24)]
Xe1fb77b fit_0.json V 1188 Rw 0.08 [5.593, 15.36, 13.88, 90.0, 94.975, 90.0] SG [('P 1 21 1', 7.99), ('P 1 2 1', 8.25), ('A 1 2 1', 43.47), ('C 1 2 1', 45.3), ('I 1 2 1', 47.23)]
X13023e3 fit_0.json V 2791 Rw 0.117 [18.069, 5.527, 28.317, 90.0, 99.146, 90.0] SG [('P 1 21 1', 10.73), ('P 1 2 1', 10.73), ('A 1 2 1', 19.95), ('I 1 2 1', 60.05), ('C 1 2 1', 78.35)]
X13023e3 fit_1.json V 1862 Rw 0.133 [6.022, 11.054, 28.002, 90.0, 93.118, 90.0] SG [('P 1 21 1', 12.79), ('P 1 2 1', 12.79), ('C 1 2 1', 55.82), ('A 1 2 1', 57.03), ('I 1 2 1', 62.95)]
Xbfc6d2c fit_0.json V 1279 Rw 0.046 [7.611, 14.617, 11.907, 90.0, 105.532, 90.0] SG [('P 1 21/a 1', 5.34), ('P 1 a 1', 5.34), ('P 1 2/a 1', 5.34), ('P 1 21/n 1', 5.46), ('P 1 n 1', 5.46), ('P 1 2/n 1', 5.46)]
Xbfc6d2c fit_1.json V 2552 Rw 0.045 [7.614, 29.261, 11.917, 90.0, 105.575, 90.0] SG [('P 1 a 1', 5.72), ('P 1 2/a 1', 5.72), ('P 1 21/a 1', 5.73), ('P 1 n 1', 5.73), ('P 1 2/n 1', 5.73), ('P 1 21/n 1', 5.74)]
Xbfc6d2c fit_2.json V 2557 Rw 0.045 [7.616, 14.616, 22.977, 90.0, 93.145, 90.0] SG [('P 1 21/a 1', 6.09), ('P 1 a 1', 6.09), ('P 1 2/a 1', 6.09), ('P 1 21/c 1', 6.26), ('P 1 c 1', 6.26), ('P 1 2/c 1', 6.26)]
X3c176e2 fit_0.json V 1446 Rw 0.048 [9.33, 11.038, 14.015, 90.0, 90.0, 90.0] SG [('P 2 21 21', 5.19), ('P 21 21 21', 5.19), ('P 2 2 21', 5.19), ('P 21 2 21', 5.19), ('P 2 21 2', 5.5), ('P 21 21 2', 5.5)]
X1a56c78 fit_0.json V 1984 Rw 0.077 [5.899, 11.248, 30.076, 90.0, 90.126, 90.0] SG [('P 1 2 1', 8.95), ('P 1 21 1', 9.0), ('A 1 2 1', 35.24), ('I 1 2 1', 37.83), ('C 1 2 1', 47.31)]
X1a56c78 fit_1.json V 1984 Rw 0.076 [5.904, 11.249, 30.08, 90.0, 90.0, 90.0] SG [('P 2 2 21', 8.71), ('P 2 2 2', 8.72), ('P 2 21 21', 8.78), ('P 2 21 2', 8.78), ('P 21 2 21', 9.03), ('P 21 2 2', 9.03)]
X238783d fit_0.json V 4283 Rw 0.071 [8.849, 20.134, 23.939, 90.0, 90.101, 90.0] SG [('P 1 2 1', 8.25), ('P 1 21 1', 8.25), ('C 1 2 1', 32.19), ('I 1 2 1', 39.83), ('A 1 2 1', 41.72)]
X238783d fit_1.json V 8559 Rw 0.07 [8.845, 23.961, 40.305, 90.0, 90.0, 90.0] SG [('P 21 21 21', 9.47), ('P 2 21 21', 9.47), ('P 21 21 2', 9.5), ('P 2 21 2', 9.5), ('P 21 2 21', 9.54), ('P 2 2 21', 9.54)]
X238783d fit_2.json V 4283 Rw 0.07 [8.844, 20.128, 23.932, 90.0, 90.0, 90.0] SG [('P 21 2 21', 8.02), ('P 21 21 21', 8.02), ('P 2 2 21', 8.03), ('P 2 21 21', 8.03), ('P 21 2 2', 8.17), ('P 21 21 2', 8.17)]
Xd4c1a35 fit_0.json V 3426 Rw 0.154 [11.763, 12.006, 24.279, 90.0, 90.0, 90.0] SG [('P 21 2 21', 15.76), ('P 21 2 2', 15.76), ('P 2 2 21', 15.76), ('P 2 2 2', 15.76), ('P 2 21 21', 15.8), ('P 2 21 2', 15.8)]
