BASE Xf8ac963 P 21 21 21 Rw 0.058014044862572 chi2 6558.444125977007
Traceback (most recent call last):
  File "/app/work/make_base.py", line 28, in <module>
    p.plot(diff=True,hkl=False);p.figure.savefig(W+'/base.png',dpi=140)
                                ^^^^^^^^
AttributeError: 'PowderPattern' object has no attribute 'figure'
X019b9a4X14a2b08  ORTHOROMBIC P 0
ORTHOROMBIC P X13023e3 ORTHOROMBIC P 04.384657382965088

X35b7fbc X263b09aORTHOROMBIC  ORTHOROMBIC P P170.78665161132812
 0
X1db5091 ORTHOROMBIC P 0
X4f6fe58X7e382cb  ORTHOROMBICORTHOROMBIC  PP  00

X8a06d7a ORTHOROMBIC P 0
X9af54a2 ORTHOROMBIC P 0
X8a6f5a8 ORTHOROMBIC P 0
Xb7088cf ORTHOROMBIC P 6.699587821960449
Xd8634a2 ORTHOROMBIC P 0
Xe3a2935Xe1fb77b  ORTHOROMBICORTHOROMBIC  PP  16.872819900512695
48.4979248046875
Xedd9c7b ORTHOROMBIC P 4.660500526428223
Xeb393f9 ORTHOROMBIC Xebbd488P  ORTHOROMBIC0 
P 0
Xfca9f3c ORTHOROMBIC P 0
X14a2b08 MONOCLINIC P 9.428656578063965
X1db5091 MONOCLINIC P 6.031196594238281
X13023e3 MONOCLINIC P 50.97972869873047
X019b9a4 MONOCLINIC P 8.936138153076172
X35b7fbc MONOCLINIC P 161.83103942871094
X7e382cb MONOCLINIC P 0
X263b09a MONOCLINIC P 6.226293563842773
X4f6fe58 MONOCLINIC P 5.1723952293396
X9af54a2 MONOCLINIC P 144.1536102294922
X8a06d7a MONOCLINIC P 21.56756591796875
X8a6f5a8 MONOCLINIC P 4.098421573638916
Xb7088cf MONOCLINIC P 4.639864444732666
Xe3a2935 MONOCLINIC P 21.555673599243164
Xd8634a2 MONOCLINIC P 7.555466651916504
Xebbd488 MONOCLINIC P 5.1911773681640625
Xeb393f9 MONOCLINIC P 5.937173366546631
Xfca9f3c MONOCLINIC P 0
Xe1fb77b MONOCLINIC P 387.8289489746094
X13023e3 MONOCLINIC C 7.953141212463379
Xedd9c7b MONOCLINIC P 7.87386417388916
X019b9a4 MONOCLINIC C 0
X14a2b08 MONOCLINIC C 0
X263b09a MONOCLINIC C 6.369017601013184
X1db5091 MONOCLINIC C 0
X35b7fbc MONOCLINIC C 5.325552940368652
X4f6fe58 MONOCLINIC C 0
X7e382cb MONOCLINIC C 0
X9af54a2 MONOCLINIC C 0
X8a6f5a8 MONOCLINIC C 0
X8a06d7a MONOCLINIC C 13.88257122039795
Xd8634a2 MONOCLINIC C 6.057438850402832
X019b9a4 2 8.936138153076172 [8.7488, 25.4475, 26.6694, 90.0, 95.0748, 90.0] P2/m
X07806d9 1 27.31411361694336 [8.2075, 11.2238, 16.8582, 90.0, 90.0, 90.0] Pmmm
X13023e3 2 50.97972869873047 [18.0637, 5.5278, 28.3077, 90.0, 99.1508, 90.0] P2/m
X14a2b08 3 9.428656578063965 [11.9605, 15.2101, 21.2965, 90.0, 94.5854, 90.0] P2/m
X1a56c78 1 21.92359161376953 [5.8914, 11.2261, 30.0056, 90.0, 90.1262, 90.0] P2/m
X2327841 2 42.48623275756836 [25.0395, 4.9337, 37.1712, 90.0, 90.8, 90.0] P2/m
X238783d 2 21.981035232543945 [8.8588, 20.1621, 23.9799, 90.0, 90.0637, 90.0] P2/m
X35b7fbc 4 170.78665161132812 [5.7112, 12.7696, 33.1442, 90.0, 90.0, 90.0] Pmmm
X3c176e2 1 38.57901382446289 [9.336, 11.0416, 14.0247, 90.0, 90.0, 90.0] Pmmm
X3f4781b 1 23.59385871887207 [10.4229, 15.3261, 12.6246, 90.0, 113.2857, 90.0] P2/m
X8a06d7a 3 21.56756591796875 [11.8387, 5.007, 21.6952, 90.0, 93.8859, 90.0] P2/m
X9af54a2 1 144.1536102294922 [5.1788, 8.2533, 32.9478, 90.0, 92.756, 90.0] P2/m
Xbfc6d2c 3 21.74545669555664 [7.6169, 14.6345, 11.9125, 90.0, 105.5408, 90.0] P2/m
Xbfeeda9 1 21.83531951904297 [13.2255, 12.3868, 16.7165, 90.0, 101.6758, 90.0] P2/m
Xd4c1a35 1 72.69881439208984 [11.7638, 12.0, 24.2724, 90.0, 90.0, 90.0] Pmmm
Xdcc971e 2 23.858112335205078 [11.045, 7.1854, 36.2337, 90.0, 95.334, 90.0] P2/m
Xe1fb77b 1 387.8289489746094 [5.5927, 15.361, 13.8802, 90.0, 94.981, 90.0] P2/m
Xe3a2935 4 21.555673599243164 [20.5683, 6.8809, 22.4216, 90.0, 117.1456, 90.0] P2/m
Xf8ac963 1 416.0635986328125 [9.321, 11.3921, 16.2626, 90.0, 90.0, 90.0] Pmmm
