List of Crystal ScatteringPowers :0 object registered:
ObjRegistry<T>::Find(N): Not found !!
List of Crystal ScatteringPowers :1 object registered:
#  0:ScatteringPowerAtom(C)
INITIAL Xbfc6d2c 0 Rw 0.35816462224534273 LLK 1115388.9522519854 Integrated 1114725.556780783 DOF -1
RUN 0 steps 100000 time 4.470060586929321 total 4.470065116882324 LLK 202521.5753759579 Rw 0.15734372068440247 Integrated 201855.5632543846
FINISHED 202521.5753759579
#  0:ScatteringPowerAtom(N)
#  1:ScatteringPowerAtom(C)
#  2:ScatteringPowerAtom(O)
#  3:ScatteringPowerAtom(Cl)
WITH_H 0.3620109369254888 21488515.605173033
CYCLE 0 0 Rw 0.17580341674236702 chi2 5067778.863834415
CYCLE 0 1 Rw 0.14864471913486 chi2 3622947.1824762314
CYCLE 0 2 Rw 0.1482334289477053 chi2 3602926.0050949976
CYCLE 1 0 Rw 0.13566601949320117 chi2 3017902.457763653
CYCLE 1 1 Rw 0.1334955193121215 chi2 2922108.9972949144
CYCLE 1 2 Rw 0.12943387471381393 chi2 2747001.7613315857
CYCLE 2 0 Rw 0.12798830917486 chi2 2685985.331882504
CYCLE 2 1 Rw 0.12755826937535028 chi2 2667965.8726085587
CYCLE 2 2 Rw 0.12631802777075796 chi2 2616337.137569472
CYCLE 3 0 Rw 0.12607858950113787 chi2 2606427.9025572087
CYCLE 3 1 Rw 0.12541702299650775 chi2 2579146.4836204983
CYCLE 3 2 Rw 0.1252922322666386 chi2 2574016.5029962235
FINISHED X07806d9 0.1252922322666386
RUN 0 steps 100000 time 3.5733768939971924 total 3.5734317302703857 LLK 10301314.14571428 Rw 0.33743675342377355 Integrated 10300611.956608878
RUN 1 steps 1000000 time 36.09014439582825 total 39.734132528305054 LLK 678160.058518731 Rw 0.14639774868575253 Integrated 677448.5660753286
RUN 2 steps 1000000 time 36.33644771575928 total 76.1403455734253 LLK 659418.6463768844 Rw 0.14611084650359238 Integrated 658698.3205791346
RUN 3 steps 1000000 time 36.89328742027283 total 113.10355854034424 LLK 760697.2697830923 Rw 0.14973255506032013 Integrated 760014.548927588
RUN 4 steps 1000000 time 36.646236419677734 total 149.75011467933655 LLK 3212585.8292633905 Rw 0.22222961657217058 Integrated 3211805.5823731143
RUN 5 steps 1000000 time 36.9747052192688 total 186.7250828742981 LLK 2842596.833219216 Rw 0.20796928954204474 Integrated 2841807.3029325185
#  0:ScatteringPowerAtom(C)
#  1:ScatteringPowerAtom(O)
INITIAL Xf8ac963 1 Rw 0.7462516201360422 LLK 668254.0053330073 Integrated 667601.2162749476 DOF -1
RUN 0 steps 100000 time 8.412759780883789 total 8.412807703018188 LLK 259314.93068270577 Rw 0.4623728782149336 Integrated 258583.28647322388
RUN 1 steps 1000000 time 84.68188714981079 total 93.19345378875732 LLK 54796.558423303824 Rw 0.21631628827924249 Integrated 54060.91194527346
RUN 2 steps 1000000 time 84.6913890838623 total 177.98622179031372 LLK 36446.171268426304 Rw 0.177826439529883 Integrated 35767.9679658325
