==== X13023e3
 40  13.39629 H   2725.0 W 0.0266 diff  0.0008 [[3, 1, 5], [3, -1, 5]]
UNINDEXED 6 of 82 best translations:
0.01831 4 (0.333333, 0.0, 0.0)
0.19347 25 (0.0, 0.5, 0.5)
0.23057 28 (0.333333, 0.333333, 0.0)
0.23057 28 (0.333333, 0.666667, 0.0)
0.2735 30 (0.333333, 0.5, 0.5)
0.2848 20 (0.0, 0.5, 0.0)
0.31094 36 (0.0, 0.25, 0.25)
0.31094 36 (0.0, 0.25, 0.75)
0.31541 28 (0.333333, 0.5, 0.0)
0.32834 32 (0.333333, 0.166667, 0.0)
0.32834 32 (0.333333, 0.833333, 0.0)
0.32949 31 (0.0, 0.333333, 0.0)
0.33055 32 (0.0, 0.166667, 0.0)
0.33055 32 (0.0, 0.2, 0.0)
0.33055 32 (0.0, 0.25, 0.0)
0.33055 32 (0.0, 0.4, 0.0)
0.37052 25 (0.5, 0.0, 0.5)
0.37355 28 (0.333333, 0.333333, 0.333333)
0.37355 28 (0.333333, 0.666667, 0.333333)
0.3888 25 (0.0, 0.0, 0.5)
0.39471 26 (0.0, 0.333333, 0.333333)
0.39471 26 (0.0, 0.333333, 0.666667)
0.40172 28 (0.333333, 0.0, 0.5)
0.4034 28 (0.333333, 0.333333, 0.666667)
==== Xe3a2935
 40  10.52731 H     71.2 W 0.0332 diff  0.0035 [[2, 1, 6], [2, -1, 6]]
UNINDEXED 8 of 58 best translations:
0.00173 1 (0.5, 0.0, 0.0)
0.15863 15 (0.166667, 0.333333, 0.666667)
0.15863 15 (0.166667, 0.666667, 0.666667)
0.15863 15 (0.333333, 0.333333, 0.333333)
0.15863 15 (0.333333, 0.666667, 0.333333)
0.19774 22 (0.333333, 0.0, 0.333333)
0.2129 25 (0.166667, 0.0, 0.666667)
0.25246 11 (0.0, 0.5, 0.0)
0.29242 17 (0.5, 0.5, 0.5)
0.29667 19 (0.0, 0.5, 0.5)
0.32603 18 (0.0, 0.333333, 0.333333)
0.32603 18 (0.0, 0.333333, 0.666667)
0.32748 16 (0.0, 0.0, 0.333333)
0.3323 19 (0.5, 0.333333, 0.333333)
0.3323 19 (0.5, 0.333333, 0.666667)
0.33712 23 (0.2, 0.4, 0.6)
0.33712 23 (0.2, 0.6, 0.6)
0.33712 23 (0.4, 0.2, 0.2)
0.33712 23 (0.4, 0.8, 0.2)
0.34871 32 (0.2, 0.0, 0.6)
0.34871 32 (0.4, 0.0, 0.2)
0.34904 20 (0.25, 0.0, 0.5)
0.35522 21 (0.5, 0.0, 0.333333)
0.41899 19 (0.25, 0.5, 0.5)
==== Xdcc971e
 30  25.76567 H    331.9 W 0.2300 diff -0.0091 [[3, -3, 8], [3, 3, 8], [4, 3, 1], [4, -3, 1], [5, 1, 9], [5, -1, 9], [0, 4, 0]]
UNINDEXED 0 of 30 best translations:
0.0 0 (0.5, 0.0, 0.5)
0.05678 8 (0.0, 0.0, 0.5)
0.05678 8 (0.5, 0.0, 0.0)
0.06559 7 (0.333333, 0.333333, 0.0)
0.06559 7 (0.333333, 0.666667, 0.0)
0.07047 9 (0.166667, 0.333333, 0.5)
0.07047 9 (0.166667, 0.666667, 0.5)
0.07388 10 (0.0, 0.5, 0.5)
0.07922 9 (0.0, 0.333333, 0.0)
0.09177 9 (0.0, 0.5, 0.0)
0.09729 11 (0.0, 0.0, 0.25)
0.10307 10 (0.25, 0.5, 0.75)
0.10329 11 (0.0, 0.5, 0.25)
0.10785 9 (0.333333, 0.0, 0.666667)
0.11162 10 (0.0, 0.25, 0.0)
0.11165 14 (0.5, 0.0, 0.25)
0.11181 9 (0.333333, 0.333333, 0.333333)
0.11181 9 (0.333333, 0.666667, 0.333333)
0.11684 10 (0.166667, 0.333333, 0.166667)
0.11684 10 (0.166667, 0.666667, 0.166667)
0.117 11 (0.0, 0.166667, 0.0)
0.117 11 (0.0, 0.2, 0.0)
0.117 11 (0.0, 0.4, 0.0)
0.11847 11 (0.25, 0.5, 0.25)
==== X2327841
 38  25.05302 H    331.1 W 0.1182 diff  0.0005 [[13, 0, -6], [11, 0, -12], [5, 2, 11], [5, -2, 11], [9, 2, 0], [9, -2, 0], [2, -2, 13], [2, 2, 13], [8, 2, 6], [8, -2, 6], [9, 2, -1], [9, -2, -1]]
UNINDEXED 1 of 38 best translations:
0.0 0 (0.0, 0.0, 0.333333)
0.08882 4 (0.0, 0.5, 0.0)
0.11169 11 (0.5, 0.0, 0.0)
0.12104 6 (0.0, 0.166667, 0.0)
0.12104 6 (0.0, 0.2, 0.0)
0.12104 6 (0.0, 0.25, 0.0)
0.12104 6 (0.0, 0.333333, 0.0)
0.12104 6 (0.0, 0.4, 0.0)
0.13528 11 (0.333333, 0.333333, 0.666667)
0.13528 11 (0.333333, 0.666667, 0.666667)
0.14318 11 (0.5, 0.5, 0.0)
0.14361 12 (0.0, 0.5, 0.5)
0.14479 15 (0.2, 0.4, 0.0)
0.14479 15 (0.2, 0.6, 0.0)
0.14479 15 (0.4, 0.2, 0.0)
0.14479 15 (0.4, 0.8, 0.0)
0.15283 13 (0.0, 0.5, 0.166667)
0.15644 14 (0.5, 0.25, 0.25)
0.15644 14 (0.5, 0.25, 0.75)
0.17101 15 (0.5, 0.5, 0.333333)
0.19049 17 (0.25, 0.5, 0.0)
0.20119 15 (0.333333, 0.0, 0.0)
0.20151 13 (0.5, 0.0, 0.166667)
0.20151 13 (0.5, 0.0, 0.5)
==== Xd4c1a35
 40  19.96496 H    871.0 W 0.0382 diff -0.0018 [[2, -1, 5], [2, -1, -5], [2, 1, 5], [2, 1, -5]]
UNINDEXED 0 of 100 best translations:
0.19418 25 (0.333333, 0.333333, 0.333333)
0.19418 25 (0.333333, 0.333333, 0.666667)
0.19418 25 (0.333333, 0.666667, 0.333333)
0.19418 25 (0.333333, 0.666667, 0.666667)
0.2708 37 (0.5, 0.0, 0.0)
0.31009 35 (0.2, 0.4, 0.4)
0.31009 35 (0.2, 0.4, 0.6)
0.31009 35 (0.2, 0.6, 0.4)
0.31009 35 (0.2, 0.6, 0.6)
0.31009 35 (0.4, 0.2, 0.2)
0.31009 35 (0.4, 0.2, 0.8)
0.31009 35 (0.4, 0.8, 0.2)
0.31009 35 (0.4, 0.8, 0.8)
0.31538 36 (0.0, 0.5, 0.5)
0.31983 41 (0.2, 0.2, 0.2)
0.31983 41 (0.2, 0.2, 0.8)
0.31983 41 (0.2, 0.8, 0.2)
0.31983 41 (0.2, 0.8, 0.8)
0.31983 41 (0.4, 0.4, 0.4)
0.31983 41 (0.4, 0.4, 0.6)
0.31983 41 (0.4, 0.6, 0.4)
0.31983 41 (0.4, 0.6, 0.6)
0.34561 49 (0.5, 0.5, 0.0)
0.34903 36 (0.2, 0.2, 0.4)
