{
 "radiation": {
  "type": "Synchrotron ID31 at ESRF",
  "wavelength_A": 0.80105,
  "wavelengths_A": [
   0.80105
  ],
  "wavelength_weights": null,
  "monochromator": null,
  "source": null
 },
 "geometry": "not stated",
 "geometry_source_text": null,
 "temperature_K": 100.0,
 "two_theta_range_deg": [
  1.5,
  39.999
 ],
 "n_points": 12834,
 "intensity_column": "observed total intensity",
 "sigma_column": "1/sqrt(_pd_proc_ls_weight)",
 "pattern_units": "two_theta_deg intensity sigma",
 "notes": []
} 38  25.05302 H    331.1 W 0.1182 diff  0.0013 [[5, 0, -15], [1, 0, -14], [5, 2, 5], [5, -2, 5], [3, 2, 7], [3, -2, 7], [8, 0, 7], [4, 0, 11], [7, -1, 7], [7, 1, 7], [0, 2, 9], [0, 2, -9], [4, 2, -10], [4, -2, -10]]
UNINDEXED 1 of 38 best translations:
0.0 0 (0.5, 0.0, 0.0)
0.17101 15 (0.25, 0.5, 0.5)
0.17202 15 (0.25, 0.5, 0.0)
0.17447 11 (0.0, 0.0, 0.5)
0.17728 19 (0.2, 0.2, 0.4)
0.17728 19 (0.2, 0.8, 0.4)
0.17728 19 (0.4, 0.4, 0.8)
0.17728 19 (0.4, 0.6, 0.8)
0.21341 14 (0.5, 0.0, 0.5)
0.22242 13 (0.333333, 0.333333, 0.333333)
0.22242 13 (0.333333, 0.666667, 0.333333)
0.2239 17 (0.0, 0.2, 0.4)
0.2239 17 (0.0, 0.2, 0.6)
0.2239 17 (0.0, 0.4, 0.2)
0.2239 17 (0.0, 0.4, 0.8)
0.22505 17 (0.333333, 0.333333, 0.0)
0.22505 17 (0.333333, 0.666667, 0.0)
0.22641 19 (0.333333, 0.0, 0.666667)
0.25168 21 (0.166667, 0.0, 0.333333)
0.2624 23 (0.5, 0.5, 0.25)
0.26552 23 (0.0, 0.5, 0.25)
0.28538 20 (0.25, 0.0, 0.75)
0.29499 22 (0.2, 0.0, 0.8)
0.29499 22 (0.4, 0.0, 0.6)
 40  13.39629 H   2725.0 W 0.0266 diff -0.0006 [[1, 2, -6], [1, -2, -6]]
UNINDEXED 9 of 82 best translations:
0.00727 1 (0.0, 0.5, 0.0)
0.26533 27 (0.5, 0.25, 0.5)
0.28021 24 (0.0, 0.333333, 0.333333)
0.28021 24 (0.0, 0.333333, 0.666667)
0.29875 26 (0.0, 0.166667, 0.333333)
0.29875 26 (0.0, 0.166667, 0.666667)
0.31743 22 (0.333333, 0.333333, 0.666667)
0.31743 22 (0.333333, 0.666667, 0.666667)
0.33988 24 (0.333333, 0.166667, 0.666667)
0.33988 24 (0.333333, 0.833333, 0.666667)
0.34565 26 (0.0, 0.25, 0.0)
0.37585 33 (0.0, 0.333333, 0.0)
0.37813 35 (0.0, 0.166667, 0.0)
0.37921 36 (0.0, 0.2, 0.0)
0.37921 36 (0.0, 0.4, 0.0)
0.38773 24 (0.5, 0.5, 0.5)
0.395 25 (0.5, 0.0, 0.5)
0.43759 30 (0.333333, 0.333333, 0.333333)
0.43759 30 (0.333333, 0.666667, 0.333333)
0.44486 31 (0.333333, 0.166667, 0.333333)
0.44486 31 (0.333333, 0.833333, 0.333333)
0.44728 26 (0.0, 0.0, 0.5)
0.46466 27 (0.0, 0.5, 0.5)
0.53009 28 (0.0, 0.25, 0.5)
56180565unit cells tested, 524807 tests/s,   Elapsed time=107.05s
DONE X14a2b08 TRICLINIC P 98 107.05314993858337 [{'cell': [21.47669792175293, 12.056539535522461, 5.0079827308654785, 97.7842529883258, 83.32713308161831, 95.47029418055222], 'volume': 1271.906982421875, 'score': 35.586204528808594, 'system': 'TRICLINIC', 'centering': 'P', 'mode': 3}, {'cell': [21.478656768798828, 12.056539535522461, 5.0079827308654785, 97.78424615813664, 96.71732279845645, 93.65456352178519], 'volume': 1271.9072265625, 'score': 35.58604049682617, 'system': 'TRICLINIC', 'centering': 'P', 'mode': 3}, {'cell': [21.37114715576172, 11.958362579345703, 5.381287574768066, 92.65466480843034, 93.54449502331043, 94.4626432024894], 'volume': 1366.6630859375, 'score': 35.293155670166016, 'system': 'TRICLINIC', 'centering': 'P', 'mode': 3}, {'cell': [21.32855224609375, 12.029802322387695, 5.377124786376953, 96.76725148128925, 89.29207388757385, 94.69539555883593], 'volume': 1365.438232421875, 'score': 30.658172607421875, 'system': 'TRICLINIC', 'centering': 'P', 'mode': 3}, {'cell': [21.375469207763672, 11.955570220947266, 4.993377685546875, 92.32590731311012, 93.65083423849836, 94.47880343006565], 'volume': 1268.277099609375, 'score': 30.428569793701172, 'system': 'TRICLINIC', 'centering': 'P', 'mode': 3}]
#  3:ScatteringPowerAtom(N)
INITIAL X3f4781b 1 Rw 0.41456398113275866 LLK 399172366.3194868 Integrated 399171642.0109685 DOF -1
RUN 0 steps 100000 time 12.634364366531372 total 12.6344473361969 LLK 189968616.06909484 Rw 0.30794303867878875 Integrated 189967835.49680826
#  3:ScatteringPowerAtom(O)
INITIAL Xd8634a2 1 Rw 0.7334155045276423 LLK 755774.5166450082 Integrated 754748.9471840569 DOF -1
RUN 0 steps 100000 time 16.686217308044434 total 16.68633508682251 LLK 363104.62395572016 Rw 0.53636156847884 Integrated 362019.3711584604
#  0:ScatteringPowerAtom(O)
INITIAL Xe1fb77b 1 Rw 0.5224609084663558 LLK 1212914.6947931156 Integrated 1212229.6216296428 DOF -1
RUN 0 steps 100000 time 13.773471593856812 total 13.773539066314697 LLK 428352.67215082224 Rw 0.3278154268928502 Integrated 427558.62531903025
