CYCLE 2 2 Rw 0.08795728656531732 chi2 3318.2076380837725
CYCLE 3 0 Rw 0.08787065934629378 chi2 3311.6747955905457
CYCLE 3 1 Rw 0.08779107719384173 chi2 3305.678917895869
CYCLE 3 2 Rw 0.08837754542384726 chi2 3349.992102470013
FINISHED Xf8ac963 0.08837754542384725
X14a2b08 TRICLINIC P 3 peaks [4.14163, 7.36177, 8.19233, 8.75645, 10.67163, 11.55567, 12.46509, 14.00244, 15.03325, 15.75575, 16.44591, 17.69189, 18.00862, 18.55837, 18.99712, 19.31202, 19.57009, 20.22737] V 519.3095703125 2077.23828125 Lmax 35.72619825031028
3->35.7262,1.30905,24.9999
1.5708->2.35619,0.0785683,0.707107,9.99638
519.31->2077.24,389.492,3.9999
Starting: V=519.31->908.802
Finished: V=519.31->908.802 A^3, 25258 unit cells tested, 220014 tests/s,   Elapsed time=0.114809s
Starting: V=908.802->1298.29
     a=21.52-21.54 b=11.99-12.01 c= 4.95- 4.97 alpha= 90.57- 90.64 beta= 83.33- 83.31 gamma= 94.63- 94.70 V=1264.05-1272.65level=5, indexed=1(0 sol.)
     a=0.00220-0.00220 b=0.00700-0.00698 c=0.04139-0.04104 alpha=0.00063-0.00064 beta=0.00002-0.00006 gamma=-0.00221--0.00220level=5, indexed=1(0 sol.)
 Solution ? a= 21.535 b= 11.988 c=  4.968 alpha= 90.570 beta= 82.649 gamma= 94.848 V= 1267.59 score= 10.53 #   0
     a=21.52-21.54 b=11.99-12.01 c= 4.95- 4.97 alpha= 90.69- 90.76 beta= 83.32- 83.30 gamma= 94.64- 94.72 V=1264.08-1272.69level=5, indexed=1(1 sol.)
     a=0.00220-0.00220 b=0.00700-0.00698 c=0.04139-0.04104 alpha=0.00063-0.00064 beta=0.00009-0.00013 gamma=-0.00221--0.00220level=5, indexed=1(1 sol.)
 Solution ? a= 21.493 b= 11.988 c=  4.956 alpha= 91.126 beta= 83.552 gamma= 94.908 V= 1264.25 score= 10.96 #   1
     a=21.52-21.54 b=11.99-12.01 c= 4.95- 4.97 alpha= 90.82- 90.89 beta= 83.31- 83.29 gamma= 94.66- 94.73 V=1264.12-1272.73level=5, indexed=1(2 sol.)
     a=0.00220-0.00220 b=0.00700-0.00698 c=0.04139-0.04104 alpha=0.00063-0.00064 beta=0.00017-0.00020 gamma=-0.00221--0.00220level=5, indexed=1(2 sol.)
 Solution ? a= 21.493 b= 11.988 c=  4.956 alpha= 91.126 beta= 83.552 gamma= 94.908 V= 1264.25 score= 10.96 #   2
     a=21.52-21.54 b=11.99-12.01 c= 4.95- 4.97 alpha= 90.94- 91.02 beta= 83.30- 83.28 gamma= 94.67- 94.75 V=1264.16-1272.77level=5, indexed=1(3 sol.)
     a=0.00220-0.00220 b=0.00700-0.00698 c=0.04139-0.04104 alpha=0.00063-0.00064 beta=0.00024-0.00028 gamma=-0.00221--0.00220level=5, indexed=1(3 sol.)
 Solution ? a= 21.516 b= 11.988 c=  4.956 alpha= 91.020 beta= 83.034 gamma= 94.900 V= 1264.21 score= 10.69 #   3
     a=21.52-21.54 b=11.99-12.01 c= 4.95- 4.97 alpha= 91.07- 91.14 beta= 83.29- 83.27 gamma= 94.69- 94.76 V=1264.21-1272.82level=5, indexed=1(4 sol.)
BASE X3f4781b P 1 21 1 Rw 0.06420041238886574 chi2 10640268.443356976
BASE X3c176e2 P 21 21 21 Rw 0.04209624411018903 chi2 12934.076027350624
