{
 "cell": {
  "a": 6.023132815463172,
  "b": 5.527246730215676,
  "c": 28.00507208101998,
  "alpha": 90.0,
  "beta": 93.12344915312677,
  "gamma": 90.0
 },
 "space_group": "P 1 21 1",
 "space_group_number": 4
}BASE X2327841 P 1 21 1 Rw 0.05147560134981754 chi2 21795.13410138175
BASE Xe3a2935 P 21 21 21 Rw 0.08686757998547152 chi2 11191.285317772705
BASE X13023e3 P 1 21 1 Rw 0.7461644004438319 chi2 23773000497509.957
4.243000000000000327e+00 6.633920000000000073e+03 1.578579999999999983e-01
4.246999999999999886e+00 6.680850000000000364e+03 1.573880000000000001e-01
4.251000000000000334e+00 6.637460000000000036e+03 1.578180000000000138e-01
4.254999999999999893e+00 6.652310000000000400e+03 1.576809999999999878e-01
4.259000000000000341e+00 6.661539999999999964e+03 1.575830000000000009e-01
4.262999999999999901e+00 6.633770000000000437e+03 1.578579999999999983e-01
4.267000000000000348e+00 6.725569999999999709e+03 1.578380000000000061e-01
4.270999999999999908e+00 6.597210000000000036e+03 1.591319999999999957e-01
