# coding: utf-8
# Copyright (c) Mark Spillman.
# Distributed under the terms of the GPL v3 License.
"""
Provides functions for calculating chi-squared given a set of external and
internal degrees of freedom.
"""

import torch

import gallop.intensities as intensities
import gallop.zm_to_cart as zm_to_cart
import gallop.tensor_prep as tensor_prep


@torch.jit.script
def calc_int_chisqd(calculated_intensities, inverse_covariance_matrix,
        observed_intensities, chisqd_scale_sum_1_1):
    """
    Given sets of calculated intensities, the Pawley-derived inverse covariance
    matrix, and the extracted observed intensities, calculate intensity chi2
    according to the equation described by David et al.

    Args:
        calculated_intensities (Tensor): Tensor of shape (n_samples, n_peaks)
            containing the calculated intensity of each hkl
        inverse_covariance_matrix (Tensor): Tensor of shape (n_peaks, n_peaks)
            obtained from the Pawley fit of the diffraction data
        observed_intensities (Tensor): Tensor of shape (n_peaks,) - observed
            intensities obtained by Pawley fit
        sum_1_1 (Tensor): Pre-calculated first term of the scaling factor,
            equivalent to:
            torch.mv(inverse_covariance_matrix, observed_intensities)

    Returns:
        Tensor: the chi2 value for each calculated pattern
    """
    sum_1_2 = torch.einsum("ij,j->i",calculated_intensities,
                                    chisqd_scale_sum_1_1)

    #sum_2_1 = torch.einsum("ij,kj->ki",inverse_covariance_matrix,
    #                                    calculated_intensities)
    #sum_2_2 = torch.einsum("ij,ij->i",calculated_intensities,sum_2_1)
    sum_2_2 = torch.einsum("ij,jk,ik->i",calculated_intensities,
                                        inverse_covariance_matrix,
                                        calculated_intensities)

    # Scaling factor for calculated intensities.
    scale = (sum_1_2 / sum_2_2).reshape(-1,1)

    # Difference between observed and scaled calculated intensities
    #diff = observed_intensities.repeat(calculated_intensities.shape[0],1)\
    #        - (calculated_intensities*scale)
    diff = (observed_intensities.view(1, observed_intensities.shape[0])
            - (scale*calculated_intensities))

    # Finally calculate chisqd - d.A.d
    #chi_1 = torch.einsum("ij,kj->ki",inverse_covariance_matrix,diff) # A.d
    #chi_2 = torch.einsum("ij,ij->i",diff,chi_1) # d.(A.d)
    chi_2 = torch.einsum("ij,jk,ik->i",diff,inverse_covariance_matrix,diff)
    return chi_2 / (calculated_intensities.shape[1] - 2)

@torch.jit.script
def calc_prof_chisqd(calculated_intensities, baseline_peaks, scale_numerator, weights, profile):
    """
    Calculates profile chisquared from a set of calculated intensities, and baseline peaks derived
    from a DASH Pawley PIK file.

    Args:
        calculated_intensities (PyTorch Tensor): Intensities calculated during SDPD with GALLOP
                                                    Shape (n_particles, n_intensities)
        baseline_peaks (PyTorch Tensor):         Baseline peaks extracted from the DASH PIK file
                                                    Shape (n_intensities, n_points)
        scale_numerator (PyTorch Tensor):        Sum of the observed intensities for all points
                                                    Shape (1,)
        weights (PyTorch Tensor):                Tensor of (1/esd)**2 values, Precalculated to
                                                    save time. Shape (n_points,).
        profile (PyTorch Tensor):                Tensor of the PIK profile, Shape (n_points, 3)

    Returns:
        PyTorch Tensor: A tensor with shape (n_particles,) containing the profile
                        chi-square values
    """
    # Calculate the profiles by matrix multiplication
    calc_profiles = calculated_intensities @ baseline_peaks

    # Calculate the scaling factors for the calculated profiles
    scale_denominator = calc_profiles.sum(dim=1).unsqueeze(1)
    scale = scale_numerator / scale_denominator

    # The "-2" in the denominator is because DASH refines two background terms
    # during the Pawley refinement by default
    prof_chisquared = ((weights*((scale*calc_profiles - profile[:,1])**2)
                    ).sum(dim=1).reshape(-1,1) / (profile.shape[0]-2)).squeeze(1)
    return prof_chisquared

def get_chi_2(zm, int_tensors, chisqd_tensors, profile=None):
    """
    Convenience function to get chi2 directly from external/internal rather
    than performing the three steps required:
    1. coords, 2. intensities, 3. chi2

    The required arguments are produced and packaged into a dictionary by the
    gallop.tensor_prep code

    Args:
        zm (dict) : A dictionary containing the following tensors:
            external (Tensor): The external degrees of freedom
            internal (Tensor): The internal degrees of freedom
            position (list): List of tensors with the indices of the positional
                degrees of freedom (dtype=torch.long)
            rotation (list): List of tensors with the indices of the rotational
                degrees of freedom (dtype=torch.long)
            torsion (list): List of tensors with the indices of the torsional
                degrees of freedom (dtype=torch.long)
            initial_D2 (list): List of tensors of the initial_D2 matrices for
                each ZM with >0 internal DOFs
            zmatrices_degrees_of_freedom (list): List of ints of the total
                number of degrees of freedom for each Z-matrix
            bond_connection (list): List of tensors with the indices of the
                bonded atoms obtained from the ZMs. Only for ZMs with > 0
                torsions. (dtype=torch.long)
            angle_connection (list): List of tensors with the indices of the
                angle atoms obtained from the ZMs. Only for ZMs with > 0
                torsions. (dtype=torch.long)
            torsion_connection (list): List of tensors with the indices of the
                torsion atoms obtained from the ZMs. Only for ZMs with > 0
                torsions. (dtype=torch.long)
            torsion_refinable_indices (list): List of tensors with the indices
                of the refinable torsion angles obtained from the ZMs. Only for
                ZMs with > 0 torsions. (dtype=torch.long)
        int_tensors (dict) : A dictionary containing the following tensors:
            lattice_inv_matrix (Tensor): Inverse of the lattice matrix
                representation to convert Cartesian -> fractional coords
            init_cart_coords (list): List of tensors with Cartesian coordinates
                of rigid bodies (dtype=torch.long)
            hkl (Tensor): The Miller indices of the reflections
            intensity_calc_prefix_fs (Tensor): The atomic scattering factors,
                occus and Debye-Waller factors (optional) for all atoms in the
                unit cell
            intensity_calc_prefix_fs_asymmetric (Tensor): The atomic scattering
                factors, occus and Debye-Waller factors (optional) for atoms in
                the asymmetric unit.
            nsamples_ones (Tensor): A tensor of shape (n_samples, n_atoms, 1)
                that is required for the fall-back method of intensity
def minimise(Structure, external=None, internal=None, n_samples=10000,
    n_iterations=500, n_cooldown=100, device=None, dtype=torch.float32,
    n_reflections=None, learning_rate_schedule="1cycle",
    b_bounds_1_cycle=None, check_min=1, optimizer="Adam", verbose=False,
    print_every=10, learning_rate=3e-2, betas=None, eps=1e-8, loss="sum",
    start_time=None, run=1, torsion_shadowing=False, Z_prime=1, mapping=False,
    save_trajectories=False, save_grad=False, save_loss=False,
    include_dw_factors=True, chi2_solved=None, use_progress_bar=True,
    save_CIF=True, streamlit=False, use_restraints=False,
    restraint_weight_type="min_chi2", include_PO=False, PO_axis=(0, 0, 1),
    notebook=False, profile=False, step=1):
    """
    Main minimiser function used by GALLOP. Take a set of input external and
    internal degrees of freedom (as numpy arrays) together with the observed
    intensities and inverse covariance matrix, and optimise the chi-squared
    factor of agreement between the calculated and observed intensities.

    This forms one part of the GALLOP algorithm, the other part is a particle
    swarm optimisation step which is used to generate the starting positions
    that are passed to this minimisation function.

    Args:
        Structure (Structure object):   Contains all of the information about
            the crystal structure including PXRD data, Z-matrices, unit cell etc
        external (Numpy array, optional):   The external degrees of freedom for
            n_samples. Defaults to None. If None, then these will be randomly
            generated.
        internal (Numpy array, optional):   The internal degrees of freedom for
            n_samples. Defaults to None. If None, then these will be randomly
            generated.
        n_samples (int, optional):  If the external/internal DoFs are None,
            how many samples to generate. Defaults to 10000.
        n_iterations (int, optional): Total number of iterations to run the
            local-optimisation algorithm. Defaults to 500.
        n_cooldown (int, optional): Used in the 1-cycle learning rate policy.
            The number of iterations at the end of a local optimisation run with
            a low learning rate. Defaults to 100.
274:    intensity_tensors["affine_matrices"] = torch.from_numpy(
275:                        Structure.affine_matrices).type(dtype).to(device)
442:    from the GSAS-II source code.
447:    For original source code, see here:
            print(" - GSAS-II")
            print(" - TOPAS")
        self.centrosymmetric = self.check_centre_of_symmetry()
        self.affine_matrices = self.get_affine_matrices()

    def check_centre_of_symmetry(self):
        """
        Check if a structure is centrosymmetric

        Returns:
            bool: True if centrosymmetric
        """
        laue = ["-1", "2/m", "mmm", "4/m", "4/mmm",
                    "-3", "-3m", "6/m", "6/mmm", "m-3", "m-3m"]
        return self.space_group.point_group in laue

    def get_affine_matrices(self):
        """
        Get the affine matrices of the space group
        Used as a fall-back (generic) method for structure factor
        calculation.

        GALLOP Structure must have a pymatgen space_group assigned

        Returns:
            numpy array:    affine matrices for the space group
                            of shape (n,4,4) where n is the number
                            of equivalent positions for the space
                            group.
        """
        affine_matrices = []
        for op in self.space_group.symmetry_ops:
            affine_matrices.append(op.affine_matrix)
        return np.array(affine_matrices)

    def get_expanded(self, just_asymmetric, fractional_coords, all_atoms_elements,
