18
X019b9a4.json P -1 8.445005750645986,10.921928016393805,18.442412835425692,94.00614168977307
X07806d9.json P b c a 8.21111632,11.22538928,16.86389767,90
X13023e3.json P 1 21 1 6.02251550901109,5.528174664002437,28.00322267667898,93.11861606022124
X14a2b08.json P -1 5.008527463057915,12.033396739672057,21.51415126978056,82.3782348131188
X2327841.json P 1 21 1 25.040117516961892,4.934489037709938,12.391312068666151,90.78605448139774
X238783d.json P 21 21 21 8.846657044168616,20.132634723580942,23.94195584840581,90
X35b7fbc.json P 21 21 21 5.709514177833602,12.767253130037945,33.140742692492864,90
X3c176e2.json P 21 21 21 9.331965408830383,11.037584319784804,14.014904119692156,90
X3f4781b.json P 1 21 1 10.434444382076629,15.336558440316407,12.63341057418776,113.31222858690637
X9af54a2.json P 1 21 1 5.178728935315927,8.253763769789536,32.95138585905239,92.75227709009262
Xbfc6d2c.json P 1 21/a 1 7.61580175,14.62361089,11.90419347,105.48985247
Xbfeeda9.json P 1 21/a 1 13.202926946633223,12.367019901476281,16.69423334559393,101.65834198660818
Xd4c1a35.json P 21 21 21 11.762742951950804,12.007414777785911,24.28110761583716,90
Xd8634a2.json P -1 8.910169100782866,9.47845325451745,13.245308707674797,81.77580180151384
Xdcc971e.json P 1 21 1 11.045316302862348,7.179274380166719,18.479009331191573,101.97953139532386
Xe1fb77b.json P 1 21 1 5.593068355245877,15.360173538155827,13.880661577245984,94.97536479377817
Xe3a2935.json P 21 21 21 6.883037477025877,10.295864682053109,19.997917380234927,90
Xf8ac963.json P 21 21 21 9.32157165,11.39336933,16.26478724,90
/proc/2103 python /app/work/search_obj.py Xe1fb77b 1 1 
/proc/2104 python /app/work/search_obj.py X3f4781b 1 1 
/proc/2105 python /app/work/search_obj.py Xd8634a2 1 1 
/proc/2146 python /app/work/index_one.py X263b09a TRICLINIC P 3 
/proc/3081 python /app/work/search_gallop.py Xd8634a2 1 1 --prepare 
/proc/3084 python /app/work/fit_candidate.py X263b09a 1 
RUN 2 steps 1000000 time 122.21399545669556 total 280.5753171443939 LLK 266992.5026519843 Rw 0.27229540739865454 Integrated 266195.01914360735
RUN 3 steps 1000000 time 110.31026411056519 total 390.9472653865814 LLK 267984.1860941184 Rw 0.28812472188930094 Integrated 267153.1933922806
RUN 4 steps 1000000 time 107.07482075691223 total 498.02242279052734 LLK 274899.96644767845 Rw 0.2716840691315954 Integrated 274066.95868780575
RUN 5 steps 1000000 time 138.4205241203308 total 636.4432756900787 LLK 278147.17553763103 Rw 0.2678796009814994 Integrated 277303.81818088685
