/app/work/Xe3a2935/search_long.log
ObjRegistry<T>::Find(C): Not found !!
List of Crystal ScatteringPowers :0 object registered:
ObjRegistry<T>::Find(O): Not found !!
List of Crystal ScatteringPowers :1 object registered:
#  0:ScatteringPowerAtom(C)
ObjRegistry<T>::Find(N): Not found !!
List of Crystal ScatteringPowers :2 object registered:
#  0:ScatteringPowerAtom(C)
#  1:ScatteringPowerAtom(O)
INITIAL Xe3a2935 1 Rw 0.564972854154267 LLK 394247.6255201409 Integrated 393712.38298402895 DOF -1
RUN 0 steps 100000 time 10.51531434059143 total 10.515430927276611 LLK 54693.99730405666 Rw 0.23041775209750023 Integrated 54111.554128125594
RUN 1 steps 1000000 time 82.58428311347961 total 93.19862675666809 LLK 14984.862518667585 Rw 0.12762617609700574 Integrated 14407.284700997161
RUN 2 steps 1000000 time 83.88746356964111 total 177.18513679504395 LLK 15206.847109509185 Rw 0.12992222951296167 Integrated 14621.208385218206
FINISHED 14984.862518667585
/app/work/Xe3a2935/refine_1.log
Imported powder pattern: 10860 points, 2theta=  2.600 ->  13.459, step= 0.001
SCALED_SIGMA 1.6843317872021057 10859.999999999989
CYCLE 0 0 Rw 0.13359971706492826 chi2 9442.674653707556
CYCLE 0 1 Rw 0.13283049692864307 chi2 9334.252490573996
CYCLE 0 2 Rw 0.13282675186069892 chi2 9333.726151852252
CYCLE 1 0 Rw 0.10329901477127441 chi2 5645.16068610357
CYCLE 1 1 Rw 0.10088821790821875 chi2 5384.741396108227
CYCLE 1 2 Rw 0.10021182737878503 chi2 5312.780984946878
CYCLE 2 0 Rw 0.09859234987281075 chi2 5142.4536405702565
CYCLE 2 1 Rw 0.09822435157003354 chi2 5104.136621579735
CYCLE 2 2 Rw 0.09649127900561463 chi2 4925.610606064617
CYCLE 3 0 Rw 0.09772392193315224 chi2 5052.26039089757
CYCLE 3 1 Rw 0.09742140511531773 chi2 5021.028978207028
CYCLE 3 2 Rw 0.09777662599417353 chi2 5057.711388723606
FINISHED Xe3a2935 0.09777662599417353
/app/work/X4f6fe58/search_long.log
#  0:ScatteringPowerAtom(O)
#  1:ScatteringPowerAtom(C)
#  2:ScatteringPowerAtom(N)
ObjRegistry<T>::Find(Br): Not found !!
List of Crystal ScatteringPowers :4 object registered:
#  0:ScatteringPowerAtom(O)
#  1:ScatteringPowerAtom(C)
#  2:ScatteringPowerAtom(N)
#  3:ScatteringPowerAtom(Cl)
INITIAL X4f6fe58 1 Rw 0.22935856687268064 LLK 187418362.94374782 Integrated 187417443.5032024 DOF -1
RUN 0 steps 100000 time 13.821796655654907 total 13.821882963180542 LLK 77082117.15027301 Rw 0.14787357018564978 Integrated 77081197.52355725
RUN 1 steps 1000000 time 95.42674922943115 total 109.29201316833496 LLK 65810846.75504489 Rw 0.13828443825052208 Integrated 65809856.81014199
RUN 2 steps 1000000 time 96.17569589614868 total 205.5096230506897 LLK 70936717.3541786 Rw 0.14538455158610974 Integrated 70935750.52333073
RUN 3 steps 1000000 time 90.71047782897949 total 296.22042322158813 LLK 65535702.31303717 Rw 0.13577488442043298 Integrated 65534757.87250723
RUN 4 steps 1000000 time 93.22591209411621 total 389.48884320259094 LLK 67082916.05731387 Rw 0.1369709558701413 Integrated 67081968.249573536
/app/work/X4f6fe58/refine_pre.log
Imported powder pattern: 3981 points, 2theta=  5.470 ->  45.270, step= 0.010
SCALED_SIGMA 134.832605720839 3980.819686818688
CYCLE 0 0 Rw 0.13392443181369554 chi2 3961.4425750487726
CYCLE 0 1 Rw 0.13388734651791281 chi2 3959.2489360408917
CYCLE 0 2 Rw 0.13387436769350317 chi2 3958.4813667759136
CYCLE 1 0 Rw 0.12468473516755843 chi2 3433.683915521557
CYCLE 1 1 Rw 0.12486872757678776 chi2 3443.825299962971
CYCLE 1 2 Rw 0.13458613546332981 chi2 4000.6852544049875
CYCLE 2 0 Rw 0.1394857023194312 chi2 4297.274800824733
CYCLE 2 1 Rw 0.13578083737192723 chi2 4072.027526367378
CYCLE 2 2 Rw 0.1379261025980841 chi2 4201.715750139867
CYCLE 3 0 Rw 0.12784319581930764 chi2 3609.848511058077
CYCLE 3 1 Rw 0.1428709958825629 chi2 4508.39421394678
CYCLE 3 2 Rw 0.1306628374975749 chi2 3770.8383051098012
FINISHED X4f6fe58 0.1306628374975749
/app/work/Xd8634a2/gallop_search2.log
GALLOP 0 Nref 55 seconds 16.567200899124146 best 460.00992 q25 585.83276 median 629.47504 total 16.57240915298462
/app/work/search_gallop.py:17: RuntimeWarning: overflow encountered in cast
  if mn>=best:return
GALLOP 1 Nref 55 seconds 17.146788597106934 best 461.30682 q25 586.9834 median 629.43774 total 33.75222945213318
GALLOP 2 Nref 55 seconds 17.189765453338623 best 459.59558 q25 566.9965 median 616.29364 total 50.945202350616455
GALLOP 3 Nref 55 seconds 15.299838781356812 best 427.09406 q25 572.27356 median 613.6771 total 66.27779388427734
GALLOP 4 Nref 55 seconds 14.922781229019165 best 279.75958 q25 565.447 median 605.3883 total 81.23316693305969
GALLOP 5 Nref 55 seconds 15.117043495178223 best 283.843 q25 586.6362 median 622.2463 total 96.38314938545227
GALLOP 6 Nref 55 seconds 14.830591440200806 best 286.49258 q25 577.2937 median 623.2837 total 111.21723890304565
GALLOP 7 Nref 55 seconds 15.209508180618286 best 285.49426 q25 573.6009 median 612.25305 total 126.43019223213196
GALLOP 8 Nref 55 seconds 15.25828504562378 best 275.1812 q25 560.1579 median 610.062 total 141.69158482551575
GALLOP 9 Nref 55 seconds 14.798294305801392 best 277.26038 q25 567.5879 median 611.04846 total 156.52397847175598
GALLOP 10 Nref 55 seconds 14.508117437362671 best 278.871 q25 581.29846 median 628.71063 total 171.03489995002747
GALLOP 11 Nref 55 seconds 14.520373106002808 best 277.02725 q25 576.09265 median 625.1787 total 185.5583529472351
  0%|          | 0/8 [00:00<?, ?it/s]100%|██████████| 8/8 [00:00<00:00, 3246.37it/s]
/app/work/X3c176e2/isomer_search_0.log
ObjRegistry<T>::Find(O): Not found !!
List of Crystal ScatteringPowers :0 object registered:
ObjRegistry<T>::Find(C): Not found !!
List of Crystal ScatteringPowers :1 object registered:
#  0:ScatteringPowerAtom(O)
INITIAL X3c176e2 10 Rw 0.5814826311674418 LLK 2166722.0369650847 Integrated 2166117.3394177514 DOF -1
RUN 0 steps 100000 time 7.2305755615234375 total 7.230637550354004 LLK 335179.34399729315 Rw 0.24701464723365876 Integrated 334574.64644995966
RUN 1 steps 1000000 time 73.46277451515198 total 80.72907972335815 LLK 38999.913608169525 Rw 0.09042529294549981 Integrated 38395.21606083602
/app/work/X8a06d7a/index_TRICLINIC_P_3.log
1244 solutions ! Redparing...
-> 100 remaining
1181 solutions ! Redparing...
-> 100 remaining
2214 solutions ! Redparing...
-> 100 remaining
2245 solutions ! Redparing...
CellExplorer::ReduceSolutions(): update threshold for report from 18.0096 to 18.0207
-> 100 remaining
2187 solutions ! Redparing...
-> 100 remaining
1210 solutions ! Redparing...
-> 100 remaining
1820 solutions ! Redparing...
-> 100 remaining
