---X1db5091
index_raw_MONOCLINIC_C.log
Finished: V=1425.02->1800 A^3, 5494 unit cells tested, 306688 tests/s,   Elapsed time=0.017921s
DONE X1db5091 MONOCLINIC C 0 0.018050432205200195 []
index_raw_MONOCLINIC_P.log
376040unit cells tested, 53517.4 tests/s,   Elapsed time=7.0265s
DONE X1db5091 MONOCLINIC P 100 7.0284740924835205 [{'cell': [3.9968767166137695, 40.9653434753418, 12.844257354736328, 90.00000250447816, 98.85094412157422, 90.00000250447816], 'volume': 2077.9912109375, 'score': 31.327669143676758, 'system': 'MONOCLINIC', 'centering': 'P', 'mode': 4}, {'cell': [3.9551713466644287, 40.9653434753418, 12.844257354736328, 90.00000250447816, 98.85094412157422, 90.00000250447816], 'volume': 2056.308349609375, 'score': 31.327669143676758, 'system': 'MONOCLINIC', 'centering': 'P', 'mode': 4}, {'cell': [3.9143269062042236, 40.9653434753418, 12.844257354736328, 90.00000250447816, 98.85094412157422, 90.00000250447816], 'volume': 2035.0732421875, 'score': 31.327669143676758, 'system': 'MONOCLINIC', 'centering': 'P', 'mode': 4}, {'cell': [3.874316930770874, 40.9653434753418, 12.844257354736328, 90.00000250447816, 98.85094412157422, 90.00000250447816], 'volume': 2014.2718505859375, 'score': 31.327669143676758, 'system': 'MONOCLINIC', 'centering': 'P', 'mode': 4}, {'cell': [4.002309322357178, 40.9653434753418, 12.861716270446777, 90.00000250447816, 99.33711698669572, 90.00000250447816], 'volume': 2080.81591796875, 'score': 31.327669143676758, 'system': 'MONOCLINIC', 'centering': 'P', 'mode': 4}]
index_raw_ORTHOROMBIC_C.log
Finished: V=1425.02->1800 A^3, 197 unit cells tested, 230679 tests/s,   Elapsed time=0.00086s
DONE X1db5091 ORTHOROMBIC C 0 0.000982046127319336 []
index_raw_ORTHOROMBIC_P.log
1594unit cells tested, 50285.5 tests/s,   Elapsed time=0.031705s
DONE X1db5091 ORTHOROMBIC P 75 0.03301715850830078 [{'cell': [3.9964659214019775, 12.682490348815918, 40.938026428222656, 90.00000250447816, 90.00000250447816, 90.00000250447816], 'volume': 2074.949462890625, 'score': 25.10125160217285, 'system': 'ORTHOROMBIC', 'centering': 'P', 'mode': 4}, {'cell': [3.9547643661499023, 12.682490348815918, 40.938026428222656, 90.00000250447816, 90.00000250447816, 90.00000250447816], 'volume': 2053.29833984375, 'score': 25.10125160217285, 'system': 'ORTHOROMBIC', 'centering': 'P', 'mode': 4}, {'cell': [3.913924217224121, 12.682490348815918, 40.938026428222656, 90.00000250447816, 90.00000250447816, 90.00000250447816], 'volume': 2032.09423828125, 'score': 25.10125160217285, 'system': 'ORTHOROMBIC', 'centering': 'P', 'mode': 4}, {'cell': [3.8739187717437744, 12.682490348815918, 40.938026428222656, 90.00000250447816, 90.00000250447816, 90.00000250447816], 'volume': 2011.323486328125, 'score': 25.10125160217285, 'system': 'ORTHOROMBIC', 'centering': 'P', 'mode': 4}, {'cell': [3.8347229957580566, 12.682490348815918, 40.938026428222656, 90.00000250447816, 90.00000250447816, 90.00000250447816], 'volume': 1990.973388671875, 'score': 25.10125160217285, 'system': 'ORTHOROMBIC', 'centering': 'P', 'mode': 4}]
index_raw_TRICLINIC_P.log
     a=0.00686-0.00678 b=0.00842-0.00836 c=0.01165-0.01154 alpha=0.00604-0.00612 beta=0.00542-0.00550 gamma=0.00114-0.00125level=5, indexed=1(46 sol.)
 Solution ? a= 13.235 b= 12.398 c=  9.660 alpha=105.578 beta= 87.131 gamma=113.920 V= 1392.70 score=  6.54 #  46
---Xebbd488
index_raw_MONOCLINIC_P.log
Finished: V=4910.37->5440.42 A^3, 14045579 unit cells tested, 251448 tests/s,   Elapsed time=55.8587s
Starting: V=5440.42->5970.48
index_raw_ORTHOROMBIC_C.log
Finished: V=5970.48->6500 A^3, 3260 unit cells tested, 329659 tests/s,   Elapsed time=0.009895s
DONE Xebbd488 ORTHOROMBIC C 0 0.01003408432006836 []
index_raw_ORTHOROMBIC_P.log
Finished: V=5970.48->6500 A^3, 31021 unit cells tested, 924813 tests/s,   Elapsed time=0.033549s
DONE Xebbd488 ORTHOROMBIC P 0 0.03370380401611328 []
---X8a6f5a8
index_raw*.log
---X7e382cb
index_raw*.log
---Xb7088cf
index_raw*.log
---Xedd9c7b
index_raw*.log
---/app/work/Xfca9f3c/alltrans_search.log
#  0:ScatteringPowerAtom(C)
Imported powder pattern: 7041 points, 2theta=  1.956 ->  23.076, step= 0.003
RESCALED_BASE 1.0004855341445278 0.039754261519721154 7041.0000000000255
INITIAL Xfca9f3c 10 Rw 0.38323619458375335 LLK 591929.3554402896 Integrated 590856.4725829696 DOF -1
RUN 0 steps 100000 time 18.19563364982605 total 18.195693016052246 LLK 39177.67519793709 Rw 0.12818016239121097 Integrated 38104.79234061706
---/app/work/X13023e3/search2.log
INITIAL X13023e3 2 Rw 0.8190377261998859 LLK 18459.90367052231 Integrated 17274.626497113095 DOF -1
RUN 0 steps 100000 time 8.243419170379639 total 8.243496417999268 LLK 29789.981105425944 Rw 0.2328567931741872 Integrated 681.6905276021217
RUN 1 steps 1000000 time 174.72498655319214 total 183.01064729690552 LLK 13090.754589644603 Rw 0.1896736748040253 Integrated 1338.8438597643267
RUN 2 steps 1000000 time 145.8339958190918 total 328.9045977592468 LLK 8351.929643690664 Rw 0.22025584136493037 Integrated 383.53627257699
RUN 3 steps 1000000 time 145.93001461029053 total 474.9002454280853 LLK 10688.026551158733 Rw 0.24820608330485333 Integrated 582.6306827719
---/app/work/X35b7fbc/search2.log
/app/work/raw_index_queue.sh: line 3:  5134 Killed                  timeout 420 python /app/work/index_one.py $id TRICLINIC P 4 $vol > /app/work/$id/index_raw_TRICLINIC_P.log 2>&1
