
X8a6f5a8
 1  3.8932     222.9 w0.036 e0.003 
 2  5.6109   34033.3 w0.176 e0.002 *
 3  6.3617      99.8 w0.051 e0.023 
 4  6.8283     277.8 w0.186 e0.013 
 5  7.2342     115.5 w0.018 e0.035 
 6  8.2559    6396.0 w0.183 e0.002 *
 7  8.6436     145.6 w0.038 e0.006 
 8  8.9710     122.0 w0.024 e0.006 
 9 11.2215    5412.7 w0.210 e0.006 *
10 11.5816   32421.1 w0.135 e0.001 *
11 11.9763     190.4 w0.009 e0.108 
12 12.2496    2470.4 w0.241 e0.003 *
13 13.3044    2781.5 w0.144 e0.002 *
14 13.5437    2191.6 w0.127 e0.001 *
15 14.2686    2508.4 w0.181 e0.002 *
16 15.3447    6131.1 w0.201 e0.002 *
17 15.9526    9590.6 w0.263 e0.001 *
18 16.2257    4535.1 w0.126 e0.001 *
19 16.5263    9640.9 w0.158 e0.001 *
20 16.8880    4209.6 w0.177 e0.002 *
21 17.0800    2275.9 w0.126 e0.010 *
22 18.3509   38156.1 w0.206 e0.001 *
23 18.7820    4729.1 w0.148 e0.002 *
24 19.2790    2837.9 w0.158 e0.017 *
25 19.6938   21602.5 w0.187 e0.001 *
26 20.3034   12088.4 w0.176 e0.001 
27 20.7701    8479.7 w0.221 e0.001 
28 21.0439    2339.6 w0.149 e0.002 
29 21.3752    1121.8 w0.125 e0.003 
30 21.7222    6130.1 w0.158 e0.001 
31 22.2177    5228.5 w0.218 e0.001 
32 22.5887     837.4 w0.092 e0.017 
33 23.0119   18100.6 w0.148 e0.001 
34 23.3590   24708.0 w0.286 e0.001 
35 24.4149   15407.8 w0.462 e0.003 
36 25.1053    5990.4 w0.188 e0.002 
37 25.4225   12262.8 w0.315 e0.005 
38 26.8262   32794.0 w0.282 e0.002 
39 27.4477    2399.4 w0.241 e0.002 
40 28.0981    2380.2 w0.300 e0.004 
41 28.7839    1168.3 w0.184 e0.003 
42 29.2628     729.9 w0.140 e0.003 
43 29.5162    2361.0 w0.208 e0.002 
44 30.1159     100.7 w0.045 e0.011 
45 30.2130     286.0 w0.180 e0.039 

Xebbd488
 1  5.8363    1401.7 w0.091 e0.003 *
 2  6.9811   24375.9 w0.206 e0.002 *
 3  7.7401    1345.1 w0.109 e0.007 *
 4  7.9684    9968.4 w0.152 e0.001 *
 5  9.1606   15486.1 w0.169 e0.002 *
 6  9.7869     181.2 w0.018 e0.101 
 7 11.2077    3291.2 w0.109 e0.002 *
 8 11.3693   15641.3 w0.217 e0.001 *
 9 12.5636    3308.8 w0.205 e0.003 *
10 12.9130     917.6 w0.134 e0.005 *
11 13.9197    8110.6 w0.171 e0.001 *
12 14.3339    1171.7 w0.124 e0.004 *
13 14.7987    4984.7 w0.142 e0.002 *
14 15.3928    9009.3 w0.160 e0.002 *
15 15.9412   17263.1 w0.202 e0.001 *
16 16.2447    1762.2 w0.130 e0.003 *
17 16.7465     269.6 w0.028 e0.016 
18 16.8898     201.4 w0.176 e0.030 
19 17.2216     265.8 w0.018 e0.055 
20 17.5517     705.2 w0.149 e0.009 *
21 18.2405   15766.8 w0.219 e0.001 *
22 18.8574   21900.0 w0.201 e0.001 *
23 19.6996    6508.4 w0.220 e0.002 *
24 20.6416   42188.7 w0.189 e0.002 *
25 21.8076    1632.8 w0.401 e0.038 
26 22.1842    8339.3 w0.348 e0.013 
27 22.8130   20246.7 w0.174 e0.001 
28 23.4149    1437.0 w0.135 e0.004 
29 23.9806    4639.3 w0.202 e0.002 
30 24.6969    3555.3 w0.203 e0.002 
31 25.0805    2877.9 w0.119 e0.002 
32 25.4014    7883.1 w0.224 e0.002 
33 25.9676    2316.9 w0.196 e0.003 
34 26.7754     282.8 w0.040 e0.068 
35 27.0499    2104.3 w0.203 e0.004 
36 27.3914    1578.0 w0.162 e0.004 
37 27.8367    1517.3 w0.478 e0.012 
38 28.3822    4909.9 w0.372 e0.003 
39 29.1139    1567.7 w0.153 e0.003 
40 29.4832    1014.7 w0.243 e0.005 
41 29.8496    1081.1 w0.185 e0.006 
42 30.6833    3133.2 w0.204 e0.002 
43 31.2684    1496.7 w0.251 e0.005 
44 31.6941     233.1 w0.026 e0.006 
45 31.9968     561.5 w0.190 e0.008 

X1db5091
 1  3.1957     113.9 w0.012 e0.608 
 2  3.5370     111.9 w0.110 e0.029 
 3  3.9385     139.0 w0.044 e0.004 
 4  4.2791     257.9 w0.415 e0.026 *
 5  4.7152     103.0 w0.163 e0.138 
 6  5.0500     137.7 w0.005 e93.366 
 7  5.3064      87.2 w0.039 e0.080 
 8  6.1072     129.9 w0.036 e0.062 
 9  6.5845     184.1 w0.016 e0.029 
10  7.2547    1146.4 w0.175 e0.003 *
11  8.1430    3069.6 w0.190 e0.002 *
12  8.5683     424.7 w0.157 e0.008 *
13  9.4714    5677.0 w0.216 e0.002 *
14 10.4261     109.0 w0.030 e0.080 
15 10.6411     123.7 w0.098 e0.073 
16 10.9484     360.8 w0.874 e0.092 
17 12.9213    3017.6 w0.213 e0.001 *
18 13.9032    6501.9 w0.200 e0.001 *
19 14.0751    4133.0 w0.114 e0.001 *
20 14.5618    3058.4 w0.181 e0.002 *
21 15.3497    5156.2 w0.186 e0.001 *
22 16.3862    2718.0 w0.207 e0.002 *
23 17.2734    3255.7 w0.222 e0.001 *
24 17.6268    1158.3 w0.143 e0.003 *
25 18.6216    4920.6 w0.299 e0.001 *
26 19.0540    2970.4 w0.149 e0.003 *
27 19.4746    7919.8 w0.271 e0.001 *
28 20.9806   10939.2 w0.195 e0.001 *
29 21.4105   12176.6 w0.187 e0.001 *
30 21.9526    3091.4 w0.167 e0.001 
31 22.5370    7828.3 w0.350 e0.003 
32 23.6100     486.9 w0.166 e0.033 
33 23.8886    5736.3 w0.289 e0.002 
34 24.7359    3578.0 w0.219 e0.002 
35 25.3421    6247.0 w0.244 e0.001 
36 26.0077   10359.4 w0.529 e0.008 
37 27.3074    7549.0 w0.459 e0.005 
38 28.5704    6155.9 w0.301 e0.001 
39 29.6868     679.4 w0.218 e0.006 
40 30.8614    2281.9 w0.347 e0.004 
41 32.0726    3532.3 w0.303 e0.001 
42 33.6591    1478.3 w0.425 e0.004 
43 34.4483     736.1 w0.221 e0.004 
44 35.6181     867.9 w0.373 e0.006 
45 35.9498     204.8 w0.086 e0.010 

X7e382cb
 1  1.2413     545.4 w0.405 e0.011 
 2  2.8081     409.4 w0.100 e0.003 *
 3  5.6352     464.0 w0.097 e0.003 *
 4  7.7320     548.2 w0.094 e0.003 *
 5  8.2769    5548.9 w0.215 e0.003 *
 6  8.6697   17576.1 w0.185 e0.000 *
 7  9.8269     395.0 w0.081 e0.014 
 8 10.5243     119.2 w0.042 e0.010 
 9 10.7583     145.3 w0.030 e0.006 
10 11.3011    3430.3 w0.134 e0.001 *
11 11.7453    3852.2 w0.321 e0.005 *
12 12.6843     348.8 w0.142 e0.007 *
13 13.3384    3665.1 w0.282 e0.002 *
14 13.8507     646.0 w0.406 e0.093 *
15 14.1362    1744.1 w0.134 e0.004 *
16 14.4405     235.6 w0.050 e0.005 
17 14.9853     164.5 w0.093 e0.012 
18 15.4879     645.5 w0.143 e0.003 *
19 16.7357    1245.8 w0.366 e0.002 
20 17.6301     139.5 w0.028 e0.008 
21 18.2388     126.9 w0.020 e0.008 
22 19.1501    1043.2 w0.193 e0.004 *
23 19.5747      99.5 w0.051 e0.009 
24 20.6046     523.9 w0.393 e0.047 
25 20.8822     141.7 w0.035 e0.008 
26 21.3742     130.2 w0.075 e0.008 
27 21.7716     475.6 w0.634 e0.084 
28 22.9124     125.6 w0.192 e0.025 
29 23.8043     351.5 w0.219 e0.006 
30 24.6929     126.7 w0.122 e0.008 
31 25.5016     214.8 w0.119 e0.007 
32 26.4689     156.5 w0.021 e0.008 
33 26.9942     142.4 w0.017 e0.008 
34 28.1851     103.5 w0.184 e0.026 
35 28.5451     157.2 w0.182 e0.008 
36 29.2372     139.8 w0.088 e0.008 
37 29.9376     213.0 w0.049 e0.008 
38 31.2216     161.2 w0.034 e0.008 
39 31.7699     116.2 w0.138 e0.014 
40 33.7025     122.0 w0.234 e0.025 
41 35.7823     131.8 w0.044 e0.008 
42 39.7674     122.5 w0.118 e0.008 

Xb7088cf
 1  2.0948     350.4 w0.103 e0.003 *
 2  4.2270     986.8 w0.082 e0.001 *
 3  4.7620     103.0 w0.028 e0.005 
 4  5.3445     113.0 w0.081 e0.005 
 5  6.0292     267.1 w0.085 e0.003 *
 6  8.2921     188.1 w0.040 e0.004 
 7  8.6532    1795.2 w0.089 e0.002 *
 8  8.8621     506.1 w0.057 e0.002 *
 9  9.1498     718.1 w0.103 e0.005 *
10  9.3371    1404.4 w0.067 e0.001 *
11  9.6214    3278.7 w0.112 e0.001 *
12 10.1031    1076.7 w0.210 e0.027 *
13 10.2063     170.1 w0.103 e0.350 
14 10.5672     606.3 w0.200 e0.005 *
15 11.1077     280.0 w0.111 e0.004 *
16 11.7455     885.5 w0.134 e0.002 *
17 12.1910     269.0 w0.071 e0.005 
18 12.5015    1008.9 w0.115 e0.002 *
19 12.9195     632.9 w0.098 e0.002 *
20 13.2967     254.1 w0.103 e0.007 *
21 13.9953     212.1 w0.101 e0.005 *
22 14.5362     131.1 w0.119 e0.013 *
23 14.8343     190.6 w0.165 e0.017 
24 15.2247     196.0 w0.080 e0.005 *
25 15.8724     204.7 w0.184 e0.007 
26 16.5976     243.7 w0.200 e0.016 
27 16.8564     130.1 w0.024 e0.008 
28 17.4563     213.3 w0.245 e0.008 
29 18.0260     161.1 w0.117 e0.010 
30 18.9911     174.9 w0.082 e0.008 
31 19.7731     113.6 w0.101 e0.007 
32 20.6125     100.7 w0.091 e0.008 
33 22.0159      86.4 w0.081 e0.007 
34 22.9941     113.9 w0.186 e0.010 
35 25.0529     147.8 w0.055 e0.008 

Xedd9c7b
 1 11.1074     395.1 w0.119 e0.004 *
 2 11.8199     902.0 w0.152 e0.003 *
 3 12.5295     121.7 w0.101 e0.011 *
 4 14.2658     743.4 w0.118 e0.003 *
 5 14.8881     462.2 w0.124 e0.004 *
 6 15.3992     207.8 w0.113 e0.007 *
 7 17.1293     391.4 w0.126 e0.006 *
 8 17.3885    1006.2 w0.141 e0.003 *
 9 17.8838      78.5 w0.718 e0.053 
10 19.3191     396.3 w0.183 e0.006 *
11 19.6552      71.5 w0.040 e0.013 
12 19.9857     767.2 w0.179 e0.003 *
13 20.6193     482.9 w0.158 e0.004 *
14 21.5027     175.1 w0.119 e0.008 *
15 22.2280     424.5 w0.195 e0.006 *
16 22.9871      52.5 w0.068 e0.058 
17 23.8782     166.3 w0.163 e0.010 *
18 24.3355     128.7 w0.163 e0.014 *
19 24.9097      67.1 w0.143 e0.025 
20 25.2383     389.0 w0.172 e0.006 *
21 25.6784     125.6 w0.631 e0.150 
22 26.4934      96.5 w0.205 e0.017 *
23 27.5376      46.1 w0.046 e0.039 
24 28.1929     105.6 w0.308 e0.021 *
25 28.8054     173.7 w0.189 e0.010 *
26 29.3035      79.9 w0.157 e0.016 
27 31.2544      67.7 w0.304 e0.028 
28 32.1605     134.5 w0.952 e0.047 
29 37.2239      46.3 w0.232 e0.033 
