INDEX_DE X263b09a [4.3076318233279585, 7.5484744479574495, 8.265939443929566, 9.103194720133237, 10.837714637986503, 12.082768428569505, 12.964551699724028, 14.287837486704243, 15.308064922586915, 15.738310557954422, 16.26, 16.628598884229337, 17.713684352690358, 18.382440300431355, 19.13, 19.26, 19.71, 19.86, 20.736914535192962, 21.076337457626984] bounds [(0.14285714285714285, 0.23255813953488372), (0.07142857142857142, 0.09523809523809523), (np.float64(0.048545576441316525), np.float64(0.04903347168193277)), (-0.3, 0.3), (-0.3, 0.3), (-0.3, 0.3), (-0.05, 0.05)]
TRIAL 0 elapsed 16.734817504882812 cost 0.09280432128243825 M 8.841824335559254 cell [ 5.4684 11.737  20.64   83.84   95.3092 88.5778] zero -0.023673027433868867 diff [-0.0089  0.0024  0.0099  0.0024 -0.0017  0.0154  0.0036 -0.0004 -0.0079
  0.0027 -0.0079 -0.0095 -0.009   0.0225 -0.0263 -0.0007 -0.0181 -0.0128
  0.2194  0.0058] bestcost 0.09280432128243825
List of Crystal ScatteringPowers :0 object registered:
ObjRegistry<T>::Find(H): Not found !!
List of Crystal ScatteringPowers :1 object registered:
#  0:ScatteringPowerAtom(C)
Imported powder pattern: 6943 points, 2theta=  2.277 ->  23.103, step= 0.003
RESCALED_BASE 1.224626685960413 0.032595619546122605 6943.000000000018
INITIAL Xdcc971e 10 Rw 0.5962140723022458 LLK 2227983.930241465 Integrated 2226991.939336866 DOF -1
RUN 0 steps 100000 time 22.155190229415894 total 22.155253887176514 LLK 1015398.6955895077 Rw 0.41639348058299713 Integrated 1014406.7046849087
ObjRegistry<T>::Find(N): Not found !!
List of Crystal ScatteringPowers :2 object registered:
#  0:ScatteringPowerAtom(C)
#  1:ScatteringPowerAtom(O)
Imported powder pattern: 7136 points, 2theta=  2.300 ->  20.137, step= 0.003
RESCALED_BASE 3.6418637513412286 0.06912182078479759 7136.00000000004
INITIAL X35b7fbc 2 Rw 0.6874752172078724 LLK 450528.6739564393 Integrated 449203.8273532785 DOF -1
RUN 0 steps 100000 time 15.05964207649231 total 15.059704542160034 LLK 129786.86494035748 Rw 0.33936977435798 Integrated 128399.62516818871
