Imported powder pattern: 3064 points, 2theta=  5.450 ->  36.090, step= 0.010
FRESH_BASE Xd4c1a35 P 21 21 21 0.09397395079333273 259591.0894765085
Imported powder pattern: 3064 points, 2theta=  5.450 ->  36.090, step= 0.010
SCALED 546.9577051060085 Rw 0.09397395079333266 Chi2 3063.999999999989
 -0.0067 -0.0184 -0.0256  0.0035  0.0096  0.002  -0.1119  0.0207  0.0171
 -0.0229 -0.0232  0.0069  0.0155  0.0145] bestcost 0.22712882144390364
TRIAL 2 elapsed 26.562382698059082 cost 0.16871704995555464 M 4.069949668313886 cell [ 7.1384 14.0759 20.7759 83.6587 94.8392 79.4778] zero -0.02412254045486022 diff [-2.700e-03 -1.140e-02  2.250e-02  1.470e-02  5.907e-01 -5.000e-04
 -5.800e-03  1.310e-02 -2.160e-02 -7.200e-03  1.100e-02 -3.450e-02
 -1.110e-02 -7.400e-03  1.780e-02 -5.470e-02  5.100e-03 -9.400e-03
  6.700e-03 -3.200e-03  8.600e-03  1.300e-03  1.800e-03] bestcost 0.16871704995555464
TRIAL 3 elapsed 35.62526273727417 cost 0.18351793494446156 M 5.6921724149862785 cell [  6.7409  12.9296  21.5152 107.1289  86.592  100.0439] zero -0.025844486193413136 diff [-1.070e-02 -2.000e-03  4.381e-01  4.000e-04  1.240e-02 -4.020e-02
 -2.820e-02 -7.300e-03 -8.000e-04  1.000e-03  9.600e-03 -1.690e-02
  3.400e-03  2.790e-02  5.700e-03 -1.880e-02  5.300e-03 -8.800e-03
  1.670e-02  2.060e-02 -2.000e-04 -1.090e-02 -6.800e-03] bestcost 0.16871704995555464
TRIAL 4 elapsed 51.08567547798157 cost 0.17953276526356354 M 3.9817169231457146 cell [ 6.4254 13.8732 20.8568 83.3472 82.8319 93.8427] zero -0.020498452238451443 diff [ 1.000e-03  5.000e-04  1.270e-02  1.830e-02  6.097e-01 -1.600e-02
  3.900e-03 -2.500e-03 -1.200e-03  5.900e-03 -1.250e-02 -3.080e-02
  1.070e-02  1.810e-02 -4.470e-02  1.300e-03  5.000e-04 -1.770e-02
 -2.660e-02 -1.950e-02  1.700e-02  1.580e-02  2.600e-03] bestcost 0.16871704995555464
List of Crystal ScatteringPowers :2 object registered:
#  0:ScatteringPowerAtom(C)
#  1:ScatteringPowerAtom(O)
Imported powder pattern: 7136 points, 2theta=  2.300 ->  20.137, step= 0.003
RESCALED_BASE 3.6418637513412286 0.06912182078479759 7136.00000000004
INITIAL X35b7fbc 2 Rw 0.6874752172078724 LLK 450528.6739564393 Integrated 449203.8273532785 DOF -1
RUN 0 steps 100000 time 15.05964207649231 total 15.059704542160034 LLK 129786.86494035748 Rw 0.33936977435798 Integrated 128399.62516818871
RUN 1 steps 3000000 time 527.2915515899658 total 542.4528856277466 LLK 84205.08226380886 Rw 0.27744827386574217 Integrated 82684.0416052375
#  0:ScatteringPowerAtom(C)
Imported powder pattern: 6943 points, 2theta=  2.277 ->  23.103, step= 0.003
RESCALED_BASE 1.224626685960413 0.032595619546122605 6943.000000000018
INITIAL Xdcc971e 10 Rw 0.5962140723022458 LLK 2227983.930241465 Integrated 2226991.939336866 DOF -1
RUN 0 steps 100000 time 22.155190229415894 total 22.155253887176514 LLK 1015398.6955895077 Rw 0.41639348058299713 Integrated 1014406.7046849087
RUN 1 steps 1000000 time 268.2165427207947 total 290.44245624542236 LLK 1183168.9113824582 Rw 0.5286491654204944 Integrated 1182176.9204778592
ObjRegistry<T>::Find(O): Not found !!
List of Crystal ScatteringPowers :1 object registered:
#  0:ScatteringPowerAtom(C)
ObjRegistry<T>::Find(Cl): Not found !!
List of Crystal ScatteringPowers :2 object registered:
#  0:ScatteringPowerAtom(C)
#  1:ScatteringPowerAtom(O)
Imported powder pattern: 3063 points, 2theta=  5.450 ->  36.080, step= 0.010
RESCALED_BASE 1326.5905926244063 0.22788751763707085 3063.0108003985524
INITIAL Xd4c1a35 1 Rw 0.8221154448211628 LLK 8501.45652798853 Integrated 6882.947397421645 DOF -1
