CELL [ 5.90378362 11.24937973 30.07959006 90.         90.         90.        ] V 1997.7029995618886 zero 0.019095688324654518
  1   5.87458 H 544516.7 W 0.1003 diff  0.0208 [[0, 0, 2]]
  2   8.37569 H 209624.7 W 0.1369 diff  0.0349 [[0, 1, 1], [0, 1, -1]]
  3  11.79464 H  71515.8 W 0.1521 diff -0.0076 [[0, 0, 4]]
  4  14.15707 H  34696.6 W 0.1461 diff  0.0284 [[0, 1, -4], [0, 1, 4]]
  5  14.99658 H   6151.0 W 0.1173 diff  0.0284 [[1, 0, 0]]
  6  15.29396 H  83694.6 W 0.1994 diff  0.0190 [[1, 0, -1], [1, 0, 1]]
  7  15.74291 H   3606.1 W 0.1043 diff  0.0313 [[0, 2, 0]]
  8  16.12140 H  98023.2 W 0.1612 diff  0.0255 [[1, 0, 2], [1, 0, -2]]
  9  16.80836 H 214353.3 W 0.1790 diff  0.0391 [[0, 2, 2], [0, 2, -2]]
 10  17.20776 H  36999.2 W 0.1390 diff  0.0278 [[1, 1, 1], [1, 1, -1], [1, -1, 1], [1, -1, -1]]
 11  17.70678 H 342062.9 W 0.1438 diff  0.0035 [[0, 0, 6]]
 12  17.97177 H  42314.7 W 0.2053 diff  0.0110 [[1, 1, -2], [1, 1, 2], [1, -1, -2], [1, -1, 2]]
 13  19.14000 H  56660.9 W 0.0987 diff -0.0090 [[1, 0, 4], [1, 0, -4], [1, 1, -3], [1, 1, 3], [1, -1, -3], [1, -1, 3]]
 14  19.39601 H 106089.0 W 0.1258 diff  0.0070 [[0, 1, 6], [0, 1, -6]]
 15  19.72196 H   3511.9 W 0.1098 diff  0.0070 [[0, 2, 4], [0, 2, -4]]
 16  20.69094 H  47512.9 W 0.1586 diff -0.0021 [[0, 0, 7], [1, 1, 4], [1, -1, -4], [1, 1, -4], [1, -1, 4]]
 17  21.08593 H 100621.1 W 0.1614 diff  0.0166 [[1, 0, -5], [1, 0, 5]]
 18  21.84000 H  47613.3 W 0.2081 diff  0.0031 [[1, 2, 0], [1, -2, 0]]
 19  22.04000 H  18173.6 W 0.0411 diff  0.0047 [[1, -2, -1], [1, -2, 1], [1, 2, -1], [1, 2, 1]]
 20  22.57878 H  73688.0 W 0.2146 diff -0.0277 [[1, 1, 5], [1, 1, -5], [1, -1, 5], [1, -1, -5]]
 21  23.26621 H   5104.9 W 0.1088 diff  0.0295 [[1, 0, -6], [1, 0, 6]]
 22  23.75450 H  92854.8 W 0.1964 diff -0.0079 [[0, 3, 0], [0, 2, 6], [0, 2, -6]]
 23  24.61491 H 115303.7 W 0.2028 diff  0.0071 [[1, -1, -6], [1, 1, -6], [1, 1, 6], [1, -1, 6]]
 24  24.88140 H  21213.2 W 0.1532 diff  0.0012 [[1, 2, -4], [1, -2, 4], [1, -2, -4], [1, 2, 4]]
 25  26.44476 H  49187.4 W 0.2207 diff  0.0031 [[1, 2, 5], [1, 2, -5], [1, -2, 5], [1, -2, -5]]
 26  26.87369 H   9141.5 W 0.1484 diff  0.0023 [[1, 1, 7], [1, -1, 7], [1, -1, -7], [1, 1, -7]]
 27  28.26898 H  42940.9 W 0.3642 diff -0.0178 [[1, 2, 6], [1, -2, 6], [1, 2, -6], [1, -2, -6]]
 28  28.84219 H   6530.1 W 0.1691 diff -0.0002 [[1, 3, -2], [1, -3, 2], [1, -3, -2], [1, 3, 2]]
 29  29.27063 H   7829.5 W 0.1576 diff  0.0059 [[1, 1, 8], [1, -1, 8], [1, -1, -8], [1, 1, -8]]
 30  29.61755 H  15883.0 W 0.2194 diff -0.0044 [[1, -3, -3], [1, 3, 3], [1, -3, 3], [1, 3, -3]]
 31  30.76342 H  47746.7 W 0.2073 diff -0.0040 [[1, 0, 9], [1, 0, -9], [0, 1, 10], [0, 1, -10]]
 32  31.45955 H   4486.0 W 0.2152 diff  0.0321 [[2, 1, 1], [2, 1, -1], [2, -1, 1], [2, -1, -1]]
 33  31.95782 H  16401.8 W 0.2173 diff  0.0094 [[2, 1, 2], [2, -1, 2], [2, 1, -2], [2, -1, -2], [1, -3, 5], [1, 3, -5], [1, 3, 5], [1, -3, -5], [0, 4, 1], [0, 4, -1]]
 34  32.41910 H  17103.7 W 0.2056 diff  0.0077 [[0, 4, 2], [0, 4, -2], [1, 2, 8], [1, -2, -8], [1, -2, 8], [1, 2, -8]]
 35  33.10496 H   9948.9 W 0.1637 diff -0.0050 [[0, 4, -3], [0, 4, 3]]
 36  33.81950 H  18668.2 W 0.2075 diff -0.0087 [[0, 3, 8], [0, 3, -8], [0, 2, -10], [0, 2, 10], [2, 0, 5], [2, 0, -5]]
 37  34.80449 H   9375.9 W 0.2364 diff -0.0069 [[2, 1, 5], [2, 1, -5], [2, -1, -5], [2, -1, 5], [2, 2, 2], [2, 2, -2], [2, -2, 2], [2, -2, -2]]
 38  35.27628 H   2269.3 W 0.1753 diff  0.0262 [[1, 3, 7], [1, -3, 7], [1, 3, -7], [1, -3, -7], [0, 4, 5], [0, 4, -5], [2, 0, 6], [2, 0, -6]]
 39  36.05310 H  21230.4 W 0.3312 diff -0.0386 [[0, 3, -9], [0, 3, 9]]
 40  36.73312 H   8863.0 W 0.2413 diff  0.0180 [[0, 1, -12], [0, 1, 12]]
UNINDEXED 0 of 50 best translations:
0.1855 10 (0.333333, 0.333333, 0.333333)
0.1855 10 (0.333333, 0.333333, 0.666667)
0.1855 10 (0.333333, 0.666667, 0.333333)
0.1855 10 (0.333333, 0.666667, 0.666667)
0.22853 18 (0.5, 0.5, 0.5)
0.24849 15 (0.0, 0.0, 0.5)
0.28344 16 (0.0, 0.5, 0.0)
0.2878 15 (0.5, 0.0, 0.5)
0.29811 18 (0.0, 0.5, 0.5)
0.3555 19 (0.333333, 0.333333, 0.0)
0.3555 19 (0.333333, 0.666667, 0.0)
0.36045 21 (0.5, 0.5, 0.0)
0.37701 23 (0.5, 0.0, 0.0)
0.38021 24 (0.333333, 0.0, 0.0)
0.38708 26 (0.166667, 0.0, 0.0)
0.38708 26 (0.2, 0.0, 0.0)
0.38708 26 (0.25, 0.0, 0.0)
0.38708 26 (0.4, 0.0, 0.0)
0.42223 24 (0.333333, 0.333333, 0.166667)
0.42223 24 (0.333333, 0.333333, 0.833333)
0.42223 24 (0.333333, 0.666667, 0.166667)
0.42223 24 (0.333333, 0.666667, 0.833333)
0.43658 17 (0.0, 0.333333, 0.333333)
0.43658 17 (0.0, 0.333333, 0.666667)
{
 "translations": [
  {
   "bad": 0.18550459794062368,
   "count": 10,
   "t": [
    0.333333,
    0.333333,
    0.333333
   ]
  },
  {
   "bad": 0.18550459794062368,
   "count": 10,
   "t": [
    0.333333,
    0.333333,
    0.666667
   ]
  },
  {
   "bad": 0.18550459794062368,
   "count": 10,
   "t": [
    0.333333,
    0.666667,
    0.333333
   ]
  },
  {
   "bad": 0.18550459794062368,
   "count": 10,
   "t": [
    0.333333,
    0.666667,
    0.666667
   ]
  },
  {
   "bad": 0.2285266112122949,
   "count": 18,
   "t": [
    0.5,
    0.5,
    0.5
   ]
  },
  {
   "bad": 0.24849311668549545,
   "count": 15,
   "t": [
    0.0,
    0.0,
    0.5
   ]
  },
  {
   "bad": 0.28344244302631805,
   "count": 16,
   "t": [
    0.0,
    0.5,
    0.0
   ]
  },
  {
   "bad": 0.2878036160965596,
   "count": 15,
   "t": [
    0.5,
    0.0,
    0.5
   ]
  },
  {
   "bad": 0.29810837636395315,
   "count": 18,
   "t": [
    0.0,
    0.5,
 -2.360e-02  3.950e-02 -1.180e-02  5.500e-03 -3.500e-03] bestcost 0.16871704995555464
TRIAL 7 elapsed 89.1995177268982 cost 0.24938719253220107 M 3.8181098435384078 cell [ 6.6692 13.8988 20.7467 83.2851 87.955  88.9009] zero -0.01775642227970671 diff [-9.400e-03  5.500e-03 -5.120e-02 -5.100e-03  6.258e-01 -5.260e-02
  6.890e-02  9.000e-04  5.900e-03 -8.000e-04 -1.210e-02  2.300e-02
  1.410e-02 -5.500e-03  3.000e-04  7.900e-03 -1.190e-02  6.600e-03
 -1.730e-02  1.100e-02  3.700e-03 -1.780e-02 -6.900e-03] bestcost 0.16871704995555464
TRIAL 6 elapsed 52.939502239227295 cost 0.1414112487227902 M 0.08980654612851835 cell [ 6.4787 13.8178 20.727  82.9297 95.7074 88.7053] zero -0.04940788619000978 diff [-2.552  -0.9678 -0.5779 -1.902  -1.3103  1.1207  1.7961  0.1771 -0.2326
  0.087  -0.1837 -0.2947 -0.4794 -0.8972 -0.9613 -1.975  -1.5351 -1.7353
 -1.7868 -1.5977 -1.0926 -0.919  -1.7776] bestcost 0.1414112487227902
TRIAL 7 elapsed 60.04425621032715 cost 0.17529310572409917 M 0.09560015942157503 cell [  6.7451  12.9393  21.5207 107.1446  93.422   79.9355] zero -0.01631495157808866 diff [-2.5314 -0.9506 -0.1656 -1.9042 -1.7964  1.0822  1.7417  0.166  -0.2353
  0.0974 -0.1778 -0.3091 -0.5106 -0.8621 -0.9563 -1.9383 -1.5205 -1.7394
 -1.7611 -1.5699 -1.102  -0.9246 -1.786 ] bestcost 0.1414112487227902
Imported powder pattern: 6943 points, 2theta=  2.277 ->  23.103, step= 0.003
RESCALED_BASE 1.224626685960413 0.032595619546122605 6943.000000000018
INITIAL Xdcc971e 10 Rw 0.5962140723022458 LLK 2227983.930241465 Integrated 2226991.939336866 DOF -1
RUN 0 steps 100000 time 22.155190229415894 total 22.155253887176514 LLK 1015398.6955895077 Rw 0.41639348058299713 Integrated 1014406.7046849087
RUN 1 steps 1000000 time 268.2165427207947 total 290.44245624542236 LLK 1183168.9113824582 Rw 0.5286491654204944 Integrated 1182176.9204778592
#  1:ScatteringPowerAtom(O)
Imported powder pattern: 3063 points, 2theta=  5.450 ->  36.080, step= 0.010
RESCALED_BASE 1.00016412081027 0.09397391617283435 3062.9926090577023
INITIAL Xd4c1a35 2 Rw 0.9090646869521153 LLK 301637.29151112365 Integrated 45077.18382722022 DOF -1
RUN 0 steps 100000 time 67.56678605079651 total 67.56685376167297 LLK 49892.162525388274 Rw 0.31690239351493027 Integrated 9079.791023903823
      a= 7.84- 7.91 b= 6.96- 7.01 c= 6.98- 7.06 alpha=112.54-113.01 beta=113.44-113.98 gamma= 83.38- 83.25 V=322.70-328.79level=6, indexed=1(1084 sol.)
      a=0.01935-0.01919 b=0.02426-0.02408 c=0.02822-0.02804 alpha=0.00190-0.00211 beta=0.01938-0.01965 gamma=0.01801-0.01830level=6, indexed=1(1084 sol.)
 Solution ? a=  7.916 b=  6.931 c=  6.994 alpha=112.193 beta=114.239 gamma= 83.365 V=  323.66 score= 77.87 #1084
1615 solutions ! Redparing...
CellExplorer::ReduceSolutions(): update threshold for report from 18.6016 to 18.6938
-> 100 remaining
