---X8a6f5a8
{"min_two_theta": 5.0}{"indices": [2, 6, 9, 10, 12, 13, 14, 15, 16, 17, 18, 19, 20, 21, 22, 23, 24, 25]}      a=21.94-22.00 b= 4.91- 4.98 c=50.38-50.46 alpha= 90.00- 90.00 beta=114.77-114.84 gamma= 90.00- 90.00 V=4925.35-5012.92level=6, indexed=1(1167 sol.)
      a=0.05020-0.05010 b=0.20376-0.20090 c=0.02186-0.02184 alpha=0.41893-0.42013 beta=0.00000-0.00000 gamma=0.00000-0.00000level=6, indexed=1(1167 sol.)
 Solution ? a= 21.878 b=  4.930 c= 50.142 alpha= 90.000 beta=114.770 gamma= 90.000 V= 4910.81 score= 11.61 #1167
build/fast-x86_64/objcryst/ObjCryst/ObjCryst/Indexing.cpp:2609 BEST ? a=12.4424, b=31.4315, c=15.1837, alpha=90, beta=108.341, gamma=90, V=5636.47, score=13.3705
3078434unit cells tested, 1.59107e+06 tests/s,   Elapsed time=1.93482s
DONE X8a6f5a8 MONOCLINIC C 38 1.9357383251190186 [{'cell': [12.44243335723877, 31.431488037109375, 15.183707237243652, 90.00000250447816, 108.34057672795815, 90.00000250447816], 'volume': 5636.46923828125, 'score': 13.370471000671387, 'system': 'MONOCLINIC', 'centering': 'C', 'mode': 4}, {'cell': [7.751583576202393, 63.11197280883789, 11.788716316223145, 90.00000250447816, 94.2034648442441, 90.00000250447816], 'volume': 5751.7353515625, 'score': 11.174103736877441, 'system': 'MONOCLINIC', 'centering': 'C', 'mode': 4}, {'cell': [16.26034927368164, 31.341751098632812, 14.693044662475586, 90.00000250447816, 137.65402060779286, 90.00000250447816], 'volume': 5043.94970703125, 'score': 9.51508903503418, 'system': 'MONOCLINIC', 'centering': 'C', 'mode': 4}, {'cell': [7.747590065002441, 63.07828903198242, 11.740194320678711, 90.00000250447816, 94.40853444388456, 90.00000250447816], 'volume': 5720.51318359375, 'score': 9.2440824508667, 'system': 'MONOCLINIC', 'centering': 'C', 'mode': 4}, {'cell': [12.460591316223145, 31.465839385986328, 15.239709854125977, 90.00000250447816, 108.58688017961798, 90.00000250447816], 'volume': 5663.5712890625, 'score': 9.17793083190918, 'system': 'MONOCLINIC', 'centering': 'C', 'mode': 4}]
---Xebbd488
{"indices": [1, 2, 3, 4, 5, 7, 8, 9, 10, 11, 12, 13, 14, 15, 16, 20, 21, 22, 23, 24]}Starting: V=5440.42->5970.48
Finished: V=5440.42->5970.48 A^3, 24122296 unit cells tested, 214084 tests/s,   Elapsed time=112.677s
Starting: V=5970.48->6500
build/fast-x86_64/objcryst/ObjCryst/ObjCryst/Indexing.cpp:2609 BEST ? a=13.9246, b=30.2826, c=14.4489, alpha=90, beta=120.893, gamma=90, V=5228.33, score=7.42384
503286unit cells tested, 1.03004e+06 tests/s,   Elapsed time=0.488613s
DONE Xebbd488 MONOCLINIC C 11 0.4889647960662842 [{'cell': [13.92456340789795, 30.282577514648438, 14.44890308380127, 90.00000250447816, 120.8925451392848, 90.00000250447816], 'volume': 5228.3330078125, 'score': 7.423840045928955, 'system': 'MONOCLINIC', 'centering': 'C', 'mode': 4}, {'cell': [13.957490921020508, 30.29339599609375, 14.481837272644043, 90.00000250447816, 121.06500741582764, 90.00000250447816], 'volume': 5245.03173828125, 'score': 7.0020599365234375, 'system': 'MONOCLINIC', 'centering': 'C', 'mode': 4}, {'cell': [13.949301719665527, 30.266271591186523, 14.404799461364746, 90.00000250447816, 121.10570168290256, 90.00000250447816], 'volume': 5207.17041015625, 'score': 6.932614326477051, 'system': 'MONOCLINIC', 'centering': 'C', 'mode': 4}, {'cell': [13.922625541687012, 30.28211212158203, 14.52184772491455, 90.00000250447816, 120.96592869172743, 90.00000250447816], 'volume': 5249.8857421875, 'score': 6.924633026123047, 'system': 'MONOCLINIC', 'centering': 'C', 'mode': 4}, {'cell': [13.939737319946289, 30.28757667541504, 14.53072738647461, 90.00000250447816, 121.02655345080046, 90.00000250447816], 'volume': 5257.158203125, 'score': 6.879358291625977, 'system': 'MONOCLINIC', 'centering': 'C', 'mode': 4}]

 X8a6f5a8
2 5.61089 5.59 34033.3 0.1762 0.00159
6 8.25591 8.24 6396.0 0.1834 0.00189
9 11.22154 11.24 5412.7 0.2096 0.00629
10 11.58156 11.57 32421.1 0.1346 0.00084
12 12.24958 12.24 2470.4 0.2414 0.00289
13 13.30442 13.29 2781.5 0.1444 0.00229
14 13.54372 13.54 2191.6 0.1272 0.00141
15 14.26862 14.25 2508.4 0.1805 0.00228
16 15.34475 15.33 6131.1 0.2013 0.00245
17 15.95262 15.95 9590.6 0.2631 0.00074
18 16.22573 16.22 4535.1 0.126 0.00116
19 16.52627 16.52 9640.9 0.158 0.00058
20 16.88797 16.89 4209.6 0.1774 0.00207
21 17.08 17.05 2275.9 0.1261 0.00972
22 18.35093 18.34 38156.1 0.2063 0.0014
23 18.782 18.77 4729.1 0.1477 0.0022
24 19.279 19.31 2837.9 0.1582 0.01707
25 19.69379 19.68 21602.5 0.1866 0.00113

 Xebbd488
1 5.83626 5.84 1401.7 0.0906 0.00319
2 6.98111 6.96 24375.9 0.2059 0.00208
3 7.74007 7.76 1345.1 0.109 0.00728
4 7.96842 7.96 9968.4 0.1523 0.00106
5 9.16055 9.14 15486.1 0.169 0.00173
7 11.20775 11.21 3291.2 0.1089 0.00199
8 11.36929 11.36 15641.3 0.2166 0.00118
9 12.56355 12.55 3308.8 0.2052 0.00314
10 12.91304 12.88 917.6 0.1343 0.00484
11 13.91969 13.91 8110.6 0.1706 0.00147
12 14.33391 14.32 1171.7 0.1244 0.00421
13 14.79871 14.8 4984.7 0.1415 0.00161
14 15.39281 15.38 9009.3 0.1601 0.00178
15 15.94121 15.93 17263.1 0.202 0.00129
16 16.24474 16.22 1762.2 0.1302 0.00316
20 17.55171 17.54 705.2 0.1492 0.00865
21 18.2405 18.22 15766.8 0.2185 0.00136
22 18.85743 18.85 21900.0 0.2014 0.00118
23 19.69963 19.69 6508.4 0.2201 0.00188
24 20.64162 20.63 42188.7 0.189 0.00168

 Xedd9c7b
1 11.10742 11.09465 395.1 0.1187 0.00406
2 11.81985 11.80367 902.0 0.1524 0.00292
3 12.52948 12.52582 121.7 0.1011 0.01081
4 14.26583 14.25898 743.4 0.1181 0.00258
5 14.8881 14.88922 462.2 0.124 0.00369
6 15.39919 15.40129 207.8 0.1128 0.00657
7 17.12935 17.12132 391.4 0.126 0.00562
8 17.38853 17.39705 1006.2 0.1413 0.00301
10 19.31913 19.32716 396.3 0.1832 0.00593
12 19.98573 19.97053 767.2 0.1786 0.00347
13 20.61934 20.62703 482.9 0.158 0.00423
14 21.50266 21.51987 175.1 0.1186 0.00831
15 22.228 22.22889 424.5 0.195 0.00606
17 23.87816 23.85701 166.3 0.1633 0.01031
18 24.33548 24.32969 128.7 0.1632 0.0138
20 25.23826 25.24879 389.0 0.1722 0.00598
22 26.49338 26.49614 96.5 0.2052 0.01669
24 28.19291 28.2293 105.6 0.3076 0.02121
25 28.80537 28.80702 173.7 0.1886 0.00955

 X1db5091
4 4.27907 4.23 257.9 0.415 0.02563
10 7.25474 7.24 1146.4 0.1747 0.00342
11 8.14302 8.13 3069.6 0.1902 0.00179
12 8.56828 8.57 424.7 0.1566 0.00794
13 9.4714 9.45 5677.0 0.2158 0.00156
17 12.92135 12.91 3017.6 0.2133 0.00136
18 13.90318 13.9 6501.9 0.1998 0.00147
19 14.07513 14.07 4133.0 0.1145 0.00092
20 14.56177 14.56 3058.4 0.1806 0.00196
21 15.34975 15.34 5156.2 0.1855 0.00106
22 16.38625 16.36 2718.0 0.2069 0.00209
23 17.27345 17.27 3255.7 0.2219 0.00127
24 17.62675 17.64 1158.3 0.1428 0.00325
25 18.62157 18.61 4920.6 0.2985 0.00149
26 19.05397 19.05 2970.4 0.1493 0.00276
27 19.47458 19.47 7919.8 0.2705 0.00106
28 20.98064 20.98 10939.2 0.1948 0.00077
29 21.41052 21.4 12176.6 0.1875 0.00092
30 21.95265 21.94 3091.4 0.1672 0.00135
31 22.53699 22.55 7828.3 0.3498 0.00273
33 23.88865 23.88 5736.3 0.2892 0.0016
34 24.73591 24.73 3578.0 0.2191 0.00163
35 25.34211 25.33 6247.0 0.244 0.00148
