X019b9a4  BASE X019b9a4 P -1 Rw 0.04462457622475809 chi2 4806.1926972286565
X07806d9 1h:0.1234,1:0.1301 BASE X07806d9 P b c a Rw 0.12386231120771624 chi2 2441372.8550467626
X13023e3 2:0.0875 BASE X13023e3 P 1 21 1 Rw 0.2323835551698219 chi2 3600102927343.0127
X14a2b08  
X1a56c78  
X1db5091  
X2327841  BASE X2327841 P 1 21 1 Rw 0.05147560134981754 chi2 21795.13410138175
X238783d  BASE X238783d P 21 21 21 Rw 0.05919925667576598 chi2 53244.98239225109
X263b09a  
X35b7fbc  BASE X35b7fbc P 21 21 21 Rw 0.06933673753661093 chi2 94640.0307695104
X3c176e2 10:0.0425,10h:0.0370 BASE X3c176e2 P 21 21 21 Rw 0.04209624411018903 chi2 12934.076027350624
X3f4781b 1:0.2951 BASE X3f4781b P 1 21 1 Rw 0.06420041238886574 chi2 10640268.443356976
X4f6fe58 1:0.1236 BASE X4f6fe58 P -1 Rw 0.03011010793702024 chi2 3640392.572978747
X7e382cb  
X8a06d7a  
X8a6f5a8  
X9af54a2  BASE X9af54a2 P 1 21 1 Rw 0.08882733964616081 chi2 12856.892396045132
Xb7088cf  
Xbfc6d2c 1h:0.0350,1:0.0431 BASE Xbfc6d2c P 1 21/a 1 Rw 0.03964243317192991 chi2 17699.250556047406
Xbfeeda9  BASE Xbfeeda9 P 1 21/a 1 Rw 0.046486305637704596 chi2 20485.89832541958
Xd4c1a35  BASE Xd4c1a35 P 21 21 21 Rw 0.22791947393575557 chi2 5391056265.203163
Xd8634a2 1:0.3215,g2:0.1636 BASE Xd8634a2 P -1 Rw 0.08433107849846833 chi2 11251.740013915778
Xdcc971e 10:0.1060 BASE Xdcc971e P 1 21 1 Rw 0.03266793578832701 chi2 10411.331441695282
Xe1fb77b 1:0.1691 BASE Xe1fb77b P 1 21 1 Rw 0.06831801196447514 chi2 25810.721870464582
Xe3a2935 1h:0.0725,1:0.0978 BASE Xe3a2935 P 21 21 21 Rw 0.08686757998547152 chi2 11191.285317772705
Xeb393f9  FRESH_BASE Xeb393f9 P 1 0.046395097250815455 261061.55927119034;SCALED 5.866697171172658 Rw 0.046395097250815476 Chi2 7585.000000000033
Xebbd488  
Xedd9c7b  
Xf8ac963 1h:0.0881,1:0.0884 BASE Xf8ac963 P 21 21 21 Rw 0.058014044862572 chi2 6558.444125977007
Xfca9f3c 10:0.0465 FRESH_BASE Xfca9f3c P 1 21 1 0.0397377907823705 12236.766460983892;SCALED 1.3647933659839513 Rw 0.039737790782370434 Chi2 7042.000000000047
EXACT_PAWLEY nref 178 rank 154 cond 922.2641721590995 chi2 8366.512901701974 netRwp 0.050161067968764565
DE_SETUP Xdcc971e atoms 92 nref 178 ndof 5
ERRORSG C 1 21 1 Space group symbol 'C 1 21 1' not recognized
ERRORSG B 1 2 1 Space group symbol 'B 1 2 1' not recognized
ERRORSG B 1 21 1 Space group symbol 'B 1 21 1' not recognized
ERRORSG F 1 2 1 Space group symbol 'F 1 2 1' not recognized
GROUPS [{"sg": "P 1 2 1", "number": 3, "Rw": 11.260654365054899, "GoF": 14250.620041715312, "nGoF": 0.0, "mult": 2}, {"sg": "P 1 21 1", "number": 4, "Rw": 11.313222285079542, "GoF": 14359.861746362505, "nGoF": 0.0, "mult": 2}, {"sg": "C 1 2 1", "number": 5, "Rw": 12.172864362333893, "GoF": 15006.17041392941, "nGoF": 0.0, "mult": 4}, {"sg": "A 1 2 1", "number": 5, "Rw": 16.435768018604815, "GoF": 27425.9256825577, "nGoF": 0.0, "mult": 4}, {"sg": "I 1 2 1", "number": 5, "Rw": 18.82850761368694, "GoF": 36047.2888672867, "nGoF": 0.0, "mult": 4}]
DONE X8a6f5a8 0 0.1168708341042999 [12.41292501520253, 31.36525165497998, 15.121345789331098, 90.0, 108.42426517879123, 90.0]
build/fast-x86_64/objcryst/ObjCryst/ObjCryst/Indexing.cpp:2602 Solution ? a=5.94382, b=8.55421, c=63.6804, alpha=90, beta=90, gamma=90, V=3237.81, score=2.77792
build/fast-x86_64/objcryst/ObjCryst/ObjCryst/Indexing.cpp:2602 Solution ? a=5.67039, b=15.3056, c=37.2408, alpha=90, beta=90, gamma=90, V=3232.09, score=2.75969
build/fast-x86_64/objcryst/ObjCryst/ObjCryst/Indexing.cpp:2609 BEST ? a=5.76359, b=15.31, c=37.2786, alpha=90, beta=90, gamma=90, V=3289.48, score=5.68982
109454unit cells tested, 350783 tests/s,   Elapsed time=0.312037s
DONE Xedd9c7b ORTHOROMBIC P 26 0.3131685256958008 [{'cell': [5.76359224319458, 15.309982299804688, 37.278587341308594, 90.00000250447816, 90.00000250447816, 90.00000250447816], 'volume': 3289.48095703125, 'score': 5.689816951751709, 'system': 'ORTHOROMBIC', 'centering': 'P', 'mode': 4}, {'cell': [5.838861465454102, 7.988293647766113, 61.956233978271484, 90.00000250447816, 90.00000250447816, 90.00000250447816], 'volume': 2889.796142578125, 'score': 5.010054588317871, 'system': 'ORTHOROMBIC', 'centering': 'P', 'mode': 4}, {'cell': [5.826901912689209, 7.9849348068237305, 61.990909576416016, 90.00000250447816, 90.00000250447816, 90.00000250447816], 'volume': 2884.27783203125, 'score': 4.992208480834961, 'system': 'ORTHOROMBIC', 'centering': 'P', 'mode': 4}, {'cell': [6.022110939025879, 8.197901725769043, 57.01601791381836, 90.00000250447816, 90.00000250447816, 90.00000250447816], 'volume': 2814.80517578125, 'score': 4.9539031982421875, 'system': 'ORTHOROMBIC', 'centering': 'P', 'mode': 4}, {'cell': [5.9784393310546875, 8.585783004760742, 63.51813507080078, 90.00000250447816, 90.00000250447816, 90.00000250447816], 'volume': 3260.359375, 'score': 4.733656406402588, 'system': 'ORTHOROMBIC', 'centering': 'P', 'mode': 4}]
