9197
/opt/conda/lib/python3.11/site-packages/gallop/zm_to_cart.py:210: UserWarning: Using torch.cross without specifying the dim arg is deprecated.
Please either pass the dim explicitly or simply use torch.linalg.cross.
The default value of dim will change to agree with that of linalg.cross in a future release. (Triggered internally at /home/conda/feedstock_root/build_artifacts/libtorch_1786372131199/work/aten/src/ATen/native/Cross.cpp:63.)
  cart_coords = zm_to_cart(internal[:,torsion[i]], initial_D2[i],
GALLOP 0 Nref 122 seconds 23.513521194458008 best 8.269341 q25 19.925787 median 26.441727 total 23.51887083053589
/app/work/search_gallop.py:17: RuntimeWarning: overflow encountered in cast
  if mn>=best:return
FINISHED X13023e3 8.269341468811035
EXACT_PAWLEY nref 169 rank 163 cond 505.0644711082851 chi2 3820.918760546855 netRwp 0.07479860697731368
DE_SETUP Xfca9f3c atoms 80 nref 169 ndof 5
SEED_RMSD 0 0.328426085221063
SEED_COST 960.3340210840003 [ 0.69906383  0.55809341 -1.31136107  0.48764433 -1.0382894 ]
SEED_LOCAL 772.6350677262008
CYCLE 1 2 Rw 0.030670547997221256 chi2 5570.401418697941
CYCLE 2 0 Rw 0.029800851506035612 chi2 5258.970907231277
CYCLE 2 1 Rw 0.029728064376227898 chi2 5233.3127188638655
CYCLE 2 2 Rw 0.029731983096345758 chi2 5234.692508630112
CYCLE 3 0 Rw 0.028647056846327675 chi2 4859.632648597502
CYCLE 3 1 Rw 0.02833266403998629 chi2 4753.551957780737
CYCLE 3 2 Rw 0.028322056741404505 chi2 4749.993315627834
FINISHED Xfca9f3c 0.028322056741404505
CYCLE 0 0 Rw 0.07706621787231345 chi2 6258.779463700083
CYCLE 0 1 Rw 0.07705547535799455 chi2 6257.034721482094
CYCLE 0 2 Rw 0.07704993405258768 chi2 6256.1348271273055
CYCLE 1 0 Rw 0.06622425959895177 chi2 4621.63645290779
CYCLE 1 1 Rw 0.06372084896423369 chi2 4278.82637078046
CYCLE 1 2 Rw 0.0630714044517343 chi2 4192.051029775493
CYCLE 2 2 Rw 0.09691201940507363 chi2 1941.4818271387242
CYCLE 3 0 Rw 0.09500565336262272 chi2 1865.8509207265865
CYCLE 3 1 Rw 0.09400042755440072 chi2 1826.5758070802258
CYCLE 3 2 Rw 0.0940165865314862 chi2 1827.2038496177431
FINISHED X2327841 0.0940165865314862
