8931
8932
X8a6f5a8
fit_2.json 0.11916645868493629 [16.188210189531762, 31.1741070673357, 11.274725747875523, 90.0, 118.58032864696742, 90.0]
fit_1.json 0.09628183818450935 [7.746468293615368, 63.27544545697386, 11.798557837501658, 90.0, 94.27549695654149, 90.0]
fit_3.json 0.09249317048279865 [10.899751380029665, 13.511742292798063, 16.32287023323132, 75.82162556542893, 84.21689504531294, 79.48787078537788]
fit_0.json 0.1168708341042999 [12.41292501520253, 31.36525165497998, 15.121345789331098, 90.0, 108.42426517879123, 90.0]
Xebbd488
fit_rawC0.json 0.3327427331136281 [13.732405500635483, 30.22394476689028, 14.390622018835284, 90.0, 120.16866085586264, 90.0]
      a=0.09457-0.09414 b=0.16711-0.16447 c=0.02519-0.02515 alpha=0.05027-0.05147 beta=0.00000-0.00000 gamma=0.00000-0.00000level=6, indexed=1(681 sol.)
 Solution ? a= 10.602 b=  6.015 c= 39.747 alpha= 90.000 beta= 93.102 gamma= 90.000 V= 2530.79 score= 11.89 # 681
      a=10.54-10.59 b= 5.98- 6.08 c=39.75-39.80 alpha= 90.00- 90.00 beta= 92.74- 92.81 gamma= 90.00- 90.00 V=2503.68-2558.86level=6, indexed=1(689 sol.)
      a=0.09500-0.09457 b=0.16711-0.16447 c=0.02519-0.02515 alpha=0.04788-0.04908 beta=0.00000-0.00000 gamma=0.00000-0.00000level=6, indexed=1(689 sol.)
 Solution ? a= 10.602 b=  6.015 c= 39.747 alpha= 90.000 beta= 93.102 gamma= 90.000 V= 2530.79 score= 11.89 # 689
CYCLE 0 2 Rw 0.18287454326379865 chi2 6913.2864504485115
CYCLE 1 0 Rw 0.11279513635446822 chi2 2630.0184211445744
CYCLE 1 1 Rw 0.10318419273934795 chi2 2200.920648358915
CYCLE 1 2 Rw 0.10135110854387935 chi2 2123.4158249529955
CYCLE 2 0 Rw 0.09868553670917157 chi2 2013.1913607030917
CYCLE 2 1 Rw 0.09781851229666623 chi2 1977.9720483151023
CYCLE 2 2 Rw 0.09691201940507363 chi2 1941.4818271387242
CYCLE 3 0 Rw 0.09500565336262272 chi2 1865.8509207265865
CYCLE 2 0 Rw 0.029800851506035612 chi2 5258.970907231277
CYCLE 2 1 Rw 0.029728064376227898 chi2 5233.3127188638655
CYCLE 2 2 Rw 0.029731983096345758 chi2 5234.692508630112
CYCLE 3 0 Rw 0.028647056846327675 chi2 4859.632648597502
