
X8a06d7a
1 * 7.4904 490 0.139 0.0024
2 * 8.273 833 0.157 0.0022
3 * 8.7504 187 0.122 0.0105
4  9.5638 80 0.107 0.0223
5 * 10.6901 36726 0.16 0.0011
6 * 11.4554 6233 0.153 0.001
7 * 11.8624 289 0.188 0.0055
8 * 12.2532 4256 0.157 0.0012
9 * 13.9135 1589 0.173 0.0014
10 * 14.8091 18992 0.16 0.0009
11 * 15.2662 16895 0.157 0.0007
12 * 16.5873 19281 0.169 0.0013
13 * 17.5836 665 0.148 0.0059
14 * 18.1627 6239 0.196 0.0006
15  19.2511 553 0.139 0.0259
16 * 19.5482 7361 0.235 0.0023
17 * 20.0532 7503 0.172 0.0006
18  20.4819 2936 0.578 0.0375
19 * 21.5022 3082 0.257 0.0029
20 * 22.5693 37725 0.186 0.0014
21 * 23.223 7491 0.183 0.0006
22 * 23.8147 2922 0.178 0.0026
23 * 24.1953 3045 0.258 0.0012
24 * 25.0314 3061 0.203 0.0025
25 * 25.6898 1859 0.231 0.0047
26  26.4366 1366 0.491 0.0207
27 * 27.1998 4180 0.212 0.0014
28 * 27.8562 3364 0.221 0.001
29 * 28.8626 10390 0.247 0.001
30 * 29.3373 3465 0.211 0.0012
31  30.2346 1056 0.168 0.002
32  30.4992 2041 0.185 0.0016
33  30.7978 1515 0.202 0.0075
34  32.0208 1409 0.41 0.003
35  32.4887 1121 0.209 0.0029
36  33.0453 1257 0.175 0.0046
37  33.5285 2203 0.501 0.0058
38  34.4475 237 0.189 0.0075
39  35.5772 2142 0.261 0.0031
40  36.7358 335 0.318 0.0097
41  37.4661 902 0.215 0.004

X263b09a
1 * 4.3412 950 0.155 0.0018
2  5.0074 169 0.012 0.6661
3  5.5814 95 0.022 0.0052
4  6.2007 106 0.042 0.0086
5  6.6647 80 0.074 0.0139
6  7.1557 111 0.042 0.0056
7 * 7.5666 574 0.126 0.0045
8  7.9245 140 0.019 0.0056
9 * 8.3124 415 0.142 0.0043
10 * 9.1326 1472 0.167 0.002
11  9.4626 174 0.023 0.0065
12 * 10.8664 11985 0.169 0.0013
13 * 12.1153 3880 0.181 0.0016
14 * 12.9908 1804 0.165 0.0018
15 * 14.3108 1702 0.178 0.0029
16  14.5247 109 0.016 0.0151
17 * 15.3181 2903 0.141 0.0014
18 * 15.7507 4705 0.166 0.0012
19 * 16.245 646 0.072 0.0032
20 * 16.6382 17173 0.138 0.0011
21 * 17.7371 12475 0.216 0.0012
22 * 18.403 5795 0.205 0.0015
23 * 19.1202 2696 0.245 0.0085
24  19.2681 3017 0.181 0.013
25 * 19.7426 1635 0.357 0.0088
26 * 20.7425 1409 0.153 0.003
27 * 21.0835 2292 0.146 0.0021
28 * 21.5871 5619 0.224 0.0018
29  21.8148 633 0.072 0.0061
30 * 22.0753 7027 0.216 0.0007
31  22.3361 1190 0.177 0.0196
32 * 22.8145 5763 0.225 0.0008
33  23.0863 309 0.089 0.0072
34 * 23.6781 15147 0.224 0.0011
35 * 24.3486 22889 0.191 0.0008
36 * 25.056 1057 0.206 0.0041
37  25.9878 347 0.132 0.0073
38 * 26.4673 1070 0.236 0.0051
39  27.3167 2559 0.383 0.0064
40 * 27.8607 9567 0.257 0.0012
41  28.5415 583 0.302 0.0071
42 * 29.4868 6383 0.193 0.0008
43  30.1413 1639 0.453 0.0334
44  30.4475 1736 0.21 0.0027
45  30.6841 279 0.083 0.0058
46  31.469 2933 0.316 0.0019
47  31.9378 155 0.182 0.013
48  32.5429 319 0.134 0.007
49  32.861 911 0.17 0.0033
50  33.2977 2131 0.304 0.0035
51  34.2557 487 0.219 0.0059
52  35.1336 2877 0.335 0.0028
53  35.7149 473 0.268 0.0086
54  36.7168 1561 0.231 0.0047
55  37.3093 924 0.269 0.0041
56  37.7474 93 0.064 0.0473

X14a2b08
1  3.4947 41 0.018 0.0775
2  3.5733 35 0.015 0.129
3  3.6749 73 0.042 0.0401
4  3.7267 75 0.009 0.0255
5 * 4.1643 1049 0.094 0.0011
6  4.5393 38 0.126 0.0119
7  4.6747 44 0.033 0.0124
8  4.795 64 0.009 0.3878
9  4.856 31 0.075 0.4841
10  4.9474 41 0.023 0.1056
11  5.0057 107 0.006 1.7511
12  5.056 48 0.005 0.2378
13  5.0986 135 0.062 0.016
14  5.2032 113 0.096 0.0297
15  5.2935 43 0.018 0.1678
16  5.3497 48 0.011 0.0131
17  5.4557 41 0.014 0.0382
18  5.5789 65 0.015 0.0095
19  5.7925 37 0.021 0.0158
20  5.9072 47 0.019 0.0037
21  6.0284 31 0.042 0.0061
22  6.1695 46 0.007 0.6748
23  6.2732 34 0.1 0.0561
24  6.3769 45 0.016 0.0431
25  6.752 28 0.005 0.2993
26 * 7.4026 424 0.185 0.003
27  7.7082 53 0.012 0.0687
28  7.9123 40 0.007 0.5722
29 * 8.2133 262 0.112 0.0031
30 * 8.7839 583 0.157 0.0015
31  9.2031 32 0.078 0.2136
32  9.289 48 0.141 0.1287
33  9.4285 30 0.011 0.1251
34  9.6315 56 0.162 0.0227
35  9.8751 25 0.023 0.0091
36 * 10.7001 8745 0.139 0.0007
37  11.0786 41 0.007 0.8037
38 * 11.5833 1217 0.157 0.0014
39 * 12.4858 321 0.13 0.0024
40  12.7585 45 0.006 5.8581
41  13.1304 47 0.02 0.0425
42 * 14.0223 835 0.133 0.0014
43 * 15.0456 4393 0.199 0.0008
44 * 15.7787 320 0.159 0.0034
45  15.9858 25 0.014 0.1028
46 * 16.4783 7161 0.175 0.0008
47  17.0744 41 0.006 0.0787
48 * 17.6972 1003 0.17 0.0015
49 * 18.0153 650 0.157 0.0017
50 * 18.5676 1301 0.143 0.0015
51 * 18.9975 1360 0.138 0.0012
52 * 19.312 1138 0.137 0.0012
53 * 19.5701 588 0.121 0.002
54 * 20.239 968 0.2 0.0015
55  20.5615 26 0.019 0.0394
56 * 21.0525 2807 0.194 0.0008
57 * 21.5018 427 0.123 0.0033
58 * 21.7215 1383 0.225 0.0032
59 * 22.4348 1988 0.203 0.0016
60 * 22.9871 1267 0.225 0.0022
61  23.2901 92 0.014 0.0604
62  23.314 55 0.012 0.2503
63 * 23.5033 3777 0.262 0.003
64 * 23.9889 2835 0.151 0.001
65  24.1724 66 0.06 0.0171
66  24.5672 653 0.142 0.0019
67  24.8278 266 0.127 0.0034
68  25.1578 169 0.136 0.0038
69  25.5815 680 0.277 0.0134
70  25.9071 62 0.01 0.2962
71  26.7937 1524 0.23 0.0016
72  27.1301 548 0.135 0.002
73  27.8063 364 0.22 0.0028
74  28.5656 155 0.551 0.0244
75  29.3349 345 0.109 0.0039
76  29.6636 679 0.18 0.0021
77  30.0594 670 0.26 0.0025
78  30.616 33 0.004 0.4042
79  31.2948 271 0.244 0.0045
80  32.0619 185 0.463 0.0219
81  32.4599 316 0.425 0.0074
82  33.318 208 0.194 0.0047
83  33.6153 47 0.009 0.9094
84  33.915 156 0.288 0.0186
85  34.1891 535 1.306 0.0156
86  34.7579 229 0.19 0.0039
87  35.3007 79 0.007 0.4376
88  35.4836 30 0.067 0.0107
89  35.7026 166 0.486 0.0317
90  36.1089 168 0.191 0.0047
91  36.6959 43 0.116 0.0162
92  36.9762 27 0.035 0.0082
93  37.6896 156 0.271 0.0054
Imported powder pattern: 2205 points, 2theta=  2.007 ->  20.423, step= 0.008
FRESH_BASE X7e382cb P -1 0.0518861528419631 31831.77293992326
Imported powder pattern: 2205 points, 2theta=  2.007 ->  20.423, step= 0.008
SCALED 3.7994970988338483 Rw 0.05188615284196305 Chi2 2204.999999999998
EXACT_PAWLEY nref 178 rank 154 cond 922.2641721590995 chi2 8366.512901701974 netRwp 0.050161067968764565
DE_SETUP Xdcc971e atoms 92 nref 178 ndof 5
DE Xdcc971e 0 cost 490.65953206231404 elapsed 134.39791321754456
