8306
9670 
5191
5531 
7272
7274 
4263
8971 
8545
9561 
9704
9716 
==> /app/work/X1db5091/index_raw_large_MONOCLINIC_P.log <==
build/fast-x86_64/objcryst/ObjCryst/ObjCryst/Indexing.cpp:2609 BEST ? a=13.8309, b=12.689, c=23.3211, alpha=90, beta=118.492, gamma=90, V=3597.17, score=10.5365
2347495unit cells tested, 226144 tests/s,   Elapsed time=10.3805s
DONE X1db5091 MONOCLINIC P 18 10.38140082359314 [{'cell': [13.830933570861816, 12.688969612121582, 23.321109771728516, 90.00000250447816, 118.49151507997189, 90.00000250447816], 'volume': 3597.165771484375, 'score': 10.536483764648438, 'system': 'MONOCLINIC', 'centering': 'P', 'mode': 3}, {'cell': [13.831937789916992, 12.687697410583496, 20.679954528808594, 90.00000250447816, 97.54977259411928, 90.00000250447816], 'volume': 3597.7763671875, 'score': 10.145241737365723, 'system': 'MONOCLINIC', 'centering': 'P', 'mode': 3}, {'cell': [21.677017211914062, 10.298612594604492, 24.224613189697266, 90.00000250447816, 92.84152512374355, 90.00000250447816], 'volume': 5401.3310546875, 'score': 8.994627952575684, 'system': 'MONOCLINIC', 'centering': 'P', 'mode': 3}, {'cell': [13.896790504455566, 12.69326400756836, 23.320695877075195, 90.00000250447816, 118.47648866379785, 90.00000250447816], 'volume': 3615.9677734375, 'score': 8.437005043029785, 'system': 'MONOCLINIC', 'centering': 'P', 'mode': 3}, {'cell': [11.912927627563477, 15.064061164855957, 20.648691177368164, 90.00000250447816, 96.86863880932891, 90.00000250447816], 'volume': 3678.958740234375, 'score': 6.748910903930664, 'system': 'MONOCLINIC', 'centering': 'P', 'mode': 3}]

==> /app/work/X1db5091/index_raw_strict_-0.02.log <==
build/fast-x86_64/objcryst/ObjCryst/ObjCryst/Indexing.cpp:2609 BEST ? a=13.0291, b=13.6328, c=11.7888, alpha=113.808, beta=78.8764, gamma=111.306, V=1782.21, score=8.59714
8403719unit cells tested, 454631 tests/s,   Elapsed time=18.4847s
DONE X1db5091 TRICLINIC P 7 18.485140562057495 [{'cell': [13.029084205627441, 13.63280963897705, 11.788832664489746, 113.80780847928402, 78.87639057314125, 111.30625169576685], 'volume': 1782.211181640625, 'score': 8.597138404846191, 'system': 'TRICLINIC', 'centering': 'P', 'mode': 3}, {'cell': [13.732809066772461, 12.556855201721191, 10.111177444458008, 110.89798396831851, 73.18155642810304, 116.5632570546289], 'volume': 1439.247314453125, 'score': 6.298466682434082, 'system': 'TRICLINIC', 'centering': 'P', 'mode': 3}, {'cell': [13.725375175476074, 12.504732131958008, 10.100749015808105, 110.7483618443602, 73.18842759840807, 116.62894981406609], 'volume': 1431.466796875, 'score': 5.904012203216553, 'system': 'TRICLINIC', 'centering': 'P', 'mode': 3}, {'cell': [13.708693504333496, 12.565396308898926, 10.091538429260254, 111.00631759874408, 72.93474071225546, 116.37609621099222], 'volume': 1435.0155029296875, 'score': 5.482309341430664, 'system': 'TRICLINIC', 'centering': 'P', 'mode': 3}, {'cell': [13.734532356262207, 12.574541091918945, 10.12630844116211, 110.88997898661125, 73.17210344629174, 116.49846588016217], 'volume': 1444.36767578125, 'score': 5.2396745681762695, 'system': 'TRICLINIC', 'centering': 'P', 'mode': 3}]
CYCLE 1 0 Rw 0.08639267108004887 chi2 2041.2299721833476
CYCLE 1 1 Rw 0.0821888205165887 chi2 1847.4114423938852
CYCLE 1 2 Rw 0.07984593911619335 chi2 1743.5877124695976
CYCLE 2 0 Rw 0.08591884488185111 chi2 2018.9008574088336
CYCLE 2 1 Rw 0.0840311393630504 chi2 1931.1616902998155
CYCLE 2 2 Rw 0.0917415594483989 chi2 2301.814754211443
CYCLE 3 0 Rw 0.17137924482910394 chi2 8032.571183047669
CYCLE 3 1 Rw 0.08327352009187529 chi2 1896.4962131327366
CYCLE 3 2 Rw 0.08357517579574283 chi2 1910.2610950888247
FINISHED X13023e3 0.08357517579574282
