
 fit_0.json zero -0.04512833296193638 vol 1290.704203499309
7.4904 [ 0 -1  0] 7.4474 -0.0429
8.273 [ 0 -1  1] 8.2446 -0.0284
8.7504 [ 0 -1 -1] 8.7329 -0.0175
10.6901 [ 0 -1  2] 10.6721 -0.018
11.4554 [ 0 -1 -2] 11.4254 -0.0301
11.8624 [ 0  0 -3] 12.2354 0.373
12.2532 [ 0  0 -3] 12.2354 -0.0178
13.9135 [ 0 -1  3] 13.9119 -0.0016
14.8091 [ 0 -1 -3] 14.7864 -0.0227
15.2662 [ 0 -2  1] 15.2522 -0.014
16.5873 [ 0 -2  2] 16.578 -0.0093
17.5836 [ 0 -2 -2] 17.563 -0.0207
18.1627 [1 0 1] 18.1493 -0.0134
19.5482 [ 1  1 -1] 19.5603 0.012
20.0532 [ 0 -2 -3] 20.0421 -0.0112
21.5022 [ 0 -2  4] 21.4846 -0.0176
22.5693 [ 1 -1  3] 22.5725 0.0031
23.223 [ 0 -3 -1] 23.2157 -0.0073
23.8147 [ 1  2 -1] 23.7158 -0.0988
24.1953 [ 1 -2 -2] 24.1829 -0.0123
25.0314 [ 0 -3  3] 25.0012 -0.0302
25.6898 [ 1 -2  3] 25.6407 -0.049
27.1998 [ 0 -3  4] 27.0734 -0.1264

 fit_4.json zero -0.034698841945046244 vol 1260.633033340435
7.4904 [ 0 -1  0] 7.4519 -0.0385
8.273 [ 0 -1 -1] 8.2455 -0.0275
8.7504 [ 0 -1  1] 8.7398 -0.0106
10.6901 [ 0 -1 -2] 10.6701 -0.02
11.4554 [ 0 -1  2] 11.4326 -0.0228
11.8624 [ 0  0 -3] 12.2384 0.376
12.2532 [ 0  0 -3] 12.2384 -0.0148
13.9135 [ 0 -1 -3] 13.9073 -0.0062
14.8091 [ 0 -1  3] 14.7926 -0.0165
15.2662 [ 0 -2 -1] 15.247 -0.0192
16.5873 [ 0 -2 -2] 16.5693 -0.018
17.5836 [ 0 -2  2] 17.5664 -0.0172
18.1627 [1 0 1] 18.1507 -0.012
19.5482 [ 1 -1  0] 19.5579 0.0096
20.0532 [ 0 -2  3] 20.0462 -0.007
21.5022 [ 0 -2 -4] 21.4697 -0.0325
22.5693 [ 0 -3  0] 22.5551 -0.0142
23.223 [ 0 -3  1] 23.2112 -0.0118
23.8147 [ 1 -2  1] 23.8841 0.0695
24.1953 [ 1  2 -1] 24.2032 0.0079
25.0314 [ 1 -1  4] 25.0519 0.0205
25.6898 [ 1  2 -2] 25.6408 -0.0489
27.1998 [1 2 4] 27.2674 0.0677

 fit_deh0.json zero -0.0280884559769292 vol 1683.7575487346119
7.4904 [ 0 -1  0] 7.4588 -0.0316
8.273 [ 0 -1 -1] 8.2503 -0.0227
8.7504 [ 0 -1  1] 8.7466 -0.0038
10.6901 [ 0 -1 -2] 10.672 -0.0181
11.4554 [ 0 -1  2] 11.4377 -0.0178
11.8624 [ 0  0 -3] 12.2383 0.3759
12.2532 [ 0  0 -3] 12.2383 -0.0148
13.9135 [ 0 -1 -3] 13.9064 -0.0071
14.8091 [ 0 -1  3] 14.7955 -0.0136
15.2662 [ 0 -2 -1] 15.2525 -0.0137
16.5873 [ 0 -2 -2] 16.5722 -0.0151
17.5836 [ 0 -2  2] 17.5733 -0.0103
18.1627 [ 1 -1 -1] 18.171 0.0083
19.5482 [ 1 -1  2] 19.5293 -0.0189
20.0532 [ 0 -2  3] 20.0516 -0.0016
21.5022 [ 0 -2 -4] 21.4668 -0.0354
22.5693 [ 0 -3  0] 22.5626 -0.0067
23.223 [ 0 -3  1] 23.2193 -0.0037
23.8147 [ 1 -2  1] 23.8177 0.003
24.1953 [ 1 -1 -4] 24.1904 -0.0049
25.0314 [ 1  2 -4] 25.0203 -0.0111
25.6898 [ 1  1 -5] 25.6927 0.003
27.1998 [ 1 -1 -5] 27.2017 0.0019
