/opt/conda/lib/libObjCryst.so
/opt/conda/include/ObjCryst
/opt/conda/include/ObjCryst/Quirks
/opt/conda/include/ObjCryst/Quirks/VFNDebug.h
/opt/conda/include/ObjCryst/Quirks/ci_string.h
/opt/conda/include/ObjCryst/RefinableObj
/opt/conda/include/ObjCryst/RefinableObj/Tracker.h
/opt/conda/include/ObjCryst/RefinableObj/LSQNumObj.h
/opt/conda/include/ObjCryst/RefinableObj/IO.h
/opt/conda/include/ObjCryst/RefinableObj/RefinableObj.h
/opt/conda/include/ObjCryst/RefinableObj/Simplex.h
/opt/conda/include/ObjCryst/RefinableObj/GlobalOptimObj.h
/opt/conda/include/ObjCryst/CrystVector
/opt/conda/include/ObjCryst/CrystVector/CrystVector.h
/opt/conda/include/ObjCryst/ObjCryst
/opt/conda/include/ObjCryst/ObjCryst/PDF.h
/opt/conda/include/ObjCryst/ObjCryst/ReflectionProfile.h
/opt/conda/include/ObjCryst/ObjCryst/ScatteringPowerSphere.h
/opt/conda/include/ObjCryst/ObjCryst/SpaceGroup.h
/opt/conda/include/ObjCryst/ObjCryst/Atom.h
/opt/conda/include/ObjCryst/ObjCryst/DiffractionDataSingleCrystal.h
/opt/conda/include/ObjCryst/ObjCryst/PowderPattern.h
/opt/conda/include/ObjCryst/ObjCryst/Indexing.h
/opt/conda/include/ObjCryst/ObjCryst/UnitCell.h
/opt/conda/include/ObjCryst/ObjCryst/IO.h
/opt/conda/include/ObjCryst/ObjCryst/Molecule.h
/opt/conda/include/ObjCryst/ObjCryst/General.h
/opt/conda/include/ObjCryst/ObjCryst/ZScatterer.h
/opt/conda/include/ObjCryst/ObjCryst/test.h
/opt/conda/include/ObjCryst/ObjCryst/Crystal.h
/opt/conda/include/ObjCryst/ObjCryst/ScatteringPower.h
/opt/conda/include/ObjCryst/ObjCryst/Colours.h
/opt/conda/include/ObjCryst/ObjCryst/ScatteringData.h
/opt/conda/include/ObjCryst/ObjCryst/Scatterer.h
/opt/conda/include/ObjCryst/ObjCryst/CIF.h
/opt/conda/include/ObjCryst/ObjCryst/Polyhedron.h
/opt/conda/include/ObjCryst/ObjCryst/GeomStructFactor.h
/opt/conda/include/ObjCryst/ObjCryst/ScatteringCorr.h
/opt/conda/include/ObjCryst/ObjCryst/PowderPatternBackgroundBayesianMinimiser.h
/opt/conda/include/ObjCryst/ObjCryst/Undo.h
/opt/conda/include/ObjCryst/version.h
/opt/conda/pkgs/libobjcryst-2024.2.1-h2b4839b_1/lib/libObjCryst.so
/opt/conda/pkgs/libobjcryst-2024.2.1-h2b4839b_1/include/ObjCryst
/opt/conda/pkgs/libobjcryst-2024.2.1-h2b4839b_1/include/ObjCryst/Quirks
/opt/conda/pkgs/libobjcryst-2024.2.1-h2b4839b_1/include/ObjCryst/Quirks/VFNDebug.h
/opt/conda/pkgs/libobjcryst-2024.2.1-h2b4839b_1/include/ObjCryst/Quirks/ci_string.h
/opt/conda/pkgs/libobjcryst-2024.2.1-h2b4839b_1/include/ObjCryst/RefinableObj
/opt/conda/pkgs/libobjcryst-2024.2.1-h2b4839b_1/include/ObjCryst/RefinableObj/Tracker.h
/opt/conda/pkgs/libobjcryst-2024.2.1-h2b4839b_1/include/ObjCryst/RefinableObj/LSQNumObj.h
/opt/conda/pkgs/libobjcryst-2024.2.1-h2b4839b_1/include/ObjCryst/RefinableObj/IO.h
/opt/conda/include/ObjCryst/RefinableObj/LSQNumObj.h
/opt/conda/pkgs/libobjcryst-2024.2.1-h2b4839b_1/include/ObjCryst/RefinableObj/LSQNumObj.h
#include <bits/stdc++.h>
#define private public
#include <ObjCryst/ObjCryst/PowderPattern.h>
#include <ObjCryst/ObjCryst/Crystal.h>
#include <ObjCryst/ObjCryst/DiffractionDataSingleCrystal.h>
#include <algorithm>
#include <cstdio>
#undef private
using namespace ObjCryst;
struct AccessDiff : PowderPatternDiffraction {
 int matrix(double* out, long npoint,long nref) {
  GetPowderPatternCalc();
  if(nref>long(mvReflProfile.size())) return -1;
  std::fill(out,out+npoint*nref,0.0);
  for(long j=0;j<nref;j++) {
   auto &r=mvReflProfile[j];
   double corr=mIntensityCorr(j)*mMultiplicity(j);
   for(long i=std::max(0L,r.first);i<=std::min(npoint-1,r.last);i++) out[i*nref+j]=r.profile(i-r.first)*corr;
  }
  return long(mvReflProfile.size());
 }
 void setobs(double *v,long n) {
  CrystVector_REAL vv(n);for(long i=0;i<n;i++)vv(i)=v[i];
  mpLeBailData->SetFhklObsSq(vv);
  SetExtractionMode(true,false);
 }
 void march(double frac,double coeff,double h,double k,double l) {mCorrTextureMarchDollase.AddPhase(frac,coeff,h,k,l);}
};
struct AccessCrystal: Crystal {void bumpscale(double scale){mBumpMergeScale=scale; mBumpMergeParClock.Click();}};
extern "C" {
 int bridge_kind(void *ptr) {auto *r=reinterpret_cast<RefinableObj*>(ptr);std::printf("Object: %s %s\n",r->GetClassName().c_str(),r->GetName().c_str()); return sizeof(REAL);}
 int bridge_matrix(void *ptr,double *out,long np,long nr) {auto*d=dynamic_cast<PowderPatternDiffraction*>(reinterpret_cast<RefinableObj*>(ptr));if(!d)return -2;return reinterpret_cast<AccessDiff*>(d)->matrix(out,np,nr);}
 void bridge_setobs(void*ptr,double*v,long n) {auto*d=dynamic_cast<PowderPatternDiffraction*>(reinterpret_cast<RefinableObj*>(ptr));reinterpret_cast<AccessDiff*>(d)->setobs(v,n);}
 void bridge_march(void*ptr,double frac,double coeff,double h,double k,double l) {auto*d=dynamic_cast<PowderPatternDiffraction*>(reinterpret_cast<RefinableObj*>(ptr));reinterpret_cast<AccessDiff*>(d)->march(frac,coeff,h,k,l);}
 void bridge_bumpscale(void*ptr,double scale) {auto*c=dynamic_cast<Crystal*>(reinterpret_cast<RefinableObj*>(ptr));reinterpret_cast<AccessCrystal*>(c)->bumpscale(scale);}
}
--base X130--
Imported powder pattern: 4185 points, 2theta=  4.243 ->  20.979, step= 0.004
FRESH_BASE X13023e3 P 1 21 1 0.08489922226195709 1955885.1715266537
Imported powder pattern: 4185 points, 2theta=  4.243 ->  20.979, step= 0.004
SCALED 10715.391615093919 Rw 0.08489924363556227 Chi2 4185.002107170029
---2dfit---
ERRORSG B 1 2 1 Space group symbol 'B 1 2 1' not recognized
ERRORSG B 1 21 1 Space group symbol 'B 1 21 1' not recognized
ERRORSG F 1 2 1 Space group symbol 'F 1 2 1' not recognized
ERRORSG F 1 m 1 Space group symbol 'F 1 m 1' not recognized
ERRORSG F 1 d 1 Space group symbol 'F 1 d 1' not recognized
ERRORSG F 1 2/m 1 Space group symbol 'F 1 2/m 1' not recognized
GROUPS [{"sg": "P 1 2 1", "number": 3, "Rw": 8.588691853348305, "GoF": 1707.8307424887735, "nGoF": 0.0, "mult": 2}, {"sg": "P 1 m 1", "number": 6, "Rw": 8.588691853348305, "GoF": 1707.8307424887735, "nGoF": 0.0, "mult": 2}, {"sg": "P 1 2/m 1", "number": 10, "Rw": 8.588691853348305, "GoF": 1707.8307424887735, "nGoF": 0.0, "mult": 4}, {"sg": "P 1 21 1", "number": 4, "Rw": 8.620349810170703, "GoF": 1719.3437097823464, "nGoF": 0.0, "mult": 2}, {"sg": "P 1 21/m 1", "number": 11, "Rw": 8.620349810170703, "GoF": 1719.3437097823464, "nGoF": 0.0, "mult": 4}, {"sg": "P 1 21/c 1", "number": 14, "Rw": 40.018730896634764, "GoF": 35973.00390970604, "nGoF": 0.0, "mult": 4}, {"sg": "P 1 c 1", "number": 7, "Rw": 40.02419619872839, "GoF": 36005.18667323809, "nGoF": 0.0, "mult": 2}, {"sg": "P 1 2/c 1", "number": 13, "Rw": 40.02419619872839, "GoF": 36005.18667323809, "nGoF": 0.0, "mult": 4}, {"sg": "A 1 2 1", "number": 5, "Rw": 40.85289701762472, "GoF": 35276.02367397855, "nGoF": 0.0, "mult": 4}, {"sg": "A 1 m 1", "number": 8, "Rw": 40.85289701762472, "GoF": 35276.02367397855, "nGoF": 0.0, "mult": 4}, {"sg": "A 1 2/m 1", "number": 12, "Rw": 40.85289701762472, "GoF": 35276.02367397855, "nGoF": 0.0, "mult": 8}, {"sg": "P 1 21/a 1", "number": 14, "Rw": 46.9262356141149, "GoF": 49478.48211455793, "nGoF": 0.0, "mult": 4}, {"sg": "P 1 a 1", "number": 7, "Rw": 46.93131871177188, "GoF": 49519.959553160916, "nGoF": 0.0, "mult": 2}, {"sg": "P 1 2/a 1", "number": 13, "Rw": 46.93131871177188, "GoF": 49519.959553160916, "nGoF": 0.0, "mult": 4}, {"sg": "C 1 2 1", "number": 5, "Rw": 47.73350588235615, "GoF": 48258.03236110595, "nGoF": 0.0, "mult": 4}, {"sg": "C 1 m 1", "number": 8, "Rw": 47.73350588235615, "GoF": 48258.03236110595, "nGoF": 0.0, "mult": 4}, {"sg": "C 1 2/m 1", "number": 12, "Rw": 47.73350588235615, "GoF": 48258.03236110595, "nGoF": 0.0, "mult": 8}, {"sg": "P 1 21/n 1", "number": 14, "Rw": 51.0277069105476, "GoF": 58432.95879254815, "nGoF": 0.0, "mult": 4}, {"sg": "P 1 n 1", "number": 7, "Rw": 51.03137859698212, "GoF": 58477.64460867767, "nGoF": 0.0, "mult": 2}, {"sg": "P 1 2/n 1", "number": 13, "Rw": 51.03137859698212, "GoF": 58477.64460867767, "nGoF": 0.0, "mult": 4}, {"sg": "I 1 2 1", "number": 5, "Rw": 51.62616629748469, "GoF": 56383.81429122222, "nGoF": 0.0, "mult": 4}, {"sg": "I 1 m 1", "number": 8, "Rw": 51.62616629748469, "GoF": 56383.81429122222, "nGoF": 0.0, "mult": 4}, {"sg": "I 1 2/m 1", "number": 12, "Rw": 51.62616629748469, "GoF": 56383.81429122222, "nGoF": 0.0, "mult": 8}, {"sg": "A 1 n 1", "number": 9, "Rw": 52.41511977334512, "GoF": 57216.87797923498, "nGoF": 0.0, "mult": 4}, {"sg": "A 1 a 1", "number": 9, "Rw": 52.41511977334512, "GoF": 57216.877979234974, "nGoF": 0.0, "mult": 4}, {"sg": "A 1 2/n 1", "number": 15, "Rw": 52.41511977334512, "GoF": 57216.87797923498, "nGoF": 0.0, "mult": 8}, {"sg": "A 1 2/a 1", "number": 15, "Rw": 52.41511977334512, "GoF": 57216.877979234974, "nGoF": 0.0, "mult": 8}, {"sg": "C 1 c 1", "number": 9, "Rw": 52.454598786313525, "GoF": 57369.15727202837, "nGoF": 0.0, "mult": 4}, {"sg": "C 1 n 1", "number": 9, "Rw": 52.454598786313525, "GoF": 57369.15727202837, "nGoF": 0.0, "mult": 4}, {"sg": "C 1 2/c 1", "number": 15, "Rw": 52.454598786313525, "GoF": 57369.15727202837, "nGoF": 0.0, "mult": 8}, {"sg": "C 1 2/n 1", "number": 15, "Rw": 52.454598786313525, "GoF": 57369.15727202837, "nGoF": 0.0, "mult": 8}, {"sg": "I 1 a 1", "number": 9, "Rw": 55.3669068228308, "GoF": 63897.91912958726, "nGoF": 0.0, "mult": 4}, {"sg": "I 1 c 1", "number": 9, "Rw": 55.3669068228308, "GoF": 63897.91912958724, "nGoF": 0.0, "mult": 4}, {"sg": "I 1 2/a 1", "number": 15, "Rw": 55.3669068228308, "GoF": 63897.91912958726, "nGoF": 0.0, "mult": 8}, {"sg": "I 1 2/c 1", "number": 15, "Rw": 55.3669068228308, "GoF": 63897.91912958724, "nGoF": 0.0, "mult": 8}]
DONE X8a06d7a 2d0 0.0744753038416127 [11.859878191858613, 5.01369621206577, 21.734570616650437, 90.0, 86.05010540353668, 90.0]
