H7PID=11003
---X130 free--
#  1:ScatteringPowerAtom(O)
#  2:ScatteringPowerAtom(N)
WITH_H 0.12370255349957332 8884.754569201004
Imported powder pattern: 4185 points, 2theta=  4.243 ->  20.979, step= 0.004
SCALED_SIGMA 1.4570517825599651 4184.999999999984
TIGHT_RESTRAINTS
FLEXIBLE_RINGS
CYCLE 0 0 Rw 0.1012413035362107 chi2 2803.196807282141 geom 0.0 LSQ 2958.8630602419476
CYCLE 0 1 Rw 0.09877817585460365 chi2 2668.4565566538927 geom 0.0 LSQ 2668.4669547834164
CYCLE 0 2 Rw 0.09864313381734806 chi2 2661.1653208639723 geom 0.0 LSQ 2662.4326674206486
CYCLE 1 0 Rw 0.08914963230848699 chi2 2173.5880905585145 geom 0.0 LSQ 2575.342378708751
CYCLE 1 1 Rw 0.08760609211013437 chi2 2098.9725026339925 geom 0.0 LSQ 2171.8930079996326
CYCLE 1 2 Rw 0.08633590842311753 chi2 2038.548550911673 geom 0.0 LSQ 2112.4778208128505
CYCLE 2 0 Rw 0.08489639918041518 chi2 1971.1363819809405 geom 0.0 LSQ 2047.9475694622265
CYCLE 2 1 Rw 0.08394115094445401 chi2 1927.0277671671438 geom 0.0 LSQ 1996.540826072162
CYCLE 2 2 Rw 0.08373025273622754 chi2 1917.3567974500872 geom 0.0 LSQ 1982.8893929348633
CYCLE 3 0 Rw 0.0823117962428774 chi2 1852.9439887310537 geom 0.0 LSQ 1926.6093566112113
CYCLE 3 1 Rw 0.08169019028404524 chi2 1825.0633697791013 geom 0.0 LSQ 1901.9131111172162
CYCLE 3 2 Rw 0.08133147956438783 chi2 1809.0704475310888 geom 0.0 LSQ 1884.3901326159878
FINISHED X13023e3 0.08133147956438783
---bases--
Imported powder pattern: 5125 points, 2theta=  3.810 ->  55.050, step= 0.010
FRESH_BASE X263b09a P -1 0.06854907876487204 94096.55126197086
Imported powder pattern: 5125 points, 2theta=  3.810 ->  55.050, step= 0.010
SCALED 42.84885095141612 Rw 0.06853151775938178 Chi2 5122.374476022954
Imported powder pattern: 2786 points, 2theta=  7.744 ->  55.089, step= 0.017
FRESH_BASE X8a06d7a P -1 0.09672107630066208 62807.77097669528
Imported powder pattern: 2786 points, 2theta=  7.744 ->  55.089, step= 0.017
SCALED 47.48051778432047 Rw 0.09669965710080655 Chi2 2784.766198938432
---stable4--
CYCLE 2 1 ok True Rw 0.1455347941870896 chi2 1604.7400196780281 LSQ before/after 2390.3344462009245 2112.9848414983426 geom 19408.64617324843
CYCLE 2 2 ok True Rw 0.14098470992980924 chi2 1505.9655649256597 LSQ before/after 2112.9848414983426 2556.4430721025387 geom 21354.62632695313
AFTER_END Rw 0.1409847099298094 chi2 1505.965564925663 geom 21354.626326953134
CYCLE 3 0 ok True Rw 0.12865358636625934 chi2 1254.0498645565433 LSQ before/after 2556.4430721025387 2147.9512624150098 geom 20705.607797548455
CYCLE 3 1 ok True Rw 0.12840950579826327 chi2 1249.296031307674 LSQ before/after 2147.9512624150098 1987.401610285795 geom 19512.60043175343
CYCLE 3 2 ok True Rw 0.12847580804260608 chi2 1250.5864733896647 LSQ before/after 1987.401610285795 2006.3763802493065 geom 18719.089544115275
AFTER_END Rw 0.12847580804260608 chi2 1250.5864733896656 geom 18719.08954411528
FINISHED Xd4c1a35 0.12847580804260608
