def ranaxis(dmin,dmax):
def ran2axis(k,N):
def ranAbyV(Bravais,dmin,dmax,V):
def ranAbyR(Bravais,A,k,N,ranFunc):
def rancell(Bravais,dmin,dmax):
def findMV(peaks,controls,ssopt,Inst,deltM,dlg):
def rotOrthoA(A):
def findBestCell(dlg,ncMax,A,Ntries,ibrav,peaks,V1,ifX20=True,cctbx_args=None):
def DoIndexPeaks(peaks,controls,bravais,dlg,ifX20=True,
def DoIndexPeaks(peaks,controls,bravais,dlg,ifX20=True,
            timeout=None,M20_min=2.0,X20_max=None,return_Nc=False,
            cctbx_args=None):
    'needs a doc string'
    timingOn = False
    if timingOn:
        import cProfile,pstats
        import io as StringIO
    delt = 0.005                                     #lowest d-spacing cushion
    amin = 2.5
    amax = 5.0*getDmax(peaks)
    dmin = getDmin(peaks)-delt
    bravaisNames = ['Cubic-F','Cubic-I','Cubic-P','Trigonal-R','Trigonal/Hexagonal-P',
        'Tetragonal-I','Tetragonal-P','Orthorhombic-F','Orthorhombic-I','Orthorhombic-A',
        'Orthorhombic-B','Orthorhombic-C',
        'Orthorhombic-P','Monoclinic-I','Monoclinic-A','Monoclinic-C','Monoclinic-P','Triclinic']
    tries = ['1st','2nd','3rd','4th','5th','6th','7th','8th','9th','10th']
    N1s = [1,1,1,   5,5,  5,5, 50,50,50,50,50,50,  100,100,100,100, 200]
    N2s = [1,1,1,   2,2,  2,2,     2,2,2,2,2,2,   2,2,2,2,   4]
    Nm  = [1,1,1,   1,1,  1,1,     1,1,1,1,1,1,   2,2,2,2,   4]
    notUse = 0
    for peak in peaks:
        if not peak[2]:
            notUse += 1
    Nobs = len(peaks)-notUse
    zero,ncno = controls[1:3]
    ncMax = Nobs*ncno
    print ("%s %8.3f %8.3f" % ('lattice parameter range = ',amin,amax))
    print ("%s %.4f %s %d %s %d" % ('Zero =',zero,'Nc/No max =',ncno,' Max Nc =',ncno*Nobs))
    cells = []
    lastcell = np.zeros(7)
    for ibrav in range(len(bravaisNames)):
        if timingOn:
            pr = cProfile.Profile()
            pr.enable()
        begin = time.time()
        if bravais[ibrav]:
            print ('cell search for ',bravaisNames[ibrav])
            print ('      M20  X20  Nc       a          b          c        alpha       beta      gamma     volume      V-test')
            V1 = controls[3]
            bestM20 = 0
            topM20 = 0
            cycle = 0
            while cycle < 5:
                if dlg:
                    dlg.Raise()
                    dlg.Update(0,newmsg=tries[cycle]+" cell search for "+bravaisNames[ibrav])
                try:
                    GoOn = True
                    while GoOn:                                                 #Loop over increment of volume
                        N2 = 0
                        while N2 < N2s[ibrav]:                                  #Table 2 step (iii)               
                            if timeout and time.time() - begin > timeout:
                                GoOn = False
                                break

                            if ibrav > 2:
                                if not N2:
                                    A = []
                                    GoOn,Skip,Nc,M20,X20,A = findBestCell(dlg,ncMax,A,Nm[ibrav]*N1s[ibrav],ibrav,peaks,V1,ifX20,cctbx_args=cctbx_args)
                                    if Skip:
                                        break
                                if A:
                                    GoOn,Skip,Nc,M20,X20,A = findBestCell(dlg,ncMax,A[:],N1s[ibrav],ibrav,peaks,0,ifX20,cctbx_args=cctbx_args)
                            else:
                                GoOn,Skip,Nc,M20,X20,A = findBestCell(dlg,ncMax,0,Nm[ibrav]*N1s[ibrav],ibrav,peaks,V1,ifX20,cctbx_args=cctbx_args)
                            if Skip:
                                break
                            elif Nc >= ncMax:
                                GoOn = False
                                break
                            elif 3*Nc < Nobs:
                                N2 = 10
                                break
                            else:
                                if not GoOn:
                                    break
                                if 1.e6 > M20 > 1.0:    #exclude nonsense
                                    bestM20 = max(bestM20,M20)
                                    A = halfCell(ibrav,A[:],peaks)
                                    if ibrav in [13,14,15,16]:
                                        A = monoCellReduce(ibrav,A[:])
                                    HKL = G2lat.GenHBravais(dmin,ibrav,A)
                                    peaks = IndexPeaks(peaks,HKL)[1]
                                    a,b,c,alp,bet,gam = G2lat.A2cell(A)
                                    V = G2lat.calc_V(A)
                                    if ( (M20 >= M20_min) and (X20_max is None or X20 <= X20_max) ):
                                        cell = [M20,X20,ibrav,a,b,c,alp,bet,gam,V,False,False]
                                        if return_Nc: cell.append(Nc)
                                        newcell = np.array(cell[3:10])
                                        if not np.allclose(newcell,lastcell):
                                            print ("%10.3f %3d %3d %10.5f %10.5f %10.5f %10.3f %10.3f %10.3f %10.2f %10.2f %s"
                                                %(M20,X20,Nc,a,b,c,alp,bet,gam,V,V1,bravaisNames[ibrav]))
                                            cells.append(cell)
                                        lastcell = np.array(cell[3:10])
                            if not GoOn:
                                break
                            N2 += 1
                        if Skip:
                            cycle = 10
                            GoOn = False
                            break
                        if ibrav < 13:
                            V1 *= 1.1
                        elif ibrav in range(13,18):
                            V1 *= 1.025
                        if not GoOn:
                            if bestM20 > topM20:
                                topM20 = bestM20
                                if cells:
                                    V1 = cells[0][9]
                                else:
                                    V1 = controls[3]
                                ncMax += Nobs
                                cycle += 1
                                print ('Restart search, new Max Nc = %d'%ncMax)
                            else:
                                cycle = 10
                finally:
                    pass
#                dlg.Destroy()
            print ('%s%s%s%s'%('finished cell search for ',bravaisNames[ibrav], \
                ', elapsed time = ',G2lat.sec2HMS(time.time()-begin)))
        if timingOn:
            pr.disable()
            if cells:
                s = StringIO.StringIO()
                sortby = 'tottime'
                ps = pstats.Stats(pr, stream=s).strip_dirs().sort_stats(sortby)
                print('Profiler of function calculation; top 50% of routines:')
                ps.print_stats("GSASII",.5)
                print(s.getvalue())
            
    if cells:
        return True,dmin,cells
    else:
        return False,0,[]
        
        
NeedTestData = True
def TestData():
    'needs a doc string'
    global NeedTestData
    NeedTestData = False
    global TestData
    TestData = [14, [7.,8.70,10.86,90.,102.95,90.], [7.76006,8.706215,10.865679,90.,102.947,90.],3,
        [[2.176562137832974, 761.60902227696033, True, True, 0, 0, 1, 10.591300714328161, 10.589436], 
        [3.0477561489789498, 4087.2956049071572, True, True, 1, 0, 0, 7.564238997554908, 7.562777], 
        [3.3254921120068524, 1707.0253890991009, True, True, 1, 0, -1, 6.932650301411212, 6.932718], 
        [3.428121546163426, 2777.5082170150563, True, True, 0, 1, 1, 6.725163158013632, 6.725106], 
        [4.0379791325512118, 1598.4321673135987, True, True, 1, 1, 0, 5.709789097440156, 5.70946], 
import os,sys,time,json,numpy as np
from scipy.optimize import differential_evolution,least_squares
from numba import njit
from pymatgen.core import Lattice
sid=sys.argv[1];W='/app/work/'+sid
ins=json.load(open('/app/data/instances/'+sid+'/instrument.json'));wl=ins['radiation']['wavelength_A'];pf=os.environ.get('PEAK_FILE','peaks_raw.json');peaks=json.load(open(W+'/'+pf))
sf=os.environ.get('SELECT_FILE',W+('/peak_select_raw.json' if pf!='peaks.json' else '/peak_select.json'))
if os.path.exists(sf):
 si=json.load(open(sf));peaks=[peaks[i-1] for i in si['indices']] if 'indices' in si else [p for p in peaks if p['two_theta']>=si.get('min_two_theta',0)]
peaks=peaks[int(os.environ.get('PEAK_SKIP','0')):][:int(os.environ.get('NPEAK','24'))];tt=np.array([p['two_theta'] for p in peaks]);qobs=(2*np.sin(np.deg2rad(tt/2))/wl)**2
fac=wl**2/(2*np.sin(np.deg2rad(tt)))*180/np.pi
hkl=np.array([(h,k,l) for h in range(0,4) for k in range(-5,6) for l in range(-8,9) if h>0 or (h==0 and k>0) or(h==k==0 and l>0)],dtype=np.float64)
terms=np.array([hkl[:,0]**2,hkl[:,1]**2,hkl[:,2]**2,2*hkl[:,1]*hkl[:,2],2*hkl[:,0]*hkl[:,2],2*hkl[:,0]*hkl[:,1]]).T
nspur=int(os.environ.get('NSPUR','1'));err=float(os.environ.get('TTHERR','.035'));vmin=float(os.environ.get('VMIN','0'));vmax=float(os.environ.get('VMAX','100000'));vtarget=float(os.environ.get('VTARGET','1300'))
@njit(cache=False)
def getg(x):
 a,b,c=x[:3];al,be,ga=x[3:6];return np.array([a*a,b*b,c*c,b*c*al,a*c*be,a*b*ga])
@njit(cache=False)
def cost(x):
 g=getg(x);zero=x[6] if len(x)>6 else 0.
 sq=np.zeros(len(qobs));used=np.zeros(len(qobs),dtype=np.int64)
 for i in range(len(qobs)):
  best=1e10;bj=-1;obs=qobs[i]-zero/fac[i]
  for j in range(len(terms)):
   q=0.
   for k in range(6):q+=terms[j,k]*g[k]
   d=abs(q-obs)
   if d<best:best=d;bj=j
  sq[i]=np.log1p((best*fac[i]/err)**2);used[i]=bj
 sq.sort();res=np.mean(sq[:len(sq)-nspur])
 # A mild penalty avoids indexing two well-resolved lines with the same hkl.
 for i in range(len(used)):
  for j in range(i):
   if used[i]==used[j]:res+=.03
 det=g[0]*g[1]*g[2]+2*g[3]*g[4]*g[5]-g[0]*g[3]*g[3]-g[1]*g[4]*g[4]-g[2]*g[5]*g[5]
 if det<=0:return 1000.
 vol=1/np.sqrt(det)
 if vmin>0:res*=vol/vtarget
 if vol<vmin:res+=50*np.log(vmin/vol)**2
 if vol>vmax:res+=50*np.log(vol/vmax)**2
 return res
@njit(cache=False)
def assignments(x):
 g=getg(x);zero=x[6] if len(x)>6 else 0.;idx=np.zeros(len(qobs),dtype=np.int64)
 for i in range(len(qobs)):
  best=1e10
  for j in range(len(terms)):
   q=0.
   for k in range(6):q+=terms[j,k]*g[k]
   dd=abs(q-qobs[i]+zero/fac[i])
   if dd<best:best=dd;idx[i]=j
 return idx
bounds=[(1/7.,1/4.3),(1/14.0,1/10.5),(1/24.0,1/19.0),(-.3,.3),(-.3,.3),(-.3,.3),(-.05,.05)]
if '--fixed-c' in sys.argv:bounds[2]=(np.sqrt(qobs[0])*.995,np.sqrt(qobs[0])*1.005)
if 'BROAD' in os.environ:bounds=[(1/11.,1/5.),(1/18.,1/8.),(1/27.,1/12.),(-.5,.5),(-.5,.5),(-.5,.5),(-.08,.08)]
if 'BOUNDS_FILE' in os.environ:bounds=json.load(open(os.environ['BOUNDS_FILE']))
print('INDEX_DE',sid,tt.tolist(),'bounds',bounds,flush=True);cost(np.mean(np.array(bounds),axis=1));sol=[];t0=time.time();tag=os.environ.get('INDEX_TAG','de')
for it in range(int(os.environ.get('TRIALS','40'))):
 res=differential_evolution(cost,bounds,popsize=int(os.environ.get('POPSIZE','18')),maxiter=int(os.environ.get('MAXITER','1000')),tol=.0001,polish=False,workers=1)
 xx=res.x
 for i in range(10):
  idx=assignments(xx);tr=terms[idx]
  def fun(x):return (tr@getg(x)-qobs)*fac+x[6]
  re=least_squares(fun,xx,bounds=np.array(bounds).T,loss='soft_l1',f_scale=err,max_nfev=200)
  if cost(re.x)>cost(xx)+.03:break
  xx=re.x
 g=getg(xx);G=np.array([[g[0],g[5],g[4]],[g[5],g[1],g[3]],[g[4],g[3],g[2]]]);Gi=np.linalg.inv(G);L=Lattice(np.linalg.cholesky(Gi));cp=L.parameters
 idx=assignments(xx);diff=((terms[idx]@g-qobs)*fac+xx[6]);ncal=np.sum((terms@g)<=qobs[-1]);score=qobs[-1]/(2*max(np.mean(np.abs(diff)/fac),1e-10)*max(ncal,1))
 s=dict(cell=list(cp),volume=L.volume,score=float(score),system='TRICLINIC',centering='P',mode=9,cost=float(cost(xx)),zero=float(xx[6]),maxerr=float(np.max(np.abs(diff))),rms=float(np.sqrt(np.mean(diff**2))))
 if not any(np.allclose(s['cell'][:3],p['cell'][:3],rtol=.001) and np.allclose(s['cell'][3:],p['cell'][3:],atol=.15) for p in sol):sol.append(s)
 sol.sort(key=lambda z:z['cost']);json.dump(sol,open(W+'/index_'+tag+'.json','w'),indent=1)
 print('TRIAL',it,'elapsed',time.time()-t0,'cost',s['cost'],'M',score,'cell',np.round(cp,4),'zero',xx[6],'diff',np.round(diff,4),'bestcost',sol[0]['cost'],flush=True)
 if np.max(np.abs(diff))<.04 and s['cost']<.06 and score>25:break
 if time.time()-t0>float(os.environ.get('INDEX_TIME','900')):break
