/app/work/X1db5091:
total 1148
-rw-r--r-- 1 root root   2777 Sep  6 05:25 de_ext.log
-rw-r--r-- 1 root root   1602 Sep  6 05:25 index_de_ext.json
-rw-r--r-- 1 root root   2613 Sep  6 05:01 candidates.json
-rw-r--r-- 1 root root      2 Sep  6 05:01 index_MONOCLINIC_C_3_1800_6000_z0_strict_peaks_raw.json
-rw-r--r-- 1 root root   1536 Sep  6 05:01 index_raw_large_MONOCLINIC_C.log
-rw-r--r-- 1 root root   4961 Sep  6 05:01 index_MONOCLINIC_P_3_1800_6000_z0_strict_peaks_raw.json
-rw-r--r-- 1 root root   8823 Sep  6 05:01 index_raw_large_MONOCLINIC_P.log
-rw-r--r-- 1 root root   1941 Sep  6 05:01 index_TRICLINIC_P_3_1000_1800_z-0.02_strict_peaks_raw.json
-rw-r--r-- 1 root root  24635 Sep  6 05:01 index_raw_strict_-0.02.log
-rw-r--r-- 1 root root   4158 Sep  6 05:00 index_TRICLINIC_P_3_1000_1800_z0.02_strict_peaks_raw.json
-rw-r--r-- 1 root root  22265 Sep  6 05:00 index_raw_strict_0.02.log
-rw-r--r-- 1 root root   3052 Sep  6 05:00 index_TRICLINIC_P_3_1000_1800_z0_strict_peaks_raw.json
-rw-r--r-- 1 root root  22801 Sep  6 05:00 index_raw_strict_0.log
-rw-r--r-- 1 root root    132 Sep  6 04:55 peak_select_ext.json
-rw-r--r-- 1 root root    995 Sep  6 04:43 de_raw_broad.log
-rw-r--r-- 1 root root    402 Sep  6 04:43 index_de_raw.json
-rw-r--r-- 1 root root   4183 Sep  6 04:36 de_raw.log
-rw-r--r-- 1 root root    104 Sep  6 04:34 peak_select_raw.json
-rw-r--r-- 1 root root   5343 Sep  6 04:20 index_raw_TRICLINIC_P.log
-rw-r--r-- 1 root root      2 Sep  6 04:20 index_MONOCLINIC_C_4_1050_1800_z0_peaks_raw.json
-rw-r--r-- 1 root root    619 Sep  6 04:20 index_raw_MONOCLINIC_C.log
-rw-r--r-- 1 root root  27625 Sep  6 04:20 index_MONOCLINIC_P_4_1050_1800_z0_peaks_raw.json
-rw-r--r-- 1 root root  42613 Sep  6 04:20 index_raw_MONOCLINIC_P.log
-rw-r--r-- 1 root root      2 Sep  6 04:20 index_ORTHOROMBIC_C_4_1050_1800_z0_peaks_raw.json
-rw-r--r-- 1 root root    617 Sep  6 04:20 index_raw_ORTHOROMBIC_C.log
-rw-r--r-- 1 root root  20756 Sep  6 04:20 index_ORTHOROMBIC_P_4_1050_1800_z0_peaks_raw.json
-rw-r--r-- 1 root root  26570 Sep  6 04:20 index_raw_ORTHOROMBIC_P.log
-rw-r--r-- 1 root root  68687 Sep  6 04:17 index_TRI_zero-0.08.log
-rw-r--r-- 1 root root 136973 Sep  6 04:15 peaks_raw.png
-rw-r--r-- 1 root root  25864 Sep  6 04:15 peaks_raw.json
-rw-r--r-- 1 root root   4695 Sep  6 04:14 index_TRICLINIC_P_4_1000_1900_z0.08.json
-rw-r--r-- 1 root root  26372 Sep  6 04:14 index_TRI_zero0.08.log
-rw-r--r-- 1 root root  27624 Sep  6 04:13 index_TRICLINIC_P_4_1000_1900_z-0.04.json
-rw-r--r-- 1 root root  53998 Sep  6 04:13 index_TRI_zero-0.04.log
-rw-r--r-- 1 root root   5249 Sep  6 04:12 index_TRICLINIC_P_4_1000_1900_z0.04.json
-rw-r--r-- 1 root root  12903 Sep  6 04:12 index_TRI_zero0.04.log
-rw-r--r-- 1 root root  14101 Sep  6 04:12 index_TRICLINIC_P_4_1000_1900_z0.json
-rw-r--r-- 1 root root  26204 Sep  6 04:12 index_TRI_zero0.log
-rw-r--r-- 1 root root      2 Sep  6 03:44 index_TRICLINIC_P_3.json
-rw-r--r-- 1 root root    784 Sep  6 03:44 index_TRICLINIC_P_3.log
-rw-r--r-- 1 root root      2 Sep  6 03:31 index_MONOCLINIC_C_2.json
-rw-r--r-- 1 root root   1584 Sep  6 03:31 index_MONOCLINIC_C_2.log
-rw-r--r-- 1 root root   4949 Sep  6 03:31 index_MONOCLINIC_P_2.json
-rw-r--r-- 1 root root   6412 Sep  6 03:31 index_MONOCLINIC_P_2.log
-rw-r--r-- 1 root root      2 Sep  6 03:30 index_ORTHOROMBIC_P_2.json
-rw-r--r-- 1 root root   1708 Sep  6 03:30 index_ORTHOROMBIC_P_2.log
-rw-r--r-- 1 root root      2 Sep  6 03:27 index_MONOCLINIC_C_0.json
-rw-r--r-- 1 root root   1585 Sep  6 03:27 index_MONOCLINIC_C_0.log
-rw-r--r-- 1 root root    278 Sep  6 03:27 index_MONOCLINIC_P_0.json
-rw-r--r-- 1 root root   2646 Sep  6 03:27 index_MONOCLINIC_P_0.log
-rw-r--r-- 1 root root      2 Sep  6 03:27 index_ORTHOROMBIC_I_0.json
-rw-r--r-- 1 root root   1708 Sep  6 03:27 index_ORTHOROMBIC_I_0.log
-rw-r--r-- 1 root root      2 Sep  6 03:27 index_ORTHOROMBIC_C_0.json
-rw-r--r-- 1 root root   1706 Sep  6 03:27 index_ORTHOROMBIC_C_0.log
-rw-r--r-- 1 root root      2 Sep  6 03:27 index_ORTHOROMBIC_P_0.json
-rw-r--r-- 1 root root   1707 Sep  6 03:27 index_ORTHOROMBIC_P_0.log
-rw-r--r-- 1 root root      2 Sep  6 03:27 index_RHOMBOEDRAL_P_0.json
-rw-r--r-- 1 root root   1616 Sep  6 03:27 index_RHOMBOEDRAL_P_0.log
-rw-r--r-- 1 root root      2 Sep  6 03:27 index_HEXAGONAL_P_0.json
-rw-r--r-- 1 root root   1702 Sep  6 03:27 index_HEXAGONAL_P_0.log
-rw-r--r-- 1 root root      2 Sep  6 03:27 index_TETRAGONAL_I_0.json
-rw-r--r-- 1 root root   1316 Sep  6 03:27 index_TETRAGONAL_I_0.log
-rw-r--r-- 1 root root      2 Sep  6 03:27 index_TETRAGONAL_P_0.json
-rw-r--r-- 1 root root   1700 Sep  6 03:27 index_TETRAGONAL_P_0.log
-rw-r--r-- 1 root root      2 Sep  6 03:27 index_CUBIC_F_0.json
-rw-r--r-- 1 root root    977 Sep  6 03:27 index_CUBIC_F_0.log
-rw-r--r-- 1 root root      2 Sep  6 03:27 index_CUBIC_I_0.json
-rw-r--r-- 1 root root    699 Sep  6 03:27 index_CUBIC_I_0.log
-rw-r--r-- 1 root root      2 Sep  6 03:27 index_CUBIC_P_0.json
-rw-r--r-- 1 root root   1284 Sep  6 03:27 index_CUBIC_P_0.log
-rw-r--r-- 1 root root 177363 Sep  6 03:25 peaks.png
-rw-r--r-- 1 root root  96705 Sep  6 03:25 processed.npz
-rw-r--r-- 1 root root  12348 Sep  6 03:25 peaks.json

/app/work/Xedd9c7b:
total 2188
-rw-r--r-- 1 root root    889 Sep  6 05:17 fit_raw2.json
-rw-r--r-- 1 root root   1920 Sep  6 05:17 fit_raw2.log
-rw-r--r-- 1 root root  92366 Sep  6 05:17 fit_raw2.xml
-rw-r--r-- 1 root root  71160 Sep  6 05:17 fit_raw2.png
-rw-r--r-- 1 root root  92365 Sep  6 05:17 pre_scan_raw2.xml
-rw-r--r-- 1 root root 167925 Sep  6 05:17 fit_raw2.xye
-rw-r--r-- 1 root root    886 Sep  6 05:17 fit_raw1.json
-rw-r--r-- 1 root root   1915 Sep  6 05:17 fit_raw1.log
-rw-r--r-- 1 root root  92034 Sep  6 05:17 fit_raw1.xml
-rw-r--r-- 1 root root  73268 Sep  6 05:17 fit_raw1.png
-rw-r--r-- 1 root root  92065 Sep  6 05:17 pre_scan_raw1.xml
-rw-r--r-- 1 root root 167925 Sep  6 05:17 fit_raw1.xye
-rw-r--r-- 1 root root    883 Sep  6 05:17 fit_raw0.json
-rw-r--r-- 1 root root   1916 Sep  6 05:17 fit_raw0.log
-rw-r--r-- 1 root root  92232 Sep  6 05:17 fit_raw0.xml
-rw-r--r-- 1 root root  65401 Sep  6 05:17 fit_raw0.png
-rw-r--r-- 1 root root  92262 Sep  6 05:17 pre_scan_raw0.xml
-rw-r--r-- 1 root root 167925 Sep  6 05:17 fit_raw0.xye
-rw-r--r-- 1 root root   2500 Sep  6 05:17 candidates.json
-rw-r--r-- 1 root root   4299 Sep  6 05:17 index_raw_MONOCLINIC_P_partial.json
-rw-r--r-- 1 root root   5989 Sep  6 05:17 index_raw_TRICLINIC_P_partial.json
-rw-r--r-- 1 root root  24570 Sep  6 04:59 index_raw_TRICLINIC_P.log
-rw-r--r-- 1 root root  10457 Sep  6 04:53 index_MONOCLINIC_C_4_400_2600_z0_peaks_raw.json
-rw-r--r-- 1 root root  21924 Sep  6 04:53 index_raw_MONOCLINIC_C.log
-rw-r--r-- 1 root root  18982 Sep  6 04:52 index_raw_MONOCLINIC_P.log
-rw-r--r-- 1 root root      2 Sep  6 04:50 index_ORTHOROMBIC_C_4_400_2600_z0_peaks_raw.json
-rw-r--r-- 1 root root   1001 Sep  6 04:50 index_raw_ORTHOROMBIC_C.log
-rw-r--r-- 1 root root   7131 Sep  6 04:50 index_ORTHOROMBIC_P_4_400_2600_z0_peaks_raw.json
-rw-r--r-- 1 root root  25320 Sep  6 04:50 index_raw_ORTHOROMBIC_P.log
-rw-r--r-- 1 root root     81 Sep  6 04:19 peak_select_raw.json
-rw-r--r-- 1 root root  27107 Sep  6 04:17 index_TRICLINIC_P_4.json
-rw-r--r-- 1 root root  45552 Sep  6 04:17 index_TRICLINIC_P_4.log
-rw-r--r-- 1 root root 212125 Sep  6 04:15 peaks_raw.png
-rw-r--r-- 1 root root   9983 Sep  6 04:15 peaks_raw.json
-rw-r--r-- 1 root root      2 Sep  6 03:31 index_MONOCLINIC_C_2.json
-rw-r--r-- 1 root root   1065 Sep  6 03:31 index_MONOCLINIC_C_2.log
-rw-r--r-- 1 root root  11594 Sep  6 03:31 index_MONOCLINIC_P_2.json
-rw-r--r-- 1 root root  11135 Sep  6 03:31 index_MONOCLINIC_P_2.log
-rw-r--r-- 1 root root    276 Sep  6 03:30 index_ORTHOROMBIC_P_2.json
-rw-r--r-- 1 root root   2756 Sep  6 03:30 index_ORTHOROMBIC_P_2.log
-rw-r--r-- 1 root root      2 Sep  6 03:27 index_MONOCLINIC_C_0.json
-rw-r--r-- 1 root root   1063 Sep  6 03:27 index_MONOCLINIC_C_0.log
-rw-r--r-- 1 root root  11578 Sep  6 03:27 index_MONOCLINIC_P_0.json
-rw-r--r-- 1 root root  30164 Sep  6 03:27 index_MONOCLINIC_P_0.log
-rw-r--r-- 1 root root      2 Sep  6 03:27 index_ORTHOROMBIC_I_0.json
-rw-r--r-- 1 root root   1188 Sep  6 03:27 index_ORTHOROMBIC_I_0.log
-rw-r--r-- 1 root root      2 Sep  6 03:27 index_ORTHOROMBIC_C_0.json
-rw-r--r-- 1 root root   1189 Sep  6 03:27 index_ORTHOROMBIC_C_0.log
-rw-r--r-- 1 root root    276 Sep  6 03:27 index_ORTHOROMBIC_P_0.json
-rw-r--r-- 1 root root   2754 Sep  6 03:27 index_ORTHOROMBIC_P_0.log
-rw-r--r-- 1 root root      2 Sep  6 03:27 index_RHOMBOEDRAL_P_0.json
-rw-r--r-- 1 root root   1143 Sep  6 03:27 index_RHOMBOEDRAL_P_0.log
-rw-r--r-- 1 root root      2 Sep  6 03:27 index_HEXAGONAL_P_0.json
-rw-r--r-- 1 root root   1060 Sep  6 03:27 index_HEXAGONAL_P_0.log
-rw-r--r-- 1 root root      2 Sep  6 03:27 index_TETRAGONAL_I_0.json
-rw-r--r-- 1 root root    931 Sep  6 03:27 index_TETRAGONAL_I_0.log
-rw-r--r-- 1 root root      2 Sep  6 03:27 index_TETRAGONAL_P_0.json
-rw-r--r-- 1 root root   1183 Sep  6 03:27 index_TETRAGONAL_P_0.log
-rw-r--r-- 1 root root      2 Sep  6 03:27 index_CUBIC_F_0.json
-rw-r--r-- 1 root root    721 Sep  6 03:27 index_CUBIC_F_0.log
-rw-r--r-- 1 root root      2 Sep  6 03:27 index_CUBIC_I_0.json
-rw-r--r-- 1 root root    577 Sep  6 03:27 index_CUBIC_I_0.log
-rw-r--r-- 1 root root      2 Sep  6 03:27 index_CUBIC_P_0.json
-rw-r--r-- 1 root root    841 Sep  6 03:27 index_CUBIC_P_0.log
-rw-r--r-- 1 root root 239223 Sep  6 03:26 peaks.png
-rw-r--r-- 1 root root  50723 Sep  6 03:26 processed.npz
-rw-r--r-- 1 root root   4452 Sep  6 03:26 peaks.json

/app/work/Xebbd488:
total 3708
-rw-r--r-- 1 root root   2586 Sep  6 05:01 candidates.json
-rw-r--r-- 1 root root    751 Sep  6 05:00 fit_2.json
import os,sys,time,json,numpy as np
from scipy.optimize import differential_evolution,least_squares
from numba import njit
from pymatgen.core import Lattice
sid=sys.argv[1];W='/app/work/'+sid
ins=json.load(open('/app/data/instances/'+sid+'/instrument.json'));wl=ins['radiation']['wavelength_A'];pf=os.environ.get('PEAK_FILE','peaks_raw.json');peaks=json.load(open(W+'/'+pf))
sf=os.environ.get('SELECT_FILE',W+('/peak_select_raw.json' if pf!='peaks.json' else '/peak_select.json'))
if os.path.exists(sf):
 si=json.load(open(sf));peaks=[peaks[i-1] for i in si['indices']] if 'indices' in si else [p for p in peaks if p['two_theta']>=si.get('min_two_theta',0)]
peaks=peaks[int(os.environ.get('PEAK_SKIP','0')):][:int(os.environ.get('NPEAK','24'))];tt=np.array([p['two_theta'] for p in peaks]);qobs=(2*np.sin(np.deg2rad(tt/2))/wl)**2
fac=wl**2/(2*np.sin(np.deg2rad(tt)))*180/np.pi
hkl=np.array([(h,k,l) for h in range(0,4) for k in range(-5,6) for l in range(-8,9) if h>0 or (h==0 and k>0) or(h==k==0 and l>0)],dtype=np.float64)
terms=np.array([hkl[:,0]**2,hkl[:,1]**2,hkl[:,2]**2,2*hkl[:,1]*hkl[:,2],2*hkl[:,0]*hkl[:,2],2*hkl[:,0]*hkl[:,1]]).T
nspur=int(os.environ.get('NSPUR','1'));err=float(os.environ.get('TTHERR','.035'));vmin=float(os.environ.get('VMIN','0'));vmax=float(os.environ.get('VMAX','100000'));vtarget=float(os.environ.get('VTARGET','1300'))
@njit(cache=False)
def getg(x):
 a,b,c=x[:3];al,be,ga=x[3:6];return np.array([a*a,b*b,c*c,b*c*al,a*c*be,a*b*ga])
@njit(cache=False)
def cost(x):
 g=getg(x);zero=x[6] if len(x)>6 else 0.
 sq=np.zeros(len(qobs));used=np.zeros(len(qobs),dtype=np.int64)
 for i in range(len(qobs)):
  best=1e10;bj=-1;obs=qobs[i]-zero/fac[i]
  for j in range(len(terms)):
   q=0.
   for k in range(6):q+=terms[j,k]*g[k]
   d=abs(q-obs)
   if d<best:best=d;bj=j
  sq[i]=np.log1p((best*fac[i]/err)**2);used[i]=bj
 sq.sort();res=np.mean(sq[:len(sq)-nspur])
 # A mild penalty avoids indexing two well-resolved lines with the same hkl.
 for i in range(len(used)):
  for j in range(i):
   if used[i]==used[j]:res+=.03
 det=g[0]*g[1]*g[2]+2*g[3]*g[4]*g[5]-g[0]*g[3]*g[3]-g[1]*g[4]*g[4]-g[2]*g[5]*g[5]
 if det<=0:return 1000.
 vol=1/np.sqrt(det)
 if vmin>0:res*=vol/vtarget
 if vol<vmin:res+=50*np.log(vmin/vol)**2
 if vol>vmax:res+=50*np.log(vol/vmax)**2
 return res
@njit(cache=False)
def assignments(x):
 g=getg(x);zero=x[6] if len(x)>6 else 0.;idx=np.zeros(len(qobs),dtype=np.int64)
 for i in range(len(qobs)):
  best=1e10
  for j in range(len(terms)):
   q=0.
   for k in range(6):q+=terms[j,k]*g[k]
   dd=abs(q-qobs[i]+zero/fac[i])
   if dd<best:best=dd;idx[i]=j
 return idx
bounds=[(1/7.,1/4.3),(1/14.0,1/10.5),(1/24.0,1/19.0),(-.3,.3),(-.3,.3),(-.3,.3),(-.05,.05)]
if '--fixed-c' in sys.argv:bounds[2]=(np.sqrt(qobs[0])*.995,np.sqrt(qobs[0])*1.005)
if 'BROAD' in os.environ:bounds=[(1/11.,1/5.),(1/18.,1/8.),(1/27.,1/12.),(-.5,.5),(-.5,.5),(-.5,.5),(-.08,.08)]
if 'BOUNDS_FILE' in os.environ:bounds=json.load(open(os.environ['BOUNDS_FILE']))
print('INDEX_DE',sid,tt.tolist(),'bounds',bounds,flush=True);cost(np.mean(np.array(bounds),axis=1));sol=[];t0=time.time();tag=os.environ.get('INDEX_TAG','de')
for it in range(int(os.environ.get('TRIALS','40'))):
 res=differential_evolution(cost,bounds,popsize=int(os.environ.get('POPSIZE','18')),maxiter=int(os.environ.get('MAXITER','1000')),tol=.0001,polish=False,workers=1)
 xx=res.x
 for i in range(10):
  idx=assignments(xx);tr=terms[idx]
  def fun(x):return (tr@getg(x)-qobs)*fac+x[6]
  re=least_squares(fun,xx,bounds=np.array(bounds).T,loss='soft_l1',f_scale=err,max_nfev=200)
  if cost(re.x)>cost(xx)+.03:break
  xx=re.x
 g=getg(xx);G=np.array([[g[0],g[5],g[4]],[g[5],g[1],g[3]],[g[4],g[3],g[2]]]);Gi=np.linalg.inv(G);L=Lattice(np.linalg.cholesky(Gi));cp=L.parameters
 idx=assignments(xx);diff=((terms[idx]@g-qobs)*fac+xx[6]);ncal=np.sum((terms@g)<=qobs[-1]);score=qobs[-1]/(2*max(np.mean(np.abs(diff)/fac),1e-10)*max(ncal,1))
 s=dict(cell=list(cp),volume=L.volume,score=float(score),system='TRICLINIC',centering='P',mode=9,cost=float(cost(xx)),zero=float(xx[6]),maxerr=float(np.max(np.abs(diff))),rms=float(np.sqrt(np.mean(diff**2))))
 if not any(np.allclose(s['cell'][:3],p['cell'][:3],rtol=.001) and np.allclose(s['cell'][3:],p['cell'][3:],atol=.15) for p in sol):sol.append(s)
 sol.sort(key=lambda z:z['cost']);json.dump(sol,open(W+'/index_'+tag+'.json','w'),indent=1)
 print('TRIAL',it,'elapsed',time.time()-t0,'cost',s['cost'],'M',score,'cell',np.round(cp,4),'zero',xx[6],'diff',np.round(diff,4),'bestcost',sol[0]['cost'],flush=True)
 if np.max(np.abs(diff))<.04 and s['cost']<.06 and score>25:break
 if time.time()-t0>float(os.environ.get('INDEX_TIME','900')):break
