
=====  Xedd9c7b
peak_select_raw.json {"indices": [1, 2, 3, 4, 5, 6, 7, 8, 10, 12, 13, 14, 15, 17, 18, 20, 22, 24, 25]}
peak_select_ext.json 
candidates.json [
 {
  "cell": [
   8.049,
   9.026909893668444,
   12.041999999999998,
   98.32410562974239,
   100.19200000000001,
   114.76641288929275
  ],
  "volume": 758.113409468847,
  "score": 16.75,
  "system": "TRICLINIC",
  "centering": "P",
  "mode": 9,
  "source": "index_raw_TRICLINIC_P_partial.json",
  "sg": "P-1"
 },
 {
  "cell": [
   8.332381248474121,
   9.689390182495117,
   9.812661170959473,
   73.34296244961246,
   82.74776911546115,
   71.05105149247966
  ],
  "volume": 717.3764757695676,
  "score": 12.41263198852539,
  "system": "TRICLINIC",
  "centering": "P",
  "mode": 4,
  "source": "index_TRICLINIC_P_4.json",
  "sg": "P-1"
 },
 {
  "cell": [
   8.699,
   10.326,
   10.591543673914028,
   117.42842487947327,
   105.67167657315042,
   97.57300000000001
  ],
  "volume": 775.6509108503295,
  "score": 12.32,
  "system": "TRICLINIC",
  "centering": "P",
  "mode": 9,
  "source": "index_raw_TRICLINIC_P_partial.json",
  "sg": "P-1"
 },
 {
  "cell": [
   8.689,
   10.356,
   10.749178218866833,
   116.31376185343949,
   105.78828078283645,
   97.566
  ],
  "volume": 797.8287109620625,
  "score": 12.14,
  "system": "TRICLINIC",
  "centering": "P",
  "mode": 9,
  "source": "index_raw_TRICLINIC_P_partial.json",
  "sg": "P-1"
 },
 {
  "cell": [
   9.059966087341309,
   9.267343521118164,
   10.218840574124576,
   101.58736640553123,
   112.99653037922934,
   101.90873102052973
  ],
  "volume": 734.1025158587615,
  "score": 12.005582809448242,
  "system": "TRICLINIC",
  "centering": "P",
  "mode": 4,
  "source": "index_TRICLINIC_P_4.json",
  "sg": "P-1"
 },
 {
  "cell": [
   10.602,
   6.015,
   39.747,
   90.0,
   93.102,
   90.0
  ],
  "volume": 2530.993230927609,
  "score": 11.89,
  "system": "MONOCLINIC",
  "centering": "P",
  "mode": 9,
  "source": "index_raw_MONOCLINIC_P_partial.json",
  "sg": "P2/m"
 },
 {
  "cell": [
   8.005290031433105,
   8.042119979858398,
   12.279562950134276,
   96.14097094572327,
   105.63240672204809,
   95.96499795194707
  ],
  "volume": 749.6312189779292,
  "score": 11.608678817749023,
  "system": "TRICLINIC",
  "centering": "P",
  "mode": 4,
  "source": "index_TRICLINIC_P_4.json",
  "sg": "P-1"
 },
 {
  "cell": [
   6.545950412750244,
   8.172203063964844,
   14.435497283935545,
   97.32831054047078,
   97.98003353069505,
   100.49769590027512
  ],
  "volume": 742.6249137931495,
  "score": 11.543947219848633,
  "system": "TRICLINIC",
  "centering": "P",
  "mode": 4,
  "source": "index_TRICLINIC_P_4.json",
  "sg": "P-1"
 }
]
 1 t= 11.1074 d=  7.9594 ht=     395 w= 0.119 e=0.0041 max= 11.0946
 2 t= 11.8199 d=  7.4812 ht=     902 w= 0.152 e=0.0029 max= 11.8037
 3 t= 12.5295 d=  7.0590 ht=     122 w= 0.101 e=0.0108 max= 12.5258
 4 t= 14.2658 d=  6.2035 ht=     743 w= 0.118 e=0.0026 max= 14.2590
 5 t= 14.8881 d=  5.9456 ht=     462 w= 0.124 e=0.0037 max= 14.8892
 6 t= 15.3992 d=  5.7494 ht=     208 w= 0.113 e=0.0066 max= 15.4013
 7 t= 17.1293 d=  5.1724 ht=     391 w= 0.126 e=0.0056 max= 17.1213
 8 t= 17.3885 d=  5.0959 ht=    1006 w= 0.141 e=0.0030 max= 17.3971
 9 t= 17.8838 d=  4.9558 ht=      79 w= 0.718 e=0.0528 max= 17.9222
10 t= 19.3191 d=  4.5908 ht=     396 w= 0.183 e=0.0059 max= 19.3272
11 t= 19.6552 d=  4.5130 ht=      72 w= 0.040 e=0.0133 max= 19.6554
12 t= 19.9857 d=  4.4391 ht=     767 w= 0.179 e=0.0035 max= 19.9705
13 t= 20.6193 d=  4.3041 ht=     483 w= 0.158 e=0.0042 max= 20.6270
14 t= 21.5027 d=  4.1293 ht=     175 w= 0.119 e=0.0083 max= 21.5199
15 t= 22.2280 d=  3.9961 ht=     424 w= 0.195 e=0.0061 max= 22.2289
16 t= 22.9871 d=  3.8658 ht=      53 w= 0.068 e=0.0576 max= 22.9773
17 t= 23.8782 d=  3.7236 ht=     166 w= 0.163 e=0.0103 max= 23.8570
18 t= 24.3355 d=  3.6546 ht=     129 w= 0.163 e=0.0138 max= 24.3297
19 t= 24.9097 d=  3.5716 ht=      67 w= 0.143 e=0.0246 max= 24.9205
20 t= 25.2383 d=  3.5259 ht=     389 w= 0.172 e=0.0060 max= 25.2488
21 t= 25.6784 d=  3.4664 ht=     126 w= 0.631 e=0.1501 max= 25.7871
22 t= 26.4934 d=  3.3616 ht=      97 w= 0.205 e=0.0167 max= 26.4961
23 t= 27.5376 d=  3.2365 ht=      46 w= 0.046 e=0.0391 max= 27.5334
24 t= 28.1929 d=  3.1627 ht=     106 w= 0.308 e=0.0212 max= 28.2293
25 t= 28.8054 d=  3.0969 ht=     174 w= 0.189 e=0.0095 max= 28.8070
26 t= 29.3035 d=  3.0453 ht=      80 w= 0.157 e=0.0162 max= 29.2928
27 t= 31.2544 d=  2.8596 ht=      68 w= 0.304 e=0.0275 max= 31.2623
28 t= 32.1605 d=  2.7810 ht=     135 w= 0.952 e=0.0468 max= 32.1158
29 t= 37.2239 d=  2.4135 ht=      46 w= 0.232 e=0.0326 max= 37.1708

=====  X8a6f5a8
peak_select_raw.json {"indices": [2, 6, 9, 10, 12, 13, 14, 15, 16, 17, 18, 19, 20, 21, 22, 23, 24, 25]}
peak_select_ext.json 
candidates.json [
 {
  "cell": [
   12.442433357238768,
   31.431488037109368,
   15.183707237243652,
   90.0,
   108.34057672795817,
   90.0
  ],
  "volume": 5636.469090438184,
  "score": 13.370471000671387,
  "system": "MONOCLINIC",
  "centering": "C",
  "mode": 4,
  "source": "index_MONOCLINIC_C_4_1000_5500_z0_peaks_raw.json",
  "sg": "C2/m"
 },
 {
  "cell": [
   21.878,
   4.93,
   45.53708975943459,
   90.0,
   91.09430419056206,
   90.0
  ],
  "volume": 4910.668224699851,
  "score": 11.61,
  "system": "MONOCLINIC",
  "centering": "P",
  "mode": 9,
  "source": "index_raw_MONOCLINIC_P_partial.json",
  "sg": "P2/m"
 },
 {
  "cell": [
   15.846999999999998,
   7.332,
   39.16299999999999,
   90.0,
   97.161,
   90.0
  ],
  "volume": 4514.863187992851,
  "score": 11.56,
  "system": "MONOCLINIC",
  "centering": "P",
  "mode": 9,
  "source": "index_raw_MONOCLINIC_P_partial.json",
  "sg": "P2/m"
 },
 {
  "cell": [
   7.751583576202395,
   63.11197280883788,
   11.788716316223143,
   90.0,
   94.2034648442441,
   90.0
  ],
  "volume": 5751.735426126712,
  "score": 11.174103736877441,
  "system": "MONOCLINIC",
  "centering": "C",
  "mode": 4,
  "source": "index_MONOCLINIC_C_4_1000_5500_z0_peaks_raw.json",
  "sg": "C2/m"
 },
 {
  "cell": [
   16.861,
   9.932,
   22.704,
   90.0,
   110.75399999999999,
   90.0
  ],
  "volume": 3555.3743794585366,
  "score": 11.14,
  "system": "MONOCLINIC",
  "centering": "P",
  "mode": 9,
  "source": "index_raw_MONOCLINIC_P_partial.json",
  "sg": "P2/m"
 },
 {
  "cell": [
   15.786,
   6.223,
   21.540999999999993,
   90.0,
   93.54,
   90.0
  ],
  "volume": 2112.0699939885317,
  "score": 10.73,
  "system": "MONOCLINIC",
  "centering": "P",
  "mode": 9,
  "source": "index_raw_MONOCLINIC_P_partial.json",
  "sg": "P2/m"
 },
 {
  "cell": [
   16.260349273681637,
   31.341751098632812,
   11.275025465368913,
   90.0,
   118.62079611574732,
   90.0
  ],
  "volume": 5043.949999821067,
  "score": 9.51508903503418,
  "system": "MONOCLINIC",
  "centering": "C",
  "mode": 4,
  "source": "index_MONOCLINIC_C_4_1000_5500_z0_peaks_raw.json",
  "sg": "C2/m"
 },
 {
  "cell": [
   10.93901252746582,
   13.500888824462889,
   16.329559326171875,
   75.93098259783281,
   84.45098606803056,
   79.26981129056682
  ],
  "volume": 2295.0594740907686,
  "score": 9.43746280670166,
  "system": "TRICLINIC",
  "centering": "P",
  "mode": 3,
  "source": "index_TRICLINIC_P_3.json",
  "sg": "P-1"
 }
]
 1 t=  3.8932 d= 22.6773 ht=     223 w= 0.036 e=0.0032 max=  3.9000
 2 t=  5.6109 d= 15.7381 ht=   34033 w= 0.176 e=0.0016 max=  5.5900
 3 t=  6.3617 d= 13.8822 ht=     100 w= 0.051 e=0.0228 max=  6.3800
 4 t=  6.8283 d= 12.9347 ht=     278 w= 0.186 e=0.0125 max=  6.8700
 5 t=  7.2342 d= 12.2097 ht=     116 w= 0.018 e=0.0349 max=  7.2400
 6 t=  8.2559 d= 10.7009 ht=    6396 w= 0.183 e=0.0019 max=  8.2400
 7 t=  8.6436 d= 10.2218 ht=     146 w= 0.038 e=0.0065 max=  8.6500
 8 t=  8.9710 d=  9.8494 ht=     122 w= 0.024 e=0.0058 max=  8.9800
 9 t= 11.2215 d=  7.8786 ht=    5413 w= 0.210 e=0.0063 max= 11.2400
10 t= 11.5816 d=  7.6345 ht=   32421 w= 0.135 e=0.0008 max= 11.5700
11 t= 11.9763 d=  7.3838 ht=     190 w= 0.009 e=0.1078 max= 11.9700
12 t= 12.2496 d=  7.2196 ht=    2470 w= 0.241 e=0.0029 max= 12.2400
13 t= 13.3044 d=  6.6495 ht=    2781 w= 0.144 e=0.0023 max= 13.2900
14 t= 13.5437 d=  6.5326 ht=    2192 w= 0.127 e=0.0014 max= 13.5400
15 t= 14.2686 d=  6.2023 ht=    2508 w= 0.181 e=0.0023 max= 14.2500
16 t= 15.3447 d=  5.7696 ht=    6131 w= 0.201 e=0.0024 max= 15.3300
17 t= 15.9526 d=  5.5511 ht=    9591 w= 0.263 e=0.0007 max= 15.9500
18 t= 16.2257 d=  5.4583 ht=    4535 w= 0.126 e=0.0012 max= 16.2200
19 t= 16.5263 d=  5.3597 ht=    9641 w= 0.158 e=0.0006 max= 16.5200
20 t= 16.8880 d=  5.2457 ht=    4210 w= 0.177 e=0.0021 max= 16.8900
21 t= 17.0800 d=  5.1872 ht=    2276 w= 0.126 e=0.0097 max= 17.0500
22 t= 18.3509 d=  4.8307 ht=   38156 w= 0.206 e=0.0014 max= 18.3400
23 t= 18.7820 d=  4.7208 ht=    4729 w= 0.148 e=0.0022 max= 18.7700
24 t= 19.2790 d=  4.6002 ht=    2838 w= 0.158 e=0.0171 max= 19.3100
25 t= 19.6938 d=  4.5042 ht=   21602 w= 0.187 e=0.0011 max= 19.6800
26 t= 20.3034 d=  4.3703 ht=   12088 w= 0.176 e=0.0011 max= 20.2900
27 t= 20.7701 d=  4.2732 ht=    8480 w= 0.221 e=0.0010 max= 20.7700
28 t= 21.0439 d=  4.2182 ht=    2340 w= 0.149 e=0.0019 max= 21.0400
29 t= 21.3752 d=  4.1536 ht=    1122 w= 0.125 e=0.0034 max= 21.3900
30 t= 21.7222 d=  4.0880 ht=    6130 w= 0.158 e=0.0011 max= 21.7200
31 t= 22.2177 d=  3.9979 ht=    5228 w= 0.218 e=0.0012 max= 22.2000
32 t= 22.5887 d=  3.9331 ht=     837 w= 0.092 e=0.0167 max= 22.6100
33 t= 23.0119 d=  3.8617 ht=   18101 w= 0.148 e=0.0008 max= 23.0100
34 t= 23.3590 d=  3.8051 ht=   24708 w= 0.286 e=0.0013 max= 23.3500
35 t= 24.4149 d=  3.6429 ht=   15408 w= 0.462 e=0.0032 max= 24.4200
36 t= 25.1053 d=  3.5442 ht=    5990 w= 0.188 e=0.0017 max= 25.1100
37 t= 25.4225 d=  3.5007 ht=   12263 w= 0.315 e=0.0046 max= 25.4000
38 t= 26.8262 d=  3.3207 ht=   32794 w= 0.282 e=0.0019 max= 26.8000
39 t= 27.4477 d=  3.2469 ht=    2399 w= 0.241 e=0.0024 max= 27.4300
40 t= 28.0981 d=  3.1732 ht=    2380 w= 0.300 e=0.0041 max= 28.1300
41 t= 28.7839 d=  3.0991 ht=    1168 w= 0.184 e=0.0030 max= 28.7900
42 t= 29.2628 d=  3.0495 ht=     730 w= 0.140 e=0.0034 max= 29.2700
43 t= 29.5162 d=  3.0239 ht=    2361 w= 0.208 e=0.0024 max= 29.5200
44 t= 30.1159 d=  2.9650 ht=     101 w= 0.045 e=0.0113 max= 30.1200
45 t= 30.2130 d=  2.9557 ht=     286 w= 0.180 e=0.0393 max= 30.2100

=====  Xebbd488
peak_select_raw.json {"indices": [1, 2, 3, 4, 5, 7, 8, 9, 10, 11, 12, 13, 14, 15, 16, 20, 21, 22, 23, 24]}
peak_select_ext.json 
candidates.json [
 {
  "cell": [
   10.159420013427734,
   13.768106460571289,
   14.678791999816895,
   74.60990789913645,
   88.93883016407914,
   73.84246784399383
  ],
  "volume": 1897.9945976155218,
  "score": 13.408711433410645,
  "system": "TRICLINIC",
  "centering": "P",
  "mode": 4,
  "source": "index_TRICLINIC_P_4.json",
  "sg": "P-1"
 },
 {
  "cell": [
   9.711040496826172,
   14.232144355773928,
   15.313521385192873,
   82.56284356491591,
   85.38521251251574,
   86.22658435646741
  ],
  "volume": 2088.5686477023337,
  "score": 12.616782188415527,
  "system": "TRICLINIC",
  "centering": "P",
  "mode": 4,
  "source": "index_TRICLINIC_P_4.json",
  "sg": "P-1"
 },
 {
  "cell": [
   39.647,
   3.255,
   46.117,
   90.0,
   108.188,
   90.0
  ],
  "volume": 5654.0949190348765,
  "score": 12.55,
  "system": "MONOCLINIC",
  "centering": "P",
  "mode": 9,
  "source": "index_raw_MONOCLINIC_P_partial.json",
  "sg": "P2/m"
 },
 {
  "cell": [
   9.326689720153809,
   14.746308326721188,
   15.342363357543947,
   81.77800018776807,
   87.22064826703824,
   75.3275353846622
  ],
  "volume": 2020.1416635529831,
  "score": 11.695576667785645,
  "system": "TRICLINIC",
  "centering": "P",
  "mode": 4,
  "source": "index_TRICLINIC_P_4.json",
  "sg": "P-1"
 },
 {
  "cell": [
   9.901762962341309,
   13.378286361694338,
   15.601984977722168,
   102.91059682836551,
   91.44301657042676,
   101.57562269470819
  ],
  "volume": 1968.2387225946054,
  "score": 11.469149589538574,
  "system": "TRICLINIC",
  "centering": "P",
  "mode": 4,
  "source": "index_TRICLINIC_P_4.json",
  "sg": "P-1"
 },
 {
  "cell": [
   10.128386497497559,
   15.077325820922855,
   15.41947841644287,
   96.60782120568281,
   91.85277327911416,
   108.90018778703563
  ],
  "volume": 2206.86129424599,
  "score": 11.416419982910156,
  "system": "TRICLINIC",
  "centering": "P",
  "mode": 4,
  "source": "index_TRICLINIC_P_4.json",
  "sg": "P-1"
 },
 {
  "cell": [
   12.112983703613281,
   13.563806533813478,
   15.043833732604982,
   75.52705204050743,
   71.36230822191347,
   71.90933989377264
  ],
  "volume": 2194.904120144095,
  "score": 11.272283554077148,
  "system": "TRICLINIC",
  "centering": "P",
  "mode": 4,
  "source": "index_TRICLINIC_P_4.json",
  "sg": "P-1"
 },
 {
  "cell": [
   8.093047142028809,
   14.74199485778809,
   15.328042030334473,
   96.63676071719615,
   93.09167397190612,
   104.83223640040276
  ],
  "volume": 1749.316186218338,
  "score": 10.948124885559082,
  "system": "TRICLINIC",
  "centering": "P",
  "mode": 4,
  "source": "index_TRICLINIC_P_4.json",
  "sg": "P-1"
 }
]
 1 t=  5.8363 d= 15.1308 ht=    1402 w= 0.091 e=0.0032 max=  5.8400
 2 t=  6.9811 d= 12.6518 ht=   24376 w= 0.206 e=0.0021 max=  6.9600
 3 t=  7.7401 d= 11.4129 ht=    1345 w= 0.109 e=0.0073 max=  7.7600
 4 t=  7.9684 d= 11.0863 ht=    9968 w= 0.152 e=0.0011 max=  7.9600
 5 t=  9.1606 d=  9.6461 ht=   15486 w= 0.169 e=0.0017 max=  9.1400
 6 t=  9.7869 d=  9.0301 ht=     181 w= 0.018 e=0.1009 max=  9.7900
 7 t= 11.2077 d=  7.8883 ht=    3291 w= 0.109 e=0.0020 max= 11.2100
 8 t= 11.3693 d=  7.7766 ht=   15641 w= 0.217 e=0.0012 max= 11.3600
 9 t= 12.5636 d=  7.0399 ht=    3309 w= 0.205 e=0.0031 max= 12.5500
10 t= 12.9130 d=  6.8502 ht=     918 w= 0.134 e=0.0048 max= 12.8800
11 t= 13.9197 d=  6.3569 ht=    8111 w= 0.171 e=0.0015 max= 13.9100
12 t= 14.3339 d=  6.1742 ht=    1172 w= 0.124 e=0.0042 max= 14.3200
13 t= 14.7987 d=  5.9813 ht=    4985 w= 0.142 e=0.0016 max= 14.8000
14 t= 15.3928 d=  5.7517 ht=    9009 w= 0.160 e=0.0018 max= 15.3800
15 t= 15.9412 d=  5.5551 ht=   17263 w= 0.202 e=0.0013 max= 15.9300
16 t= 16.2447 d=  5.4520 ht=    1762 w= 0.130 e=0.0032 max= 16.2200
17 t= 16.7465 d=  5.2897 ht=     270 w= 0.028 e=0.0161 max= 16.7400
18 t= 16.8898 d=  5.2452 ht=     201 w= 0.176 e=0.0304 max= 16.8800
19 t= 17.2216 d=  5.1448 ht=     266 w= 0.018 e=0.0548 max= 17.2300
20 t= 17.5517 d=  5.0488 ht=     705 w= 0.149 e=0.0086 max= 17.5400
21 t= 18.2405 d=  4.8597 ht=   15767 w= 0.219 e=0.0014 max= 18.2200
22 t= 18.8574 d=  4.7021 ht=   21900 w= 0.201 e=0.0012 max= 18.8500
23 t= 19.6996 d=  4.5029 ht=    6508 w= 0.220 e=0.0019 max= 19.6900
24 t= 20.6416 d=  4.2995 ht=   42189 w= 0.189 e=0.0017 max= 20.6300
25 t= 21.8076 d=  4.0722 ht=    1633 w= 0.401 e=0.0376 max= 21.8700
26 t= 22.1842 d=  4.0039 ht=    8339 w= 0.348 e=0.0126 max= 22.1700
27 t= 22.8130 d=  3.8949 ht=   20247 w= 0.174 e=0.0012 max= 22.8100
28 t= 23.4149 d=  3.7962 ht=    1437 w= 0.135 e=0.0044 max= 23.4100
29 t= 23.9806 d=  3.7079 ht=    4639 w= 0.202 e=0.0018 max= 23.9700
30 t= 24.6969 d=  3.6019 ht=    3555 w= 0.203 e=0.0025 max= 24.7000
31 t= 25.0805 d=  3.5477 ht=    2878 w= 0.119 e=0.0024 max= 25.0800
32 t= 25.4014 d=  3.5036 ht=    7883 w= 0.224 e=0.0022 max= 25.3800
33 t= 25.9676 d=  3.4285 ht=    2317 w= 0.196 e=0.0027 max= 25.9700
34 t= 26.7754 d=  3.3268 ht=     283 w= 0.040 e=0.0680 max= 26.7700
35 t= 27.0499 d=  3.2937 ht=    2104 w= 0.203 e=0.0042 max= 27.0200
36 t= 27.3914 d=  3.2534 ht=    1578 w= 0.162 e=0.0039 max= 27.3900
37 t= 27.8367 d=  3.2024 ht=    1517 w= 0.478 e=0.0118 max= 27.8400
38 t= 28.3822 d=  3.1421 ht=    4910 w= 0.372 e=0.0027 max= 28.3800
39 t= 29.1139 d=  3.0647 ht=    1568 w= 0.153 e=0.0033 max= 29.1000
40 t= 29.4832 d=  3.0272 ht=    1015 w= 0.243 e=0.0051 max= 29.4800
41 t= 29.8496 d=  2.9908 ht=    1081 w= 0.185 e=0.0058 max= 29.8300
42 t= 30.6833 d=  2.9115 ht=    3133 w= 0.204 e=0.0020 max= 30.6900
43 t= 31.2684 d=  2.8583 ht=    1497 w= 0.251 e=0.0052 max= 31.2300
44 t= 31.6941 d=  2.8209 ht=     233 w= 0.026 e=0.0056 max= 31.6900
45 t= 31.9968 d=  2.7949 ht=     562 w= 0.190 e=0.0080 max= 32.0000

=====  X1db5091
peak_select_raw.json {"indices": [4, 10, 11, 12, 13, 17, 18, 19, 20, 21, 22, 23, 24, 25, 26, 27, 28, 29, 30, 31, 33, 34, 35]}
peak_select_ext.json {"indices": [4, 10, 11, 12, 13, 17, 18, 19, 20, 21, 22, 23, 24, 25, 26, 27, 28, 29, 30, 31, 33, 34, 35, 38, 39, 40, 41, 43, 44, 46]}
candidates.json [
 {
  "cell": [
   3.99687671661377,
   25.382653672984063,
   40.96534347534179,
   90.0,
   90.0,
   90.0
  ],
  "volume": 4155.988885549574,
  "score": 31.327669143676758,
  "system": "ORTHOROMBIC",
  "centering": "C",
  "mode": 4,
  "source": "index_MONOCLINIC_P_4_1050_1800_z0_peaks_raw.json",
  "sg": "Cmmm"
 },
 {
  "cell": [
   3.955171346664429,
   25.382615102312585,
   40.96534347534179,
   90.0,
   90.0,
   90.0
  ],
  "volume": 4112.617011860593,
  "score": 31.327669143676758,
  "system": "ORTHOROMBIC",
  "centering": "C",
  "mode": 4,
  "source": "index_MONOCLINIC_P_4_1050_1800_z0_peaks_raw.json",
  "sg": "Cmmm"
 },
 {
  "cell": [
   3.9143269062042236,
   25.38264374533818,
   40.96534347534179,
   90.0,
   90.0,
   90.0
  ],
  "volume": 4070.1512474183746,
  "score": 31.327669143676758,
  "system": "ORTHOROMBIC",
  "centering": "C",
  "mode": 4,
  "source": "index_MONOCLINIC_P_4_1050_1800_z0_peaks_raw.json",
  "sg": "Cmmm"
 },
 {
  "cell": [
   3.8743169307708745,
   40.96534347534178,
   12.84425735473633,
   90.0,
   98.85094412157423,
   90.0
  ],
  "volume": 2014.2719792970051,
  "score": 31.327669143676758,
  "system": "MONOCLINIC",
  "centering": "P",
  "mode": 4,
  "source": "index_MONOCLINIC_P_4_1050_1800_z0_peaks_raw.json",
  "sg": "P2/m"
 },
 {
  "cell": [
   3.9196469783782963,
   40.96534347534179,
   12.822984473829852,
   90.0,
   98.21803005545164,
   90.0
  ],
  "volume": 2037.8394981238862,
  "score": 31.327669143676758,
  "system": "MONOCLINIC",
  "centering": "P",
  "mode": 4,
  "source": "index_MONOCLINIC_P_4_1050_1800_z0_peaks_raw.json",
  "sg": "P2/m"
 },
 {
  "cell": [
   3.835117340087891,
   40.96534347534179,
   12.84425735473633,
   90.0,
   98.85094412157423,
   90.0
  ],
  "volume": 1993.8919643102256,
  "score": 31.327669143676758,
  "system": "MONOCLINIC",
  "centering": "P",
  "mode": 4,
  "source": "index_MONOCLINIC_P_4_1050_1800_z0_peaks_raw.json",
  "sg": "P2/m"
 },
 {
  "cell": [
   3.7967028617858882,
   40.96534347534179,
   12.844257354736326,
   90.0,
   98.85094412157423,
   90.0
  ],
  "volume": 1973.9201322103554,
  "score": 31.327669143676758,
  "system": "MONOCLINIC",
  "centering": "P",
  "mode": 4,
  "source": "index_MONOCLINIC_P_4_1050_1800_z0_peaks_raw.json",
  "sg": "P2/m"
 },
 {
  "cell": [
   3.7590506076812744,
   40.96534347534179,
   12.815911043611543,
   90.0,
   97.99614413694415,
   90.0
  ],
  "volume": 1954.3445833444548,
  "score": 31.327669143676758,
  "system": "MONOCLINIC",
  "centering": "P",
  "mode": 4,
  "source": "index_MONOCLINIC_P_4_1050_1800_z0_peaks_raw.json",
  "sg": "P2/m"
 }
]
 1 t=  3.1957 d= 27.6248 ht=     114 w= 0.012 e=0.6080 max=  3.1900
 2 t=  3.5370 d= 24.9600 ht=     112 w= 0.110 e=0.0289 max=  3.5300
 3 t=  3.9385 d= 22.4165 ht=     139 w= 0.044 e=0.0039 max=  3.9300
 4 t=  4.2791 d= 20.6329 ht=     258 w= 0.415 e=0.0256 max=  4.2300
 5 t=  4.7152 d= 18.7254 ht=     103 w= 0.163 e=0.1382 max=  4.7100
 6 t=  5.0500 d= 17.4847 ht=     138 w= 0.005 e=93.3660 max=  5.0500
 7 t=  5.3064 d= 16.6405 ht=      87 w= 0.039 e=0.0805 max=  5.3100
 8 t=  6.1072 d= 14.4601 ht=     130 w= 0.036 e=0.0618 max=  6.0900
 9 t=  6.5845 d= 13.4130 ht=     184 w= 0.016 e=0.0290 max=  6.5800
10 t=  7.2547 d= 12.1752 ht=    1146 w= 0.175 e=0.0034 max=  7.2400
11 t=  8.1430 d= 10.8490 ht=    3070 w= 0.190 e=0.0018 max=  8.1300
12 t=  8.5683 d= 10.3115 ht=     425 w= 0.157 e=0.0079 max=  8.5700
13 t=  9.4714 d=  9.3302 ht=    5677 w= 0.216 e=0.0016 max=  9.4500
14 t= 10.4261 d=  8.4779 ht=     109 w= 0.030 e=0.0802 max= 10.4300
15 t= 10.6411 d=  8.3070 ht=     124 w= 0.098 e=0.0729 max= 10.6500
16 t= 10.9484 d=  8.0746 ht=     361 w= 0.874 e=0.0925 max= 11.1000
17 t= 12.9213 d=  6.8458 ht=    3018 w= 0.213 e=0.0014 max= 12.9100
18 t= 13.9032 d=  6.3645 ht=    6502 w= 0.200 e=0.0015 max= 13.9000
19 t= 14.0751 d=  6.2871 ht=    4133 w= 0.114 e=0.0009 max= 14.0700
20 t= 14.5618 d=  6.0781 ht=    3058 w= 0.181 e=0.0020 max= 14.5600
21 t= 15.3497 d=  5.7678 ht=    5156 w= 0.186 e=0.0011 max= 15.3400
22 t= 16.3862 d=  5.4052 ht=    2718 w= 0.207 e=0.0021 max= 16.3600
23 t= 17.2734 d=  5.1295 ht=    3256 w= 0.222 e=0.0013 max= 17.2700
24 t= 17.6268 d=  5.0275 ht=    1158 w= 0.143 e=0.0032 max= 17.6400
25 t= 18.6216 d=  4.7611 ht=    4921 w= 0.299 e=0.0015 max= 18.6100
26 t= 19.0540 d=  4.6540 ht=    2970 w= 0.149 e=0.0028 max= 19.0500
27 t= 19.4746 d=  4.5544 ht=    7920 w= 0.271 e=0.0011 max= 19.4700
28 t= 20.9806 d=  4.2308 ht=   10939 w= 0.195 e=0.0008 max= 20.9800
29 t= 21.4105 d=  4.1468 ht=   12177 w= 0.187 e=0.0009 max= 21.4000
30 t= 21.9526 d=  4.0456 ht=    3091 w= 0.167 e=0.0013 max= 21.9400
31 t= 22.5370 d=  3.9420 ht=    7828 w= 0.350 e=0.0027 max= 22.5500
32 t= 23.6100 d=  3.7652 ht=     487 w= 0.166 e=0.0330 max= 23.6400
33 t= 23.8886 d=  3.7219 ht=    5736 w= 0.289 e=0.0016 max= 23.8800
34 t= 24.7359 d=  3.5963 ht=    3578 w= 0.219 e=0.0016 max= 24.7300
35 t= 25.3421 d=  3.5117 ht=    6247 w= 0.244 e=0.0015 max= 25.3300
36 t= 26.0077 d=  3.4233 ht=   10359 w= 0.529 e=0.0083 max= 25.9800
37 t= 27.3074 d=  3.2632 ht=    7549 w= 0.459 e=0.0047 max= 27.2800
38 t= 28.5704 d=  3.1218 ht=    6156 w= 0.301 e=0.0015 max= 28.5800
39 t= 29.6868 d=  3.0069 ht=     679 w= 0.218 e=0.0058 max= 29.6700
40 t= 30.8614 d=  2.8951 ht=    2282 w= 0.347 e=0.0040 max= 30.8400
41 t= 32.0726 d=  2.7884 ht=    3532 w= 0.303 e=0.0014 max= 32.0500
42 t= 33.6591 d=  2.6605 ht=    1478 w= 0.425 e=0.0040 max= 33.6100
43 t= 34.4483 d=  2.6014 ht=     736 w= 0.221 e=0.0044 max= 34.4400
44 t= 35.6181 d=  2.5186 ht=     868 w= 0.373 e=0.0063 max= 35.6100
45 t= 35.9498 d=  2.4961 ht=     205 w= 0.086 e=0.0101 max= 35.9100
