0 Rwp 0.0584 14 [('P 1 21/a 1', 6.713), ('P 1 21/c 1', 6.7391), ('P 1 21/n 1', 6.8973)]
1 Rwp 0.06096 14 [('P 1 21/a 1', 7.1373), ('P 1 21/c 1', 7.1536), ('P 1 21/n 1', 7.3427)]
2 Rwp 0.06885 14 [('P 1 21/a 1', 9.549), ('P 1 21/c 1', 9.7807), ('P 1 21/n 1', 9.8598)]
3 Rwp 0.05907 14 [('P 1 21/a 1', 7.1453), ('P 1 21/c 1', 8.3031), ('P 1 21/n 1', 8.3142)]
4 Rwp 0.06058 14 [('P 1 21/a 1', 7.3455), ('P 1 21/c 1', 7.9107), ('P 1 21/n 1', 7.9561)]
5 Rwp 0.06852 14 [('P 1 21/a 1', 7.6309), ('P 1 21/c 1', 7.6844), ('P 1 21/n 1', 7.7808)]
6 Rwp 0.06058 14 [('P 1 21/a 1', 6.5952), ('P 1 21/c 1', 6.6578), ('P 1 21/n 1', 6.6884)]
7 Rwp 0.05759 14 [('P 1 21/a 1', 6.8304), ('P 1 21/c 1', 7.4302), ('P 1 21/n 1', 7.4381)]
36 26.0077 10359.0 0.529 0.008
37 27.3074 7549.0 0.459 0.005
38 28.5704 6156.0 0.301 0.001
39 29.6868 679.0 0.218 0.006
40 30.8614 2282.0 0.347 0.004
41 32.0726 3532.0 0.303 0.001
42 33.6591 1478.0 0.425 0.004
43 34.4483 736.0 0.221 0.004
44 35.6181 868.0 0.373 0.006
45 35.9498 205.0 0.086 0.01
46 36.6494 608.0 0.291 0.007
47 37.8147 199.0 0.035 0.006
48 38.2192 1497.0 1.411 0.016
49 39.2389 1830.0 0.431 0.006
50 39.8887 713.0 0.443 0.008
51 41.1607 1169.0 0.452 0.008
52 41.8377 519.0 0.225 0.006
53 42.4993 819.0 0.257 0.004
54 43.1242 236.0 0.506 0.024
55 43.6704 160.0 0.193 0.017
56 43.9899 864.0 0.381 0.068
57 44.3346 125.0 0.148 0.009
58 45.2052 180.0 0.182 0.015
59 46.1185 116.0 0.055 0.015
60 46.8285 326.0 1.448 0.023
61 47.4941 99.0 0.13 0.022
62 48.947 194.0 0.008 1.056
63 49.4337 257.0 0.374 0.02
64 50.1752 655.0 0.569 0.258
65 50.5452 278.0 0.007 0.689
66 51.5583 352.0 0.566 0.022
67 52.1918 238.0 0.481 0.043
68 52.679 125.0 0.077 0.013
69 53.2617 148.0 0.246 0.018
70 54.626 139.0 0.22 0.02
71 55.5334 269.0 0.59 0.053
72 57.2708 146.0 0.165 0.017
73 58.2395 88.0 0.324 0.032
74 63.1465 119.0 0.766 0.098
75 66.9123 107.0 0.899 0.271
76 69.2155 120.0 1.2 0.086
