==== Xd8634a2
0 316.59490966796875 1015.4071525252757 [8.910886764526367, 9.478528976440431, 13.246757507324219, 83.97618728910996, 81.76957674328861, 66.67688906497678] TRICLINIC
fit_0.json rw 0.0873 cp [8.910224529671574, 9.47853854706852, 13.245448446774777, 83.9828213031522, 81.77582566596926, 66.67860706119507]
==== X1a56c78
0 21.92359161376953 1984.4838723847654 [5.891409397125244, 11.226055145263672, 30.00559562733976, 90.0, 90.12615602943684, 90.0] MONOCLINIC
1 0 1984.4838723847654 [5.891409397125244, 11.226055145263672, 30.00559562733976, 90.0, 90.0, 90.0] ORTHOROMBIC
fit_1.json rw 0.0759 cp [5.903783617655909, 11.249379732170144, 30.0795900574189, 90.0, 90.0, 90.0]
fit_0.json rw 0.0775 cp [5.898928758876659, 11.248303331807252, 30.076099463101997, 90.0, 90.1261696851211, 90.0]
==== X35b7fbc
0 170.78665161132812 2417.1668596260106 [5.711150169372559, 12.769552230834961, 33.144187927246094, 90.0, 90.0, 90.0] ORTHOROMBIC
1 133.44607543945312 2565.760213856583 [6.062120437622071, 33.14409637451172, 12.859327173511517, 90.0, 96.76348551804402, 90.0] MONOCLINIC
2 121.31859588623047 3011.022566087861 [7.114141464233398, 33.14409637451172, 12.988307952880861, 90.0, 100.52372575120204, 90.0] MONOCLINIC
3 113.04611206054688 4834.103947083577 [11.422049522399902, 12.769275665283207, 33.14405822753906, 90.0, 90.0, 90.0] ORTHOROMBIC
fit_2.json rw 0.3919 cp [7.110052204381852, 33.12895053228756, 12.980997126599734, 90.0, 100.52570660730169, 90.0]
fit_1.json rw 0.3568 cp [6.05516444061647, 33.12629053186373, 12.848118034637295, 90.0, 96.74011897335235, 90.0]
fit_0.json rw 0.0752 cp [5.709693288866435, 12.76769071336346, 33.141927408324, 90.0, 90.0, 90.0]
==== Xbfeeda9
0 21.83531951904297 2681.8746339863615 [13.2255190614071, 12.38684940338135, 16.71650505065918, 90.0, 101.67584020497708, 90.0] MONOCLINIC
fit_0.json rw 0.0525 cp [13.201755784997951, 12.368761654463015, 16.68501258171416, 90.0, 101.6542463742783, 90.0]
==== X7e382cb
0 77.87 323.62477978113566 [6.930999999999999, 6.994000000000001, 7.9159999999999995, 65.76100000000001, 83.365, 67.807] TRICLINIC
fit_double0.json rw 0.035 cp [6.950883561252238, 6.9714360090474425, 15.760000618785241, 65.620071071758, 82.98049443060587, 67.39068753201737]
fit_0.json rw 0.0452 cp [6.941781803827611, 6.978941427798109, 7.9009613612602525, 65.8465231872708, 83.18913857072069, 67.46611408102082]
==== X019b9a4
0 35.12360763549805 1623.2020601766005 [8.433625221252441, 10.907550811767578, 18.426729202270508, 90.27680958097127, 94.02762162406214, 106.2027684988792] TRICLINIC
1 25.672801971435547 2234.6550532294646 [7.536028861999512, 16.365934371948242, 19.544864654541016, 69.95778409317074, 88.82074985370795, 80.90876299323558] TRICLINIC
fit_0.json rw 0.0487 cp [8.444325229796771, 10.920782596352824, 18.443500578759327, 90.2781590635078, 94.00562863167063, 106.22642550265664]
