1 3.19571 h 114 width 0.012 0kl [0 2 0] diff +1.0756
2 3.53700 h 112 width 0.110 0kl [0 2 0] diff +0.7343
3 3.93847 h 139 width 0.044 0kl [0 2 0] diff +0.3328
4 4.27907 h 258 width 0.415 0kl [0 2 0] diff -0.0078
5 4.71522 h 103 width 0.163 0kl [0 2 0] diff -0.4439
6 5.05000 h 138 width 0.005 0kl [0 2 0] diff -0.7787
7 5.30638 h 87 width 0.039 0kl [0 2 0] diff -1.0351
8 6.10722 h 130 width 0.036 0kl [0 3 0] diff +0.3222
9 6.58448 h 184 width 0.016 0kl [0 3 0] diff -0.1551
10 7.25474 h 1146 width 0.175 0kl [0 1 1] diff -0.0071
11 8.14302 h 3070 width 0.190 0kl [0 2 1] diff +0.0089
12 8.56828 h 425 width 0.157 0kl [0 4 0] diff +0.0215
13 9.47140 h 5677 width 0.216 0kl [0 3 1] diff -0.0010
14 10.42609 h 109 width 0.030 0kl [0 5 0] diff +0.3272
15 10.64112 h 124 width 0.098 0kl [0 5 0] diff +0.1121
16 10.94842 h 361 width 0.874 0kl [0 4 1] diff +0.1096
17 12.92135 h 3018 width 0.213 0kl [0 6 0] diff -0.0008
18 13.90318 h 6502 width 0.200 0kl [0 0 2] diff +0.0029
19 14.07513 h 4133 width 0.114 0kl [0 1 2] diff -0.0007
20 14.56177 h 3058 width 0.181 0kl [0 2 2] diff +0.0042
21 15.34975 h 5156 width 0.186 0kl [0 3 2] diff +0.0008
22 16.38625 h 2718 width 0.207 0kl [0 4 2] diff +0.0008
23 17.27345 h 3256 width 0.222 0kl [0 8 0] diff -0.0034
24 17.62675 h 1158 width 0.143 0kl [0 5 2] diff +0.0059
25 18.62157 h 4921 width 0.299 0kl [0 8 1] diff +0.0189
26 19.05397 h 2970 width 0.149 0kl [0 6 2] diff -0.0058
27 19.47458 h 7920 width 0.271 0kl [0 9 0] diff -0.0207
28 20.98064 h 10939 width 0.195 0kl [0 0 3] diff -0.0356
29 21.41052 h 12177 width 0.187 0kl [0 2 3] diff -0.0148
30 21.95265 h 3091 width 0.167 0kl [0 3 3] diff -0.0078
31 22.53699 h 7828 width 0.350 0kl [0 4 3] diff +0.1552
32 23.61000 h 487 width 0.166 0kl [0 5 3] diff +0.0098
33 23.88865 h 5736 width 0.289 0kl [ 0 11  0] diff -0.0448
34 24.73591 h 3578 width 0.219 0kl [0 6 3] diff -0.0272
35 25.34211 h 6247 width 0.244 0kl [ 0 11  1] diff -0.4723
36 26.00765 h 10359 width 0.529 0kl [ 0 12  0] diff +0.0442
37 27.30740 h 7549 width 0.459 0kl [0 8 3] diff -0.0105
38 28.57038 h 6156 width 0.301 0kl [0 2 4] diff -0.1604
39 29.68680 h 679 width 0.218 0kl [ 0 12  2] diff -0.0177
40 30.86137 h 2282 width 0.347 0kl [0 6 4] diff +0.1675
41 32.07260 h 3532 width 0.303 0kl [0 7 4] diff -0.0359
42 33.65912 h 1478 width 0.425 0kl [ 0 14  2] diff +0.0229
43 34.44825 h 736 width 0.221 0kl [0 9 4] diff -0.0434
44 35.61807 h 868 width 0.373 0kl [0 2 5] diff -0.0381
45 35.94978 h 205 width 0.086 0kl [0 3 5] diff -0.0220
46 36.64941 h 608 width 0.291 0kl [0 4 5] diff -0.2400
47 37.81466 h 199 width 0.035 0kl [ 0 16  2] diff +0.0283
48 38.21920 h 1497 width 1.411 0kl [ 0 17  1] diff -0.2635
49 39.23890 h 1830 width 0.431 0kl [ 0 15  3] diff -0.0228
50 39.88866 h 713 width 0.443 0kl [ 0 17  2] diff +0.0836
51 41.16071 h 1169 width 0.452 0kl [ 0 16  3] diff +0.0025
52 41.83769 h 519 width 0.225 0kl [ 0 19  0] diff +0.0052
53 42.49933 h 819 width 0.257 0kl [ 0 19  1] diff -0.0239
54 43.12417 h 236 width 0.506 0kl [ 0 17  3] diff +0.0319
55 43.67043 h 160 width 0.193 0kl [ 0 15  4] diff +0.0118
56 43.98989 h 864 width 0.381 0kl [0 5 6] diff +0.1697
57 44.33462 h 125 width 0.148 0kl [ 0 19  2] diff -0.0128
