CELL [ 5.90378362 11.24937973 30.07959006 90.         90.         90.        ] V 1997.7029995618886 zero 0.019095688324654518
  1   5.87458 H 544516.7 W 0.1003 diff  0.0208 [[0, 0, 2]]
  2   8.37569 H 209624.7 W 0.1369 diff  0.0349 [[0, 1, 1], [0, 1, -1]]
  3  11.79464 H  71515.8 W 0.1521 diff -0.0076 [[0, 0, 4]]
  4  14.15707 H  34696.6 W 0.1461 diff  0.0284 [[0, 1, -4], [0, 1, 4]]
  5  14.99658 H   6151.0 W 0.1173 diff  0.0284 [[1, 0, 0]]
  6  15.29396 H  83694.6 W 0.1994 diff  0.0190 [[1, 0, -1], [1, 0, 1]]
  7  15.74291 H   3606.1 W 0.1043 diff  0.0313 [[0, 2, 0]]
  8  16.12140 H  98023.2 W 0.1612 diff  0.0255 [[1, 0, 2], [1, 0, -2]]
  9  16.80836 H 214353.3 W 0.1790 diff  0.0391 [[0, 2, 2], [0, 2, -2]]
 10  17.20776 H  36999.2 W 0.1390 diff  0.0278 [[1, 1, 1], [1, 1, -1], [1, -1, 1], [1, -1, -1]]
 11  17.70678 H 342062.9 W 0.1438 diff  0.0035 [[0, 0, 6]]
 12  17.97177 H  42314.7 W 0.2053 diff  0.0110 [[1, 1, -2], [1, 1, 2], [1, -1, -2], [1, -1, 2]]
 13  19.14000 H  56660.9 W 0.0987 diff -0.0090 [[1, 0, 4], [1, 0, -4], [1, 1, -3], [1, 1, 3], [1, -1, -3], [1, -1, 3]]
 14  19.39601 H 106089.0 W 0.1258 diff  0.0070 [[0, 1, 6], [0, 1, -6]]
 15  19.72196 H   3511.9 W 0.1098 diff  0.0070 [[0, 2, 4], [0, 2, -4]]
 16  20.69094 H  47512.9 W 0.1586 diff -0.0021 [[0, 0, 7], [1, 1, 4], [1, -1, -4], [1, 1, -4], [1, -1, 4]]
 17  21.08593 H 100621.1 W 0.1614 diff  0.0166 [[1, 0, -5], [1, 0, 5]]
 18  21.84000 H  47613.3 W 0.2081 diff  0.0031 [[1, 2, 0], [1, -2, 0]]
 19  22.04000 H  18173.6 W 0.0411 diff  0.0047 [[1, -2, -1], [1, -2, 1], [1, 2, -1], [1, 2, 1]]
 20  22.57878 H  73688.0 W 0.2146 diff -0.0277 [[1, 1, 5], [1, 1, -5], [1, -1, 5], [1, -1, -5]]
 21  23.26621 H   5104.9 W 0.1088 diff  0.0295 [[1, 0, -6], [1, 0, 6]]
 22  23.75450 H  92854.8 W 0.1964 diff -0.0079 [[0, 3, 0], [0, 2, 6], [0, 2, -6]]
 23  24.61491 H 115303.7 W 0.2028 diff  0.0071 [[1, -1, -6], [1, 1, -6], [1, 1, 6], [1, -1, 6]]
 24  24.88140 H  21213.2 W 0.1532 diff  0.0012 [[1, 2, -4], [1, -2, 4], [1, -2, -4], [1, 2, 4]]
 25  26.44476 H  49187.4 W 0.2207 diff  0.0031 [[1, 2, 5], [1, 2, -5], [1, -2, 5], [1, -2, -5]]
 26  26.87369 H   9141.5 W 0.1484 diff  0.0023 [[1, 1, 7], [1, -1, 7], [1, -1, -7], [1, 1, -7]]
 27  28.26898 H  42940.9 W 0.3642 diff -0.0178 [[1, 2, 6], [1, -2, 6], [1, 2, -6], [1, -2, -6]]
 28  28.84219 H   6530.1 W 0.1691 diff -0.0002 [[1, 3, -2], [1, -3, 2], [1, -3, -2], [1, 3, 2]]
 29  29.27063 H   7829.5 W 0.1576 diff  0.0059 [[1, 1, 8], [1, -1, 8], [1, -1, -8], [1, 1, -8]]
 30  29.61755 H  15883.0 W 0.2194 diff -0.0044 [[1, -3, -3], [1, 3, 3], [1, -3, 3], [1, 3, -3]]
 31  30.76342 H  47746.7 W 0.2073 diff -0.0040 [[1, 0, 9], [1, 0, -9], [0, 1, 10], [0, 1, -10]]
 32  31.45955 H   4486.0 W 0.2152 diff  0.0321 [[2, 1, 1], [2, 1, -1], [2, -1, 1], [2, -1, -1]]
 33  31.95782 H  16401.8 W 0.2173 diff  0.0094 [[2, 1, 2], [2, -1, 2], [2, 1, -2], [2, -1, -2], [1, -3, 5], [1, 3, -5], [1, 3, 5], [1, -3, -5], [0, 4, 1], [0, 4, -1]]
 34  32.41910 H  17103.7 W 0.2056 diff  0.0077 [[0, 4, 2], [0, 4, -2], [1, 2, 8], [1, -2, -8], [1, -2, 8], [1, 2, -8]]
 35  33.10496 H   9948.9 W 0.1637 diff -0.0050 [[0, 4, -3], [0, 4, 3]]
 36  33.81950 H  18668.2 W 0.2075 diff -0.0087 [[0, 3, 8], [0, 3, -8], [0, 2, -10], [0, 2, 10], [2, 0, 5], [2, 0, -5]]
 37  34.80449 H   9375.9 W 0.2364 diff -0.0069 [[2, 1, 5], [2, 1, -5], [2, -1, -5], [2, -1, 5], [2, 2, 2], [2, 2, -2], [2, -2, 2], [2, -2, -2]]
 38  35.27628 H   2269.3 W 0.1753 diff  0.0262 [[1, 3, 7], [1, -3, 7], [1, 3, -7], [1, -3, -7], [0, 4, 5], [0, 4, -5], [2, 0, 6], [2, 0, -6]]
 39  36.05310 H  21230.4 W 0.3312 diff -0.0386 [[0, 3, -9], [0, 3, 9]]
 40  36.73312 H   8863.0 W 0.2413 diff  0.0180 [[0, 1, -12], [0, 1, 12]]
UNINDEXED 0 of 50 best translations:
0.1855 10 (0.333333, 0.333333, 0.333333)
0.1855 10 (0.333333, 0.333333, 0.666667)
0.1855 10 (0.333333, 0.666667, 0.333333)
0.1855 10 (0.333333, 0.666667, 0.666667)
0.22853 18 (0.5, 0.5, 0.5)
0.24849 15 (0.0, 0.0, 0.5)
0.28344 16 (0.0, 0.5, 0.0)
0.2878 15 (0.5, 0.0, 0.5)
0.29811 18 (0.0, 0.5, 0.5)
0.3555 19 (0.333333, 0.333333, 0.0)
0.3555 19 (0.333333, 0.666667, 0.0)
0.36045 21 (0.5, 0.5, 0.0)
0.37701 23 (0.5, 0.0, 0.0)
0.38021 24 (0.333333, 0.0, 0.0)
0.38708 26 (0.166667, 0.0, 0.0)
0.38708 26 (0.2, 0.0, 0.0)
0.38708 26 (0.25, 0.0, 0.0)
0.38708 26 (0.4, 0.0, 0.0)
0.42223 24 (0.333333, 0.333333, 0.166667)
0.42223 24 (0.333333, 0.333333, 0.833333)
0.42223 24 (0.333333, 0.666667, 0.166667)
0.42223 24 (0.333333, 0.666667, 0.833333)
0.43658 17 (0.0, 0.333333, 0.333333)
0.43658 17 (0.0, 0.333333, 0.666667)
{
 "translations": [
  {
   "bad": 0.18550459794062368,
   "count": 10,
   "t": [
    0.333333,
    0.333333,
    0.333333
   ]
  },
  {
   "bad": 0.18550459794062368,
   "count": 10,
   "t": [
    0.333333,
    0.333333,
    0.666667
   ]
  },
  {
   "bad": 0.18550459794062368,
   "count": 10,
   "t": [
    0.333333,
    0.666667,
    0.333333
   ]
  },
  {
   "bad": 0.18550459794062368,
   "count": 10,
   "t": [
    0.333333,
    0.666667,
    0.666667
   ]
  },
  {
   "bad": 0.2285266112122949,
   "count": 18,
   "t": [
    0.5,
    0.5,
    0.5
   ]
  },
  {
   "bad": 0.24849311668549545,
   "count": 15,
   "t": [
    0.0,
    0.0,
    0.5
   ]
  },
  {
   "bad": 0.28344244302631805,
   "count": 16,
   "t": [
    0.0,
    0.5,
    0.0
   ]
  },
  {
   "bad": 0.2878036160965596,
   "count": 15,
   "t": [
    0.5,
    0.0,
    0.5
   ]
  },
  {
   "bad": 0.29810837636395315,
   "count": 18,
   "t": [
    0.0,
    0.5,
    0.5
   ]
  },
  {
   "bad": 0.3554976043116034,
   "count": 19,
   "t": [
    0.333333,
    0.333333,
    0.0
   ]
  },
  {
   "bad": 0.3554976043116034,
   "count": 19,
   "t": [
    0.333333,
    0.666667,
    0.0
   ]
  },
  {
   "bad": 0.3604545203014313,
   "count": 21,
   "t": [
    0.5,
    0.5,
    0.0
   ]
  },
  {
   "bad": 0.3770096475712005,
   "count": 23,
   "t": [
    0.5,
    0.0,
    0.0
   ]
  },
  {
   "bad": 0.3802118037161605,
   "count": 24,
   "t": [
    0.333333,
    0.0,
    0.0
   ]
  },
  {
   "bad": 0.38707933142801176,
   "count": 26,
   "t": [
    0.166667,
    0.0,
    0.0
   ]
  },
  {
   "bad": 0.38707933142801176,
   "count": 26,
Terminated
{
 "cell": [
  8.016978572746918,
  8.994557413322346,
  11.962717713922899,
  98.33386241053567,
  100.03901134526964,
  114.81718655701059
 ],
 "volume": 758.113409468847,
 "score": 16.75,
 "system": "TRICLINIC",
 "centering": "P",
 "mode": 9,
 "source": "index_raw_TRICLINIC_P_partial.json",
 "sg": "P-1",
 "sgstart": "P-1",
 "Rw": 0.19043751752010793,
 "groups": [
  {
   "sg": "P 1",
   "number": 1,
   "Rw": 19.09595146456193,
   "GoF": 9.7411872247816,
   "nGoF": 1.6238030136673514,
   "mult": 1
{
 "cell": [
  8.352617718316873,
  9.61019232643852,
  9.762865144280987,
  73.60923860616813,
  82.5907096716387,
  70.92794655208448
 ],
 "volume": 717.3764757695676,
 "score": 12.41263198852539,
 "system": "TRICLINIC",
 "centering": "P",
 "mode": 4,
 "source": "index_TRICLINIC_P_4.json",
 "sg": "P-1",
 "sgstart": "P-1",
 "Rw": 0.12749660812479652,
 "groups": [
  {
   "sg": "P 1",
   "number": 1,
   "Rw": 13.09096925962171,
   "GoF": 4.564951549389039,
   "nGoF": 0.9731494256210366,
   "mult": 1
{
 "cell": [
  8.67675821871208,
  10.29008670534541,
  10.55572118806022,
  117.44802715192918,
  105.79741584067975,
  97.60664746702167
 ],
 "volume": 775.6509108503295,
 "score": 12.32,
 "system": "TRICLINIC",
 "centering": "P",
 "mode": 9,
 "source": "index_raw_TRICLINIC_P_partial.json",
 "sg": "P-1",
 "sgstart": "P-1",
 "Rw": 0.13127797817583764,
 "groups": [
  {
   "sg": "P 1",
   "number": 1,
   "Rw": 13.592480070471257,
   "GoF": 5.004426676053453,
   "nGoF": 0.9737217976008224,
   "mult": 1
[
 {
  "cell": [
   7.969665240763929,
   5.10855045232126,
   17.912486742727193,
   90.0,
   94.64176791587978,
   90.0
  ],
  "system": "MONOCLINIC",
  "centering": "P",
  "volume": 726.8869742795886,
  "score": 3.497781069717657,
  "cost": 1.0990408288851274,
  "mode": 21,
  "zero": -0.018573637929021194,
  "rms": 0.14796817325143868,
  "maxerr": 0.5685600292253862,
  "parameters": [
   0.12588868075734774,
   0.19575024448385606,
   0.05601068448214294,
   0.08092554245068596,
   -0.018573637929021194
  ],
