
==== X8a6f5a8
sel {'indices': [2, 6, 9, 10, 12, 13, 14, 15, 16, 17, 18, 19, 20, 21, 22, 23, 24, 25]}
1 3.89315 222.9 0.0359 0.0032
2 5.61089 34033.3 0.1762 0.0016
3 6.3617 99.8 0.0508 0.0228
4 6.82827 277.8 0.186 0.0125
5 7.23423 115.5 0.0183 0.0349
6 8.25591 6396.0 0.1834 0.0019
7 8.64361 145.6 0.0378 0.0065
8 8.97104 122.0 0.0238 0.0058
9 11.22154 5412.7 0.2096 0.0063
10 11.58156 32421.1 0.1346 0.0008
11 11.97632 190.4 0.0092 0.1078
12 12.24958 2470.4 0.2414 0.0029
13 13.30442 2781.5 0.1444 0.0023
14 13.54372 2191.6 0.1272 0.0014
15 14.26862 2508.4 0.1805 0.0023
16 15.34475 6131.1 0.2013 0.0024
17 15.95262 9590.6 0.2631 0.0007
18 16.22573 4535.1 0.126 0.0012
19 16.52627 9640.9 0.158 0.0006
20 16.88797 4209.6 0.1774 0.0021
21 17.08 2275.9 0.1261 0.0097
22 18.35093 38156.1 0.2063 0.0014
23 18.782 4729.1 0.1477 0.0022
24 19.279 2837.9 0.1582 0.0171
25 19.69379 21602.5 0.1866 0.0011
26 20.30345 12088.4 0.1759 0.0011
27 20.77006 8479.7 0.2207 0.001
28 21.04392 2339.6 0.1491 0.0019
29 21.37523 1121.8 0.1255 0.0034
30 21.72223 6130.1 0.1575 0.0011
31 22.2177 5228.5 0.2181 0.0012
32 22.58866 837.4 0.0925 0.0167
33 23.01186 18100.6 0.1484 0.0008
34 23.35905 24708.0 0.2856 0.0013
35 24.41489 15407.8 0.4617 0.0032
36 25.10534 5990.4 0.1883 0.0017
37 25.42251 12262.8 0.3148 0.0046
38 26.82624 32794.0 0.282 0.0019
39 27.44768 2399.4 0.2409 0.0024
40 28.09813 2380.2 0.3003 0.0041
41 28.78387 1168.3 0.1836 0.003
42 29.26279 729.9 0.1398 0.0034
43 29.51615 2361.0 0.2083 0.0024
44 30.11591 100.7 0.0453 0.0113
45 30.21301 286.0 0.1804 0.0393
file index_raw_MONOCLINIC_P_partial.json top [{'cell': [21.878, 4.93, 50.142, 90.0, 114.77, 90.0], 'volume': 4910.81, 'score': 11.61, 'system': 'MONOCLINIC', 'centering': 'P', 'mode': 9}, {'cell': [15.847, 7.332, 39.163, 90.0, 97.161, 90.0], 'volume': 4514.79, 'score': 11.56, 'system': 'MONOCLINIC', 'centering': 'P', 'mode': 9}]
file candidates.json top [{'cell': [12.442433357238768, 31.431488037109368, 15.183707237243652, 90.0, 108.34057672795817, 90.0], 'volume': 5636.469090438184, 'score': 13.370471000671387, 'system': 'MONOCLINIC', 'centering': 'C', 'mode': 4, 'source': 'index_MONOCLINIC_C_4_1000_5500_z0_peaks_raw.json', 'sg': 'C2/m'}, {'cell': [21.878, 4.93, 45.53708975943459, 90.0, 91.09430419056206, 90.0], 'volume': 4910.668224699851, 'score': 11.61, 'system': 'MONOCLINIC', 'centering': 'P', 'mode': 9, 'source': 'index_raw_MONOCLINIC_P_partial.json', 'sg': 'P2/m'}]

==== Xebbd488
sel {'indices': [1, 2, 3, 4, 5, 7, 8, 9, 10, 11, 12, 13, 14, 15, 16, 20, 21, 22, 23, 24]}
1 5.83626 1401.7 0.0906 0.0032
2 6.98111 24375.9 0.2059 0.0021
3 7.74007 1345.1 0.109 0.0073
4 7.96842 9968.4 0.1523 0.0011
5 9.16055 15486.1 0.169 0.0017
6 9.7869 181.2 0.0176 0.1009
7 11.20775 3291.2 0.1089 0.002
8 11.36929 15641.3 0.2166 0.0012
9 12.56355 3308.8 0.2052 0.0031
10 12.91304 917.6 0.1343 0.0048
11 13.91969 8110.6 0.1706 0.0015
12 14.33391 1171.7 0.1244 0.0042
13 14.79871 4984.7 0.1415 0.0016
14 15.39281 9009.3 0.1601 0.0018
15 15.94121 17263.1 0.202 0.0013
16 16.24474 1762.2 0.1302 0.0032
17 16.74655 269.6 0.0284 0.0161
18 16.88977 201.4 0.1758 0.0304
19 17.22161 265.8 0.018 0.0548
20 17.55171 705.2 0.1492 0.0086
21 18.2405 15766.8 0.2185 0.0014
22 18.85743 21900.0 0.2014 0.0012
23 19.69963 6508.4 0.2201 0.0019
24 20.64162 42188.7 0.189 0.0017
25 21.8076 1632.8 0.4012 0.0376
26 22.18415 8339.3 0.3476 0.0126
27 22.81302 20246.7 0.1738 0.0012
28 23.4149 1437.0 0.1353 0.0044
29 23.98057 4639.3 0.2025 0.0018
30 24.6969 3555.3 0.2026 0.0025
31 25.08055 2877.9 0.1192 0.0024
32 25.40143 7883.1 0.2236 0.0022
33 25.96757 2316.9 0.1958 0.0027
34 26.77544 282.8 0.0401 0.068
35 27.04995 2104.3 0.2033 0.0042
36 27.39143 1578.0 0.1622 0.0039
37 27.83674 1517.3 0.4781 0.0118
38 28.38219 4909.9 0.3715 0.0027
39 29.11387 1567.7 0.1534 0.0033
40 29.48316 1014.7 0.2434 0.0051
41 29.84964 1081.1 0.1846 0.0058
42 30.68326 3133.2 0.2043 0.002
43 31.26842 1496.7 0.2507 0.0052
44 31.6941 233.1 0.0258 0.0056
45 31.99681 561.5 0.1901 0.008
file index_raw_MONOCLINIC_P_partial.json top [{'cell': [39.647, 3.255, 46.117, 90.0, 108.188, 90.0], 'volume': 5654.2, 'score': 12.55, 'system': 'MONOCLINIC', 'centering': 'P', 'mode': 9}, {'cell': [39.64, 3.255, 46.109, 90.0, 108.188, 90.0], 'volume': 5652.2, 'score': 12.16, 'system': 'MONOCLINIC', 'centering': 'P', 'mode': 9}]
file candidates.json top [{'cell': [10.159420013427734, 13.768106460571289, 14.678791999816895, 74.60990789913645, 88.93883016407914, 73.84246784399383], 'volume': 1897.9945976155218, 'score': 13.408711433410645, 'system': 'TRICLINIC', 'centering': 'P', 'mode': 4, 'source': 'index_TRICLINIC_P_4.json', 'sg': 'P-1'}, {'cell': [9.711040496826172, 14.232144355773928, 15.313521385192873, 82.56284356491591, 85.38521251251574, 86.22658435646741], 'volume': 2088.5686477023337, 'score': 12.616782188415527, 'system': 'TRICLINIC', 'centering': 'P', 'mode': 4, 'source': 'index_TRICLINIC_P_4.json', 'sg': 'P-1'}]
