Imported powder pattern: 4959 points, 2theta=  5.470 ->  55.050, step= 0.010
FRESH_BASE X4f6fe58 P -1 0.03237102329951919 47354.69367490604
Imported powder pattern: 4959 points, 2theta=  5.470 ->  55.050, step= 0.010
SCALED 30.902907975390292 Rw 0.032371029602771516 Chi2 4959.001931222945
LOAD 0.22008240216527414 nan
f2obs [ 233.58000183   29.3932991    16.70420074  178.20700073 2678.9699707 ]
EXTRACT nan nan
SCALE nan nan
{
 "cell": [
  10.430717336902424,
  15.332773040540529,
  12.629263752838346,
  90.0,
  113.33087931193317,
  90.0
 ],
 "volume": 1852.4114207386976,
 "score": 23.59385871887207,
 "system": "MONOCLINIC",
 "centering": "P",
 "mode": 0,
 "source": "index_MONOCLINIC_P_0.json",
 "sg": "P2/m",
 "sgstart": "P2/m",
 "Rw": 0.08046373851116013,
 "groups": [
  {
   "sg": "P 1 2 1",
   "number": 3,
   "Rw": 8.4423083659677,
   "GoF": 5425.468579619199,
   "nGoF": 0.0,
   "mult": 2
 -0.0159 -0.0211 -0.0009  0.0659 -0.0312  0.0025 -0.0138 -0.0131  0.0063
  0.0017  0.1375]
TRIAL 23 sec 39.99940824508667 cost 1.7975907535557538 score 2.36564450929869 vol 1885.093606799602 cell [ 3.5903 13.7339 38.23   90.     90.     90.    ] zero 0.04538319525322243 best 1.689436309956956 diff [ 6.698e-01 -4.600e-03  2.277e-01 -2.600e-03  1.308e-01  1.078e-01
 -5.350e-02  3.671e-01  1.370e-02  1.310e-02  3.562e-01 -1.110e-01
 -3.000e-02 -1.690e-02  1.700e-02 -4.530e-02  3.596e-01  1.735e-01
 -6.000e-04  2.400e-03]
5191 14438 
12401 13143 
7272 13933 
8306 9670 
12769 14845 
9939 15019 
