['AddBondValenceRo', 'AddRestraint', 'GetBondValenceCost', 'GetBondValenceRoList', 'GetBumpMergeCost', 'GetBumpMergeParList', 'GetLSQCalc', 'GetLSQDeriv', 'GetLSQObs', 'GetLSQWeight', 'GetMinDistanceTable', 'GetNbLSQFunction', 'GetRestraintCost', 'PrintMinDistanceTable', 'RemoveBondValenceRo', 'RemoveBumpMergeDistance', 'RemoveRestraint', 'SetBumpMergeDistance']
['AddBond', 'AddBondAngle', 'AddRestraint', 'BondAngleRandomChange', 'BondLengthRandomChange', 'BuildStretchModeBondAngle', 'BuildStretchModeBondLength', 'FindBond', 'FindBondAngle', 'GetBond', 'GetBondAngle', 'GetBondAngleList', 'GetBondList', 'GetBondListClock', 'GetLSQCalc', 'GetLSQDeriv', 'GetLSQObs', 'GetLSQWeight', 'GetNbBondAngles', 'GetNbBonds', 'GetNbLSQFunction', 'GetRestraintCost', 'GetStretchModeBondAngleList', 'GetStretchModeBondLengthList', 'IterBond', 'IterBondAngle', 'RemoveBond', 'RemoveBondAngle', 'RemoveRestraint']
Help on built-in function GetNbLSQFunction in module pyobjcryst._pyobjcryst:

GetNbLSQFunction(...)
    GetNbLSQFunction( (RefinableObj)arg1) -> int :
    
        C++ signature :
            unsigned int GetNbLSQFunction(ObjCryst::RefinableObj {lvalue})
    
    GetNbLSQFunction( (RefinableObj)arg1) -> int :
    
        C++ signature :
            unsigned int GetNbLSQFunction((anonymous namespace)::RefinableObjWrap {lvalue})

AUDIT X019b9a4 Rw 0.04461441605721966 chi2 4806.115064923914
AUDIT X1a56c78 Rw 0.07864475858429776 chi2 1998.8979985718158
AUDIT X238783d Rw 0.059199184958717344 chi2 53246.69605728048
AUDIT X14a2b08 Rw 0.40613824934295856 chi2 93754.45741051684
AUDIT X3f4781b Rw 0.3641782464930744 chi2 55009.620881122944
AUDIT X9af54a2 Rw 0.08826473727582607 chi2 12857.005042806086
AUDIT Xb7088cf Rw 0.047493471962863604 chi2 2716.9210539448572
AUDIT Xd8634a2 Rw 0.08384177108697105 chi2 11251.637957270137
AUDIT Xe1fb77b Rw 0.07040823664357768 chi2 24326.771171899938
AUDIT X8a06d7a Rw 0.0676071226543414 chi2 3763.997844658866
AUDIT Xbfeeda9 Rw 0.046491001102739044 chi2 20492.752402214803
AUDIT X7e382cb Rw 0.0349602201944722 chi2 17645.370432873828
METRIC_INDEX Xebbd488 MONOCLINIC P peaks [5.836258138777512, 6.981110237836135, 7.740072626106011, 7.9684171567337545, 9.160550771477233, 11.20774824492003, 11.36929120669826, 12.563551305697352, 12.913039611543208, 13.919688099278286, 14.333907025875984, 14.798712888990435, 15.392812097206953, 15.941212543813265, 16.244739982535606, 17.55170704104384, 18.240500556038125, 18.857431860796673, 19.699634296276873, 20.641624441326616] bounds [(0.02, 0.2857142857142857), (0.02, 0.2857142857142857), (0.02, 0.2857142857142857), (0.0, 0.7), (-0.1, 0.1)] volume 1900.0 3300.0
TRIAL 0 sec 13.004900693893433 cost 0.8643128933443345 score 3.68516739596296 vol 2530.5061822566336 cell [18.63    3.5    39.0147 90.     95.8967 90.    ] zero 0.056722656756373405 best 0.8643128933443345 diff [-2.818e-01 -3.700e-03  2.351e-01  4.900e-03  3.900e-03  3.000e-04
  7.870e-02 -3.200e-03 -5.610e-02  3.300e-03 -3.300e-03 -2.800e-03
 -1.010e-01 -1.340e-02 -1.700e-03  2.000e-04  8.960e-02  1.700e-03
  2.030e-02 -3.900e-03]
INITIAL Xeb393f9 1 Rw 0.2688026345500707 LLK 186500.52827408884 Integrated 185153.28212240367 DOF -1
RUN 0 steps 100000 time 29.4878511428833 total 29.487924814224243 LLK 37728.519233669984 Rw 0.1369213554625328 Integrated 36290.14913488902
RUN 1 steps 4000000 time 600.0131418704987 total 629.6252927780151 LLK 13985.610211307898 Rw 0.09508150311094965 Integrated 12509.513964364744
RUN 2 steps 4000000 time 600.08154129982 total 1229.980306148529 LLK 11818.541913903038 Rw 0.08936435543106927 Integrated 10377.17979645274
RUN 3 steps 4000000 time 600.0220737457275 total 1830.2132830619812 LLK 11737.82607791489 Rw 0.08125147783036163 Integrated 10198.306194797051
RUN 4 steps 4000000 time 579.4991238117218 total 2409.824725627899 LLK 10691.6867835035 Rw 0.07942466073351741 Integrated 9195.81485712304
Imported powder pattern: 3981 points, 2theta=  5.470 ->  45.270, step= 0.010
RESCALED_BASE 219.19006609942804 0.21823912129475445 3980.58624839309
INITIAL X4f6fe58 3 Rw 0.22692746012579085 LLK 254651.88217952673 Integrated 3770.758318089708 DOF -1
RUN 0 steps 100000 time 168.0830636024475 total 168.08313369750977 LLK 32559.317611797156 Rw 0.15623395948638966 Integrated 1853.8059584078503
