13:    <Option Name="Display Enantiomer" Choice="0" ChoiceName="No"/>
19:    <Par Refined="0" Limited="1" Min="-2.86479" Max="2.86479" Name="Zero">-0.0366899</Par>
45:        <Par Refined="0" Limited="0" Min="1e-10" Max="1e+10" Name="Scale factor">1</Par>
700:    <PowderPatternComponent Scale="0.000183758" Name=""/>
749:    <PowderPatternComponent Scale="1" Name=""/>
      54.97 4735 212.744 2.20945e-05 
      54.98 4705 211.743 2.23039e-05 
      54.99 4686 211.743 2.23039e-05 
      55 4674 211.248 2.24086e-05 
      55.01 4638 210.268 2.2618e-05 
      55.02 4624 210.268 2.2618e-05 
      55.03 4649 210.756 2.25134e-05 
      55.04 4662 210.756 2.25134e-05 
      55.05 4675 211.248 2.24086e-05 
    </XIobsSigmaWeightList>
  </PowderPattern>
</ObjCryst>13:    <Option Name="Display Enantiomer" Choice="0" ChoiceName="No"/>
45:        <Par Refined="0" Limited="0" Min="1e-10" Max="1e+10" Name="Scale factor">-nan</Par>
1191:    <PowderPatternComponent Scale="0.000180361" Name=""/>
1255:    <PowderPatternComponent Scale="1" Name=""/>
<ObjCryst Date="2026-09-06T05:20:44GMT" Revision="2024001">
  <Crystal Name="X263b09a" SpaceGroup="P -1">
    <Par Refined="0" Limited="1" Min="1" Max="100" Name="a">5.16808</Par>
    <Par Refined="0" Limited="1" Min="1" Max="100" Name="b">11.774</Par>
    <Par Refined="0" Limited="1" Min="1" Max="100" Name="c">20.5782</Par>
    <Par Refined="0" Limited="1" Min="28.6479" Max="171.887" Name="alpha">83.7047</Par>
    <Par Refined="0" Limited="1" Min="28.6479" Max="171.887" Name="beta">89.4871</Par>
    <Par Refined="0" Limited="1" Min="28.6479" Max="171.887" Name="gamma">86.8453</Par>
    <Option Name="Constrain Lattice to SpaceGroup Symmetry" Choice="0" ChoiceName="Yes (Default)"/>

    <Option Name="Use Dynamical Occupancy Correction" Choice="1" ChoiceName="Yes"/>

    <Option Name="Display Enantiomer" Choice="0" ChoiceName="No"/>



  </Crystal>
  <PowderPattern Name="X263b09a">
    <Par Refined="0" Limited="1" Min="-2.86479" Max="2.86479" Name="Zero">0.0317046</Par>
    <Par Refined="0" Limited="1" Min="-2.86479" Max="2.86479" Name="2ThetaDisplacement">0</Par>
    <Par Refined="0" Limited="1" Min="-2.86479" Max="2.86479" Name="2ThetaTransparency">0</Par>
    <Option Name="Use Integrated Profiles" Choice="0" ChoiceName="Yes (recommended)"/>

    <Radiation>
      <Option Name="Radiation" Choice="1" ChoiceName="X-Ray"/>
      <Option Name="Spectrum" Choice="0" ChoiceName="Monochromatic"/>
      <LinearPolarRate>0</LinearPolarRate>
      <Par Refined="0" Limited="1" Min="0.05" Max="20" Name="Wavelength">1.54059</Par>
    </Radiation>
    <MaxSinThetaOvLambda>0.38</MaxSinThetaOvLambda>

    <PowderPatternCrystal Name="" Crystal="X263b09a" IgnoreImagScattFact="1">
      <ReflectionProfilePseudoVoigt>
        <Par Refined="0" Limited="1" Min="-1" Max="1" Name="U">0.495451</Par>
        <Par Refined="0" Limited="1" Min="-1" Max="1" Name="V">-0.152678</Par>
        <Par Refined="0" Limited="1" Min="0" Max="1" Name="W">0.0482349</Par>
        <Par Refined="0" Limited="1" Min="0" Max="1" Name="Eta0">1</Par>
        <Par Refined="0" Limited="1" Min="-1" Max="1" Name="Eta1">-1</Par>
        <Par Refined="0" Limited="1" Min="0.01" Max="10" Name="Asym0">0.01</Par>
        <Par Refined="0" Limited="1" Min="-1" Max="1" Name="Asym1">0.810769</Par>
        <Par Refined="0" Limited="1" Min="-1" Max="1" Name="Asym2">0</Par>
      </ReflectionProfilePseudoVoigt>
      <Par Refined="0" Limited="1" Min="-1" Max="1" Name="globalBiso">0</Par>
      <DiffractionDataSingleCrystal Name="" Crystal="X263b09a">
        <Par Refined="0" Limited="0" Min="1e-10" Max="1e+10" Name="Scale factor">-nan</Par>
        <Radiation>
          <Option Name="Radiation" Choice="1" ChoiceName="X-Ray"/>
          <Option Name="Spectrum" Choice="0" ChoiceName="Monochromatic"/>
          <LinearPolarRate>0</LinearPolarRate>
          <Par Refined="0" Limited="1" Min="0.05" Max="20" Name="Wavelength">1</Par>
        </Radiation>
        <Par Refined="0" Limited="1" Min="-1" Max="1" Name="globalBiso">0</Par>
        <Option Name="Group Reflections" Choice="0" ChoiceName="No"/>
        <MaxSinThetaOvLambda>10</MaxSinThetaOvLambda>

        <HKLIobsSigmaWeightList>
          0 0 1 31.0716 1 1 
          0 1 0 85.813 1 1 
          0 1 1 47.4562 1 1 
          0 0 2 0.0314728 1 1 
          0 -1 1 218.651 1 1 
          0 1 2 3469.15 1 1 
          0 -1 2 1224 1 1 
          0 0 3 509.063 1 1 
          0 1 3 762.047 1 1 
          0 2 0 54.2973 1 1 
          0 2 1 1615.3 1 1 
          0 -1 3 2280.11 1 1 
          0 -2 1 335.066 1 1 
          0 2 2 9561.01 1 1 
ObjRegistry<T>::Find(ion_C): Not found !!
List of Crystal ScatteringPowers :0 object registered:
WITH_C 0.032378867781384074 4961.405022468393
scale 0.03237886768428403 4961.405022468393
10lb 0.20874400893288292 4676.841752011309
20lb 0.03125435987916771 4622.418776306593
