====
 },
 "d_pars": {
  "Global Biso": 0.0
 }
}====
ERRORSG B 1 2 1 Space group symbol 'B 1 2 1' not recognized
ERRORSG B 1 21 1 Space group symbol 'B 1 21 1' not recognized
ERRORSG F 1 2 1 Space group symbol 'F 1 2 1' not recognized
GROUPS [{"sg": "P 1 2 1", "number": 3, "Rw": 11.077601464209383, "GoF": 11095.757067737963, "nGoF": 0.0, "mult": 2}, {"sg": "P 1 21 1", "number": 4, "Rw": 11.150115409855028, "GoF": 11239.202986047758, "nGoF": 0.0, "mult": 2}, {"sg": "I 1 2 1", "number": 5, "Rw": 18.69039842475241, "GoF": 29541.53455850511, "nGoF": 0.0, "mult": 4}, {"sg": "A 1 2 1", "number": 5, "Rw": 19.958678059914075, "GoF": 33751.23826900809, "nGoF": 0.0, "mult": 4}, {"sg": "C 1 2 1", "number": 5, "Rw": 24.52119524048783, "GoF": 50858.33696893623, "nGoF": 0.0, "mult": 4}]
DONE X8a6f5a8 metric0 0.10444330548513177 [16.727509574845644, 6.231368234211029, 22.58288802123499, 90.0, 110.51450887111172, 90.0]
====
ERRORSG B 1 2 1 Space group symbol 'B 1 2 1' not recognized
ERRORSG B 1 21 1 Space group symbol 'B 1 21 1' not recognized
ERRORSG F 1 2 1 Space group symbol 'F 1 2 1' not recognized
GROUPS [{"sg": "P 1 2 1", "number": 3, "Rw": 10.493320032410523, "GoF": 10484.75055458534, "nGoF": 0.0, "mult": 2}, {"sg": "P 1 21 1", "number": 4, "Rw": 10.524223999787752, "GoF": 10539.80054516993, "nGoF": 0.0, "mult": 2}, {"sg": "I 1 2 1", "number": 5, "Rw": 15.063788940304615, "GoF": 19720.486741235647, "nGoF": 0.0, "mult": 4}, {"sg": "A 1 2 1", "number": 5, "Rw": 23.272453548405363, "GoF": 47152.1186903278, "nGoF": 0.0, "mult": 4}, {"sg": "C 1 2 1", "number": 5, "Rw": 24.48166003389552, "GoF": 52128.1047897712, "nGoF": 0.0, "mult": 4}]
DONE X8a6f5a8 metric1 0.09193817783009779 [16.79674057195381, 8.989114163404732, 22.946796233810375, 90.0, 112.55798362121187, 90.0]
====
  0.0034 -0.0032 -0.0027 -0.1009 -0.0134 -0.0017  0.0003  0.0897  0.0017
  0.0204 -0.0037]
TRIAL 48 sec 220.79233288764954 cost 1.0111146768488655 score 2.690993969520854 vol 2458.295259627592 cell [15.7256  3.5    45.0489 90.     97.4975 90.    ] zero 0.061033823659591785 best 0.8228308633085039 diff [-0.0243  0.4085 -0.0279  0.0043  0.0133  0.1087  0.0333 -0.0071  0.1119
  0.0094  0.0119 -0.0662  0.0039 -0.0189 -0.0471  0.0088  0.1042 -0.0065
  0.106  -0.012 ]
