maps
1 11.10741547267633 [([1, 1, -1], np.float64(-0.0118)), ([0, 2, 0], np.float64(0.2907))]
2 11.819852153171562 [([1, 1, 1], np.float64(0.0352)), ([0, 1, 2], np.float64(-0.0355))]
3 12.52947619929769 [([0, 2, -1], np.float64(-0.0109)), ([0, 2, 1], np.float64(-0.0109))]
4 14.265826161013724 [([1, 2, 0], np.float64(-0.0053)), ([1, 1, -2], np.float64(-0.307))]
5 14.88809841533551 [([1, 2, -1], np.float64(-0.0048)), ([1, 1, 2], np.float64(0.2737))]
6 15.399189786908144 [([0, 2, -2], np.float64(0.0074)), ([0, 2, 2], np.float64(0.0074))]
7 17.129349600162993 [([1, 2, -2], np.float64(0.0073)), ([2, 0, 0], np.float64(-0.013))]
8 17.388529765124716 [([2, 0, -1], np.float64(0.0013)), ([1, 2, -2], np.float64(-0.2519))]
10 19.319127440926042 [([0, 2, -3], np.float64(-0.0161)), ([0, 2, 3], np.float64(-0.0161))]
12 19.985734553741324 [([2, 1, -2], np.float64(-0.0047)), ([0, 3, 2], np.float64(0.0831))]
13 20.619342370758677 [([2, 2, 0], np.float64(0.01)), ([1, 2, -3], np.float64(-0.114))]
14 21.502664201180238 [([0, 1, 4], np.float64(0.023)), ([0, 1, -4], np.float64(0.023))]
15 22.228001041190527 [([1, 3, 2], np.float64(0.0232)), ([2, 2, -2], np.float64(0.1143))]
17 23.878158668192086 [([2, 2, 2], np.float64(0.0068)), ([1, 1, 4], np.float64(0.0775))]
18 24.335476387333678 [([2, 3, 0], np.float64(0.0092)), ([2, 0, 3], np.float64(-0.0158))]
20 25.23825930472767 [([0, 4, 2], np.float64(-0.003)), ([0, 4, -2], np.float64(-0.003))]
22 26.49337674141685 [([3, 1, -1], np.float64(-0.0165)), ([3, 1, 0], np.float64(-0.0288))]
24 28.19291137968172 [([2, 2, -4], np.float64(-0.0166)), ([3, 2, 0], np.float64(0.1253))]
25 28.805370805791867 [([2, 4, 0], np.float64(-0.0112)), ([1, 1, 5], np.float64(0.0312))]
16877
