0 6.9276 6 11 425.508 [23.561, 18.397, 100.988] 0.0076
1 6.836 6 11 477.732 [23.892, 20.117, 83.686] 0.0449
2 6.662 6 10 350.273 [22.476, 16.659, 110.695] -0.1306
3 6.6154 5 12 352.413 [22.513, 16.744, 69.211] -0.0955
4 6.6154 5 12 352.413 [22.513, 16.744, 110.789] -0.0955
5 6.5681 6 10 483.205 [31.747, 15.345, 97.307] -0.0004
6 6.5681 6 10 483.205 [31.747, 15.345, 82.693] -0.0004
7 6.5652 6 10 485.585 [23.232, 20.956, 85.887] -0.216
8 6.5652 6 10 485.585 [23.232, 20.956, 94.113] -0.216
9 6.5555 6 10 486.025 [23.242, 20.968, 85.812] -0.2135
10 6.5428 6 10 489.105 [31.882, 15.499, 81.807] 0.0214
11 6.2767 6 9 458.565 [22.998, 20.013, 94.936] -0.0047
12 6.2767 6 9 458.565 [22.998, 20.013, 85.064] -0.0047
13 6.2648 6 9 456.905 [22.935, 19.997, 85.026] -0.0209
14 6.2648 6 9 456.905 [22.935, 19.997, 94.974] -0.0209
15 6.2445 6 9 483.095 [30.712, 15.857, 82.724] -0.0052
16 6.2377 6 9 486.254 [31.805, 15.432, 82.167] 0.0036
17 6.1961 5 11 440.672 [28.03, 15.832, 96.767] -0.0135
18 6.1961 5 11 440.672 [28.03, 15.832, 83.233] -0.0135
19 6.1228 6 8 241.211 [15.853, 15.34, 82.689] -0.011
20 6.0132 6 8 345.022 [21.72, 15.944, 94.915] 0.0678
21 5.9997 5 10 338.138 [21.475, 15.776, 86.464] 0.0103
22 5.9997 5 10 338.138 [21.475, 15.776, 93.536] 0.0103
23 5.9622 5 10 374.304 [23.253, 17.218, 110.793] 0.1177
24 5.8762 5 10 461.179 [23.107, 20.032, 94.905] 0.0163
25 5.8762 5 10 461.179 [23.107, 20.032, 85.095] 0.0163
26 5.549 5 9 472.148 [23.736, 20.027, 83.337] -0.0194
27 5.5401 5 9 484.68 [31.778, 15.389, 82.352] -0.0053
28 5.5401 5 9 484.68 [31.778, 15.389, 97.648] -0.0053
29 5.336 5 8 343.549 [21.604, 15.963, 84.991] 0.0606
30 5.336 5 8 343.549 [21.604, 15.963, 95.009] 0.0606
31 5.2189 5 8 497.396 [23.57, 21.156, 85.934] -0.0691
32 5.2189 5 8 497.396 [23.57, 21.156, 94.066] -0.0691
total 304
-rw-r--r-- 1 root root  94776 Sep  6 04:52 base.xml
-rw-r--r-- 1 root root 165375 Sep  6 04:52 base_profile.xye
-rw-r--r-- 1 root root    233 Sep  6 04:52 lattice.json
-rw-r--r-- 1 root root  40348 Sep  6 04:52 lebail.npz
-rw-r--r-- 1 root root  60688 Sep  6 04:52 /app/work/X7e382cb/base.png
-rw-r--r-- 1 root root  54097 Sep  6 04:39 /app/work/X7e382cb/fit_0.png
-rw-r--r-- 1 root root  54402 Sep  6 04:49 /app/work/X7e382cb/fit_double0.png
-rw-r--r-- 1 root root  72901 Sep  6 04:49 /app/work/X7e382cb/half30_eval.png
-rw-r--r-- 1 root root 127267 Sep  6 03:25 /app/work/X7e382cb/peaks.png
-rw-r--r-- 1 root root 104672 Sep  6 04:14 /app/work/X7e382cb/peaks_raw.png
-rw-r--r-- 1 root root  83201 Sep  6 05:19 /app/work/X7e382cb/refined_g22.png
