Cell (6.022520065000001, 5.528170109, 28.003200531, 90.0, 93.118598938, 90.0) n 48 components [15, 15, 9, 9]
2.5163 42 O10 O 0 47 O24 O 3
2.8510 33 C20 C 3 34 C21 C 2
2.8953 37 C23 C 3 44 O11 O 0
2.9101 31 C19 C 3 34 C21 C 2
2.9956 44 O11 O 0 47 O24 O 3
3.0137 32 C20 C 2 41 N22 N 3
3.0941 39 N16 N 3 44 O11 O 0
3.1500 16 C9 C 0 47 O24 O 3
3.2255 34 C21 C 2 35 C21 C 3
3.3129 30 C19 C 2 33 C20 C 3
3.3190 30 C19 C 2 41 N22 N 3
3.3438 29 C18 C 3 34 C21 C 2
3.4098 33 C20 C 3 38 N16 N 2
3.5893 17 C9 C 1 38 N16 N 2
ERRORSG F 1 d 1 Space group symbol 'F 1 d 1' not recognized
ERRORSG F 1 2/m 1 Space group symbol 'F 1 2/m 1' not recognized
GROUPS [{"sg": "P 1 2 1", "number": 3, "Rw": 11.527605591114801, "GoF": 3408.5759925615744, "nGoF": 0.0, "mult": 2}, {"sg": "P 1 m 1", "number": 6, "Rw": 11.527605591114801, "GoF": 3408.5759925615744, "nGoF": 0.0, "mult": 2}, {"sg": "P 1 2/m 1", "number": 10, "Rw": 11.527605591114801, "GoF": 3408.5759925615744, "nGoF": 0.0, "mult": 4}, {"sg": "P 1 21 1", "number": 4, "Rw": 11.53013314118825, "GoF": 3407.5505118765677, "nGoF": 0.0, "mult": 2}, {"sg": "P 1 21/m 1", "number": 11, "Rw": 11.53013314118825, "GoF": 3407.5505118765677, "nGoF": 0.0, "mult": 4}, {"sg": "P 1 21/c 1", "number": 14, "Rw": 41.79591163905984, "GoF": 43630.79989661689, "nGoF": 0.0, "mult": 4}, {"sg": "P 1 c 1", "number": 7, "Rw": 41.799240599207316, "GoF": 43669.20101490952, "nGoF": 0.0, "mult": 2}, {"sg": "P 1 2/c 1", "number": 13, "Rw": 41.799240599207316, "GoF": 43669.20101490952, "nGoF": 0.0, "mult": 4}, {"sg": "A 1 2 1", "number": 5, "Rw": 42.406069096699724, "GoF": 43053.55208432231, "nGoF": 0.0, "mult": 4}, {"sg": "A 1 m 1", "number": 8, "Rw": 42.406069096699724, "GoF": 43053.55208432231, "nGoF": 0.0, "mult": 4}, {"sg": "A 1 2/m 1", "number": 12, "Rw": 42.406069096699724, "GoF": 43053.55208432231, "nGoF": 0.0, "mult": 8}, {"sg": "P 1 21/a 1", "number": 14, "Rw": 47.98311022144895, "GoF": 57421.859407284544, "nGoF": 0.0, "mult": 4}, {"sg": "P 1 a 1", "number": 7, "Rw": 47.986650518999255, "GoF": 57471.66479152852, "nGoF": 0.0, "mult": 2}, {"sg": "P 1 2/a 1", "number": 13, "Rw": 47.986650518999255, "GoF": 57471.66479152852, "nGoF": 0.0, "mult": 4}, {"sg": "C 1 2 1", "number": 5, "Rw": 48.56957265115987, "GoF": 56187.36220754791, "nGoF": 0.0, "mult": 4}, {"sg": "C 1 m 1", "number": 8, "Rw": 48.56957265115987, "GoF": 56187.36220754791, "nGoF": 0.0, "mult": 4}, {"sg": "C 1 2/m 1", "number": 12, "Rw": 48.56957265115987, "GoF": 56187.36220754791, "nGoF": 0.0, "mult": 8}, {"sg": "P 1 21/n 1", "number": 14, "Rw": 51.75881621123594, "GoF": 66742.25701189156, "nGoF": 0.0, "mult": 4}, {"sg": "P 1 n 1", "number": 7, "Rw": 51.761081840855894, "GoF": 66796.08582792898, "nGoF": 0.0, "mult": 2}, {"sg": "P 1 2/n 1", "number": 13, "Rw": 51.761081840855894, "GoF": 66796.08582792898, "nGoF": 0.0, "mult": 4}, {"sg": "I 1 2 1", "number": 5, "Rw": 52.43441202346012, "GoF": 65665.55857289136, "nGoF": 0.0, "mult": 4}, {"sg": "I 1 m 1", "number": 8, "Rw": 52.43441202346012, "GoF": 65665.55857289136, "nGoF": 0.0, "mult": 4}, {"sg": "I 1 2/m 1", "number": 12, "Rw": 52.43441202346012, "GoF": 65665.55857289136, "nGoF": 0.0, "mult": 8}, {"sg": "A 1 n 1", "number": 9, "Rw": 53.746951909483485, "GoF": 68218.97391495832, "nGoF": 0.0, "mult": 4}, {"sg": "A 1 2/n 1", "number": 15, "Rw": 53.746951909483485, "GoF": 68218.97391495832, "nGoF": 0.0, "mult": 8}, {"sg": "A 1 a 1", "number": 9, "Rw": 53.7469519094835, "GoF": 68218.97391495835, "nGoF": 0.0, "mult": 4}, {"sg": "A 1 2/a 1", "number": 15, "Rw": 53.7469519094835, "GoF": 68218.97391495835, "nGoF": 0.0, "mult": 8}, {"sg": "C 1 c 1", "number": 9, "Rw": 53.80636690930658, "GoF": 68068.59269380727, "nGoF": 0.0, "mult": 4}, {"sg": "C 1 n 1", "number": 9, "Rw": 53.80636690930658, "GoF": 68068.59269380727, "nGoF": 0.0, "mult": 4}, {"sg": "C 1 2/c 1", "number": 15, "Rw": 53.80636690930658, "GoF": 68068.59269380727, "nGoF": 0.0, "mult": 8}, {"sg": "C 1 2/n 1", "number": 15, "Rw": 53.80636690930658, "GoF": 68068.59269380727, "nGoF": 0.0, "mult": 8}, {"sg": "I 1 a 1", "number": 9, "Rw": 56.263695939859545, "GoF": 74681.08767824003, "nGoF": 0.0, "mult": 4}, {"sg": "I 1 c 1", "number": 9, "Rw": 56.263695939859545, "GoF": 74681.08767824006, "nGoF": 0.0, "mult": 4}, {"sg": "I 1 2/a 1", "number": 15, "Rw": 56.263695939859545, "GoF": 74681.08767824003, "nGoF": 0.0, "mult": 8}, {"sg": "I 1 2/c 1", "number": 15, "Rw": 56.263695939859545, "GoF": 74681.08767824006, "nGoF": 0.0, "mult": 8}]
DONE X8a06d7a force_mono 0.09635277107538187 [11.838503525695577, 5.004072815900225, 21.694320968178932, 90.0, 86.06823685026342, 90.0]
The default value of dim will change to agree with that of linalg.cross in a future release. (Triggered internally at /home/conda/feedstock_root/build_artifacts/libtorch_1786372131199/work/aten/src/ATen/native/Cross.cpp:63.)
  cart_coords = zm_to_cart(internal[:,torsion[i]], initial_D2[i],
GALLOP 25 Nref 368 seconds 34.93908739089966 best 339.3604 q25 479.20926 median 544.6137 total 798.3736720085144
GALLOP 26 Nref 368 seconds 33.52288579940796 best 339.3603 q25 464.08344 median 536.13184 total 831.9001131057739
  0%|          | 0/4 [00:00<?, ?it/s]100%|██████████| 4/4 [00:00<00:00, 2372.68it/s]
GALLOP 24 Nref 122 seconds 34.517261028289795 best 3.5408618 q25 18.529541 median 28.85651 total 671.2911326885223
