X13023e3 Nat 48 molecule sizes [15, 15, 9, 9]
  component CC(C)Cc1ccc([C@@H](C)C(=O)O)cc1 matches 2
  component NC(=O)c1cccnc1 matches 2
  bond range 1.219907412016726 1.5414861093100038
  min intermolecular distance 2.415180049883953
Cell (6.02245183, 5.52853259, 28.0013142, 90.0, 93.1177385, 90.0) n 48 components [15, 15, 9, 9]
2.4152 42 O12 O 0 47 O36 O 3
2.6313 33 C39 C 3 34 C40 C 2
2.7852 31 C38 C 3 34 C40 C 2
2.9301 37 C42 C 3 44 O13 O 0
2.9308 33 C39 C 3 40 N41 N 2
3.0989 38 N34 N 2 45 O13 O 1
3.1357 45 O13 O 1 46 O36 O 2
MOVES [(0, 0, 1, 2, [0, 24, 25, 26]), (0, 16, 15, 14, [16, 34, 35, 36]), (0, 20, 19, 18, [20, 38, 39, 40]), (1, 0, 1, 2, [0, 24, 25, 26]), (1, 16, 15, 14, [16, 34, 35, 36]), (1, 20, 19, 18, [20, 38, 39, 40])]
BASE 0.1009195777675033 (np.float64(0.7434916307656317), np.float64(2.2782260759419395), [16, 20, 3, 'C', 'C'])
BEST {'mask': (0, 0, 0, 0, 0, 0), 'Rw': 0.10091957776750334, 'bump': np.float64(0.7434916307656299), 'min_contact': np.float64(2.2782260759419395), 'worst': [16, 20, 3, 'C', 'C'], 'score': np.float64(12.415236069068044)} sec 0.06952333450317383
DONE 3.5007150173187256 [{'mask': (0, 0, 0, 0, 0, 0), 'Rw': 0.10091957776750334, 'bump': np.float64(0.7434916307656299), 'min_contact': np.float64(2.2782260759419395), 'worst': [16, 20, 3, 'C', 'C'], 'score': np.float64(12.415236069068044)}, {'mask': (0, 0, 1, 0, 0, 0), 'Rw': 0.16100333570031466, 'bump': np.float64(0.2333993795058961), 'min_contact': np.float64(2.29839372011061), 'worst': [44, 47, 0, 'C', 'O'], 'score': np.float64(26.622272245145908)}, {'mask': (0, 0, 0, 0, 0, 1), 'Rw': 0.16814995304559038, 'bump': np.float64(0.5901364524976185), 'min_contact': np.float64(2.2782260759419395), 'worst': [16, 20, 3, 'C', 'C'], 'score': np.float64(30.044816066727105)}, {'mask': (0, 0, 1, 0, 0, 1), 'Rw': 0.19374070224577136, 'bump': np.float64(0.08606516333139493), 'min_contact': np.float64(2.671904666691144), 'worst': [24, 44, 2, 'C', 'C'], 'score': np.float64(37.79365519667882)}, {'mask': (0, 1, 0, 0, 0, 0), 'Rw': 0.18698379966995146, 'bump': np.float64(1.365534997552163), 'min_contact': np.float64(1.8855299323583157), 'worst': [5, 16, 0, 'O', 'C'], 'score': np.float64(39.059546331669026)}]
  cart_coords = zm_to_cart(internal[:,torsion[i]], initial_D2[i],
GALLOP 0 Nref 286 seconds 116.8760416507721 best 39.742214 q25 203.77872 median 277.30542 total 116.88164114952087
GALLOP 1 Nref 286 seconds 124.50535869598389 best 34.626587 q25 140.36401 median 235.07834 total 241.4870309829712
GALLOP 0 Nref 368 seconds 115.7214207649231 best 386.97137 q25 528.7881 median 612.6205 total 115.73091840744019
GALLOP 1 Nref 368 seconds 71.1697518825531 best 386.9713 q25 458.93378 median 568.0659 total 187.06053066253662
GALLOP 2 Nref 368 seconds 71.70655512809753 best 386.97128 q25 441.04337 median 555.669 total 258.84672474861145
GALLOP 26 Nref 122 seconds 42.801137924194336 best 3.540003 q25 17.372807 median 27.293232 total 760.6529552936554
GALLOP 27 Nref 122 seconds 42.832011699676514 best 3.5400264 q25 16.15636 median 26.189865 total 803.5130085945129
GALLOP 28 Nref 122 seconds 50.36752939224243 best 3.5407264 q25 12.391922 median 23.575459 total 853.8851315975189
