1 3.89315 223 0.036 0.00319 0.0153 0.0566
2 5.61089 34033 0.176 0.00159 0.2694 0.0831
3 6.3617 100 0.051 0.02283 0.0077 0.0938
4 6.82827 278 0.186 0.01251 0.0993 0.2728
5 7.23423 116 0.018 0.03487 0.0096 0.027
6 8.25591 6396 0.183 0.00189 0.2668 0.1001
7 8.64361 146 0.038 0.00646 0.0084 0.0673
8 8.97104 122 0.024 0.00581 0.0104 0.0372
9 11.22154 5413 0.21 0.00629 0.312 0.1071
10 11.58156 32421 0.135 0.00084 0.1619 0.1073
11 11.97632 190 0.009 0.10779 0.0135 0.005
12 12.24958 2470 0.241 0.00289 0.3331 0.1498
13 13.30442 2781 0.144 0.00229 0.1907 0.0981
14 13.54372 2192 0.127 0.00141 0.1166 0.1379
15 14.26862 2508 0.181 0.00228 0.2624 0.0987
16 15.34475 6131 0.201 0.00245 0.2672 0.1353
17 15.95262 9591 0.263 0.00074 0.3684 0.1579
18 16.22573 4535 0.126 0.00116 0.1386 0.1134
19 16.52627 9641 0.158 0.00058 0.1603 0.1556
20 16.88797 4210 0.177 0.00207 0.2015 0.1533
21 17.08 2276 0.126 0.00972 0.1259 0.1262
22 18.35093 38156 0.206 0.0014 0.2739 0.1388
23 18.782 4729 0.148 0.0022 0.1786 0.1168
24 19.279 2838 0.158 0.01707 0.1763 0.14
25 19.69379 21602 0.187 0.00113 0.2293 0.144
26 20.30345 12088 0.176 0.00115 0.2225 0.1294
27 20.77006 8480 0.221 0.00097 0.2339 0.2076
28 21.04392 2340 0.149 0.00193 0.1619 0.1362
29 21.37523 1122 0.125 0.00344 0.1291 0.1218
30 21.72223 6130 0.158 0.00113 0.1817 0.1333
31 22.2177 5228 0.218 0.00123 0.2912 0.1449
32 22.58866 837 0.092 0.01674 0.1142 0.0708
33 23.01186 18101 0.148 0.0008 0.1708 0.126
34 23.35905 24708 0.286 0.00129 0.3755 0.1958
35 24.41489 15408 0.462 0.00315 0.3162 0.6073
36 25.10534 5990 0.188 0.00167 0.2167 0.1599
37 25.42251 12263 0.315 0.00456 0.4655 0.1641
38 26.82624 32794 0.282 0.00188 0.4083 0.1557
39 27.44768 2399 0.241 0.00235 0.3112 0.1706
40 28.09813 2380 0.3 0.00408 0.2124 0.3883
41 28.78387 1168 0.184 0.00295 0.2571 0.1101
42 29.26279 730 0.14 0.00345 0.1229 0.1567
43 29.51615 2361 0.208 0.00238 0.2209 0.1957
44 30.11591 101 0.045 0.01125 0.0314 0.0592
45 30.21301 286 0.18 0.03931 0.0892 0.2716
46 31.04681 6353 0.499 0.06999 0.5013 0.4963
47 31.36486 442 0.216 0.01371 0.0911 0.3405
48 31.66568 201 0.082 0.00893 0.0764 0.0885
49 32.19592 1210 0.293 0.00492 0.4402 0.1461
50 32.75641 947 0.297 0.0131 0.1257 0.4685
51 33.44747 1134 0.226 0.00316 0.2595 0.1927
52 34.05187 475 0.106 0.00417 0.1239 0.0873
53 34.28825 1412 0.209 0.00323 0.204 0.2132
54 34.86992 1184 0.145 0.00726 0.1131 0.1764
55 35.34522 913 0.221 0.00396 0.284 0.158
56 35.89828 1572 0.365 0.00414 0.296 0.4345
57 36.67104 1143 0.21 0.00254 0.2341 0.1856
58 37.78877 1132 0.202 0.00301 0.1776 0.2258
59 38.32677 794 0.195 0.00366 0.2053 0.184
60 39.06502 189 0.127 0.0147 0.068 0.1866
61 40.04955 2157 0.4 0.00356 0.5175 0.2824
62 40.44174 519 0.141 0.00574 0.1691 0.1125
63 41.00927 1279 0.234 0.00358 0.2631 0.2051
64 41.36274 272 0.245 0.02643 0.3705 0.1197
65 41.72759 973 0.185 0.00288 0.1726 0.1967
66 42.18354 1040 0.46 0.05409 0.5563 0.3644
67 42.6108 666 0.184 0.00416 0.143 0.2249
68 43.59159 610 0.873 0.07003 1.5815 0.1653
69 43.88581 528 0.16 0.00432 0.1524 0.1678
70 44.70024 362 0.22 0.00864 0.1696 0.27
<ObjCryst Date="2026-09-06T06:01:05GMT" Revision="2024001">
  <Crystal Name="Xedd9c7b" SpaceGroup="P 1 21/a 1">
    <Par Refined="0" Limited="1" Min="1" Max="100" Name="a">10.3779</Par>
    <Par Refined="0" Limited="1" Min="1" Max="100" Name="b">15.4581</Par>
    <Par Refined="0" Limited="1" Min="1" Max="100" Name="c">17.1618</Par>
    <Par Refined="0" Limited="1" Min="28.6479" Max="171.887" Name="alpha">90</Par>
    <Par Refined="0" Limited="1" Min="28.6479" Max="171.887" Name="beta">95.6539</Par>
    <Par Refined="0" Limited="1" Min="28.6479" Max="171.887" Name="gamma">90</Par>
    <Option Name="Constrain Lattice to SpaceGroup Symmetry" Choice="0" ChoiceName="Yes (Default)" />

