[('filename', 'str', None), ('bond_connection', 'ndarray', (24,)), ('bond_refinable', 'ndarray', (24,)), ('angle_connection', 'ndarray', (24,)), ('angle_refinable', 'ndarray', (24,)), ('torsion_connection', 'ndarray', (24,)), ('torsion_refinable', 'ndarray', (24,)), ('coords', 'ndarray', (24, 3)), ('elements', 'list', None), ('dw_factors', 'dict', None), ('occus', 'ndarray', (24,)), ('bond_refinable_indices', 'ndarray', (0,)), ('angle_refinable_indices', 'ndarray', (0,)), ('torsion_refinable_indices', 'ndarray', (3,)), ('atom_names', 'list', None), ('coords_radians', 'ndarray', (24, 3)), ('coords_no_H', 'ndarray', (24, 3)), ('bond_connection_no_H', 'ndarray', (24,)), ('angle_connection_no_H', 'ndarray', (24,)), ('torsion_connection_no_H', 'ndarray', (24,)), ('bond_refinable_no_H', 'ndarray', (24,)), ('angle_refinable_no_H', 'ndarray', (24,)), ('torsion_refinable_no_H', 'ndarray', (24,)), ('elements_no_H', 'list', None), ('atom_names_no_H', 'list', None), ('n_H_connected', 'ndarray', (24,)), ('occus_no_H', 'ndarray', (24,)), ('bond_refinable_indices_no_H', 'ndarray', (0,)), ('angle_refinable_indices_no_H', 'ndarray', (0,)), ('torsion_refinable_indices_no_H', 'ndarray', (3,)), ('coords_radians_no_H', 'ndarray', (24, 3)), ('initial_cartesian', 'ndarray', (24, 3)), ('initial_cartesian_no_H', 'ndarray', (24, 3)), ('H_atom_torsion_defs', 'bool', None), ('degrees_of_freedom', 'int', None), ('external_degrees_of_freedom', 'int', None), ('position_degrees_of_freedom', 'int', None), ('rotation_degrees_of_freedom', 'int', None), ('internal_degrees_of_freedom', 'int', None), ('initial_D2', 'ndarray', (24, 3)), ('initial_D2_no_H', 'ndarray', (24, 3))]
[[-0.00000000e+00  0.00000000e+00  0.00000000e+00]
 [ 1.42902238e+00  1.75004768e-16  0.00000000e+00]
 [ 1.94140529e+00  1.29049348e+00  0.00000000e+00]]
[[  0.           0.           0.        ]
 [  1.42902238 180.           0.        ]
 [  2.33118595 146.38716667   0.        ]
 [  1.34153903 120.71991952  76.15442108]
 [  1.4804541  121.01037018 176.87258499]
 [  1.51241671 118.78515766  -4.56756848]]
[ 3 13 17]
MOVES [(1, 3, 1, 3, [3, 4, 5, 6, 7, 8, 11, 12, 13, 14])]
BASE 0.06234105486110474 (np.float64(0.17087181025988935), np.float64(2.4151900876650507), [11, 17, 1, 'O', 'O'])
BEST {'mask': (0,), 'Rw': 0.06234105486110474, 'bump': np.float64(0.17087181025988935), 'min_contact': np.float64(2.4151900876650507), 'worst': [11, 17, 1, 'O', 'O'], 'score': np.float64(3.971843026325216)} sec 0.004675865173339844
DONE 0.13085412979125977 [{'mask': (0,), 'Rw': 0.06234105486110474, 'bump': np.float64(0.17087181025988935), 'min_contact': np.float64(2.4151900876650507), 'worst': [11, 17, 1, 'O', 'O'], 'score': np.float64(3.971843026325216)}, {'mask': (1,), 'Rw': 0.1553034220074511, 'bump': np.float64(2.651072321206244), 'min_contact': np.float64(1.8154764940949162), 'worst': [21, 22, 1, 'C', 'N'], 'score': np.float64(25.444689047827566)}]
CYCLE 3 1 Rw 0.06066545299213751 chi2 2017.0429909489062 geom 2.557557380563739 LSQ 2063.6772303346656
CYCLE 3 2 Rw 0.06049117476988607 chi2 2005.470614224747 geom 2.543468240569931 LSQ 2055.1677193436108
FINISHED X13023e3 0.06049117476988607
GALLOP 2 Nref 368 seconds 71.70655512809753 best 386.97128 q25 441.04337 median 555.669 total 258.84672474861145
GALLOP 3 Nref 368 seconds 106.36595106124878 best 386.9712 q25 434.02 median 535.3745 total 365.30181097984314
RUN 2 steps 4000000 time 600.0647654533386 total 1239.9077064990997 LLK 69773.1664038229 Rw 0.15340961868122466 Integrated 39400.95872735074
RUN 3 steps 4000000 time 600.0346896648407 total 1839.9478795528412 LLK 68742.05199655266 Rw 0.1516232752813093 Integrated 38910.66554360046
