START 0.06234105632077822 2130.0046833234173
WITH_H 0.06234105486110474 2130.0046833234173
Imported powder pattern: 4185 points, 2theta=  4.243 ->  20.979, step= 0.004
SCALED_SIGMA 1.0 2130.0046833234055
TIGHT_RESTRAINTS
FLEXIBLE_RINGS
AROMATIC_PLANARITY 18
CYCLE 0 0 Rw 0.06215999702941858 chi2 2117.6502565136993 geom 3362.368649893703 LSQ 5946.481703355937
CYCLE 0 1 Rw 0.062148985516611056 chi2 2116.9000483856066 geom 3362.368649893703 LSQ 5945.557978565864
CYCLE 0 2 Rw 0.06214270190794156 chi2 2116.4720092488665 geom 3362.368649893703 LSQ 5945.001690972535
CYCLE 1 0 Rw 0.06310303764268929 chi2 2182.3921788690577 geom 78.27628140769974 LSQ 2427.987336277793
CYCLE 1 1 Rw 0.06329971043601496 chi2 2196.0170708257656 geom 11.992336685709844 LSQ 2283.1949277156186
CYCLE 1 2 Rw 0.06334579957124402 chi2 2199.216117834305 geom 8.964757278781027 LSQ 2272.8906331837206
CYCLE 2 0 Rw 0.0634264288734447 chi2 2204.8181976342466 geom 6.495074459582416 LSQ 2267.822271031987
CYCLE 2 1 Rw 0.06336060238754342 chi2 2200.2440753669944 geom 6.412779099026526 LSQ 2263.2288842824087
CYCLE 2 2 Rw 0.06333527232714038 chi2 2198.4852166123674 geom 6.253346975206364 LSQ 2260.650467030686
CYCLE 3 0 Rw 0.06288520224737294 chi2 2167.350693626225 geom 3.17212743082903 LSQ 2243.7917936070803
CYCLE 3 1 Rw 0.06248498880959796 chi2 2139.8516101443515 geom 3.376365651875533 LSQ 2190.80007501201
===Xd4c1a35
/app/work/Xd4c1a35/refined_2.json {
 "Rw": 0.1030095837209643,
 "chi2": 803.9448833217842
}
/app/work/Xd4c1a35/refined_2free.json {
 "Rw": 0.120650385414333,
 "chi2": 1102.8804502344265
}
/app/work/Xd4c1a35/refined_2freeh.json {
 "Rw": 0.10091206418517157,
 "chi2": 3451.591602984377
}
/app/work/Xd4c1a35/refined_2stable.json {
 "Rw": 0.12847580804260608,
 "chi2": 1250.586473389666
}
/app/work/Xd4c1a35/refined_methoxy.json {
 "Rw": 0.10021694108472835,
 "chi2": 3404.202659210271
}
/app/work/Xd4c1a35/refined_methoxy2.json {
 "Rw": 0.10021694108472835,
 "chi2": 3404.202659210271
}
===X4f6fe58
/app/work/X4f6fe58/refined_1.json {
 "Rw": 0.12362736751289517,
 "chi2": 3679.969014035107
}
/app/work/X4f6fe58/refined_3.json {
 "Rw": 0.12806038669258732,
 "chi2": 1369.846352632303
}
===X263b09a
===Xeb393f9
/app/work/Xeb393f9/refined_1.json {
 "Rw": 0.06163271818482109,
 "chi2": 3824.5629992898566
}
Please either pass the dim explicitly or simply use torch.linalg.cross.
The default value of dim will change to agree with that of linalg.cross in a future release. (Triggered internally at /home/conda/feedstock_root/build_artifacts/libtorch_1786372131199/work/aten/src/ATen/native/Cross.cpp:63.)
  cart_coords = zm_to_cart(internal[:,torsion[i]], initial_D2[i],
GALLOP 0 Nref 286 seconds 116.8760416507721 best 39.742214 q25 203.77872 median 277.30542 total 116.88164114952087
GALLOP 1 Nref 286 seconds 124.50535869598389 best 34.626587 q25 140.36401 median 235.07834 total 241.4870309829712
GALLOP 2 Nref 286 seconds 131.66790080070496 best 27.130539 q25 112.744 median 229.88078 total 373.2163619995117
GALLOP 3 Nref 286 seconds 185.3721375465393 best 25.219168 q25 47.166363 median 174.55023 total 558.6256632804871
GALLOP 4 Nref 286 seconds 133.18854117393494 best 25.194506 q25 39.351807 median 168.97787 total 691.853529214859
GALLOP 33 Nref 368 seconds 52.30511260032654 best 339.36023 q25 339.3608 median 490.3741 total 1107.4932560920715
GALLOP 34 Nref 368 seconds 84.5978775024414 best 339.36014 q25 339.3607 median 440.68768 total 1192.097231388092
GALLOP 35 Nref 368 seconds 53.330716133117676 best 339.36026 q25 339.3607 median 451.5722 total 1245.4313488006592
  0%|          | 0/4 [00:00<?, ?it/s]100%|██████████| 4/4 [00:00<00:00, 1451.44it/s]
GALLOP 36 Nref 368 seconds 40.73953032493591 best 339.3604 q25 527.4431 median 574.57983 total 1286.2100303173065
GALLOP 37 Nref 368 seconds 35.30114674568176 best 339.36032 q25 500.1958 median 562.4718 total 1321.5140464305878
GALLOP 38 Nref 368 seconds 33.809242963790894 best 339.36038 q25 469.11093 median 536.42426 total 1355.3262617588043
GALLOP 39 Nref 368 seconds 37.04913640022278 best 339.36032 q25 488.80814 median 546.5814 total 1392.378422498703
The default value of dim will change to agree with that of linalg.cross in a future release. (Triggered internally at /home/conda/feedstock_root/build_artifacts/libtorch_1786372131199/work/aten/src/ATen/native/Cross.cpp:63.)
  cart_coords = zm_to_cart(internal[:,torsion[i]], initial_D2[i],
GALLOP 0 Nref 368 seconds 115.7214207649231 best 386.97137 q25 528.7881 median 612.6205 total 115.73091840744019
GALLOP 1 Nref 368 seconds 71.1697518825531 best 386.9713 q25 458.93378 median 568.0659 total 187.06053066253662
GALLOP 2 Nref 368 seconds 71.70655512809753 best 386.97128 q25 441.04337 median 555.669 total 258.84672474861145
GALLOP 3 Nref 368 seconds 106.36595106124878 best 386.9712 q25 434.02 median 535.3745 total 365.30181097984314
GALLOP 4 Nref 368 seconds 137.93246364593506 best 386.97122 q25 435.84888 median 544.7998 total 503.4312138557434
GALLOP 5 Nref 368 seconds 81.94959020614624 best 386.97125 q25 441.04306 median 573.8263 total 585.4480969905853
#  2:ScatteringPowerAtom(N)
Imported powder pattern: 6786 points, 2theta=  3.810 ->  71.660, step= 0.010
RESCALED_BASE 1.0 0.05205499189078589 6785.999883885567
INITIAL X263b09a 1 Rw 0.37274178298676747 LLK 305205.1794084129 Integrated 258602.3102179509 DOF -1
RUN 0 steps 100000 time 39.54579472541809 total 39.5458767414093 LLK 109115.17805206757 Rw 0.20698222283090326 Integrated 76318.33215754927
RUN 1 steps 4000000 time 600.0302834510803 total 639.7450065612793 LLK 68696.16988769385 Rw 0.15174037672999569 Integrated 40796.06250023201
RUN 2 steps 4000000 time 600.0647654533386 total 1239.9077064990997 LLK 69773.1664038229 Rw 0.15340961868122466 Integrated 39400.95872735074
RUN 3 steps 4000000 time 600.0346896648407 total 1839.9478795528412 LLK 68742.05199655266 Rw 0.1516232752813093 Integrated 38910.66554360046
