Xeb393f9 Nat 37 molecule sizes [27, 10]
  component O=C(O)CCC[NH+]1CCC(O[C@@H](c2ccc(Cl)cc2)c2ccccn2)CC1 matches 1
  component O=S(=O)([O-])c1ccccc1 matches 1
  bond range 1.2201193794891338 1.8506389442587383
  min intermolecular distance 2.6791618631433067
Xeb393f9 root 31 expected {11: 'S'} actual {11: 'S'} OK True
Cell (8.01403501, 9.81493074, 10.23351461, 74.87580908, 68.95907333, 65.93330044) n 37 components [27, 10]
2.6792 31 O1 O 0 36 O57 O 1
2.8062 32 O3 O 0 36 O57 O 1
2.8394 5 C9 C 0 34 O54 O 1
3.0845 6 C10 C 0 26 C63 C 1
3.1109 0 C2 C 0 36 O57 O 1
3.1645 6 C10 C 0 25 C62 C 1
3.2675 25 C62 C 1 33 O11 O 0
3.2878 11 C16 C 0 23 C60 C 1
3.3147 19 C26 C 0 26 C63 C 1
3.3484 1 C4 C 0 25 C62 C 1
3.3486 12 C18 C 0 35 O56 O 1
3.3822 23 C60 C 1 30 Cl17 Cl 0
3.4514 26 C63 C 1 30 Cl17 Cl 0
3.4648 1 C4 C 0 24 C61 C 1
3.4820 4 C8 C 0 34 O54 O 1
3.5074 17 C23 C 0 35 O56 O 1
3.5081 29 N25 N 0 35 O56 O 1
3.5135 16 C22 C 0 35 O56 O 1
3.5185 10 C15 C 0 24 C61 C 1
3.5407 26 C63 C 1 33 O11 O 0
3.6516 11 C16 C 0 24 C61 C 1
3.6631 10 C15 C 0 23 C60 C 1
3.6870 17 C23 C 0 36 O57 O 1
3.6887 31 O1 O 0 34 O54 O 1
3.7576 12 C18 C 0 23 C60 C 1
CYCLE 2 1 Rw 0.03593252992215698 chi2 2041.51667014754 geom 25.29617143215068 LSQ 2161.444904621002
CYCLE 2 2 Rw 0.03593493611840321 chi2 2041.7900967185535 geom 24.8456010465472 LSQ 2161.1648953521617
CYCLE 3 0 Rw 0.03593791106683426 chi2 2042.1281783925142 geom 24.353255202833378 LSQ 2160.333692874643
CYCLE 3 1 Rw 0.035953002527999114 chi2 2043.8436464347049 geom 22.930752318807453 LSQ 2158.969499679606
CYCLE 3 2 Rw 0.0359575070166674 chi2 2044.3558176932265 geom 22.696281268686477 LSQ 2158.892153144702
FINISHED Xbfc6d2c 0.0359575070166674
TIGHT_RESTRAINTS
FLEXIBLE_RINGS
AROMATIC_PLANARITY 10
CYCLE 0 0 Rw 0.07420568919182051 chi2 4371.866899606903 geom 3143.017736680933 LSQ 7947.547999678777
CYCLE 0 1 Rw 0.07420568506175103 chi2 4371.866412956578 geom 3143.017736680933 LSQ 7947.546461522694
CYCLE 0 2 Rw 0.07420568503722944 chi2 4371.866410067142 geom 3143.017736680933 LSQ 7947.5464578020365
refine_1.log
refine_1_stage0.cif
refine_1_stage0.xml
refine_1_stage1.cif
refine_1_stage1.xml
refine_1_stage2.cif
refine_1_stage2.xml
refine_1_stage3.cif
refine_1_stage3.xml
refined_1.cif
refined_1.json
refined_1.png
refined_1.xml
scaled_refine.xye
Xeb393f9 (np.float64(0.07728202576363813), np.float64(0.17930888162483016)) [0.20392103 0.47313525]
Xbfc6d2c (np.float64(0.013570384794842178), np.float64(0.029017064596011805)) [0.03539575 0.07568545]
