19665
X13023e3 Nat 48 molecule sizes [15, 15, 9, 9]
  component CC(C)Cc1ccc([C@@H](C)C(=O)O)cc1 matches 2
  component NC(=O)c1cccnc1 matches 2
  bond range 1.2191467127045386 1.542400756864567
  min intermolecular distance 2.4184985225313236
X13023e3 root 0 expected {8: 'R'} actual {8: 'R'} OK True
X13023e3 root 1 expected {8: 'R'} actual {8: 'R'} OK True
Cell (6.0224222, 5.5286015, 27.99743932, 90.0, 93.1159403, 90.0) n 48 components [15, 15, 9, 9]
2.4185 43 O12 O 1 46 O36 O 2
2.6436 33 C39 C 3 34 C40 C 2
2.6950 30 C38 C 2 35 C40 C 3
2.8483 32 C39 C 2 41 N41 N 3
3.0091 44 O13 O 0 47 O36 O 3
3.0630 37 C42 C 3 44 O13 O 0
3.0792 20 C11 C 0 47 O36 O 3
3.1041 38 N34 N 2 45 O13 O 1
3.1964 34 C40 C 2 35 C40 C 3
3.2352 30 C38 C 2 41 N41 N 3
3.2941 29 C37 C 3 34 C40 C 2
3.3135 32 C39 C 2 39 N34 N 3
3.4699 26 C35 C 2 45 O13 O 1
3.5141 31 C38 C 3 32 C39 C 2
3.5379 26 C35 C 2 43 O12 O 1
3.6228 34 C40 C 2 41 N41 N 3
3.6968 28 C37 C 2 45 O13 O 1
3.7243 35 C40 C 3 36 C42 C 2
3.7436 29 C37 C 3 32 C39 C 2
3.7800 20 C11 C 0 39 N34 N 3
3.8501 32 C39 C 2 33 C39 C 3
3.8990 41 N41 N 3 44 O13 O 0
3.9860 4 C3 C 0 5 C3 C 1
4.0155 20 C11 C 0 37 C42 C 3
4.0203 30 C38 C 2 39 N34 N 3
