Xd4c1a35 [(0, 'C', [1]), (1, 'O', [0, 2]), (2, 'C', [1, 3, 9]), (3, 'C', [2, 4]), (4, 'C', [3, 5, 6]), (5, 'O', [4]), (6, 'C', [4, 7]), (7, 'C', [6, 8, 9]), (8, 'C', [7]), (9, 'C', [7, 10, 2, 22]), (10, 'O', [9, 11]), (11, 'C', [10, 12, 21]), (12, 'C', [11, 13, 14]), (13, 'Cl', [12]), (14, 'C', [12, 15, 17]), (15, 'O', [14, 16]), (16, 'C', [15]), (17, 'C', [14, 18]), (18, 'C', [17, 19, 21]), (19, 'O', [18, 20]), (20, 'C', [19]), (21, 'C', [18, 22, 11]), (22, 'C', [21, 23, 9]), (23, 'O', [22])]
Xeb393f9 [(0, 'O', [1]), (1, 'C', [0, 2, 3]), (2, 'O', [1]), (3, 'C', [1, 4]), (4, 'C', [3, 5]), (5, 'C', [4, 6]), (6, 'N', [5, 7, 26]), (7, 'C', [6, 8]), (8, 'C', [7, 9]), (9, 'C', [8, 10, 25]), (10, 'O', [9, 11]), (11, 'C', [10, 12, 19]), (12, 'C', [11, 13, 18]), (13, 'C', [12, 14]), (14, 'C', [13, 15]), (15, 'C', [14, 16, 17]), (16, 'Cl', [15]), (17, 'C', [15, 18]), (18, 'C', [17, 12]), (19, 'C', [11, 20, 24]), (20, 'C', [19, 21]), (21, 'C', [20, 22]), (22, 'C', [21, 23]), (23, 'C', [22, 24]), (24, 'N', [23, 19]), (25, 'C', [9, 26]), (26, 'C', [25, 6])]
{
 "radiation": {
  "type": "synchrotron",
  "wavelength_A": 0.81933,
  "wavelengths_A": [
   0.81933
  ],
  "wavelength_weights": null,
  "monochromator": null,
  "source": null
 },
 "geometry": "transmission (capillary / Debye-Scherrer)",
 "geometry_source_text": null,
 "temperature_K": 298.0,
 "two_theta_range_deg": [
  0.5008,
  75.0383
 ],
 "n_points": 29816,
 "intensity_column": "observed total intensity",
 "sigma_column": "sqrt(max(I,1)); counting statistics assumed",
 "pattern_units": "two_theta_deg intensity sigma",
 "notes": []
}/app/work/Xeb393f9/search_1
/app/work/Xeb393f9/search_plan
