PLANE 0 [0.004028483866281279, 0.002233320413460578, 0.0010641417391707754, 0.002434722822942139] USE [2, 6, 9, 10, 13, 14, 17, 18, 19, 20, 21, 23, 25]
DIFFS [-0.0037 -0.0107  0.0038  0.0233  0.2955 -0.0012  0.0056 -0.7014  0.124
 -0.0054  0.0013  0.0048 -0.0172  0.0109  0.439   0.003  -0.1633 -0.0117]
ENUM P 1 21 1 1 1285 628
ENUM P 1 21 1 2 2574 487
ENUM C 1 2 1 1 666 22
ENUM C 1 2 1 2 1312 222
BEST 0.3053926914870645 P 1 21 1 [ 16.87548   9.93987  22.70304  90.      110.71753  90.     ] 0.024181747587768768 [ 0.0078 -0.0091  0.005   0.0071 -0.0377 -0.0118 -0.0003  0.0741  0.0345
 -0.0061  0.0011 -0.0141 -0.0265  0.0056 -0.0082  0.0032  0.0142 -0.0045]
BEST 0.31497888057013185 P 1 21 1 [ 16.86128  19.91688  22.69301  90.      110.70737  90.     ] 0.02052987313109452 [ 0.0085 -0.008   0.01    0.0087 -0.0296 -0.0067  0.0051 -0.0056  0.025
  0.0036 -0.0041 -0.0082 -0.017   0.0154 -0.0207 -0.      0.0147  0.0048]
BEST 0.3397783056633598 P 1 21 1 [ 33.69476   9.97809  22.67398  90.      110.74193  90.     ] 0.007138723477151453 [ 0.001  -0.0158  0.0085  0.01   -0.0176 -0.0041  0.0002  0.0519  0.0124
  0.0021 -0.0044 -0.0104 -0.0126  0.0131 -0.0159  0.0006  0.0031 -0.003 ]
BEST 0.3451013092550229 P 1 21 1 [ 16.85735  17.99947  22.63089  90.      110.81178  90.     ] 0.005667020933763016 [-0.0012 -0.0088  0.0056  0.0093  0.0092  0.0032  0.0049 -0.0774 -0.0011
  0.0072  0.0082  0.0053 -0.0162  0.0073  0.0117  0.0068 -0.0148 -0.0056]
BEST 0.41183932063767087 P 1 21 1 [ 33.65568   7.4109   22.61488  90.      110.76096  90.     ] -0.011884118347642015 [-0.0108 -0.0167  0.004   0.018  -0.0015 -0.0011  0.007  -0.0018  0.0531
  0.0028  0.0022  0.0072 -0.0097  0.0195 -0.0596  0.0105 -0.0168 -0.0113]
BEST 0.42769185671980176 P 1 21 1 [ 33.75564   7.47068  22.66966  90.      110.78057  90.     ] 0.020907770906257724 [ 0.0061 -0.0056  0.0048  0.0232 -0.0636 -0.0036  0.0022  0.0214 -0.0029
 -0.0013 -0.0059 -0.0037 -0.025   0.0021  0.0565 -0.008  -0.0028  0.0019]
BEST 0.4283209508595108 P 1 21 1 [ 16.8505    9.90032  22.68231  90.      110.74637  90.     ] 0.009077893959500491 [ 0.002  -0.0167  0.0087  0.009  -0.0206 -0.0044 -0.0022  0.0962  0.0516
  0.0007 -0.0122 -0.0143 -0.0133  0.0106 -0.0412 -0.0005  0.0337 -0.0133]
BEST 0.43956662143165365 C 1 2 1 [ 33.75338   7.46956  22.64658  90.      110.79538  90.     ] 0.01586574207969971 [ 0.0019 -0.0045  0.0016  0.0282 -0.0668 -0.0031  0.0044  0.0183 -0.0003
 -0.0015 -0.0007  0.0036 -0.0273  0.0015  0.0544 -0.0068 -0.0022 -0.0095]
BEST 0.4689678310705989 P 1 21 1 [ 16.86541  18.12463  22.60559  90.      110.79944  90.     ] 0.006812700208081033 [-0.0032 -0.0008  0.0004 -0.0084 -0.009   0.0003  0.0133  0.0754 -0.0143
 -0.0124  0.0093 -0.0029  0.01    0.0092 -0.016   0.0002 -0.0367  0.0182]
BEST 0.47209415069369365 P 1 21 1 [ 16.83889  20.64776  22.64204  90.      110.68268  90.     ] 0.005818363045521652 [ 0.0003 -0.0049  0.0084  0.0128 -0.0823 -0.005   0.0177 -0.0075  0.0019
  0.0124  0.006   0.0089 -0.012   0.0107  0.012  -0.0001 -0.0078 -0.0203]
BEST 0.47243278651046305 P 1 21 1 [ 16.87682  10.14966  22.64514  90.      110.81121  90.     ] 0.022028855914177768 [ 0.0086  0.0015  0.0089  0.037  -0.1545  0.0054  0.0098 -0.0375 -0.0414
 -0.0099  0.009   0.0093 -0.0195  0.0065  0.0208  0.0024  0.0121 -0.0015]
BEST 0.48427386386843635 C 1 2 1 [ 33.71581   7.42655  22.63796  90.      110.81579  90.     ] 0.005075416269277694 [-0.0019 -0.0116  0.0049  0.0278 -0.0101  0.002   0.0013 -0.0103  0.0469
 -0.01    0.0061  0.0002 -0.0169  0.0045 -0.0667  0.0057  0.0382 -0.0124]
{"indices": [2, 6, 9, 10, 12, 13, 14, 15, 16, 17, 18, 19, 20, 21, 22, 23, 24, 25, 26, 27, 28, 30, 31, 33, 34, 36, 38, 39, 41, 43]}[
 {
  "cell": [
   16.875478596493284,
   9.93987102470204,
   22.70304307902818,
   90.0,
   110.71752870473433,
   90.0
  ],
  "system": "MONOCLINIC",
  "centering": "P",
  "sg": "P 1 21 1",
  "score": 3.274472598314806,
  "cost": 0.3053926914870645,
  "volume": 3561.95558758262,
  "zero": 0.024181747587768768,
  "diff": [
   0.007777043516400926,
   -0.009073908409477041,
   0.004982556058484605,
   0.007062042026432621,
   -0.03774781284084749,
   -0.011773415471107676,
   -0.00034682523063514145,
   0.07408847056155227,
   0.03450319948835007,
   -0.0060957060801608565,
   0.0011397119151311426,
   -0.014144753356680244,
   -0.02647044084361478,
   0.00558797906823387,
   -0.008194789897320517,
   0.003153683419309966,
   0.014158809098166272,
   -0.004458753088171754
  ],
  "hkl": [
   [
    1,
    0,
    0
   ],
   [
    1,
    0,
    -2
   ],
   [
    2,
    0,
    0
   ],
   [
    1,
    0,
    2
   ],
   [
    0,
    1,
    -2
   ],
   [
    2,
    0,
    1
   ],
   [
    2,
    0,
    -3
   ],
   [
    2,
    1,
    0
   ],
   [
    0,
    1,
    -3
   ],
   [
    3,
    0,
    -2
   ],
   [
    2,
    1,
    -3
   ],
   [
    2,
    0,
    -4
   ],
   [
    3,
    0,
    0
   ],
   [
    3,
    0,
    -3
   ],
   [
    0,
    2,
    -1
   ],
   [
    2,
    1,
    -4
   ],
   [
    3,
    1,
    -3
   ],
   [
    1,
    2,
    -2
   ]
  ],
  "reduced": [
   9.93987102470204,
   16.875478596493284,
   22.70304307902818,
   110.71752870473433,
   90.0,
   90.0
  ],
  "plane_index": 0,
  "hmult": 1,
  "mode": 32
ENUM X8a6f5a8 -0.12 11 10.204742193222046
ENUM X8a6f5a8 -0.06 9 10.490856885910034
ENUM X8a6f5a8 0.0 40 10.7760488986969
ENUM X8a6f5a8 0.06 12 11.063476324081421
ENUM X8a6f5a8 0.12 1 11.343916177749634
ZONE 6.927641897965502 6 11 425.5080319892486 [np.float64(23.56051225907536), np.float64(18.39749086487), np.float64(100.98787055132009)] 0.0075848392092767326
ZONE 6.836019449047589 6 11 477.73222345684786 [np.float64(23.89247316051312), np.float64(20.117130107165853), np.float64(83.68577117185336)] 0.04490894537977156
ZONE 6.662018142862168 6 10 350.27306285038026 [np.float64(22.47634439715508), np.float64(16.65896809853146), np.float64(110.69470725517081)] -0.13057028462081385
ZONE 6.615383412306079 5 12 352.41275332697614 [np.float64(22.513198620602793), np.float64(16.743758192281913), np.float64(69.21071309719345)] -0.09551059735929814
ZONE 6.615383412306061 5 12 352.41275332697427 [np.float64(22.51319862060273), np.float64(16.74375819228187), np.float64(110.78928690280655)] -0.0955105973593336
ZONE 6.568072470474248 6 10 483.20539314803307 [np.float64(31.74688066948285), np.float64(15.345185729347216), np.float64(97.30709527581924)] -0.00044465679978119817
ZONE 6.568072470463549 6 10 483.20539314573955 [np.float64(31.746880669400234), np.float64(15.345185729318068), np.float64(82.69290472407152)] -0.0004446568195679723
ZONE 6.565235540221823 6 10 485.5851122689593 [np.float64(23.231775154919884), np.float64(20.95574755113769), np.float64(85.88656407144754)] -0.2160059209669386
ZONE 6.5652355402218046 6 10 485.5851122689783 [np.float64(23.231775154920314), np.float64(20.95574755113812), np.float64(94.11343592855226)] -0.216005920966648
ZONE 6.555480303740087 6 10 486.02468590441504 [np.float64(23.241936110119717), np.float64(20.96753761684195), np.float64(85.81164153668924)] -0.21351345398594598
ZONE 6.542754752172096 6 10 489.1046712073244 [np.float64(31.881788254868045), np.float64(15.499400173906462), np.float64(81.80661827059127)] 0.02141680490250934
ZONE 6.276658429946791 6 9 458.5649066364899 [np.float64(22.998356099295272), np.float64(20.01325363926647), np.float64(94.93611111427855)] -0.004681863906138443
DONE 12.877220153808594
{
 "cell": [
  16.86422000406547,
  17.99627235535582,
  22.606412956143604,
  90.0,
  110.72979744121672,
  90.0
 ],
 "system": "MONOCLINIC",
 "centering": "P",
 "sg": "P 1 21 1",
 "score": 2.8976998150448052,
 "cost": 0.3451013092550229,
 "volume": 6418.70332166467,
 "zero": 0.005667020933763016,
 "diff": [
  -0.0012381095402582412,
  -0.008794939080450793,
  0.005558865728681779,
  0.009272161576718417,
  0.009209118642183163,
  0.003203341266779354,
  0.00491286030728946,
  -0.077384288484581,
