X263b09a Nat 72 molecule sizes [29, 29, 7, 7]
  component COc1ccc2c(c1)c(CC(=O)OCC(=O)O)c(C)n2C(=O)c1ccc(Cl)cc1 matches 2
  component O=C1CCCCN1 matches 2
  bond range 1.2100740496010494 1.6407093274917544
  min intermolecular distance 2.370573416098426
Cell (5.168741679999999, 11.766616790000002, 20.60637916, 83.69466881, 89.49438852, 86.78638964) n 72 components [29, 29, 7, 7]
2.3706 50 C53 C 2 51 C53 C 3
2.3919 0 C1 C 0 61 O12 O 1
2.4128 50 C53 C 2 55 N54 N 3
2.6084 48 C52 C 2 55 N54 N 3
2.6191 0 C1 C 0 21 C14 C 1
2.8357 21 C14 C 1 58 O2 O 0
2.8931 56 Cl27 Cl 0 70 O48 O 2
2.9369 49 C52 C 3 50 C53 C 2
3.1908 46 C51 C 2 51 C53 C 3
3.2185 58 O2 O 0 61 O12 O 1
3.2302 54 N54 N 2 55 N54 N 3
3.3363 1 C1 C 1 18 C11 C 0
GALLOP 6 Nref 286 seconds 169.87590050697327 best 12.657218 q25 87.624466 median 228.24565 total 1029.5386672019958
GALLOP 7 Nref 286 seconds 134.01567125320435 best 12.058593 q25 89.22585 median 182.516 total 1163.5916471481323
GALLOP 8 Nref 286 seconds 121.4154543876648 best 11.801056 q25 49.76261 median 191.73906 total 1285.0641548633575
GALLOP 9 Nref 286 seconds 153.7154667377472 best 11.780086 q25 35.900707 median 118.79615 total 1438.881206035614
GALLOP 10 Nref 286 seconds 145.56647753715515 best 11.776471 q25 116.708435 median 213.28616 total 1584.5916600227356
GALLOP 2 Nref 169 seconds 27.62180995941162 best 119.53937 q25 119.53987 median 145.35095 total 106.33355450630188
GALLOP 3 Nref 169 seconds 27.64065933227539 best 119.539375 q25 119.53974 median 150.4243 total 134.0055432319641
GALLOP 4 Nref 169 seconds 28.90250301361084 best 119.53942 q25 119.53972 median 138.46864 total 162.91887617111206
GALLOP 5 Nref 169 seconds 45.08105802536011 best 119.53936 q25 119.53989 median 159.83578 total 208.0113627910614
