X7e382cb Nat 40 molecule sizes [18, 18, 1, 1, 1, 1]
  component O=C([O-])c1ccc(-c2ccc(C(=O)[O-])cc2)cc1 matches 2
  component [NH4+] matches 4
  bond range 1.2730481151891664 1.5180546617043456
  min intermolecular distance 2.1400248472844026
Cell (6.950880051, 6.971439838, 15.760000229, 65.620101929, 82.980499268, 67.390701294) n 40 components [18, 18, 1, 1, 1, 1]
2.1400 29 N19 N 3 34 O12 O 0
2.2525 36 O13 O 0 37 O13 O 1
2.4555 29 N19 N 3 36 O13 O 0
2.4675 1 C2 C 1 31 N20 N 5
2.5432 3 C3 C 1 31 N20 N 5
2.5525 18 C11 C 0 29 N19 N 3
2.5779 32 O1 O 0 39 O18 O 1
2.6327 38 O18 O 0 39 O18 O 1
2.8355 30 N20 N 4 32 O1 O 0
2.8401 1 C2 C 1 38 O18 O 0
2.8746 4 C4 C 0 30 N20 N 4
{
 "chi2": 119.53936004638672,
 "Rint": 0.3457446457233817,
 "iteration": 1,
 "elapsed": 78.70083546638489
} -0.0194 -0.0089  0.0035]
TRIAL 59 sec 589.8009495735168 cost 0.15140026997623754 score 2.8392399867991593 vol 7405.89763819912 cell [ 32.8043   8.0994  31.6276  90.     118.1987  90.    ] zero 0.01941778666368191 best 0.10521766465164833 diff [-0.0071 -0.0008 -0.0201 -0.0002  0.0057  0.1187 -0.0103  0.0239 -0.014
 -0.0075  0.0145  0.0074 -0.0097 -0.0048 -0.002   0.0041  0.0054  0.0027
  0.0067 -0.0182 -0.0084 -0.0179 -0.0047  0.0002  0.0341 -0.0025  0.0012
 -0.0113  0.0093 -0.0033]
GALLOP 9 Nref 286 seconds 153.7154667377472 best 11.780086 q25 35.900707 median 118.79615 total 1438.881206035614
GALLOP 10 Nref 286 seconds 145.56647753715515 best 11.776471 q25 116.708435 median 213.28616 total 1584.5916600227356
GALLOP 11 Nref 286 seconds 115.91089749336243 best 11.789794 q25 51.53717 median 192.3953 total 1700.5632739067078
  0%|          | 0/4 [00:00<?, ?it/s]100%|██████████| 4/4 [00:00<00:00, 1076.98it/s]
GALLOP 12 Nref 286 seconds 114.56075859069824 best 11.778974 q25 164.83977 median 282.857 total 1815.1335000991821
