<ObjCryst Date="2026-09-06T06:01:05GMT" Revision="2024001">
  <Crystal Name="Xedd9c7b" SpaceGroup="P 1 21/a 1">
    <Par Refined="0" Limited="1" Min="1" Max="100" Name="a">10.3779</Par>
    <Par Refined="0" Limited="1" Min="1" Max="100" Name="b">15.4581</Par>
    <Par Refined="0" Limited="1" Min="1" Max="100" Name="c">17.1618</Par>
    <Par Refined="0" Limited="1" Min="28.6479" Max="171.887" Name="alpha">90</Par>
    <Par Refined="0" Limited="1" Min="28.6479" Max="171.887" Name="beta">95.6539</Par>
    <Par Refined="0" Limited="1" Min="28.6479" Max="171.887" Name="gamma">90</Par>
    <Option Name="Constrain Lattice to SpaceGroup Symmetry" Choice="0" ChoiceName="Yes (Default)" />

GALLOP 15 Nref 169 seconds 38.88486075401306 best 144.3979 q25 150.5659 median 181.10898 total 450.5388469696045
GALLOP 16 Nref 169 seconds 46.09873414039612 best 144.39795 q25 147.92929 median 181.36862 total 496.6558449268341
GALLOP 17 Nref 169 seconds 48.603551626205444 best 144.39796 q25 149.10727 median 176.46906 total 545.2777969837189
Please either pass the dim explicitly or simply use torch.linalg.cross.
The default value of dim will change to agree with that of linalg.cross in a future release. (Triggered internally at /home/conda/feedstock_root/build_artifacts/libtorch_1786372131199/work/aten/src/ATen/native/Cross.cpp:63.)
  cart_coords = zm_to_cart(internal[:,torsion[i]], initial_D2[i],
GALLOP 0 Nref 258 seconds 224.84047961235046 best 92.96571 q25 135.07848 median 158.91959 total 224.84836745262146
GALLOP 1 Nref 258 seconds 212.69318294525146 best 88.8423 q25 121.07606 median 152.25327 total 437.66403102874756
export OPENBLAS_NUM_THREADS=1 OMP_NUM_THREADS=1
while [[ -r /proc/15174/status ]] && ! grep -q '^State:.*Z' /proc/15174/status; do sleep 5; done
for id in Xbfeeda9 X35b7fbc Xe1fb77b X019b9a4; do
 model=; secs=2300; [[ $id == X35b7fbc ]] && model=--model=/app/work/X35b7fbc/cis.json
 SEARCH_TIME=$secs PARTICLES=160 ITERATIONS=450 GALLOP_STOL=.24 CONF_RANK=0 python /app/work/search_gallop.py $id 11 1 --prepare --hscatter $model > /app/work/$id/gallop11.log 2>&1
 python /app/work/import_gallop.py $id 11 > /app/work/$id/import_g11.log 2>&1
 python /app/work/refine_obj.py $id g11 /app/work/$id/search_g11/best.xml --scale --tight > /app/work/$id/refine_g11.log 2>&1
done
export OPENBLAS_NUM_THREADS=1 OMP_NUM_THREADS=1
while [[ -r /proc/12401/status ]] && ! grep -q '^State:.*Z' /proc/12401/status; do sleep 5; done
for r in 0 5 12; do
 run=$((20+r))
 SEARCH_TIME=2300 PARTICLES=128 ITERATIONS=450 GALLOP_STOL=.23 CONF_RANK=$r python /app/work/search_gallop.py X238783d $run 1 --prepare --hscatter > /app/work/X238783d/gallop${run}.log 2>&1
 python /app/work/import_gallop.py X238783d $run > /app/work/X238783d/import_g${run}.log 2>&1
 python /app/work/refine_obj.py X238783d g$run /app/work/X238783d/search_g$run/best.xml --scale --tight > /app/work/X238783d/refine_g${run}.log 2>&1
done
