CELL [ 5.90378362 11.24937973 30.07959006 90.         90.         90.        ] V 1997.7029995618886 zero 0.019095688324654518
  1   5.87458 H 544516.7 W 0.1003 diff  0.0208 [[0, 0, 2]]
  2   8.37569 H 209624.7 W 0.1369 diff  0.0349 [[0, 1, 1], [0, 1, -1]]
  3  11.79464 H  71515.8 W 0.1521 diff -0.0076 [[0, 0, 4]]
  4  14.15707 H  34696.6 W 0.1461 diff  0.0284 [[0, 1, -4], [0, 1, 4]]
  5  14.99658 H   6151.0 W 0.1173 diff  0.0284 [[1, 0, 0]]
  6  15.29396 H  83694.6 W 0.1994 diff  0.0190 [[1, 0, -1], [1, 0, 1]]
  7  15.74291 H   3606.1 W 0.1043 diff  0.0313 [[0, 2, 0]]
  8  16.12140 H  98023.2 W 0.1612 diff  0.0255 [[1, 0, 2], [1, 0, -2]]
  9  16.80836 H 214353.3 W 0.1790 diff  0.0391 [[0, 2, 2], [0, 2, -2]]
 10  17.20776 H  36999.2 W 0.1390 diff  0.0278 [[1, 1, 1], [1, 1, -1], [1, -1, 1], [1, -1, -1]]
 11  17.70678 H 342062.9 W 0.1438 diff  0.0035 [[0, 0, 6]]
 12  17.97177 H  42314.7 W 0.2053 diff  0.0110 [[1, 1, -2], [1, 1, 2], [1, -1, -2], [1, -1, 2]]
 13  19.14000 H  56660.9 W 0.0987 diff -0.0090 [[1, 0, 4], [1, 0, -4], [1, 1, -3], [1, 1, 3], [1, -1, -3], [1, -1, 3]]
 14  19.39601 H 106089.0 W 0.1258 diff  0.0070 [[0, 1, 6], [0, 1, -6]]
 15  19.72196 H   3511.9 W 0.1098 diff  0.0070 [[0, 2, 4], [0, 2, -4]]
 16  20.69094 H  47512.9 W 0.1586 diff -0.0021 [[0, 0, 7], [1, 1, 4], [1, -1, -4], [1, 1, -4], [1, -1, 4]]
 17  21.08593 H 100621.1 W 0.1614 diff  0.0166 [[1, 0, -5], [1, 0, 5]]
 18  21.84000 H  47613.3 W 0.2081 diff  0.0031 [[1, 2, 0], [1, -2, 0]]
 19  22.04000 H  18173.6 W 0.0411 diff  0.0047 [[1, -2, -1], [1, -2, 1], [1, 2, -1], [1, 2, 1]]
 20  22.57878 H  73688.0 W 0.2146 diff -0.0277 [[1, 1, 5], [1, 1, -5], [1, -1, 5], [1, -1, -5]]
 21  23.26621 H   5104.9 W 0.1088 diff  0.0295 [[1, 0, -6], [1, 0, 6]]
 22  23.75450 H  92854.8 W 0.1964 diff -0.0079 [[0, 3, 0], [0, 2, 6], [0, 2, -6]]
 23  24.61491 H 115303.7 W 0.2028 diff  0.0071 [[1, -1, -6], [1, 1, -6], [1, 1, 6], [1, -1, 6]]
 24  24.88140 H  21213.2 W 0.1532 diff  0.0012 [[1, 2, -4], [1, -2, 4], [1, -2, -4], [1, 2, 4]]
 25  26.44476 H  49187.4 W 0.2207 diff  0.0031 [[1, 2, 5], [1, 2, -5], [1, -2, 5], [1, -2, -5]]
 26  26.87369 H   9141.5 W 0.1484 diff  0.0023 [[1, 1, 7], [1, -1, 7], [1, -1, -7], [1, 1, -7]]
 27  28.26898 H  42940.9 W 0.3642 diff -0.0178 [[1, 2, 6], [1, -2, 6], [1, 2, -6], [1, -2, -6]]
 28  28.84219 H   6530.1 W 0.1691 diff -0.0002 [[1, 3, -2], [1, -3, 2], [1, -3, -2], [1, 3, 2]]
 29  29.27063 H   7829.5 W 0.1576 diff  0.0059 [[1, 1, 8], [1, -1, 8], [1, -1, -8], [1, 1, -8]]
 30  29.61755 H  15883.0 W 0.2194 diff -0.0044 [[1, -3, -3], [1, 3, 3], [1, -3, 3], [1, 3, -3]]
 31  30.76342 H  47746.7 W 0.2073 diff -0.0040 [[1, 0, 9], [1, 0, -9], [0, 1, 10], [0, 1, -10]]
 32  31.45955 H   4486.0 W 0.2152 diff  0.0321 [[2, 1, 1], [2, 1, -1], [2, -1, 1], [2, -1, -1]]
 33  31.95782 H  16401.8 W 0.2173 diff  0.0094 [[2, 1, 2], [2, -1, 2], [2, 1, -2], [2, -1, -2], [1, -3, 5], [1, 3, -5], [1, 3, 5], [1, -3, -5], [0, 4, 1], [0, 4, -1]]
 34  32.41910 H  17103.7 W 0.2056 diff  0.0077 [[0, 4, 2], [0, 4, -2], [1, 2, 8], [1, -2, -8], [1, -2, 8], [1, 2, -8]]
 35  33.10496 H   9948.9 W 0.1637 diff -0.0050 [[0, 4, -3], [0, 4, 3]]
 36  33.81950 H  18668.2 W 0.2075 diff -0.0087 [[0, 3, 8], [0, 3, -8], [0, 2, -10], [0, 2, 10], [2, 0, 5], [2, 0, -5]]
 37  34.80449 H   9375.9 W 0.2364 diff -0.0069 [[2, 1, 5], [2, 1, -5], [2, -1, -5], [2, -1, 5], [2, 2, 2], [2, 2, -2], [2, -2, 2], [2, -2, -2]]
 38  35.27628 H   2269.3 W 0.1753 diff  0.0262 [[1, 3, 7], [1, -3, 7], [1, 3, -7], [1, -3, -7], [0, 4, 5], [0, 4, -5], [2, 0, 6], [2, 0, -6]]
 39  36.05310 H  21230.4 W 0.3312 diff -0.0386 [[0, 3, -9], [0, 3, 9]]
 40  36.73312 H   8863.0 W 0.2413 diff  0.0180 [[0, 1, -12], [0, 1, 12]]
UNINDEXED 0 of 50 best translations:
0.1855 10 (0.333333, 0.333333, 0.333333)
0.1855 10 (0.333333, 0.333333, 0.666667)
0.1855 10 (0.333333, 0.666667, 0.333333)
0.1855 10 (0.333333, 0.666667, 0.666667)
0.22853 18 (0.5, 0.5, 0.5)
0.24849 15 (0.0, 0.0, 0.5)
0.28344 16 (0.0, 0.5, 0.0)
0.2878 15 (0.5, 0.0, 0.5)
0.29811 18 (0.0, 0.5, 0.5)
0.3555 19 (0.333333, 0.333333, 0.0)
0.3555 19 (0.333333, 0.666667, 0.0)
0.36045 21 (0.5, 0.5, 0.0)
0.37701 23 (0.5, 0.0, 0.0)
0.38021 24 (0.333333, 0.0, 0.0)
0.38708 26 (0.166667, 0.0, 0.0)
0.38708 26 (0.2, 0.0, 0.0)
0.38708 26 (0.25, 0.0, 0.0)
0.38708 26 (0.4, 0.0, 0.0)
0.42223 24 (0.333333, 0.333333, 0.166667)
0.42223 24 (0.333333, 0.333333, 0.833333)
0.42223 24 (0.333333, 0.666667, 0.166667)
0.42223 24 (0.333333, 0.666667, 0.833333)
0.43658 17 (0.0, 0.333333, 0.333333)
0.43658 17 (0.0, 0.333333, 0.666667)
{
 "cell": [
  5.903783617655909,
  11.249379732170144,
  30.0795900574189,
  90.0,
  90.0,
  90.0
 ],
 "volume": 1984.4838723847654,
 "score": 0,
 "system": "ORTHOROMBIC",
 "centering": "P",
 "mode": 0,
 "source": "index_MONOCLINIC_P_0.json",
 "sg": "Pmmm",
 "sgstart": "Pmmm",
 "Rw": 0.07593666179367951,
 "groups": [
  {
   "sg": "P 2 2 21",
   "number": 17,
   "Rw": 8.713415682938887,
   "GoF": 240.69254748215516,
   "nGoF": 0.0,
   "mult": 4
  },
  {
   "sg": "P 2 2 2",
   "number": 16,
   "Rw": 8.719985191334056,
   "GoF": 241.8569191176284,
   "nGoF": 0.0,
   "mult": 4
  },
  {
   "sg": "P 2 21 21",
   "number": 18,
   "Rw": 8.777604348916663,
   "GoF": 243.8478592508151,
   "nGoF": 0.0,
   "mult": 4
  },
  {
   "sg": "P 2 21 2",
   "number": 17,
   "Rw": 8.784025482193567,
   "GoF": 245.01517071892158,
   "nGoF": 0.0,
   "mult": 4
  },
  {
   "sg": "P 21 2 21",
   "number": 18,
   "Rw": 9.02691415348554,
   "GoF": 258.18122618123306,
   "nGoF": 0.0,
   "mult": 4
  },
  {
   "sg": "P 21 2 2",
   "number": 17,
   "Rw": 9.033319366383633,
   "GoF": 259.40671327035875,
   "nGoF": 0.0,
   "mult": 4
  },
  {
   "sg": "P 21 21 21",
   "number": 19,
   "Rw": 9.088766234728123,
   "GoF": 261.2988300640498,
   "nGoF": 0.0,
   "mult": 4
  },
  {
   "sg": "P 21 21 2",
   "number": 18,
   "Rw": 9.09503402201642,
   "GoF": 262.5272062207314,
   "nGoF": 0.0,
   "mult": 4
  },
  {
   "sg": "A 21 2 2",
   "number": 20,
   "Rw": 34.875427840598746,
   "GoF": 3683.027681285481,
   "nGoF": 0.0,
   "mult": 8
  },
  {
   "sg": "A 2 2 2",
   "number": 21,
   "Rw": 35.1495854836427,
   "GoF": 3743.1344688829718,
   "nGoF": 0.0,
   "mult": 8
  },
  {
   "sg": "I 2 2 2",
   "number": 23,
   "Rw": 37.80781375446477,
   "GoF": 4328.416307603737,
   "nGoF": 0.0,
   "mult": 8
  },
  {
   "sg": "I 21 21 21",
   "number": 24,
   "Rw": 37.80781375446477,
   "GoF": 4328.416307603737,
   "nGoF": 0.0,
   "mult": 8
  },
  {
   "sg": "C 2 2 21",
   "number": 20,
   "Rw": 38.1344099812319,
   "GoF": 4391.937726389131,
   "nGoF": 0.0,
   "mult": 8
  },
  {
   "sg": "B 2 2 2",
   "number": 21,
   "Rw": 45.193840835341994,
   "GoF": 6194.583585001588,
   "nGoF": 0.0,
   "mult": 8
  },
  {
   "sg": "F 2 2 2",
   "number": 22,
   "Rw": 45.36697057441062,
   "GoF": 6090.908247585155,
   "nGoF": 0.0,
   "mult": 16
  },
  {
   "sg": "B 2 21 2",
   "number": 20,
   "Rw": 45.84358952194096,
   "GoF": 6363.896755837627,
   "nGoF": 0.0,
   "mult": 8
  },
  {
   "sg": "C 2 2 2",
   "number": 21,
   "Rw": 47.456636902398905,
   "GoF": 6823.213007866971,
   "nGoF": 0.0,
   "mult": 8
  }
 ],
 "stol": 0.25,
 "p_pars": {
  "Zero": 0.019095688324654518,
  "2ThetaDispl": 0.0,
  "2ThetaTransp": 0.0,
  "DIFC": 48277.14,
  "DIFA": -6.7,
  "MuR": 0.0,
  "Scale_": 0.0003599564458432964
 },
 "d_pars": {
  "Global Biso": 0.0
 }
}Imported powder pattern: 1999 points, 2theta=  5.380 ->  45.340, step= 0.020
FRESH_BASE X1a56c78 P 2 2 21 0.07864676148897273 355112.4639869322
Imported powder pattern: 1999 points, 2theta=  5.380 ->  45.340, step= 0.020
SCALED 13.328355281906559 Rw 0.07864676148897268 Chi2 1999.000000000008
{
 "Rw": 0.12362612677781809,
 "chi2": 5596.060082802505
}{
 "cell": [
  8.209548290636773,
  11.223613248828574,
  16.861431247618068,
  90.0,
  90.0,
  90.0
 ],
 "volume": 1552.964086675151,
 "score": 27.31411361694336,
 "system": "ORTHOROMBIC",
 "centering": "P",
 "mode": 0,
 "source": "index_ORTHOROMBIC_P_0.json",
 "sg": "Pmmm",
 "sgstart": "Pmmm",
 "Rw": 0.541786544566502,
 "groups": [
  {
   "sg": "P b c a",
   "number": 61,
   "Rw": 13.039769143770801,
   "GoF": 386.3190579139892,
   "nGoF": 0.0,
   "mult": 8
  },
  {
   "sg": "P b c 21",
   "number": 29,
   "Rw": 13.076322567528829,
   "GoF": 388.97304412138436,
   "nGoF": 0.0,
   "mult": 4
  },
  {
   "sg": "P b c m",
   "number": 57,
   "Rw": 13.0763225675289,
   "GoF": 388.9730441213892,
   "nGoF": 0.0,
   "mult": 8
  },
  {
   "sg": "P 21 21 21",
   "number": 19,
   "Rw": 13.103670633739602,
   "GoF": 392.0703886822999,
   "nGoF": 0.0,
   "mult": 4
  },
  {
   "sg": "P b 21 a",
   "number": 29,
   "Rw": 13.112306705670113,
   "GoF": 391.44262434690546,
   "nGoF": 0.0,
   "mult": 4
  },
  {
   "sg": "P b m a",
   "number": 57,
   "Rw": 13.11230670567064,
   "GoF": 391.442624346936,
   "nGoF": 0.0,
   "mult": 8
  },
  {
   "sg": "P 21 c a",
   "number": 29,
CYCLE 3 1 Rw 0.07148365615848852 chi2 2139.9417396498925 geom 0.08415069614896367 LSQ 2169.1567968017634
CYCLE 3 2 Rw 0.07043545310601168 chi2 2077.643649591874 geom 0.13444386296657754 LSQ 2111.9518313208823
FINISHED X7e382cb 0.07043545310601168
CYCLE 2 1 Rw 0.058077354186272384 chi2 3797.4926312851744 geom 15.94450160163892 LSQ 3932.275563416602
CYCLE 2 2 Rw 0.05805066371611568 chi2 3794.0030241913105 geom 15.959711759088094 LSQ 3928.6027701297035
CYCLE 3 0 Rw 0.057973958582573 chi2 3783.983251083536 geom 15.6913410209013 LSQ 3915.1897601887094
CYCLE 3 1 Rw 0.05794401456866326 chi2 3780.075345267863 geom 15.706307468461578 LSQ 3910.5066876096007
CYCLE 3 2 Rw 0.05792046659428401 chi2 3777.003586055358 geom 15.816191617558411 LSQ 3907.3111541575854
FINISHED Xd4c1a35 0.05792046659428401
