Xd4c1a35 Nat 192 molecule sizes [24, 24, 24, 24, 24, 24, 24, 24]
  component COC1=CC(=O)C[C@@H](C)[C@]12Oc1c(Cl)c(OC)cc(OC)c1C2=O matches 8
  bond range 1.2181183267919022 1.7313909562399468
  min intermolecular distance 3.1331984609458234
SUBMITTED Xd4c1a35
Cell (6.950880051, 6.971439838, 15.760000229, 65.620101929, 82.980499268, 67.390701294) n 40 components [18, 18, 1, 1, 1, 1]
2.4025 36 O13 O 0 37 O13 O 1
2.4535 28 N19 N 2 35 O12 O 1
2.5501 32 O1 O 0 39 O18 O 1
2.5708 38 O18 O 0 39 O18 O 1
2.5736 28 N19 N 2 37 O13 O 1
2.7376 1 C2 C 1 31 N20 N 5
2.7674 3 C3 C 1 31 N20 N 5
2.7924 1 C2 C 1 38 O18 O 0
2.8025 19 C11 C 1 28 N19 N 2
2.8184 28 N19 N 2 29 N19 N 3
2.9067 30 N20 N 4 31 N20 N 5
3.0468 26 C17 C 0 31 N20 N 5
3.0779 27 C17 C 1 38 O18 O 0
3.0967 4 C4 C 0 30 N20 N 4
3.1006 25 C16 C 1 30 N20 N 4
3.1078 22 C15 C 0 30 N20 N 4
3.1271 30 N20 N 4 32 O1 O 0
3.1528 24 C16 C 0 39 O18 O 1
3.1542 12 C8 C 0 29 N19 N 3
3.1780 30 N20 N 4 38 O18 O 0
3.2129 15 C9 C 1 36 O13 O 0
3.2846 19 C11 C 1 36 O13 O 0
3.3907 29 N19 N 3 35 O12 O 1
3.4129 30 N20 N 4 39 O18 O 1
3.4578 11 C7 C 1 28 N19 N 2
ObjRegistry<T>::Find(ion_C): Not found !!
List of Crystal ScatteringPowers :0 object registered:
LEBAIL_RW 0.0349046370636744
EXACT_PAWLEY nref 169 rank 159 cond 678.8512065931548 chi2 14383.732396127314 netRwp 0.16434835026190112
TWO_CENTRES [6.95088005065918, 6.971439838409424, 15.760000228881836, 65.62010192871094, 82.98049926757812, 67.39070129394531] Nref 169 Nparticle 192
BATCH 0 best 197.3004913330078 diffraction 178.7236328125 p25 514.7010498046875 seconds 47.60124349594116 centre [0.  0.5 0.5]
ATTACHED_H_SCATTERING 20 heavy atoms 16 H atoms
/opt/conda/lib/python3.11/site-packages/gallop/zm_to_cart.py:210: UserWarning: Using torch.cross without specifying the dim arg is deprecated.
Please either pass the dim explicitly or simply use torch.linalg.cross.
The default value of dim will change to agree with that of linalg.cross in a future release. (Triggered internally at /home/conda/feedstock_root/build_artifacts/libtorch_1786372131199/work/aten/src/ATen/native/Cross.cpp:63.)
  cart_coords = zm_to_cart(internal[:,torsion[i]], initial_D2[i],
PO_SCAN X7e382cb 32 original 136.6937654896833 best [(np.float64(116.76232805031111), (-1, 0, -2), 0.8757982340777606), (np.float64(116.76232805031111), (1, 0, 2), 0.8757982340777606), (np.float64(118.85392412671183), (0, -1, -1), 1.2888969529585865), (np.float64(118.85392412671183), (0, 1, 1), 1.2888969529585865), (np.float64(119.24159285919768), (-1, 0, 2), 1.2375612487243122), (np.float64(119.24159285919768), (1, 0, -2), 1.2375612487243122), (np.float64(119.69058973324502), (-1, 0, -1), 0.859881203166687), (np.float64(119.69058973324502), (1, 0, 1), 0.859881203166687), (np.float64(123.0701286879846), (0, -1, -2), 1.2262442531138376), (np.float64(123.0701286879846), (0, 1, 2), 1.2262442531138376), (np.float64(123.7883591050603), (-1, -2, -1), 1.182143532798129), (np.float64(123.7883591050603), (1, 2, 1), 1.182143532798129)]
ATTACHED_H_SCATTERING 40 heavy atoms 20 H atoms
/opt/conda/lib/python3.11/site-packages/gallop/zm_to_cart.py:210: UserWarning: Using torch.cross without specifying the dim arg is deprecated.
Please either pass the dim explicitly or simply use torch.linalg.cross.
The default value of dim will change to agree with that of linalg.cross in a future release. (Triggered internally at /home/conda/feedstock_root/build_artifacts/libtorch_1786372131199/work/aten/src/ATen/native/Cross.cpp:63.)
  cart_coords = zm_to_cart(internal[:,torsion[i]], initial_D2[i],
PO_SCAN X4f6fe58 11 original 339.36054130648404 best [(np.float64(284.8287990645508), (-1, 0, -2), 1.4950905505917729), (np.float64(284.8287990645508), (1, 0, 2), 1.4950905505917729), (np.float64(306.52672585476023), (-1, 0, -1), 1.2984921191529002), (np.float64(306.52672585476023), (1, 0, 1), 1.2984921191529002), (np.float64(307.83249334898494), (-1, -1, -2), 1.280706951786674), (np.float64(307.83249334898494), (1, 1, 2), 1.280706951786674), (np.float64(309.3406165024089), (-2, -1, -2), 1.2778571029961934), (np.float64(309.3406165024089), (2, 1, 2), 1.2778571029961934), (np.float64(313.85670653867885), (0, -2, -1), 0.855723567435479), (np.float64(313.85670653867885), (0, 2, 1), 0.855723567435479), (np.float64(315.011801342073), (-1, 1, -2), 1.2423737886208748), (np.float64(315.011801342073), (1, -1, 2), 1.2423737886208748)]
