PID 26750
{'X238783d:25': {'START_REFL': 100, 'RAMP_REF_EVERY': 4, 'RAMP_REF_STEP': 50}, 'Xbfeeda9:11': {'START_REFL': 100, 'RAMP_REF_EVERY': 5, 'RAMP_REF_STEP': 50}, 'X019b9a4:11': {'START_REFL': 100, 'RAMP_REF_EVERY': 5, 'RAMP_REF_STEP': 50}}
==== X3f4781b
GALLOP 9 Nref 267 seconds 208.71130180358887 best 142.29134 q25 198.81577 median 249.78867 total 1462.1729500293732
GALLOP 10 Nref 267 seconds 168.21483302116394 best 142.29134 q25 220.85638 median 254.15866 total 1630.4806809425354
GALLOP 11 Nref 267 seconds 191.40915322303772 best 142.29134 q25 198.59848 median 251.16396 total 1821.978220462799
FINISHED X3f4781b 142.29129028320312
CYCLE 3 1 Rw 0.1583083230479068 chi2 3451.7408936634693 geom 21.744938671151715 LSQ 3607.327600284059
CYCLE 3 2 Rw 0.15795675088724578 chi2 3436.426620019045 geom 23.093553452476243 LSQ 3595.195155337987
FINISHED X3f4781b 0.15795675088724578
==== X9af54a2
/opt/conda/lib/python3.11/site-packages/gallop/zm_to_cart.py:210: UserWarning: Using torch.cross without specifying the dim arg is deprecated.
Please either pass the dim explicitly or simply use torch.linalg.cross.
The default value of dim will change to agree with that of linalg.cross in a future release. (Triggered internally at /home/conda/feedstock_root/build_artifacts/libtorch_1786372131199/work/aten/src/ATen/native/Cross.cpp:63.)
  cart_coords = zm_to_cart(internal[:,torsion[i]], initial_D2[i],
==== Xb7088cf
GALLOP 13 Nref 171 seconds 46.131394147872925 best 115.63836 q25 188.59273 median 225.31297 total 840.2753899097443
GALLOP 14 Nref 171 seconds 43.64851474761963 best 115.638374 q25 175.95361 median 222.84229 total 883.9533538818359
GALLOP 15 Nref 171 seconds 44.08227515220642 best 109.53481 q25 165.24944 median 217.17184 total 928.0498795509338
GALLOP 16 Nref 171 seconds 45.324206590652466 best 108.41164 q25 174.53517 median 219.93134 total 973.4041378498077
==== Xedd9c7b
GALLOP 1 Nref 258 seconds 212.69318294525146 best 88.8423 q25 121.07606 median 152.25327 total 437.66403102874756
GALLOP 2 Nref 258 seconds 271.56800627708435 best 84.80454 q25 114.50088 median 139.12009 total 709.3623869419098
GALLOP 3 Nref 258 seconds 248.41925621032715 best 71.23322 q25 112.99229 median 139.37814 total 957.9461643695831
GALLOP 4 Nref 258 seconds 193.93211603164673 best 57.153538 q25 107.41957 median 135.40997 total 1152.0117189884186
==== Xeb393f9
GALLOP 2 Nref 300 seconds 44.11635184288025 best 47.280018 q25 47.50309 median 199.57535 total 233.61829710006714
GALLOP 3 Nref 300 seconds 41.196993350982666 best 47.27993 q25 47.349052 median 180.76099 total 274.86758971214294
GALLOP 4 Nref 300 seconds 43.82866883277893 best 47.27989 q25 47.2951 median 143.26025 total 318.7141990661621
GALLOP 5 Nref 300 seconds 73.61239433288574 best 47.279995 q25 47.308624 median 178.86444 total 392.37946939468384
GALLOP 6 Nref 300 seconds 51.69837546348572 best 47.27984 q25 47.285942 median 91.42374 total 444.1148099899292
BATCH 3 best 196.60629272460938 diffraction 184.92962646484375 p25 436.03271484375 seconds 235.1004741191864 centre [0.  0.5 0.5]
BATCH 4 best 196.6062469482422 diffraction 184.929443359375 p25 434.4493103027344 seconds 297.19496965408325 centre [0.  0.5 0.5]
BATCH 5 best 164.8101806640625 diffraction 156.396484375 p25 498.6982421875 seconds 349.065123796463 centre [0.  0.5 0.5]
BATCH 6 best 164.80992126464844 diffraction 156.39532470703125 p25 428.84368896484375 seconds 408.1730511188507 centre [0.  0.5 0.5]
RUN 1 steps 4000000 time 600.1436653137207 total 655.0974333286285 LLK 45216.95397805873 Rw 0.1896136342573819 Integrated 16480.193864067485
RUN 2 steps 4000000 time 600.1146972179413 total 1255.3970487117767 LLK 44291.98140368995 Rw 0.1857298426013963 Integrated 16280.719387846224
RUN 3 steps 4000000 time 600.0630595684052 total 1855.571105480194 LLK 45017.08182521409 Rw 0.1888310251839833 Integrated 15397.438255453812
