All geom 282.8577592569407
(26.748764401882962, 'angle', ['m0_0_0_C5', 'm0_0_0_C6', 'm0_0_0_N7'])
(23.76952862620431, 'bond', ['m0_1_0_S2', 'm0_1_0_C5'])
(19.50531785719642, 'dihedral', ['m0_0_0_C18', 'm0_0_0_C19', 'm0_0_0_C13', 'm0_0_0_C12'])
(19.245507642128715, 'dihedral', ['m0_0_0_C12', 'm0_0_0_C13', 'm0_0_0_C14', 'm0_0_0_C15'])
(12.7436117878069, 'angle', ['m0_0_0_Cl17', 'm0_0_0_C16', 'm0_0_0_C18'])
(11.227666644159811, 'dihedral', ['m0_1_0_C9', 'm0_1_0_C10', 'm0_1_0_C5', 'm0_1_0_S2'])
(11.009329557249046, 'angle', ['m0_0_0_C12', 'm0_0_0_C13', 'm0_0_0_C19'])
(10.319081074785018, 'angle', ['m0_0_0_O11', 'm0_0_0_C12', 'm0_0_0_C20'])
(10.076022886631607, 'angle', ['m0_0_0_H48', 'm0_0_0_C23', 'm0_0_0_C24'])
(9.3761572185763, 'dihedral', ['m0_1_0_S2', 'm0_1_0_C5', 'm0_1_0_C6', 'm0_1_0_C7'])
(8.968533818469025, 'angle', ['m0_0_0_C8', 'm0_0_0_C9', 'm0_0_0_C10'])
(8.550209789807788, 'angle', ['m0_0_0_C15', 'm0_0_0_C16', 'm0_0_0_Cl17'])
(8.543353559089889, 'angle', ['m0_0_0_C10', 'm0_0_0_O11', 'm0_0_0_C12'])
(8.405999070474556, 'angle', ['m0_0_0_N7', 'm0_0_0_C8', 'm0_0_0_C9'])
(7.266859813359674, 'dihedral', ['m0_0_0_C14', 'm0_0_0_C15', 'm0_0_0_C16', 'm0_0_0_Cl17'])
(6.6109201626969405, 'angle', ['m0_0_0_C12', 'm0_0_0_C13', 'm0_0_0_C14'])
(5.8460144113299695, 'dihedral', ['m0_0_0_Cl17', 'm0_0_0_C16', 'm0_0_0_C18', 'm0_0_0_C19'])
(5.839031655123247, 'angle', ['m0_1_0_H13', 'm0_1_0_C8', 'm0_1_0_C9'])
(4.4637329776550745, 'angle', ['m0_0_0_C6', 'm0_0_0_N7', 'm0_0_0_C8'])
(4.063317257414874, 'angle', ['m0_1_0_O1', 'm0_1_0_S2', 'm0_1_0_C5'])
(3.6704165155364556, 'bond', ['m0_0_0_C16', 'm0_0_0_C18'])
(3.6216607049633924, 'bond', ['m0_0_0_C18', 'm0_0_0_C19'])
(3.3807884094281557, 'angle', ['m0_0_0_H45', 'm0_0_0_C19', 'm0_0_0_C18'])
(3.319593315179696, 'bond', ['m0_0_0_C18', 'm0_0_0_H44'])
(3.1998240541721406, 'angle', ['m0_0_0_O3', 'm0_0_0_C2', 'm0_0_0_C4'])
(3.1533664385583373, 'angle', ['m0_0_0_H47', 'm0_0_0_C22', 'm0_0_0_C21'])
(2.9231950475269377, 'angle', ['m0_1_0_H15', 'm0_1_0_C10', 'm0_1_0_C9'])
(2.770865929865373, 'angle', ['m0_0_0_C6', 'm0_0_0_N7', 'm0_0_0_C27'])
(2.762410148589372, 'angle', ['m0_0_0_H40', 'm0_0_0_C10', 'm0_0_0_O11'])
(2.57468890669522, 'angle', ['m0_1_0_O4', 'm0_1_0_S2', 'm0_1_0_C5'])
