/app/work/Xeb393f9/refine_1.log:CYCLE 3 0 Rw 0.06193242248943112 chi2 3861.849199235682 geom 156.3700631725647 LSQ 4358.022202453392
/app/work/Xeb393f9/refine_1.log:CYCLE 3 1 Rw 0.061704367010881576 chi2 3833.46037510647 geom 144.3437584819289 LSQ 4305.094010957935
/app/work/Xeb393f9/refine_1.log:CYCLE 3 2 Rw 0.06163271818482109 chi2 3824.5629992898566 geom 140.19088174290357 LSQ 4284.983392705285
/app/work/Xeb393f9/refine_chem0.log:CYCLE 3 0 Rw 0.06086242019847717 chi2 5388.112802772806 geom 309.30193850896393 LSQ 6213.310749944503
/app/work/Xeb393f9/refine_chem0.log:CYCLE 3 1 Rw 0.06085842251658364 chi2 5387.4050013574815 geom 309.4540445367994 LSQ 6212.217600303302
/app/work/Xeb393f9/refine_plan.log:CYCLE 3 0 Rw 0.06832712853342011 chi2 4700.515693832441 geom 236.02921287881657 LSQ 5333.577388560356
/app/work/Xeb393f9/refine_plan.log:CYCLE 3 1 Rw 0.06822035500783516 chi2 4685.83635647669 geom 227.89287218412534 LSQ 5307.752675176916
/app/work/Xeb393f9/refine_plan.log:CYCLE 3 2 Rw 0.06807807354671237 chi2 4666.311028727936 geom 228.94654439656816 LSQ 5278.741809232292
/app/work/Xeb393f9/refine_pyrm0.log:CYCLE 3 0 Rw 0.06113677929891605 chi2 5436.800128196886 geom 286.5025033942708 LSQ 6141.164948317297
/app/work/Xeb393f9/refine_pyrm0.log:CYCLE 3 1 Rw 0.0611591885939679 chi2 5440.786507214594 geom 280.2240662199715 LSQ 6134.123450971207
/app/work/Xeb393f9/refine_pyrm0.log:CYCLE 3 2 Rw 0.06103012976356867 chi2 5417.84831318777 geom 282.8635040853543 LSQ 6115.008913011374
/app/work/Xeb393f9/refine_pyrm1.log:CYCLE 3 0 Rw 0.06172470549488682 chi2 5259.058485395261 geom 278.67622845322256 LSQ 5947.338012377791
/app/work/Xeb393f9/refine_pyrm1.log:CYCLE 3 1 Rw 0.06132954815044332 chi2 5191.937760759402 geom 296.5968052823373 LSQ 5905.988993980837
/app/work/Xeb393f9/refine_pyrm1.log:CYCLE 3 2 Rw 0.06104189804815782 chi2 5143.349139808588 geom 284.0933937618517 LSQ 5848.480628841911
CYCLE 0 2 Rw 0.06099512847469975 chi2 5411.635585037405 geom 282.85775925694077 LSQ 6351.036404264724
PACKING_STAGE 0 242.91818113636214
CYCLE 1 0 Rw 0.06099500885430283 chi2 5411.614359035252 geom 346.4970380110891 LSQ 6301.083266482434
CYCLE 1 1 Rw 0.060865537056276044 chi2 5388.664683929636 geom 335.90401981128474 LSQ 6256.157888234245
CYCLE 1 2 Rw 0.06083296959663516 chi2 5382.8995768817595 geom 316.8137791946731 LSQ 6222.590426943384
PACKING_STAGE 1 82.01642316415614
CYCLE 2 0 Rw 0.060895740452506626 chi2 5394.014061091024 geom 309.4134105232049 LSQ 6221.726277052126
CYCLE 2 1 Rw 0.060882938434786656 chi2 5391.746348949129 geom 308.96797292256406 LSQ 6217.6399439287015
CYCLE 2 2 Rw 0.06087686322746521 chi2 5390.67037123001 geom 309.10647917441554 LSQ 6216.003385456581
PACKING_STAGE 2 81.03529543908822
CYCLE 3 0 Rw 0.06086242019847717 chi2 5388.112802772806 geom 309.30193850896393 LSQ 6213.310749944503
CYCLE 3 1 Rw 0.06085842251658364 chi2 5387.4050013574815 geom 309.4540445367994 LSQ 6212.217600303302
0
CYCLE 3 1 Rw 0.16505870925661736 chi2 3379.6424925861234 geom 55.01731019423249 LSQ 3632.3113286597554
CYCLE 3 2 Rw 0.16453563666998092 chi2 3358.2561959920063 geom 56.23880088494086 LSQ 3611.946618860198
FINISHED X14a2b08 0.16453563666998092
-rw-r--r-- 1 root root 108007 Sep  6 06:58 /app/work/X14a2b08/refined_1.png
-rw-r--r-- 1 root root     59 Sep  6 06:58 /app/work/X14a2b08/refined_1.json
-rw-r--r-- 1 root root 258590 Sep  6 06:58 /app/work/X14a2b08/refined_1.xml
-rw-r--r-- 1 root root   3768 Sep  6 06:58 /app/work/X14a2b08/refined_1.cif
