AROMATIC_PLANARITY 0
LSQ_PACKING 37 atoms 527 terms sigma 0.03 cost 242.91818113636074
CYCLE 0 0 Rw 0.06099532274896253 chi2 5411.670058058897 geom 282.85775925694077 LSQ 6351.071055521144
CYCLE 0 1 Rw 0.060995132180846734 chi2 5411.636242674081 geom 282.85775925694077 LSQ 6351.03756156105
CYCLE 0 2 Rw 0.06099512847469975 chi2 5411.635585037405 geom 282.85775925694077 LSQ 6351.036404264724
PACKING_STAGE 0 242.91818113636214
CYCLE 1 0 Rw 0.06099500885430283 chi2 5411.614359035252 geom 346.4970380110891 LSQ 6301.083266482434
CYCLE 1 1 Rw 0.060865537056276044 chi2 5388.664683929636 geom 335.90401981128474 LSQ 6256.157888234245
CYCLE 1 2 Rw 0.06083296959663516 chi2 5382.8995768817595 geom 316.8137791946731 LSQ 6222.590426943384
PACKING_STAGE 1 82.01642316415614
CYCLE 2 0 Rw 0.060895740452506626 chi2 5394.014061091024 geom 309.4134105232049 LSQ 6221.726277052126
CYCLE 2 1 Rw 0.060882938434786656 chi2 5391.746348949129 geom 308.96797292256406 LSQ 6217.6399439287015
RUN 2 steps 4000000 time 600.1146972179413 total 1255.3970487117767 LLK 44291.98140368995 Rw 0.1857298426013963 Integrated 16280.719387846224
RUN 3 steps 4000000 time 600.0630595684052 total 1855.571105480194 LLK 45017.08182521409 Rw 0.1888310251839833 Integrated 15397.438255453812
RUN 4 steps 4000000 time 600.0320036411285 total 2455.6116399765015 LLK 45385.452559149744 Rw 0.19035784642579887 Integrated 16703.249496796987
FINISHED 44291.98140368995
Please either pass the dim explicitly or simply use torch.linalg.cross.
The default value of dim will change to agree with that of linalg.cross in a future release. (Triggered internally at /home/conda/feedstock_root/build_artifacts/libtorch_1786372131199/work/aten/src/ATen/native/Cross.cpp:63.)
  cart_coords = zm_to_cart(internal[:,torsion[i]], initial_D2[i],
GALLOP 0 Nref 221 seconds 119.89439105987549 best 246.72224 q25 316.7724 median 348.00537 total 119.9018144607544
GALLOP 1 Nref 221 seconds 117.0888934135437 best 225.1021 q25 282.92505 median 312.65143 total 237.11985087394714
GALLOP 16 Nref 171 seconds 45.324206590652466 best 108.41164 q25 174.53517 median 219.93134 total 973.4041378498077
GALLOP 17 Nref 171 seconds 44.80148673057556 best 108.41136 q25 155.36618 median 225.63348 total 1018.2685463428497
GALLOP 18 Nref 171 seconds 54.949851274490356 best 108.41144 q25 170.17654 median 226.66498 total 1073.2507104873657
GALLOP 19 Nref 171 seconds 70.19984412193298 best 108.41166 q25 175.16907 median 222.07721 total 1143.4754841327667
GALLOP 7 Nref 300 seconds 64.59047532081604 best 47.279736 q25 47.28619 median 119.53244 total 508.7694170475006
GALLOP 8 Nref 300 seconds 43.68913412094116 best 47.279785 q25 47.28806 median 139.2551 total 552.4883961677551
GALLOP 9 Nref 300 seconds 46.868223667144775 best 47.27969 q25 47.2818 median 120.4837 total 599.3730001449585
GALLOP 10 Nref 300 seconds 49.44868016242981 best 47.279594 q25 47.280716 median 85.71619 total 648.8682832717896
GALLOP 3 Nref 258 seconds 248.41925621032715 best 71.23322 q25 112.99229 median 139.37814 total 957.9461643695831
GALLOP 4 Nref 258 seconds 193.93211603164673 best 57.153538 q25 107.41957 median 135.40997 total 1152.0117189884186
GALLOP 5 Nref 258 seconds 187.576110124588 best 52.514984 q25 113.1873 median 149.04727 total 1339.66783452034
BATCH 7 best 155.0325927734375 diffraction 146.5526123046875 p25 453.666259765625 seconds 475.66691637039185 centre [0.  0.5 0.5]
BATCH 8 best 155.0325164794922 diffraction 146.55255126953125 p25 464.62847900390625 seconds 538.3997128009796 centre [0.  0.5 0.5]
BATCH 9 best 155.0325164794922 diffraction 146.552490234375 p25 437.2877197265625 seconds 601.2653486728668 centre [0.  0.5 0.5]
0
<ObjCryst Date="2026-09-06T07:00:06GMT" Revision="2024001">
  <Crystal Name="Xeb393f9" SpaceGroup="P 1">
    <Par Refined="0" Limited="1" Min="1" Max="100" Name="a">8.01402</Par>
    <Par Refined="0" Limited="1" Min="1" Max="100" Name="b">9.81551</Par>
    <Par Refined="0" Limited="1" Min="1" Max="100" Name="c">10.2336</Par>
