GALLOP 9 Nref 300 seconds 46.868223667144775 best 47.27969 q25 47.2818 median 120.4837 total 599.3730001449585
GALLOP 10 Nref 300 seconds 49.44868016242981 best 47.279594 q25 47.280716 median 85.71619 total 648.8682832717896
GALLOP 11 Nref 300 seconds 78.88201689720154 best 47.279804 q25 47.28125 median 85.71754 total 727.884604215622
  0%|          | 0/3 [00:00<?, ?it/s]100%|██████████| 3/3 [00:00<00:00, 1260.43it/s]
GALLOP 12 Nref 300 seconds 50.7924861907959 best 47.279945 q25 47.746597 median 224.7923 total 778.7129392623901
GALLOP 13 Nref 300 seconds 62.698882818222046 best 47.280464 q25 47.425076 median 206.2367 total 841.4651780128479
Cell (6.956565220000001, 7.00620439, 15.75870544, 65.74155771, 83.0423062, 67.36406411000002) n 40 components [18, 18, 1, 1, 1, 1]
2.4657 28 N27 N 2 39 O14 O 1
2.4715 28 N27 N 2 37 O13 O 1
2.5285 30 N28 N 4 31 N28 N 5
2.5342 32 O1 O 0 35 O3 O 1
2.6064 38 O14 O 0 39 O14 O 1
2.7179 0 C2 C 0 30 N28 N 4
2.7677 2 C4 C 0 30 N28 N 4
2.7838 18 C12 C 0 29 N27 N 3
2.8166 30 N28 N 4 32 O1 O 0
2.8291 34 O3 O 0 35 O3 O 1
2.8836 26 C18 C 0 35 O3 O 1
2.9643 14 C10 C 0 39 O14 O 1
3.0012 30 N28 N 4 34 O3 O 0
3.0071 26 C18 C 0 31 N28 N 5
3.0448 28 N27 N 2 29 N27 N 3
3.0472 0 C2 C 0 35 O3 O 1
3.1153 4 C5 C 0 30 N28 N 4
3.1320 13 C9 C 1 28 N27 N 2
3.1733 24 C17 C 0 35 O3 O 1
3.2024 25 C17 C 1 30 N28 N 4
3.2650 22 C16 C 0 30 N28 N 4
3.3171 11 C8 C 1 28 N27 N 2
3.4099 2 C4 C 0 31 N28 N 5
3.4198 18 C12 C 0 39 O14 O 1
3.4434 26 C18 C 0 30 N28 N 4
Xeb393f9 Nat 37 molecule sizes [27, 10]
  component O=C(O)CCC[NH+]1CCC(O[C@@H](c2ccc(Cl)cc2)c2ccccn2)CC1 matches 1
  component O=S(=O)([O-])c1ccccc1 matches 1
  bond range 1.225528378477293 1.8491292461491966
  min intermolecular distance 2.7709290092391883
Xeb393f9 root 31 expected {11: 'S'} actual {11: 'S'} OK True
