[6.941781803827611, 6.978941427798109, 7.9009613612602525, 65.8465231872708, 83.18913857072069, 67.46611408102082]
(0, 0, 1) [(np.float64(2.8219), array([ 0. ,  0. , -0.5])), (np.float64(2.8219), array([0. , 0. , 0.5]))]
(0, 1, 0) [(np.float64(3.4345), array([ 0. , -0.5,  0. ])), (np.float64(3.4345), array([0. , 0.5, 0. ]))]
(0, 1, 1) [(np.float64(3.4744), array([ 0. , -0.5, -0.5])), (np.float64(3.4744), array([0. , 0.5, 0.5]))]
(1, 0, 0) [(np.float64(3.1729), array([-0.5,  0. ,  0. ])), (np.float64(3.1729), array([0.5, 0. , 0. ]))]
(1, 0, 1) [(np.float64(4.1499), array([-0.5,  0. ,  0.5])), (np.float64(4.1499), array([ 0.5,  0. , -0.5]))]
(1, 1, 0) [(np.float64(3.7165), array([-0.5, -0.5,  0. ])), (np.float64(3.7165), array([0.5, 0.5, 0. ]))]
(1, 1, 1) [(np.float64(3.8602), array([-0.5, -0.5, -0.5])), (np.float64(3.8602), array([0.5, 0.5, 0.5]))]
{
 "cell": [
  6.941781803827611,
  6.978941427798109,
  7.9009613612602525,
  65.8465231872708,
  83.18913857072069,
  67.46611408102082
2 {'two_theta': 5.610893729899515, 'height': 34033.25855769742, 'fwhm': 0.17623957736516271, 'eta': 0.9184482034579804, 'error': 0.0015875105808263752, 'd': 15.73806064408427, 'area': 5998.0071045679015, 'peak_max': 5.59, 'widthL': 0.26939857394853495, 'widthR': 0.0830805807817905, 'fit_chi': 30.50488640226124}
6 {'two_theta': 8.255909903341088, 'height': 6396.043120418467, 'fwhm': 0.18342132523104426, 'eta': 0.9999999999999526, 'error': 0.0018861889784019324, 'd': 10.700905809617387, 'area': 1173.170705382059, 'peak_max': 8.24, 'widthL': 0.26676549316454456, 'widthR': 0.10007715729754395, 'fit_chi': 5.887185725556559}
9 {'two_theta': 11.221535754266156, 'height': 5412.741330531477, 'fwhm': 0.20956511458328175, 'eta': 8.092960202970873e-17, 'error': 0.006293306906668048, 'd': 7.878648912611643, 'area': 1134.3217571424939, 'peak_max': 11.24, 'widthL': 0.3119821766164778, 'widthR': 0.10714805255008569, 'fit_chi': 4.950327201624234}
10 {'two_theta': 11.58155964871574, 'height': 32421.065277831734, 'fwhm': 0.13459689332503155, 'eta': 0.356046413705753, 'error': 0.0008389705741640456, 'd': 7.634529555210861, 'area': 4363.774664684202, 'peak_max': 11.57, 'widthL': 0.1618625889475606, 'widthR': 0.10733119770250252, 'fit_chi': 13.584117693265872}
12 {'two_theta': 12.249578992293788, 'height': 2470.423269788865, 'fwhm': 0.24144304871708433, 'eta': 0.8831543337361896, 'error': 0.0028899318278390457, 'd': 7.219647317747175, 'area': 596.4665258794518, 'peak_max': 12.24, 'widthL': 0.33307497970178934, 'widthR': 0.14981111773237935, 'fit_chi': 1.5248554773056249}
13 {'two_theta': 13.304416326280762, 'height': 2781.4917554548365, 'fwhm': 0.1443688989157685, 'eta': 0.9999999999999878, 'error': 0.0022928752805505795, 'd': 6.649515861246083, 'area': 401.5609020783028, 'peak_max': 13.29, 'widthL': 0.19067097990480392, 'widthR': 0.0980668179267331, 'fit_chi': 3.086472442041816}
14 {'two_theta': 13.54371513560769, 'height': 2191.6277800952657, 'fwhm': 0.12722960730734983, 'eta': 0.028405751257329418, 'error': 0.0014109495012773663, 'd': 6.532561231105874, 'area': 278.83994182539953, 'peak_max': 13.54, 'widthL': 0.11658725532385744, 'widthR': 0.13787195929084223, 'fit_chi': 1.56010346206076}
15 {'two_theta': 14.268617346346838, 'height': 2508.3607278797876, 'fwhm': 0.18052818190744363, 'eta': 0.47424058117571866, 'error': 0.002282299585169482, 'd': 6.202269758900041, 'area': 452.82980177217, 'peak_max': 14.25, 'widthL': 0.2623787431411983, 'widthR': 0.09867762067368895, 'fit_chi': 2.890150404061875}
16 {'two_theta': 15.344749937702572, 'height': 6131.054598650089, 'fwhm': 0.2012736771028207, 'eta': 9.752067838991281e-13, 'error': 0.0024493701867491133, 'd': 5.769638282852177, 'area': 1234.019903588462, 'peak_max': 15.33, 'widthL': 0.26720740292155215, 'widthR': 0.13533995128408927, 'fit_chi': 6.8222330501993}
17 {'two_theta': 15.952622605645024, 'height': 9590.640649009087, 'fwhm': 0.26313286333566555, 'eta': 0.05640396514724989, 'error': 0.0007372994217885489, 'd': 5.5511288868294395, 'area': 2523.612735197187, 'peak_max': 15.95, 'widthL': 0.36837027053065435, 'widthR': 0.15789545614067668, 'fit_chi': 2.552397441247462}
18 {'two_theta': 16.225727693019465, 'height': 4535.094435257222, 'fwhm': 0.12599062072200068, 'eta': 8.185039118574103e-18, 'error': 0.001157572329980233, 'd': 5.4583040575704, 'area': 571.3793629309486, 'peak_max': 16.22, 'widthL': 0.13855554900123182, 'widthR': 0.11342569244276954, 'fit_chi': 2.639875714053149}
19 {'two_theta': 16.526267613353507, 'height': 9640.908071957136, 'fwhm': 0.15795563034839927, 'eta': 0.2298408183919502, 'error': 0.0005843585593621024, 'd': 5.359712066248182, 'area': 1522.83571163696, 'peak_max': 16.52, 'widthL': 0.16029425367057337, 'widthR': 0.1556170070262252, 'fit_chi': 2.4407297877863674}
20 {'two_theta': 16.887973423769484, 'height': 4209.565017367184, 'fwhm': 0.17742025550989898, 'eta': 0.9999999999999787, 'error': 0.0020697517183821445, 'd': 5.245723793115008, 'area': 746.8621009668182, 'peak_max': 16.89, 'widthL': 0.20149533597313674, 'widthR': 0.1533451750466612, 'fit_chi': 2.875225868270883}
21 {'two_theta': 17.079999999999973, 'height': 2275.8684999444085, 'fwhm': 0.12607878462865252, 'eta': 2.4535194878509087e-13, 'error': 0.009721467080169514, 'd': 5.187177362634549, 'area': 286.93873444762556, 'peak_max': 17.05, 'widthL': 0.1259169232327539, 'widthR': 0.12624064602455115, 'fit_chi': 1.5097603899275136}
22 {'two_theta': 18.350932847468005, 'height': 38156.0824008609, 'fwhm': 0.2063294202607831, 'eta': 0.9999999999999964, 'error': 0.0013959947518426652, 'd': 4.830692943172863, 'area': 7872.722361192298, 'peak_max': 18.34, 'widthL': 0.27387738342942375, 'widthR': 0.13878145709214246, 'fit_chi': 22.018123542304078}
23 {'two_theta': 18.782002455976876, 'height': 4729.110623920262, 'fwhm': 0.14773043813172174, 'eta': 3.337144832772426e-22, 'error': 0.002204722402995958, 'd': 4.720783400034221, 'area': 698.6335844451202, 'peak_max': 18.77, 'widthL': 0.17863417500812975, 'widthR': 0.11682670125531373, 'fit_chi': 5.332376863606792}
24 {'two_theta': 19.278995057394965, 'height': 2837.8698621954118, 'fwhm': 0.15817326057145586, 'eta': 1.073692482708971e-21, 'error': 0.017074396926654075, 'd': 4.6001928370908916, 'area': 448.8751291809164, 'peak_max': 19.31, 'widthL': 0.17633575904992826, 'widthR': 0.1400107620929835, 'fit_chi': 2.7324729021173386}
25 {'two_theta': 19.6937880116133, 'height': 21602.468418360426, 'fwhm': 0.18664634304508332, 'eta': 2.3542159170965737e-14, 'error': 0.001133693086217519, 'd': 4.504228888991807, 'area': 4032.0217310338785, 'peak_max': 19.68, 'widthL': 0.2292590948429372, 'widthR': 0.14403359124722942, 'fit_chi': 10.449785401939158}
26 {'two_theta': 20.30344841278945, 'height': 12088.363577507616, 'fwhm': 0.1759066933682496, 'eta': 0.4442996706026632, 'error': 0.001145867905157357, 'd': 4.370333631507623, 'area': 2126.4240651525492, 'peak_max': 20.29, 'widthL': 0.2224506775978659, 'widthR': 0.12936270913863332, 'fit_chi': 6.565060278733199}
27 {'two_theta': 20.77005951466878, 'height': 8479.695993060934, 'fwhm': 0.2207489671350623, 'eta': 0.9999999999999974, 'error': 0.0009725336744771491, 'd': 4.273193199631209, 'area': 1871.8841320875276, 'peak_max': 20.77, 'widthL': 0.23388136837031195, 'widthR': 0.2076165658998127, 'fit_chi': 2.562059778465551}
28 {'two_theta': 21.043918664092985, 'height': 2339.567550809703, 'fwhm': 0.14905827982627284, 'eta': 0.9999999999999999, 'error': 0.001927030792762907, 'd': 4.218197567547589, 'area': 348.7319146610605, 'peak_max': 21.04, 'widthL': 0.1619089732516864, 'widthR': 0.13620758640085928, 'fit_chi': 1.707157145399485}
30 {'two_theta': 21.7222271473024, 'height': 6130.143215080629, 'fwhm': 0.15750240614856306, 'eta': 1.5303492829385321e-13, 'error': 0.0011324520747877263, 'd': 4.087986526033517, 'area': 965.5123064104873, 'peak_max': 21.72, 'widthL': 0.1816962645875736, 'widthR': 0.13330854770955253, 'fit_chi': 3.1643990103523927}
31 {'two_theta': 22.217703935286494, 'height': 5228.481106090836, 'fwhm': 0.21806709342683062, 'eta': 2.6119904013013262e-18, 'error': 0.0012312406335039027, 'd': 3.9979276867069453, 'area': 1140.159677842329, 'peak_max': 22.2, 'widthL': 0.29121440571166946, 'widthR': 0.1449197811419918, 'fit_chi': 2.59595210572131}
33 {'two_theta': 23.01185854180181, 'height': 18100.595886938172, 'fwhm': 0.14839441035739392, 'eta': 0.08986881844420205, 'error': 0.000799277251673541, 'd': 3.8617212828558016, 'area': 2686.0272537596597, 'peak_max': 23.01, 'widthL': 0.1708076560019489, 'widthR': 0.12598116471283893, 'fit_chi': 7.02719380615506}
34 {'two_theta': 23.35904658754648, 'height': 24707.97193443943, 'fwhm': 0.28561243695033545, 'eta': 2.612696079777082e-15, 'error': 0.0012926523927013647, 'd': 3.805103686404935, 'area': 7056.904076295739, 'peak_max': 23.35, 'widthL': 0.3754608572067231, 'widthR': 0.19576401669394775, 'fit_chi': 4.966283424827546}
36 {'two_theta': 25.10534225153916, 'height': 5990.43506207319, 'fwhm': 0.18826337865001494, 'eta': 0.9999999999999999, 'error': 0.0016749746532801874, 'd': 3.5442420874346006, 'area': 1127.7795443694108, 'peak_max': 25.11, 'widthL': 0.21667634175984204, 'widthR': 0.15985041554018783, 'fit_chi': 3.5614821179076337}
38 {'two_theta': 26.826244241091675, 'height': 32793.964346543085, 'fwhm': 0.2820315462610565, 'eta': 0.999999999999905, 'error': 0.0018786364468931828, 'd': 3.320656636224391, 'area': 9248.932472685503, 'peak_max': 26.8, 'widthL': 0.40834205418250424, 'widthR': 0.15572103833960874, 'fit_chi': 23.2712906047129}
39 {'two_theta': 27.447678672858874, 'height': 2399.4367904326996, 'fwhm': 0.24090812825045427, 'eta': 2.270338948825364e-19, 'error': 0.002350800815035835, 'd': 3.2468695346477006, 'area': 578.0438260384192, 'peak_max': 27.43, 'widthL': 0.31124222258420053, 'widthR': 0.17057403391670803, 'fit_chi': 2.2327912569784045}
41 {'two_theta': 28.783869248791206, 'height': 1168.2783901266862, 'fwhm': 0.183591159237836, 'eta': 7.99867057164094e-15, 'error': 0.002952665135695577, 'd': 3.0991109625628384, 'area': 214.48558395587114, 'peak_max': 28.79, 'widthL': 0.257070838069252, 'widthR': 0.11011148040642, 'fit_chi': 1.6102594715371872}
43 {'two_theta': 29.516152041220202, 'height': 2361.0470889551107, 'fwhm': 0.20828831669195141, 'eta': 1.0619171569560566e-17, 'error': 0.002380565214662023, 'd': 3.0238685724124688, 'area': 491.7785237888921, 'peak_max': 29.52, 'widthL': 0.22089281707274203, 'widthR': 0.19568381631116077, 'fit_chi': 1.313470366258308}
