Xedd9c7b Nat 152 molecule sizes [19, 19, 19, 19, 38, 38]
  component C[NH+](C)CCc1c[nH]c2cccc(OP(=O)([O-])O)c12 matches 0
Cell (10.38015689, 15.46285111, 17.17053487, 90.0, 95.60210134, 90.0) n 152 components [19, 19, 19, 19, 38, 38]
2.0458 108 N8 N 0 146 O53 O 5
2.1316 61 C39 C 5 110 N8 N 2
2.1351 56 C37 C 4 58 C37 C 5
2.1931 31 C7 C 3 60 C39 C 4
2.3570 36 C10 C 0 146 O53 O 5
2.3880 33 C9 C 1 147 O53 O 4
2.5571 38 C10 C 2 135 O18 O 3
2.6303 40 C11 C 0 133 O18 O 1
2.6574 126 O16 O 2 149 O54 O 5
2.8616 57 C37 C 5 119 N44 N 4
2.9682 57 C37 C 5 83 C45 C 4
3.0127 13 C3 C 1 40 C11 C 0
3.1749 57 C37 C 5 79 C43 C 4
3.2207 43 C11 C 3 106 N2 N 2
3.2333 61 C39 C 5 144 O53 O 4
3.2541 6 P51 P 5 108 N8 N 0
3.2947 34 C9 C 2 61 C39 C 5
3.3051 30 C7 C 2 77 C43 C 5
3.3373 57 C37 C 5 103 C55 C 4
3.3600 28 C7 C 0 146 O53 O 5
3.3669 61 C39 C 5 92 C48 C 4
3.3690 27 C6 C 3 60 C39 C 4
3.3924 68 C41 C 4 70 C41 C 5
3.4127 31 C7 C 3 112 N38 N 4
