CYCLE 2 0 Rw 0.06095859504241123 chi2 5129.320333587749 geom 274.23407162567423 LSQ 5819.81435176456
CYCLE 2 1 Rw 0.06087592918361891 chi2 5115.418039288336 geom 274.2096362532551 LSQ 5805.818512022157
CYCLE 2 2 Rw 0.06085699842833538 chi2 5112.237022710164 geom 272.7497530821093 LSQ 5800.459274152359
CYCLE 3 0 Rw 0.06084093084325863 chi2 5109.537893214425 geom 271.84605876631326 LSQ 5795.298566579819
CYCLE 3 1 Rw 0.06081442047885088 chi2 5105.086080975308 geom 271.90979562060386 LSQ 5790.9408749042595
CYCLE 3 2 Rw 0.06080391397441265 chi2 5103.32228956124 geom 272.2692570849896 LSQ 5788.3162683868795
FINISHED Xeb393f9 0.06080391397441265
CYCLE 1 1 Rw 0.0593563457670365 chi2 6527.686453057878 geom 918.7408473750769 LSQ 8050.525938840271
CYCLE 1 2 Rw 0.059366162248411056 chi2 6529.845757523514 geom 550.7816246024418 LSQ 7657.163184704104
PACKING_STAGE 1 28.089796919993326
CYCLE 2 0 Rw 0.059342015848837255 chi2 6524.534981374483 geom 510.828104283844 LSQ 7598.560454680755
CYCLE 2 1 Rw 0.059332710470250155 chi2 6522.488926583879 geom 447.133477256995 LSQ 7517.17339528228
CYCLE 2 2 Rw 0.05935545151267343 chi2 6527.489764126168 geom 441.4725371460752 LSQ 7513.771073502281
PACKING_STAGE 2 24.169594751688642
HEAVY 0 best 802.04248046875 q25 802.0426 elapsed 15.212662696838379
HEAVY 1 best 802.04248046875 q25 802.0426 elapsed 26.273374319076538
HEAVY 2 best 802.04248046875 q25 802.0426 elapsed 37.511559009552
ATTACHED_H_SCATTERING 36 heavy atoms 27 H atoms
PACKING_ENABLED 36 atoms 1784 pair terms coefficient 50.0
HBOND_PRIOR 2 donors 7 acceptors coefficient 8.0
  0%|          | 0/5 [00:00<?, ?it/s]100%|██████████| 5/5 [00:00<00:00, 1926.64it/s]
/opt/conda/lib/python3.11/site-packages/gallop/zm_to_cart.py:210: UserWarning: Using torch.cross without specifying the dim arg is deprecated.
Please either pass the dim explicitly or simply use torch.linalg.cross.
The default value of dim will change to agree with that of linalg.cross in a future release. (Triggered internally at /home/conda/feedstock_root/build_artifacts/libtorch_1786372131199/work/aten/src/ATen/native/Cross.cpp:63.)
  cart_coords = zm_to_cart(internal[:,torsion[i]], initial_D2[i],
The default value of dim will change to agree with that of linalg.cross in a future release. (Triggered internally at /home/conda/feedstock_root/build_artifacts/libtorch_1786372131199/work/aten/src/ATen/native/Cross.cpp:63.)
  cart_coords = zm_to_cart(internal[:,torsion[i]], initial_D2[i],
GALLOP 0 Nref 258 seconds 289.330260515213 best 156.84973 q25 229.23752 median 264.09723 total 289.33667850494385
0 cost 0.1096189589938573 V 2775.4445346221937 cell [23.552535721226164, 17.023733365380412, 7.819173062743133, 80.79684470934525, 73.53764848242284, 67.62530290324075] zero -0.03149885438772151 maxerr 0.04602124045547467 M 5.227983103321443
1 cost 0.14359753733128566 V 3114.6987362748246 cell [21.45804983461254, 15.812156568958656, 9.239162254999695, 85.61156130983163, 93.04497590288823, 93.92340915919728] zero 0.004868424178002662 maxerr 0.12685151960256535 M 2.954182974900544
2 cost 0.1627766895476279 V 3257.386691860672 cell [22.92523726645399, 17.592730920075127, 9.173398059357552, 73.00140932128589, 99.94894315960244, 73.4838738512146] zero -0.02472469809462004 maxerr 0.06406712026924019 M 4.301990317592858
3 cost 0.16327698129511345 V 2853.415481315309 cell [23.938702923754995, 17.909751956639386, 8.531338702346913, 112.46680839781105, 112.78275427795481, 60.62528244386843] zero -0.07617713325663061 maxerr 0.20543311488375435 M 2.822160110931703
4 cost 0.1666569686544363 V 2832.6925282849575 cell [21.058964739592746, 15.841600879162826, 8.900583822234378, 84.36639110062303, 105.82234911056861, 96.21363303966558] zero -0.03842040921553865 maxerr 0.47396485159679397 M 2.6775532791056023
5 cost 0.17637442236642667 V 2898.545973870391 cell [23.921112920059606, 17.064910970870507, 7.820615441043773, 82.89071800976903, 94.65856941919645, 113.72095257450174] zero 0.04909447921988571 maxerr 0.050263370451620874 M 4.4552217709512725
