lambda 1.5418 ['x', 'y', 'sigma', 'background']
axial (0, 0, 3) 8.8161 near [(np.float64(0.4280402749360004), np.float64(8.388104163909286), 0, 1, 1), (np.float64(0.9984916836174698), np.float64(9.814636122462757), 0, 1, 2), (np.float64(2.941938859757493), np.float64(5.874205579087794), 0, 0, 2)] OBS [(8.3757, 209624.7, 0.1369), (5.8746, 544516.7, 0.1003)]
axial (0, 0, 5) 14.7195 near [(np.float64(0.5583562162247624), np.float64(14.161171988882327), 0, 1, 4), (np.float64(0.567934781962677), np.float64(15.287462987069766), 1, 0, 1), (np.float64(1.029134173426753), np.float64(15.748662378533842), 0, 2, 0)] OBS [(14.9966, 6151.0, 0.1173), (14.1571, 34696.6, 0.1461)]
axial (0, 0, 7) 20.6625 near [(np.float64(0.0220579051963945), np.float64(20.68455980735643), 1, 1, 4), (np.float64(0.41272605438507526), np.float64(21.07522795654511), 1, 0, 5), (np.float64(0.9582986905739475), np.float64(21.620800592733982), 0, 2, 5)] OBS [(20.6909, 47512.9, 0.1586), (21.0859, 100621.1, 0.1614)]
axial (0, 0, 9) 26.6623 near [(np.float64(0.11096720933582915), np.float64(26.55129810290619), 0, 3, 4), (np.float64(0.18438131743636532), np.float64(26.846646629678386), 1, 1, 7), (np.float64(0.24408978939308668), np.float64(26.418175522848934), 1, 2, 5)] OBS [(26.8737, 9141.5, 0.1484), (26.4448, 49187.4, 0.2207)]
axial (0, 0, 11) 32.7375 near [(np.float64(0.14385394395493734), np.float64(32.59364277474959), 2, 1, 3), (np.float64(0.16463747203197698), np.float64(32.57285924667255), 2, 0, 4), (np.float64(0.3296694192064038), np.float64(33.06716613791093), 0, 4, 3)] OBS [(32.4191, 17103.7, 0.2056), (33.105, 9948.9, 0.1637)]
axial (0, 0, 13) 38.909 near [(np.float64(0.0189371804887557), np.float64(38.927894607547756), 2, 3, 1), (np.float64(0.07021201295298596), np.float64(38.838745414106015), 2, 2, 6), (np.float64(0.1009222762851536), np.float64(38.80803515077385), 2, 3, 0)] OBS [(39.3286, 29771.4, 0.4211), (38.3874, 3588.3, 0.1947)]
axial (0, 0, 15) 45.2003 near [(np.float64(0.019198132196180495), np.float64(45.18107147010139), 2, 0, 11), (np.float64(0.04292252108179895), np.float64(45.15734708121577), 0, 2, 14), (np.float64(0.1539111500671808), np.float64(45.046358452230386), 1, 2, 13)] OBS [(45.1994, 1889.0, 0.183), (46.2036, 5722.2, 0.3531)]
axial (0, 0, 17) 51.639 near [(np.float64(0.009930738582426102), np.float64(51.648889079187434), 1, 1, 16), (np.float64(0.015170393232757817), np.float64(51.654128733837766), 2, 3, 11), (np.float64(0.032534853570481914), np.float64(51.67149319417549), 0, 3, 15)] OBS [(51.7319, 775.8, 0.1737), (51.0404, 1583.5, 0.2527)]
axial (0, 0, 19) 58.2579 near [(np.float64(0.015557874438776764), np.float64(58.27345983751735), 2, 6, 0), (np.float64(0.06554646665161812), np.float64(58.32344842973019), 3, 1, 11), (np.float64(0.0823768341504234), np.float64(58.340278797229), 3, 3, 8)] OBS [(58.6319, 2393.2, 0.4252), (56.188, 1002.1, 0.4049)]
axial (0, 1, 0) 7.8557 near [(np.float64(0.5323859919425944), np.float64(8.388104163909286), 0, 1, 1), (np.float64(1.9589179504960645), np.float64(9.814636122462757), 0, 1, 2), (np.float64(1.9815125928788984), np.float64(5.874205579087794), 0, 0, 2)] OBS [(8.3757, 209624.7, 0.1369), (5.8746, 544516.7, 0.1003)]
axial (0, 3, 0) 23.7177 near [(np.float64(0.04782004425484487), np.float64(23.76549709578057), 0, 2, 6), (np.float64(0.06351848934805915), np.float64(23.654158562177667), 0, 0, 8), (np.float64(0.14803061800146367), np.float64(23.569646433524262), 1, 2, 3)] OBS [(23.7545, 92854.8, 0.1964), (23.2662, 5104.9, 0.1088)]
axial (0, 5, 0) 40.0588 near [(np.float64(0.039665016511520435), np.float64(40.01909440111819), 0, 4, 8), (np.float64(0.1167298597988875), np.float64(40.175489277428596), 0, 5, 1), (np.float64(0.18289731115375218), np.float64(39.87586210647596), 2, 3, 3)] OBS [(39.7266, 6707.4, 0.2097), (40.4485, 1599.3, 0.1629)]
axial (0, 7, 0) 57.3059 near [(np.float64(0.03010211351475789), np.float64(57.27575646992324), 1, 0, 18), (np.float64(0.08933053919790979), np.float64(57.395189122635905), 0, 7, 1), (np.float64(0.11787671976554037), np.float64(57.187981863672455), 3, 4, 1)] OBS [(56.188, 1002.1, 0.4049), (58.6319, 2393.2, 0.4252)]
axial (1, 0, 0) 14.9995 near [(np.float64(0.28791888941244714), np.float64(15.287462987069766), 1, 0, 1), (np.float64(0.7491182808765231), np.float64(15.748662378533842), 0, 2, 0), (np.float64(0.8383721087749922), np.float64(14.161171988882327), 0, 1, 4)] OBS [(14.9966, 6151.0, 0.1173), (15.294, 83694.6, 0.1994)]
axial (3, 0, 0) 46.104 near [(np.float64(0.026446053986774132), np.float64(46.07759779655438), 0, 3, 13), (np.float64(0.06334966777767903), np.float64(46.16739351831883), 2, 4, 4), (np.float64(0.07316804959342704), np.float64(46.17721190013458), 1, 3, 12)] OBS [(46.2036, 5722.2, 0.3531), (46.8796, 1680.0, 0.2321)]
-rw-r--r-- 1 root root 4854 Sep  6 03:26 /app/work/summary.json
[
 {
  "id": "X019b9a4",
  "wl": 1.54056,
  "heavy": 48,
  "rotors": 8,
  "mw": 676.7560000000001,
  "npeaks": 40,
  "noise": 36.96969696969697,
  "chiral": false
 },
 {
  "id": "X07806d9",
  "wl": 0.81933,
  "heavy": 10,
  "rotors": 4,
  "mw": 167.592,
  "npeaks": 177,
  "noise": 9.187878787877597,
  "chiral": false
 },
 {
  "id": "X13023e3",
  "wl": 0.728302,
  "heavy": 24,
  "rotors": 5,
  "mw": 328.4119999999999,
  "npeaks": 106,
  "noise": 23.636363636363637,
  "chiral": true
 },
 {
  "id": "X14a2b08",
  "wl": 1.5418,
  "heavy": 37,
  "rotors": 6,
  "mw": 528.989,
  "npeaks": 75,
  "noise": 7.272727272727273,
  "chiral": false
