CYCLE 2 2 Rw 0.33057366074634165 chi2 13358.971850998021 geom 724.7806152696313 LSQ 15314.532538002779
PACKING_STAGE 2 621.4143440094932
CYCLE 3 0 Rw 0.3268271026814079 chi2 13057.879853905319 geom 511.5257324063456 LSQ 14559.015792416718
CYCLE 3 1 Rw 0.32779114905094864 chi2 13135.027481221445 geom 457.2253198888869 LSQ 14522.261021909637
CYCLE 3 2 Rw 0.3266073746978208 chi2 13040.327961164618 geom 466.76193584617397 LSQ 14442.247007001124
PACKING_STAGE 3 398.0196947042265
FINISHED X9af54a2 0.3266073746978208
GALLOP 27 Nref 333 seconds 58.883052110672 best 87.1135 q25 129.25113 median 280.74545 total 1750.8914637565613
GALLOP 28 Nref 333 seconds 82.58952617645264 best 87.11363 q25 90.94242 median 223.81873 total 1833.5079164505005
GALLOP 29 Nref 333 seconds 80.12707996368408 best 87.11363 q25 89.23677 median 216.58698 total 1913.7026624679565
GALLOP 30 Nref 333 seconds 77.40488266944885 best 87.11347 q25 87.51575 median 191.98203 total 1991.13716173172
GALLOP 31 Nref 333 seconds 53.789910316467285 best 87.1134 q25 87.1874 median 161.18784 total 2044.9759149551392
GALLOP 32 Nref 333 seconds 66.48466229438782 best 84.78317 q25 87.15518 median 105.93666 total 2111.486198425293
GALLOP 0 Nref 140 seconds 151.63868260383606 best 316.79633 q25 451.95987 median 508.97006 total 151.64467692375183
GALLOP 1 Nref 140 seconds 140.87383913993835 best 282.07028 q25 399.4549 median 461.6739 total 292.6521656513214
GALLOP 2 Nref 140 seconds 105.31600093841553 best 279.952 q25 387.38293 median 457.61688 total 398.09851717948914
GALLOP 3 Nref 140 seconds 147.31586241722107 best 279.28406 q25 361.1376 median 448.10315 total 545.5612545013428
GALLOP 4 Nref 190 seconds 152.89187026023865 best 262.4567 q25 364.19092 median 450.58044 total 698.6538169384003
GALLOP 5 Nref 190 seconds 95.19720792770386 best 262.79254 q25 352.61606 median 454.1307 total 793.9879965782166
The default value of dim will change to agree with that of linalg.cross in a future release. (Triggered internally at /home/conda/feedstock_root/build_artifacts/libtorch_1786372131199/work/aten/src/ATen/native/Cross.cpp:63.)
  cart_coords = zm_to_cart(internal[:,torsion[i]], initial_D2[i],
GALLOP 0 Nref 258 seconds 289.330260515213 best 156.84973 q25 229.23752 median 264.09723 total 289.33667850494385
GALLOP 1 Nref 258 seconds 290.4711470603943 best 143.52464 q25 201.20781 median 271.7748 total 579.8950345516205
GALLOP 2 Nref 258 seconds 277.29493522644043 best 143.52423 q25 199.49522 median 261.5844 total 857.2395694255829
GALLOP 3 Nref 258 seconds 252.59543299674988 best 139.68709 q25 202.38239 median 250.9611 total 1109.9299383163452
{
 "Rw": 0.3266073746978208,
 "chi2": 13040.327961164618
}Sun Sep  6 07:35:15 UTC 2026
