queue_refine_stable.sh
queue_gallop_A5.sh
queue_stablebases.sh
queue_gallop_D6.sh
queue_tc2_fit8.sh
queue_highres.sh
queue_fit_finalplane.sh
queue_gallop_D7.sh
test_lsq_packing.sh
queue_refine_fix.sh
queue_gallop_B4.sh
queue_targetindex.sh
queue_triwide8fit.sh
queue_twocentre.sh
queue_structures_A2.sh
refine_g12.sh
queue_index_de.sh
index1db_raw_strict.sh
queue_structures_C2.sh
queue_small7.sh
queue_complete2d.sh
queue_fit2d.sh
queue_methoxy4b.sh
queue_fit_de.sh
queue_gallop_A3.sh
/app/work/X3f4781b/refined_1.cif
/app/work/X3f4781b/refined_1.json
/app/work/X3f4781b/refined_1.png
/app/work/X3f4781b/refined_1.xml
/app/work/X3f4781b/refined_g11.cif
/app/work/X3f4781b/refined_g11.json
/app/work/X3f4781b/refined_g11.png
/app/work/X3f4781b/refined_g11.xml
base.log
base.png
base.xml
candidates.json
fit_0.json
fit_0.log
fit_0.png
fit_0.xml
fit_0.xye
fit_1.json
fit_1.log
fit_1.png
fit_1.xml
fit_1.xye
fit_2.json
fit_2.log
fit_2.png
fit_2.xml
fit_2.xye
index_CUBIC_F_0.json
index_CUBIC_F_0.log
index_CUBIC_I_0.json
index_CUBIC_I_0.log
index_CUBIC_P_0.json
index_CUBIC_P_0.log
index_HEXAGONAL_P_0.json
index_HEXAGONAL_P_0.log
index_MONOCLINIC_C_0.json
index_MONOCLINIC_C_0.log
index_MONOCLINIC_P_0.json
index_MONOCLINIC_P_0.log
index_ORTHOROMBIC_C_0.json
index_ORTHOROMBIC_C_0.log
index_ORTHOROMBIC_I_0.json
index_ORTHOROMBIC_I_0.log
index_ORTHOROMBIC_P_0.json
index_ORTHOROMBIC_P_0.log
index_RHOMBOEDRAL_P_0.json
index_RHOMBOEDRAL_P_0.log
index_TETRAGONAL_I_0.json
index_TETRAGONAL_I_0.log
index_TETRAGONAL_P_0.json
index_TETRAGONAL_P_0.log
lattice.json
lebail.npz
peaks.json
peaks.png
processed.npz
