The maximum number of function evaluations is exceeded.
Function evaluations 160, initial cost 4.8380e+07, final cost 9.9206e+05, first-order optimality 4.20e+02.
PEAK 2 5.610893729899515 -> 5.650347367125667 sig 0.03752681855099384 tau 0.18934200036652127 area 9093.70718815472 err 0.000606948242420744
PEAK 3 6.361700973425682 -> 6.606010407747444 sig 0.13999999999999999 tau 0.17815235783039143 area 1332.6837801950917 err 0.087864176752301
PEAK 4 6.828270549170318 -> 6.995166396832085 sig 0.13999999999999999 tau 0.24613998015666153 area 1415.324176069943 err 0.1675520026648881
PEAK 5 7.234227667296302 -> 7.4842276672963015 sig 0.13999999999999999 tau 0.350538587066185 area 1371.9542889515408 err 0.11242903687224493
PEAK 6 8.255909903341088 -> 8.310740238985344 sig 0.02966895047169423 tau 0.4099530482624262 area 2586.7266366426375 err 0.002296374459887749
PEAK 7 8.643609454204674 -> 8.513609454204675 sig 0.10093812080645925 tau 0.75 area 430.0163432211774 err 0.09444339048629655
PEAK 8 8.97103594297272 -> 9.11194162692586 sig 0.13999062304930468 tau 0.08261747748677382 area 56.25917521880578 err 0.12704513344529444
PEAK 9 11.221535754266156 -> 11.327545840410332 sig 0.08386461517960472 tau 0.3137052927794151 area 6264.273606368667 err 0.004919374901742836
PEAK 10 11.58155964871574 -> 11.624588488259887 sig 0.044873141255996916 tau 0.13246366247298266 area 8970.74896345037 err 0.0011743720222357984
PEAK 11 11.97631670049634 -> 11.846316700496342 sig 0.09524340284556262 tau 0.75 area 2053.0468754026574 err 0.026691143515351668
PEAK 12 12.249578992293788 -> 12.29895290383523 sig 0.047194631848786466 tau 0.14615590561031216 area 480.1456236509258 err 0.008640656854189438
PEAK 13 13.304416326280762 -> 13.360404331498229 sig 0.04199619333852982 tau 0.2269722722874933 area 1178.9234264479444 err 0.005620406100095633
PEAK 14 13.54371513560769 -> 13.591437019468483 sig 0.0575123830296229 tau 0.10980292311061751 area 789.026651060484 err 0.014460190760578346
PEAK 15 14.268617346346838 -> 14.305733586569247 sig 0.037578273279115844 tau 0.1396164592621974 area 562.7313793512717 err 0.0045435062296155454
PEAK 16 15.344749937702572 -> 15.404827379138666 sig 0.05890547098190409 tau 0.20174585930480063 area 2717.4349687098943 err 0.002588505043411834
PEAK 17 15.952622605645024 -> 16.03158905766607 sig 0.07547538354032268 tau 0.2670112051016233 area 7011.495905074357 err 0.011307727011258964
PEAK 18 16.225727693019465 -> 16.232195074777934 sig 0.07691000354061851 tau 0.021568358421615336 area 2042.5627735989758 err 0.09447493279343264
PEAK 19 16.526267613353507 -> 16.575724531848223 sig 0.059849858051549194 tau 0.1006908127776703 area 2811.031811805351 err 0.0050326881703651105
PEAK 20 16.887973423769484 -> 16.933717193297863 sig 0.03901684795922541 tau 0.4231233792007184 area 3563.283646827732 err 0.003885358285910865
PEAK 21 17.079999999999973 -> 17.065432552010243 sig 0.0945801737717535 tau 0.02290616436451337 area 1411.7520770453352 err 0.012063224273053971
PEAK 22 18.350932847468005 -> 18.403612403440277 sig 0.04967637368871321 tau 0.16358136839862672 area 9486.961874859953 err 0.0006387719181286287
PEAK 23 18.782002455976876 -> 18.83565172426287 sig 0.036689527645108466 tau 0.17821261605620078 area 1343.3819704970927 err 0.002853711379712603
PEAK 24 19.278995057394965 -> 19.293862541852736 sig 0.10935947360212757 tau 0.018098482449813446 area 1814.5018475614586 err 0.10331545668759752
PEAK 25 19.6937880116133 -> 19.746883849566775 sig 0.06269772400167983 tau 0.15357105861251866 area 7902.17997143766 err 0.001804048766718982
PEAK 26 20.30344841278945 -> 20.341514084648104 sig 0.0503589937731371 tau 0.0871463304028156 area 2304.8387440221363 err 0.002021736517991325
PEAK 27 20.77005951466878 -> 20.814031251614928 sig 0.06653701453857377 tau 0.06974910011896103 area 1597.5595937971011 err 0.005582321669507726
GALLOP 31 Nref 333 seconds 53.789910316467285 best 87.1134 q25 87.1874 median 161.18784 total 2044.9759149551392
GALLOP 32 Nref 333 seconds 66.48466229438782 best 84.78317 q25 87.15518 median 105.93666 total 2111.486198425293
GALLOP 33 Nref 333 seconds 66.15522289276123 best 84.38112 q25 87.11435 median 155.42265 total 2177.692310333252
GALLOP 34 Nref 333 seconds 99.66177272796631 best 84.320244 q25 86.88376 median 130.47238 total 2277.4790127277374
GALLOP 35 Nref 333 seconds 78.01917123794556 best 84.27889 q25 86.311516 median 137.073 total 2355.709747314453
  0%|          | 0/5 [00:00<?, ?it/s]100%|██████████| 5/5 [00:00<00:00, 1394.57it/s]
GALLOP 7 Nref 368 seconds 42.13427424430847 best 335.1289 q25 449.96027 median 542.6007 total 481.8432433605194
GALLOP 8 Nref 368 seconds 61.88472652435303 best 335.1291 q25 446.70712 median 539.51294 total 543.8215591907501
GALLOP 9 Nref 368 seconds 56.51134657859802 best 335.1289 q25 438.61804 median 536.17816 total 600.4120666980743
GALLOP 10 Nref 368 seconds 45.91213321685791 best 335.12888 q25 451.18332 median 538.83606 total 646.3411846160889
Please either pass the dim explicitly or simply use torch.linalg.cross.
The default value of dim will change to agree with that of linalg.cross in a future release. (Triggered internally at /home/conda/feedstock_root/build_artifacts/libtorch_1786372131199/work/aten/src/ATen/native/Cross.cpp:63.)
  cart_coords = zm_to_cart(internal[:,torsion[i]], initial_D2[i],
GALLOP 0 Nref 100 seconds 201.9081244468689 best 327.6044 q25 472.96216 median 528.5221 total 201.91527652740479
selected [2, 6, 9, 10, 12, 13, 15, 16, 17, 19, 20, 22, 23, 25, 26, 27, 30, 31, 33, 34, 36, 38, 39]
EMG_INDEX_PID=34814
