GUIDED_ACM_PID=34757
Traceback (most recent call last):
  File "/app/work/guided_synthon.py", line 10, in <module>
    mds=json.load(open(W+'/search_'+source+'/model.json'));src=W+'/search_'+source+'/best.xml';src_cif=W+'/search_'+source+'/best.cif'
                  ^^^^^^^^^^^^^^^^^^^^^^^^^^^^^^^^^^^^^^^
FileNotFoundError: [Errno 2] No such file or directory: '/app/work/X263b09a/search_g11/model.json'
PEAK 27 20.77005951466878 -> 20.814031251614928 sig 0.06653701453857377 tau 0.06974910011896103 area 1597.5595937971011 err 0.005582321669507726
PEAK 28 21.043918664092985 -> 21.080704994460927 sig 0.05910884401619657 tau 0.09271530466243894 area 724.0632802111686 err 0.01984567088772556
PEAK 29 21.375233795563414 -> 21.435766240636983 sig 0.07042275771610362 tau 0.08314970035902565 area 550.1178964459161 err 0.018327814645422248
PEAK 30 21.7222271473024 -> 21.770518714271162 sig 0.061790675525200046 tau 0.10288103361204284 area 1907.6558399863763 err 0.005025749198051971
PEAK 31 22.217703935286494 -> 22.27820965016488 sig 0.05847204101212948 tau 0.21410504684036302 area 2442.67469926508 err 0.005098512362330239
PEAK 32 22.588661241756448 -> 22.615112990970005 sig 0.13947364927357478 tau 0.019406623775573208 area 1483.4936025811855 err 0.00813108483761114
PEAK 33 23.01185854180181 -> 23.057315240399987 sig 0.0488975487664005 tau 0.10449104251014492 area 4807.855484254339 err 0.001593987557117408
PEAK 34 23.35904658754648 -> 23.43015896450404 sig 0.07352179161233373 tau 0.2179552136088902 area 9812.589179263945 err 0.0019010778966917483
PEAK 35 24.414894897396735 -> 24.466506110367707 sig 0.13999999999999999 tau 0.027356744877837104 area 4305.171726052286 err 0.028609240244335334
PEAK 36 25.10534225153916 -> 25.175980713360488 sig 0.06614588463825362 tau 0.2709061316104655 area 3835.007345413501 err 0.007320785493694399
PEAK 37 25.422505759292996 -> 25.479386331498407 sig 0.0818833336990443 tau 0.25993666600202864 area 6944.386129499863 err 0.007908672362159133
PEAK 38 26.826244241091675 -> 26.88554445531312 sig 0.06606941935473912 tau 0.23299298747539066 area 11894.107033770986 err 0.0010057296881573574
PEAK 39 27.447678672858874 -> 27.539349975101384 sig 0.05910835435139216 tau 0.7453880360217635 area 2815.0234527549665 err 0.005186570418932724
PEAK 40 28.09812798168846 -> 28.172821723311067 sig 0.13797498903875302 tau 0.0181015879573928 area 716.4339539103397 err 0.018577569614554357
PEAK 41 28.783869248791206 -> 28.81983640978109 sig 0.06238390632855668 tau 0.09239658893165402 area 330.23268757065824 err 0.015727679879345313
PEAK 42 29.262793356332036 -> 29.337594581299584 sig 0.07534382526653773 tau 0.75 area 5156.858427124262 err 0.016799186160129237
PEAK 43 29.516152041220202 -> 29.509732624898607 sig 0.12337286694085041 tau 0.0185163982696962 area 2070.762282227127 err 0.022426255408641408
PEAK 44 30.115914173034508 -> 29.985914173034512 sig 0.13999999999999999 tau 0.75 area 5093.79193686538 err 0.08177178197877681
PEAK 45 30.21301300289911 -> 30.257434014255406 sig 0.13999999999999999 tau 0.07442399875085404 area 753.3954604143353 err 0.12226913078389062
DONE 60.96251821517944 Rw 0.024622957834935934
Sun Sep  6 07:38:29 UTC 2026
Traceback (most recent call last):
  File "/app/work/guided_synthon.py", line 10, in <module>
    mds=json.load(open(W+'/search_'+source+'/model.json'));src=W+'/search_'+source+'/best.xml';src_cif=W+'/search_'+source+'/best.cif'
                  ^^^^^^^^^^^^^^^^^^^^^^^^^^^^^^^^^^^^^^^
FileNotFoundError: [Errno 2] No such file or directory: '/app/work/X263b09a/search_g11/model.json'
