GUIDED_SYNTHON X263b09a Rw 0.23394809361052352 O...O 2.7800161177349683 N...O 2.780016117734968
Total internal degrees of freedom: 8
PREPARED X263b09a Nref 288 PawleyRw 0.051684491328966874 SG P -1
/opt/conda/lib/python3.11/site-packages/gallop/zm_to_cart.py:210: UserWarning: Using torch.cross without specifying the dim arg is deprecated.
Please either pass the dim explicitly or simply use torch.linalg.cross.
The default value of dim will change to agree with that of linalg.cross in a future release. (Triggered internally at /home/conda/feedstock_root/build_artifacts/libtorch_1786372131199/work/aten/src/ATen/native/Cross.cpp:63.)
  cart_coords = zm_to_cart(internal[:,torsion[i]], initial_D2[i],
RESTART_ERROR max/rms 9.235031528211972e-06 4.81488278299419e-06
WARM_READY /app/work/X263b09a/gallop_171
{
 "Rw": 0.09639882245640392,
 "chi2": 4505.686424715249
}{
 "cell": [
  5.044422557768453,
  11.848941884713998,
  20.59692959659865,
  83.59548723655392,
  88.72700033470083,
  83.07149308903249
 ],
 "volume": 1215.814588137596,
 "score": 5.377600454888307,
 "system": "TRICLINIC",
 "centering": "P",
 "sg": "P -1",
 "mode": 12,
 "cost": 0.07697421844936884,
 "zero": 0.030248695882628015,
 "rms": 0.020124636481877758,
 "maxerr": 0.08761190090939466,
 "source": "2d_completion",
Imported powder pattern: 4150 points, 2theta=  3.810 ->  45.300, step= 0.010
FRESH_BASE X263b09a P -1 0.09002723193974449 147258.60198501195
Imported powder pattern: 4150 points, 2theta=  3.810 ->  45.300, step= 0.010
SCALED 59.56834167927308 Rw 0.09004759413367451 Chi2 4151.8774910516895
