X263b09a Nat 72 molecule sizes [29, 29, 7, 7]
  component COc1ccc2c(c1)c(CC(=O)OCC(=O)O)c(C)n2C(=O)c1ccc(Cl)cc1 matches 2
  component O=C1CCCCN1 matches 2
  bond range 1.2141215538971433 1.7216618820521683
  min intermolecular distance 2.733165679345155
Cell (5.16561592, 11.77175986, 20.57462011, 83.7341502, 89.51313909, 86.73344232) n 72 components [29, 29, 7, 7]
2.7332 47 C51 C 3 65 O16 O 1
2.9317 48 C52 C 2 51 C53 C 3
2.9496 1 C1 C 1 16 C10 C 0
2.9824 48 C52 C 2 64 O16 O 0
3.0826 50 C53 C 2 51 C53 C 3
3.1422 44 C50 C 2 56 Cl27 Cl 0
3.2265 48 C52 C 2 49 C52 C 3
3.3475 54 N54 N 2 67 O17 O 1
3.3565 1 C1 C 1 62 O13 O 0
3.3952 47 C51 C 3 57 Cl27 Cl 1
3.3992 60 O12 O 0 71 O48 O 3
3.4495 4 C4 C 0 5 C4 C 1
3.5171 55 N54 N 3 64 O16 O 0
3.5478 44 C50 C 2 49 C52 C 3
3.5645 50 C53 C 2 67 O17 O 1
3.6058 32 C24 C 0 71 O48 O 3
3.6110 59 O2 O 1 62 O13 O 0
3.6134 0 C1 C 0 1 C1 C 1
3.6361 4 C4 C 0 69 O22 O 1
3.6756 35 C25 C 1 70 O48 O 2
3.6761 23 C15 C 1 54 N54 N 2
3.7150 0 C1 C 0 13 C8 C 1
3.7241 48 C52 C 2 55 N54 N 3
3.7607 0 C1 C 0 19 C11 C 1
3.7923 22 C15 C 0 48 C52 C 2
EXACT_PAWLEY nref 342 rank 304 cond 940.4684363161872 chi2 4621.107163028114 netRwp 0.19236002840903102
ZM COc1ccc2c(c1)c(CC(=O)OCC(=O)O)c(C)n2C(=O)c1ccc(Cl)cc1 n 29 torsions 8 max_distance_error 1.6022254634151523e-08
ZM O=C1CCCCCN1 n 8 torsions 0 max_distance_error 5.263040225855775e-09
Total degrees of freedom: 22
Total external degrees of freedom: 14 (pos: 6 rot: 8 )
Total internal degrees of freedom: 8
PREPARED X14a2b08 Nref 342 PawleyRw 0.09326756239580554 SG P -1
ATTACHED_H_SCATTERING 37 heavy atoms 29 H atoms
PACKING_ENABLED 37 atoms 1887 pair terms coefficient 50.0 active_only True
HBOND_PRIOR 2 donors 7 acceptors coefficient 12.0
  0%|          | 0/5 [00:00<?, ?it/s]100%|██████████| 5/5 [00:00<00:00, 2619.48it/s]
/opt/conda/lib/python3.11/site-packages/gallop/zm_to_cart.py:210: UserWarning: Using torch.cross without specifying the dim arg is deprecated.
Please either pass the dim explicitly or simply use torch.linalg.cross.
The default value of dim will change to agree with that of linalg.cross in a future release. (Triggered internally at /home/conda/feedstock_root/build_artifacts/libtorch_1786372131199/work/aten/src/ATen/native/Cross.cpp:63.)
  cart_coords = zm_to_cart(internal[:,torsion[i]], initial_D2[i],
GALLOP 4 Nref 190 seconds 152.89187026023865 best 262.4567 q25 364.19092 median 450.58044 total 698.6538169384003
GALLOP 5 Nref 190 seconds 95.19720792770386 best 262.79254 q25 352.61606 median 454.1307 total 793.9879965782166
GALLOP 6 Nref 190 seconds 87.8917338848114 best 262.31882 q25 350.28564 median 455.22906 total 881.9437861442566
GALLOP 7 Nref 190 seconds 115.47009921073914 best 261.50116 q25 353.1369 median 444.4558 total 997.4666609764099
GALLOP 8 Nref 240 seconds 128.1249659061432 best 260.58945 q25 348.6442 median 463.41223 total 1125.6758935451508
Please either pass the dim explicitly or simply use torch.linalg.cross.
The default value of dim will change to agree with that of linalg.cross in a future release. (Triggered internally at /home/conda/feedstock_root/build_artifacts/libtorch_1786372131199/work/aten/src/ATen/native/Cross.cpp:63.)
  cart_coords = zm_to_cart(internal[:,torsion[i]], initial_D2[i],
GALLOP 0 Nref 100 seconds 201.9081244468689 best 327.6044 q25 472.96216 median 528.5221 total 201.91527652740479
GALLOP 1 Nref 132 seconds 221.17007756233215 best 311.49615 q25 400.19025 median 473.81384 total 423.22599482536316
  },
  {
   "sg": "F 2 2 2",
   "number": 22,
   "Rw": 45.36697057441062,
   "GoF": 6090.908247585155,
   "nGoF": 0.0,
   "mult": 16
  },
  {
   "sg": "B 2 21 2",
   "number": 20,
   "Rw": 45.84358952194096,
   "GoF": 6363.896755837627,
   "nGoF": 0.0,
   "mult": 8
  },
  {
   "sg": "C 2 2 2",
   "number": 21,
   "Rw": 47.456636902398905,
   "GoF": 6823.213007866971,
   "nGoF": 0.0,
   "mult": 8
  }
 ],
 "stol": 0.25,
 "p_pars": {
  "Zero": 0.019095688324654518,
  "2ThetaDispl": 0.0,
  "2ThetaTransp": 0.0,
  "DIFC": 48277.14,
  "DIFA": -6.7,
  "MuR": 0.0,
  "Scale_": 0.0003599564458432964
 },
 "d_pars": {
  "Global Biso": 0.0
 }
}