BEP_CONTROL_PID=36667
PACKING_ENABLED 40 atoms 638 pair terms coefficient 80.0 active_only True
HBOND_PRIOR 4 donors 8 acceptors coefficient 10.0
  0%|          | 0/4 [00:00<?, ?it/s]100%|██████████| 4/4 [00:00<00:00, 2329.52it/s]
/opt/conda/lib/python3.11/site-packages/gallop/zm_to_cart.py:210: UserWarning: Using torch.cross without specifying the dim arg is deprecated.
Please either pass the dim explicitly or simply use torch.linalg.cross.
The default value of dim will change to agree with that of linalg.cross in a future release. (Triggered internally at /home/conda/feedstock_root/build_artifacts/libtorch_1786372131199/work/aten/src/ATen/native/Cross.cpp:63.)
  cart_coords = zm_to_cart(internal[:,torsion[i]], initial_D2[i],
CYCLE 3 0 Rw 0.11596720587988021 chi2 1919.5514640627769 geom 8.88458996613131 LSQ 2069.1471298700603
CYCLE 3 1 Rw 0.1156599695628138 chi2 1909.3938563770048 geom 8.589493825931923 LSQ 2051.9873438867826
CYCLE 3 2 Rw 0.1155124293529151 chi2 1904.5255741188937 geom 8.411363378491675 LSQ 2045.0165187399493
PACKING_STAGE 3 27.758404786755342
FINISHED Xedd9c7b 0.1155124293529151
CYCLE 3 0 Rw 0.14080922196818413 chi2 3555.3184083369156 geom 10.282153803445384 LSQ 3711.030428748086
CYCLE 3 1 Rw 0.13910686100729142 chi2 3469.871607468113 geom 10.112536312044138 LSQ 3610.390825601563
CYCLE 3 2 Rw 0.1380131177595867 chi2 3415.5216103013345 geom 9.31579287310908 LSQ 3556.6593152177757
PACKING_STAGE 3 36.004148971834496
FINISHED X263b09a 0.1380131177595867
 -0.0119 -0.1252  0.013   0.0138 -0.0085 -0.037   0.0023  0.0034  0.0135
  0.0006  0.0026  0.005   0.0032 -0.0148]
TRIAL 15 sec 249.36078095436096 cost 0.684686583081967 score 3.1854589101596233 vol 2308.4143916380494 cell [ 17.4604   4.2919  31.3308  90.     100.5177  90.    ] zero -0.07028897028842407 best 0.6526320593453723 diff [ 0.0133 -0.0043  0.0843  0.0003 -0.2058 -0.0085 -0.0109 -0.0027 -0.0104
  0.1535  0.0822 -0.0424  0.0029  0.0595  0.0143 -0.0035  0.0057 -0.0028
 -0.0075  0.0136  0.014  -0.0109 -0.0013]
GALLOP 15 Nref 368 seconds 78.77984285354614 best 335.12872 q25 465.6849 median 540.96423 total 1005.109806060791
GALLOP 16 Nref 368 seconds 82.67813229560852 best 330.53125 q25 448.3992 median 540.2262 total 1087.9928255081177
GALLOP 17 Nref 368 seconds 81.16786432266235 best 330.5304 q25 416.7342 median 524.40405 total 1169.3113145828247
GALLOP 18 Nref 368 seconds 79.40746450424194 best 330.5307 q25 414.45645 median 490.38275 total 1248.9245381355286
  cart_coords = zm_to_cart(internal[:,torsion[i]], initial_D2[i],
GALLOP 0 Nref 342 seconds 142.13309144973755 best 197.72577 q25 313.66644 median 360.94916 total 142.1377351284027
GALLOP 1 Nref 342 seconds 116.30261969566345 best 192.74487 q25 250.1945 median 335.54742 total 258.5383496284485
GALLOP 2 Nref 342 seconds 132.68928503990173 best 185.1358 q25 218.11816 median 291.87173 total 391.3215878009796
Sun Sep  6 07:49:47 UTC 2026
