chem51 N+ to Npyr 3.274770202196638 cosNHdirection 0.6282805313448722 angle dev from NH 51.076623118226344
 actualN-H internal -0.9932699999999999 -0.24668 -0.08527600000000002
g50 N+ to Npyr 5.3814538671128656 cosNHdirection -0.7110816474714876 angle dev from NH 135.32298941826852
 actualN-H internal -0.97464 -0.31667 0.012921999999999989
chem0 N+ to Npyr 5.355325420819064 cosNHdirection 0.7560359694567714 angle dev from NH 40.8840269933635
 actualN-H internal 0.3466400000000003 0.8624 0.43228
1 N+ to Npyr 5.320802225875369 cosNHdirection 0.6921009090718984 angle dev from NH 46.20335502912886
 actualN-H internal 0.34643 0.9346100000000002 0.22488299999999994
{
 "Rw": 0.1155124293529151,
 "chi2": 1904.5255741188937
} -0.0129  0.0292 -0.047  -0.0038 -0.0196 -0.0022  0.0085 -0.048  -0.0043
  0.     -0.      0.0318  0.0061 -0.0002]
TRIAL 7 sec 120.49108266830444 cost 0.9957868559121227 score 2.5620944020718177 vol 2694.7958727283053 cell [ 45.1727   3.6651  17.3125  90.     109.9202  90.    ] zero 0.06372773198311123 best 0.6526320593453723 diff [ 0.0129 -0.0053 -0.0512 -0.1711 -0.0124 -0.0076  0.0286  0.0163  0.1311
  0.0139 -0.0178 -0.116   0.0178  0.0245  0.0075  0.002   0.0158  0.0128
 -0.1037 -0.006   0.0174 -0.0198 -0.0195]
GALLOP 0 Nref 100 seconds 201.9081244468689 best 327.6044 q25 472.96216 median 528.5221 total 201.91527652740479
GALLOP 1 Nref 132 seconds 221.17007756233215 best 311.49615 q25 400.19025 median 473.81384 total 423.22599482536316
GALLOP 2 Nref 167 seconds 228.50864243507385 best 206.35104 q25 366.97208 median 452.8956 total 651.9196012020111
GALLOP 25 Nref 165 seconds 88.02262568473816 best 129.53192 q25 199.9121 median 305.31647 total 1747.6256942749023
GALLOP 26 Nref 165 seconds 78.5073401927948 best 129.53181 q25 203.6093 median 299.0967 total 1826.2153117656708
GALLOP 27 Nref 165 seconds 74.51552724838257 best 129.5318 q25 165.60634 median 241.67131 total 1900.7924745082855
Sun Sep  6 07:47:56 UTC 2026
