Xbfeeda9 ['CN(C)C(=O)C(CC[NH+]1CCC(O)(c2ccc(Cl)cc2)CC1)(c1ccccc1)c1ccccc1', '[Cl-]']
lattice [ 12.36702  13.20293  16.69423 101.65834  90.       90.     ] Volume 2669.6145012922466 automorph .01/.1 P2/m P2/m
[(0.14597769908540834, 'refined_1.json')]
Xd8634a2 ['CNS(=O)(=O)Nc1nccc(Cc2c(C)c3ccc(Oc4ncccn4)cc3oc2=O)c1F']
lattice [ 8.91017  9.47845 13.24531 83.98287 81.7758  66.67863] Volume 1015.2396559175637 automorph .01/.1 P-1 P-1
[(0.16361174719421095, 'refined_g2.json'), (0.2178640563638808, 'refined_g11.json'), (0.32145776910164464, 'refined_1.json')]
Xe1fb77b ['O=C(/C=C/c1ccc(O)c(O)c1)O[C@@H]1C[C@@](OC(=O)/C=C/c2ccc(O)c(O)c2)(C(=O)O)C[C@@H](O)[C@@H]1O', 'O']
lattice [ 5.59307 13.88066 15.36017 90.      90.      94.97536] Volume 1188.0013597961924 automorph .01/.1 P2/m P2/m
[(0.1690845755039577, 'refined_1.json'), (0.19097255385349643, 'refined_2.json')]
X4f6fe58 ['O=C1CN=C(c2ccccc2Cl)c2cc(Br)ccc2N1']
lattice [ 7.55376 13.05044 15.4027  72.35534 83.50291 77.69115] Volume 1411.7801950851047 automorph .01/.1 P-1 P-1
[(0.12020455070426371, 'refined_g11.json'), (0.12030859104183994, 'refined_g31.json'), (0.12362736751289517, 'refined_1.json'), (0.12806038669258732, 'refined_3.json')]
X1a56c78 ['O[C@](CC[NH+]1CCCCC1)(c1ccccc1)C1CCCCC1', '[Cl-]']
lattice [ 5.90627 11.25395 30.08997 90.      90.      90.     ] Volume 2000.0472613232953 automorph .01/.1 Pmmm Pmmm
[(0.2652716553646449, 'refined_g11.json')]
X263b09a ['COc1ccc2c(c1)c(CC(=O)OCC(=O)O)c(C)n2C(=O)c1ccc(Cl)cc1', 'O=C1CCCCN1']
lattice [ 5.16808 11.774   20.5782  83.7047  89.4871  86.8453 ] Volume 1242.72022379312 automorph .01/.1 P-1 P-1
[(0.09639882245640392, 'refined_g11.json'), (0.1380131177595867, 'refined_g70.json'), (0.14471843685778274, 'refined_1.json')]
X14a2b08 ['COc1ccc2c(c1)c(CC(=O)OCC(=O)O)c(C)n2C(=O)c1ccc(Cl)cc1', 'O=C1CCCCCN1']
lattice [ 5.09911 11.93256 21.27967 85.24014 87.63281 87.02408] Volume 1287.6762671139084 automorph .01/.1 P-1 P-1
[(0.16453563666998092, 'refined_1.json')]
X7e382cb ['O=C([O-])c1ccc(-c2ccc(C(=O)[O-])cc2)cc1', '[NH4+]']
lattice [ 6.95088  6.97144 14.36221 88.14089 86.99005 67.39069] Volume 641.5299859803042 automorph .01/.1 P-1 P-1
[(0.06913472729241592, 'refined_g22.json'), (0.07041520212328696, 'refined_g31.json'), (0.07043545310601168, 'refined_g32.json'), (0.07474245645768131, 'refined_chem32.json')]
X019b9a4 ['CC(=O)C(=NNc1ccc(C(=O)Nc2ccc(C(N)=O)cc2)cc1)C(=O)Nc1ccc2[nH]c(=O)[nH]c2c1', 'CN1CCCC1=O', 'C[S+](C)[O-]']
lattice [  8.44501  10.92193  18.44241  90.28846  94.00614 106.23347] Volume 1628.703160529601 automorph .01/.1 P-1 P-1
[]
X238783d ['CC[C@H]1OC(=O)[C@H](C)[C@@H](O[C@H]2C[C@@](C)(OC)[C@@H](O)[C@H](C)O2)[C@H](C)[C@@H](O[C@@H]2O[C@H](C)C[C@H](N(C)C)[C@H]2O)[C@](C)(OC)C[C@@H](C)C(=O)[C@H](C)[C@@H](O)[C@]1(C)O']
lattice [ 8.84666 20.13263 23.94196 90.      90.      90.     ] Volume 4264.218313536308 automorph .01/.1 Pmmm Pmmm
[]
HEAVY 13 best 802.04248046875 q25 802.0426 elapsed 158.38194632530212
HEAVY 14 best 802.04248046875 q25 802.0426 elapsed 169.4100706577301
HEAVY 15 best 802.04248046875 q25 802.0426 elapsed 175.9115114212036
HEAVY 16 best 802.04248046875 q25 802.0426 elapsed 182.19055819511414
HEAVY 17 best 802.04248046875 q25 802.0426 elapsed 188.41733932495117
HEAVY 18 best 802.04248046875 q25 802.0426 elapsed 194.69586277008057
HEAVY 19 best 802.04248046875 q25 802.0426 elapsed 201.0875279903412
HEAVY 20 best 802.04248046875 q25 802.0426 elapsed 207.23202562332153
HEAVY 21 best 802.04248046875 q25 802.0426 elapsed 213.5751187801361
HEAVY 22 best 802.04248046875 q25 802.0426 elapsed 220.33738470077515
HEAVY 23 best 802.04248046875 q25 802.0426 elapsed 228.10556936264038
HEAVY 24 best 802.04248046875 q25 802.0426 elapsed 237.03613662719727
HEAVY 25 best 802.04248046875 q25 802.0426 elapsed 246.01629376411438
HEAVY 26 best 802.04248046875 q25 802.0426 elapsed 255.126300573349
HEAVY 27 best 802.04248046875 q25 802.0426 elapsed 264.13280606269836
HEAVY 28 best 802.04248046875 q25 802.0426 elapsed 273.7945747375488
HEAVY 29 best 802.04248046875 q25 802.0426 elapsed 283.6157765388489
HEAVY 30 best 802.04248046875 q25 802.0426 elapsed 293.28786516189575
HEAVY 31 best 802.04248046875 q25 802.0426 elapsed 302.8175456523895
HEAVY 32 best 802.04248046875 q25 802.0426 elapsed 312.0981912612915
HEAVY 33 best 802.04248046875 q25 802.0426 elapsed 321.41639828681946
HEAVY 34 best 802.04248046875 q25 802.0426 elapsed 330.47555780410767
HEAVY 35 best 802.04248046875 q25 802.0426 elapsed 339.19559240341187
HEAVY 36 best 802.04248046875 q25 802.0426 elapsed 346.5164511203766
HEAVY 37 best 802.04248046875 q25 802.0426 elapsed 353.9077727794647
[
 {
  "cell": [
   40.00578343748879,
   4.436394773740464,
   16.469116006208285,
   90.0,
   107.06738011139134,
   90.0
  ],
  "system": "MONOCLINIC",
  "centering": "P",
  "volume": 2794.236066288202,
  "score": 3.7247282990994535,
  "cost": 0.5807175414148499,
  "mode": 21,
  "zero": 0.03791770616625257,
  "rms": 0.04522870465430631,
  "maxerr": 0.14994197815341387,
  "parameters": [
   0.026147933977218932,
   0.2254082539991969,
   0.06351698437463456,
   0.29349612126803487,
   0.03791770616625257
  ],
  "diff": [
   -0.0034383363139298753,
   -0.02324608330357418,
   -0.018191477560662556,
   -0.0265966816412141,
   0.018197107550673334,
   0.027908265581569697,
   0.0025635233229129167,
   0.14994197815341387,
   0.1421771620205943,
   0.004073413617847216,
   -0.014930139479383542,
   0.012552719238279685,
   -0.010964298088677077,
   -0.005296159679805394,
   0.01819660995816725,
   0.00916742805261134,
   -0.0006047002952903335,
   -0.006000132692616719,
   -0.006528472373376254,
   -0.0215681730141333,
   0.007982359099218666,
   -0.004278145574862592,
   -0.007674309248893799
  ],
  "hkl": [
   [
    0,
    0,
    1
   ],
   [
    2,
    0,
    1
   ],
   [
    5,
    0,
    -1
   ],
   [
    5,
    0,
    0
   ],
   [
    4,
    0,
    -2
   ],
   [
    2,
    0,
METRIC_INDEX X8a6f5a8 TRICLINIC P peaks [5.650347367125667, 8.310740238985344, 11.327545840410332, 11.624588488259887, 12.29895290383523, 13.360404331498229, 14.305733586569247, 15.404827379138666, 16.03158905766607, 16.575724531848223, 16.933717193297863, 18.403612403440277, 18.83565172426287, 19.746883849566775, 20.341514084648104, 20.814031251614928, 21.770518714271162, 22.27820965016488, 23.057315240399987, 23.43015896450404, 25.175980713360488, 26.88554445531312, 27.539349975101384] bounds [(0.022222222222222223, 0.2857142857142857), (0.022222222222222223, 0.2857142857142857), (0.022222222222222223, 0.2857142857142857), (-0.45, 0.45), (-0.45, 0.45), (-0.45, 0.45), (-0.2, 0.2)] volume 1100.0 3200.0
TRIAL 0 sec 34.22137379646301 cost 0.6307619969227592 score 1.8271017630562343 vol 1172.336325108921 cell [ 8.9683 17.6204  8.0581 81.1546 90.3302 69.0285] zero 0.17150922379454367 best 0.6307619969227592 diff [-3.1800e-02  2.0132e+00 -2.6700e-02  9.3400e-02  1.3000e-03  2.5000e-03
  9.7800e-02 -1.0060e-01  1.8300e-02 -2.3800e-02  9.8000e-02 -6.2000e-03
 -8.7500e-02  4.2800e-02 -1.2070e-01 -4.3000e-03  3.2100e-02  8.0000e-03
 -8.4000e-03 -4.5900e-02  1.1000e-03  3.7200e-02 -1.6100e-02]
