/app/work/submit.py:5: UserWarning: Issues encountered while parsing CIF: Skipping relative stoichiometry check because CIF does not contain formula keys.
  s=CifParser(f).parse_structures(primitive=False)[0];s.remove_species(['H']);r=np.array([Chem.GetPeriodicTable().GetRcovalent(x.specie.symbol) for x in s]);D=s.distance_matrix;A=(D>.3)&(D<(r[:,None]+r[None,:])*1.2);g=nx.from_numpy_array(A);cs=list(nx.connected_components(g));print(sid,'Nat',len(s),'molecule sizes',[len(c) for c in cs])
X4f6fe58 Nat 80 molecule sizes [20, 20, 20, 20]
  component O=C1CN=C(c2ccccc2Cl)c2cc(Br)ccc2N1 matches 4
  bond range 1.230915158912833 1.890211443596189
  min intermolecular distance 2.636059514819305
{
 "chi2": 330.5303955078125,
 "Rint": 0.5749177293385659,
 "iteration": 17,
 "elapsed": 1169.4404408931732
}STARTS 326
AT 0
AT 30
/opt/conda/lib/python3.11/site-packages/gallop/zm_to_cart.py:210: UserWarning: Using torch.cross without specifying the dim arg is deprecated.
Please either pass the dim explicitly or simply use torch.linalg.cross.
The default value of dim will change to agree with that of linalg.cross in a future release. (Triggered internally at /home/conda/feedstock_root/build_artifacts/libtorch_1786372131199/work/aten/src/ATen/native/Cross.cpp:63.)
  cart_coords = zm_to_cart(internal[:,torsion[i]], initial_D2[i],
 -5.470e-02 -2.640e-02  1.520e-02  8.600e-02  2.280e-02 -8.540e-02
 -2.000e-04  6.900e-03 -1.690e-02 -1.050e-02  6.400e-03]
TRIAL 6 sec 227.71325397491455 cost 0.5269169216547772 score 2.5742581321963223 vol 1335.7311944255844 cell [ 16.3918   7.3347  11.8138  79.1145 106.704   92.135 ] zero 0.029025841612044245 best 0.455601864132815 diff [ 4.100e-03  4.090e-02 -3.400e-02  1.945e-01  1.060e-02  4.600e-03
 -6.047e-01 -7.410e-02 -4.150e-02 -5.300e-03  2.620e-02  1.500e-03
 -2.600e-02 -3.420e-02  4.500e-02  6.000e-04 -3.500e-03  1.250e-01
 -1.750e-02  1.520e-02  3.000e-04  5.000e-04  3.900e-03]
ObjRegistry<T>::Find(ion_C): Not found !!
List of Crystal ScatteringPowers :0 object registered:
/opt/conda/lib/python3.11/site-packages/monty/design_patterns.py:76: UserWarning: Full symbol not available, falling back to short Hermann Mauguin symbol P12_1/a1 instead
  orig_init(instance, *args, **kwargs)
EXACT_PAWLEY nref 303 rank 271 cond 918.9518151168392 chi2 11631.875806528547 netRwp 0.07855541989326903
ZM CN(C)C(=O)C(CC[NH+]1CCC(O)(c2ccc(Cl)cc2)CC1)(c1ccccc1)c1ccccc1 n 34 torsions 7 max_distance_error 1.9115407923209204e-08
ZM [Cl-] n 1 torsions 0 max_distance_error 0.0
GENERIC_SYMMETRY P 1 21/a 1
Total degrees of freedom: 17
Total external degrees of freedom: 10 (pos: 6 rot: 4 )
