
 X1a56c78 cell [5.90627278679979, 11.253950622962217, 30.08996977329099, 90.0, 90.0, 90.0]
[1, 0, 0] 2theta 14.9995 isol 0.28 [0, 0, -5] height 14785.2 at 15.02
[2, 0, 0] 2theta 30.2641 isol 0.0402 [-1, -2, -7] height 2874.7 at 30.26
[3, 0, 0] 2theta 46.104 isol 0.0633 [-2, -4, -4] height 6123.8 at 46.18
[4, 0, 0] 2theta 62.945 isol 0.0832 [0, -7, -8] height 490.7 at 62.94
[0, 1, 0] 2theta 7.8557 isol 0.5324 [0, -1, -1] height 308.4 at 7.92
[0, 2, 0] 2theta 15.7487 isol 0.2748 [0, -2, -1] height 3766.0 at 15.76
[0, 3, 0] 2theta 23.7177 isol 0.0478 [0, -2, -6] height 105274.2 at 23.78
[0, 4, 0] 2theta 31.805 isol 0.0396 [-1, -1, -9] height 10154.0 at 31.88
[0, 5, 0] 2theta 40.0588 isol 0.0397 [0, -4, -8] height 3089.0 at 39.98
[0, 6, 0] 2theta 48.5356 isol 0.0618 [-3, -1, -4] height 1395.3 at 48.6
[0, 7, 0] 2theta 57.3059 isol 0.0893 [0, -7, -1] height 1000.5 at 57.28
[0, 0, 2] 2theta 5.8742 isol 1.9815 [0, -1, 0] height 631989.8 at 5.9
[0, 0, 3] 2theta 8.8161 isol 0.428 [0, -1, -1] height 1404.7 at 8.74
[0, 0, 4] 2theta 11.7639 isol 0.0548 [0, -1, -3] height 71122.3 at 11.8
[0, 0, 5] 2theta 14.7195 isol 0.28 [-1, 0, 0] height 1050.3 at 14.78
[0, 0, 6] 2theta 17.685 isol 0.2607 [-1, 0, -3] height 288232.0 at 17.7
[0, 0, 7] 2theta 20.6625 isol 0.0221 [-1, -1, -4] height 54789.1 at 20.7

 X8a06d7a cell [11.859878191858613, 5.01369621206577, 21.734570616650437, 90.0, 86.05010540353668, 90.0]
[1, 0, 0] 2theta 7.4716 isol 0.6835 [0, 0, -2] height 504.3 at 7.489
[2, 0, 0] 2theta 14.9751 isol 0.1793 [-1, 0, 3] height 2175.1 at 15.054
[3, 0, 0] 2theta 22.5439 isol 0.0295 [-1, -1, -3] height 38138.6 at 22.568
[4, 0, 0] 2theta 30.2139 isol 0.0029 [-4, 0, -1] height 1660.6 at 30.235
[5, 0, 0] 2theta 38.0253 isol 0.0189 [-1, -1, -8] height 1201.8 at 38.021
[6, 0, 0] 2theta 46.0251 isol 0.0191 [0, 0, -11] height 202.2 at 45.994
[7, 0, 0] 2theta 54.2699 isol 0.0246 [-2, -2, -9] height 74.8 at 54.307
[0, 1, 0] 2theta 17.6896 isol 0.1242 [-2, 0, 2] height 700.0 at 17.621
[0, 2, 0] 2theta 35.8194 isol 0.0904 [-4, -1, 1] height 566.0 at 35.743
[0, 3, 0] 2theta 54.939 isol 0.0119 [-7, 0, -3] height 20.2 at 54.902
