Cell (10.37915736, 15.46247923, 17.17741186, 90.0, 95.57713255, 90.0) n 152 components [19, 19, 19, 19, 19, 19, 19, 19]
2.7392 29 C7 C 1 130 O17 O 2
2.7506 10 C1 C 2 141 O52 O 5
2.7516 66 C40 C 6 145 O53 O 5
2.8059 41 C11 C 1 116 N44 N 4
2.8109 76 C43 C 4 124 O16 O 0
2.8186 37 C10 C 1 116 N44 N 4
2.8191 13 C3 C 1 115 N38 N 7
2.8460 133 O18 O 1 142 O52 O 6
2.8774 56 C37 C 4 106 N2 N 2
2.9508 17 C4 C 1 59 C37 C 7
2.9521 13 C3 C 1 59 C37 C 7
2.9524 9 C1 C 1 59 C37 C 7
2.9570 31 C7 C 3 44 C12 C 0
3.0220 13 C3 C 1 61 C39 C 5
3.0396 92 C48 C 4 150 O54 O 6
3.1101 44 C12 C 0 111 N8 N 3
3.1396 13 C3 C 1 63 C39 C 7
3.1605 11 C1 C 3 20 C5 C 0
3.1830 31 C7 C 3 48 C13 C 0
3.2336 42 C11 C 2 109 N8 N 1
3.3241 133 O18 O 1 146 O53 O 6
3.3769 66 C40 C 6 134 O18 O 2
3.3932 61 C39 C 5 63 C39 C 7
3.4102 60 C39 C 4 95 C48 C 7
3.4142 143 O52 O 7 149 O54 O 5
GALLOP 5 Nref 277 seconds 224.52726554870605 best 183.895 q25 319.86774 median 458.11368 total 1332.9399344921112
GALLOP 6 Nref 303 seconds 267.1981439590454 best 183.77046 q25 315.00333 median 421.17133 total 1600.310879945755
GALLOP 7 Nref 303 seconds 253.10305166244507 best 183.77037 q25 278.16922 median 410.4281 total 1853.5449752807617
GALLOP 10 Nref 342 seconds 141.297589302063 best 156.10744 q25 228.82527 median 317.46198 total 1426.8142306804657
GALLOP 11 Nref 342 seconds 159.00899386405945 best 153.78023 q25 230.95181 median 301.07468 total 1586.0051279067993
  0%|          | 0/5 [00:00<?, ?it/s]100%|██████████| 5/5 [00:00<00:00, 1038.14it/s]
GALLOP 6 Nref 342 seconds 158.073561668396 best 211.60776 q25 338.25522 median 425.22845 total 936.2484271526337
GALLOP 7 Nref 342 seconds 145.09476232528687 best 190.84352 q25 304.76956 median 385.55652 total 1081.478971004486
GALLOP 8 Nref 342 seconds 173.98920583724976 best 184.12321 q25 279.23657 median 386.02307 total 1255.6509070396423
GALLOP 1 Nref 143 seconds 110.17955017089844 best 218.14626 q25 255.96883 median 326.3114 total 285.9863529205322
GALLOP 2 Nref 164 seconds 167.7883369922638 best 216.30336 q25 273.69714 median 319.8921 total 453.9570288658142
GALLOP 3 Nref 196 seconds 209.26303911209106 best 192.38934 q25 229.56866 median 307.08728 total 663.3759801387787
The default value of dim will change to agree with that of linalg.cross in a future release. (Triggered internally at /home/conda/feedstock_root/build_artifacts/libtorch_1786372131199/work/aten/src/ATen/native/Cross.cpp:63.)
  cart_coords = zm_to_cart(internal[:,torsion[i]], initial_D2[i],
GALLOP 0 Nref 258 seconds 193.0945746898651 best 106.79296 q25 147.48059 median 224.23096 total 193.10416316986084
index_emgaxis0.json
0.658 P 1 21 1 [33.6119, 4.9646, 22.9284, 90.0, 110.9679, 90.0] 0.0516
0.659 C 1 2 1 [33.9042, 5.0004, 23.0806, 90.0, 110.4829, 90.0] 0.1938
0.706 P 1 21 1 [16.8813, 5.5609, 22.91, 90.0, 110.5014, 90.0] 0.1379
0.709 C 1 2 1 [33.6143, 4.5631, 22.8901, 90.0, 110.7742, 90.0] 0.0537
0.713 P 1 21 1 [33.7519, 6.4841, 22.9127, 90.0, 111.0719, 90.0] 0.0456
0.714 C 1 2 1 [33.6678, 4.9484, 22.9146, 90.0, 111.0995, 90.0] 0.0314
0.743 P 1 21 1 [33.8931, 4.1317, 23.0377, 90.0, 111.3615, 90.0] 0.079
0.748 C 1 2 1 [33.6146, 6.4723, 22.8442, 90.0, 111.1332, 90.0] -0.0197
index_emgaxis1.json
0.653 C 1 2 1 [33.3302, 11.713, 22.7309, 90.0, 112.5404, 90.0] -0.1042
0.695 C 1 2 1 [33.4616, 11.7196, 22.7478, 90.0, 112.5572, 90.0] -0.0819
0.727 C 1 2 1 [33.2898, 4.4277, 22.8069, 90.0, 112.8203, 90.0] -0.108
0.732 C 1 2 1 [33.3668, 4.4378, 22.9198, 90.0, 112.6336, 90.0] -0.0458
0.738 P 1 21 1 [33.235, 5.8664, 22.74, 90.0, 112.454, 90.0] -0.0917
0.764 P 1 21 1 [33.3706, 5.3463, 22.7575, 90.0, 112.4798, 90.0] -0.0783
0.806 C 1 2 1 [33.318, 7.316, 22.8403, 90.0, 112.5816, 90.0] -0.0946
0.808 P 1 21 1 [16.7004, 5.5483, 22.9851, 90.0, 112.5085, 90.0] 0.0103
