
 X7e382cb
fit_double0.json 0.03496 77.87 [6.9509, 6.9714, 15.76, 65.6201, 82.9805, 67.3907] P -1 [{'sg': 'P 1', 'number': 1, 'Rw': 4.05634287476456, 'GoF': 9.221592321633876, 'nGoF': 2.638392983510142, 'mult': 1}, {'sg': 'P -1', 'number': 2, 'Rw': 4.05634287476456, 'GoF': 9.221592321633876, 'nGoF': 2.638392983510143, 'mult': 2}]
fit_0.json 0.04522 77.87 [6.9418, 6.9789, 7.901, 65.8465, 83.1891, 67.4661] P-1 [{'sg': 'P 1', 'number': 1, 'Rw': 4.587705183201699, 'GoF': 11.130401149249012, 'nGoF': 1.4609676326079588, 'mult': 1}, {'sg': 'P -1', 'number': 2, 'Rw': 4.587705183201699, 'GoF': 11.130401149249012, 'nGoF': 1.4609676326079595, 'mult': 2}]

 Xb7088cf
fit_2.json 0.04502 13.355050086975098 [5.0468, 9.4094, 38.16, 90.0, 90.0, 90.0] Pmmm [{'sg': 'P 2 21 2', 'number': 17, 'Rw': 4.900141296170561, 'GoF': 4.053555020264068, 'nGoF': 0.0, 'mult': 4}, {'sg': 'P m m n:1', 'number': 59, 'Rw': 4.904731254265953, 'GoF': 4.052820221391232, 'nGoF': 0.0, 'mult': 8}]
fit_1.json 0.05406 14.4 [4.4916, 38.1659, 4.7227, 90.0, 97.0084, 90.0] P2/m [{'sg': 'P 1 2 1', 'number': 3, 'Rw': 5.692859464250935, 'GoF': 5.261317769476531, 'nGoF': 0.0, 'mult': 2}, {'sg': 'P 1 m 1', 'number': 6, 'Rw': 5.692859464250935, 'GoF': 5.261317769476531, 'nGoF': 0.0, 'mult': 2}]
fit_raw2.json 0.04502 13.355050086975098 [5.0468, 9.4094, 38.16, 90.0, 90.0, 90.0] Pmmm [{'sg': 'P 2 21 2', 'number': 17, 'Rw': 4.900141296170561, 'GoF': 4.053555020264068, 'nGoF': 0.0, 'mult': 4}, {'sg': 'P m m n:1', 'number': 59, 'Rw': 4.904731254265953, 'GoF': 4.052820221391232, 'nGoF': 0.0, 'mult': 8}]
fit_raw0.json 0.05054 19.44 [9.6895, 10.0913, 10.2285, 66.8347, 88.8828, 82.3704] P-1 [{'sg': 'P 1', 'number': 1, 'Rw': 5.779641190400275, 'GoF': 5.838498525213219, 'nGoF': 1.9688518662027807, 'mult': 1}, {'sg': 'P -1', 'number': 2, 'Rw': 5.779641190400275, 'GoF': 5.838498525213219, 'nGoF': 1.9688518662027812, 'mult': 2}]
fit_raw1.json 0.05406 14.4 [4.4916, 38.1659, 4.7227, 90.0, 97.0084, 90.0] P2/m [{'sg': 'P 1 2 1', 'number': 3, 'Rw': 5.692859464250935, 'GoF': 5.261317769476531, 'nGoF': 0.0, 'mult': 2}, {'sg': 'P 1 m 1', 'number': 6, 'Rw': 5.692859464250935, 'GoF': 5.261317769476531, 'nGoF': 0.0, 'mult': 2}]
fit_0.json 0.04986 19.44 [9.6919, 10.0839, 10.228, 66.8219, 88.9271, 82.4036] P-1 [{'sg': 'P 1', 'number': 1, 'Rw': 5.650915998587176, 'GoF': 5.583699619963545, 'nGoF': 1.693680880176796, 'mult': 1}, {'sg': 'P -1', 'number': 2, 'Rw': 5.650915998587176, 'GoF': 5.583699619963545, 'nGoF': 1.6936808801767955, 'mult': 2}]

 X4f6fe58
fit_0.json 0.03329 13.456541061401367 [7.5555, 13.0729, 15.4175, 72.255, 83.4415, 77.5887] P-1 [{'sg': 'P 1', 'number': 1, 'Rw': 4.216245368349747, 'GoF': 1969.3661255173743, 'nGoF': 1132.7470553562616, 'mult': 1}, {'sg': 'P -1', 'number': 2, 'Rw': 4.216245368349747, 'GoF': 1969.3661255173743, 'nGoF': 1132.7470553562612, 'mult': 2}]

 X9af54a2
fit_0.json 0.09742 144.1536102294922 [5.1788, 8.2538, 32.9519, 90.0, 92.7521, 90.0] P2/m [{'sg': 'P 1 21 1', 'number': 4, 'Rw': 10.644214205835544, 'GoF': 1.5911742201531953, 'nGoF': 0.0, 'mult': 2}, {'sg': 'P 1 2 1', 'number': 3, 'Rw': 10.64891099076825, 'GoF': 1.5928498491144056, 'nGoF': 0.0, 'mult': 2}]
[
 {
  "two_theta": 1.2412658215770478,
  "height": 545.3531102157798,
  "fwhm": 0.40499102277037263,
  "eta": 0.6566399543565276,
  "error": 0.011193562223117282,
  "d": 32.74220484866422,
  "area": 220.86311387729242,
  "peak_max": 1.26318,
  "widthL": 0.40499102277037263,
  "widthR": 0.40499102277037263,
  "fit_chi": 0.7023663975826908
 },
 {
  "two_theta": 2.8080654549697583,
  "height": 409.3966015051932,
  "fwhm": 0.09996469200714893,
  "eta": 0.8923000786965056,
  "error": 0.002910286064746794,
  "d": 14.4743964892302,
  "area": 40.92520517824012,
  "peak_max": 2.8174,
  "widthL": 0.09996469200714893,
  "widthR": 0.09996469200714893,
  "fit_chi": 0.7397959785982523
 },
 {
  "two_theta": 5.63518774779572,
  "height": 464.03026830646473,
  "fwhm": 0.09678971591086628,
  "eta": 0.6283247924427473,
  "error": 0.002662729931149059,
  "d": 7.214909577215255,
  "area": 44.91335784342578,
  "peak_max": 5.62501,
  "widthL": 0.09678971591086628,
  "widthR": 0.09678971591086628,
  "fit_chi": 1.1258395696707792
 },
 {
  "two_theta": 7.731990543527218,
  "height": 548.2057152222078,
  "fwhm": 0.09390873097960563,
  "eta": 0.7450263358659568,
{"indices": [2, 3, 4, 5, 6, 10, 11, 12, 13, 14, 15, 18, 22]}The default value of dim will change to agree with that of linalg.cross in a future release. (Triggered internally at /home/conda/feedstock_root/build_artifacts/libtorch_1786372131199/work/aten/src/ATen/native/Cross.cpp:63.)
  cart_coords = zm_to_cart(internal[:,torsion[i]], initial_D2[i],
GALLOP 0 Nref 258 seconds 193.0945746898651 best 106.79296 q25 147.48059 median 224.23096 total 193.10416316986084
BEST 0.8140094895975503 P 1 21 1 [ 33.71519   4.41371  22.89595  90.      111.05772  90.     ] 0.03678401786608893 [-0.0003 -0.0044  0.0221 -0.0328 -0.0128 -0.0155 -0.2045  0.0094  0.0409
  0.0433 -0.0031  0.079   0.0037  0.0254 -0.004  -0.0081 -0.0077  0.0135
 -0.0455  0.0162  0.0105 -0.0488 -0.0089]
