X7e382cb Nat 40 molecule sizes [18, 18, 1, 1, 1, 1]
  component O=C([O-])c1ccc(-c2ccc(C(=O)[O-])cc2)cc1 matches 2
  component [NH4+] matches 4
  bond range 1.2705818495468528 1.5201307087367317
  min intermolecular distance 2.5223133068929506
Cell (6.95865722, 7.00357894, 15.76689098, 65.75697573, 83.05824461, 67.34340811999999) n 40 components [18, 18, 1, 1, 1, 1]
2.5223 30 N55 N 4 37 O31 O 1
2.5243 31 N56 N 5 37 O31 O 1
2.5268 29 N28 N 3 37 O31 O 1
2.5272 29 N28 N 3 33 O3 O 0
2.5292 29 N28 N 3 32 O1 O 0
2.5292 31 N56 N 5 33 O3 O 0
2.6343 29 N28 N 3 31 N56 N 5
2.6396 31 N56 N 5 36 O29 O 1
2.7618 7 C10 C 0 39 O42 O 1
2.8223 21 C38 C 1 28 N27 N 2
2.8249 0 C2 C 0 30 N55 N 4
2.8284 9 C12 C 0 28 N27 N 2
2.8305 27 C46 C 1 31 N56 N 5
2.8318 21 C38 C 1 35 O14 O 0
2.8369 26 C45 C 1 31 N56 N 5
2.8394 14 C30 C 1 31 N56 N 5
2.8462 0 C2 C 0 29 N28 N 3
2.8663 30 N55 N 4 33 O3 O 0
2.8732 7 C10 C 0 28 N27 N 2
2.8968 35 O14 O 0 38 O41 O 1
2.9099 12 C17 C 0 29 N28 N 3
2.9382 29 N28 N 3 36 O29 O 1
2.9401 15 C32 C 1 30 N55 N 4
2.9535 8 C11 C 0 28 N27 N 2
2.9885 1 C4 C 0 30 N55 N 4
{
 "untextured_chi": 111.54066099645411,
 "scan": [
  {
   "axis": [
    0,
    1,
    1
   ],
   "MD": 1.2861399685875323,
   "chi": 99.86283126993533
  },
  {
   "axis": [
    1,
    0,
    1
   ],
   "MD": 0.9195549035812766,
   "chi": 107.30457630511455
  },
  {
   "axis": [
    1,
    0,
    -1
   ],
   "MD": 1.1853128054680127,
   "chi": 107.83017292173406
  },
  {
   "axis": [
    0,
    1,
    0
   ],
   "MD": 1.126169204399174,
   "chi": 108.1725307666951
  },
  {
   "axis": [
    0,
    0,
    1
   ],
   "MD": 0.914773831435586,
   "chi": 108.49562239528211
  },
  {
   "axis": [
    1,
    -1,
    -1
   ],
   "MD": 1.0959600610332445,
   "chi": 109.17121854068353
  },
  {
   "axis": [
    1,
    -1,
    1
   ],
   "MD": 0.9527652408790641,
   "chi": 110.53260956376926
  },
  {
   "axis": [
    1,
    1,
    -1
   ],
   "MD": 1.0438233521852769,
   "chi": 110.6509445804619
  },
  {
   "axis": [
    1,
    1,
    0
   ],
   "MD": 1.042532013174471,
   "chi": 110.6642281510101
  },
  {
   "axis": [
    1,
    0,
    0
   ],
   "MD": 0.956992866679989,
   "chi": 110.99247572041008
  },
  {
   "axis": [
    1,
    1,
    1
   ],
   "MD": 1.008489020338566,
   "chi": 111.5139188901594
  },
  {
   "axis": [
    0,
    1,
    -1
   ],
   "MD": 0.9914432692178465,
   "chi": 111.51933455778226
  },
  {
   "axis": [
    1,
    -1,
    0
   ],
   "MD": 1.004049767261227,
   "chi": 111.5355303888789
  }
 ]
}best.cif
best.json
best.xml
model.json
