/app/work/complete_2d.py:8:# Low-angle lines below the first possible h != 0 reflection determine the 2D reciprocal net.
/app/work/complete_2d.py:10:low=tt<ttmax
/app/work/complete_2d.py:12: q=kt@v[:3];idx=np.argmin(abs(q[None,:]-(qobs-v[3]/fac)[:,None]),axis=1);err=(q[idx]-qobs)*fac+v[3];sel=low&(abs(err)<float(os.environ.get('PLANE_ERR','.10')))
/app/work/complete_2d.py:16:need=np.where((abs(err)>.055)&(~low))[0]
/app/work/complete_2d.py:17:print('PLANE',sid,'g22,g33,g23,zero',v.tolist(),'nlow',sum(sel),flush=True)
/app/work/complete_2d_general.py:8:# Low-angle lines below the first possible h != 0 reflection determine the 2D reciprocal net.
/app/work/complete_2d_general.py:10:low=tt<ttmax
/app/work/complete_2d_general.py:12: q=kt@v[:3];idx=np.argmin(abs(q[None,:]-(qobs-v[3]/fac)[:,None]),axis=1);err=(q[idx]-qobs)*fac+v[3];sel=low&(abs(err)<float(os.environ.get('PLANE_ERR','.10')))
/app/work/complete_2d_general.py:16:need=np.where((abs(err)>.055)&(~low))[0]
/app/work/complete_2d_general.py:17:print('PLANE',sid,'g22,g33,g23,zero',v.tolist(),'nlow',sum(sel),flush=True)
/app/work/complete_mono_axis.py:15:lo=float(os.getenv('VMIN','1100'));hi=float(os.getenv('VMAX','8000'));tar=float(os.getenv('VTARGET','2800'));err=float(os.getenv('TTHERR','.035'));nspur=int(os.getenv('NSPUR','0'));out=[]
/app/work/complete_mono_axis_emg.py:15:lo=float(os.getenv('VMIN','1100'));hi=float(os.getenv('VMAX','8000'));tar=float(os.getenv('VTARGET','2800'));err=float(os.getenv('TTHERR','.035'));nspur=int(os.getenv('NSPUR','0'));out=[]
/app/work/complete_plane_mono.py:10:low=tt<17.65
/app/work/complete_plane_mono.py:13: init=least_squares(lambda x:(T2[ix[low]]@x[:2]-qobs[low])*fac[low]+x[2],init,loss='soft_l1',f_scale=.015).x
/app/work/complete_plane_mono.py:15:G22,G33,zero=init;qcor=qobs-zero/fac;etol=float(os.getenv('TTHERR','.04'));nspur=int(os.getenv('NSPUR','1'));lo=float(os.getenv('VMIN','1500'));hi=float(os.getenv('VMAX','3400'))
/app/work/create_base.py:10:data=np.loadtxt('/app/data/instances/'+sid+'/pattern.xye');peaks=json.load(open(W+'/peaks.json'));mh=max(p['height'] for p in peaks);valid=[p for p in peaks if p['height']>.015*mh];xmin=max(data[0,0],min(p['two_theta'] for p in valid)-.5*wl/1.54)
/app/work/create_base.py:11:if os.path.exists(W+'/peak_select.json'):xmin=max(xmin,json.load(open(W+'/peak_select.json')).get('min_two_theta',xmin))
/app/work/create_base.py:12:stol=float(os.environ.get('MAX_STOL','.25'));data=data[(data[:,0]>=xmin)&(data[:,0]<np.rad2deg(2*np.arcsin(stol*wl)))]
/app/work/create_stable_base.py:12:data=np.loadtxt('/app/data/instances/'+sid+'/pattern.xye');peaks=json.load(open(W+'/peaks.json'));mh=max(p['height'] for p in peaks);valid=[p for p in peaks if p['height']>.015*mh];xmin=max(data[0,0],min(p['two_theta'] for p in valid)-.5*wl/1.54)
/app/work/create_stable_base.py:13:if os.path.exists(W+'/peak_select.json'):xmin=max(xmin,json.load(open(W+'/peak_select.json')).get('min_two_theta',xmin))
/app/work/create_stable_base.py:14:stol=float(os.environ.get('MAX_STOL','.25'));data=data[(data[:,0]>=xmin)&(data[:,0]<np.rad2deg(2*np.arcsin(stol*wl)))]
/app/work/emg_global8.py:8:lo=np.r_[tt-.13,np.full(N,-5.),np.full(N,np.log(.008)),np.full(N,np.log(.018)),np.full(K,-.5)]
/app/work/extend_low_base.py:1:"""Restore measured low-angle observations which were omitted by a strong-peak cutoff."""
/app/work/extend_low_base.py:8:if dummy:at,_=add_component(c,'C','low_dummy')
/app/work/extend_low_base.py:10:scale=(1/np.sqrt(ww[mid]))/np.interp(xx[mid],raw[:,0],raw[:,2]);lo=float(os.getenv('MIN_TTH',str(raw[0,0])))
/app/work/extend_low_base.py:20:  if el.tag=='Atom' and el.attrib.get('Name')=='low_dummy':cr.remove(el)
/app/work/extend_low_base_v1.py:1:"""Restore measured low-angle observations which were omitted by a strong-peak cutoff."""
/app/work/extend_low_base_v1.py:8:if dummy:at,_=add_component(c,'C','low_dummy')
/app/work/extend_low_base_v1.py:10:scale=(1/np.sqrt(ww[mid]))/np.interp(xx[mid],raw[:,0],raw[:,2]);lo=float(os.getenv('MIN_TTH',str(raw[0,0])))
/app/work/extend_low_base_v1.py:20:  if el.tag=='Atom' and el.attrib.get('Name')=='low_dummy':cr.remove(el)
/app/work/find_zones.py:8:err=float(os.getenv('TTHERR','.035'));nm=len(tt);amin=float(os.getenv('AREA_MIN','80'));amax=float(os.getenv('AREA_MAX','700'));nlow=min(int(os.getenv('NLOW','14')),len(tt));nh=min(int(os.getenv('NANCHOR','7')),len(tt));vneed=int(os.getenv('NEED','9'))
/app/work/find_zones.py:11: qc=T@g;ix=np.zeros(nm,np.int64);diff=np.zeros(nm);num=0;nlo=0;cost=0.
/app/work/find_zones.py:20:   if i<nlow:nlo+=1
/app/work/find_zones.py:70: v=dict(plane_metric=x[:3].tolist(),zero=float(x[3]),area=float(area),axes=[a,b,angle],nmatch=int(num),nlow=int(nlo),score=float(score),hkl=hk[ix].astype(int).tolist(),diff=dd.tolist(),indices=select)
/app/work/find_zones.py:74:for o in out[:12]:print('ZONE',o['score'],o['nlow'],o['nmatch'],o['area'],o['axes'],o['zero'],flush=True)
/app/work/find_zones_v1.py:8:err=float(os.getenv('TTHERR','.035'));nm=len(tt);amin=float(os.getenv('AREA_MIN','80'));amax=float(os.getenv('AREA_MAX','700'));nlow=min(int(os.getenv('NLOW','14')),len(tt));nh=min(int(os.getenv('NANCHOR','7')),len(tt));vneed=int(os.getenv('NEED','9'))
/app/work/find_zones_v1.py:11: qc=T@g;ix=np.zeros(nm,np.int64);diff=np.zeros(nm);num=0;nlo=0;cost=0.
/app/work/find_zones_v1.py:20:   if i<nlow:nlo+=1
/app/work/find_zones_v1.py:62: v=dict(plane_metric=x[:3].tolist(),zero=float(x[3]),area=float(area),axes=[a,b,angle],nmatch=int(num),nlow=int(nlo),score=float(score),hkl=hk[ix].astype(int).tolist(),diff=dd.tolist(),indices=select)
/app/work/find_zones_v1.py:66:for o in out[:12]:print('ZONE',o['score'],o['nlow'],o['nmatch'],o['area'],o['axes'],o['zero'],flush=True)
/app/work/fit_candidate.py:17:data=np.loadtxt('/app/data/instances/'+sid+'/pattern.xye');peaks=json.load(open(W+'/peaks.json'));mx=max(v['height'] for v in peaks);valid=[v for v in peaks if v['height']>mx*.015];xmin=max(data[0,0],min(v['two_theta'] for v in valid)-.5*wl/1.54)
/app/work/fit_candidate.py:20: manual=json.load(open(W+'/peak_select.json'));xmin=max(xmin,manual.get('min_two_theta',xmin))
/app/work/fit_candidate.py:22:sel=(data[:,0]>=xmin)&(data[:,0]<min(data[-1,0]+.001,np.rad2deg(2*np.arcsin(wl*stol))));data=data[sel]
/app/work/gallop_hbond.py:4:intramolecular acceptor. Steric lower bounds are supplied separately.
/app/work/gallop_hbond_v1.py:4:intramolecular acceptor. Steric lower bounds are supplied separately.
/app/work/gallop_packing.py:7: Excludes fixed-topology 1-2/1-3/1-4 intramolecular contacts. The cutoff is
/app/work/gallop_packing.py:8: deliberately softer than a van der Waals sum, allowing hydrogen bonds.
/app/work/gallop_packing_v1.py:7: Excludes fixed-topology 1-2/1-3/1-4 intramolecular contacts. The cutoff is
/app/work/gallop_packing_v1.py:8: deliberately softer than a van der Waals sum, allowing hydrogen bonds.
/app/work/gallop_packing_v2.py:7: Excludes fixed-topology 1-2/1-3/1-4 intramolecular contacts. The cutoff is
/app/work/gallop_packing_v2.py:8: deliberately softer than a van der Waals sum, allowing hydrogen bonds.
/app/work/gallop_packing_v3.py:7: Excludes fixed-topology 1-2/1-3/1-4 intramolecular contacts. The cutoff is
/app/work/gallop_packing_v3.py:8: deliberately softer than a van der Waals sum, allowing hydrogen bonds.
/app/work/gallop_prepare.py:75: # Read the original Le Bail reflection order before applying a resolution cutoff.
/app/work/gallop_prepare_v1.py:65: # Read the original Le Bail reflection order before applying a resolution cutoff.
/app/work/gallop_prepare_v2.py:74: # Read the original Le Bail reflection order before applying a resolution cutoff.
/app/work/gallop_prepare_v3.py:74: # Read the original Le Bail reflection order before applying a resolution cutoff.
/app/work/gallop_prepare_v4.py:74: # Read the original Le Bail reflection order before applying a resolution cutoff.
/app/work/index_axial.py:8:lo=float(os.getenv('VMIN','500'));hi=float(os.getenv('VMAX','6500'));target=float(os.getenv('VTARGET',str((lo+hi)/2)));nspur=int(os.getenv('NSPUR','1'));err=float(os.getenv('TTHERR','.03'));nanchor=min(int(os.getenv('NANCHOR','6')),nm);nbanchor=min(int(os.getenv('NBANCHOR','12')),nm)
/app/work/index_metric.py:25:lo=float(os.environ.get('VMIN','700'));hi=float(os.environ.get('VMAX','3200'));tar=float(os.environ.get('VTARGET',np.sqrt(lo*hi)));err=float(os.environ.get('TTHERR','.025'));nspur=int(os.environ.get('NSPUR','1'));max_time=float(os.environ.get('INDEX_TIME','300'));ndim={'ORTHOROMBIC':4,'MONOCLINIC':5,'TRICLINIC':7}[system];sgn={'ORTHOROMBIC':'P m m m','MONOCLINIC':'P 1 2/m 1','TRICLINIC':'P -1'}[system]
/app/work/index_metric_v1.py:22:lo=float(os.environ.get('VMIN','700'));hi=float(os.environ.get('VMAX','3200'));tar=float(os.environ.get('VTARGET',np.sqrt(lo*hi)));err=float(os.environ.get('TTHERR','.025'));nspur=int(os.environ.get('NSPUR','1'));max_time=float(os.environ.get('INDEX_TIME','300'));ndim={'ORTHOROMBIC':4,'MONOCLINIC':5,'TRICLINIC':7}[system];sgn={'ORTHOROMBIC':'P m m m','MONOCLINIC':'P 1 2/m 1','TRICLINIC':'P -1'}[system]
/app/work/index_one.py:19:# For indexing low-lying broad peaks in otherwise fine data are suspect
/app/work/index_one.py:36:lo=EstimateCellVolume(1/peaks[-1]['d'],1/(peaks[0]['d']*4),len(peaks),cs,cen,1.4)
/app/work/index_one.py:38:lo=max(lo, v1*.65,80);hi=min(hi,v1*(10 if system not in ['MONOCLINIC','TRICLINIC'] else 8 if system=='MONOCLINIC' else 4),15000)
/app/work/index_one.py:40:if len(sys.argv)>5:lo=float(sys.argv[5]);hi=float(sys.argv[6])
/app/work/lsq_packing.py:1:"""Heavy-atom steric lower bounds as genuine ObjCryst least-squares residuals.
/app/work/lsq_packing_v1.py:1:"""Heavy-atom steric lower bounds as genuine ObjCryst least-squares residuals.
/app/work/preprocess.py:18: # background width scales with wavelength; low-percentile baseline
/app/work/preprocess.py:68: # low-angle peak plot
/app/work/preprocess.py:82:# all low-angle overview
/app/work/refine_obj.py:48: lo=np.rad2deg(p.GetPowderPatternX()[0]);hi=np.rad2deg(2*np.arcsin(new_stol*wl));raw=raw[(raw[:,0]>=lo)&(raw[:,0]<hi)]
/app/work/refine_obj.py:104:# Begin with positions and orientations only, then allow restrained intramolecular relaxation.
/app/work/refine_obj_v1.py:56:# Begin with positions and orientations only, then allow restrained intramolecular relaxation.
/app/work/refine_obj_v2.py:48: lo=np.rad2deg(p.GetPowderPatternX()[0]);hi=np.rad2deg(2*np.arcsin(new_stol*wl));raw=raw[(raw[:,0]>=lo)&(raw[:,0]<hi)]
/app/work/refine_obj_v2.py:76:# Begin with positions and orientations only, then allow restrained intramolecular relaxation.
/app/work/refine_obj_v3.py:48: lo=np.rad2deg(p.GetPowderPatternX()[0]);hi=np.rad2deg(2*np.arcsin(new_stol*wl));raw=raw[(raw[:,0]>=lo)&(raw[:,0]<hi)]
/app/work/refine_obj_v3.py:89:# Begin with positions and orientations only, then allow restrained intramolecular relaxation.
/app/work/refine_obj_v4.py:48: lo=np.rad2deg(p.GetPowderPatternX()[0]);hi=np.rad2deg(2*np.arcsin(new_stol*wl));raw=raw[(raw[:,0]>=lo)&(raw[:,0]<hi)]
/app/work/refine_obj_v4.py:89:# Begin with positions and orientations only, then allow restrained intramolecular relaxation.
/app/work/refine_obj_v5.py:48: lo=np.rad2deg(p.GetPowderPatternX()[0]);hi=np.rad2deg(2*np.arcsin(new_stol*wl));raw=raw[(raw[:,0]>=lo)&(raw[:,0]<hi)]
/app/work/refine_obj_v5.py:89:# Begin with positions and orientations only, then allow restrained intramolecular relaxation.
/app/work/refine_obj_v6.py:48: lo=np.rad2deg(p.GetPowderPatternX()[0]);hi=np.rad2deg(2*np.arcsin(new_stol*wl));raw=raw[(raw[:,0]>=lo)&(raw[:,0]<hi)]
/app/work/refine_obj_v6.py:94:# Begin with positions and orientations only, then allow restrained intramolecular relaxation.
/app/work/refine_obj_v7.py:48: lo=np.rad2deg(p.GetPowderPatternX()[0]);hi=np.rad2deg(2*np.arcsin(new_stol*wl));raw=raw[(raw[:,0]>=lo)&(raw[:,0]<hi)]
/app/work/refine_obj_v7.py:98:# Begin with positions and orientations only, then allow restrained intramolecular relaxation.
/app/work/refine_obj_v8.py:48: lo=np.rad2deg(p.GetPowderPatternX()[0]);hi=np.rad2deg(2*np.arcsin(new_stol*wl));raw=raw[(raw[:,0]>=lo)&(raw[:,0]<hi)]
/app/work/refine_obj_v8.py:98:# Begin with positions and orientations only, then allow restrained intramolecular relaxation.
/app/work/refine_stable.py:48: lo=np.rad2deg(p.GetPowderPatternX()[0]);hi=np.rad2deg(2*np.arcsin(new_stol*wl));raw=raw[(raw[:,0]>=lo)&(raw[:,0]<hi)]
/app/work/reindex_batch.py:11:  try:subprocess.run([sys.executable,'/app/work/index_one.py',s,sy,ce,str(mode)],stdout=f,stderr=subprocess.STDOUT,timeout=240)
/app/work/reindex_batch.py:15:with concurrent.futures.ThreadPoolExecutor(max_workers=3) as ex:list(ex.map(run,jobs))
/app/work/repick.py:31:  lower=[x[i]-max(dx*3,wid[k]*.5),0,dx*.5,dx*.5,0,min(yy)-np.ptp(yy),-np.inf]
/app/work/repick.py:34:   fit=least_squares(lambda v:(func(v)-yy)/ss,start,bounds=(lower,upper),max_nfev=200)
/app/work/run_fits.py:10:  try:p=subprocess.run([sys.executable,'/app/work/fit_candidate.py',id,str(i)],stdout=f,stderr=subprocess.STDOUT,timeout=300)
/app/work/run_fits.py:13:with concurrent.futures.ThreadPoolExecutor(max_workers=3) as ex:list(ex.map(run,jobs))
/app/work/run_fits2.py:8:   try:p=subprocess.run([sys.executable,'/app/work/fit_candidate.py',id,str(i)],stdout=f,stderr=subprocess.STDOUT,timeout=180)
/app/work/run_index_batch.py:15:    with open(log,'w') as f: p=subprocess.run([sys.executable,'/app/work/index_one.py',sid,system,cent,'0'],stdout=f,stderr=subprocess.STDOUT,timeout=150 if system=='MONOCLINIC' else 40,env=env)
/app/work/run_index_batch.py:22:with concurrent.futures.ThreadPoolExecutor(max_workers=3) as ex:
/app/work/search_gallop.py:73:  result['low_chi_2']=result['chi_2'].copy();result['chi_2']=full_chi
/app/work/search_gallop.py:76: if 'low_chi_2' in result:result['chi_2']=result['low_chi_2']
/app/work/search_gallop_v1.py:41:  result['low_chi_2']=result['chi_2'].copy();result['chi_2']=full_chi
"""Restore measured low-angle observations which were omitted by a strong-peak cutoff."""
import sys,os,json,numpy as np,xml.etree.ElementTree as ET
from pyobjcryst.io import xml_cryst_file_load_all_object,xml_cryst_file_save_global
from obj_model import add_component,recenter_molecules
sid,src,dest=sys.argv[1:4];W='/app/work/'+sid
objs=xml_cryst_file_load_all_object(src);c=next(o for o in objs if o.GetClassName()=='Crystal');p=next(o for o in objs if o.GetClassName()=='PowderPattern');d=next(p.GetPowderPatternComponent(i) for i in range(p.GetNbPowderPatternComponent()) if p.GetPowderPatternComponent(i).GetClassName()=='PowderPatternDiffraction');b=next(p.GetPowderPatternComponent(i) for i in range(p.GetNbPowderPatternComponent()) if p.GetPowderPatternComponent(i).GetClassName()=='PowderPatternBackground')
dummy=c.GetNbScatterer()==0
if dummy:at,_=add_component(c,'C','low_dummy')
p.GetOption(0).SetChoice(1);p.Prepare();p.GetRw();xx=np.rad2deg(np.array(p.GetPowderPatternX()));ww=np.array(p.GetLSQWeight(0));raw=np.loadtxt('/app/data/instances/'+sid+'/pattern.xye');mid=len(ww)//2
scale=(1/np.sqrt(ww[mid]))/np.interp(xx[mid],raw[:,0],raw[:,2]);lo=float(os.getenv('MIN_TTH',str(raw[0,0])))
raw=raw[(raw[:,0]>=lo)&(raw[:,0]<=xx[-1]+1e-5)];raw[:,2]*=scale
nbin=max(1,int(np.ceil(len(raw)/12000)))
if nbin>1:
 n=len(raw)//nbin*nbin;raw=np.column_stack([raw[:n,0].reshape(-1,nbin).mean(1),raw[:n,1].reshape(-1,nbin).mean(1),np.sqrt((raw[:n,2]**2).reshape(-1,nbin).sum(1))/nbin])
bx=np.array(b.GetInterpPointsX());by=np.array(b.GetInterpPointsY());step=np.median(np.diff(bx));newx=np.arange(np.deg2rad(lo),bx[0]-.01*step,step);bg=np.load(W+'/processed.npz');newy=np.interp(np.rad2deg(newx),bg['x'],bg['background']);b.SetInterpPoints(np.r_[newx,bx],np.r_[newy,by]);fn=os.path.splitext(dest)[0]+'.xye';np.savetxt(fn,raw)
p.ImportPowderPattern2ThetaObsSigma(fn);d.SetExtractionMode(True,False);p.Prepare();d.ExtractLeBail(30);p.Prepare();p.FitScaleFactorForRw();recenter_molecules(c);print('RESTORED_LOW_RANGE',sid,lo,xx[0],xx[-1],len(raw),'Rw',p.GetRw(),flush=True);xml_cryst_file_save_global(dest)
if dummy:
 tree=ET.parse(dest);root=tree.getroot();cr=root.find('Crystal')
 for el in list(cr):
  if el.tag=='Atom' and el.attrib.get('Name')=='low_dummy':cr.remove(el)
 tree.write(dest,encoding='utf-8')
1.060884000000000071e+01 2.440000000000000000e+02 1.821275315690155239e+01
1.062196999999999925e+01 2.350000000000000000e+02 1.787369431640176387e+01
1.063509999999999955e+01 2.390000000000000000e+02 1.802515148071029927e+01
1.064822999999999986e+01 2.300000000000000000e+02 1.768247818902223756e+01
1.066136000000000017e+01 2.450000000000000000e+02 1.825006362078048383e+01
1.067449000000000048e+01 2.190000000000000000e+02 1.725445721121112186e+01
1.068762000000000079e+01 2.820000000000000000e+02 1.957971527726590821e+01
1.070074999999999932e+01 2.900000000000000000e+02 1.985546292437113181e+01
1.071387999999999963e+01 2.690000000000000000e+02 1.912301188034786037e+01
1.072700999999999993e+01 2.310000000000000000e+02 1.772095460489738628e+01
1.074014000000000024e+01 2.400000000000000000e+02 1.806281173018809483e+01
1.075327000000000055e+01 2.620000000000000000e+02 1.887256539156052781e+01
1.076640000000000086e+01 2.730000000000000000e+02 1.926467504788817919e+01
1.077952999999999939e+01 2.620000000000000000e+02 1.887256539156052781e+01
1.079265999999999970e+01 2.680000000000000000e+02 1.908745034446325306e+01
1.080579000000000001e+01 2.600000000000000000e+02 1.880039296299472440e+01
1.081892000000000031e+01 2.470000000000000000e+02 1.832433476293948260e+01
1.083205000000000062e+01 2.830000000000000000e+02 1.961434405155354099e+01
1.084517999999999915e+01 2.960000000000000000e+02 2.005973771410828377e+01
1.085830999999999946e+01 2.620000000000000000e+02 1.887256539156052781e+01
# columns: two_theta_deg intensity sigma
3.00657 188 13.7113
3.01970 182 13.4907
3.03283 191 13.8203
3.04596 170 13.0384
3.05909 186 13.6382
3.07222 206 14.3527
3.08535 185 13.6015
3.09848 203 14.2478
3.11161 196 14
3.12474 154 12.4097
3.13787 196 14
3.15100 190 13.784
3.16413 157 12.53
3.17726 175 13.2288
3.19039 195 13.9642
3.20352 189 13.7477
3.21665 187 13.6748
3.22978 188 13.7113
3.24291 168 12.9615
3.25604 196 14
3.26917 187 13.6748
3.28230 187 13.6748
3.29543 183 13.5278
3.30856 192 13.8564
3.32169 188 13.7113
3.33482 181 13.4536
3.34795 186 13.6382
3.36108 182 13.4907
3.37421 198 14.0712
{
 "radiation": {
  "type": "Cu Kalpha1 (laboratory, monochromatic per the paper: Bruker D8 Advance, LynxEye)",
  "wavelength_A": 1.540598,
  "wavelengths_A": [
   1.540598
  ],
  "wavelength_weights": null,
  "monochromator": "monochromatic incident beam (paper)",
  "source": "sealed X-ray tube"
 },
 "geometry": "reflection (flat plate / Bragg-Brentano)",
 "geometry_source_text": null,
 "temperature_K": 300.0,
 "two_theta_range_deg": [
  3.0066,
  39.9938
 ],
 "n_points": 2818,
 "intensity_column": "observed total intensity",
 "sigma_column": "1/sqrt(_pd_proc_ls_weight)",
 "pattern_units": "two_theta_deg intensity sigma",
 "notes": [
  "depositors tagged the radiation K-alpha1,2; the paper states monochromatic 1.5406 A and the deposited profile is consistent with a single wavelength"
 ]
}[
 {
  "two_theta": 11.09651061196596,
  "height": 365.7771545454932,
  "fwhm": 0.11549946300514752,
  "eta": 0.46816961748716535,
  "error": 0.0018018855412556595,
  "d": 7.967177213400515,
  "area": 54.985189454587264
 },
 {
  "two_theta": 11.816264632278639,
  "height": 908.6881900018211,
  "fwhm": 0.15243448817517286,
  "eta": 0.03302060858296738,
