import numpy as np,scipy.special as sp,scipy.optimize as opt,json,os,time
import matplotlib;matplotlib.use('Agg')
import matplotlib.pyplot as plt
W='/app/work/X8a6f5a8';raw=np.loadtxt('/app/data/instances/X8a6f5a8/pattern.xye');raw=raw[(raw[:,0]>=5)&(raw[:,0]<=31)];x,y,ss=raw.T
ps=json.load(open(W+'/peaks_raw.json'));ids=[i for i,p in enumerate(ps) if 5.1<p['two_theta']<30.8];ps0=[ps[i] for i in ids];N=len(ps0);tt=np.array([p['two_theta'] for p in ps0]);height=np.array([p['height'] for p in ps0]);
bx=np.linspace(5,31,18);K=len(bx);bgmat=np.stack([np.interp(x,bx,np.eye(K)[i]) for i in range(K)],axis=1);data=np.load(W+'/processed.npz');b0=np.interp(bx,data['x'],data['background']);bn=5000.;wt=1/ss
p0=np.r_[tt+.045,np.log(np.maximum(height*.32,1)),np.log(.035+.0008*tt),np.log(np.full(N,.20)),b0/bn]
lo=np.r_[tt-.13,np.full(N,-5.),np.full(N,np.log(.008)),np.full(N,np.log(.018)),np.full(K,-.5)]
hi=np.r_[tt+.25,np.full(N,22.),np.full(N,np.log(.14)),np.full(N,np.log(.75)),np.full(K,4.)]
t0=time.time();calls=0
# Mild smoothness of the background; peaks carry all high-frequency signal.
bpen=np.diff(np.eye(K),n=2,axis=0)*6.
def profile(p,jac=False):
 mu=p[:N];A=np.exp(p[N:2*N]);sig=np.exp(p[2*N:3*N]);tau=np.exp(p[3*N:4*N]);d=x[:,None]-mu;z=d/sig+sig/tau;logcdf=sp.log_ndtr(-z);I=np.exp(d/tau+.5*(sig/tau)**2+logcdf)/tau*A
 yc=I.sum(1)+bn*(bgmat@p[4*N:]);res=np.r_[(yc-y)*wt,bpen@p[4*N:]]
 if not jac:return res
 rat=np.exp(-.5*z*z-.5*np.log(2*np.pi)-logcdf)
 mupart=I*(-1/tau+rat/sig)
 sigpart=I*(sig*sig/(tau*tau)+rat*(d/sig-sig/tau))
 taupart=I*(-d/tau-sig*sig/(tau*tau)+rat*sig/tau-1)
 J=np.hstack([mupart,I,sigpart,taupart,bn*bgmat])*wt[:,None]
 J=np.vstack([J,np.pad(bpen,((0,0),(4*N,0)))])
 return J
fit=opt.least_squares(profile,p0,jac=lambda p:profile(p,True),bounds=(lo,hi),x_scale='jac',max_nfev=160,ftol=1e-7,xtol=1e-8,verbose=1)
p=fit.x;np.savez(W+'/emg_global.npz',parameters=p,ids=ids,x=x,ycalc=y+profile(p)[:len(x)]/wt);cov=np.linalg.pinv(fit.jac.T@fit.jac,rcond=1e-9);noise=np.sqrt(np.mean(profile(p)**2));err=np.sqrt(np.maximum(cov.diagonal()[:N],0))*noise
for j,i in enumerate(ids):
 ps[i]['raw_two_theta']=ps[i]['two_theta'];ps[i]['two_theta']=float(p[j]);ps[i]['emg_area']=float(np.exp(p[N+j]));ps[i]['emg_sigma']=float(np.exp(p[2*N+j]));ps[i]['emg_tau']=float(np.exp(p[3*N+j]));ps[i]['emg_error']=float(err[j]);ps[i]['d']=float(1.54059/(2*np.sin(np.deg2rad(p[j]/2))))
 print('PEAK',i+1,ps[i]['raw_two_theta'],'->',p[j],'sig',ps[i]['emg_sigma'],'tau',ps[i]['emg_tau'],'area',ps[i]['emg_area'],'err',err[j],flush=True)
json.dump(ps,open(W+'/peaks_emg.json','w'),indent=1)
fig,ax=plt.subplots(figsize=(14,5));yc=y+profile(p)[:len(x)]/wt;ax.plot(x,y,'k',lw=.7);ax.plot(x,yc,'r',lw=.7);ax.plot(x,y-yc-2000,'b',lw=.5);fig.tight_layout();fig.savefig(W+'/emg_global.png',dpi=130);print('DONE',time.time()-t0,'Rw',np.sqrt(np.sum((y-yc)**2)/np.sum(y*y)),flush=True)
STARTS 326
AT 0
AT 30
AT 60
AT 90
AT 120
AT 150
AT 180
AT 210
AT 240
AT 270
AT 300
BEST 0.3437628352676836 14 C 1 2 1 [26.78197  0.87548 47.24985 90.      91.3897  90.     ] 0.026875140572771204 index_MONOCLINIC_P_2.json:9 [-0.015   0.2783  0.0221 -0.0123  0.638  -0.0295 -0.0383 -0.0167  0.0233
 -0.0067 -0.0276  0.0505 -0.0379  0.0425  0.0115  0.0173  0.0088 -0.0318
  0.0993 -0.0217  0.138  -0.067  -0.0109]
BEST 0.44641670347422147 21 P 1 [23.56387 17.01283  7.83737 80.85028 73.57243 67.66995] 0.028933080464096168 index_triwide.json:0 [-0.0006 -0.0217 -0.0433  0.0214  0.0391 -0.0011 -0.0152 -0.0061 -0.005
  0.0164  0.0121  0.0122  0.0217 -0.0143  0.0189 -0.0016 -0.0081 -0.0009
 -0.0054 -0.0048  0.0031 -0.0112  0.0008]
BEST 0.47921637892212354 18 P 1 [ 7.74469 17.65614 15.81729 95.74143 94.65519 64.59169] 0.17068054783350609 index_triwide.json:14 [ 0.0727  0.0424 -0.0389  0.003  -0.0349 -0.0119 -0.0605  0.0163 -0.0046
  0.0008  0.0244 -0.0456 -0.0057  0.0063 -0.0129  0.0031  0.0047  0.009
  0.0029  0.0006 -0.0018 -0.0016  0.0105]
BEST 0.5059958284938706 21 P 1 [23.44306 16.94621  7.78606 80.92122 73.53203 67.62865] -0.06984841797437495 fit_triwide0.json:0 [-0.0028  0.0262  0.0515 -0.0131  0.0157  0.0001 -0.0306 -0.0214 -0.044
 -0.0033 -0.0163  0.0068  0.0088 -0.0036  0.0297  0.0067 -0.0007 -0.0047
 -0.0014 -0.0139 -0.0002  0.0184 -0.0004]
BEST 0.5112000623740767 17 P 1 [ 7.58914 15.69964 10.80666 99.9938  87.3466  94.89412] -0.08369685504614448 index_emg1.json:0 [-0.0044 -0.089   0.0622 -0.0081  0.2447 -0.0073 -0.0289  0.0056  0.0178
 -0.0043  0.0344  0.0499 -0.0175 -0.0007 -0.0046  0.0815 -0.0103 -0.0954
  0.0121  0.0104 -0.017  -0.0103  0.0024]
BEST 0.5172457652992527 19 P 1 [10.93765 13.47281 16.26289 76.08266 84.34059 79.4453 ] 0.06012193932689983 fit_3.json:0 [ 0.0132 -0.0206 -0.0471 -0.011   0.0295 -0.0056  0.0613  0.0041  0.0046
 -0.0133  0.0054  0.0147  0.0081 -0.0077  0.0038 -0.0611  0.0093 -0.0421
  0.0118  0.0114 -0.0048 -0.0057  0.0012]
BEST 0.517490967586705 20 P 1 [ 16.67251  13.64599  10.92931 108.75919  72.28546 103.12184] 0.04246172957015267 index_TRICLINIC_P_3.json:10 [ 0.0102 -0.0099 -0.0353  0.0131  0.0794 -0.0136 -0.0138 -0.0162 -0.0183
  0.0264  0.0172  0.0049  0.0303 -0.0054  0.0009  0.007  -0.0158  0.002
 -0.0916  0.0035 -0.0013  0.0012  0.0051]
BEST 0.534911290363542 21 P 1 [ 24.0047   17.11426   7.87538  82.96336  94.57718 113.62535] 0.16165030026570962 fit_triwide5.json:0 [ 0.0087 -0.0109 -0.0436  0.0647  0.0057  0.007  -0.0245  0.0019  0.0025
 -0.0276  0.0176  0.0024 -0.006   0.0277  0.0042 -0.0008 -0.0261 -0.0063
  0.0033 -0.0059  0.0174 -0.0023  0.    ]
BEST 0.545554933692933 21 P 1 [21.82604 15.87886  7.65123 85.92474 81.83517 96.6895 ] 0.049903884603014065 index_triwide.json:9 [ 0.0213 -0.0142 -0.0206 -0.0912  0.1342  0.0096 -0.0019 -0.01    0.0078
  0.0018  0.0107 -0.0122  0.0055  0.0027  0.0022 -0.0065  0.019   0.0033
  0.002  -0.0326  0.0022  0.0045 -0.0061]
BEST 0.5551533529588065 21 P 1 [21.47605 15.78806  9.28215 85.62383 92.788   94.03802] 0.06039785758576909 index_triwide.json:1 [ 3.220e-02  5.500e-03 -9.100e-03 -1.173e-01  1.400e-02 -2.790e-02
 -4.000e-03 -3.300e-03 -1.490e-02  3.930e-02  1.100e-03  1.300e-03
  6.000e-03  1.000e-04  8.600e-03 -1.920e-02 -1.030e-02 -2.900e-03
  1.050e-02  4.000e-04  8.200e-03 -5.000e-03  4.900e-03]
BEST 0.5555307394490064 20 P 1 [ 16.60704  13.07     11.40437  98.35344 108.14982  92.49506] 0.0263829310133658 index_TRICLINIC_P_3.json:22 [-0.003  -0.0154 -0.0457  0.0072  0.017   0.0167  0.0026 -0.0135 -0.0086
  0.0318  0.0098 -0.0023 -0.0097  0.0046  0.0142  0.0272 -0.1221  0.0428
 -0.007  -0.0187 -0.0145 -0.0017  0.0031]
BEST 0.5680504462219992 15 P 1 [ 10.54995  15.56631   7.86029  83.65578 103.90248  91.21108] -0.08144684939617255 index_emg1.json:5 [-0.0236  0.2414  0.0215 -0.0484  0.0364  0.0196 -0.0101 -0.0515 -0.0048
 -0.005   0.1676 -0.0609  0.0312 -0.1062  0.0089 -0.054  -0.0012 -0.0056
  0.0118  0.0078  0.0036  0.002  -0.0016]
BEST 0.5711051873371316 20 P 1 [ 17.02052  13.30651  11.4594   97.64308 108.48122  93.84181] 0.14785102690924207 index_TRICLINIC_P_3.json:12 [ 0.0067  0.0364 -0.0664 -0.0001 -0.0174  0.0013  0.0227 -0.0158  0.0083
  0.012   0.0166 -0.0271 -0.0566 -0.0006 -0.0213 -0.0066  0.0057  0.029
 -0.0191  0.0166  0.0046  0.0008  0.0046]
BEST 0.5846843535984041 20 P 1 [ 16.92667  16.03777  12.45565 115.11318 111.61781  76.83675] 0.06447901458069091 index_triwide.json:8 [ 0.0461 -0.0117  0.0145  0.0014 -0.0103 -0.0133 -0.0199 -0.0185 -0.0304
  0.0001  0.0235  0.0408 -0.0015 -0.0033  0.02    0.0223  0.0078  0.0005
 -0.0135 -0.0423 -0.0012  0.0026  0.0027]
BEST 0.596934572109563 19 P 1 [ 32.86358   7.46555  13.47436  90.2021   99.30572 103.61892] 0.04410709268594074 index_triwide.json:7 [ 2.400e-03  1.509e-01 -5.260e-02 -4.100e-03 -5.440e-02  2.800e-03
  5.300e-03  1.300e-02 -4.620e-02  1.020e-02 -3.000e-03  9.300e-03
  1.200e-03  8.400e-03 -1.000e-04 -3.100e-03 -5.900e-03 -5.700e-03
 -2.300e-03  3.800e-03 -1.300e-03  2.700e-03  1.100e-03]
BEST 0.6014481942331369 18 P 1 [ 16.59243  13.6633   10.90002 108.86937  72.44335 103.07279] 0.011407769724929863 index_TRICLINIC_P_3.json:24 [ 0.0007 -0.0295 -0.0231  0.0043  0.0866 -0.0043  0.0427 -0.0253 -0.014
  0.0186  0.0518 -0.0017  0.0363 -0.017   0.0202  0.0046 -0.0078 -0.0186
 -0.0357 -0.0009 -0.0009  0.0006  0.0045]
BEST 0.6023281123616998 16 P 1 [ 9.65503 15.54897  7.70689 83.42465 96.29609 96.4952 ] -0.10706191465009174 index_emg1.json:1 [-0.0099  0.8914 -0.0446 -0.1269  0.0061  0.0166  0.0176 -0.001  -0.0773
  0.0086  0.1641  0.063  -0.0609 -0.0087  0.0301 -0.0262 -0.0086  0.0143
 -0.0106  0.0054 -0.0117 -0.0234  0.0312]
BEST 0.6044327390419773 19 P 1 [ 17.18609  13.66373  11.34214  99.23576  71.95163 106.75347] 0.0980390542220208 index_TRICLINIC_P_3.json:4 [ 3.560e-02  5.200e-03 -4.030e-02 -1.100e-02 -6.410e-02  3.220e-02
 -1.460e-02  1.030e-02  1.790e-02 -1.000e-04 -1.910e-02 -4.800e-03
  1.860e-02  3.280e-02 -1.021e-01  1.000e-04  3.000e-03  3.700e-03
 -2.400e-03 -8.000e-04  9.000e-03 -7.500e-03  2.200e-03]
BEST 0.6085677856444551 19 P 1 [ 16.73021  13.39152  11.13218  95.54325 101.70306 102.64338] 0.09619921159409807 index_TRICLINIC_P_3.json:2 [ 0.0057 -0.0196 -0.0039  0.0249  0.0099 -0.0212 -0.0088 -0.0143  0.0736
 -0.026   0.0091  0.014  -0.0071 -0.0011  0.0574 -0.0039  0.0431  0.0022
  0.0121 -0.0132 -0.0818 -0.0057  0.0022]
BEST 0.6127280115322801 17 P 1 [16.09422 12.93704  8.43512 95.4506  95.12464 98.56928] 0.124632478965032 index_TRICLINIC_P_3.json:17 [ 0.0543  0.007  -0.0295 -0.0581  0.0155  0.0155 -0.0277 -0.0072 -0.0091
 -0.011  -0.0164 -0.0106  0.0784  0.0175  0.0101  0.0016 -0.0027 -0.0073
  0.0563 -0.0106  0.0432  0.0057 -0.1397]
BEST 0.6138220186287155 23 P 1 21 1 [ 36.82772   4.33603  43.069    90.      120.6915   90.     ] 0.07057336219365332 index_wide21.json:8 [-0.0026 -0.0042 -0.0236  0.0125  0.0067  0.0145 -0.0115  0.0022 -0.0051
  0.0051 -0.0192  0.0091  0.0046  0.0105  0.005  -0.0013  0.006  -0.0251
 -0.0053  0.0124  0.     -0.0227  0.005 ]
BEST 0.6138220186287155 23 P 1 2 1 [ 36.82772   4.33603  43.069    90.      120.6915   90.     ] 0.07057336219365332 index_wide21.json:8 [-0.0026 -0.0042 -0.0236  0.0125  0.0067  0.0145 -0.0115  0.0022 -0.0051
  0.0051 -0.0192  0.0091  0.0046  0.0105  0.005  -0.0013  0.006  -0.0251
set -e
export OPENBLAS_NUM_THREADS=1 OMP_NUM_THREADS=1 PEAK_FILE=peaks_emg.json SELECT_FILE=/app/work/X8a6f5a8/peak_select_emg.json VMIN=1800 VMAX=8500 VTARGET=2800 TTHERR=.025 NSPUR=0
PLANE_IDS=2,6,9,10,13,17,20,23 INDEX_TAG=emgaxis0 python /app/work/complete_mono_axis_emg.py X8a6f5a8 0 > /app/work/X8a6f5a8/index_emgaxis0.log 2>&1
PLANE_IDS=2,6,9,10,13,17,19,20,23 INDEX_TAG=emgaxis1 python /app/work/complete_mono_axis_emg.py X8a6f5a8 1 > /app/work/X8a6f5a8/index_emgaxis1.log 2>&1
export OPENBLAS_NUM_THREADS=1 OMP_NUM_THREADS=1 PEAK_FILE=peaks_emg.json SELECT_FILE=/app/work/X8a6f5a8/peak_select_emg.json NPEAK=30 NSPUR=1 TTHERR=.018 TRIALS=120 INDEX_TIME=480 VMIN=2200 VMAX=4200 VTARGET=2800 AMAX=45 ZEROMAX=.20
SG_FILTER='P 21 21 21' INDEX_TAG=emg19 python /app/work/index_metric.py X8a6f5a8 ORTHOROMBIC P > /app/work/X8a6f5a8/index_emg19.log 2>&1
SG_FILTER='P 1 21 1' INDEX_TAG=emg4 python /app/work/index_metric.py X8a6f5a8 MONOCLINIC P > /app/work/X8a6f5a8/index_emg4.log 2>&1
HMAX=8 VMIN=1100 VMAX=3200 INDEX_TAG=emg1 python /app/work/index_metric.py X8a6f5a8 TRICLINIC P > /app/work/X8a6f5a8/index_emg1.log 2>&1
/opt/g2/GSAS-II/GSASII/GSASIIpwd.py:785:def getFCJVoigt(pos,intens,sig,gam,shl,xdata):
/opt/g2/GSAS-II/GSASII/GSASIIpwd.py:1316:def getFCJVoigt3(pos,sig,gam,shl,xdata):
{
 "cell": [
  17.605641955694704,
  7.188567124840918,
  23.14093271379739,
  90.0,
  105.36061507456351,
  90.0
 ],
 "system": "MONOCLINIC",
 "centering": "P",
 "volume": 2843.728604597899,
 "score": 7.491246571584588,
 "cost": 0.5028430877728389,
 "mode": 21,
 "zero": -0.009035146356563394,
 "rms": 0.025871009900782144,
 "maxerr": 0.07178968675622624,
 "parameters": [
  0.0585637771716944,
  0.1386317820937377,
  0.04494078175113918,
  0.2666870291776186,
  -0.009035146356563394
 ],
 "diff": [
  -0.0033042940191096272,
  -0.02422229915490984,
  0.016250891595957186,
  0.07178968675622624,
  0.0016990963819000747,
  0.0004996854843254649,
  0.0025559350014392763,
  0.012046305541827333,
  0.013869748963981274,
  -0.0429060279765025,
  -0.016354380508032403,
  -0.010877250088769191,
  0.007362828595119959,
  -0.024506673289175586,
  -0.04380970588719611,
  0.02586999832459937,
  0.014410934288438815,
  0.002684245017954159
 ],
 "hkl": [
  [
   1,
   0,
   -1
  ],
  [
   1,
   0,
   -2
  ],
  [
   2,
   0,
   -2
  ],
  [
   1,
   0,
   -3
  ],
  [
   0,
   1,
   0
  ],
  [
   1,
   1,
   0
  ],
  [
   2,
   0,
   -3
  ],
  [
   1,
   1,
   1
  ],
  [
   1,
   0,
   -4
  ],
  [
   0,
   0,
   4
  ],
  [
   1,
   1,
   2
  ],
  [
   2,
   0,
   -4
  ],
  [
   3,
   0,
   -3
  ],
  [
   3,
   0,
   1
  ],
  [
   2,
   1,
   -3
  ],
  [
   1,
   1,
   3
  ],
  [
   3,
   0,
   2
  ],
  [
   1,
   1,
   -4
  ]
 ],
 "sgstart": "P 1 2/m 1",
 "Rw": 0.09177950092257059,
 "groups": [
  {
   "sg": "P 1 2 1",
   "number": 3,
   "Rw": 9.975137249184186,
   "GoF": 9333.90441967707,
   "nGoF": 0.0,
   "mult": 2
  },
  {
   "sg": "P 1 21 1",
   "number": 4,
   "Rw": 9.98420387484683,
   "GoF": 9346.919161385333,
   "nGoF": 0.0,
   "mult": 2
  },
  {
   "sg": "I 1 2 1",
   "number": 5,
   "Rw": 16.2308732269686,
   "GoF": 22710.48162151989,
   "nGoF": 0.0,
   "mult": 4
  },
  {
   "sg": "A 1 2 1",
   "number": 5,
   "Rw": 22.977954825165195,
   "GoF": 45516.1285841445,
   "nGoF": 0.0,
   "mult": 4
  },
  {
   "sg": "C 1 2 1",
   "number": 5,
   "Rw": 29.639656212146924,
   "GoF": 75689.44041744988,
   "nGoF": 0.0,
   "mult": 4
  }
 ],
 "stol": 0.33,
 "p_pars": {
  "Zero": -0.02877284100753249,
  "2ThetaDispl": 0.0,
  "2ThetaTransp": 0.0,
  "DIFC": 48277.14,
  "DIFA": -6.7,
  "MuR": 0.0,
  "Scale_": 0.00018661827198532139
 },
 "d_pars": {
  "Global Biso": 0.0
 }
}{
 "cell": [
  16.86422000406547,
  17.99627235535582,
  22.606412956143604,
  90.0,
  110.72979744121672,
  90.0
 ],
 "system": "MONOCLINIC",
 "centering": "P",
 "sg": "P 1 21 1",
 "score": 2.8976998150448052,
 "cost": 0.3451013092550229,
 "volume": 6418.70332166467,
 "zero": 0.005667020933763016,
 "diff": [
  -0.0012381095402582412,
  -0.008794939080450793,
  0.005558865728681779,
  0.009272161576718417,
  0.009209118642183163,
  0.003203341266779354,
  0.00491286030728946,
  -0.077384288484581,
  -0.0010558162695436107,
  0.007218075603837927,
  0.00820416624587408,
  0.0052892455579514235,
  -0.016210288293874067,
  0.007338846483008074,
  0.011650676687990132,
  0.006759296163892799,
  -0.014750009128277307,
  -0.005632329252359716
 ],
 "hkl": [
  [
   1,
   0,
   0
  ],
  [
   1,
   0,
   -2
  ],
  [
   2,
   0,
   0
  ],
  [
   2,
   1,
   -1
  ],
  [
   2,
   1,
   0
  ],
  [
   2,
   0,
   1
  ],
  [
   2,
   0,
   -3
  ],
  [
   2,
   1,
   1
  ],
  [
   0,
   3,
   -1
  ],
  [
   0,
   2,
   -3
  ],
  [
   2,
   0,
   2
  ],
  [
   2,
   0,
   -4
  ],
  [
   3,
   0,
   0
  ],
  [
   3,
   0,
   -3
  ],
  [
   1,
   2,
   3
  ],
  [
   3,
   0,
   1
  ],
  [
   2,
   2,
   -4
  ],
  [
   1,
   0,
   -5
  ]
 ],
 "reduced": [
  16.857346072172753,
  17.999468508732665,
  22.63089372767123,
  90.0,
  110.81177659778024,
  90.0
 ],
 "plane_index": 0,
 "hmult": 1,
 "mode": 32,
 "sgstart": "P 1 21 1",
 "Rw": 0.07269336056051859,
 "groups": [
  {
   "sg": "P 1 2 1",
   "number": 3,
   "Rw": 8.705368541290442,
   "GoF": 8411.627511063445,
   "nGoF": 0.0,
   "mult": 2
  },
  {
   "sg": "P 1 21 1",
   "number": 4,
   "Rw": 8.7113535595266,
   "GoF": 8416.869151263392,
   "nGoF": 0.0,
   "mult": 2
  },
  {
   "sg": "I 1 2 1",
   "number": 5,
   "Rw": 13.832063340999163,
   "GoF": 18082.15796388308,
   "nGoF": 0.0,
   "mult": 4
  },
  {
   "sg": "A 1 2 1",
   "number": 5,
   "Rw": 17.096326781678968,
   "GoF": 27576.62672756078,
   "nGoF": 0.0,
   "mult": 4
  },
  {
   "sg": "C 1 2 1",
   "number": 5,
   "Rw": 27.492312491997023,
   "GoF": 71265.70540725089,
   "nGoF": 0.0,
   "mult": 4
  }
 ],
 "stol": 0.33,
 "p_pars": {
  "Zero": 0.009474804641607448,
  "2ThetaDispl": 0.0,
  "2ThetaTransp": 0.0,
  "DIFC": 48277.14,
  "DIFA": -6.7,
  "MuR": 0.0,
  "Scale_": 0.00018658808068444907
 },
 "d_pars": {
  "Global Biso": 0.0
 }
}