Xbfeeda9 Nat 140 molecule sizes [34, 34, 34, 34, 1, 1, 1, 1]
  component CN(C)C(=O)C(CC[NH+]1CCC(O)(c2ccc(Cl)cc2)CC1)(c1ccccc1)c1ccccc1 matches 4
  component [Cl-] matches 4
  bond range 1.2434209423743683 1.7145303067662445
  min intermolecular distance 3.003856372214305
Cell (13.20552672, 12.36826398, 16.69820768, 90.0, 101.65171738, 90.0) n 140 components [34, 34, 34, 34, 1, 1, 1, 1]
3.0039 128 Cl69 Cl 4 139 O13 O 3
3.1067 121 N9 N 1 129 Cl69 Cl 5
3.1661 5 C3 C 1 134 O5 O 2
3.2668 65 C22 C 1 139 O13 O 3
3.3928 40 C15 C 0 114 C34 C 2
3.4047 48 C17 C 0 105 C32 C 1
3.4704 49 C17 C 1 108 C33 C 0
3.4841 44 C16 C 0 109 C33 C 1
3.4985 45 C16 C 1 111 C33 C 3
3.5265 97 C30 C 1 103 C31 C 3
3.5357 88 C28 C 0 128 Cl69 Cl 4
3.5635 40 C15 C 0 110 C33 C 2
3.5660 44 C16 C 0 105 C32 C 1
3.5694 0 C1 C 0 79 C25 C 3
3.5813 53 C19 C 1 108 C33 C 0
3.5861 54 C19 C 2 132 O5 O 0
3.6077 16 C7 C 0 130 Cl69 Cl 6
3.6108 64 C22 C 0 128 Cl69 Cl 4
3.6144 45 C16 C 1 107 C32 C 3
3.6223 43 C15 C 3 110 C33 C 2
3.6252 100 C31 C 0 102 C31 C 2
3.6296 47 C16 C 3 113 C34 C 1
3.6529 62 C21 C 2 136 O13 O 0
3.6758 81 C26 C 1 110 C33 C 2
3.6912 61 C21 C 1 129 Cl69 Cl 5
400-        <TexturePhaseMarchDollase>
401-          <Par Refined="0" Limited="1" Min="0" Max="1" Name="Fraction">1</Par>
402:          <Par Refined="0" Limited="1" Min="0.1" Max="10" Name="MarchCoeff">1.34244</Par>
403-          <Par Refined="0" Limited="0" Min="-10" Max="10" Name="H">0</Par>
404-          <Par Refined="0" Limited="0" Min="-10" Max="10" Name="K">0</Par>
405-          <Par Refined="0" Limited="0" Min="-10" Max="10" Name="L">1</Par>
406-        </TexturePhaseMarchDollase>
407-      </TextureMarchDollase>
408-      <DiffractionDataSingleCrystal Name="" Crystal="Xbfeeda9">
409-        <Par Refined="0" Limited="0" Min="1e-10" Max="1e+10" Name="Scale factor">0.0849013</Par>
410-        <Radiation>
{
 "Rw": 0.0383449779978826,
 "chi2": 741.3859904040255
}Xbfeeda9 Nat 140 molecule sizes [34, 34, 34, 34, 1, 1, 1, 1]
  component CN(C)C(=O)C(CC[NH+]1CCC(O)(c2ccc(Cl)cc2)CC1)(c1ccccc1)c1ccccc1 matches 4
  component [Cl-] matches 4
  bond range 1.2434209423743683 1.7145303067662445
  min intermolecular distance 3.003856372214305
SUBMITTED Xbfeeda9
