/opt/g2/GSAS-II/GSASII-bin/linux_64_p3.13_n2.2/pypowder.cpython-313-x86_64-linux-gnu.so
/opt/g2/GSAS-II/GSASII/help/powdersample.html
/opt/g2/GSAS-II/GSASII/help/powderpeaks.html
/opt/g2/GSAS-II/GSASII/help/powdercomments.html
/opt/g2/GSAS-II/GSASII/help/powderrefs.html
/opt/g2/GSAS-II/GSASII/help/powderinst.html
/opt/g2/GSAS-II/GSASII/help/powderindexppeaks.html
/opt/g2/GSAS-II/GSASII/help/powderparent.html
/opt/g2/GSAS-II/GSASII/help/powdercells.html
/opt/g2/GSAS-II/GSASII/help/powder.html
/opt/g2/GSAS-II/GSASII/help/powderlimits.html
/opt/g2/GSAS-II/GSASII/help/powderbkg.html
/opt/g2/GSAS-II/GSASII/exports/template_powder.cif
/opt/g2/GSAS-II/sources/pypowder.for
/opt/g2/GSAS-II/sources/powsubs/psvfcj.f90
/opt/g2/GSAS-II/sources/powsubs/psvfcjexpo.for
/opt/g2/GSAS-II/sources/powsubs/psvfcjo.for
/opt/g2/GSAS-II/sources/LATTIC.f
/opt/g2/GSAS-II/sources/convcell.f
/opt/g2/GSAS-II/sources/NISTlatsubs/DETERM.f
/opt/g2/GSAS-II/sources/NISTlatsubs/TRANS.f
/opt/g2/GSAS-II/sources/NISTlatsubs/HEAD0.f
/opt/g2/GSAS-II/sources/NISTlatsubs/HEAD5.f
/opt/g2/GSAS-II/sources/NISTlatsubs/NORMAL.f
/opt/g2/GSAS-II/sources/NISTlatsubs/RD021.f
/opt/g2/GSAS-II/sources/NISTlatsubs/CENTER.f
/opt/g2/GSAS-II/sources/NISTlatsubs/HEAD3.f
/opt/g2/GSAS-II/sources/NISTlatsubs/REDUCE.f
/opt/g2/GSAS-II/sources/NISTlatsubs/INVERS.f
/opt/g2/GSAS-II/sources/NISTlatsubs/HEAD4.f
/opt/g2/GSAS-II/sources/NISTlatsubs/RD051.f
/opt/g2/GSAS-II/sources/NISTlatsubs/SPCOND.f
/opt/g2/GSAS-II/sources/NISTlatsubs/QMATRI.f
/opt/g2/GSAS-II/sources/NISTlatsubs/HMATRX.f
/opt/g2/GSAS-II/sources/NISTlatsubs/MNCOND.f
/opt/g2/GSAS-II/sources/NISTlatsubs/CKPT02.f
/opt/g2/GSAS-II/sources/NISTlatsubs/VOLUME.f
/opt/g2/GSAS-II/sources/NISTlatsubs/HEAD6.f
/opt/g2/GSAS-II/sources/NISTlatsubs/MULTIP.f
/opt/g2/GSAS-II/sources/NISTlatsubs/OUTPT1.f
/opt/g2/GSAS-II/sources/NISTlatsubs/SHORTV.f
/opt/g2/GSAS-II/sources/NISTlatsubs/DERIV.f
/opt/g2/GSAS-II/sources/NISTlatsubs/RD061.f
/opt/g2/GSAS-II/sources/NISTlatsubs/HEAD2.f
/opt/g2/GSAS-II/sources/NISTlatsubs/OUTPT2.f
/opt/g2/GSAS-II/sources/NISTlatsubs/DOT.f
/opt/g2/GSAS-II/sources/NISTlatsubs/SET.f
/opt/g2/GSAS-II/sources/NISTlatsubs/SPCON2.f
/opt/g2/GSAS-II/sources/NISTlatsubs/BLOCKDATA1.f
/opt/g2/GSAS-II/tests/run_pypowder.py
/opt/g2/GSAS-II/GSASII-bin/linux_64_p3.13_n2.2/pypowder.cpython-313-x86_64-linux-gnu.so
/opt/g2/GSAS-II/sources/pypowder.for
GSASII
GSASII-bin
LICENSE
README.md
backcompat
docs
meson.build
pixi
pyproject.toml
sources
tests
39:        <Par Refined="0" Limited="1" Min="0.01" Max="10" Name="Asym0">1.41907</Par>
40:        <Par Refined="0" Limited="1" Min="-1" Max="1" Name="Asym1">0.213559</Par>
41:        <Par Refined="0" Limited="1" Min="-1" Max="1" Name="Asym2">0</Par>
