{
 "radiation": {
  "type": "Cu K",
  "wavelength_A": 1.5418,
  "wavelengths_A": [
   1.5418
  ],
  "wavelength_weights": null,
  "monochromator": null,
  "source": null
 },
 "geometry": "reflection (flat plate / Bragg-Brentano)",
 "geometry_source_text": null,
 "temperature_K": 298.0,
 "two_theta_range_deg": [
  5.0,
  104.86
 ],
 "n_points": 4994,
 "intensity_column": "observed total intensity",
 "sigma_column": "sqrt(max(I,1)); counting statistics assumed",
 "pattern_units": "two_theta_deg intensity sigma",
 "notes": [
  "the depositors recorded Cu K-alpha as a single wavelength 1.5418 A (the K-alpha1/K-alpha2 weighted mean); whether the K-alpha2 component is present in the data is not stated"
 ]
}{
 "cell": [
  5.903783617655909,
  11.249379732170144,
  30.0795900574189,
  90.0,
  90.0,
  90.0
 ],
 "volume": 1984.4838723847654,
 "score": 0,
 "system": "ORTHOROMBIC",
 "centering": "P",
 "mode": 0,
 "source": "index_MONOCLINIC_P_0.json",
 "sg": "Pmmm",
 "sgstart": "Pmmm",
 "Rw": 0.07593666179367951,
 "groups": [
  {
   "sg": "P 2 2 21",
   "number": 17,
   "Rw": 8.713415682938887,
   "GoF": 240.69254748215516,
   "nGoF": 0.0,
   "mult": 4
  },
  {
   "sg": "P 2 2 2",
   "number": 16,
   "Rw": 8.719985191334056,
   "GoF": 241.8569191176284,
   "nGoF": 0.0,
   "mult": 4
  },
  {
   "sg": "P 2 21 21",
   "number": 18,
   "Rw": 8.777604348916663,
   "GoF": 243.8478592508151,
   "nGoF": 0.0,
   "mult": 4
  },
  {
   "sg": "P 2 21 2",
   "number": 17,
   "Rw": 8.784025482193567,
   "GoF": 245.01517071892158,
   "nGoF": 0.0,
   "mult": 4
  },
  {
   "sg": "P 21 2 21",
   "number": 18,
   "Rw": 9.02691415348554,
   "GoF": 258.18122618123306,
   "nGoF": 0.0,
   "mult": 4
  },
  {
   "sg": "P 21 2 2",
   "number": 17,
   "Rw": 9.033319366383633,
   "GoF": 259.40671327035875,
   "nGoF": 0.0,
   "mult": 4
  },
  {
   "sg": "P 21 21 21",
   "number": 19,
   "Rw": 9.088766234728123,
   "GoF": 261.2988300640498,
   "nGoF": 0.0,
   "mult": 4
  },
  {
   "sg": "P 21 21 2",
   "number": 18,
   "Rw": 9.09503402201642,
   "GoF": 262.5272062207314,
   "nGoF": 0.0,
   "mult": 4
  },
  {
   "sg": "A 21 2 2",
   "number": 20,
   "Rw": 34.875427840598746,
   "GoF": 3683.027681285481,
   "nGoF": 0.0,
   "mult": 8
  },
  {
   "sg": "A 2 2 2",
   "number": 21,
   "Rw": 35.1495854836427,
   "GoF": 3743.1344688829718,
   "nGoF": 0.0,
   "mult": 8
  },
  {
   "sg": "I 2 2 2",
   "number": 23,
   "Rw": 37.80781375446477,
   "GoF": 4328.416307603737,
   "nGoF": 0.0,
   "mult": 8
  },
  {
   "sg": "I 21 21 21",
   "number": 24,
   "Rw": 37.80781375446477,
   "GoF": 4328.416307603737,
   "nGoF": 0.0,
   "mult": 8
  },
  {
   "sg": "C 2 2 21",
   "number": 20,
   "Rw": 38.1344099812319,
   "GoF": 4391.937726389131,
   "nGoF": 0.0,
   "mult": 8
  },
  {
   "sg": "B 2 2 2",
   "number": 21,
   "Rw": 45.193840835341994,
   "GoF": 6194.583585001588,
   "nGoF": 0.0,
   "mult": 8
  },
  {
   "sg": "F 2 2 2",
   "number": 22,
   "Rw": 45.36697057441062,
   "GoF": 6090.908247585155,
   "nGoF": 0.0,
   "mult": 16
  },
  {
   "sg": "B 2 21 2",
   "number": 20,
   "Rw": 45.84358952194096,
   "GoF": 6363.896755837627,
   "nGoF": 0.0,
   "mult": 8
  },
  {
   "sg": "C 2 2 2",
   "number": 21,
   "Rw": 47.456636902398905,
   "GoF": 6823.213007866971,
   "nGoF": 0.0,
   "mult": 8
  }
 ],
 "stol": 0.25,
 "p_pars": {
  "Zero": 0.019095688324654518,
  "2ThetaDispl": 0.0,
  "2ThetaTransp": 0.0,
  "DIFC": 48277.14,
  "DIFA": -6.7,
  "MuR": 0.0,
  "Scale_": 0.0003599564458432964
 },
 "d_pars": {
  "Global Biso": 0.0
 }
}GALLOP 16 Nref 342 seconds 142.9850594997406 best 152.19658 q25 201.28317 median 303.62097 total 2301.920555114746
GALLOP 17 Nref 342 seconds 143.80317544937134 best 152.19658 q25 201.36147 median 299.40536 total 2445.803190946579
FINISHED X14a2b08 152.19656372070312
CYCLE 1 0 Rw 0.19984729056505918 chi2 5950.7144863311605 geom 165.948096783472 LSQ 6352.308882770998
CYCLE 1 1 Rw 0.19595658471306787 chi2 5721.268204532399 geom 59.93326323242022 LSQ 6033.880659036953
CYCLE 1 2 Rw 0.1948825461293531 chi2 5658.723505629746 geom 54.02504955072789 LSQ 5972.142214779915
PACKING_STAGE 1 6.860340644290938
