fit_deh2.json 0.08995672928398658 [6.6077267615283635, 12.3716960880876, 21.72420954079096, 94.83744528993684, 93.63433931542794, 72.91116168885118] P -1 None
fit_oldh0.json 0.12822279959341595 [5.063884241078632, 11.846698030405706, 21.713701549061128, 93.79801740524188, 92.0946772239665, 92.40103243019426] P-1 P-1
fit_2d0.json 0.0744753038416127 [11.859878191858613, 5.01369621206577, 21.734570616650437, 90.0, 86.05010540353668, 90.0] P 1 2/m 1 P 1 2/m 1
fit_2.json 0.13741477277382277 [4.91062930477394, 11.864642763376404, 21.8809139398306, 93.82012658516416, 95.03956639150407, 92.10520914189425] P-1 P-1
fit_de1.json 0.10621808922659663 [6.581412012866471, 12.206413564321087, 21.714779888666385, 87.00250646889323, 93.35707676144025, 75.64276218118695] P -1 None
fit_de2.json 0.09106943299635283 [6.613910478351195, 12.382615099380532, 21.741858742664395, 94.84751816059183, 93.6679114180935, 72.91934288839109] P -1 None
fit_1.json 0.13940083740215697 [5.040685136959435, 11.877298720245884, 21.759102115621456, 85.91240359024049, 88.88717862917514, 85.23389681623082] P-1 P-1
fit_deh0.json 0.09223096227720502 [6.582362964744483, 12.348727693398798, 21.71743313873199, 85.25795603823816, 86.68250797069945, 73.27723561885124] P -1 None
fit_force_mono.json 0.09635277107538187 [11.838503525695577, 5.004072815900225, 21.694320968178932, 90.0, 86.06823685026342, 90.0] P 1 21 1 P 1 21 1
fit_deh1.json 0.08578201390429563 [6.586226644263285, 12.214206295478863, 21.71968863028019, 87.00395200410874, 93.30434920379966, 75.63960008537467] P -1 None
fit_3.json 0.1365665016699511 [4.8810792328026436, 11.83758931370045, 21.646531854351565, 86.11259004215867, 89.73426811643523, 86.61865881531139] P-1 P-1
fit_4.json 0.12467426285726457 [4.930805337574092, 11.827538766581554, 21.73219753977565, 86.01698427466174, 85.62545869340512, 89.3113520555868] P-1 P-1
fit_2d1.json 0.06761190137761997 [5.0091383238525715, 11.848563275546834, 21.71794934646855, 86.05896163393095, 89.84305466129743, 89.82859972805159] P -1 P -1
fit_de0.json 0.10635016937703069 [6.581383944690168, 12.347859270935208, 21.715447904410937, 85.24468725257051, 86.64245588586299, 73.27759745505011] P -1 None
fit_0.json 0.13372338604703796 [5.055787575052005, 11.827412752276887, 21.669333605732486, 93.79422615047704, 92.1195306468104, 92.45190949090853] P-1 P-1
{
 "cell": {
  "a": 5.0091400146484375,
  "b": 11.848600387573242,
  "c": 21.717899322509766,
  "alpha": 86.05899810791016,
  "beta": 89.84310150146484,
  "gamma": 89.82859802246094
 },
 "space_group": "P -1",
 "space_group_number": 2
}ATTACHED_H_SCATTERING 38 heavy atoms 24 H atoms
PACKING_ENABLED 38 atoms 4884 pair terms coefficient 50.0 active_only True
HBOND_PRIOR 2 donors 8 acceptors coefficient 12.0
  0%|          | 0/5 [00:00<?, ?it/s]100%|██████████| 5/5 [00:00<00:00, 1644.95it/s]
ObjRegistry<T>::Find(ion_C): Not found !!
List of Crystal ScatteringPowers :0 object registered:
Imported powder pattern: 5536 points, 2theta=  3.720 ->  59.070, step= 0.010
FRESH_BASE X1db5091 P 1 21/c 1 0.08393986606639924 158069.5992844066
Imported powder pattern: 5536 points, 2theta=  3.720 ->  59.070, step= 0.010
SCALED 53.43615721820278 Rw 0.08393993472928879 Chi2 5536.009056910117
{
 "Rw": 0.16453563666998092,
 "chi2": 3358.2561959920063
}{
 "Rw": 0.14471843685778274,
 "chi2": 2973.5063905645006
}FCJ 10 cost 3116196.5046685445 SHL 0.10994188826294425 time 35.91827917098999
FCJ 20 cost 1697887.286066108 SHL 0.11226279582852663 time 71.41712617874146
