/app/work/gsas_index.py
/app/work/index_axial.py
/app/work/index_de.py
/app/work/index_de_v1.py
/app/work/index_metric.py
/app/work/index_metric_v1.py
/app/work/index_one.py
/app/work/parse_index_log.py
/app/work/reindex_batch.py
/app/work/run_index_batch.py
CYCLE 1 0 Rw 0.1125861306477794 chi2 1945.0801522722709 geom 8.795329424765136 LSQ 2052.910734855524
CYCLE 1 1 Rw 0.11055310522484803 chi2 1875.4677748487536 geom 23.11264406992265 LSQ 1998.358065928902
CYCLE 1 2 Rw 0.11013635355656669 chi2 1861.3545372911772 geom 3.8064974523566626 LSQ 1931.5680687880658
PACKING_STAGE 1 10.438069950883692
CYCLE 2 0 Rw 0.1098873541868194 chi2 1852.9476458008683 geom 3.0751204676703288 LSQ 1913.1500478604733
CYCLE 2 1 Rw 0.10983281338874035 chi2 1851.1087415138875 geom 2.7115713446422283 LSQ 1903.473939822598
CYCLE 2 2 Rw 0.10984716394366299 chi2 1851.592498093971 geom 2.550686564583352 LSQ 1900.6442454933065
PACKING_STAGE 2 5.337664883139231
GALLOP 11 Nref 200 seconds 150.9125461578369 best 142.65155 q25 144.29935 median 171.56183 total 1716.300458908081
  0%|          | 0/4 [00:00<?, ?it/s]100%|██████████| 4/4 [00:00<00:00, 996.63it/s]
GALLOP 12 Nref 200 seconds 177.60449862480164 best 142.65065 q25 300.52844 median 386.9665 total 1894.0330398082733
GALLOP 13 Nref 200 seconds 161.6967535018921 best 142.65071 q25 248.9802 median 391.70215 total 2055.911632299423
GALLOP 3 Nref 196 seconds 209.26303911209106 best 192.38934 q25 229.56866 median 307.08728 total 663.3759801387787
GALLOP 4 Nref 235 seconds 212.4995424747467 best 187.25981 q25 212.08624 median 301.24188 total 875.986389875412
GALLOP 5 Nref 276 seconds 208.10361862182617 best 187.04715 q25 239.93417 median 317.34982 total 1084.1857640743256
GALLOP 6 Nref 298 seconds 288.16859698295593 best 186.48587 q25 246.82549 median 301.09436 total 1372.5686542987823
GALLOP 7 Nref 298 seconds 293.29724192619324 best 165.51534 q25 221.45695 median 313.5926 total 1666.0686075687408
AT 240
AT 270
AT 300
AT 330
AT 360
