Sun Sep  6 08:32:55 UTC 2026
==== Xbfeeda9 gallop60
/opt/conda/lib/python3.11/site-packages/gallop/zm_to_cart.py:210: UserWarning: Using torch.cross without specifying the dim arg is deprecated.
Please either pass the dim explicitly or simply use torch.linalg.cross.
The default value of dim will change to agree with that of linalg.cross in a future release. (Triggered internally at /home/conda/feedstock_root/build_artifacts/libtorch_1786372131199/work/aten/src/ATen/native/Cross.cpp:63.)
  cart_coords = zm_to_cart(internal[:,torsion[i]], initial_D2[i],
==== X263b09a gallop71
GALLOP 2 Nref 409 seconds 126.20969319343567 best 131.77054 q25 365.99628 median 537.1018 total 467.96964740753174
GALLOP 3 Nref 409 seconds 166.62681889533997 best 131.75261 q25 345.67648 median 522.2008 total 634.7908084392548
GALLOP 4 Nref 409 seconds 166.6850152015686 best 131.7522 q25 314.9769 median 437.7152 total 801.6652145385742
GALLOP 5 Nref 409 seconds 216.59508204460144 best 131.75453 q25 375.95554 median 522.49036 total 1018.4850316047668
==== X14a2b08 gallop71
==== X1db5091 gallop11
Please either pass the dim explicitly or simply use torch.linalg.cross.
The default value of dim will change to agree with that of linalg.cross in a future release. (Triggered internally at /home/conda/feedstock_root/build_artifacts/libtorch_1786372131199/work/aten/src/ATen/native/Cross.cpp:63.)
  cart_coords = zm_to_cart(internal[:,torsion[i]], initial_D2[i],
GALLOP 0 Nref 335 seconds 293.6448085308075 best 188.18683 q25 238.83028 median 263.26508 total 293.7042899131775
==== X238783d gallop20
Please either pass the dim explicitly or simply use torch.linalg.cross.
The default value of dim will change to agree with that of linalg.cross in a future release. (Triggered internally at /home/conda/feedstock_root/build_artifacts/libtorch_1786372131199/work/aten/src/ATen/native/Cross.cpp:63.)
  cart_coords = zm_to_cart(internal[:,torsion[i]], initial_D2[i],
GALLOP 0 Nref 280 seconds 509.20463728904724 best 220.96054 q25 348.96423 median 408.37878 total 509.2622435092926
==== X35b7fbc gallop11
GALLOP 0 Nref 196 seconds 248.67129516601562 best 208.91447 q25 299.39755 median 346.1958 total 248.68118834495544
GALLOP 1 Nref 196 seconds 253.37459754943848 best 186.69449 q25 248.21637 median 315.79453 total 502.1845266819
GALLOP 2 Nref 196 seconds 235.46995949745178 best 162.46185 q25 251.65599 median 313.36005 total 737.7819201946259
GALLOP 3 Nref 196 seconds 258.0718982219696 best 143.8517 q25 254.06339 median 310.346 total 995.9741108417511
==== X8a06d7a refine_g11
CYCLE 3 1 Rw 0.21772628416665948 chi2 2195.212457706035 geom 26.8182799485898 LSQ 2312.8814501636934
CYCLE 3 2 Rw 0.21586909874810314 chi2 2157.922254378455 geom 44.59022299774888 LSQ 2298.68824217337
PACKING_STAGE 3 5.857371706075368
FINISHED X8a06d7a 0.21586909874810314
==== X1a56c78 gallop18
/opt/conda/lib/python3.11/site-packages/gallop/zm_to_cart.py:210: UserWarning: Using torch.cross without specifying the dim arg is deprecated.
Please either pass the dim explicitly or simply use torch.linalg.cross.
The default value of dim will change to agree with that of linalg.cross in a future release. (Triggered internally at /home/conda/feedstock_root/build_artifacts/libtorch_1786372131199/work/aten/src/ATen/native/Cross.cpp:63.)
  cart_coords = zm_to_cart(internal[:,torsion[i]], initial_D2[i],
==== X3f4781b refine_g50
CYCLE 2 1 Rw 0.14648890816605245 chi2 3177.1358156842575 geom 15.908399825951529 LSQ 3328.5491186378913
CYCLE 2 2 Rw 0.14622527395796592 chi2 3165.7104049179798 geom 16.95846609920233 LSQ 3315.9010813513264
PACKING_STAGE 2 1.4979971882942689
CYCLE 3 0 Rw 0.14154354168647684 chi2 2966.240858440726 geom 17.94499590253012 LSQ 3115.3093939177606
==== X4f6fe58 gallop41
==== X8a6f5a8 index_fcj4z2
 -2.070e-02  4.960e-02  1.100e-03 -2.200e-03  1.226e-01]
TRIAL 30 sec 248.40376806259155 cost 1.234576059230141 score 3.105331882317203 vol 1101.5125172842252 cell [ 13.4892   5.1904  18.4021  90.     121.2465  90.    ] zero 0.007475814140052251 best 1.234576059230141 diff [-0.0023 -0.5811 -0.005   0.0251 -0.634   0.0042  0.1948 -0.004  -0.0916
  0.0424 -0.0049  0.0059 -0.0729 -0.0048  0.0268 -0.0679 -0.0296  0.1972
  0.0035  0.0077 -0.0034 -0.0049  0.0038]
