B708_PARENT=45641
Sun Sep  6 08:39:26 UTC 2026
FREE_MARCH MarchCoeff_0 1.3424400091171265
CYCLE 0 0 Rw 0.04189700130860621 chi2 4896.464414659122 geom 64.79262828832363 LSQ 5110.813568018506
CYCLE 0 1 Rw 0.041801727445315275 chi2 4874.220595294441 geom 64.79262828832363 LSQ 5072.802947259991
CYCLE 0 2 Rw 0.041775892212293726 chi2 4868.197508757817 geom 64.79262828832363 LSQ 5060.110629146895
PACKING_STAGE 0 0.0
CYCLE 1 0 Rw 0.03649121517165224 chi2 3714.440221968895 geom 818.894579106473 LSQ 4976.671328174534
CYCLE 1 1 Rw 0.0356923777228328 chi2 3553.5929746533943 geom 226.43142932584308 LSQ 4081.6620188948946
CYCLE 1 2 Rw 0.03555238304286674 chi2 3525.7714333264557 geom 169.0004532202614 LSQ 3981.84090787885
PACKING_STAGE 1 0.0
CYCLE 2 0 Rw 0.03520007331370172 chi2 3456.2397280632827 geom 164.2051371982497 LSQ 3908.8828752195104
PACKING_STAGE 2 110535.87765303618
CYCLE 3 0 Rw 0.2835655976283956 chi2 27380.29828890484 geom 297199.0592665781 LSQ 384769.59960494365
CYCLE 3 1 Rw 0.2681943292117256 chi2 24492.339741034895 geom 124642.73708070697 LSQ 207052.16724613926
CYCLE 3 2 Rw 0.26778949806448127 chi2 24418.454669470335 geom 106157.5850654898 LSQ 190667.08696747507
PACKING_STAGE 3 55671.68512340127
FINISHED X263b09a 0.26778949806448127
Please either pass the dim explicitly or simply use torch.linalg.cross.
The default value of dim will change to agree with that of linalg.cross in a future release. (Triggered internally at /home/conda/feedstock_root/build_artifacts/libtorch_1786372131199/work/aten/src/ATen/native/Cross.cpp:63.)
  cart_coords = zm_to_cart(internal[:,torsion[i]], initial_D2[i],
GALLOP 0 Nref 100 seconds 175.30326461791992 best 629.9498 q25 851.0779 median 949.96375 total 175.64590883255005
The default value of dim will change to agree with that of linalg.cross in a future release. (Triggered internally at /home/conda/feedstock_root/build_artifacts/libtorch_1786372131199/work/aten/src/ATen/native/Cross.cpp:63.)
  cart_coords = zm_to_cart(internal[:,torsion[i]], initial_D2[i],
GALLOP 0 Nref 90 seconds 123.70289969444275 best 152.48442 q25 295.19763 median 347.2475 total 123.70815062522888
GALLOP 1 Nref 99 seconds 121.92426776885986 best 116.577644 q25 232.27725 median 310.9764 total 245.72918558120728
GALLOP 2 Nref 108 seconds 127.37411403656006 best 103.998474 q25 152.099 median 292.8233 total 373.1964223384857
-rw-r--r-- 1 root root 18575 Sep  6 08:39 /app/work/X8a6f5a8/index_fcj4z4.json
