START 0.1414946975722045 50138.277771469955
ObjRegistry<T>::Find(H): Not found !!
List of Crystal ScatteringPowers :4 object registered:
#  0:ScatteringPowerAtom(C)
#  1:ScatteringPowerAtom(O)
#  2:ScatteringPowerAtom(N)
#  3:ScatteringPowerAtom(Cl)
Imported powder pattern: 6786 points, 2theta=  3.810 ->  71.660, step= 0.010
EXTENDED 0.38 6786 Rw 0.14137235445626406
WITH_H 0.1411696639473657 44450486.61263835
Imported powder pattern: 6786 points, 2theta=  3.810 ->  71.660, step= 0.010
SCALED_SIGMA 80.93406096375392 6786.000000000049
TIGHT_RESTRAINTS
FLEXIBLE_RINGS
AROMATIC_PLANARITY 0
LSQ_PACKING 36 atoms 1784 terms sigma 0.01 cost 764.180201858092
EXTENDED_BACKGROUND 0.11165107434414338
CYCLE 0 0 Rw 0.11228888071187393 chi2 4293.432102310668 geom 12606561.969018435 LSQ 12295992.344406849
CYCLE 0 1 Rw 0.11303121173270016 chi2 4350.386678390077 geom 12606561.969018435 LSQ 12295962.10867417
CYCLE 0 2 Rw 0.11306895762665246 chi2 4353.292719118004 geom 12606561.969018435 LSQ 12295960.21745349
PACKING_STAGE 0 344.373546111087
CYCLE 1 0 Rw 0.6218864900180447 chi2 131690.16383871494 geom 2957502.9188279426 LSQ 6310523.710078351
CYCLE 1 1 Rw 0.28652890748386584 chi2 27955.546151953826 geom 1361715.9449552216 LSQ 1947379.6405472266
CYCLE 1 2 Rw 0.2706215967844889 chi2 24937.677143169356 geom 703436.6655244968 LSQ 1026236.4375526949
PACKING_STAGE 1 295547.22311502905
CYCLE 2 0 Rw 0.2697841570426593 chi2 24783.576438368702 geom 357496.16649539105 LSQ 646191.737453483
CYCLE 2 1 Rw 0.2727290148692192 chi2 25327.58497299879 geom 382542.34821923217 LSQ 552216.9319636389
CYCLE 2 2 Rw 0.2869952971823599 chi2 28046.62799167106 geom 300264.8520970976 LSQ 445399.63114950096
PACKING_STAGE 2 110535.87765303618
CYCLE 3 0 Rw 0.2835655976283956 chi2 27380.29828890484 geom 297199.0592665781 LSQ 384769.59960494365
CYCLE 3 1 Rw 0.2681943292117256 chi2 24492.339741034895 geom 124642.73708070697 LSQ 207052.16724613926
CYCLE 3 2 Rw 0.26778949806448127 chi2 24418.454669470335 geom 106157.5850654898 LSQ 190667.08696747507
PACKING_STAGE 3 55671.68512340127
FINISHED X263b09a 0.26778949806448127
EXACT_PAWLEY nref 427 rank 363 cond 940.4685547443802 chi2 4638.823564427965 netRwp 0.19249967647753358
ZM COc1ccc2c(c1)c(CC(=O)OCC(=O)O)c(C)n2C(=O)c1ccc(Cl)cc1.O=C1CCCCCN1 n 37 torsions 8 max_distance_error 1.0307818598676022e-08
Total degrees of freedom: 15
Total external degrees of freedom: 7 (pos: 3 rot: 4 )
Total internal degrees of freedom: 8
PREPARED X14a2b08 Nref 427 PawleyRw 0.09326756239580554 SG P -1
/opt/conda/lib/python3.11/site-packages/gallop/zm_to_cart.py:210: UserWarning: Using torch.cross without specifying the dim arg is deprecated.
Please either pass the dim explicitly or simply use torch.linalg.cross.
The default value of dim will change to agree with that of linalg.cross in a future release. (Triggered internally at /home/conda/feedstock_root/build_artifacts/libtorch_1786372131199/work/aten/src/ATen/native/Cross.cpp:63.)
  cart_coords = zm_to_cart(internal[:,torsion[i]], initial_D2[i],
RESTART_ERROR max/rms 2.9060527105539195e-06 1.2970444180677612e-06
WARM_READY /app/work/X14a2b08/gallop_71
X019b9a4:11 {'START_REFL': 100, 'RAMP_REF_EVERY': 5, 'RAMP_REF_STEP': 50, 'ENABLE_PACKING': 1, 'HBOND_COEFF': 10, 'MODEL_JSON': '/app/work/X019b9a4/isomer0.json'}
X14a2b08:11 {'HBOND_COEFF': 12, 'ENABLE_PACKING': 1}
X35b7fbc:11 {'ENABLE_PACKING': 1, 'HBOND_COEFF': 10}
Xe1fb77b:11 {'ENABLE_PACKING': 1, 'HBOND_COEFF': 10}
X019b9a4:12 {'MODEL_JSON': '/app/work/X019b9a4/isomer1.json', 'ENABLE_PACKING': 1, 'HBOND_COEFF': 10, 'START_REFL': 100, 'RAMP_REF_EVERY': 3, 'RAMP_REF_STEP': 60}
Xb7088cf:31 {'HBOND_COEFF': 8}
