2.808 [(np.float64(2.8342), (0, 0, 1))]
5.635 [(np.float64(5.6701), (0, 0, 2))]
8.288 [(np.float64(8.3257), (1, 0, -2)), (np.float64(8.4372), (0, 1, -1)), (np.float64(8.5094), (0, 0, 3)), (np.float64(8.5496), (0, 1, 3))]
8.689 [(np.float64(8.4372), (0, 1, -1)), (np.float64(8.5094), (0, 0, 3)), (np.float64(8.5496), (0, 1, 3)), (np.float64(8.6935), (1, 0, 2)), (np.float64(8.8077), (1, 1, -1))]
11.319 [(np.float64(11.3212), (1, 1, 4)), (np.float64(11.3541), (0, 0, 4))]
{
 "cost": 155.03245544433594,
 "batch": 14,
 "elapsed": 897.3809304237366,
 "centre": [
  0.0,
  0.5,
  0.5
 ]
}BATCH 11 best 155.03265380859375 diffraction 146.55267333984375 p25 445.56927490234375 seconds 728.1047239303589 centre [0.  0.5 0.5]
BATCH 12 best 155.0325164794922 diffraction 146.55255126953125 p25 443.9252624511719 seconds 779.9874613285065 centre [0.  0.5 0.5]
BATCH 13 best 155.03260803222656 diffraction 146.55096435546875 p25 417.85211181640625 seconds 834.6184883117676 centre [0.  0.5 0.5]
BATCH 14 best 155.03245544433594 diffraction 146.55242919921875 p25 453.1072692871094 seconds 897.3774268627167 centre [0.  0.5 0.5]
BATCH 15 best 155.50880432128906 diffraction 144.99151611328125 p25 527.4254150390625 seconds 947.404007434845 centre [0.  0.5 0.5]
BATCH 16 best 155.03250122070312 diffraction 146.55255126953125 p25 428.306884765625 seconds 990.4656229019165 centre [0.  0.5 0.5]
Imported powder pattern: 3201 points, 2theta=  2.007 ->  28.746, step= 0.008
corrupted size vs. prev_size
