import sys,re,json,os
sid=sys.argv[1];tag=sys.argv[2] if len(sys.argv)>2 else 'TRICLINIC_P_3';W='/app/work/'+sid
text=open(W+'/index_'+tag+'.log').read();pat=r'Solution\s*\?\s*a=\s*([\d.]+),?\s*b=\s*([\d.]+),?\s*c=\s*([\d.]+),?\s*alpha=\s*([\d.]+),?\s*beta=\s*([\d.]+),?\s*gamma=\s*([\d.]+),?\s*V=\s*([\d.]+),?\s*score=\s*([\d.]+)';rows=[]
tokens=tag.split('_');ks=next(i for i,t in enumerate(tokens) if t in ['TRICLINIC','MONOCLINIC','ORTHOROMBIC','TETRAGONAL','HEXAGONAL','CUBIC','RHOMBOEDRAL']);system=tokens[ks];centering=tokens[ks+1];mode=next((int(t) for t in tokens[ks+2:] if t.isdigit()),9)
for ma in re.finditer(pat,text):
 v=list(map(float,ma.groups()));rows.append({'cell':v[:6],'volume':v[6],'score':v[7],'system':system,'centering':centering,'mode':mode})
rows.sort(key=lambda s:-s['score']);out=[];seen=set()
for r in rows:
 key=tuple(round(x,2) for x in r['cell'])
 if key in seen:continue
 seen.add(key);out.append(r)
 if len(out)>=100:break
json.dump(out,open(W+'/index_'+tag+'_partial.json','w'),indent=1)
print(sid,len(out),out[:4])
BEST 0.563250173257355 P 1 21 1 [ 36.7369    7.46201  16.84488  90.      121.1142   90.     ] 0.001111967850443962 [-0.0062  0.1589 -0.0065 -0.0144 -0.0152  0.0237  0.004  -0.005   0.0231
  0.0415 -0.0039 -0.0439 -0.0117  0.0233 -0.027  -0.0141 -0.0063  0.0056
  0.0136 -0.0007 -0.0092  0.0019  0.0111]
BEST 0.5798062482790788 P 1 21 1 [ 33.64259   4.96346  22.91828  90.      110.8332   90.     ] 0.018598978092218534 [ 0.0128 -0.0031  0.0142  0.0525 -0.0036 -0.0119 -0.1907 -0.0127  0.0008
 -0.0043  0.0184 -0.024  -0.0005 -0.0045  0.0111  0.0019 -0.0174  0.043
 -0.0042 -0.0074 -0.0406  0.0198  0.0221]
BEST 0.5836151667652348 P 1 21 1 [34.14797  8.09939 11.61611 90.      67.08909 90.     ] -0.00037510695950341086 [-0.0081 -0.0142 -0.0088  0.0604  0.0007 -0.0048  0.0241  0.0086  0.0179
 -0.0074 -0.0066  0.1283 -0.0103 -0.0042 -0.0305 -0.0071  0.1489 -0.0056
  0.0176 -0.0118 -0.011  -0.0152  0.0114]
COMPLETE C 1 2 1 0 0 seconds 242.98051166534424
COMPLETE C 1 2 1 20 1 seconds 243.3990695476532
COMPLETE C 1 2 1 40 3 seconds 243.87577867507935
COMPLETE C 1 2 1 60 4 seconds 244.29430556297302
COMPLETE C 1 2 1 80 4 seconds 244.70612692832947
COMPLETE C 1 2 1 100 34 seconds 245.50179839134216
COMPLETE C 1 2 1 120 66 seconds 246.40990710258484
COMPLETE C 1 2 1 140 129 seconds 248.86756896972656
COMPLETE C 1 2 1 160 149 seconds 250.3874056339264
COMPLETE C 1 2 1 180 149 seconds 250.79741311073303
COMPLETE C 1 2 1 200 158 seconds 252.00782442092896
COMPLETE C 1 2 1 220 165 seconds 252.9003622531891
COMPLETE C 1 2 1 240 168 seconds 253.68388843536377
COMPLETE C 1 2 1 260 174 seconds 254.48036551475525
COMPLETE C 1 2 1 280 175 seconds 255.10873699188232
COMPLETE C 1 2 1 300 175 seconds 255.60095167160034
COMPLETE C 1 2 1 320 175 seconds 256.0007543563843
COMPLETE C 1 2 1 340 190 seconds 257.602258682251
COMPLETE C 1 2 1 360 221 seconds 260.4064633846283
COMPLETE C 1 2 1 380 228 seconds 261.30290365219116
COMPLETE C 1 2 1 400 250 seconds 263.68105578422546
START 0.12071697741151241 36494.36295890721
ObjRegistry<T>::Find(H): Not found !!
List of Crystal ScatteringPowers :4 object registered:
#  0:ScatteringPowerAtom(C)
#  1:ScatteringPowerAtom(O)
#  2:ScatteringPowerAtom(N)
#  3:ScatteringPowerAtom(Cl)
WITH_H 0.11830365837361444 35049.79087766733
Imported powder pattern: 6786 points, 2theta=  3.810 ->  71.660, step= 0.010
SCALED_SIGMA 2.2726669059843845 6785.999999999992
TIGHT_RESTRAINTS
FLEXIBLE_RINGS
AROMATIC_PLANARITY 0
LSQ_PACKING 36 atoms 1784 terms sigma 0.01 cost 6430.8117969319555
CYCLE 0 0 Rw 0.12119198166536749 chi2 7121.398348495091 geom 314.7141508572974 LSQ 8059.274436793914
CYCLE 0 1 Rw 0.12170502158841214 chi2 7181.81975410482 geom 314.7141508572974 LSQ 7760.839200377616
CYCLE 0 2 Rw 0.12167179070238861 chi2 7177.898376853163 geom 314.7141508572974 LSQ 7746.872919152973
PACKING_STAGE 0 80.39090549792412
CYCLE 1 0 Rw 0.11627589539370208 chi2 6555.3651926096145 geom 19.9316675112093 LSQ 6760.510338012104
CYCLE 1 1 Rw 0.11316556144741637 chi2 6209.349004350665 geom 94.2383349231988 LSQ 6536.954115742717
CYCLE 1 2 Rw 0.11236823304886161 chi2 6122.159067080106 geom 21.133394342036475 LSQ 6340.15997326817
PACKING_STAGE 1 28.686478655820245
CYCLE 2 0 Rw 0.11027566711747849 chi2 5896.2636306748145 geom 28.02170446089745 LSQ 6121.005498609621
CYCLE 2 1 Rw 0.10481440739191643 chi2 5326.7151379253155 geom 44.44135389073673 LSQ 5674.030986983738
CYCLE 2 2 Rw 0.10316595293578673 chi2 5160.482313134296 geom 51.47507052531831 LSQ 5444.384865274025
PACKING_STAGE 2 20.742366962383706
CYCLE 3 0 Rw 0.09978861161135684 chi2 4828.135680372531 geom 21.528444455290547 LSQ 5035.903975192571
CYCLE 3 1 Rw 0.09814114601595116 chi2 4670.030917761506 geom 19.29303808685855 LSQ 4893.378179766962
CYCLE 3 2 Rw 0.09639882245640392 chi2 4505.686424715249 geom 17.65027226535637 LSQ 4695.001697659505
PACKING_STAGE 3 16.298782753444613
FINISHED X263b09a 0.09639882245640392
Imported powder pattern: 4150 points, 2theta=  3.810 ->  45.300, step= 0.010
FRESH_BASE X263b09a P -1 0.09002723193974449 147258.60198501195
Imported powder pattern: 4150 points, 2theta=  3.810 ->  45.300, step= 0.010
SCALED 59.56834167927308 Rw 0.09004759413367451 Chi2 4151.8774910516895
/app/work/X263b09a/fit_0.json
/app/work/X263b09a/fit_1.json
/app/work/X263b09a/fit_2d0.json
/app/work/X263b09a/fit_2d1.json
/app/work/X263b09a/fit_de0.json
/app/work/X263b09a/fit_de1.json
/app/work/X263b09a/fit_de2.json
/app/work/X263b09a/fit_deh0.json
/app/work/X263b09a/fit_deh1.json
/app/work/X263b09a/fit_deh2.json
/app/work/X263b09a/fit_oldh0.json
