Xb7088cf Nat 112 molecule sizes [28, 28, 28, 28]
  component Nc1ccccc1NC(=O)c1ccc(CNC(=O)OCc2cccnc2)cc1 matches 4
  bond range 1.2192372679813543 1.5124904636198662
  min intermolecular distance 2.757091466175654
Cell (5.06118631, 9.36040514, 38.11214749, 90.0, 90.0, 90.0) n 112 components [28, 28, 28, 28]
2.7571 16 C6 C 0 102 O10 O 2
2.9403 54 C20 C 2 65 C23 C 1
2.9439 65 C23 C 1 74 C26 C 2
2.9472 70 C24 C 2 77 C27 C 1
2.9722 64 C23 C 0 111 O19 O 3
2.9816 77 C27 C 1 98 N25 N 2
2.9875 13 C5 C 1 103 O10 O 3
2.9884 61 C22 C 1 74 C26 C 2
3.0023 47 C15 C 3 72 C26 C 0
3.0897 9 C4 C 1 103 O10 O 3
3.1874 40 C14 C 0 99 N25 N 3
3.2146 8 C4 C 0 14 C5 C 2
3.2346 8 C4 C 0 10 C4 C 2
3.2474 58 C21 C 2 65 C23 C 1
3.2714 92 N16 N 0 99 N25 N 3
3.3345 7 C3 C 3 9 C4 C 1
3.3578 71 C24 C 3 108 O19 O 0
3.3619 44 C15 C 0 99 N25 N 3
3.3670 69 C24 C 1 82 C28 C 2
3.3732 13 C5 C 1 35 C12 C 3
3.4008 7 C3 C 3 13 C5 C 1
3.4532 54 C20 C 2 69 C24 C 1
3.4692 6 C3 C 2 100 O10 O 0
3.4894 9 C4 C 1 35 C12 C 3
3.5106 55 C20 C 3 60 C22 C 0
N1 H29 N8 DA 2.7801 HA 2.5430 DHA 92.11
N1 H29 O18 DA 2.5249 HA 2.0464 DHA 105.34
N1 H30 O18 DA 2.5249 HA 2.3483 DHA 87.47
N8 H35 N1 DA 2.7801 HA 2.6303 DHA 87.30
N8 H35 O10 DA 2.3360 HA 3.1932 DHA 28.30
N16 H40 N25 DA 3.2714 HA 2.5628 DHA 124.97
N16 H40 O18 DA 2.3008 HA 3.1989 DHA 25.16
N16 H40 O19 DA 2.2244 HA 2.3415 DHA 70.62
