X263b09a Nat 72 molecule sizes [29, 29, 7, 7]
  component COc1ccc2c(c1)c(CC(=O)OCC(=O)O)c(C)n2C(=O)c1ccc(Cl)cc1 matches 2
  component O=C1CCCCN1 matches 2
  bond range 1.2211283619297006 1.7102296370730887
  min intermolecular distance 2.647743392403221
Cell (5.16489937, 11.77072065, 20.56773213, 83.74226031000002, 89.52081262, 86.71164581) n 72 components [29, 29, 7, 7]
2.6477 64 O16 O 0 71 O48 O 3
2.7076 54 N54 N 2 71 O48 O 3
3.0139 70 O48 O 2 71 O48 O 3
3.2210 45 C50 C 3 64 O16 O 0
3.2950 42 C49 C 2 71 O48 O 3
3.2995 43 C49 C 3 64 O16 O 0
3.3021 0 C1 C 0 17 C10 C 1
3.3295 44 C50 C 2 57 Cl27 Cl 1
3.3510 47 C51 C 3 56 Cl27 Cl 0
3.3639 51 C53 C 3 61 O12 O 1
3.3677 51 C53 C 3 67 O17 O 1
3.3891 66 O17 O 0 71 O48 O 3
3.4053 23 C15 C 1 70 O48 O 2
3.4333 59 O2 O 1 62 O13 O 0
3.4842 4 C4 C 0 5 C4 C 1
3.5078 49 C52 C 3 61 O12 O 1
3.5422 4 C4 C 0 69 O22 O 1
3.5529 45 C50 C 3 70 O48 O 2
3.5666 50 C53 C 2 64 O16 O 0
3.5867 42 C49 C 2 43 C49 C 3
3.5901 54 N54 N 2 66 O17 O 0
3.6075 54 N54 N 2 64 O16 O 0
3.6768 1 C1 C 1 62 O13 O 0
3.7074 42 C49 C 2 55 N54 N 3
3.7467 59 O2 O 1 68 O22 O 0
N54 H63 O17 DA 3.5901 HA 3.0575 DHA 113.09
N54 H63 O48 DA 2.2374 HA 2.4273 DHA 67.08
N54 H63 O48 DA 2.7076 HA 1.7387 DHA 154.59
O17 H40 N54 DA 3.5901 HA 3.2675 DHA 97.09
O17 H40 O12 DA 3.2783 HA 2.8060 DHA 104.31
O17 H40 O13 DA 2.4968 HA 2.7154 DHA 66.80
O17 H40 O16 DA 2.2303 HA 2.8742 DHA 45.54
