CYCLE 1 2 Rw 0.11845574633092446 chi2 7241.696969573485 geom 1684.1984731223606 LSQ 9422.158738265394
PACKING_STAGE 1 59.208259985401064
CYCLE 2 0 Rw 0.11864250286592025 chi2 7264.5493915930965 geom 234.30209018639758 LSQ 8103.906871918598
CYCLE 2 1 Rw 0.11445625912867599 chi2 6760.941463054464 geom 117.77521077073472 LSQ 7597.420422936333
CYCLE 2 2 Rw 0.1067620139844905 chi2 5882.495405803804 geom 52.316249705864166 LSQ 7080.81127067707
PACKING_STAGE 2 903.9520970833034
CYCLE 3 0 Rw 0.10625498781330357 chi2 5826.754666363993 geom 49.971456137456045 LSQ 6310.892645415524
CYCLE 3 1 Rw 0.10404698050901161 chi2 5587.107706338778 geom 60.1447194214508 LSQ 5993.74584714585
CYCLE 3 2 Rw 0.10023254228417425 chi2 5184.96193948024 geom 83.25328382692669 LSQ 5571.479779511388
PACKING_STAGE 3 37.796558383612044
Please either pass the dim explicitly or simply use torch.linalg.cross.
The default value of dim will change to agree with that of linalg.cross in a future release. (Triggered internally at /home/conda/feedstock_root/build_artifacts/libtorch_1786372131199/work/aten/src/ATen/native/Cross.cpp:63.)
  cart_coords = zm_to_cart(internal[:,torsion[i]], initial_D2[i],
GALLOP 0 Nref 427 seconds 150.5018653869629 best 164.78278 q25 205.4889 median 292.41843 total 150.54779291152954
GALLOP 4 Nref 223 seconds 117.66004729270935 best 138.43748 q25 181.08966 median 346.99078 total 625.6985130310059
GALLOP 5 Nref 252 seconds 91.04204249382019 best 137.57335 q25 195.67738 median 413.88153 total 716.8399810791016
GALLOP 6 Nref 274 seconds 64.09757232666016 best 137.67874 q25 173.2028 median 350.59705 total 781.0239901542664
GALLOP 7 Nref 290 seconds 109.47559237480164 best 137.26276 q25 158.19891 median 286.80078 total 890.5277469158173
GALLOP 0 Nref 100 seconds 340.5074944496155 best 279.19736 q25 397.62335 median 472.732 total 340.51409244537354
GALLOP 1 Nref 161 seconds 398.78701972961426 best 252.97206 q25 302.494 median 400.24094 total 739.5212860107422
GALLOP 2 Nref 234 seconds 326.42501282691956 best 239.44437 q25 296.30804 median 361.01166 total 1066.1480038166046
Sun Sep  6 09:19:32 UTC 2026
