{'cell': [16.660624480775077, 11.542729190693978, 7.869134403071442, 94.65334051894826, 84.51193059394322, 108.72568003309357], 'system': 'TRICLINIC', 'centering': 'P', 'sg': 'P 1', 'volume': 1424.5896218615417, 'zero': 0.011701481758162515, 'cost': 0.19739985221819462, 'robust': 0.3879851275967422, 'rms': 0.008758553326582813, 'nclose': 23, 'diff': [0.0008432287868676506, 0.0069181194988579215, -0.002950102952733673, 0.0009811028108656205, -0.019660275476266146, -0.0009522259363338916, -0.003875021708213418, 0.007235577893111628, 0.006000305074375228, -0.0058906307592548335, -0.003923325534218543, -0.0041217814842994666, -0.000920320876809759, 0.004315265209024952, 0.00143751065775081, 0.002182113374419264, 0.010857385853203567, 0.006521050400453549, -0.022360755528971207, 0.009049025046135025, -2.6124154815896847e-05, -0.01935082950324006, 0.002282651313900491], 'hkl': [[1, 0, 0], [1, -1, 0], [2, 0, 0], [2, -1, 0], [1, 0, 1], [1, -1, 1], [0, 1, 1], [2, 0, 1], [1, 1, 1], [2, 0, -1], [3, 0, 0], [1, -2, 1], [1, 2, 0], [2, 1, -1], [0, 2, 1], [3, -1, -1], [1, 2, -1], [1, 2, 1], [1, 0, 2], [1, -1, 2], [1, -3, 1], [1, 3, 0], [2, 1, 2]], 'source': 'index_fcjnative_TRICLINIC_P_3_partial.json:0', 'reduced': [7.869134403071442, 11.542729190693978, 16.660624480775077, 71.27431996690645, 84.51193059394322, 85.34665948105174], 'score': 5.065859922198202, 'mode': 81}
metricFCJ NIGGLI (7.869134403071442, 11.542729190693978, 16.660624480775077, 71.27431996690645, 84.51193059394323, 85.34665948105174)
0.001 2 P-1 [[ 7.869  0.     0.   ]
 [ 0.936 11.505  0.   ]
 [ 1.593  5.237 15.736]]
0.01 2 P-1 [[ 7.869  0.     0.   ]
 [ 0.936 11.505  0.   ]
 [ 1.593  5.237 15.736]]
0.03 2 P-1 [[ 7.869  0.     0.   ]
 [ 0.936 11.505  0.   ]
 [ 1.593  5.237 15.736]]
0.06 2 P-1 [[ 7.869  0.     0.   ]
 [ 0.936 11.505  0.   ]
 [ 1.593  5.237 15.736]]
0.1 2 P-1 [[ 7.869  0.     0.   ]
 [ 0.936 11.505  0.   ]
 [ 1.593  5.237 15.736]]
wholefit NIGGLI (7.859316863334504, 11.549274192272865, 16.632453014967457, 71.16682227683123, 84.53416825599462, 85.3381473273765)
0.001 2 P-1 [[ 7.859  0.     0.   ]
 [ 0.939 11.511  0.   ]
 [ 1.584  5.258 15.7  ]]
0.01 2 P-1 [[ 7.859  0.     0.   ]
 [ 0.939 11.511  0.   ]
 [ 1.584  5.258 15.7  ]]
0.03 2 P-1 [[ 7.859  0.     0.   ]
 [ 0.939 11.511  0.   ]
 [ 1.584  5.258 15.7  ]]
0.06 2 P-1 [[ 7.859  0.     0.   ]
 [ 0.939 11.511  0.   ]
 [ 1.584  5.258 15.7  ]]
0.1 2 P-1 [[ 7.859  0.     0.   ]
 [ 0.939 11.511  0.   ]
 [ 1.584  5.258 15.7  ]]
HKL MODULE INDEX 1
#  1:ScatteringPowerAtom(C)
#  2:ScatteringPowerAtom(O)
#  3:ScatteringPowerAtom(N)
TRANSFER X263b09a X14a2b08 Rw 0.26183513153530535
/app/work/submit.py:5: UserWarning: Issues encountered while parsing CIF: Skipping relative stoichiometry check because CIF does not contain formula keys.
  s=CifParser(f).parse_structures(primitive=False)[0];s.remove_species(['H']);r=np.array([Chem.GetPeriodicTable().GetRcovalent(x.specie.symbol) for x in s]);D=s.distance_matrix;A=(D>.3)&(D<(r[:,None]+r[None,:])*1.2);g=nx.from_numpy_array(A);cs=list(nx.connected_components(g));print(sid,'Nat',len(s),'molecule sizes',[len(c) for c in cs])
X263b09a Nat 72 molecule sizes [29, 29, 7, 7]
  component COc1ccc2c(c1)c(CC(=O)OCC(=O)O)c(C)n2C(=O)c1ccc(Cl)cc1 matches 2
  component O=C1CCCCN1 matches 2
  bond range 1.2211283619297006 1.7102296370730887
  min intermolecular distance 2.647743392403221
STARTFIT X8a6f5a8 fcjfinal7 Rw 0.07433582253855808
GROUPS [{"sg": "P 1 21 1", "number": 4, "Rw": 8.121279476555374, "GoF": 7274.197339850735, "nGoF": 0.0, "mult": 2}]
DONE X8a6f5a8 fcjfinal7 0.06918716165117962 [16.85619553910663, 18.000456169814935, 22.598814128179928, 90.0, 110.67383586675166, 90.0]
Sun Sep  6 09:15:19 UTC 2026
