X019b9a4     []
  [('CC(=O)C(=NNc1ccc(C(=O)Nc2ccc(C(N)=O)cc2)cc1)C(=O)Nc1ccc2[nH]c(=O)[nH]c2c1', 1), ('CN1CCCC1=O', 1), ('C[S+](C)[O-]', 1)]
X07806d9 SUB [(0.1234, 'refined_1h.json'), (0.1236, 'refined_freeh.json'), (0.1301, 'refined_1.json')]
  [('[NH3+]CC(=O)CCC(=O)O', 1), ('[Cl-]', 1)]
X13023e3 SUB [(0.045, 'refined_ghigh.json'), (0.0605, 'refined_pyrflip.json'), (0.0616, 'refined_g11.json')]
  [('CC(C)Cc1ccc([C@@H](C)C(=O)O)cc1', 1), ('NC(=O)c1cccnc1', 1)]
X14a2b08     [(0.1437, 'refined_g70.json'), (0.1645, 'refined_1.json'), (0.1757, 'refined_g11.json')]
  [('COc1ccc2c(c1)c(CC(=O)OCC(=O)O)c(C)n2C(=O)c1ccc(Cl)cc1', 1), ('O=C1CCCCCN1', 1)]
X1a56c78     [(0.1907, 'refined_g18.json'), (0.2653, 'refined_g11.json')]
  [('O[C@](CC[NH+]1CCCCC1)(c1ccccc1)C1CCCCC1', 1), ('[Cl-]', 1)]
X1db5091     [(0.1332, 'refined_g11.json')]
  [('COc1ccc2c(c1)c(CC(=O)OCC(=O)O)c(C)n2C(=O)c1ccc(Cl)cc1', 1), ('NC(=O)c1cccnc1', 1)]
X2327841 SUB [(0.0714, 'refined_10t.json'), (0.094, 'refined_10.json')]
  [('CCCCCCCCCCCCCCCCCCCCCC[C@@H](C)CCCCCCCC', 1)]
X238783d     [(0.1931, 'refined_g20.json')]
  [('CC[C@H]1OC(=O)[C@H](C)[C@@H](O[C@H]2C[C@@](C)(OC)[C@@H](O)[C@H](C)O2)[C@H](C)[C@@H](O[C@@H]2O[C@H](C)C[C@H](N(C)C)[C@H]2O)[C@](C)(OC)C[C@@H](C)C(=O)[C@H](C)[C@@H](O)[C@]1(C)O', 1)]
X263b09a SUB [(0.0488, 'refined_g91.json'), (0.0523, 'refined_g72.json'), (0.0964, 'refined_g11.json')]
  [('COc1ccc2c(c1)c(CC(=O)OCC(=O)O)c(C)n2C(=O)c1ccc(Cl)cc1', 1), ('O=C1CCCCN1', 1)]
X35b7fbc     [(0.1897, 'refined_2.json'), (0.2056, 'refined_g11.json')]
  [('CC[C@@H](CO)NC(=O)[C@@H]1C=C2c3cccc4[nH]cc(c34)C[C@H]2[NH+](C)C1', 1), ('O=C([O-])C=CC(=O)O', 1)]
X3c176e2 SUB [(0.037, 'refined_10h.json'), (0.0376, 'refined_freeh.json'), (0.0425, 'refined_10.json')]
  [('OC1C(O)C(O)C(O)C(O)C1O', 1)]
X3f4781b     [(0.1388, 'refined_g50.json'), (0.158, 'refined_g11.json'), (0.2951, 'refined_1.json')]
  [('COC(=O)[C@H](c1ccccc1Cl)[NH+]1CCc2sccc2C1', 1), ('O=S(=O)([O-])O', 1)]
X4f6fe58     [(0.1002, 'refined_chem11.json'), (0.1202, 'refined_g11.json'), (0.1203, 'refined_g31.json')]
  [('O=C1CN=C(c2ccccc2Cl)c2cc(Br)ccc2N1', 1)]
X7e382cb     [(0.0586, 'refined_g40.json'), (0.0691, 'refined_g22.json'), (0.0704, 'refined_g31.json')]
  [('O=C([O-])c1ccc(-c2ccc(C(=O)[O-])cc2)cc1', 1), ('[NH4+]', 2)]
X8a06d7a     [(0.2159, 'refined_g11.json')]
  [('COc1ccc2c(c1)c(CC(=O)OCC(=O)O)c(C)n2C(=O)c1ccc(Cl)cc1', 1), ('NC(=O)c1ccccn1', 1)]
X8a6f5a8     []
  [('COc1ccccc1OCC[NH2+]C[C@@H](O)COc1cccc2[nH]c3ccccc3c12', 1), ('O=P([O-])(O)O', 1), ('CC(C)O', 1)]
X9af54a2     [(0.3266, 'refined_g11.json')]
  [('COc1ccc(OC)c([C@H](O)CNC(=O)C[NH3+])c1', 1), ('[Cl-]', 1)]
Xb7088cf SUB [(0.0557, 'refined_chem11.json'), (0.0622, 'refined_g11.json')]
  [('Nc1ccccc1NC(=O)c1ccc(CNC(=O)OCc2cccnc2)cc1', 1)]
Xbfc6d2c SUB [(0.035, 'refined_1h.json'), (0.0357, 'refined_freeh.json'), (0.036, 'refined_plan.json')]
  [('[C-]#[N+]c1ccc(-c2ccc([N+]#[C-])c(C)c2)cc1C', 1)]
Xbfeeda9 SUB [(0.0347, 'refined_g60.json'), (0.0383, 'refined_g11md.json'), (0.146, 'refined_1.json')]
  [('CN(C)C(=O)C(CC[NH+]1CCC(O)(c2ccc(Cl)cc2)CC1)(c1ccccc1)c1ccccc1', 1), ('[Cl-]', 1)]
Xd4c1a35 SUB [(0.0579, 'refined_ghigh.json'), (0.069, 'refined_g11.json'), (0.1002, 'refined_methoxy2.json')]
  [('COC1=CC(=O)C[C@@H](C)[C@]12Oc1c(Cl)c(OC)cc(OC)c1C2=O', 1)]
Xd8634a2     [(0.1636, 'refined_g2.json'), (0.2179, 'refined_g11.json'), (0.3215, 'refined_1.json')]
  [('CNS(=O)(=O)Nc1nccc(Cc2c(C)c3ccc(Oc4ncccn4)cc3oc2=O)c1F', 1)]
Xdcc971e SUB [(0.0559, 'refined_10t.json'), (0.0581, 'refined_10h.json'), (0.1043, 'refined_de11.json')]
  [('CCCCCCCCCCCCCCCC[C@@H](C)CCCCCCCCCCCC', 1)]
Xe1fb77b     [(0.1691, 'refined_1.json'), (0.191, 'refined_2.json')]
  [('O=C(/C=C/c1ccc(O)c(O)c1)O[C@@H]1C[C@@](OC(=O)/C=C/c2ccc(O)c(O)c2)(C(=O)O)C[C@@H](O)[C@@H]1O', 1), ('O', 1)]
Xe3a2935 SUB [(0.0725, 'refined_1h.json'), (0.0742, 'refined_freeh.json'), (0.075, 'refined_plan.json')]
  [('C[C@@H]1CC(=O)NN=C1c1ccc(NN=C(C#N)C#N)cc1', 1)]
Xeb393f9 SUB [(0.0593, 'refined_chem51.json'), (0.0594, 'refined_chem50.json'), (0.0608, 'refined_g51.json')]
  [('O=C(O)CCC[NH+]1CCC(O[C@@H](c2ccc(Cl)cc2)c2ccccn2)CC1', 1), ('O=S(=O)([O-])c1ccccc1', 1)]
Xebbd488     []
  [('COc1ccccc1OCC[NH2+]C[C@H](O)COc1cccc2[nH]c3ccccc3c12', 2), ('O=P([O-])(O)O', 2), ('O', 1)]
Xedd9c7b SUB [(0.0798, 'refined_g52.json'), (0.0939, 'refined_g11.json'), (0.1087, 'refined_g51.json')]
  [('C[NH+](C)CCc1c[nH]c2cccc(OP(=O)([O-])O)c12', 1)]
Xf8ac963 SUB [(0.0881, 'refined_1h.json'), (0.0884, 'refined_1.json'), (0.0931, 'refined_freeh.json')]
  [('COc1ccc(NC(=O)[C@@H]2C[C@H](C)CC[C@H]2C(C)C)cc1', 1)]
Xfca9f3c SUB [(0.0277, 'refined_10t.json'), (0.0283, 'refined_10h.json'), (0.0465, 'refined_10.json')]
  [('CCCCCCCCCCCCCCCC[C@@H](C)CCCCCCCC', 1)]
/app/work/X1a56c78/po18.log
/app/work/X1a56c78/po_scan_11.log
/opt/conda/lib/python3.11/site-packages/monty/design_patterns.py:76: UserWarning: Full symbol not available, falling back to short Hermann Mauguin symbol P22_12_1 instead
  orig_init(instance, *args, **kwargs)
FAST_SYMMETRY P 2 21 21 222gen max_relative_error 2.1123898932273732e-06
ATTACHED_H_SCATTERING 23 heavy atoms 32 H atoms
/opt/conda/lib/python3.11/site-packages/gallop/zm_to_cart.py:210: UserWarning: Using torch.cross without specifying the dim arg is deprecated.
Please either pass the dim explicitly or simply use torch.linalg.cross.
The default value of dim will change to agree with that of linalg.cross in a future release. (Triggered internally at /home/conda/feedstock_root/build_artifacts/libtorch_1786372131199/work/aten/src/ATen/native/Cross.cpp:63.)
  cart_coords = zm_to_cart(internal[:,torsion[i]], initial_D2[i],
BASE 103.76203698572647
{'axis': (0, 0, 1), 'MD': 0.9457767088676445, 'chi': 95.56049685138737}
{'axis': (1, 1, -1), 'MD': 1.0786104648953272, 'chi': 97.41369905420481}
{'axis': (1, -1, -1), 'MD': 1.1185602906035783, 'chi': 97.75523489521436}
{'axis': (1, 1, 0), 'MD': 1.0638979664249377, 'chi': 98.03553286063914}
{'axis': (1, -1, 0), 'MD': 1.0929496097800502, 'chi': 98.81336359959482}
{'axis': (1, 1, 1), 'MD': 1.05573539885155, 'chi': 99.05502969734675}
{'axis': (1, 0, -1), 'MD': 1.0666699217771862, 'chi': 99.3808872370605}
{'axis': (1, 0, 0), 'MD': 1.0495246157585663, 'chi': 100.11147727491755}
FAST_SYMMETRY P 2 2 21 2221 max_relative_error 1.2318280369072454e-06
ATTACHED_H_SCATTERING 23 heavy atoms 32 H atoms
/opt/conda/lib/python3.11/site-packages/gallop/zm_to_cart.py:210: UserWarning: Using torch.cross without specifying the dim arg is deprecated.
Please either pass the dim explicitly or simply use torch.linalg.cross.
The default value of dim will change to agree with that of linalg.cross in a future release. (Triggered internally at /home/conda/feedstock_root/build_artifacts/libtorch_1786372131199/work/aten/src/ATen/native/Cross.cpp:63.)
  cart_coords = zm_to_cart(internal[:,torsion[i]], initial_D2[i],
BASE 129.53186417110805
{'axis': (1, -1, -1), 'MD': 1.0639533446182676, 'chi': 127.78381059939431}
{'axis': (1, -1, 0), 'MD': 1.04609239078905, 'chi': 128.23176520642483}
{'axis': (1, 0, -1), 'MD': 1.0333814292756343, 'chi': 128.54809939735947}
{'axis': (1, -1, 1), 'MD': 1.0365080826946174, 'chi': 128.5823525960069}
{'axis': (1, 0, 0), 'MD': 1.0219529522447734, 'chi': 128.85006191440846}
{'axis': (1, 0, 1), 'MD': 1.0168015041493137, 'chi': 129.05466734892673}
{'axis': (1, 1, -1), 'MD': 1.0190350684188607, 'chi': 129.21788000311005}
{'axis': (0, 0, 1), 'MD': 0.9899256307386665, 'chi': 129.28679731843488}
"""Alternating conditional rigid-fragment direct-space searches.
A validated native seed supplies the unchanged fragments; only the selected
fragments are randomized/optimized in each pass. Final Rietveld refinement must
release all fragments. This is a search, not an assertion of convergence.
"""
import os,sys,json,time,shutil,numpy as np,torch
from gallop_io import load_structure
from gallop import tensor_prep,zm_to_cart,chi2
from gallop.optim import local
from hydrogen_prefix import enable_hydrogen_prefix
from gallop_fast_symmetry import enable_fast_symmetry
from gallop_packing import enable_packing
from gallop_hbond import enable_hbonds
sid,source,run=sys.argv[1:4];W='/app/work/'+sid;S=W+'/gallop_'+source;G=W+'/gallop_'+run;os.makedirs(G,exist_ok=True)
for f in os.listdir(S):
 if f.endswith('.zmatrix') or f in ['structure.json','model.json','base.xml','warm.npz']:shutil.copyfile(S+'/'+f,G+'/'+f)
torch.set_num_threads(1);torch.set_num_interop_threads(1);s=load_structure(G+'/structure.json');enable_fast_symmetry(s);enable_hydrogen_prefix(s,G+'/model.json');enable_packing(s,G+'/model.json');enable_hbonds(s,G+'/model.json');s.get_total_degrees_of_freedom(verbose=False)
tensor_prep.get_zm_related_tensors(s,1,torch.float32,torch.device('cpu'))
warm=np.load(G+'/warm.npz');N=int(os.getenv('PARTICLES','128'));IT=int(os.getenv('ITERATIONS','350'));t0=time.time()
cur_e=warm['external'][0].copy();cur_t=warm['internal'][0].copy();best=1.e100
schedule=[list(map(int,v.split(','))) for v in os.getenv('FREE_SCHEDULE','0;1;0;1').split(';')]
def save(e,t,v,step):
 np.savez_compressed(G+'/best.npz',external=e[None],internal=t[None],chi2=v)
 ts=tensor_prep.get_all_required_tensors(s,external=e[None],internal=t[None],requires_grad=False,device=torch.device('cpu'),verbose=False)
 with torch.no_grad():fr=zm_to_cart.get_asymmetric_coords(**ts['zm']).numpy()[0]
 np.save(G+'/best_frac.npy',fr);json.dump(dict(chi2=float(v),elapsed=time.time()-t0,step=step),open(G+'/best.json','w'))
ts=tensor_prep.get_all_required_tensors(s,external=cur_e[None],internal=cur_t[None],requires_grad=False,device=torch.device('cpu'),verbose=False)
with torch.no_grad():best=float(chi2.get_chi_2(ts['zm'],ts['int_tensors'],ts['chisqd_tensors'])[0])
save(cur_e,cur_t,best,-1);print('INITIAL',sid,best,flush=True)
for step,free in enumerate(schedule):
 me=np.zeros(s.total_external_degrees_of_freedom);mi=np.zeros(s.total_internal_degrees_of_freedom)
 for j in free:
  me[np.r_[s.position_indices[j],s.rotation_indices[j]]]=1;mi[s.torsion_indices[j]]=1
 masks=[torch.tensor(me,dtype=torch.float32),torch.tensor(mi,dtype=torch.float32)]
 class MaskedAdam(torch.optim.Adam):
  def step(self,closure=None):
   for p,m in zip(self.param_groups[0]['params'],masks):
    if p.grad is not None:p.grad.mul_(m)
   return super().step(closure)
 e=np.tile(cur_e,(N,1));t=np.tile(cur_t,(N,1));near=N//4
 for j in free:
  pp=s.position_indices[j];rr=s.rotation_indices[j];tt=s.torsion_indices[j]
  e[1:near,pp]+=np.random.normal(size=(near-1,len(pp)))*.10
  e[near:,pp]=np.random.rand(N-near,len(pp))
  if len(rr):
   e[1:near,rr]+=np.random.normal(size=(near-1,len(rr)))*.25
   e[near:,rr]=np.random.normal(size=(N-near,len(rr)))
  if len(tt):
   t[1:near,tt]+=np.random.normal(size=(near-1,len(tt)))*.4
   t[near:,tt]=np.random.uniform(-np.pi,np.pi,size=(N-near,len(tt)))
 opt=MaskedAdam([torch.zeros(1,requires_grad=True)],lr=.04)
 r=local.minimise(s,external=e,internal=t,n_iterations=IT,n_cooldown=IT//4,learning_rate=.04,optimizer=opt,device=torch.device('cpu'),loss='sum',use_progress_bar=False,save_CIF=False,verbose=False,check_min=25)
 assert np.max(np.abs(r['external'][:,me==0]-e[:,me==0]),initial=0)<1e-5,'Fixed external DoFs moved'
 assert np.max(np.abs(r['internal'][:,mi==0]-t[:,mi==0]),initial=0)<1e-5,'Fixed internal DoFs moved'
 k=int(r['chi_2'].argmin());v=float(r['chi_2'][k]);print('CONDITIONAL',step,free,'best',v,'q25',np.quantile(r['chi_2'],.25),'sec',time.time()-t0,flush=True)
 if v<best:
  best=v;cur_e=r['external'][k].copy();cur_t=r['internal'][k].copy();save(cur_e,cur_t,best,step)
print('FINISHED',sid,best,flush=True)
set -e
export OPENBLAS_NUM_THREADS=1 OMP_NUM_THREADS=1
for pid in 16742 51090;do
 while [[ -r /proc/$pid/status ]] && ! grep -q '^State:.*Z' /proc/$pid/status;do sleep 5;done
done
for id in X263b09a X14a2b08 X1db5091;do
 old=$(python - "$id" <<'PY'
import json,sys,os,subprocess
W='/app/work/'+sys.argv[1];ans=[]
for run in ['g11','g70','g72','g73','g91','1']:
 if not os.path.exists(W+'/refined_'+run+'.json'):continue
 r=subprocess.run([sys.executable,'/app/work/submit.py',sys.argv[1],W+'/refined_'+run+'.cif','--check'],stdout=subprocess.DEVNULL,stderr=subprocess.DEVNULL)
 if r.returncode==0:ans.append((json.load(open(W+'/refined_'+run+'.json'))['Rw'],run))
print(min(ans)[1])
PY
 )
 python /app/work/split_synthon.py "$id" "$old" split50 > /app/work/$id/split50.log 2>&1
 GALLOP_STOL=.28 python /app/work/warm_gallop.py $id 50 /app/work/$id/search_split50/best.xml /app/work/$id/search_split50/model.json > /app/work/$id/warm50.log 2>&1
 SEARCH_TIME=1500 PARTICLES=128 ITERATIONS=400 BUMP_COEFF=70 HBOND_COEFF=15 MACRO_ELITE_FRAC=.35 START_NPZ=/app/work/$id/gallop_50/warm.npz START_JITTER=.08 START_TOR_JITTER=.35 python /app/work/search_gallop.py $id 50 1 --hscatter --packing > /app/work/$id/gallop50.log 2>&1
 python /app/work/import_gallop.py $id 50 > /app/work/$id/import_g50.log 2>&1
 python /app/work/refine_obj.py $id g50 /app/work/$id/search_g50/best.xml --scale --tight --stol=.4 > /app/work/$id/refine_g50.log 2>&1
 python /app/work/submit.py $id /app/work/$id/refined_g50.cif --check > /app/work/$id/check_g50.log 2>&1
done
