==== /app/work/queue_brconditional.sh
set -e
export OPENBLAS_NUM_THREADS=1 OMP_NUM_THREADS=1
id=X4f6fe58
mkdir -p /app/work/$id/search_chem11
cp /app/work/$id/search_g11/model.json /app/work/$id/search_chem11/model.json
python /app/work/refine_obj.py $id chem11 /app/work/$id/refined_g11.xml --scale --tight --stol=.38 > /app/work/$id/refine_chem11.log 2>&1
# No partial-heavy-atom positional prior is retained.
GALLOP_STOL=.28 python /app/work/warm_gallop.py $id 82 /app/work/$id/refined_chem11.xml /app/work/$id/search_chem11/model.json > /app/work/$id/warm82.log 2>&1
BUMP_COEFF=70 HBOND_COEFF=12 PARTICLES=128 ITERATIONS=350 FREE_SCHEDULE='0;1;0;1' python /app/work/search_conditional.py $id 82 83 > /app/work/$id/conditional83.log 2>&1
python /app/work/import_gallop.py $id 83 > /app/work/$id/import_g83.log 2>&1
python /app/work/refine_obj.py $id g83 /app/work/$id/search_g83/best.xml --scale --tight --stol=.4 > /app/work/$id/refine_g83.log 2>&1
python /app/work/submit.py $id /app/work/$id/refined_g83.cif --check > /app/work/$id/check_g83.log 2>&1
==== /app/work/queue_nicotinamide_cond.sh
set -e
export OPENBLAS_NUM_THREADS=1 OMP_NUM_THREADS=1
id=X1db5091
GALLOP_STOL=.28 python /app/work/warm_gallop.py $id 90 /app/work/$id/refined_g11.xml /app/work/$id/search_g11/model.json > /app/work/$id/warm90.log 2>&1
BUMP_COEFF=70 HBOND_COEFF=40 PARTICLES=96 ITERATIONS=300 FREE_SCHEDULE='1;1;1' python /app/work/search_conditional.py $id 90 91 > /app/work/$id/conditional91.log 2>&1
python /app/work/import_gallop.py $id 91 > /app/work/$id/import_g91.log 2>&1
python /app/work/refine_obj.py $id g91 /app/work/$id/search_g91/best.xml --scale --tight --stol=.4 > /app/work/$id/refine_g91.log 2>&1
python /app/work/submit.py $id /app/work/$id/refined_g91.cif --check > /app/work/$id/check_g91.log 2>&1
==== /app/work/queue_acm73.sh
set -e
export OPENBLAS_NUM_THREADS=1 OMP_NUM_THREADS=1
id=X14a2b08
python /app/work/transfer_acm.py X263b09a $id g91 transfer73 > /app/work/$id/transfer73.log 2>&1
GALLOP_STOL=.27 python /app/work/warm_gallop.py $id 73 /app/work/$id/search_transfer73/best.xml /app/work/$id/search_transfer73/model.json > /app/work/$id/warm73.log 2>&1
SEARCH_TIME=1500 PARTICLES=128 ITERATIONS=450 HBOND_COEFF=12 BUMP_COEFF=60 START_NPZ=/app/work/$id/gallop_73/warm.npz START_JITTER=.10 START_TOR_JITTER=.4 MACRO_ELITE_FRAC=.4 python /app/work/search_gallop.py $id 73 1 --hscatter --packing > /app/work/$id/gallop73.log 2>&1
python /app/work/import_gallop.py $id 73 > /app/work/$id/import_g73.log 2>&1
python /app/work/refine_obj.py $id g73 /app/work/$id/search_g73/best.xml --scale --tight --stol=.4 > /app/work/$id/refine_g73.log 2>&1
python /app/work/submit.py $id /app/work/$id/refined_g73.cif --check > /app/work/$id/check_g73.log 2>&1
==== /app/work/queue_gallop_D8.sh
export OPENBLAS_NUM_THREADS=1 OMP_NUM_THREADS=1
while [[ -r /proc/17408/status ]] && ! grep -q '^State:.*Z' /proc/17408/status; do sleep 5;done
# Independently test the two-screw orthorhombic group: 100 observed; 010 and 003 absent for X1a.
python - <<'PY'
import json
W='/app/work/X1a56c78';j=json.load(open(W+'/fit_1.json'));j['sg']='P 2 21 21';json.dump([j],open(W+'/candidates_sg18.json','w'))
PY
SG_SCAN=0 CANDIDATE_FILE=/app/work/X1a56c78/candidates_sg18.json CANDIDATE_INDEX=0 python /app/work/fit_candidate.py X1a56c78 sg18 .30 > /app/work/X1a56c78/fit_sg18.log 2>&1
mkdir -p /app/work/X1a56c78/gallop_18; cp /app/work/X1a56c78/fit_sg18.xml /app/work/X1a56c78/gallop_18/base.xml
BASE_XML=/app/work/X1a56c78/gallop_18/base.xml SEARCH_TIME=1700 PARTICLES=128 ITERATIONS=400 GALLOP_STOL=.24 CONF_RANK=1 python /app/work/search_gallop.py X1a56c78 18 1 --prepare --hscatter --packing > /app/work/X1a56c78/gallop18.log 2>&1
python /app/work/import_gallop.py X1a56c78 18 > /app/work/X1a56c78/import_g18.log 2>&1
python /app/work/refine_obj.py X1a56c78 g18 /app/work/X1a56c78/search_g18/best.xml --scale --tight > /app/work/X1a56c78/refine_g18.log 2>&1
# Independent centrosymmetric hypothesis for the nearly-monoclinic acemetacin/picolinamide lattice.
mkdir -p /app/work/X8a06d7a/gallop_12
python /app/work/extend_low_base.py X8a06d7a /app/work/X8a06d7a/fit_2d1.xml /app/work/X8a06d7a/gallop_12/base.xml > /app/work/X8a06d7a/extend_low12.log 2>&1
BASE_XML=/app/work/X8a06d7a/gallop_12/base.xml HBOND_COEFF=12 BUMP_COEFF=60 START_REFL=100 SEARCH_TIME=1800 PARTICLES=128 ITERATIONS=400 GALLOP_STOL=.25 CONF_RANK=1 python /app/work/search_gallop.py X8a06d7a 12 1 --prepare --hscatter --packing > /app/work/X8a06d7a/gallop12.log 2>&1
python /app/work/import_gallop.py X8a06d7a 12 > /app/work/X8a06d7a/import_g12.log 2>&1
python /app/work/refine_obj.py X8a06d7a g12 /app/work/X8a06d7a/search_g12/best.xml --scale --tight --stol=.38 > /app/work/X8a06d7a/refine_g12.log 2>&1
for id in Xd8634a2 Xb7088cf; do
 START_REFL=90 RAMP_REF_EVERY=5 RAMP_REF_STEP=40 SEARCH_TIME=1700 PARTICLES=128 ITERATIONS=400 GALLOP_STOL=.25 CONF_RANK=4 python /app/work/search_gallop.py $id 31 1 --prepare --hscatter --packing > /app/work/$id/gallop31.log 2>&1
 python /app/work/import_gallop.py $id 31 > /app/work/$id/import_g31.log 2>&1
 python /app/work/refine_obj.py $id g31 /app/work/$id/search_g31/best.xml --scale --tight > /app/work/$id/refine_g31.log 2>&1
 done
==== /app/work/queue_b708_warm.sh
set -e
export OPENBLAS_NUM_THREADS=1 OMP_NUM_THREADS=1
while [[ -r /proc/39221/status ]] && ! grep -q '^State:.*Z' /proc/39221/status;do sleep 5;done
id=Xb7088cf
mkdir -p /app/work/$id/search_chem11
cp /app/work/$id/search_g11/model.json /app/work/$id/search_chem11/model.json
python /app/work/refine_obj.py $id chem11 /app/work/$id/refined_g11.xml --scale --tight --stol=.38 > /app/work/$id/refine_chem11.log 2>&1
GALLOP_STOL=.27 python /app/work/warm_gallop.py $id 50 /app/work/$id/refined_chem11.xml /app/work/$id/search_chem11/model.json > /app/work/$id/warm50.log 2>&1
SEARCH_TIME=1800 PARTICLES=128 ITERATIONS=450 BUMP_COEFF=70 HBOND_COEFF=15 START_NPZ=/app/work/$id/gallop_50/warm.npz START_JITTER=.10 START_TOR_JITTER=.45 MACRO_ELITE_FRAC=.4 python /app/work/search_gallop.py $id 50 1 --hscatter --packing > /app/work/$id/gallop50.log 2>&1
python /app/work/import_gallop.py $id 50 > /app/work/$id/import_g50.log 2>&1
python /app/work/refine_obj.py $id g50 /app/work/$id/search_g50/best.xml --scale --tight --stol=.4 > /app/work/$id/refine_g50.log 2>&1
python /app/work/submit.py $id /app/work/$id/refined_g50.cif --check > /app/work/$id/check_g50.log 2>&1
==== /app/work/queue_x7ion.sh
set -e
export OPENBLAS_NUM_THREADS=1 OMP_NUM_THREADS=1 CHARGED_N_MIN=3.15
while [[ -r /proc/41900/status ]] && ! grep -q '^State:.*Z' /proc/41900/status;do sleep 5;done
id=X7e382cb
GALLOP_STOL=.29 python /app/work/warm_gallop.py $id 41 /app/work/$id/refined_g40.xml /app/work/$id/search_g40/model.json > /app/work/$id/warm41.log 2>&1
EXACT_BUMP_IMAGES=1 HBOND_MULTIPLE=1 HBOND_COEFF=20 BUMP_COEFF=150 SEARCH_TIME=1800 PARTICLES=128 ITERATIONS=450 START_NPZ=/app/work/$id/gallop_41/warm.npz START_JITTER=.10 START_TOR_JITTER=.45 MACRO_ELITE_FRAC=.45 python /app/work/search_gallop.py $id 41 1 --hscatter --packing > /app/work/$id/gallop41.log 2>&1
python /app/work/import_gallop.py $id 41 > /app/work/$id/import_g41.log 2>&1
python /app/work/refine_obj.py $id g41 /app/work/$id/search_g41/best.xml --scale --tight --stol=.4 > /app/work/$id/refine_g41.log 2>&1
python /app/work/submit.py $id /app/work/$id/refined_g41.cif --check > /app/work/$id/check_g41.log 2>&1
==== /app/work/queue_gallop_A4.sh
export OPENBLAS_NUM_THREADS=1 OMP_NUM_THREADS=1
while [[ -r /proc/15174/status ]] && ! grep -q '^State:.*Z' /proc/15174/status; do sleep 5; done
for id in Xbfeeda9 X35b7fbc Xe1fb77b X019b9a4; do
 model=; secs=2300; [[ $id == X35b7fbc ]] && model=--model=/app/work/X35b7fbc/cis.json
 SEARCH_TIME=$secs PARTICLES=160 ITERATIONS=450 GALLOP_STOL=.24 CONF_RANK=0 python /app/work/search_gallop.py $id 11 1 --prepare --hscatter $model > /app/work/$id/gallop11.log 2>&1
 python /app/work/import_gallop.py $id 11 > /app/work/$id/import_g11.log 2>&1
 python /app/work/refine_obj.py $id g11 /app/work/$id/search_g11/best.xml --scale --tight > /app/work/$id/refine_g11.log 2>&1
done
