X1a56c78 root 88 expected {1: 'S'} actual {1: 'S'} OK True
X1a56c78 root 89 expected {1: 'S'} actual {1: 'S'} OK True
X1a56c78 root 90 expected {1: 'S'} actual {1: 'S'} OK True
X1a56c78 root 91 expected {1: 'S'} actual {1: 'S'} OK True
GALLOP 11 Nref 341 seconds 155.79530477523804 best 136.50111 q25 137.79361 median 326.6977 total 1480.406646490097
  0%|          | 0/4 [00:00<?, ?it/s]100%|██████████| 4/4 [00:00<00:00, 917.89it/s]
GALLOP 12 Nref 341 seconds 154.01382112503052 best 136.50137 q25 326.9337 median 417.73474 total 1634.51668715477
GALLOP 13 Nref 341 seconds 157.30075430870056 best 136.50082 q25 272.66116 median 431.37878 total 1791.8935899734497
GALLOP 0 Nref 100 seconds 340.5074944496155 best 279.19736 q25 397.62335 median 472.732 total 340.51409244537354
GALLOP 1 Nref 161 seconds 398.78701972961426 best 252.97206 q25 302.494 median 400.24094 total 739.5212860107422
GALLOP 2 Nref 234 seconds 326.42501282691956 best 239.44437 q25 296.30804 median 361.01166 total 1066.1480038166046
GALLOP 3 Nref 280 seconds 517.7038688659668 best 233.7084 q25 298.9871 median 360.69977 total 1584.0443432331085
CONDITIONAL 1 [1] best 151.372314453125 q25 455.48807 sec 415.999653339386
CONDITIONAL 2 [0] best 149.7827606201172 q25 374.9851 sec 622.2934896945953
CONDITIONAL 3 [1] best 149.46896362304688 q25 295.47565 sec 833.5918073654175
FINISHED X4f6fe58 149.46896362304688
GALLOP 1 Nref 427 seconds 164.1642575263977 best 164.74203 q25 205.22011 median 289.15744 total 314.8462293148041
GALLOP 2 Nref 427 seconds 209.9242353439331 best 162.51817 q25 194.98083 median 282.85986 total 524.9767940044403
GALLOP 3 Nref 427 seconds 215.93280744552612 best 149.84236 q25 178.16629 median 253.95651 total 741.1825435161591
GALLOP 4 Nref 427 seconds 232.60551381111145 best 149.84232 q25 179.77048 median 248.48178 total 974.0730621814728
