ObjRegistry<T>::Find(ammonium_N): Not found !!
List of Crystal ScatteringPowers :4 object registered:
#  0:ScatteringPowerAtom(O)
#  1:ScatteringPowerAtom(C)
#  2:ScatteringPowerAtom(ion_N)
#  3:ScatteringPowerAtom(H)
EXPLICIT_AMMONIUM_SEED 0.06004060612802438
X7e382cb Nat 40 molecule sizes [18, 18, 1, 1, 1, 1]
  component O=C([O-])c1ccc(-c2ccc(C(=O)[O-])cc2)cc1 matches 2
  component [NH4+] matches 4
  bond range 1.270585430493794 1.5201306306832572
  min intermolecular distance 2.522323703720544
CYCLE 2 1 Rw 0.08980051952187168 chi2 6147.365728412289 geom 176.02104426040253 LSQ 6811.414770308734
CYCLE 2 2 Rw 0.0897202804070628 chi2 6136.384972018412 geom 175.23042633604325 LSQ 6800.596364184621
PACKING_STAGE 2 118.4384370712437
CYCLE 3 0 Rw 0.0899479797683072 chi2 6167.571320526745 geom 155.0097312578228 LSQ 6787.364194078393
CYCLE 3 1 Rw 0.08998589880704012 chi2 6172.77249729376 geom 145.08613275554075 LSQ 6763.480175430939
CYCLE 3 2 Rw 0.08970171338165658 chi2 6133.845465316698 geom 140.80319983831748 LSQ 6709.157845273663
PACKING_STAGE 3 90.0616512606651
FINISHED X4f6fe58 0.08970171338165658
GALLOP 2 Nref 211 seconds 149.20572519302368 best 99.64931 q25 152.52448 median 195.99094 total 603.7232489585876
GALLOP 3 Nref 211 seconds 133.6086301803589 best 97.03676 q25 151.81163 median 210.7332 total 737.3863160610199
GALLOP 4 Nref 211 seconds 212.86195826530457 best 92.55747 q25 138.16043 median 198.39209 total 950.3652412891388
GALLOP 5 Nref 211 seconds 230.7916820049286 best 92.48815 q25 177.73361 median 206.42007 total 1181.28719830513
GALLOP 6 Nref 211 seconds 238.28244709968567 best 92.48051 q25 155.66946 median 206.36229 total 1419.6974234580994
GALLOP 7 Nref 211 seconds 221.32564973831177 best 92.478516 q25 155.68787 median 192.25946 total 1641.305805683136
