
 Xb7088cf
fit_2.json 0.04501964170897154 [5.046836654503962, 9.409366527550716, 38.15998030067557, 90.0, 90.0, 90.0]
[('P 2 21 2', 4.9, 4), ('P m m n:1', 4.905, 8), ('P 21 21 2', 4.908, 4), ('P 2 21 21', 4.922, 4), ('P 21 21 21', 4.93, 4), ('P 2 2 2', 4.947, 4), ('P 21 2 2', 4.954, 4), ('P 2 2 21', 4.972, 4), ('P 21 2 21', 4.979, 4), ('P m c b', 5.141, 8), ('P m c n', 5.15, 8), ('P 21 c n', 5.15, 4)]

 X35b7fbc
fit_0.json 0.07523139293336908 [5.709693288866435, 12.76769071336346, 33.141927408324, 90.0, 90.0, 90.0]
[('P 21 21 21', 8.041, 4), ('P 2 21 21', 8.044, 4), ('P 21 2 21', 8.046, 4), ('P 2 2 21', 8.05, 4), ('P 21 21 2', 8.183, 4), ('P 2 21 2', 8.186, 4), ('P 21 2 2', 8.188, 4), ('P 2 2 2', 8.191, 4), ('A 21 2 2', 46.345, 8), ('A 2 2 2', 46.352, 8), ('B 2 21 2', 52.058, 8), ('B 2 2 2', 55.457, 8)]

 Xd8634a2
fit_0.json 0.08728370169030533 [8.910224529671574, 9.47853854706852, 13.245448446774777, 83.9828213031522, 81.77582566596926, 66.67860706119507]
[('P 1', 9.08, 1), ('P -1', 9.08, 2)]

 Xe1fb77b
fit_0.json 0.07439112990063987 [5.593090594905358, 15.360249447228068, 13.88067662158616, 90.0, 94.9750225450401, 90.0]
[('P 1 21 1', 7.683, 2), ('P 1 2 1', 7.715, 2), ('A 1 2 1', 46.157, 4), ('C 1 2 1', 48.047, 4), ('I 1 2 1', 50.329, 4)]

 X019b9a4
fit_0.json 0.04871739739618221 [8.444325229796771, 10.920782596352824, 18.443500578759327, 90.2781590635078, 94.00562863167063, 106.22642550265664]
[('P 1', 6.134, 1), ('P -1', 6.134, 2)]

 X1a56c78
fit_1.json 0.07593666179367951 [5.903783617655909, 11.249379732170144, 30.0795900574189, 90.0, 90.0, 90.0]
[('P 2 2 21', 8.713, 4), ('P 2 2 2', 8.72, 4), ('P 2 21 21', 8.778, 4), ('P 2 21 2', 8.784, 4), ('P 21 2 21', 9.027, 4), ('P 21 2 2', 9.033, 4), ('P 21 21 21', 9.089, 4), ('P 21 21 2', 9.095, 4), ('A 21 2 2', 34.875, 8), ('A 2 2 2', 35.15, 8), ('I 2 2 2', 37.808, 8), ('I 21 21 21', 37.808, 8)]

 X9af54a2
fit_0.json 0.09741624604904386 [5.178814129193726, 8.253796883565743, 32.95194847624056, 90.0, 92.75211080328904, 90.0]
[('P 1 21 1', 10.644, 2), ('P 1 2 1', 10.649, 2), ('A 1 2 1', 47.531, 4), ('C 1 2 1', 54.054, 4), ('I 1 2 1', 62.237, 4)]

 X1db5091

 X238783d
fit_1.json 0.06987730218917643 [8.845430658561238, 23.9612440518578, 40.305044885441596, 90.0, 90.0, 90.0]
[('P 21 21 21', 9.469, 4), ('P 2 21 21', 9.47, 4), ('P 21 21 2', 9.503, 4), ('P 2 21 2', 9.505, 4), ('P 21 2 21', 9.537, 4), ('P 2 2 21', 9.538, 4), ('P 21 2 2', 9.543, 4), ('P 2 2 2', 9.544, 4), ('B 2 2 2', 24.937, 8), ('B 2 21 2', 24.998, 8), ('A 21 2 2', 29.442, 8), ('F 2 2 2', 34.052, 16)]
MATRIX_ERROR 1.4825784792040396e-06
BASELINE 0.1399216511302374 0.13992167196722452 1864.5840201240098
{'axis': (1, -1, -1), 'MD': 1.0468449549459753, 'chi2': 1832.2852457406698, 'Rw': 0.1387044994168278}
{'axis': (1, -1, 0), 'MD': 1.0332108404278995, 'chi2': 1841.2995263267476, 'Rw': 0.13904527257188146}
{'axis': (0, 0, 1), 'MD': 0.9858836706202423, 'chi2': 1848.1961500318394, 'Rw': 0.13930542760151754}
{'axis': (1, -1, 1), 'MD': 1.023553992521491, 'chi2': 1850.2646249093232, 'Rw': 0.13938336013023916}
{'axis': (1, 0, -1), 'MD': 1.0194395691694826, 'chi2': 1851.971575173673, 'Rw': 0.1394476389400103}
/opt/conda/lib/python3.11/site-packages/gallop/zm_to_cart.py:210: UserWarning: Using torch.cross without specifying the dim arg is deprecated.
Please either pass the dim explicitly or simply use torch.linalg.cross.
The default value of dim will change to agree with that of linalg.cross in a future release. (Triggered internally at /home/conda/feedstock_root/build_artifacts/libtorch_1786372131199/work/aten/src/ATen/native/Cross.cpp:63.)
  cart_coords = zm_to_cart(internal[:,torsion[i]], initial_D2[i],
/opt/conda/lib/python3.11/site-packages/gallop/zm_to_cart.py:210: UserWarning: Using torch.cross without specifying the dim arg is deprecated.
Please either pass the dim explicitly or simply use torch.linalg.cross.
The default value of dim will change to agree with that of linalg.cross in a future release. (Triggered internally at /home/conda/feedstock_root/build_artifacts/libtorch_1786372131199/work/aten/src/ATen/native/Cross.cpp:63.)
  cart_coords = zm_to_cart(internal[:,torsion[i]], initial_D2[i],
GALLOP 3 Nref 259 seconds 242.79962420463562 best 56.345665 q25 60.633392 median 110.59525 total 918.2593472003937
GALLOP 4 Nref 259 seconds 224.33162641525269 best 56.345634 q25 62.353146 median 105.39104 total 1142.7931516170502
GALLOP 5 Nref 259 seconds 242.45689868927002 best 56.345623 q25 64.823044 median 160.77051 total 1385.4499492645264
GALLOP 6 Nref 259 seconds 186.72492241859436 best 56.34564 q25 62.752594 median 108.44537 total 1572.4827771186829
Sun Sep  6 09:46:47 UTC 2026
