==== chair84m00
N5 H28 Cl55 DA 3.1682 HA 2.6380 DHA 112.22
N5 H28 O1 DA 3.3237 HA 2.7825 DHA 113.47
==== chair84m10
N5 H28 Cl55 DA 3.4029 HA 2.7887 DHA 118.87
N5 H28 O1 DA 3.1562 HA 2.5815 DHA 115.21
CONFORMERS 50 distinct 2 anchors [0, 1, 7]
{'tag': 'ring94testc0', 'energy': -21.21360077473178, 'index': 1, 'reflected': False, 'Rw': 0.16611640228041302}
{'tag': 'ring94testc1', 'energy': -21.21360077473178, 'index': 1, 'reflected': True, 'Rw': 0.1599312147439556}
  cart_coords = zm_to_cart(internal[:,torsion[i]], initial_D2[i],
GALLOP 0 Nref 100 seconds 201.9990417957306 best 294.39438 q25 429.89124 median 473.49396 total 202.00445413589478
GALLOP 1 Nref 113 seconds 217.62260556221008 best 268.6786 q25 340.7978 median 435.8642 total 419.8300070762634
GALLOP 2 Nref 127 seconds 265.8047637939453 best 236.75505 q25 324.70554 median 425.8698 total 685.8156743049622
GALLOP 3 Nref 145 seconds 228.51484489440918 best 235.53981 q25 315.16904 median 402.71097 total 914.5172252655029
GALLOP 8 Nref 258 seconds 105.09905767440796 best 232.34654 q25 592.0083 median 721.63684 total 999.7020854949951
GALLOP 9 Nref 266 seconds 111.81081962585449 best 232.30421 q25 569.8065 median 679.774 total 1111.6179535388947
GALLOP 10 Nref 266 seconds 116.79274272918701 best 232.29749 q25 569.0834 median 674.3335 total 1228.5377197265625
GALLOP 11 Nref 266 seconds 124.59791445732117 best 232.29669 q25 267.79813 median 665.76056 total 1353.316483259201
  0%|          | 0/4 [00:00<?, ?it/s]100%|██████████| 4/4 [00:00<00:00, 335.25it/s]
GALLOP 1 Nref 449 seconds 172.30276536941528 best 17.76231 q25 35.575516 median 255.13351 total 359.58979296684265
GALLOP 2 Nref 449 seconds 179.30664801597595 best 17.215584 q25 33.36459 median 215.15195 total 538.9729897975922
GALLOP 3 Nref 449 seconds 204.80690836906433 best 17.213844 q25 39.725517 median 224.97159 total 743.9931890964508
GALLOP 4 Nref 449 seconds 186.70795321464539 best 17.21398 q25 45.68431 median 205.86401 total 930.9935121536255
GALLOP 1 Nref 421 seconds 175.99441289901733 best 149.84962 q25 181.64508 median 394.88986 total 349.2088351249695
GALLOP 2 Nref 421 seconds 186.40312957763672 best 149.11285 q25 172.95802 median 374.30542 total 535.8419289588928
GALLOP 3 Nref 421 seconds 200.8178973197937 best 148.72356 q25 171.74081 median 362.75256 total 737.1442422866821
GALLOP 4 Nref 421 seconds 173.77675890922546 best 148.45874 q25 164.20715 median 345.9611 total 911.1956849098206
