X263b09a Nat 72 molecule sizes [29, 29, 7, 7]
  component COc1ccc2c(c1)c(CC(=O)OCC(=O)O)c(C)n2C(=O)c1ccc(Cl)cc1 matches 2
  component O=C1CCCCN1 matches 2
  bond range 1.212130622066894 1.7029925133313222
  min intermolecular distance 2.744230928091418
N54 H63 O16 DA 3.4185 HA 2.8370 DHA 115.66
N54 H63 O48 DA 2.2318 HA 2.4363 DHA 66.30
N54 H63 O48 DA 2.7442 HA 1.7847 DHA 151.51
O17 H40 O16 DA 2.2257 HA 2.5095 DHA 62.17
O17 H40 O48 DA 2.8442 HA 1.8726 DHA 162.76
Cell (5.16510474, 11.769071989999999, 20.56729097, 83.72981761, 89.52607367, 86.71215568) n 72 components [29, 29, 7, 7]
2.7442 55 N54 N 3 70 O48 O 2
2.8442 66 O17 O 0 71 O48 O 3
2.9051 70 O48 O 2 71 O48 O 3
3.2198 50 C53 C 2 64 O16 O 0
3.2556 43 C49 C 3 70 O48 O 2
3.2773 51 C53 C 3 61 O12 O 1
3.2788 59 O2 O 1 62 O13 O 0
3.3560 44 C50 C 2 57 Cl27 Cl 1
3.3658 44 C50 C 2 67 O17 O 1
3.3998 64 O16 O 0 71 O48 O 3
3.4047 47 C51 C 3 56 Cl27 Cl 0
3.4061 42 C49 C 2 43 C49 C 3
3.4185 54 N54 N 2 64 O16 O 0
3.4859 42 C49 C 2 67 O17 O 1
3.4910 49 C52 C 3 61 O12 O 1
3.5061 0 C1 C 0 17 C10 C 1
3.5317 45 C50 C 3 70 O48 O 2
3.5461 22 C15 C 0 71 O48 O 3
3.5735 4 C4 C 0 69 O22 O 1
3.5842 51 C53 C 3 67 O17 O 1
3.6706 54 N54 N 2 66 O17 O 0
3.7093 16 C10 C 0 59 O2 O 1
3.7094 58 O2 O 0 69 O22 O 1
3.7113 42 C49 C 2 45 C50 C 3
RMS,max (np.float64(0.04337152695544281), np.float64(0.12452340487948778)) [np.float64(0.11203153814107106), np.float64(0.32165223506067214)]
N_INVERSION_MOVES [(0, 12, [4, 13, 20], [12, 29]), (2, 12, [4, 13, 20], [12, 29])]
{'tag': 'ninvtestm00', 'mask': (0, 0), 'Rw': 0.1388314445375336}
{'tag': 'ninvtestm01', 'mask': (0, 1), 'Rw': 0.14128745670994844}
{'tag': 'ninvtestm10', 'mask': (1, 0), 'Rw': 0.14105285600912906}
{'tag': 'ninvtestm11', 'mask': (1, 1), 'Rw': 0.1414222264986743}
/app/work/submit.py:5: UserWarning: Issues encountered while parsing CIF: Skipping relative stoichiometry check because CIF does not contain formula keys.
  s=CifParser(f).parse_structures(primitive=False)[0];s.remove_species(['H']);r=np.array([Chem.GetPeriodicTable().GetRcovalent(x.specie.symbol) for x in s]);D=s.distance_matrix;A=(D>.3)&(D<(r[:,None]+r[None,:])*1.2);g=nx.from_numpy_array(A);cs=list(nx.connected_components(g));print(sid,'Nat',len(s),'molecule sizes',[len(c) for c in cs])
X263b09a Nat 72 molecule sizes [29, 29, 7, 7]
  component COc1ccc2c(c1)c(CC(=O)OCC(=O)O)c(C)n2C(=O)c1ccc(Cl)cc1 matches 2
  component O=C1CCCCN1 matches 2
  bond range 1.212130622066894 1.7029925133313222
  min intermolecular distance 2.744230928091418
