Cell (5.06370998, 9.36291543, 38.13131303, 90.0, 90.0, 90.0) n 112 components [28, 28, 28, 28]
2.7533 65 C23 C 1 110 O19 O 2
2.8948 13 C5 C 1 103 O10 O 3
2.9525 54 C20 C 2 65 C23 C 1
3.3107 17 C6 C 1 103 O10 O 3
3.3653 62 C22 C 2 69 C24 C 1
3.5390 63 C22 C 3 108 O19 O 0
3.5693 54 C20 C 2 69 C24 C 1
3.6701 58 C21 C 2 65 C23 C 1
3.7355 11 C4 C 3 101 O10 O 1
3.7426 69 C24 C 1 110 O19 O 2
3.7427 62 C22 C 2 65 C23 C 1
3.7677 13 C5 C 1 27 C9 C 3
3.8174 58 C21 C 2 69 C24 C 1
3.8492 17 C6 C 1 19 C6 C 3
3.8824 53 C20 C 1 62 C22 C 2
3.9385 50 C17 C 2 65 C23 C 1
3.9748 15 C5 C 3 29 C11 C 1
4.0954 9 C4 C 1 11 C4 C 3
4.1002 13 C5 C 1 35 C12 C 3
4.1039 65 C23 C 1 94 N16 N 2
4.1991 13 C5 C 1 19 C6 C 3
4.2132 11 C4 C 3 25 C9 C 1
4.2265 61 C22 C 1 94 N16 N 2
4.2277 9 C4 C 1 35 C12 C 3
4.2718 11 C4 C 3 13 C5 C 1
N1 H29 N8 DA 2.7894 HA 2.4618 DHA 97.36
N1 H29 O18 DA 2.5197 HA 2.6027 DHA 73.89
N1 H30 N16 DA 3.5404 HA 2.6707 DHA 141.65
N1 H30 O18 DA 2.5197 HA 1.8386 DHA 119.96
N8 H35 N1 DA 2.7894 HA 2.3738 DHA 102.72
N8 H35 O10 DA 2.3410 HA 3.0806 DHA 37.07
N8 H35 O18 DA 3.6177 HA 2.8627 DHA 130.33
N16 H40 O18 DA 2.2843 HA 3.1301 DHA 29.22
N16 H40 O19 DA 2.2064 HA 2.3251 DHA 70.48
GALLOP 4 Nref 160 seconds 241.4071671962738 best 234.2507 q25 342.25287 median 419.32352 total 1156.1010127067566
GALLOP 5 Nref 175 seconds 315.8313829898834 best 234.0578 q25 334.52203 median 434.44977 total 1472.1188340187073
GALLOP 6 Nref 183 seconds 265.68027687072754 best 232.8499 q25 350.23166 median 423.1468 total 1738.1869916915894
GALLOP 7 Nref 183 seconds 232.2755196094513 best 232.84978 q25 332.81213 median 418.12268 total 1970.5889544487
CYCLE 0 1 Rw 0.1072371211462284 chi2 4727.766146209263 geom 19.86011645950756 LSQ 4934.222314543767
CYCLE 0 2 Rw 0.10696167820889665 chi2 4703.510415261812 geom 19.86011645950756 LSQ 4850.301141823456
PACKING_STAGE 0 8.534954144501041
CYCLE 1 0 Rw 0.10338506548864625 chi2 4394.215056236088 geom 43.74987716159164 LSQ 4678.685430886419
INITIAL X9af54a2 326.9161376953125
CONDITIONAL 0 [1, 3] best 324.48846435546875 q25 324.48865 sec 309.603640794754
CONDITIONAL 1 [0] best 293.8894348144531 q25 477.7957 sec 546.3388516902924
  cart_coords = zm_to_cart(internal[:,torsion[i]], initial_D2[i],
GALLOP 0 Nref 90 seconds 154.6047763824463 best 153.79314 q25 251.24031 median 291.34866 total 154.61129426956177
GALLOP 1 Nref 103 seconds 161.98654651641846 best 153.57498 q25 206.03577 median 248.76505 total 316.7047097682953
