All geom 437.5117722966004
(63.8183410955115, 'angle', ['m0_C1', 'm0_O2', 'm0_C3'])
(45.00950268261678, 'dihedral', ['m0_C7', 'm0_C8', 'm0_C3', 'm0_O2'])
(36.59111340161979, 'angle', ['m0_O2', 'm0_C3', 'm0_C8'])
(30.921687216334025, 'angle', ['m0_O2', 'm0_C3', 'm0_C4'])
(26.53893800205182, 'dihedral', ['m0_O2', 'm0_C3', 'm0_C4', 'm0_C5'])
(24.873394813051636, 'bond', ['m0_C1', 'm0_O2'])
(24.076411563786422, 'angle', ['m0_O13', 'm0_C14', 'm0_C15'])
(16.071394218807274, 'bond', ['m0_C5', 'm0_C6'])
(15.639536984044277, 'angle', ['m0_C10', 'm0_C9', 'm0_C18'])
(13.434567215519294, 'angle', ['m0_C7', 'm0_C9', 'm0_C10'])
(13.111769587010558, 'bond', ['m0_N20', 'm0_C6'])
(9.698357073359816, 'angle', ['m0_H33', 'm0_C4', 'm0_C3'])
(8.88023536406573, 'angle', ['m0_C14', 'm0_C15', 'm0_O16'])
(7.394227444769514, 'bond', ['m0_O13', 'm0_C14'])
(6.7840662545474375, 'bond', ['m0_C3', 'm0_C4'])
(6.46795442530511, 'angle', ['m0_C8', 'm0_C7', 'm0_C9'])
(6.168572711635326, 'angle', ['m0_H31', 'm0_C1', 'm0_O2'])
(5.918525351721812, 'angle', ['m1_C4', 'm1_C5', 'm1_C6'])
(5.846262974616583, 'bond', ['m0_N20', 'm0_C21'])
(5.388021332594138, 'bond', ['m0_C10', 'm0_C11'])
(5.26513354284086, 'bond', ['m0_C14', 'm0_C15'])
X263b09a Nat 72 molecule sizes [29, 29, 7, 7]
  component COc1ccc2c(c1)c(CC(=O)OCC(=O)O)c(C)n2C(=O)c1ccc(Cl)cc1 matches 2
  component O=C1CCCCN1 matches 2
  bond range 1.212130622066894 1.7029925133313222
  min intermolecular distance 2.744230928091418
SUBMITTED X263b09a
CONDITIONAL 1 [0] best 114.73590087890625 q25 366.09924 sec 617.8997204303741
CONDITIONAL 2 [2] best 113.52030181884766 q25 273.5447 sec 916.3008847236633
CONDITIONAL 3 [1, 3] best 113.04756164550781 q25 113.50108 sec 1240.0885622501373
CONDITIONAL 4 [0] best 112.57203674316406 q25 398.78293 sec 1547.791782617569
Sun Sep  6 10:15:26 UTC 2026
