Sun Sep  6 10:23:09 UTC 2026
total 10616
-rw-r--r-- 1 root root   1428 Sep  6 10:22 gallop90.log
drwxr-xr-x 2 root root   4096 Sep  6 10:16 gallop_90
-rw-r--r-- 1 root root   1533 Sep  6 10:12 warm90.log
-rw-r--r-- 1 root root  47676 Sep  6 10:08 aniso_test00.png
-rw-r--r-- 1 root root    486 Sep  6 10:08 aniso_test00.json
-rw-r--r-- 1 root root    657 Sep  6 10:08 aniso_test00.log
-rw-r--r-- 1 root root 176330 Sep  6 10:08 aniso_test00.xml
-rw-r--r-- 1 root root 176289 Sep  6 10:07 aniso_init.xml
-rw-r--r-- 1 root root   1388 Sep  6 10:03 check_refined_chair84m11.log
-rw-r--r-- 1 root root   1893 Sep  6 10:03 refine_chair84m11.log
-rw-r--r-- 1 root root  83694 Sep  6 10:03 refined_chair84m11.png
-rw-r--r-- 1 root root     58 Sep  6 10:03 refined_chair84m11.json
-rw-r--r-- 1 root root 175603 Sep  6 10:03 refined_chair84m11.xml
-rw-r--r-- 1 root root   3298 Sep  6 10:03 refined_chair84m11.cif
-rw-r--r-- 1 root root 175603 Sep  6 10:03 refine_chair84m11_stage3.xml
-rw-r--r-- 1 root root   3298 Sep  6 10:03 refine_chair84m11_stage3.cif
-rw-r--r-- 1 root root  39462 Sep  6 10:03 100audit.png
-rw-r--r-- 1 root root 175589 Sep  6 10:02 refine_chair84m11_stage2.xml
-rw-r--r-- 1 root root   3298 Sep  6 10:02 refine_chair84m11_stage2.cif
-rw-r--r-- 1 root root 175628 Sep  6 10:02 refine_chair84m11_stage1.xml
-rw-r--r-- 1 root root   3296 Sep  6 10:02 refine_chair84m11_stage1.cif
-rw-r--r-- 1 root root 175633 Sep  6 10:01 refine_chair84m11_stage0.xml
-rw-r--r-- 1 root root   3296 Sep  6 10:01 refine_chair84m11_stage0.cif
-rw-r--r-- 1 root root 265425 Sep  6 10:01 scaled_refine.xye
-rw-r--r-- 1 root root 265425 Sep  6 10:01 extended_chair84m11.xye
-rw-r--r-- 1 root root   1388 Sep  6 10:01 check_chair84m11.log
-rw-r--r-- 1 root root   1388 Sep  6 10:01 check_refined_chair84m10.log
-rw-r--r-- 1 root root   1834 Sep  6 10:00 refine_chair84m10.log
-rw-r--r-- 1 root root  82529 Sep  6 10:00 refined_chair84m10.png
-rw-r--r-- 1 root root     58 Sep  6 10:00 refined_chair84m10.json
-rw-r--r-- 1 root root 175574 Sep  6 10:00 refined_chair84m10.xml
-rw-r--r-- 1 root root   3296 Sep  6 10:00 refined_chair84m10.cif
-rw-r--r-- 1 root root 175574 Sep  6 10:00 refine_chair84m10_stage3.xml
-rw-r--r-- 1 root root   3296 Sep  6 10:00 refine_chair84m10_stage3.cif
-rw-r--r-- 1 root root 175564 Sep  6 09:59 refine_chair84m10_stage2.xml
-rw-r--r-- 1 root root   3296 Sep  6 09:59 refine_chair84m10_stage2.cif
-rw-r--r-- 1 root root 175570 Sep  6 09:58 refine_chair84m10_stage1.xml
-rw-r--r-- 1 root root   3296 Sep  6 09:58 refine_chair84m10_stage1.cif
-rw-r--r-- 1 root root 175586 Sep  6 09:56 refine_chair84m10_stage0.xml
-rw-r--r-- 1 root root   3296 Sep  6 09:56 refine_chair84m10_stage0.cif
-rw-r--r-- 1 root root 265425 Sep  6 09:56 extended_chair84m10.xye
-rw-r--r-- 1 root root   1388 Sep  6 09:56 check_chair84m10.log
-rw-r--r-- 1 root root   1388 Sep  6 09:56 check_refined_chair84m01.log
-rw-r--r-- 1 root root   1900 Sep  6 09:56 refine_chair84m01.log
-rw-r--r-- 1 root root  82957 Sep  6 09:56 refined_chair84m01.png
-rw-r--r-- 1 root root     58 Sep  6 09:56 refined_chair84m01.json
-rw-r--r-- 1 root root 175612 Sep  6 09:56 refined_chair84m01.xml
-rw-r--r-- 1 root root   3266 Sep  6 09:56 refined_chair84m01.cif
-rw-r--r-- 1 root root 175612 Sep  6 09:56 refine_chair84m01_stage3.xml
-rw-r--r-- 1 root root   3266 Sep  6 09:56 refine_chair84m01_stage3.cif
-rw-r--r-- 1 root root 175620 Sep  6 09:55 refine_chair84m01_stage2.xml
-rw-r--r-- 1 root root   3265 Sep  6 09:55 refine_chair84m01_stage2.cif
-rw-r--r-- 1 root root 175624 Sep  6 09:54 refine_chair84m01_stage1.xml
-rw-r--r-- 1 root root   3296 Sep  6 09:54 refine_chair84m01_stage1.cif
-rw-r--r-- 1 root root 175623 Sep  6 09:54 refine_chair84m01_stage0.xml
-rw-r--r-- 1 root root   3296 Sep  6 09:54 refine_chair84m01_stage0.cif
-rw-r--r-- 1 root root 265425 Sep  6 09:53 extended_chair84m01.xye
-rw-r--r-- 1 root root   1387 Sep  6 09:53 check_chair84m01.log
-rw-r--r-- 1 root root   1388 Sep  6 09:53 check_refined_chair84m00.log
=====/app/work/X1a56c78/*march*.json
=====/app/work/X1a56c78/native_po83.json
{
 "baseline_Rw": 0.1399216511302374,
 "baseline_chi2": 1864.5840201240098,
 "scan": [
  {
   "axis": [
    1,
    -1,
    -1
   ],
   "MD": 1.0468449549459753,
   "chi2": 1832.2852457406698,
   "Rw": 0.1387044994168278
  },
  {
   "axis": [
    1,
    -1,
    0
   ],
   "MD": 1.0332108404278995,
   "chi2": 1841.2995263267476,
   "Rw": 0.13904527257188146
  },
  {
   "axis": [
    0,
    0,
    1
   ],
   "MD": 0.9858836706202423,
   "chi2": 1848.1961500318394,
   "Rw": 0.13930542760151754
  },
  {
   "axis": [
    1,
    -1,
    1
   ],
   "MD": 1.023553992521491,
   "chi2": 1850.2646249093232,
   "Rw": 0.13938336013023916
  },
  {
   "axis": [
    1,
    0,
    -1
   ],
   "MD": 1.0194395691694826,
   "chi2": 1851.971575173673,
   "Rw": 0.1394476389400103
  },
  {
=====/app/work/X1a56c78/*md*.json
/opt/conda/lib/python3.11/site-packages/gallop/zm_to_cart.py:210: UserWarning: Using torch.cross without specifying the dim arg is deprecated.
Please either pass the dim explicitly or simply use torch.linalg.cross.
The default value of dim will change to agree with that of linalg.cross in a future release. (Triggered internally at /home/conda/feedstock_root/build_artifacts/libtorch_1786372131199/work/aten/src/ATen/native/Cross.cpp:63.)
  cart_coords = zm_to_cart(internal[:,torsion[i]], initial_D2[i],
GALLOP 0 Nref 90 seconds 107.06359839439392 best 167.72588 q25 424.58945 median 635.2606 total 107.07051968574524
GALLOP 1 Nref 111 seconds 103.60648107528687 best 166.66914 q25 179.45056 median 359.02222 total 210.7929265499115
HBOND_PRIOR 2 donors 7 acceptors coefficient 15.0 directional False
  0%|          | 0/4 [00:00<?, ?it/s]100%|██████████| 4/4 [00:00<00:00, 690.88it/s]
/opt/conda/lib/python3.11/site-packages/gallop/zm_to_cart.py:210: UserWarning: Using torch.cross without specifying the dim arg is deprecated.
Please either pass the dim explicitly or simply use torch.linalg.cross.
The default value of dim will change to agree with that of linalg.cross in a future release. (Triggered internally at /home/conda/feedstock_root/build_artifacts/libtorch_1786372131199/work/aten/src/ATen/native/Cross.cpp:63.)
  cart_coords = zm_to_cart(internal[:,torsion[i]], initial_D2[i],
GALLOP 0 Nref 470 seconds 219.7923686504364 best 61.217808 q25 63.3435 median 237.255 total 219.8115692138672
GALLOP 1 Nref 470 seconds 172.01301407814026 best 61.218513 q25 109.60196 median 236.323 total 392.10888957977295
Please either pass the dim explicitly or simply use torch.linalg.cross.
The default value of dim will change to agree with that of linalg.cross in a future release. (Triggered internally at /home/conda/feedstock_root/build_artifacts/libtorch_1786372131199/work/aten/src/ATen/native/Cross.cpp:63.)
  cart_coords = zm_to_cart(internal[:,torsion[i]], initial_D2[i],
GALLOP 0 Nref 279 seconds 231.5870382785797 best 52.731766 q25 233.13261 median 305.46753 total 231.59774208068848
GALLOP 1 Nref 279 seconds 180.60932970046997 best 52.73186 q25 221.90385 median 294.89435 total 412.337806224823
GALLOP 2 Nref 279 seconds 179.12365794181824 best 52.731693 q25 165.45245 median 263.48697 total 591.5342950820923
LSQ_PACKING 52 atoms 3834 terms sigma 0.01 cost 3.6479432280657864
EXTENDED_BACKGROUND 0.09374984712549439
CYCLE 0 0 Rw 0.09330869537189991 chi2 6915.824618879342 geom 53.89660370068567 LSQ 7187.233214610245
CYCLE 0 1 Rw 0.09308946345111778 chi2 6883.364870872008 geom 53.89660370068567 LSQ 7156.194744083321
CYCLE 0 2 Rw 0.09305333680699146 chi2 6878.023243350878 geom 53.89660370068567 LSQ 7150.978454253514
PACKING_STAGE 0 21.80615961251401
CYCLE 1 0 Rw 0.08921844148533153 chi2 6322.793553224388 geom 185.2926417573115 LSQ 6928.587180067782
