Cell (5.06276657, 9.3629387, 38.11666311, 90.0, 90.0, 90.0) n 112 components [28, 28, 28, 28]
2.6569 97 N25 N 1 110 O19 O 2
2.8277 54 C20 C 2 97 N25 N 1
2.9938 13 C5 C 1 103 O10 O 3
3.3178 17 C6 C 1 103 O10 O 3
3.3600 70 C24 C 2 73 C26 C 1
3.4171 54 C20 C 2 69 C24 C 1
3.4654 73 C26 C 1 110 O19 O 2
3.6218 69 C24 C 1 110 O19 O 2
3.6253 58 C21 C 2 97 N25 N 1
3.7376 9 C4 C 1 103 O10 O 3
3.7436 14 C5 C 2 24 C9 C 0
3.7457 73 C26 C 1 98 N25 N 2
3.7552 58 C21 C 2 69 C24 C 1
3.7728 54 C20 C 2 73 C26 C 1
3.8501 50 C17 C 2 97 N25 N 1
3.9436 17 C6 C 1 19 C6 C 3
3.9752 12 C5 C 0 30 C11 C 2
4.0502 94 N16 N 2 97 N25 N 1
4.1410 8 C4 C 0 10 C4 C 2
4.1466 13 C5 C 1 35 C12 C 3
4.2188 73 C26 C 1 94 N16 N 2
4.2246 10 C4 C 2 24 C9 C 0
4.2331 8 C4 C 0 14 C5 C 2
4.2848 13 C5 C 1 19 C6 C 3
4.3187 9 C4 C 1 35 C12 C 3
N1 H29 N8 DA 2.7953 HA 2.4317 DHA 99.64
N1 H29 O18 DA 2.5243 HA 2.7521 DHA 66.47
N1 H30 N16 DA 3.5151 HA 2.6630 DHA 139.74
N1 H30 O18 DA 2.5243 HA 1.7304 DHA 130.28
N8 H35 N1 DA 2.7953 HA 2.4174 DHA 100.49
N8 H35 O10 DA 2.3360 HA 3.0887 DHA 36.09
N8 H35 O18 DA 3.5404 HA 2.7352 DHA 135.06
N16 H40 O18 DA 2.2849 HA 3.1611 DHA 26.57
N16 H40 O19 DA 2.2133 HA 2.3350 DHA 70.38
N1 H29 N8 DA 2.7894 HA 2.4618 DHA 97.36
N1 H29 O18 DA 2.5197 HA 2.6027 DHA 73.89
N1 H30 N16 DA 3.5404 HA 2.6707 DHA 141.65
N1 H30 O18 DA 2.5197 HA 1.8386 DHA 119.96
N8 H35 N1 DA 2.7894 HA 2.3738 DHA 102.72
N8 H35 O10 DA 2.3410 HA 3.0806 DHA 37.07
N8 H35 O18 DA 3.6177 HA 2.8627 DHA 130.33
N16 H40 O18 DA 2.2843 HA 3.1301 DHA 29.22
N16 H40 O19 DA 2.2064 HA 2.3251 DHA 70.48
N1 H29 N8 DA 2.7934 HA 2.4169 DHA 100.42
N1 H29 O18 DA 2.5254 HA 2.8240 DHA 62.81
N1 H30 N16 DA 3.5793 HA 2.7638 DHA 136.11
N1 H30 O18 DA 2.5254 HA 1.6870 DHA 135.16
N8 H35 N1 DA 2.7934 HA 2.3701 DHA 103.33
N8 H35 O10 DA 2.3423 HA 3.0646 DHA 38.11
N8 H35 O18 DA 3.5188 HA 2.7442 DHA 132.13
N16 H40 N25 DA 3.5673 HA 2.7364 DHA 137.18
N16 H40 O18 DA 2.3000 HA 3.1746 DHA 27.05
N16 H40 O19 DA 2.2120 HA 2.3334 DHA 70.35
All geom 2.850648189049163
(1.3712119394393127, 'angle', ['m0_O19', 'm0_C20', 'm0_C21'])
(0.8811537955363242, 'bond', ['m0_C7', 'm0_N8'])
(0.1880756446033858, 'angle', ['m0_H35', 'm0_N8', 'm0_C9'])
(0.13164845397257624, 'angle', ['m0_O10', 'm0_C9', 'm0_C11'])
(0.09195077881523157, 'angle', ['m0_N8', 'm0_C9', 'm0_C11'])
(0.08601252053465934, 'dihedral', ['m0_C7', 'm0_N8', 'm0_C9', 'm0_O10'])
(0.048211348659584576, 'angle', ['m0_C9', 'm0_C11', 'm0_C28'])
(0.04812549882312583, 'bond', ['m0_C20', 'm0_C21'])
(0.00226693192348993, 'angle', ['m0_H35', 'm0_N8', 'm0_C7'])
(0.001991276741473169, 'dihedral', ['m0_C9', 'm0_C11', 'm0_C12', 'm0_C13'])
(0.0, 'bond', ['m0_N1', 'm0_C2'])
(0.0, 'bond', ['m0_C2', 'm0_C3'])
(0.0, 'bond', ['m0_C3', 'm0_C4'])
(0.0, 'bond', ['m0_C4', 'm0_C5'])
(0.0, 'bond', ['m0_C5', 'm0_C6'])
(0.0, 'bond', ['m0_C6', 'm0_C7'])
(0.0, 'bond', ['m0_N8', 'm0_C9'])
(0.0, 'bond', ['m0_C9', 'm0_O10'])
(0.0, 'bond', ['m0_C9', 'm0_C11'])
(0.0, 'bond', ['m0_C11', 'm0_C12'])
(0.0, 'bond', ['m0_C12', 'm0_C13'])
(0.0, 'bond', ['m0_C13', 'm0_C14'])
(0.0, 'bond', ['m0_C14', 'm0_C15'])
(0.0, 'bond', ['m0_C15', 'm0_N16'])
