g50 {'N': '2.5629', 'C': '5.6240', 'O': '0.3000'}
pyr51m1 {'N': '3.3977', 'C': '7.6100', 'O': '0.3000'}
g51 {'N': '3.8791', 'C': '8.2138', 'O': '0.3000'}
pyr51m1 RMS 0.9082486444111995 max 2.4338072398848736
[('N25', np.float64(2.4338072398848736)), ('C22', np.float64(2.411354682296504)), ('C23', np.float64(2.380931443879816)), ('C26', np.float64(2.352263499720463)), ('C4', np.float64(0.1231729178951733)), ('C3', np.float64(0.11470433835403873)), ('O18', np.float64(0.10674967636515634)), ('C28', np.float64(0.1047623389550128)), ('C20', np.float64(0.10171173953769982)), ('C13', np.float64(0.10122264227057985)), ('C27', np.float64(0.10022157692463143)), ('C5', np.float64(0.09717416528490518))]
g51 RMS 2.4114177594514503 max 2.5200753604741353
[('C9', np.float64(2.5200753604741353)), ('C20', np.float64(2.516298239766641)), ('O19', np.float64(2.5138808494225238)), ('C11', np.float64(2.5031312847224085)), ('N16', np.float64(2.496892835696254)), ('C6', np.float64(2.4926366831666273)), ('O10', np.float64(2.488907897216845)), ('C15', np.float64(2.4881499205356374)), ('C14', np.float64(2.4874475377769034)), ('C5', np.float64(2.4707981721315906)), ('N8', np.float64(2.4675629220626254)), ('C27', np.float64(2.457758902283204))]
Xb7088cf Nat 112 molecule sizes [28, 28, 28, 28]
  component Nc1ccccc1NC(=O)c1ccc(CNC(=O)OCc2cccnc2)cc1 matches 4
  bond range 1.220135093946712 1.5123140977829919
  min intermolecular distance 2.7532911930264645
CYCLE 1 2 Rw 0.11588857947949624 chi2 7645.200860840019 geom 354.60997870048254 LSQ 8486.460957581643
PACKING_STAGE 1 49.60300189374952
CYCLE 2 0 Rw 0.11537443336533722 chi2 7577.514625729951 geom 301.13636187924845 LSQ 8365.07486377361
CYCLE 2 1 Rw 0.11425510935420921 chi2 7431.198833830987 geom 339.65227964554185 LSQ 8276.581025334495
CYCLE 2 2 Rw 0.11392848982981117 chi2 7388.7726285262 geom 355.054038142117 LSQ 8253.62485282066
PACKING_STAGE 2 35.752593382084164
CYCLE 3 0 Rw 0.11281811218041307 chi2 7245.4485626357055 geom 367.4829979852671 LSQ 8128.750029984104
EXTENDED_BACKGROUND 0.09549346639403442
CYCLE 0 0 Rw 0.09402284359430088 chi2 6496.126607266937 geom 1699.977173308092 LSQ 8639.061065212707
CYCLE 0 1 Rw 0.09337688789196176 chi2 6407.173849298669 geom 1699.977173308092 LSQ 8574.998255876026
CYCLE 0 2 Rw 0.0932114172575654 chi2 6384.486013572244 geom 1699.977173308092 LSQ 8543.767100289442
PACKING_STAGE 0 28.133977094201676
CYCLE 1 0 Rw 0.08809973596007009 chi2 5703.440704350679 geom 616.9241406939327 LSQ 6925.238961599667
CYCLE 1 1 Rw 0.0872234621892267 chi2 5590.54773044022 geom 494.2701636525004 LSQ 6641.811517840555
CYCLE 1 0 Rw 0.13625843878724123 chi2 3145.840673969447 geom 173.95209588958184 LSQ 3524.74837527997
CYCLE 1 1 Rw 0.1337246080640711 chi2 3029.9298486746497 geom 170.16699171146973 LSQ 3425.1491227164106
CYCLE 1 2 Rw 0.1324918533041421 chi2 2974.3238684919015 geom 171.98315764095543 LSQ 3380.878805540001
PACKING_STAGE 1 0.0
CYCLE 2 0 Rw 0.13142544376435536 chi2 2926.636672978061 geom 182.7273122529656 LSQ 3352.077907720337
CYCLE 2 1 Rw 0.13077444148241876 chi2 2897.714899900418 geom 188.3888488818551 LSQ 3337.0507890638964
CYCLE 3 1 Rw 0.24135515383965744 chi2 1571.1528561980347 geom 8.549177858691737 LSQ 1649.226508277337
CYCLE 3 2 Rw 0.2407522686622091 chi2 1563.313440225669 geom 8.229808869407341 LSQ 1640.693497450534
PACKING_STAGE 3 5.658446127494778
FINISHED X1a56c78 0.2407522686622091
CONDITIONAL 0 [1, 3] best 324.48846435546875 q25 324.48865 sec 309.603640794754
CONDITIONAL 1 [0] best 293.8894348144531 q25 477.7957 sec 546.3388516902924
CONDITIONAL 2 [2] best 285.2137451171875 q25 489.59564 sec 789.9161124229431
CONDITIONAL 3 [1, 3] best 284.8248291015625 q25 284.825 sec 1016.1163430213928
CONDITIONAL 4 [0] best 283.693603515625 q25 483.47522 sec 1294.810930967331
/opt/conda/lib/python3.11/site-packages/gallop/zm_to_cart.py:210: UserWarning: Using torch.cross without specifying the dim arg is deprecated.
Please either pass the dim explicitly or simply use torch.linalg.cross.
The default value of dim will change to agree with that of linalg.cross in a future release. (Triggered internally at /home/conda/feedstock_root/build_artifacts/libtorch_1786372131199/work/aten/src/ATen/native/Cross.cpp:63.)
  cart_coords = zm_to_cart(internal[:,torsion[i]], initial_D2[i],
GALLOP 2 Nref 117 seconds 223.86588430404663 best 153.45544 q25 203.20212 median 246.01881 total 540.7862339019775
GALLOP 3 Nref 136 seconds 140.8122043609619 best 147.80911 q25 172.35698 median 226.99985 total 681.6949200630188
GALLOP 4 Nref 149 seconds 152.2041335105896 best 147.05147 q25 157.40784 median 213.9906 total 833.9956352710724
GALLOP 5 Nref 162 seconds 155.31511306762695 best 147.80896 q25 184.65681 median 257.4535 total 989.4098908901215
GALLOP 6 Nref 171 seconds 210.00547099113464 best 145.14874 q25 162.2511 median 243.4436 total 1199.4955432415009
