P 2 21 21 ['x,y,z', '-x,-y+1/2,z+1/2', 'x,-y,-z', '-x,y+1/2,-z+1/2']
P 21 21 21 ['x,y,z', '-x+1/2,-y,z+1/2', 'x+1/2,-y+1/2,-z', '-x,y+1/2,-z+1/2']
P 1 21 1 ['x,y,z', '-x,y+1/2,-z']
P 1 1 21 ['x,y,z', '-x,-y,z+1/2']
P 2 1 1 ['x,y,z', 'x,-y,-z']
<ObjCryst Date="2026-09-06T10:31:34GMT" Revision="2024001">
  <Crystal Name="X1a56c78_sg18" SpaceGroup="P 2 21 21">
    <Par Refined="0" Limited="1" Min="1" Max="100" Name="a">5.90356</Par>
    <Par Refined="0" Limited="1" Min="1" Max="100" Name="b">11.2521</Par>
    <Par Refined="0" Limited="1" Min="1" Max="100" Name="c">30.0858</Par>
    <Par Refined="0" Limited="1" Min="28.6479" Max="171.887" Name="alpha">90</Par>
    <Par Refined="0" Limited="1" Min="28.6479" Max="171.887" Name="beta">90</Par>
    <Par Refined="0" Limited="1" Min="28.6479" Max="171.887" Name="gamma">90</Par>
    <Option Name="Constrain Lattice to SpaceGroup Symmetry" Choice="0" ChoiceName="Yes (Default)"/>

    <Option Name="Use Dynamical Occupancy Correction" Choice="0" ChoiceName="No"/>

    <Option Name="Display Enantiomer" Choice="0" ChoiceName="No"/>

    <ScatteringPowerAtom Name="O" Symbol="O">
      <Par Refined="0" Limited="1" Min="0.3" Max="10" Name="Biso">10</Par>
      <Par Refined="0" Limited="0" Min="0" Max="1" Name="ML Error">0</Par>
      <Par Refined="0" Limited="1" Min="0" Max="10" Name="ML-NbGhost">0</Par>
      <Par Refined="0" Limited="1" Min="-10" Max="10" Name="Formal Charge">0</Par>
      <RGBColour>1 0.051 0.051</RGBColour>
    </ScatteringPowerAtom>
    <ScatteringPowerAtom Name="C" Symbol="C">
      <Par Refined="0" Limited="1" Min="0.3" Max="10" Name="Biso">0.645663</Par>
      <Par Refined="0" Limited="0" Min="0" Max="1" Name="ML Error">0</Par>
      <Par Refined="0" Limited="1" Min="0" Max="10" Name="ML-NbGhost">0</Par>
      <Par Refined="0" Limited="1" Min="-10" Max="10" Name="Formal Charge">0</Par>
      <RGBColour>0.565 0.565 0.565</RGBColour>
    </ScatteringPowerAtom>
    <ScatteringPowerAtom Name="N" Symbol="N">
      <Par Refined="0" Limited="1" Min="0.3" Max="10" Name="Biso">9.62549</Par>
PACKING_STAGE 1 28.02495516191777
CYCLE 2 0 Rw 0.08662437930153948 chi2 5514.015576837971 geom 482.0038212954678 LSQ 6542.839054464566
CYCLE 2 1 Rw 0.08653300470244589 chi2 5502.388937045547 geom 481.7177120511716 LSQ 6528.783121879545
CYCLE 2 2 Rw 0.08645748603181021 chi2 5492.78909064608 geom 481.74998928233373 LSQ 6519.441619556359
PACKING_STAGE 2 21.80809960152966
CYCLE 3 0 Rw 0.0862587729847065 chi2 5467.568960530335 geom 477.7138679012561 LSQ 6489.8261597484525
CYCLE 3 1 Rw 0.08614868362854436 chi2 5453.621694198644 geom 474.38111353086146 LSQ 6470.396839313527
CYCLE 2 2 Rw 0.10729652779974264 chi2 7200.42629861994 geom 316.596146859662 LSQ 8040.0739427906865
PACKING_STAGE 2 53.956719288027855
CYCLE 3 0 Rw 0.10701952419656884 chi2 7163.296123981274 geom 330.0300663552141 LSQ 8029.646683595362
CYCLE 3 1 Rw 0.10669194425878178 chi2 7119.510454159354 geom 324.81464093109423 LSQ 7982.082759997155
CYCLE 3 2 Rw 0.10651189263101832 chi2 7095.501184942778 geom 324.10180944618713 LSQ 7954.366833697879
PACKING_STAGE 3 54.602383397663935
FINISHED X14a2b08 0.10651189263101832
  cart_coords = zm_to_cart(internal[:,torsion[i]], initial_D2[i],
INITIAL Xeb393f9 50.29778289794922
CONDITIONAL 0 [1] best 49.374855041503906 q25 49.375423 sec 169.518709897995
CONDITIONAL 1 [0] best 46.46664047241211 q25 305.51257 sec 362.8133325576782
/opt/conda/lib/python3.11/site-packages/gallop/zm_to_cart.py:210: UserWarning: Using torch.cross without specifying the dim arg is deprecated.
Please either pass the dim explicitly or simply use torch.linalg.cross.
The default value of dim will change to agree with that of linalg.cross in a future release. (Triggered internally at /home/conda/feedstock_root/build_artifacts/libtorch_1786372131199/work/aten/src/ATen/native/Cross.cpp:63.)
  cart_coords = zm_to_cart(internal[:,torsion[i]], initial_D2[i],
GALLOP 0 Nref 100 seconds 273.80527663230896 best 276.93082 q25 417.24286 median 455.38684 total 273.8321633338928
CONDITIONAL 2 [2] best 285.2137451171875 q25 489.59564 sec 789.9161124229431
CONDITIONAL 3 [1, 3] best 284.8248291015625 q25 284.825 sec 1016.1163430213928
CONDITIONAL 4 [0] best 283.693603515625 q25 483.47522 sec 1294.810930967331
CONDITIONAL 5 [2] best 283.2587585449219 q25 519.9521 sec 1507.2279121875763
FINISHED X9af54a2 283.2587585449219
Sun Sep  6 10:34:38 UTC 2026
