62649
LSQ_PACKING 37 atoms 1887 terms sigma 0.01 cost 224.15945461138392
TYPED_NN_CHECK 224.15945461138392
Sun Sep  6 10:42:01 UTC 2026
Please either pass the dim explicitly or simply use torch.linalg.cross.
The default value of dim will change to agree with that of linalg.cross in a future release. (Triggered internally at /home/conda/feedstock_root/build_artifacts/libtorch_1786372131199/work/aten/src/ATen/native/Cross.cpp:63.)
  cart_coords = zm_to_cart(internal[:,torsion[i]], initial_D2[i],
RESTART_ERROR max/rms 1.9962298026059648e-06 9.31413579721719e-07
WARM_READY /app/work/X4f6fe58/gallop_100
GALLOP 9 Nref 256 seconds 109.00036835670471 best 158.97556 q25 158.97682 median 161.66693 total 1141.2047588825226
GALLOP 10 Nref 256 seconds 107.71134924888611 best 158.9755 q25 158.9766 median 221.27928 total 1249.0087308883667
GALLOP 11 Nref 256 seconds 108.92731070518494 best 158.97543 q25 158.97606 median 220.15753 total 1358.0956134796143
  0%|          | 0/5 [00:00<?, ?it/s]100%|██████████| 5/5 [00:00<00:00, 1348.56it/s]
CYCLE 2 2 Rw 0.08777411750652178 chi2 5891.610221360599 geom 578.3770584899905 LSQ 7019.026862974513
PACKING_STAGE 2 20.68144894253977
CYCLE 3 0 Rw 0.08751426035412878 chi2 5856.777383312209 geom 577.0262602469165 LSQ 6983.917287246595
CYCLE 3 1 Rw 0.08748733154312417 chi2 5853.173586961984 geom 575.5486914897526 LSQ 6976.186623774758
CYCLE 3 2 Rw 0.08736722299775049 chi2 5837.113351066971 geom 575.5957931038316 LSQ 6960.829178311289
PACKING_STAGE 3 22.727991199508118
FINISHED X3f4781b 0.08736722299775049
CYCLE 2 2 Rw 0.06002987949053332 chi2 5860.580279333552 geom 336.0083204632309 LSQ 6672.764682723715
PACKING_STAGE 2 19.71647438096315
CYCLE 3 0 Rw 0.06003073733393395 chi2 5860.747779121319 geom 332.34884895856123 LSQ 6670.559732767436
CYCLE 3 1 Rw 0.060042731535354214 chi2 5863.089979632754 geom 326.69851616635106 LSQ 6663.196973463408
