====X14 g50
N55 H66 O48 DA 2.7366 HA 1.9407 DHA 131.77 nearest (np.float64(0.0), np.float64(1.0), np.float64(0.0))
N55 H66 N55 DA 2.5814 HA 1.7717 DHA 132.49 nearest (np.float64(0.0), np.float64(1.0), np.float64(0.0))
Cell (5.10368114, 11.93632202, 21.30025814, 85.25073914000001, 87.64095264, 86.99538339) n 74 components [29, 29, 8, 8]
2.5814 56 N55 N 2 57 N55 N 3
2.6515 66 O16 O 0 73 O48 O 3
2.7331 50 C53 C 2 68 O17 O 0
2.7366 56 N55 N 2 73 O48 O 3
2.8239 43 C49 C 3 56 N55 N 2
3.0838 52 C54 C 2 73 O48 O 3
3.2642 44 C50 C 2 59 Cl27 Cl 1
3.2654 58 Cl27 Cl 0 73 O48 O 3
3.3953 51 C53 C 3 72 O48 O 2
3.4046 50 C53 C 2 66 O16 O 0
3.4977 22 C15 C 0 50 C53 C 2
3.5608 42 C49 C 2 59 Cl27 Cl 1
3.5678 52 C54 C 2 66 O16 O 0
3.5976 42 C49 C 2 43 C49 C 3
====X14 ring94c3
N55 H66 O48 DA 2.6407 HA 1.7323 DHA 144.29 nearest (np.float64(0.0), np.float64(1.0), np.float64(0.0))
N55 H66 N55 DA 2.7659 HA 1.9674 DHA 131.87 nearest (np.float64(0.0), np.float64(1.0), np.float64(0.0))
Cell (5.10397304, 11.934489790000002, 21.29828962, 85.24651481, 87.64005068000002, 86.99948266) n 74 components [29, 29, 8, 8]
2.4530 67 O16 O 1 72 O48 O 2
2.6407 56 N55 N 2 73 O48 O 3
2.7294 51 C53 C 3 69 O17 O 1
2.7659 56 N55 N 2 57 N55 N 3
2.8626 42 C49 C 2 57 N55 N 3
3.0010 44 C50 C 2 59 Cl27 Cl 1
3.1005 52 C54 C 2 73 O48 O 3
3.4092 34 C25 C 0 46 C51 C 2
3.4311 52 C54 C 2 68 O17 O 0
3.5093 22 C15 C 0 73 O48 O 3
3.5169 42 C49 C 2 43 C49 C 3
3.5281 50 C53 C 2 73 O48 O 3
3.5446 59 Cl27 Cl 1 72 O48 O 2
3.5728 42 C49 C 2 73 O48 O 3
====X14 ring94c2
N55 H66 N55 DA 2.5725 HA 1.8559 DHA 123.75 nearest (np.float64(0.0), np.float64(1.0), np.float64(0.0))
Cell (5.10441067, 11.935801000000001, 21.29770442, 85.24502641, 87.63795581, 87.00255526) n 74 components [29, 29, 8, 8]
2.5725 56 N55 N 2 57 N55 N 3
2.5796 67 O16 O 1 72 O48 O 2
2.7423 52 C54 C 2 73 O48 O 3
2.9978 42 C49 C 2 57 N55 N 3
3.0644 59 Cl27 Cl 1 72 O48 O 2
3.1170 50 C53 C 2 68 O17 O 0
3.1206 56 N55 N 2 73 O48 O 3
3.1793 52 C54 C 2 57 N55 N 3
3.1917 43 C49 C 3 52 C54 C 2
3.2659 53 C54 C 3 69 O17 O 1
3.3117 48 C52 C 2 68 O17 O 0
3.3936 44 C50 C 2 59 Cl27 Cl 1
3.5155 43 C49 C 3 58 Cl27 Cl 0
3.5800 23 C15 C 1 72 O48 O 2
