X1ARESTART=63384
<class 'dict'>
X019b9a4 CELLONLY P -1 [(0.17503180640695906, 'g11', 'P -1')]
    ['CC(=O)C(=NNc1ccc(C(=O)Nc2ccc(C(N)=O)cc2)cc1)C(=O)Nc1ccc2[nH]c(=O)[nH]c2c1', 'CN1CCCC1=O', 'C[S+](C)[O-]']
X07806d9 SUBMITTED P b c a [(0.1234195907914119, '1h', 'P b c a'), (0.12362612677781809, 'freeh', 'P b c a'), (0.13006994683262355, '1', 'P b c a')]
    ['[NH3+]CC(=O)CCC(=O)O', '[Cl-]']
X13023e3 SUBMITTED P 1 21 1 [(0.04498542127338241, 'ghigh', 'P 1 21 1'), (0.06049117476988607, 'pyrflip', 'P 1 21 1'), (0.06158442426110403, 'g11', 'P 1 21 1'), (0.06234113782237542, 'g41', 'P 1 21 1'), (0.06237589959128132, 'g41plan', 'P 1 21 1')]
    ['CC(C)Cc1ccc([C@@H](C)C(=O)O)cc1', 'NC(=O)c1cccnc1']
X14a2b08 CELLONLY P -1 [(0.10651189263101832, 'ring94c3', 'P -1'), (0.10959958102044629, 'ring94c2', 'P -1'), (0.11140596302306859, 'g50', 'P -1'), (0.11152012202582089, 'ring94c1', 'P -1'), (0.11193971482836189, 'ring94c0', 'P -1')]
    ['COc1ccc2c(c1)c(CC(=O)OCC(=O)O)c(C)n2C(=O)c1ccc(Cl)cc1', 'O=C1CCCCCN1']
X1a56c78 CELLONLY P 2 21 21 [(0.13004914012173072, 'g90', 'P 2 21 21'), (0.1312585095608887, 'chair84m00', 'P 2 21 21'), (0.13467100546051483, 'g91', 'P 2 21 21'), (0.13992212909239227, 'g83', 'P 2 21 21'), (0.14524132185751779, 'chair84m10', 'P 2 21 21')]
    ['O[C@](CC[NH+]1CCCCC1)(c1ccccc1)C1CCCCC1', '[Cl-]']
X1db5091 CELLONLY P 1 21/c 1 [(0.11088635219342592, 'g91', 'P 1 21/c 1'), (0.13321456337726484, 'g11', 'P 1 21/c 1')]
    ['COc1ccc2c(c1)c(CC(=O)OCC(=O)O)c(C)n2C(=O)c1ccc(Cl)cc1', 'NC(=O)c1cccnc1']
X2327841 SUBMITTED P 1 21 1 [(0.07136769565762231, '10t', 'P 1 21 1'), (0.0940165865314862, '10', 'P 1 21 1')]
    ['CCCCCCCCCCCCCCCCCCCCCC[C@@H](C)CCCCCCCC']
X238783d CELLONLY P 21 21 21 [(0.19305281955322562, 'g20', 'P 21 21 21'), (0.20151306339859826, 'g25', 'P 21 21 21')]
    ['CC[C@H]1OC(=O)[C@H](C)[C@@H](O[C@H]2C[C@@](C)(OC)[C@@H](O)[C@H](C)O2)[C@H](C)[C@@H](O[C@@H]2O[C@H](C)C[C@H](N(C)C)[C@H]2O)[C@](C)(OC)C[C@@H](C)C(=O)[C@H](C)[C@@H](O)[C@]1(C)O']
X263b09a SUBMITTED P -1 [(0.040634815722110244, 'tight96', 'P -1'), (0.0406981080324283, 'g50', 'P -1'), (0.04876846362676216, 'g91', 'P -1'), (0.05228016132128406, 'g72', 'P -1'), (0.09639882245640392, 'g11', 'P -1')]
    ['COc1ccc2c(c1)c(CC(=O)OCC(=O)O)c(C)n2C(=O)c1ccc(Cl)cc1', 'O=C1CCCCN1']
X35b7fbc CELLONLY P 21 21 21 [(0.17390759033742803, 'chem86', 'P 21 21 21'), (0.18965064419526603, '2', 'P 21 21 21'), (0.20564318518603483, 'g11', 'P 21 21 21')]
    ['CC[C@@H](CO)NC(=O)[C@@H]1C=C2c3cccc4[nH]cc(c34)C[C@H]2[NH+](C)C1', 'O=C([O-])C=CC(=O)O']
X3c176e2 SUBMITTED P 21 21 21 [(0.037037713727486814, '10h', 'P 21 21 21'), (0.0375667585797746, 'freeh', 'P 21 21 21'), (0.04246715565009968, '10', 'P 21 21 21')]
    ['OC1C(O)C(O)C(O)C(O)C1O']
X3f4781b SUBMITTED P 1 21 1 [(0.08466095979570996, 'ninv94m11', 'P 1 21 1'), (0.08605142253053939, 'ninv94m01', 'P 1 21 1'), (0.08736722299775049, 'ninv94m10', 'P 1 21 1'), (0.08766205258416344, 'ninv94m00', 'P 1 21 1'), (0.09526041472306869, 'g83', 'P 1 21 1')]
    ['COC(=O)[C@H](c1ccccc1Cl)[NH+]1CCc2sccc2C1', 'O=S(=O)([O-])O']
X4f6fe58 CELLONLY P -1 [(0.08699679011147869, 'g84', 'P -1'), (0.0872806270801344, 'chem83', 'P -1'), (0.08970171338165658, 'g83', 'P -1'), (0.10023254228417425, 'chem11', 'P -1'), (0.12020455070426371, 'g11', 'P -1')]
    ['O=C1CN=C(c2ccccc2Cl)c2cc(Br)ccc2N1']
X7e382cb CELLONLY P -1 [(0.047938637713328465, 'ionH85', 'P 1'), (0.049242614565547044, 'ionH41', 'P 1'), (0.0560384533362169, 'g41', 'P 1'), (0.057651337099127495, 'ionH88', 'P -1'), (0.05860661356792875, 'g40', 'P 1')]
    ['O=C([O-])c1ccc(-c2ccc(C(=O)[O-])cc2)cc1', '[NH4+]']
X8a06d7a CELLONLY P -1 [(0.14505357408452488, 'g12', 'P -1'), (0.15779251073523817, 'g74', 'P -1'), (0.21586909874810314, 'g11', 'P 1 21 1')]
    ['COc1ccc2c(c1)c(CC(=O)OCC(=O)O)c(C)n2C(=O)c1ccc(Cl)cc1', 'NC(=O)c1ccccn1']
X8a6f5a8 CELLONLY P 1 []
    ['COc1ccccc1OCC[NH2+]C[C@@H](O)COc1cccc2[nH]c3ccccc3c12', 'O=P([O-])(O)O', 'CC(C)O']
X9af54a2 CELLONLY P 1 21 1 [(0.29328738219368605, 'g87', 'P 1 21 1'), (0.29533114247120956, 'chem86', 'P 1 21 1'), (0.3266073746978208, 'g11', 'P 1 21 1')]
    ['COc1ccc(OC)c([C@H](O)CNC(=O)C[NH3+])c1', '[Cl-]']
Xb7088cf SUBMITTED P 21 21 21 [(0.04949789909031498, 'pyr51m1', 'P 21 21 21'), (0.050068319663083775, 'pyr51m0', 'P 21 21 21'), (0.05038643536964909, 'g50', 'P 21 21 21'), (0.051554351975009655, 'g51', 'P 21 21 21'), (0.055655559331111014, 'chem11', 'P 21 21 21')]
    ['Nc1ccccc1NC(=O)c1ccc(CNC(=O)OCc2cccnc2)cc1']
Xbfc6d2c SUBMITTED P 1 21/a 1 [(0.035017075857403275, '1h', 'P 1 21/a 1'), (0.03570152860293399, 'freeh', 'P 1 21/a 1'), (0.0359575070166674, 'plan', 'P 1 21/a 1'), (0.043131837324477736, '1', 'P 1 21/a 1')]
    ['[C-]#[N+]c1ccc(-c2ccc([N+]#[C-])c(C)c2)cc1C']
Xbfeeda9 SUBMITTED P 1 21/a 1 [(0.03468464463503249, 'g60', 'P 1 21/a 1'), (0.0383449779978826, 'g11md', 'P 1 21/a 1'), (0.14597769908540834, '1', 'P 1 21/a 1'), (0.14677962807730718, 'g11', 'P 1 21/a 1')]
    ['CN(C)C(=O)C(CC[NH+]1CCC(O)(c2ccc(Cl)cc2)CC1)(c1ccccc1)c1ccccc1', '[Cl-]']
Xd4c1a35 SUBMITTED P 21 21 21 [(0.05792046659428401, 'ghigh', 'P 21 21 21'), (0.06896636246356545, 'g11', 'P 21 21 21'), (0.10021694108472835, 'methoxy', 'P 21 21 21'), (0.10021694108472835, 'methoxy2', 'P 21 21 21'), (0.10091206418517157, '2freeh', 'P 21 21 21')]
    ['COC1=CC(=O)C[C@@H](C)[C@]12Oc1c(Cl)c(OC)cc(OC)c1C2=O']
Xd8634a2 CELLONLY P -1 [(0.16361174719421095, 'g2', 'P -1'), (0.2178640563638808, 'g11', 'P -1'), (0.22872158403452036, 'g31', 'P -1'), (0.32145776910164464, '1', 'P -1')]
    ['CNS(=O)(=O)Nc1nccc(Cc2c(C)c3ccc(Oc4ncccn4)cc3oc2=O)c1F']
Xdcc971e SUBMITTED P 1 21 1 [(0.05587760856502091, '10t', 'P 1 21 1'), (0.05814316269898729, '10h', 'P 1 21 1'), (0.10426556262757718, 'de11', 'P 1 21 1'), (0.10597106927619714, '10', 'P 1 21 1')]
    ['CCCCCCCCCCCCCCCC[C@@H](C)CCCCCCCCCCCC']
Xe1fb77b CELLONLY P 1 21 1 [(0.1690845755039577, '1', 'P 1 21 1'), (0.19097255385349643, '2', 'P 1 21 1'), (0.22025131616057378, 'g11', 'P 1 21 1')]
    ['O=C(/C=C/c1ccc(O)c(O)c1)O[C@@H]1C[C@@](OC(=O)/C=C/c2ccc(O)c(O)c2)(C(=O)O)C[C@@H](O)[C@@H]1O', 'O']
Xe3a2935 SUBMITTED P 21 21 21 [(0.07252300909260166, '1h', 'P 21 21 21'), (0.07420800525854018, 'freeh', 'P 21 21 21'), (0.07497878829271448, 'plan', 'P 21 21 21'), (0.09777662599417353, '1', 'P 21 21 21')]
    ['C[C@@H]1CC(=O)NN=C1c1ccc(NN=C(C#N)C#N)cc1']
Xeb393f9 SUBMITTED P 1 [(0.059328247101192076, 'chem51', 'P 1'), (0.05939738864024412, 'chem50', 'P 1'), (0.06002206319774095, 'g90', 'P 1'), (0.06080391397441265, 'g51', 'P 1'), (0.060852185891014245, 'chem0', 'P 1')]
    ['O=C(O)CCC[NH+]1CCC(O[C@@H](c2ccc(Cl)cc2)c2ccccn2)CC1', 'O=S(=O)([O-])c1ccccc1']
Xebbd488 CELLONLY C 1 2 1 []
    ['COc1ccccc1OCC[NH2+]C[C@H](O)COc1cccc2[nH]c3ccccc3c12', 'O=P([O-])(O)O', 'O']
Xedd9c7b SUBMITTED P 1 21/a 1 [(0.07825410813926664, 'g85', 'P 1 21/a 1'), (0.07975924415881011, 'g52', 'P 1 21/a 1'), (0.09387398635129929, 'g11', 'P 1 21/a 1'), (0.1086768093134661, 'g51', 'P 1 21/a 1'), (0.1155124293529151, 'g50', 'P 1 21/a 1')]
    ['C[NH+](C)CCc1c[nH]c2cccc(OP(=O)([O-])O)c12']
Xf8ac963 SUBMITTED P 21 21 21 [(0.08811191665757452, '1h', 'P 21 21 21'), (0.08837754542384725, '1', 'P 21 21 21'), (0.09305135119775781, 'freeh', 'P 21 21 21'), (0.09354026689372641, 'plan', 'P 21 21 21')]
    ['COc1ccc(NC(=O)[C@@H]2C[C@H](C)CC[C@H]2C(C)C)cc1']
Xfca9f3c SUBMITTED P 1 21 1 [(0.0276721275416407, '10t', 'P 1 21 1'), (0.028322056741404505, '10h', 'P 1 21 1'), (0.04651546031045999, '10', 'P 1 21 1')]
    ['CCCCCCCCCCCCCCCC[C@@H](C)CCCCCCCC']
