/app/work/submit.py:5: UserWarning: Issues encountered while parsing CIF: Skipping relative stoichiometry check because CIF does not contain formula keys.
  s=CifParser(f).parse_structures(primitive=False)[0];s.remove_species(['H']);r=np.array([Chem.GetPeriodicTable().GetRcovalent(x.specie.symbol) for x in s]);D=s.distance_matrix;A=(D>.3)&(D<(r[:,None]+r[None,:])*1.2);g=nx.from_numpy_array(A);cs=list(nx.connected_components(g));print(sid,'Nat',len(s),'molecule sizes',[len(c) for c in cs])
X7e382cb Nat 40 molecule sizes [18, 18, 1, 1, 1, 1]
  component O=C([O-])c1ccc(-c2ccc(C(=O)[O-])cc2)cc1 matches 2
  component [NH4+] matches 4
  bond range 1.2694713517065754 1.5234734446764584
  min intermolecular distance 2.44428154811357
SUBMITTED X7e382cb
HYPOTHESIS_ADDED X7e382cb /app/work/X7e382cb/refined_ionH88.cif Rwp 0.057651337099127495
/app/work/submit.py:5: UserWarning: Issues encountered while parsing CIF: Skipping relative stoichiometry check because CIF does not contain formula keys.
  s=CifParser(f).parse_structures(primitive=False)[0];s.remove_species(['H']);r=np.array([Chem.GetPeriodicTable().GetRcovalent(x.specie.symbol) for x in s]);D=s.distance_matrix;A=(D>.3)&(D<(r[:,None]+r[None,:])*1.2);g=nx.from_numpy_array(A);cs=list(nx.connected_components(g));print(sid,'Nat',len(s),'molecule sizes',[len(c) for c in cs])
X1a56c78 Nat 92 molecule sizes [22, 22, 22, 22, 1, 1, 1, 1]
  component O[C@](CC[NH+]1CCCCC1)(c1ccccc1)C1CCCCC1 matches 4
  component [Cl-] matches 4
  bond range 1.3886162557228436 1.5819499888113164
  min intermolecular distance 3.065221379865435
SUBMITTED X1a56c78
HYPOTHESIS_ADDED X1a56c78 /app/work/X1a56c78/refined_g90.cif Rwp 0.13004914012173072
  component [Cl-] matches 4
  bond range 1.224358292705737 1.559244872642821
  min intermolecular distance 2.5218313935532364
SUBMITTED X9af54a2
HYPOTHESIS_ADDED X9af54a2 /app/work/X9af54a2/refined_g87.cif Rwp 0.29328738219368605
/app/work/submit.py:5: UserWarning: Issues encountered while parsing CIF: Skipping relative stoichiometry check because CIF does not contain formula keys.
  s=CifParser(f).parse_structures(primitive=False)[0];s.remove_species(['H']);r=np.array([Chem.GetPeriodicTable().GetRcovalent(x.specie.symbol) for x in s]);D=s.distance_matrix;A=(D>.3)&(D<(r[:,None]+r[None,:])*1.2);g=nx.from_numpy_array(A);cs=list(nx.connected_components(g));print(sid,'Nat',len(s),'molecule sizes',[len(c) for c in cs])
X019b9a4 Nat 96 molecule sizes [37, 37, 7, 7, 4, 4]
  component CC(=O)C(=NNc1ccc(C(=O)Nc2ccc(C(N)=O)cc2)cc1)C(=O)Nc1ccc2[nH]c(=O)[nH]c2c1 matches 2
  component CN1CCCC1=O matches 2
  component C[S+](C)[O-] matches 2
  bond range 1.2155741367758903 1.8112477089887113
  min intermolecular distance 2.7488601875781957
SUBMITTED X019b9a4
HYPOTHESIS_ADDED X019b9a4 /app/work/X019b9a4/refined_g12.cif Rwp 0.1615604915277562
HBOND_PRIOR 2 donors 4 acceptors coefficient 20.0 directional False
/opt/conda/lib/python3.11/site-packages/gallop/zm_to_cart.py:210: UserWarning: Using torch.cross without specifying the dim arg is deprecated.
Please either pass the dim explicitly or simply use torch.linalg.cross.
The default value of dim will change to agree with that of linalg.cross in a future release. (Triggered internally at /home/conda/feedstock_root/build_artifacts/libtorch_1786372131199/work/aten/src/ATen/native/Cross.cpp:63.)
  cart_coords = zm_to_cart(internal[:,torsion[i]], initial_D2[i],
INITIAL X7e382cb 977.0011596679688
CONDITIONAL 0 [1, 2] best 136.1173095703125 q25 136.11751 sec 89.13435935974121
CONDITIONAL 1 [0] best 110.83951568603516 q25 353.93042 sec 177.59985637664795
{
 "Rw": 0.061633362156850086,
 "chi2": 2328.155727099981
}Please either pass the dim explicitly or simply use torch.linalg.cross.
The default value of dim will change to agree with that of linalg.cross in a future release. (Triggered internally at /home/conda/feedstock_root/build_artifacts/libtorch_1786372131199/work/aten/src/ATen/native/Cross.cpp:63.)
  cart_coords = zm_to_cart(internal[:,torsion[i]], initial_D2[i],
INITIAL X14a2b08 53.008026123046875
CONDITIONAL 0 [1] best 52.09033966064453 q25 98.582855 sec 173.164386510849
CONDITIONAL 1 [0] best 48.3889274597168 q25 353.02133 sec 365.28206157684326
/opt/conda/lib/python3.11/site-packages/gallop/zm_to_cart.py:210: UserWarning: Using torch.cross without specifying the dim arg is deprecated.
Please either pass the dim explicitly or simply use torch.linalg.cross.
The default value of dim will change to agree with that of linalg.cross in a future release. (Triggered internally at /home/conda/feedstock_root/build_artifacts/libtorch_1786372131199/work/aten/src/ATen/native/Cross.cpp:63.)
  cart_coords = zm_to_cart(internal[:,torsion[i]], initial_D2[i],
INITIAL X3f4781b 40.86460876464844
CONDITIONAL 0 [1, 3] best 38.17605209350586 q25 40.896584 sec 290.37329173088074
The default value of dim will change to agree with that of linalg.cross in a future release. (Triggered internally at /home/conda/feedstock_root/build_artifacts/libtorch_1786372131199/work/aten/src/ATen/native/Cross.cpp:63.)
  cart_coords = zm_to_cart(internal[:,torsion[i]], initial_D2[i],
INITIAL X4f6fe58 117.37014770507812
CONDITIONAL 0 [0] best 115.25947570800781 q25 473.91473 sec 250.45061016082764
CONDITIONAL 1 [1] best 114.69178009033203 q25 446.67358 sec 447.80043387413025
CONDITIONAL 2 [0] best 114.63372039794922 q25 385.61755 sec 662.3234534263611
Sun Sep  6 10:55:39 UTC 2026
