0 O [1]
1 C [0, 2, 3]
2 O [1]
3 C [1, 4, 17]
4 C [3, 5]
5 C [4, 6]
6 C [5, 7, 16]
7 C [6, 8, 15]
8 C [7, 9]
9 C [8, 10]
10 C [9, 11, 14]
11 C [10, 12, 13]
12 O [11]
13 O [11]
14 C [10, 15]
15 C [14, 7]
16 C [6, 17]
17 C [16, 3]
CYCLE 0 0 Rw 0.0739682608205302 chi2 3353.290064456084 geom 0.0 LSQ 3804.3522742187324
CYCLE 0 1 Rw 0.0711721327541568 chi2 3104.5615005162654 geom 0.0 LSQ 3207.3564955909683
CYCLE 0 2 Rw 0.07133317103727721 chi2 3118.6265241832043 geom 0.0 LSQ 3194.97367942061
PACKING_STAGE 0 73.47517344574496
CYCLE 1 0 Rw 0.07054872499968684 chi2 3050.4130193384535 geom 0.0 LSQ 3091.319515979195
CYCLE 1 1 Rw 0.0691824028935088 chi2 2933.4020527702073 geom 0.0 LSQ 2982.5388201400056
CYCLE 1 2 Rw 0.06829060338107865 chi2 2858.263129436268 geom 0.0 LSQ 2916.3944079429857
PACKING_STAGE 1 31.39860280125603
CYCLE 2 0 Rw 0.06831564042853445 chi2 2860.3593354841923 geom 0.0 LSQ 2911.4641876243313
CYCLE 2 1 Rw 0.06745846332242535 chi2 2789.0300596190973 geom 0.08928611481714734 LSQ 2844.036878995558
CYCLE 0 0 Rw 0.1374667021068206 chi2 3507.58357770351 geom 363.70374794189433 LSQ 4265.559957459374
CYCLE 0 1 Rw 0.13729628667253127 chi2 3498.8923694199093 geom 363.70374794189433 LSQ 4256.373950185991
CYCLE 0 2 Rw 0.1370980473639094 chi2 3488.795705182165 geom 363.70374794189433 LSQ 4246.781926709423
PACKING_STAGE 0 0.5463227297184026
CYCLE 1 0 Rw 0.1366894297242239 chi2 3468.0301431034673 geom 317.9857830608529 LSQ 4166.026166108837
CYCLE 1 1 Rw 0.13609133347674807 chi2 3437.7472183026784 geom 269.9096958473604 LSQ 4076.814638297338
CYCLE 1 2 Rw 0.1355933368245022 chi2 3412.6338735965373 geom 249.6252725342078 LSQ 4025.368881220586
PACKING_STAGE 1 0.05321410814991272
CYCLE 2 0 Rw 0.1346744075563272 chi2 3366.5351074355885 geom 227.00611889415143 LSQ 4013.7271551731646
CYCLE 2 1 Rw 0.1341800810868751 chi2 3341.8665270307692 geom 203.6182930157924 LSQ 3935.6406133455866
{
 "Rw": 0.1615604915277562,
 "chi2": 1127.2040586605103
}Please either pass the dim explicitly or simply use torch.linalg.cross.
The default value of dim will change to agree with that of linalg.cross in a future release. (Triggered internally at /home/conda/feedstock_root/build_artifacts/libtorch_1786372131199/work/aten/src/ATen/native/Cross.cpp:63.)
  cart_coords = zm_to_cart(internal[:,torsion[i]], initial_D2[i],
INITIAL X3f4781b 40.86460876464844
CONDITIONAL 0 [1, 3] best 38.17605209350586 q25 40.896584 sec 290.37329173088074
