SPECIAL=63926
{
 "Rw": 0.05449683761828774,
 "chi2": 2887.4821914175704
}PACKING_STAGE 1 151.30282997641413
CYCLE 2 0 Rw 0.0567753257749296 chi2 3133.9782723790736 geom 51.61499241980712 LSQ 3338.2236981321007
CYCLE 2 1 Rw 0.05577169933909636 chi2 3024.1579223043773 geom 50.23749132552289 LSQ 3227.773853858999
CYCLE 2 2 Rw 0.0555975766738363 chi2 3005.3041866288504 geom 50.03193167067423 LSQ 3204.625441690942
PACKING_STAGE 2 51.691224990827386
CYCLE 3 0 Rw 0.055260043880317675 chi2 2968.924559965305 geom 49.61158337576438 LSQ 3160.3778243758243
CYCLE 3 1 Rw 0.05480864580957814 chi2 2920.618656789877 geom 50.404530585826826 LSQ 3114.440484705314
CYCLE 3 2 Rw 0.05449683761828774 chi2 2887.4821914175704 geom 50.96827263947146 LSQ 3077.761651753149
PACKING_STAGE 3 39.408943700380696
FINISHED X7e382cb 0.05449683761828774
{
 "Rw": 0.08646378488878859,
 "chi2": 6658.914229023637
}CYCLE 3 0 Rw 0.08651069319419105 chi2 6666.14137303519 geom 210.14846013218488 LSQ 7430.320934554629
CYCLE 3 1 Rw 0.08648596681441283 chi2 6662.331300974289 geom 209.21254063962198 LSQ 7424.324537890218
CYCLE 3 2 Rw 0.08646378488878859 chi2 6658.914229023637 geom 208.34091160724589 LSQ 7420.228924759122
PACKING_STAGE 3 152.47704890250174
FINISHED X4f6fe58 0.08646378488878859
INITIAL X14a2b08 53.008026123046875
CONDITIONAL 0 [1] best 52.09033966064453 q25 98.582855 sec 173.164386510849
CONDITIONAL 1 [0] best 48.3889274597168 q25 353.02133 sec 365.28206157684326
CONDITIONAL 2 [1] best 47.9272346496582 q25 87.00293 sec 500.21912932395935
CONDITIONAL 3 [0] best 47.75973129272461 q25 370.3676 sec 562.7979612350464
FINISHED X14a2b08 47.75973129272461
  cart_coords = zm_to_cart(internal[:,torsion[i]], initial_D2[i],
INITIAL X3f4781b 40.86460876464844
CONDITIONAL 0 [1, 3] best 38.17605209350586 q25 40.896584 sec 290.37329173088074
CONDITIONAL 1 [0] best 37.35530090332031 q25 220.19748 sec 507.1182029247284
CONDITIONAL 2 [2] best 36.59720230102539 q25 204.50325 sec 606.2377254962921
CYCLE 2 2 Rw 0.16981467805400144 chi2 8757.748530580733 geom 712.9601701780349 LSQ 10195.927700966473
PACKING_STAGE 2 88.5042395578867
CYCLE 3 0 Rw 0.1697374495951655 chi2 8749.784629759972 geom 716.1630598051063 LSQ 10191.112863600363
CYCLE 3 1 Rw 0.16965810498309927 chi2 8741.606281329758 geom 718.9431741701248 LSQ 10184.651683571949
CYCLE 3 2 Rw 0.16959073761961727 chi2 8734.66547471574 geom 721.7092967535424 LSQ 10179.47741285705
PACKING_STAGE 3 84.96733748155833
FINISHED X35b7fbc 0.16959073761961727
Sun Sep  6 10:59:39 UTC 2026
