NIC=64039
BR=64040
CYCLE 0 1 Rw 0.06225798229300074 packing 13.916498149408445
CYCLE 0 2 Rw 0.062168044464934145 packing 12.651571564828764
CYCLE 0 3 Rw 0.06205164121214424 packing 13.616288199289096
CYCLE 1 0 Rw 0.06188548752219168 packing 13.324534729818827
CYCLE 1 1 Rw 0.06180856162284779 packing 13.126025637641712
CYCLE 1 2 Rw 0.061662192547703575 packing 12.683437133133555
CYCLE 1 3 Rw 0.06158422562727355 packing 12.534670445277118
CYCLE 2 0 Rw 0.061432069424288825 packing 11.606386065352165
CYCLE 2 1 Rw 0.061340766416016775 packing 11.124194506116938
CYCLE 2 2 Rw 0.06121994952141545 packing 10.532862402390798
CYCLE 2 3 Rw 0.061046416328678264 packing 8.719527073072772
FINISHED 0.061046416328678264
HBOND_PRIOR 4 donors 12 acceptors coefficient 20.0 directional False
/opt/conda/lib/python3.11/site-packages/gallop/zm_to_cart.py:210: UserWarning: Using torch.cross without specifying the dim arg is deprecated.
Please either pass the dim explicitly or simply use torch.linalg.cross.
The default value of dim will change to agree with that of linalg.cross in a future release. (Triggered internally at /home/conda/feedstock_root/build_artifacts/libtorch_1786372131199/work/aten/src/ATen/native/Cross.cpp:63.)
  cart_coords = zm_to_cart(internal[:,torsion[i]], initial_D2[i],
INITIAL X3f4781b 40.86460876464844
CONDITIONAL 0 [1, 3] best 38.17605209350586 q25 40.896584 sec 290.37329173088074
CONDITIONAL 1 [0] best 37.35530090332031 q25 220.19748 sec 507.1182029247284
CONDITIONAL 2 [2] best 36.59720230102539 q25 204.50325 sec 606.2377254962921
CONDITIONAL 3 [1, 3] best 36.28054428100586 q25 38.54685 sec 702.9978597164154
/app/work/submit.py:5: UserWarning: Issues encountered while parsing CIF: Skipping relative stoichiometry check because CIF does not contain formula keys.
  s=CifParser(f).parse_structures(primitive=False)[0];s.remove_species(['H']);r=np.array([Chem.GetPeriodicTable().GetRcovalent(x.specie.symbol) for x in s]);D=s.distance_matrix;A=(D>.3)&(D<(r[:,None]+r[None,:])*1.2);g=nx.from_numpy_array(A);cs=list(nx.connected_components(g));print(sid,'Nat',len(s),'molecule sizes',[len(c) for c in cs])
X14a2b08 Nat 74 molecule sizes [29, 29, 8, 8]
  component COc1ccc2c(c1)c(CC(=O)OCC(=O)O)c(C)n2C(=O)c1ccc(Cl)cc1 matches 2
  component O=C1CCCCCN1 matches 2
  bond range 1.2121673102389159 1.6901104088872503
  min intermolecular distance 2.4604500624291212
SUBMITTED X14a2b08
HYPOTHESIS_ADDED X14a2b08 /app/work/X14a2b08/refined_g95.cif Rwp 0.10353777498790344
/app/work/submit.py:5: UserWarning: Issues encountered while parsing CIF: Skipping relative stoichiometry check because CIF does not contain formula keys.
  s=CifParser(f).parse_structures(primitive=False)[0];s.remove_species(['H']);r=np.array([Chem.GetPeriodicTable().GetRcovalent(x.specie.symbol) for x in s]);D=s.distance_matrix;A=(D>.3)&(D<(r[:,None]+r[None,:])*1.2);g=nx.from_numpy_array(A);cs=list(nx.connected_components(g));print(sid,'Nat',len(s),'molecule sizes',[len(c) for c in cs])
X1db5091 Nat 152 molecule sizes [29, 29, 29, 29, 9, 9, 9, 9]
  component COc1ccc2c(c1)c(CC(=O)OCC(=O)O)c(C)n2C(=O)c1ccc(Cl)cc1 matches 4
  component NC(=O)c1cccnc1 matches 4
  bond range 1.2163254912835264 1.7133940216255186
  min intermolecular distance 2.676433820647568
SUBMITTED X1db5091
HYPOTHESIS_ADDED X1db5091 /app/work/X1db5091/refined_g50.cif Rwp 0.10444213974630473
/app/work/submit.py:5: UserWarning: Issues encountered while parsing CIF: Skipping relative stoichiometry check because CIF does not contain formula keys.
  s=CifParser(f).parse_structures(primitive=False)[0];s.remove_species(['H']);r=np.array([Chem.GetPeriodicTable().GetRcovalent(x.specie.symbol) for x in s]);D=s.distance_matrix;A=(D>.3)&(D<(r[:,None]+r[None,:])*1.2);g=nx.from_numpy_array(A);cs=list(nx.connected_components(g));print(sid,'Nat',len(s),'molecule sizes',[len(c) for c in cs])
X35b7fbc Nat 132 molecule sizes [25, 25, 25, 25, 8, 8, 8, 8]
  component CC[C@@H](CO)NC(=O)[C@@H]1C=C2c3cccc4[nH]cc(c34)C[C@H]2[NH+](C)C1 matches 4
  component O=C([O-])C=CC(=O)O matches 4
  bond range 1.211459734500642 1.57974679422934
  min intermolecular distance 2.447838064885243
SUBMITTED X35b7fbc
HYPOTHESIS_ADDED X35b7fbc /app/work/X35b7fbc/refined_g87.cif Rwp 0.16959073761961727
/app/work/submit.py:5: UserWarning: Issues encountered while parsing CIF: Skipping relative stoichiometry check because CIF does not contain formula keys.
  s=CifParser(f).parse_structures(primitive=False)[0];s.remove_species(['H']);r=np.array([Chem.GetPeriodicTable().GetRcovalent(x.specie.symbol) for x in s]);D=s.distance_matrix;A=(D>.3)&(D<(r[:,None]+r[None,:])*1.2);g=nx.from_numpy_array(A);cs=list(nx.connected_components(g));print(sid,'Nat',len(s),'molecule sizes',[len(c) for c in cs])
X4f6fe58 Nat 80 molecule sizes [20, 20, 20, 20]
  component O=C1CN=C(c2ccccc2Cl)c2cc(Br)ccc2N1 matches 4
  bond range 1.2152270113204522 1.8995486073821566
  min intermolecular distance 2.49144087548908
SUBMITTED X4f6fe58
HYPOTHESIS_ADDED X4f6fe58 /app/work/X4f6fe58/refined_g101.cif Rwp 0.08646378488878859
Cell (6.961359989999999, 7.02818293, 15.76359893, 65.81926963, 83.08225577, 67.33707975000002) n 40 components [18, 18, 1, 1, 1, 1]
2.6400 30 N32 N 4 34 O3 O 0
2.6519 28 N27 N 2 36 O13 O 0
2.7105 30 N32 N 4 33 O1 O 1
2.8204 18 C12 C 0 28 N27 N 2
2.8213 25 C17 C 1 30 N32 N 4
2.8243 25 C17 C 1 31 N32 N 5
2.8623 12 C9 C 0 29 N27 N 3
2.8730 36 O13 O 0 37 O13 O 1
2.9861 28 N27 N 2 38 O14 O 0
2.9930 14 C10 C 0 29 N27 N 3
2.9941 26 C18 C 0 31 N32 N 5
3.0457 36 O13 O 0 39 O14 O 1
3.0793 27 C18 C 1 31 N32 N 5
3.1254 28 N27 N 2 29 N27 N 3
3.1842 16 C11 C 0 28 N27 N 2
3.1954 28 N27 N 2 37 O13 O 1
3.1997 34 O3 O 0 35 O3 O 1
3.2148 0 C2 C 0 31 N32 N 5
3.2343 11 C8 C 1 28 N27 N 2
3.2471 31 N32 N 5 34 O3 O 0
3.2869 15 C10 C 1 36 O13 O 0
3.3023 27 C18 C 1 34 O3 O 0
3.3605 18 C12 C 0 37 O13 O 1
3.3883 30 N32 N 4 31 N32 N 5
3.4007 15 C10 C 1 29 N27 N 3
Sun Sep  6 11:01:38 UTC 2026
