BOUND=64359
{
 "Rw": 0.10288572009455903,
 "chi2": 4705.07064734038
}CYCLE 2 1 Rw 0.10303767180787377 chi2 4718.978728944221 geom 35.66089664419539 LSQ 4973.002598116797
CYCLE 2 2 Rw 0.10304162306527405 chi2 4719.340659814977 geom 34.94379000060454 LSQ 4970.940154476515
PACKING_STAGE 2 41.3871761253307
CYCLE 3 0 Rw 0.10300185401760699 chi2 4715.69849153978 geom 34.24092934928525 LSQ 4966.588611526186
CYCLE 3 1 Rw 0.10291877118467026 chi2 4708.094054116588 geom 33.836843385373186 LSQ 4958.179861963959
CYCLE 3 2 Rw 0.10288572009455903 chi2 4705.07064734038 geom 33.22990907892872 LSQ 4956.029213283566
PACKING_STAGE 3 45.0277264632926
FINISHED X1db5091 0.10288572009455903
CYCLE 2 1 Rw 0.11047169857565053 chi2 4142.685378627994 geom 41.96912219832323 LSQ 4428.010698809696
CYCLE 2 2 Rw 0.10799757885626454 chi2 3959.204432343364 geom 47.651711755030604 LSQ 4232.132997408617
PACKING_STAGE 2 47.94583680159427
CYCLE 3 0 Rw 0.10580134189601509 chi2 3799.8131396646922 geom 48.038490419074044 LSQ 4064.491478174607
CYCLE 3 1 Rw 0.10508167561492429 chi2 3748.2958922512516 geom 50.03272974433338 LSQ 4016.3054886813975
{
 "Rw": 0.11221570330948634,
 "chi2": 4494.334671842062
}Sun Sep  6 11:07:41 UTC 2026
