AUDIT=64154
RESET_CELL fixed105 0.0647916748018914
PACKING_STAGE 1 77.35130170376694
CYCLE 2 0 Rw 0.060812469387237895 chi2 3263.9507794185356 geom 44.10346548345727 LSQ 3483.367811316549
CYCLE 2 1 Rw 0.0605092633828546 chi2 3231.4843353302786 geom 40.896327506749124 LSQ 3433.5815339663404
CYCLE 2 2 Rw 0.06052908533104566 chi2 3233.60185595838 geom 37.989528744427254 LSQ 3430.780853872887
PACKING_STAGE 2 62.86915585932474
CYCLE 3 0 Rw 0.06065485374561346 chi2 3247.053487853926 geom 28.03175954820198 LSQ 3404.902011064354
CYCLE 3 1 Rw 0.05953309600963836 chi2 3128.0613347438803 geom 26.62815775562677 LSQ 3290.444577159362
CYCLE 3 2 Rw 0.05909047495109074 chi2 3081.7207628639267 geom 24.746152711963827 LSQ 3227.923837762981
PACKING_STAGE 3 41.573289379961004
FINISHED X7e382cb 0.05909047495109074
The default value of dim will change to agree with that of linalg.cross in a future release. (Triggered internally at /home/conda/feedstock_root/build_artifacts/libtorch_1786372131199/work/aten/src/ATen/native/Cross.cpp:63.)
  cart_coords = zm_to_cart(internal[:,torsion[i]], initial_D2[i],
INITIAL X3f4781b 40.86460876464844
CONDITIONAL 0 [1, 3] best 38.17605209350586 q25 40.896584 sec 290.37329173088074
CONDITIONAL 1 [0] best 37.35530090332031 q25 220.19748 sec 507.1182029247284
CONDITIONAL 2 [2] best 36.59720230102539 q25 204.50325 sec 606.2377254962921
CONDITIONAL 3 [1, 3] best 36.28054428100586 q25 38.54685 sec 702.9978597164154
CONDITIONAL 4 [0] best 36.022090911865234 q25 238.6036 sec 800.8238391876221
PACKING_ENABLED 38 atoms 4884 pair terms coefficient 80.0 active_only True
HBOND_PRIOR 2 donors 8 acceptors coefficient 30.0 directional True
/opt/conda/lib/python3.11/site-packages/gallop/zm_to_cart.py:210: UserWarning: Using torch.cross without specifying the dim arg is deprecated.
Please either pass the dim explicitly or simply use torch.linalg.cross.
The default value of dim will change to agree with that of linalg.cross in a future release. (Triggered internally at /home/conda/feedstock_root/build_artifacts/libtorch_1786372131199/work/aten/src/ATen/native/Cross.cpp:63.)
  cart_coords = zm_to_cart(internal[:,torsion[i]], initial_D2[i],
INITIAL X1db5091 105.29139709472656
CONDITIONAL 0 [1] best 102.45206451416016 q25 108.15955 sec 90.65020060539246
CYCLE 0 1 Rw 0.16734757281436902 chi2 5441.144662755435 geom 311.2264878039989 LSQ 33911.88418620685
CYCLE 0 2 Rw 0.16270403816485046 chi2 5143.373947297546 geom 311.2264878039989 LSQ 28555.653948572646
PACKING_STAGE 0 22792.925364916977
CYCLE 1 0 Rw 0.16028364717817706 chi2 4991.486134545108 geom 1331.6541264861987 LSQ 14118.956293117266
{
 "Rw": 0.11572692378546078,
 "chi2": 3481.1412745316898
}{
 "Rw": 0.10869475589166756,
 "chi2": 3258.193151175201
}Sun Sep  6 11:03:22 UTC 2026
