{
 "Rw": 0.05914277320061181,
 "chi2": 3617.6756799576183
}PACKING_STAGE 0 15.230726411533128
CYCLE 1 0 Rw 0.05942988566030648 chi2 3652.8854232928284 geom 5.048994756511361 LSQ 3723.063749087609
CYCLE 1 1 Rw 0.05940919379303691 chi2 3650.3421957174396 geom 5.229182073866531 LSQ 3722.372351752978
CYCLE 1 2 Rw 0.05937274639741319 chi2 3645.8646175466874 geom 5.274665274827826 LSQ 3718.1677556996597
PACKING_STAGE 1 16.575214481024375
CYCLE 2 0 Rw 0.05935501559291057 chi2 3643.687374141644 geom 5.320562723009752 LSQ 3716.439148162651
CYCLE 2 1 Rw 0.059335206269206145 chi2 3641.255669345203 geom 5.536720036823343 LSQ 3715.368254651742
CYCLE 2 2 Rw 0.059310205646333616 chi2 3638.1878623151993 geom 5.573333252191881 LSQ 3712.34400447808
PACKING_STAGE 2 17.144710471481595
CYCLE 3 0 Rw 0.05921782383006518 chi2 3626.8629767662237 geom 5.875934241222522 LSQ 3697.1540575026806
CYCLE 3 1 Rw 0.059169392160864705 chi2 3620.9328973986962 geom 5.6317130089728895 LSQ 3689.1169791407597
CYCLE 3 2 Rw 0.05914277320061181 chi2 3617.6756799576183 geom 6.101216455122223 LSQ 3684.977036465229
PACKING_STAGE 3 10.244147730985295
FINISHED X7e382cb 0.05914277320061181
/app/work/submit.py:5: UserWarning: Issues encountered while parsing CIF: Skipping relative stoichiometry check because CIF does not contain formula keys.
  s=CifParser(f).parse_structures(primitive=False)[0];s.remove_species(['H']);r=np.array([Chem.GetPeriodicTable().GetRcovalent(x.specie.symbol) for x in s]);D=s.distance_matrix;A=(D>.3)&(D<(r[:,None]+r[None,:])*1.2);g=nx.from_numpy_array(A);cs=list(nx.connected_components(g));print(sid,'Nat',len(s),'molecule sizes',[len(c) for c in cs])
X1db5091 Nat 152 molecule sizes [29, 29, 29, 29, 9, 9, 9, 9]
  component COc1ccc2c(c1)c(CC(=O)OCC(=O)O)c(C)n2C(=O)c1ccc(Cl)cc1 matches 4
  component NC(=O)c1cccnc1 matches 4
  bond range 1.2174203585043297 1.7123287826402995
  min intermolecular distance 2.6995625149563542
{
 "Rw": 0.11221570330948634,
 "chi2": 4494.334671842062
}{
 "Rw": 0.15460620625818264,
 "chi2": 4140.723714508491
}{
 "Rw": 0.10466179138908169,
 "chi2": 3718.4009382035256
}CYCLE 3 0 Rw 0.15663331271493186 chi2 4250.017054698508 geom 67.26720644459127 LSQ 4474.967489423763
CYCLE 3 1 Rw 0.1555490998472403 chi2 4191.383611787869 geom 58.90662467494831 LSQ 4404.524782565619
CYCLE 3 2 Rw 0.15460620625818264 chi2 4140.723714508491 geom 51.923861477406426 LSQ 4333.46111820447
PACKING_STAGE 3 4.764343887889055
FINISHED X4f6fe58 0.15460620625818264
ionH88 biph dihedral 31.36370448080071
fixed105 biph dihedral 20.95875982297224
ionHcross107 biph dihedral 23.37664953051389
bound108 biph dihedral 23.387830384496116
Sun Sep  6 11:08:48 UTC 2026
