{
 "Rw": 0.07489822857498799,
 "chi2": 6502.004383336487
}/app/work/X3f4781b/check_ninv110m00.log
/app/work/X3f4781b/check_ninv110m01.log
/app/work/X3f4781b/check_ninv110m10.log
/app/work/X3f4781b/check_ninv110m11.log
/app/work/X3f4781b/extended_ninv110m00.xye
/app/work/X3f4781b/extended_ninv110m01.xye
/app/work/X3f4781b/extended_ninv110m10.xye
/app/work/X3f4781b/extended_ninv110m11.xye
/app/work/X3f4781b/ninv110.log
/app/work/X3f4781b/ninv110_choices.json
/app/work/X3f4781b/refine_ninv110m00.log
/app/work/X3f4781b/refine_ninv110m00_stage0.cif
/app/work/X3f4781b/refine_ninv110m00_stage0.xml
/app/work/X3f4781b/refine_ninv110m00_stage1.cif
/app/work/X3f4781b/refine_ninv110m00_stage1.xml
/app/work/X3f4781b/refine_ninv110m00_stage2.cif
/app/work/X3f4781b/refine_ninv110m00_stage2.xml
/app/work/X3f4781b/refine_ninv110m00_stage3.cif
/app/work/X3f4781b/refine_ninv110m00_stage3.xml
/app/work/X3f4781b/refine_ninv110m01.log
/app/work/X3f4781b/refine_ninv110m01_stage0.cif
/app/work/X3f4781b/refine_ninv110m01_stage0.xml
/app/work/X3f4781b/refine_ninv110m01_stage1.cif
/app/work/X3f4781b/refine_ninv110m01_stage1.xml
/app/work/X3f4781b/refine_ninv110m01_stage2.cif
/app/work/X3f4781b/refine_ninv110m01_stage2.xml
/app/work/X3f4781b/refine_ninv110m01_stage3.cif
/app/work/X3f4781b/refine_ninv110m01_stage3.xml
/app/work/X3f4781b/refine_ninv110m10.log
/app/work/X3f4781b/refine_ninv110m10_stage0.cif
/app/work/X3f4781b/refine_ninv110m10_stage0.xml
/app/work/X3f4781b/refine_ninv110m10_stage1.cif
/app/work/X3f4781b/refine_ninv110m10_stage1.xml
/app/work/X3f4781b/refine_ninv110m10_stage2.cif
/app/work/X3f4781b/refine_ninv110m10_stage2.xml
/app/work/X3f4781b/refine_ninv110m10_stage3.cif
/app/work/X3f4781b/refine_ninv110m10_stage3.xml
/app/work/X3f4781b/refine_ninv110m11.log
/app/work/X3f4781b/refine_ninv110m11_stage0.cif
/app/work/X3f4781b/refine_ninv110m11_stage0.xml
/app/work/X3f4781b/refine_ninv110m11_stage1.cif
/app/work/X3f4781b/refine_ninv110m11_stage1.xml
/app/work/X3f4781b/refine_ninv110m11_stage2.cif
/app/work/X3f4781b/refine_ninv110m11_stage2.xml
/app/work/X3f4781b/refine_ninv110m11_stage3.cif
/app/work/X3f4781b/refine_ninv110m11_stage3.xml
/app/work/X3f4781b/refined_ninv110m00.cif
/app/work/X3f4781b/refined_ninv110m00.json
/app/work/X3f4781b/refined_ninv110m00.png
/app/work/X3f4781b/refined_ninv110m00.xml
/app/work/X3f4781b/refined_ninv110m01.cif
/app/work/X3f4781b/refined_ninv110m01.json
/app/work/X3f4781b/refined_ninv110m01.png
/app/work/X3f4781b/refined_ninv110m01.xml
/app/work/X3f4781b/refined_ninv110m10.cif
/app/work/X3f4781b/refined_ninv110m10.json
/app/work/X3f4781b/refined_ninv110m10.png
/app/work/X3f4781b/refined_ninv110m10.xml
/app/work/X3f4781b/refined_ninv110m11.cif
/app/work/X3f4781b/refined_ninv110m11.json
/app/work/X3f4781b/refined_ninv110m11.png
/app/work/X3f4781b/refined_ninv110m11.xml
/app/work/X3f4781b/scaled_refine_ninv110m00.xye
/app/work/X3f4781b/scaled_refine_ninv110m01.xye
/app/work/X3f4781b/scaled_refine_ninv110m10.xye
/app/work/X3f4781b/scaled_refine_ninv110m11.xye
/app/work/X3f4781b/submission_before_n110.cif
/app/work/X3f4781b/submission_before_n110.json

/app/work/X3f4781b/search_ninv110m00:
best.cif
best.xml
model.json

/app/work/X3f4781b/search_ninv110m01:
best.cif
best.xml
model.json

/app/work/X3f4781b/search_ninv110m10:
best.cif
best.xml
model.json

/app/work/X3f4781b/search_ninv110m11:
best.cif
best.xml
model.json
import sys,numpy as np
from pyobjcryst.io import xml_cryst_file_load_all_object
objs=xml_cryst_file_load_all_object(sys.argv[1]);c=next(o for o in objs if o.GetClassName()=='Crystal');rows=[]
for i in range(c.GetNbScatterer()):
 m=c.GetScatterer(i)
 if m.GetClassName()!='Molecule':continue
 for tag,meth,n in [('bond',m.GetBondList,2),('angle',m.GetBondAngleList,3),('dihedral',m.GetDihedralAngleList,4)]:
  for b in meth():
   try:ll=b.GetLogLikelihood()
   except:continue
   ats=[getattr(b,'GetAtom'+str(k+1))() for k in range(n)];names=[a.GetName() for a in ats];rows.append((ll,tag,names,str(b)))
print('All geom',sum(r[0] for r in rows))
for row in sorted(rows,reverse=True,key=lambda r:r[0])[:30]:print(row[:3])
{
 "radiation": {
  "type": "CuK1",
  "wavelength_A": 1.54059,
  "wavelengths_A": [
   1.54059
  ],
  "wavelength_weights": null,
  "monochromator": null,
  "source": null
 },
 "geometry": "transmission (capillary / Debye-Scherrer)",
 "geometry_source_text": null,
 "temperature_K": 295.0,
 "two_theta_range_deg": [
  4.0,
  90.0
 ],
 "n_points": 8601,
 "intensity_column": "observed net intensity (instrument background subtracted by the depositors)",
 "sigma_column": "1/sqrt(_pd_proc_ls_weight)",
 "pattern_units": "two_theta_deg intensity sigma",
 "notes": []
}START 0.07886520228778271 5596.790624600347
Imported powder pattern: 7209 points, 2theta=  4.000 ->  76.080, step= 0.010
EXTENDED 0.4 7209 Rw 0.07886520382404152
WITH_H 0.07886520382404144 22788895.735611923
Imported powder pattern: 7209 points, 2theta=  4.000 ->  76.080, step= 0.010
SCALED_SIGMA 56.22430916913915 7208.999999999958
TIGHT_RESTRAINTS
FLEXIBLE_RINGS
AROMATIC_PLANARITY 0
LSQ_PACKING 52 atoms 3834 terms sigma 0.01 cost 72.36039834564838
EXTENDED_BACKGROUND 0.07837997189443227
CYCLE 0 0 Rw 0.07809760593425917 chi2 7069.352005916813 geom 574.1535493897014 LSQ 8351.104241901376
CYCLE 0 1 Rw 0.07807834122764055 chi2 7065.864774943306 geom 574.1535493897014 LSQ 8348.973446539101
CYCLE 0 2 Rw 0.07806875505900189 chi2 7064.129840206088 geom 574.1535493897014 LSQ 8348.242924881928
PACKING_STAGE 0 94.73695091410784
CYCLE 1 0 Rw 0.07577323726036599 chi2 6654.8128939044855 geom 724.0510565858469 LSQ 8226.971587653363
CYCLE 1 1 Rw 0.07537463338816779 chi2 6584.9819822371555 geom 744.5033918582457 LSQ 8195.034300347308
CYCLE 1 2 Rw 0.07515182430715174 chi2 6546.108817897924 geom 754.5363819690785 LSQ 8179.881355053951
PACKING_STAGE 1 131.03856532129453
CYCLE 2 0 Rw 0.07514917925806218 chi2 6545.648031360257 geom 751.6967515579423 LSQ 8172.596397559583
CYCLE 2 1 Rw 0.07514521718269873 chi2 6544.9578397335445 geom 750.5044962993105 LSQ 8168.290689683319
CYCLE 2 2 Rw 0.07513470742991885 chi2 6543.127222130525 geom 750.0700551398198 LSQ 8164.7689818884155
PACKING_STAGE 2 129.45910750117847
CYCLE 3 0 Rw 0.07503787170005718 chi2 6526.272156993724 geom 749.3487509088412 LSQ 8146.990666109381
CYCLE 3 1 Rw 0.07494267874160118 chi2 6509.724217174653 geom 748.8103715750209 LSQ 8129.887305955965
CYCLE 3 2 Rw 0.07489822857498799 chi2 6502.004383336487 geom 748.3319775707712 LSQ 8121.3817711135425
PACKING_STAGE 3 129.53578436550143
FINISHED X3f4781b 0.07489822857498799
