Sun Sep  6 11:20:22 UTC 2026
PACKING_STAGE 2 193.6526216010942
CYCLE 3 0 Rw 0.07805457392516654 chi2 7829.710738396505 geom 1140.5599785239701 LSQ 10089.369215668714
CYCLE 3 1 Rw 0.07797829165075648 chi2 7814.414356397047 geom 1139.3517489926924 LSQ 10072.181708048043
CYCLE 3 2 Rw 0.07789737280990552 chi2 7798.204581881697 geom 1138.089366576345 LSQ 10054.193924947323
PACKING_STAGE 3 192.262845691408
FINISHED X3f4781b 0.07789737280990552
==== 111
GALLOP 7 Nref 305 seconds 59.430073261260986 best 158.17433 q25 158.17473 median 222.40494 total 336.93124079704285
FINISHED X1a56c78 158.17433166503906
CYCLE 3 2 Rw 0.18692558986030142 chi2 2137.996656237285 geom 25.304456222127737 LSQ 2262.494954178911
PACKING_STAGE 3 1.7562238866471696
FINISHED X1a56c78 0.18692558986030142
==== 112
GALLOP 7 Nref 305 seconds 50.60450577735901 best 150.23256 q25 150.23311 median 247.69702 total 322.0575029850006
FINISHED X1a56c78 150.23255920410156
CYCLE 3 2 Rw 0.18497000493369165 chi2 2176.93534309856 geom 31.843368007474773 LSQ 2332.953347292471
PACKING_STAGE 3 11.513696269194645
FINISHED X1a56c78 0.18497000493369165
==== 113
GALLOP 7 Nref 305 seconds 75.13436818122864 best 158.09653 q25 158.09679 median 158.09702 total 391.3482573032379
FINISHED X1a56c78 158.0964813232422
PACKING_STAGE 1 0.24913786750950737
CYCLE 2 0 Rw 0.19492870357272982 chi2 2492.823670505954 geom 23.02366221291567 LSQ 2654.0221047959294
CYCLE 2 1 Rw 0.1912660644585181 chi2 2400.0252710133113 geom 110.81413654878176 LSQ 2617.128690792389
==== 114
GALLOP 7 Nref 305 seconds 61.503021240234375 best 164.88206 q25 164.8826 median 231.40976 total 343.8541326522827
FINISHED X1a56c78 164.88206481933594
CYCLE 3 2 Rw 0.19616949922239255 chi2 2202.568767801683 geom 17.052157004359415 LSQ 2312.442862593135
PACKING_STAGE 3 1.1832772437952377
FINISHED X1a56c78 0.19616949922239255
